Time, RPM, Air Flow, Water Temp C, O2 Sensor, Speed kph, Battery, Throttle, Injector, Timing, AAC, A/F Base, Duty Cycle, Air Con sw, Power Steering, Neutral sw, Start sign, Closed TPS, Air Con rly, Fuel Pump, VTC sol, Thermo Fan, Wastegate sol, EGR sol, A/F ratio
000.031, 688, 1,06, 78, 51, 0, 14, 0,34, 2,49, 12, 28, 107, 1,43, Off, Off, On, Off, On, Off, On, Off, Off, Off, Off, Rich
000.078, 712, 1,06, 78, 52, 0, 13,9, 0,34, 2,46, 12, 28, 107, 1,46, Off, Off, On, Off, On, Off, On, Off, Off, Off, Off, Rich
000.125, 688, 1,06, 78, 52, 0, 13,9, 0,34, 2,4, 10, 28, 107, 1,38, Off, Off, On, Off, On, Off, On, Off, Off, Off, Off, Rich
000.187, 688, 1,07, 78, 54, 0, 14, 0,34, 2,45, 9, 28, 107, 1,4, Off, Off, On, Off, On, Off, On, Off, Off, Off, Off, Rich
000.234, 688, 1,08, 78, 54, 0, 14, 0,34, 2,44, 11, 28, 107, 1,4, Off, Off, On, Off, On, Off, On, Off, Off, Off, Off, Rich
000.296, 712, 1,06, 78, 54, 0, 14, 0,34, 2,44, 10, 28, 107, 1,45, Off, Off, On, Off, On, Off, On, Off, Off, Off, Off, Rich
000.359, 688, 1,06, 78, 54, 0, 13,9, 0,34, 2,45, 8, 28, 107, 1,4, Off, Off, On, Off, On, Off, On, Off, Off, Off, Off, Rich
000.406, 688, 1,07, 78, 54, 0, 14, 0,34, 2,37, 7, 28, 107, 1,36, Off, Off, On, Off, On, Off, On, Off, Off, Off, Off, Rich
000.453, 688, 1,06, 78, 52, 0, 14, 0,34, 2,46, 12, 28, 107, 1,41, Off, Off, On, Off, On, Off, On, Off, Off, Off, Off, Rich
000.515, 688, 1,07, 78, 49, 0, 14, 0,34, 2,48, 12, 28, 107, 1,42, Off, Off, On, Off, On, Off, On, Off, Off, Off, Off, Rich
000.578, 712, 1,06, 78, 49, 0, 14, 0,34, 2,43, 12, 28, 107, 1,44, Off, Off, On, Off, On, Off, On, Off, Off, Off, Off, Rich
000.625, 688, 1,06, 78, 46, 0, 14, 0,34, 2,47, 11, 28, 107, 1,42, Off, Off, On, Off, On, Off, On, Off, Off, Off, Off, Rich
000.671, 712, 1,08, 78, 46, 0, 13,9, 0,34, 2,4, 10, 28, 107, 1,42, Off, Off, On, Off, On, Off, On, Off, Off, Off, Off, Rich
000.734, 688, 1,07, 78, 42, 0, 14, 0,34, 2,44, 11, 28, 107, 1,4, Off, Off, On, Off, On, Off, On, Off, Off, Off, Off, Lean
000.781, 712, 1,06, 78, 39, 0, 14, 0,34, 2,49, 10, 28, 107, 1,48, Off, Off, On, Off, On, Off, On, Off, Off, Off, Off, Lean
000.828, 712, 1,08, 78, 36, 0, 13,9, 0,34, 2,5, 12, 28, 107, 1,48, Off, Off, On, Off, On, Off, On, Off, Off, Off, Off, Lean
000.890, 712, 1,06, 78, 36, 0, 13,9, 0,34, 2,51, 11, 28, 107, 1,49, Off, Off, On, Off, On, Off, On, Off, Off, Off, Off, Lean
000.937, 688, 1,06, 78, 34, 0, 14, 0,34, 2,52, 11, 28, 107, 1,44, Off, Off, On, Off, On, Off, On, Off, Off, Off, Off, Lean
001.000, 688, 1,06, 78, 34, 0, 14, 0,34, 2,5, 12, 28, 107, 1,43, Off, Off, On, Off, On, Off, On, Off, Off, Off, Off, Lean
001.062, 712, 1,06, 78, 32, 0, 14, 0,34, 2,44, 9, 28, 107, 1,45, Off, Off, On, Off, On, Off, On, Off, Off, Off, Off, Lean
001.109, 688, 1,07, 78, 30, 0, 14, 0,34, 2,51, 8, 28, 107, 1,44, Off, Off, On, Off, On, Off, On, Off, Off, Off, Off, Lean
001.171, 712, 1,06, 78, 30, 0, 13,9, 0,34, 2,54, 12, 28, 107, 1,51, Off, Off, On, Off, On, Off, On, Off, Off, Off, Off, Lean
001.218, 675, 1,06, 78, 28, 0, 14, 0,34, 2,48, 11, 28, 107, 1,39, Off, Off, On, Off, On, Off, On, Off, Off, Off, Off, Lean
001.265, 725, 1,08, 78, 28, 0, 13,9, 0,34, 2,44, 10, 28, 107, 1,47, Off, Off, On, Off, On, Off, On, Off, Off, Off, Off, Lean
001.328, 712, 1,06, 78, 27, 0, 13,9, 0,34, 2,47, 12, 28, 107, 1,47, Off, Off, On, Off, On, Off, On, Off, Off, Off, Off, Lean
001.375, 712, 1,06, 78, 27, 0, 14, 0,34, 2,46, 10, 28, 107, 1,46, Off, Off, On, Off, On, Off, On, Off, Off, Off, Off, Lean
001.437, 712, 1,08, 78, 27, 0, 14, 0,34, 2,48, 8, 28, 107, 1,47, Off, Off, On, Off, On, Off, On, Off, Off, Off, Off, Lean
001.484, 725, 1,06, 78, 27, 0, 14, 0,34, 2,5, 8, 28, 107, 1,51, Off, Off, On, Off, On, Off, On, Off, Off, Off, Off, Lean
001.546, 675, 1,08, 78, 28, 0, 14, 0,34, 2,5, 8, 28, 107, 1,41, Off, Off, On, Off, On, Off, On, Off, Off, Off, Off, Lean
001.593, 712, 1,08, 78, 28, 0, 13,9, 0,34, 2,48, 8, 28, 107, 1,47, Off, Off, On, Off, On, Off, On, Off, Off, Off, Off, Lean
001.656, 688, 1,06, 78, 29, 0, 14, 0,34, 2,5, 8, 28, 107, 1,43, Off, Off, On, Off, On, Off, On, Off, Off, Off, Off, Lean
001.703, 712, 1,07, 78, 31, 0, 13,8, 0,34, 2,54, 11, 28, 107, 1,51, Off, Off, On, Off, On, Off, On, Off, Off, Off, Off, Lean
001.765, 712, 1,08, 78, 31, 0, 14, 0,34, 2,47, 9, 28, 107, 1,47, Off, Off, On, Off, On, Off, On, Off, Off, Off, Off, Lean
001.812, 712, 1,06, 78, 33, 0, 13,8, 0,34, 2,52, 8, 28, 107, 1,5, Off, Off, On, Off, On, Off, On, Off, Off, Off, Off, Lean
001.859, 688, 1,08, 78, 36, 0, 14, 0,34, 2,51, 8, 28, 107, 1,44, Off, Off, On, Off, On, Off, On, Off, Off, Off, Off, Lean
001.906, 688, 1,06, 78, 36, 0, 14, 0,34, 2,51, 11, 28, 107, 1,44, Off, Off, On, Off, On, Off, On, Off, Off, Off, Off, Lean
001.953, 688, 1,06, 78, 42, 0, 14, 0,34, 2,53, 12, 28, 107, 1,45, Off, Off, On, Off, On, Off, On, Off, Off, Off, Off, Lean
002.015, 712, 1,07, 78, 42, 0, 14, 0,34, 2,46, 11, 28, 107, 1,46, Off, Off, On, Off, On, Off, On, Off, Off, Off, Off, Lean
002.062, 688, 1,06, 78, 48, 0, 14, 0,34, 2,5, 9, 28, 106, 1,43, Off, Off, On, Off, On, Off, On, Off, Off, Off, Off, Rich
002.125, 712, 1,06, 78, 52, 0, 14, 0,34, 2,46, 7, 28, 106, 1,46, Off, Off, On, Off, On, Off, On, Off, Off, Off, Off, Rich
002.171, 675, 1,06, 78, 52, 0, 14, 0,34, 2,43, 12, 28, 106, 1,37, Off, Off, On, Off, On, Off, On, Off, Off, Off, Off, Rich
002.234, 688, 1,06, 78, 54, 0, 14, 0,34, 2,49, 10, 28, 106, 1,43, Off, Off, On, Off, On, Off, On, Off, Off, Off, Off, Rich
002.281, 675, 1,08, 78, 56, 0, 14, 0,34, 2,48, 8, 28, 106, 1,39, Off, Off, On, Off, On, Off, On, Off, Off, Off, Off, Rich
002.359, 688, 1,07, 78, 56, 0, 14, 0,34, 2,42, 8, 28, 106, 1,39, Off, Off, On, Off, On, Off, On, Off, Off, Off, Off, Rich
002.406, 688, 1,06, 78, 57, 0, 14, 0,34, 2,48, 12, 28, 106, 1,42, Off, Off, On, Off, On, Off, On, Off, Off, Off, Off, Rich
002.453, 688, 1,07, 78, 57, 0, 14, 0,34, 2,51, 12, 28, 106, 1,44, Off, Off, On, Off, On, Off, On, Off, Off, Off, Off, Rich
002.500, 688, 1,06, 78, 57, 0, 14, 0,34, 2,45, 10, 28, 106, 1,4, Off, Off, On, Off, On, Off, On, Off, Off, Off, Off, Rich
002.562, 688, 1,08, 78, 58, 0, 14, 0,34, 2,48, 12, 28, 106, 1,42, Off, Off, On, Off, On, Off, On, Off, Off, Off, Off, Rich
002.609, 712, 1,08, 78, 57, 0, 13,9, 0,34, 2,49, 12, 28, 106, 1,48, Off, Off, On, Off, On, Off, On, Off, Off, Off, Off, Rich
002.656, 688, 1,06, 78, 57, 0, 14, 0,34, 2,46, 12, 28, 106, 1,41, Off, Off, On, Off, On, Off, On, Off, Off, Off, Off, Rich
002.718, 712, 1,06, 78, 57, 0, 14, 0,34, 2,47, 12, 28, 106, 1,47, Off, Off, On, Off, On, Off, On, Off, Off, Off, Off, Rich
002.765, 675, 1,07, 78, 57, 0, 14, 0,34, 2,42, 11, 28, 106, 1,36, Off, Off, On, Off, On, Off, On, Off, Off, Off, Off, Rich
002.828, 688, 1,06, 78, 56, 0, 14, 0,34, 2,47, 9, 28, 106, 1,42, Off, Off, On, Off, On, Off, On, Off, Off, Off, Off, Rich
002.875, 688, 1,08, 78, 57, 0, 14, 0,34, 2,47, 12, 28, 106, 1,42, Off, Off, On, Off, On, Off, On, Off, Off, Off, Off, Rich
002.921, 688, 1,08, 78, 57, 0, 14, 0,34, 2,41, 10, 28, 106, 1,38, Off, Off, On, Off, On, Off, On, Off, Off, Off, Off, Rich
002.984, 712, 1,06, 78, 55, 0, 14, 0,34, 2,47, 12, 28, 106, 1,47, Off, Off, On, Off, On, Off, On, Off, Off, Off, Off, Rich
003.031, 712, 1,07, 78, 55, 0, 14, 0,34, 2,46, 10, 28, 106, 1,46, Off, Off, On, Off, On, Off, On, Off, Off, Off, Off, Rich
003.093, 725, 1,06, 78, 55, 0, 14, 0,34, 2,42, 8, 28, 106, 1,46, Off, Off, On, Off, On, Off, On, Off, Off, Off, Off, Rich
003.156, 675, 1,07, 78, 52, 0, 14, 0,34, 2,46, 8, 28, 106, 1,38, Off, Off, On, Off, On, Off, On, Off, Off, Off, Off, Rich
003.203, 712, 1,08, 78, 52, 0, 14, 0,34, 2,48, 12, 28, 106, 1,47, Off, Off, On, Off, On, Off, On, Off, Off, Off, Off, Rich
003.250, 675, 1,06, 78, 52, 0, 14, 0,34, 2,49, 11, 28, 106, 1,4, Off, Off, On, Off, On, Off, On, Off, Off, Off, Off, Rich
003.312, 712, 1,06, 78, 49, 0, 14, 0,34, 2,47, 9, 28, 106, 1,47, Off, Off, On, Off, On, Off, On, Off, Off, Off, Off, Rich
003.359, 675, 1,06, 78, 49, 0, 14, 0,34, 2,42, 12, 28, 106, 1,36, Off, Off, On, Off, On, Off, On, Off, Off, Off, Off, Rich
003.406, 688, 1,06, 78, 48, 0, 14, 0,34, 2,47, 10, 28, 106, 1,42, Off, Off, On, Off, On, Off, On, Off, Off, Off, Off, Rich
003.468, 688, 1,08, 78, 46, 0, 14, 0,34, 2,51, 8, 28, 106, 1,44, Off, Off, On, Off, On, Off, On, Off, Off, Off, Off, Rich
003.515, 712, 1,06, 78, 46, 0, 13,8, 0,34, 2,45, 12, 28, 106, 1,45, Off, Off, On, Off, On, Off, On, Off, Off, Off, Off, Rich
003.562, 712, 1,06, 78, 46, 0, 14, 0,34, 2,47, 10, 28, 106, 1,47, Off, Off, On, Off, On, Off, On, Off, Off, Off, Off, Rich
003.640, 712, 1,08, 78, 46, 0, 14, 0,34, 2,45, 8, 28, 106, 1,45, Off, Off, On, Off, On, Off, On, Off, Off, Off, Off, Rich
003.687, 688, 1,06, 78, 46, 0, 13,9, 0,34, 2,49, 12, 28, 106, 1,43, Off, Off, On, Off, On, Off, On, Off, Off, Off, Off, Rich
003.750, 712, 1,07, 78, 49, 0, 14, 0,34, 2,49, 12, 28, 106, 1,48, Off, Off, On, Off, On, Off, On, Off, Off, Off, Off, Rich
003.812, 712, 1,08, 78, 49, 0, 13,8, 0,34, 2,42, 10, 28, 106, 1,44, Off, Off, On, Off, On, Off, On, Off, Off, Off, Off, Rich
003.859, 712, 1,06, 78, 50, 0, 14, 0,34, 2,45, 8, 28, 106, 1,45, Off, Off, On, Off, On, Off, On, Off, Off, Off, Off, Rich
003.906, 712, 1,07, 78, 52, 0, 13,8, 0,34, 2,5, 12, 28, 106, 1,48, Off, Off, On, Off, On, Off, On, Off, Off, Off, Off, Rich
003.953, 675, 1,06, 78, 52, 0, 13,9, 0,34, 2,39, 10, 28, 106, 1,34, Off, Off, On, Off, On, Off, On, Off, Off, Off, Off, Rich
004.015, 712, 1,06, 78, 53, 0, 13,9, 0,34, 2,43, 12, 28, 106, 1,44, Off, Off, On, Off, On, Off, On, Off, Off, Off, Off, Rich
004.062, 675, 1,08, 78, 54, 0, 14, 0,34, 2,45, 10, 28, 106, 1,38, Off, Off, On, Off, On, Off, On, Off, Off, Off, Off, Rich
004.109, 712, 1,06, 78, 54, 0, 14, 0,34, 2,45, 9, 28, 106, 1,45, Off, Off, On, Off, On, Off, On, Off, Off, Off, Off, Rich
004.156, 675, 1,07, 78, 51, 0, 14, 0,34, 2,48, 8, 28, 106, 1,39, Off, Off, On, Off, On, Off, On, Off, Off, Off, Off, Rich
004.218, 688, 1,07, 78, 51, 0, 14, 0,34, 2,46, 12, 28, 106, 1,41, Off, Off, On, Off, On, Off, On, Off, Off, Off, Off, Rich
004.265, 675, 1,06, 78, 50, 0, 14, 0,34, 2,45, 12, 28, 106, 1,38, Off, Off, On, Off, On, Off, On, Off, Off, Off, Off, Rich
004.343, 712, 1,08, 78, 50, 0, 13,9, 0,34, 2,42, 11, 28, 106, 1,44, Off, Off, On, Off, On, Off, On, Off, Off, Off, Off, Rich
004.390, 688, 1,06, 78, 49, 0, 14, 0,34, 2,45, 11, 28, 106, 1,4, Off, Off, On, Off, On, Off, On, Off, Off, Off, Off, Rich
004.437, 725, 1,06, 78, 49, 0, 13,9, 0,34, 2,49, 10, 28, 106, 1,5, Off, Off, On, Off, On, Off, On, Off, Off, Off, Off, Rich
004.500, 675, 1,07, 78, 47, 0, 14, 0,34, 2,47, 12, 28, 106, 1,39, Off, Off, On, Off, On, Off, On, Off, Off, Off, Off, Rich
004.546, 712, 1,06, 78, 47, 0, 13,8, 0,34, 2,47, 11, 28, 106, 1,47, Off, Off, On, Off, On, Off, On, Off, Off, Off, Off, Rich
004.625, 712, 1,06, 78, 46, 0, 13,9, 0,34, 2,45, 8, 28, 106, 1,45, Off, Off, On, Off, On, Off, On, Off, Off, Off, Off, Rich
004.671, 688, 1,08, 78, 46, 0, 13,9, 0,34, 2,42, 12, 28, 106, 1,39, Off, Off, On, Off, On, Off, On, Off, Off, Off, Off, Rich
004.718, 712, 1,06, 78, 44, 0, 14, 0,34, 2,44, 11, 28, 106, 1,45, Off, Off, On, Off, On, Off, On, Off, Off, Off, Off, Rich
004.781, 688, 1,08, 78, 42, 0, 14, 0,34, 2,5, 9, 28, 106, 1,43, Off, Off, On, Off, On, Off, On, Off, Off, Off, Off, Rich
004.843, 712, 1,08, 78, 42, 0, 13,9, 0,34, 2,46, 11, 28, 106, 1,46, Off, Off, On, Off, On, Off, On, Off, Off, Off, Off, Lean
004.875, 712, 1,06, 78, 39, 0, 14, 0,34, 2,5, 9, 28, 106, 1,48, Off, Off, On, Off, On, Off, On, Off, Off, Off, Off, Lean
004.953, 712, 1,06, 78, 37, 0, 13,9, 0,34, 2,49, 8, 28, 106, 1,48, Off, Off, On, Off, On, Off, On, Off, Off, Off, Off, Lean
005.000, 688, 1,07, 78, 37, 0, 14, 0,34, 2,45, 8, 28, 106, 1,4, Off, Off, On, Off, On, Off, On, Off, Off, Off, Off, Lean
005.046, 712, 1,06, 78, 34, 0, 13,8, 0,34, 2,53, 12, 28, 106, 1,5, Off, Off, On, Off, On, Off, On, Off, Off, Off, Off, Lean
005.109, 712, 1,07, 78, 32, 0, 14, 0,34, 2,49, 10, 28, 106, 1,48, Off, Off, On, Off, On, Off, On, Off, Off, Off, Off, Lean
005.156, 712, 1,08, 78, 32, 0, 14, 0,34, 2,45, 8, 28, 106, 1,45, Off, Off, On, Off, On, Off, On, Off, Off, Off, Off, Lean
005.218, 675, 1,06, 78, 30, 0, 14, 0,34, 2,49, 8, 28, 106, 1,4, Off, Off, On, Off, On, Off, On, Off, Off, Off, Off, Lean
005.265, 712, 1,07, 78, 29, 0, 14, 0,34, 2,53, 12, 28, 106, 1,5, Off, Off, On, Off, On, Off, On, Off, Off, Off, Off, Lean
005.312, 688, 1,06, 78, 29, 0, 14, 0,34, 2,46, 10, 28, 106, 1,41, Off, Off, On, Off, On, Off, On, Off, Off, Off, Off, Lean
005.375, 712, 1,06, 78, 29, 0, 14, 0,34, 2,5, 12, 28, 106, 1,48, Off, Off, On, Off, On, Off, On, Off, Off, Off, Off, Lean
005.421, 712, 1,08, 78, 32, 0, 13,9, 0,34, 2,49, 10, 28, 106, 1,48, Off, Off, On, Off, On, Off, On, Off, Off, Off, Off, Lean
005.484, 712, 1,06, 78, 32, 0, 14, 0,34, 2,49, 9, 28, 106, 1,48, Off, Off, On, Off, On, Off, On, Off, Off, Off, Off, Lean
005.531, 688, 1,06, 78, 36, 0, 14, 0,34, 2,48, 8, 28, 106, 1,42, Off, Off, On, Off, On, Off, On, Off, Off, Off, Off, Lean
005.578, 688, 1,07, 78, 36, 0, 14, 0,34, 2,46, 8, 28, 106, 1,41, Off, Off, On, Off, On, Off, On, Off, Off, Off, Off, Lean
005.656, 712, 1,06, 78, 41, 0, 13,9, 0,34, 2,49, 12, 28, 106, 1,48, Off, Off, On, Off, On, Off, On, Off, Off, Off, Off, Lean
005.703, 712, 1,07, 78, 46, 0, 14, 0,34, 2,5, 10, 28, 106, 1,48, Off, Off, On, Off, On, Off, On, Off, Off, Off, Off, Lean
005.750, 712, 1,06, 78, 46, 0, 14, 0,34, 2,44, 8, 28, 106, 1,45, Off, Off, On, Off, On, Off, On, Off, Off, Off, Off, Lean
005.812, 712, 1,06, 78, 50, 0, 14, 0,34, 2,49, 8, 28, 106, 1,48, Off, Off, On, Off, On, Off, On, Off, Off, Off, Off, Rich
005.859, 712, 1,08, 78, 52, 0, 14, 0,34, 2,48, 8, 28, 106, 1,47, Off, Off, On, Off, On, Off, On, Off, Off, Off, Off, Rich
005.906, 688, 1,06, 78, 52, 0, 13,9, 0,34, 2,42, 11, 28, 106, 1,39, Off, Off, On, Off, On, Off, On, Off, Off, Off, Off, Rich
005.968, 712, 1,06, 78, 54, 0, 14, 0,34, 2,47, 11, 28, 106, 1,47, Off, Off, On, Off, On, Off, On, Off, Off, Off, Off, Rich
006.015, 712, 1,08, 78, 55, 0, 14, 0,34, 2,46, 9, 28, 106, 1,46, Off, Off, On, Off, On, Off, On, Off, Off, Off, Off, Rich
006.062, 712, 1,06, 78, 55, 0, 14, 0,34, 2,47, 8, 28, 106, 1,47, Off, Off, On, Off, On, Off, On, Off, Off, Off, Off, Rich
006.125, 688, 1,08, 78, 56, 0, 14, 0,34, 2,45, 7, 28, 106, 1,4, Off, Off, On, Off, On, Off, On, Off, Off, Off, Off, Rich
006.171, 688, 1,08, 78, 56, 0, 14, 0,34, 2,48, 8, 28, 106, 1,42, Off, Off, On, Off, On, Off, On, Off, Off, Off, Off, Rich
006.218, 688, 1,06, 78, 57, 0, 14, 0,34, 2,5, 12, 28, 106, 1,43, Off, Off, On, Off, On, Off, On, Off, Off, Off, Off, Rich
006.265, 712, 1,08, 78, 57, 0, 13,9, 0,34, 2,44, 11, 28, 106, 1,45, Off, Off, On, Off, On, Off, On, Off, Off, Off, Off, Rich
006.328, 712, 1,06, 78, 57, 0, 14, 0,34, 2,43, 8, 28, 106, 1,44, Off, Off, On, Off, On, Off, On, Off, Off, Off, Off, Rich
006.375, 688, 1,07, 78, 57, 0, 14, 0,34, 2,47, 8, 28, 106, 1,42, Off, Off, On, Off, On, Off, On, Off, Off, Off, Off, Rich
006.437, 712, 1,06, 78, 57, 0, 14, 0,34, 2,42, 12, 28, 106, 1,44, Off, Off, On, Off, On, Off, On, Off, Off, Off, Off, Rich
006.484, 688, 1,06, 78, 55, 0, 14, 0,34, 2,48, 10, 28, 106, 1,42, Off, Off, On, Off, On, Off, On, Off, Off, Off, Off, Rich
006.531, 712, 1,08, 78, 55, 0, 13,9, 0,34, 2,48, 8, 28, 106, 1,47, Off, Off, On, Off, On, Off, On, Off, Off, Off, Off, Rich
006.593, 675, 1,06, 78, 55, 0, 13,9, 0,34, 2,46, 12, 28, 106, 1,38, Off, Off, On, Off, On, Off, On, Off, Off, Off, Off, Rich
006.640, 712, 1,06, 78, 55, 0, 14, 0,34, 2,48, 10, 28, 106, 1,47, Off, Off, On, Off, On, Off, On, Off, Off, Off, Off, Rich
006.687, 675, 1,06, 78, 55, 0, 14, 0,34, 2,43, 8, 28, 106, 1,37, Off, Off, On, Off, On, Off, On, Off, Off, Off, Off, Rich
006.750, 712, 1,06, 78, 56, 0, 13,9, 0,34, 2,5, 12, 28, 106, 1,48, Off, Off, On, Off, On, Off, On, Off, Off, Off, Off, Rich
006.796, 675, 1,08, 78, 56, 0, 14, 0,34, 2,47, 10, 28, 106, 1,39, Off, Off, On, Off, On, Off, On, Off, Off, Off, Off, Rich
006.859, 688, 1,07, 78, 56, 0, 14, 0,34, 2,42, 8, 28, 106, 1,39, Off, Off, On, Off, On, Off, On, Off, Off, Off, Off, Rich
006.921, 675, 1,06, 78, 56, 0, 14, 0,34, 2,46, 8, 28, 106, 1,38, Off, Off, On, Off, On, Off, On, Off, Off, Off, Off, Rich
006.968, 675, 1,08, 78, 57, 0, 14, 0,34, 2,5, 12, 28, 106, 1,41, Off, Off, On, Off, On, Off, On, Off, Off, Off, Off, Rich
007.015, 712, 1,06, 78, 57, 0, 13,9, 0,34, 2,48, 11, 28, 106, 1,47, Off, Off, On, Off, On, Off, On, Off, Off, Off, Off, Rich
007.078, 688, 1,06, 78, 57, 0, 14, 0,34, 2,48, 12, 28, 106, 1,42, Off, Off, On, Off, On, Off, On, Off, Off, Off, Off, Rich
007.140, 712, 1,08, 78, 57, 0, 13,8, 0,34, 2,45, 11, 28, 106, 1,45, Off, Off, On, Off, On, Off, On, Off, Off, Off, Off, Rich
007.187, 688, 1,07, 78, 58, 0, 14, 0,34, 2,44, 12, 28, 106, 1,4, Off, Off, On, Off, On, Off, On, Off, Off, Off, Off, Rich
007.234, 712, 1,06, 78, 57, 0, 13,8, 0,34, 2,48, 12, 28, 106, 1,47, Off, Off, On, Off, On, Off, On, Off, Off, Off, Off, Rich
007.296, 688, 1,06, 78, 57, 0, 13,9, 0,34, 2,41, 10, 28, 106, 1,38, Off, Off, On, Off, On, Off, On, Off, Off, Off, Off, Rich
007.343, 712, 1,06, 78, 57, 0, 13,8, 0,34, 2,49, 8, 28, 106, 1,48, Off, Off, On, Off, On, Off, On, Off, Off, Off, Off, Rich
007.390, 688, 1,08, 78, 56, 0, 14, 0,34, 2,47, 8, 28, 106, 1,42, Off, Off, On, Off, On, Off, On, Off, Off, Off, Off, Rich
007.453, 675, 1,07, 78, 56, 0, 14, 0,34, 2,46, 11, 28, 106, 1,38, Off, Off, On, Off, On, Off, On, Off, Off, Off, Off, Rich
007.500, 688, 1,06, 78, 56, 0, 14, 0,34, 2,47, 9, 28, 106, 1,42, Off, Off, On, Off, On, Off, On, Off, Off, Off, Off, Rich
007.546, 688, 1,08, 78, 54, 0, 14, 0,34, 2,5, 8, 28, 106, 1,43, Off, Off, On, Off, On, Off, On, Off, Off, Off, Off, Rich
007.625, 712, 1,06, 78, 54, 0, 13,8, 0,34, 2,49, 12, 28, 106, 1,48, Off, Off, On, Off, On, Off, On, Off, Off, Off, Off, Rich
007.671, 688, 1,06, 78, 53, 0, 14, 0,34, 2,45, 12, 28, 106, 1,4, Off, Off, On, Off, On, Off, On, Off, Off, Off, Off, Rich
007.718, 712, 1,08, 78, 53, 0, 13,8, 0,34, 2,42, 12, 28, 106, 1,44, Off, Off, On, Off, On, Off, On, Off, Off, Off, Off, Rich
007.781, 688, 1,06, 78, 50, 0, 14, 0,34, 2,45, 10, 28, 106, 1,4, Off, Off, On, Off, On, Off, On, Off, Off, Off, Off, Rich
007.828, 688, 1,07, 78, 48, 0, 13,9, 0,34, 2,49, 12, 28, 106, 1,43, Off, Off, On, Off, On, Off, On, Off, Off, Off, Off, Rich
007.875, 712, 1,06, 78, 48, 0, 14, 0,34, 2,42, 11, 28, 106, 1,44, Off, Off, On, Off, On, Off, On, Off, Off, Off, Off, Rich
007.937, 688, 1,07, 78, 46, 0, 14, 0,34, 2,46, 10, 28, 106, 1,41, Off, Off, On, Off, On, Off, On, Off, Off, Off, Off, Rich
007.984, 688, 1,08, 78, 46, 0, 14, 0,34, 2,42, 10, 28, 106, 1,39, Off, Off, On, Off, On, Off, On, Off, Off, Off, Off, Rich
008.031, 712, 1,06, 78, 46, 0, 14, 0,34, 2,46, 9, 28, 106, 1,46, Off, Off, On, Off, On, Off, On, Off, Off, Off, Off, Rich
008.078, 712, 1,08, 78, 45, 0, 14, 0,34, 2,48, 8, 28, 106, 1,47, Off, Off, On, Off, On, Off, On, Off, Off, Off, Off, Rich
008.125, 712, 1,07, 78, 45, 0, 14, 0,34, 2,4, 8, 28, 106, 1,42, Off, Off, On, Off, On, Off, On, Off, Off, Off, Off, Rich
008.203, 712, 1,06, 78, 45, 0, 14, 0,34, 2,45, 12, 28, 106, 1,45, Off, Off, On, Off, On, Off, On, Off, Off, Off, Off, Rich
008.250, 688, 1,07, 78, 43, 0, 14, 0,34, 2,49, 12, 28, 106, 1,43, Off, Off, On, Off, On, Off, On, Off, Off, Off, Off, Rich
008.296, 712, 1,06, 78, 43, 0, 13,9, 0,34, 2,42, 10, 28, 106, 1,44, Off, Off, On, Off, On, Off, On, Off, Off, Off, Off, Rich
008.359, 688, 1,08, 78, 40, 0, 14, 0,34, 2,46, 9, 28, 106, 1,41, Off, Off, On, Off, On, Off, On, Off, Off, Off, Off, Rich
008.406, 712, 1,08, 78, 37, 0, 14, 0,34, 2,51, 8, 28, 106, 1,49, Off, Off, On, Off, On, Off, On, Off, Off, Off, Off, Lean
008.453, 675, 1,06, 78, 37, 0, 14, 0,34, 2,52, 12, 28, 106, 1,42, Off, Off, On, Off, On, Off, On, Off, Off, Off, Off, Lean
008.500, 675, 1,08, 78, 34, 0, 14, 0,34, 2,52, 11, 28, 106, 1,42, Off, Off, On, Off, On, Off, On, Off, Off, Off, Off, Lean
008.531, 688, 1,06, 78, 34, 0, 14, 0,34, 2,53, 12, 28, 106, 1,45, Off, Off, On, Off, On, Off, On, Off, Off, Off, Off, Lean
008.578, 712, 1,06, 78, 32, 0, 13,8, 0,34, 2,51, 12, 28, 106, 1,49, Off, Off, On, Off, On, Off, On, Off, Off, Off, Off, Lean
008.640, 712, 1,07, 78, 32, 0, 14, 0,34, 2,44, 10, 28, 106, 1,45, Off, Off, On, Off, On, Off, On, Off, Off, Off, Off, Lean
008.703, 712, 1,06, 78, 31, 0, 13,9, 0,34, 2,49, 8, 28, 106, 1,48, Off, Off, On, Off, On, Off, On, Off, Off, Off, Off, Lean
008.750, 675, 1,08, 78, 30, 0, 14, 0,34, 2,51, 8, 28, 106, 1,41, Off, Off, On, Off, On, Off, On, Off, Off, Off, Off, Lean
008.812, 712, 1,06, 78, 30, 0, 14, 0,34, 2,45, 12, 28, 106, 1,45, Off, Off, On, Off, On, Off, On, Off, Off, Off, Off, Lean
008.859, 688, 1,06, 78, 31, 0, 14, 0,34, 2,52, 10, 28, 106, 1,44, Off, Off, On, Off, On, Off, On, Off, Off, Off, Off, Lean
008.906, 688, 1,08, 78, 31, 0, 14, 0,34, 2,46, 9, 28, 106, 1,41, Off, Off, On, Off, On, Off, On, Off, Off, Off, Off, Lean
008.953, 688, 1,06, 78, 33, 0, 14, 0,34, 2,52, 11, 28, 106, 1,44, Off, Off, On, Off, On, Off, On, Off, Off, Off, Off, Lean
009.000, 712, 1,07, 78, 37, 0, 14, 0,34, 2,47, 9, 28, 106, 1,47, Off, Off, On, Off, On, Off, On, Off, Off, Off, Off, Lean
009.062, 712, 1,07, 78, 37, 0, 14, 0,34, 2,47, 8, 28, 106, 1,47, Off, Off, On, Off, On, Off, On, Off, Off, Off, Off, Lean
009.109, 712, 1,06, 78, 42, 0, 14, 0,34, 2,49, 8, 28, 106, 1,48, Off, Off, On, Off, On, Off, On, Off, Off, Off, Off, Lean
009.171, 688, 1,08, 78, 49, 0, 14, 0,34, 2,51, 12, 28, 106, 1,44, Off, Off, On, Off, On, Off, On, Off, Off, Off, Off, Lean
009.234, 725, 1,06, 78, 49, 0, 14, 0,34, 2,53, 12, 28, 106, 1,53, Off, Off, On, Off, On, Off, On, Off, Off, Off, Off, Rich
009.281, 688, 1,05, 78, 52, 0, 14, 0,34, 2,47, 9, 28, 106, 1,42, Off, Off, On, Off, On, Off, On, Off, Off, Off, Off, Rich
009.343, 712, 1,08, 78, 52, 0, 13,9, 0,34, 2,42, 8, 28, 106, 1,44, Off, Off, On, Off, On, Off, On, Off, Off, Off, Off, Rich
009.406, 688, 1,07, 78, 54, 0, 14, 0,34, 2,44, 8, 28, 106, 1,4, Off, Off, On, Off, On, Off, On, Off, Off, Off, Off, Rich
009.468, 712, 1,06, 78, 55, 0, 13,9, 0,34, 2,5, 12, 28, 106, 1,48, Off, Off, On, Off, On, Off, On, Off, Off, Off, Off, Rich
009.515, 688, 1,08, 78, 56, 0, 14, 0,34, 2,5, 9, 28, 106, 1,43, Off, Off, On, Off, On, Off, On, Off, Off, Off, Off, Rich
009.578, 725, 1,06, 78, 56, 0, 13,8, 0,34, 2,48, 8, 28, 106, 1,5, Off, Off, On, Off, On, Off, On, Off, Off, Off, Off, Rich
009.625, 675, 1,06, 78, 56, 0, 14, 0,34, 2,47, 12, 28, 106, 1,39, Off, Off, On, Off, On, Off, On, Off, Off, Off, Off, Rich
009.671, 712, 1,08, 78, 56, 0, 13,8, 0,34, 2,42, 12, 28, 106, 1,44, Off, Off, On, Off, On, Off, On, Off, Off, Off, Off, Rich
009.718, 712, 1,06, 78, 57, 0, 14, 0,34, 2,46, 10, 28, 106, 1,46, Off, Off, On, Off, On, Off, On, Off, Off, Off, Off, Rich
009.765, 712, 1,06, 78, 56, 0, 13,8, 0,34, 2,49, 12, 28, 106, 1,48, Off, Off, On, Off, On, Off, On, Off, Off, Off, Off, Rich
009.812, 675, 1,06, 78, 56, 0, 14, 0,34, 2,39, 10, 28, 106, 1,34, Off, Off, On, Off, On, Off, On, Off, Off, Off, Off, Rich
009.890, 712, 1,06, 78, 57, 0, 14, 0,34, 2,48, 8, 28, 106, 1,47, Off, Off, On, Off, On, Off, On, Off, Off, Off, Off, Rich
009.937, 688, 1,08, 78, 57, 0, 14, 0,34, 2,48, 8, 28, 106, 1,42, Off, Off, On, Off, On, Off, On, Off, Off, Off, Off, Rich
009.984, 688, 1,06, 78, 57, 0, 14, 0,34, 2,47, 8, 28, 106, 1,42, Off, Off, On, Off, On, Off, On, Off, Off, Off, Off, Rich
010.046, 688, 1,08, 78, 57, 0, 14, 0,34, 2,47, 11, 28, 106, 1,42, Off, Off, On, Off, On, Off, On, Off, Off, Off, Off, Rich
010.093, 712, 1,08, 78, 57, 0, 14, 0,34, 2,42, 9, 28, 106, 1,44, Off, Off, On, Off, On, Off, On, Off, Off, Off, Off, Rich
010.140, 688, 1,06, 78, 56, 0, 14, 0,34, 2,47, 8, 28, 106, 1,42, Off, Off, On, Off, On, Off, On, Off, Off, Off, Off, Rich
010.187, 712, 1,08, 78, 56, 0, 14, 0,34, 2,4, 8, 28, 106, 1,42, Off, Off, On, Off, On, Off, On, Off, Off, Off, Off, Rich
010.234, 712, 1,06, 78, 57, 0, 14, 0,34, 2,44, 8, 28, 106, 1,45, Off, Off, On, Off, On, Off, On, Off, Off, Off, Off, Rich
010.296, 688, 1,06, 78, 56, 0, 14, 0,34, 2,49, 12, 28, 106, 1,43, Off, Off, On, Off, On, Off, On, Off, Off, Off, Off, Rich
010.343, 688, 1,08, 78, 56, 0, 14, 0,34, 2,49, 10, 28, 106, 1,43, Off, Off, On, Off, On, Off, On, Off, Off, Off, Off, Rich
010.390, 688, 1,06, 78, 56, 0, 14, 0,34, 2,47, 9, 28, 106, 1,42, Off, Off, On, Off, On, Off, On, Off, Off, Off, Off, Rich
010.453, 688, 1,08, 78, 55, 0, 13,9, 0,34, 2,47, 8, 28, 106, 1,42, Off, Off, On, Off, On, Off, On, Off, Off, Off, Off, Rich
010.500, 688, 1,07, 78, 55, 0, 14, 0,34, 2,48, 12, 28, 106, 1,42, Off, Off, On, Off, On, Off, On, Off, Off, Off, Off, Rich
010.546, 712, 1,06, 78, 55, 0, 14, 0,34, 2,47, 11, 28, 106, 1,47, Off, Off, On, Off, On, Off, On, Off, Off, Off, Off, Rich
010.609, 688, 1,07, 78, 55, 0, 14, 0,34, 2,42, 12, 28, 106, 1,39, Off, Off, On, Off, On, Off, On, Off, Off, Off, Off, Rich
010.671, 725, 1,06, 78, 55, 0, 13,9, 0,34, 2,47, 10, 28, 106, 1,49, Off, Off, On, Off, On, Off, On, Off, Off, Off, Off, Rich
010.718, 688, 1,06, 78, 56, 0, 14, 0,34, 2,46, 7, 28, 106, 1,41, Off, Off, On, Off, On, Off, On, Off, Off, Off, Off, Rich
010.781, 712, 1,08, 78, 56, 0, 14, 0,34, 2,4, 6, 28, 106, 1,42, Off, Off, On, Off, On, Off, On, Off, Off, Off, Off, Rich
010.828, 688, 1,06, 78, 56, 0, 14, 0,34, 2,51, 12, 28, 106, 1,44, Off, Off, On, Off, On, Off, On, Off, Off, Off, Off, Rich
010.906, 712, 1,06, 78, 56, 0, 13,9, 0,34, 2,47, 11, 28, 106, 1,47, Off, Off, On, Off, On, Off, On, Off, Off, Off, Off, Rich
010.953, 688, 1,07, 78, 56, 0, 14, 0,34, 2,43, 9, 28, 106, 1,39, Off, Off, On, Off, On, Off, On, Off, Off, Off, Off, Rich
011.000, 712, 1,06, 78, 55, 0, 14,1, 0,34, 2,49, 12, 28, 106, 1,48, Off, Off, On, Off, On, Off, On, Off, Off, Off, Off, Rich
011.062, 688, 1,08, 78, 55, 0, 14, 0,34, 2,47, 12, 28, 106, 1,42, Off, Off, On, Off, On, Off, On, Off, Off, Off, Off, Rich
011.109, 712, 1,08, 78, 55, 0, 14, 0,34, 2,42, 10, 28, 106, 1,44, Off, Off, On, Off, On, Off, On, Off, Off, Off, Off, Rich
011.156, 725, 1,06, 78, 53, 0, 13,9, 0,34, 2,43, 12, 28, 106, 1,47, Off, Off, On, Off, On, Off, On, Off, Off, Off, Off, Rich
011.218, 688, 1,07, 78, 53, 0, 14, 0,34, 2,4, 11, 28, 106, 1,38, Off, Off, On, Off, On, Off, On, Off, Off, Off, Off, Rich
011.265, 712, 1,06, 78, 54, 0, 14, 0,34, 2,43, 8, 28, 106, 1,44, Off, Off, On, Off, On, Off, On, Off, Off, Off, Off, Rich
011.312, 688, 1,08, 78, 53, 0, 14, 0,34, 2,46, 8, 28, 106, 1,41, Off, Off, On, Off, On, Off, On, Off, Off, Off, Off, Rich
011.375, 712, 1,08, 78, 54, 0, 14, 0,34, 2,47, 12, 28, 106, 1,47, Off, Off, On, Off, On, Off, On, Off, Off, Off, Off, Rich
011.421, 675, 1,06, 78, 54, 0, 14, 0,34, 2,44, 11, 28, 106, 1,37, Off, Off, On, Off, On, Off, On, Off, Off, Off, Off, Rich
011.484, 688, 1,07, 78, 51, 0, 14, 0,34, 2,44, 9, 28, 106, 1,4, Off, Off, On, Off, On, Off, On, Off, Off, Off, Off, Rich
011.531, 688, 1,07, 78, 51, 0, 14, 0,34, 2,42, 12, 28, 106, 1,39, Off, Off, On, Off, On, Off, On, Off, Off, Off, Off, Rich
011.593, 712, 1,06, 78, 49, 0, 14, 0,34, 2,45, 11, 28, 106, 1,45, Off, Off, On, Off, On, Off, On, Off, Off, Off, Off, Rich
011.640, 688, 1,08, 78, 45, 0, 14, 0,34, 2,45, 9, 28, 106, 1,4, Off, Off, On, Off, On, Off, On, Off, Off, Off, Off, Rich
011.703, 712, 1,08, 78, 42, 0, 14, 0,34, 2,47, 12, 28, 106, 1,47, Off, Off, On, Off, On, Off, On, Off, Off, Off, Off, Rich
011.765, 688, 1,06, 78, 42, 0, 14, 0,34, 2,48, 11, 28, 106, 1,42, Off, Off, On, Off, On, Off, On, Off, Off, Off, Off, Lean
011.828, 712, 1,06, 78, 39, 0, 14, 0,34, 2,48, 9, 28, 106, 1,47, Off, Off, On, Off, On, Off, On, Off, Off, Off, Off, Lean
011.875, 688, 1,07, 78, 39, 0, 14, 0,34, 2,5, 8, 28, 106, 1,43, Off, Off, On, Off, On, Off, On, Off, Off, Off, Off, Lean
011.921, 712, 1,06, 78, 37, 0, 14,1, 0,34, 2,51, 11, 28, 106, 1,49, Off, Off, On, Off, On, Off, On, Off, Off, Off, Off, Lean
011.984, 712, 1,08, 78, 35, 0, 14, 0,34, 2,52, 9, 28, 106, 1,5, Off, Off, On, Off, On, Off, On, Off, Off, Off, Off, Lean
012.031, 688, 1,07, 78, 35, 0, 14, 0,34, 2,41, 7, 28, 106, 1,38, Off, Off, On, Off, On, Off, On, Off, Off, Off, Off, Lean
012.078, 725, 1,06, 78, 34, 0, 14, 0,34, 2,47, 12, 28, 106, 1,49, Off, Off, On, Off, On, Off, On, Off, Off, Off, Off, Lean
012.140, 688, 1,07, 78, 34, 0, 14, 0,34, 2,5, 11, 28, 106, 1,43, Off, Off, On, Off, On, Off, On, Off, Off, Off, Off, Lean
012.187, 725, 1,06, 78, 31, 0, 13,9, 0,34, 2,44, 12, 28, 106, 1,47, Off, Off, On, Off, On, Off, On, Off, Off, Off, Off, Lean
012.234, 688, 1,08, 78, 31, 0, 14, 0,34, 2,5, 11, 28, 106, 1,43, Off, Off, On, Off, On, Off, On, Off, Off, Off, Off, Lean
012.296, 712, 1,06, 78, 31, 0, 14, 0,34, 2,45, 9, 28, 106, 1,45, Off, Off, On, Off, On, Off, On, Off, Off, Off, Off, Lean
012.343, 688, 1,06, 78, 31, 0, 14, 0,34, 2,47, 8, 28, 106, 1,42, Off, Off, On, Off, On, Off, On, Off, Off, Off, Off, Lean
012.421, 712, 1,08, 78, 31, 0, 14, 0,34, 2,45, 8, 28, 106, 1,45, Off, Off, On, Off, On, Off, On, Off, Off, Off, Off, Lean
012.468, 688, 1,07, 78, 34, 0, 13,9, 0,34, 2,51, 8, 28, 106, 1,44, Off, Off, On, Off, On, Off, On, Off, Off, Off, Off, Lean
012.531, 688, 1,06, 78, 37, 0, 14, 0,34, 2,49, 8, 28, 106, 1,43, Off, Off, On, Off, On, Off, On, Off, Off, Off, Off, Lean
012.578, 688, 1,08, 78, 45, 0, 14, 0,34, 2,5, 8, 28, 106, 1,43, Off, Off, On, Off, On, Off, On, Off, Off, Off, Off, Lean
012.640, 712, 1,06, 78, 45, 0, 13,8, 0,34, 2,51, 8, 28, 106, 1,49, Off, Off, On, Off, On, Off, On, Off, Off, Off, Off, Lean
012.687, 688, 1,06, 78, 51, 0, 14, 0,34, 2,49, 12, 28, 106, 1,43, Off, Off, On, Off, On, Off, On, Off, Off, Off, Off, Rich
012.750, 712, 1,08, 78, 51, 0, 13,9, 0,34, 2,42, 11, 28, 106, 1,44, Off, Off, On, Off, On, Off, On, Off, Off, Off, Off, Rich
012.796, 688, 1,07, 78, 54, 0, 14, 0,34, 2,43, 8, 28, 106, 1,39, Off, Off, On, Off, On, Off, On, Off, Off, Off, Off, Rich
012.859, 712, 1,06, 78, 56, 0, 13,8, 0,34, 2,47, 8, 28, 106, 1,47, Off, Off, On, Off, On, Off, On, Off, Off, Off, Off, Rich
012.906, 675, 1,08, 78, 57, 0, 14, 0,34, 2,49, 12, 28, 106, 1,4, Off, Off, On, Off, On, Off, On, Off, Off, Off, Off, Rich
012.953, 712, 1,06, 78, 57, 0, 13,8, 0,34, 2,49, 11, 28, 106, 1,48, Off, Off, On, Off, On, Off, On, Off, Off, Off, Off, Rich
013.015, 712, 1,07, 78, 57, 0, 14, 0,34, 2,48, 9, 28, 106, 1,47, Off, Off, On, Off, On, Off, On, Off, Off, Off, Off, Rich
013.062, 688, 1,08, 78, 57, 0, 13,9, 0,34, 2,42, 8, 28, 106, 1,39, Off, Off, On, Off, On, Off, On, Off, Off, Off, Off, Rich
013.125, 712, 1,06, 78, 58, 0, 13,9, 0,34, 2,44, 12, 28, 106, 1,45, Off, Off, On, Off, On, Off, On, Off, Off, Off, Off, Rich
013.171, 712, 1,06, 78, 58, 0, 13,9, 0,34, 2,48, 12, 28, 106, 1,47, Off, Off, On, Off, On, Off, On, Off, Off, Off, Off, Rich
013.218, 712, 1,08, 78, 58, 0, 14, 0,34, 2,41, 10, 28, 106, 1,43, Off, Off, On, Off, On, Off, On, Off, Off, Off, Off, Rich
013.296, 688, 1,06, 78, 58, 0, 14, 0,34, 2,5, 8, 28, 106, 1,43, Off, Off, On, Off, On, Off, On, Off, Off, Off, Off, Rich
013.343, 688, 1,08, 78, 57, 0, 14, 0,34, 2,5, 12, 28, 106, 1,43, Off, Off, On, Off, On, Off, On, Off, Off, Off, Off, Rich
013.390, 712, 1,06, 78, 57, 0, 13,9, 0,34, 2,42, 12, 28, 106, 1,44, Off, Off, On, Off, On, Off, On, Off, Off, Off, Off, Rich
013.437, 688, 1,06, 78, 58, 0, 14, 0,34, 2,48, 10, 28, 106, 1,42, Off, Off, On, Off, On, Off, On, Off, Off, Off, Off, Rich
013.500, 688, 1,08, 78, 58, 0, 14, 0,34, 2,38, 9, 28, 106, 1,36, Off, Off, On, Off, On, Off, On, Off, Off, Off, Off, Rich
013.546, 688, 1,06, 78, 57, 0, 13,9, 0,34, 2,48, 8, 28, 106, 1,42, Off, Off, On, Off, On, Off, On, Off, Off, Off, Off, Rich
013.609, 712, 1,06, 78, 57, 0, 14, 0,34, 2,48, 8, 28, 106, 1,47, Off, Off, On, Off, On, Off, On, Off, Off, Off, Off, Rich
013.656, 688, 1,08, 78, 57, 0, 14, 0,34, 2,5, 12, 28, 106, 1,43, Off, Off, On, Off, On, Off, On, Off, Off, Off, Off, Rich
013.703, 688, 1,06, 78, 57, 0, 14, 0,34, 2,51, 12, 28, 106, 1,44, Off, Off, On, Off, On, Off, On, Off, Off, Off, Off, Rich
013.765, 688, 1,08, 78, 57, 0, 14, 0,34, 2,47, 10, 28, 106, 1,42, Off, Off, On, Off, On, Off, On, Off, Off, Off, Off, Rich
013.812, 688, 1,07, 78, 57, 0, 14, 0,34, 2,46, 11, 28, 106, 1,41, Off, Off, On, Off, On, Off, On, Off, Off, Off, Off, Rich
013.875, 725, 1,06, 78, 56, 0, 14, 0,34, 2,44, 10, 28, 106, 1,47, Off, Off, On, Off, On, Off, On, Off, Off, Off, Off, Rich
013.921, 688, 1,08, 78, 56, 0, 14, 0,34, 2,49, 11, 28, 106, 1,43, Off, Off, On, Off, On, Off, On, Off, Off, Off, Off, Rich
013.984, 725, 1,06, 78, 56, 0, 14, 0,34, 2,44, 10, 28, 106, 1,47, Off, Off, On, Off, On, Off, On, Off, Off, Off, Off, Rich
014.046, 712, 1,06, 78, 55, 0, 14, 0,34, 2,5, 12, 28, 106, 1,48, Off, Off, On, Off, On, Off, On, Off, Off, Off, Off, Rich
014.093, 712, 1,08, 78, 55, 0, 14, 0,34, 2,41, 10, 28, 106, 1,43, Off, Off, On, Off, On, Off, On, Off, Off, Off, Off, Rich
014.156, 712, 1,06, 78, 56, 0, 14, 0,34, 2,47, 8, 28, 106, 1,47, Off, Off, On, Off, On, Off, On, Off, Off, Off, Off, Rich
014.218, 712, 1,06, 78, 55, 0, 13,8, 0,34, 2,47, 8, 28, 106, 1,47, Off, Off, On, Off, On, Off, On, Off, Off, Off, Off, Rich
014.265, 675, 1,08, 78, 54, 0, 14, 0,34, 2,47, 12, 28, 106, 1,39, Off, Off, On, Off, On, Off, On, Off, Off, Off, Off, Rich
014.312, 712, 1,06, 78, 54, 0, 13,8, 0,34, 2,49, 11, 28, 106, 1,48, Off, Off, On, Off, On, Off, On, Off, Off, Off, Off, Rich
014.375, 688, 1,08, 78, 52, 0, 14, 0,34, 2,47, 9, 28, 106, 1,42, Off, Off, On, Off, On, Off, On, Off, Off, Off, Off, Rich
014.421, 712, 1,07, 78, 52, 0, 13,8, 0,34, 2,41, 12, 28, 106, 1,43, Off, Off, On, Off, On, Off, On, Off, Off, Off, Off, Rich
014.484, 688, 1,06, 78, 51, 0, 14, 0,34, 2,47, 10, 28, 106, 1,42, Off, Off, On, Off, On, Off, On, Off, Off, Off, Off, Rich
014.546, 688, 1,06, 78, 50, 0, 13,9, 0,34, 2,47, 12, 28, 106, 1,42, Off, Off, On, Off, On, Off, On, Off, Off, Off, Off, Rich
014.593, 688, 1,06, 78, 50, 0, 14, 0,34, 2,4, 11, 28, 106, 1,38, Off, Off, On, Off, On, Off, On, Off, Off, Off, Off, Rich
014.640, 688, 1,06, 78, 51, 0, 14, 0,34, 2,45, 12, 28, 106, 1,4, Off, Off, On, Off, On, Off, On, Off, Off, Off, Off, Rich
014.703, 688, 1,08, 78, 51, 0, 14, 0,34, 2,44, 10, 28, 106, 1,4, Off, Off, On, Off, On, Off, On, Off, Off, Off, Off, Rich
014.750, 688, 1,06, 78, 51, 0, 14, 0,34, 2,43, 12, 28, 106, 1,39, Off, Off, On, Off, On, Off, On, Off, Off, Off, Off, Rich
014.796, 712, 1,07, 78, 51, 0, 13,9, 0,34, 2,46, 12, 28, 106, 1,46, Off, Off, On, Off, On, Off, On, Off, Off, Off, Off, Rich
014.859, 688, 1,07, 78, 51, 0, 14, 0,34, 2,4, 10, 28, 106, 1,38, Off, Off, On, Off, On, Off, On, Off, Off, Off, Off, Rich
014.906, 725, 1,06, 78, 50, 0, 13,8, 0,34, 2,47, 11, 28, 106, 1,49, Off, Off, On, Off, On, Off, On, Off, Off, Off, Off, Rich
014.953, 688, 1,08, 78, 49, 0, 14, 0,34, 2,45, 9, 28, 106, 1,4, Off, Off, On, Off, On, Off, On, Off, Off, Off, Off, Rich
015.000, 712, 1,06, 78, 49, 0, 14, 0,34, 2,41, 8, 28, 106, 1,43, Off, Off, On, Off, On, Off, On, Off, Off, Off, Off, Rich
015.046, 688, 1,08, 78, 46, 0, 14, 0,34, 2,44, 8, 28, 106, 1,4, Off, Off, On, Off, On, Off, On, Off, Off, Off, Off, Rich
015.093, 688, 1,08, 78, 46, 0, 14, 0,34, 2,48, 12, 28, 106, 1,42, Off, Off, On, Off, On, Off, On, Off, Off, Off, Off, Rich
015.171, 675, 1,06, 78, 43, 0, 14, 0,34, 2,48, 11, 28, 106, 1,39, Off, Off, On, Off, On, Off, On, Off, Off, Off, Off, Rich
015.234, 688, 1,06, 78, 38, 0, 14, 0,34, 2,48, 8, 28, 106, 1,42, Off, Off, On, Off, On, Off, On, Off, Off, Off, Off, Rich
015.281, 688, 1,06, 78, 38, 0, 14, 0,34, 2,5, 12, 28, 106, 1,43, Off, Off, On, Off, On, Off, On, Off, Off, Off, Off, Lean
015.343, 688, 1,06, 78, 35, 0, 14, 0,34, 2,5, 11, 28, 106, 1,43, Off, Off, On, Off, On, Off, On, Off, Off, Off, Off, Lean
015.375, 688, 1,08, 78, 31, 0, 14, 0,34, 2,51, 9, 28, 106, 1,44, Off, Off, On, Off, On, Off, On, Off, Off, Off, Off, Lean
015.421, 688, 1,07, 78, 31, 0, 14, 0,34, 2,44, 8, 28, 106, 1,4, Off, Off, On, Off, On, Off, On, Off, Off, Off, Off, Lean
015.484, 712, 1,06, 78, 29, 0, 13,9, 0,34, 2,5, 11, 28, 106, 1,48, Off, Off, On, Off, On, Off, On, Off, Off, Off, Off, Lean
015.531, 688, 1,07, 78, 27, 0, 14, 0,34, 2,52, 11, 28, 106, 1,44, Off, Off, On, Off, On, Off, On, Off, Off, Off, Off, Lean
015.578, 712, 1,06, 78, 27, 0, 14, 0,34, 2,45, 12, 28, 106, 1,45, Off, Off, On, Off, On, Off, On, Off, Off, Off, Off, Lean
015.640, 688, 1,08, 78, 26, 0, 14, 0,34, 2,49, 11, 28, 106, 1,43, Off, Off, On, Off, On, Off, On, Off, Off, Off, Off, Lean
015.703, 725, 1,08, 78, 25, 0, 13,9, 0,34, 2,48, 8, 28, 106, 1,5, Off, Off, On, Off, On, Off, On, Off, Off, Off, Off, Lean
015.750, 688, 1,06, 78, 25, 0, 14, 0,34, 2,49, 8, 28, 106, 1,43, Off, Off, On, Off, On, Off, On, Off, Off, Off, Off, Lean
015.796, 688, 1,08, 78, 26, 0, 14, 0,34, 2,48, 7, 28, 106, 1,42, Off, Off, On, Off, On, Off, On, Off, Off, Off, Off, Lean
015.843, 688, 1,06, 78, 26, 0, 14, 0,34, 2,49, 11, 28, 106, 1,43, Off, Off, On, Off, On, Off, On, Off, Off, Off, Off, Lean
015.906, 725, 1,06, 78, 26, 0, 13,9, 0,34, 2,51, 11, 28, 106, 1,52, Off, Off, On, Off, On, Off, On, Off, Off, Off, Off, Lean
015.953, 712, 1,08, 78, 26, 0, 14, 0,34, 2,47, 9, 28, 106, 1,47, Off, Off, On, Off, On, Off, On, Off, Off, Off, Off, Lean
016.015, 712, 1,06, 78, 29, 0, 13,9, 0,34, 2,51, 8, 28, 106, 1,49, Off, Off, On, Off, On, Off, On, Off, Off, Off, Off, Lean
016.062, 688, 1,07, 78, 31, 0, 14, 0,34, 2,49, 8, 28, 106, 1,43, Off, Off, On, Off, On, Off, On, Off, Off, Off, Off, Lean
016.109, 712, 1,08, 78, 31, 0, 13,9, 0,34, 2,47, 11, 28, 106, 1,47, Off, Off, On, Off, On, Off, On, Off, Off, Off, Off, Lean
016.171, 725, 1,06, 78, 35, 0, 14, 0,34, 2,5, 9, 28, 106, 1,51, Off, Off, On, Off, On, Off, On, Off, Off, Off, Off, Lean
016.218, 712, 1,06, 78, 39, 0, 13,9, 0,34, 2,5, 8, 28, 106, 1,48, Off, Off, On, Off, On, Off, On, Off, Off, Off, Off, Lean
016.281, 712, 1,08, 78, 39, 0, 14, 0,34, 2,46, 8, 28, 106, 1,46, Off, Off, On, Off, On, Off, On, Off, Off, Off, Off, Lean
016.328, 712, 1,06, 78, 46, 0, 13,9, 0,34, 2,5, 8, 28, 106, 1,48, Off, Off, On, Off, On, Off, On, Off, Off, Off, Off, Lean
016.406, 688, 1,06, 78, 51, 0, 14, 0,34, 2,53, 8, 28, 106, 1,45, Off, Off, On, Off, On, Off, On, Off, Off, Off, Off, Lean
016.453, 712, 1,08, 78, 51, 0, 13,9, 0,34, 2,42, 11, 28, 106, 1,44, Off, Off, On, Off, On, Off, On, Off, Off, Off, Off, Rich
016.515, 712, 1,06, 78, 55, 0, 14, 0,34, 2,49, 9, 28, 106, 1,48, Off, Off, On, Off, On, Off, On, Off, Off, Off, Off, Rich
016.562, 712, 1,06, 78, 56, 0, 13,9, 0,34, 2,45, 7, 28, 106, 1,45, Off, Off, On, Off, On, Off, On, Off, Off, Off, Off, Rich
016.625, 712, 1,08, 78, 56, 0, 14, 0,34, 2,44, 12, 28, 106, 1,45, Off, Off, On, Off, On, Off, On, Off, Off, Off, Off, Rich
016.671, 712, 1,06, 78, 58, 0, 13,9, 0,34, 2,49, 10, 28, 106, 1,48, Off, Off, On, Off, On, Off, On, Off, Off, Off, Off, Rich
016.734, 688, 1,07, 78, 58, 0, 14, 0,34, 2,48, 8, 28, 106, 1,42, Off, Off, On, Off, On, Off, On, Off, Off, Off, Off, Rich
016.781, 712, 1,06, 78, 58, 0, 13,9, 0,34, 2,48, 12, 28, 106, 1,47, Off, Off, On, Off, On, Off, On, Off, Off, Off, Off, Rich
016.843, 725, 1,06, 78, 59, 0, 14, 0,34, 2,47, 11, 28, 106, 1,49, Off, Off, On, Off, On, Off, On, Off, Off, Off, Off, Rich
016.890, 712, 1,08, 78, 59, 0, 13,9, 0,34, 2,47, 11, 28, 106, 1,47, Off, Off, On, Off, On, Off, On, Off, Off, Off, Off, Rich
016.937, 688, 1,06, 78, 59, 0, 14,1, 0,34, 2,49, 10, 28, 106, 1,43, Off, Off, On, Off, On, Off, On, Off, Off, Off, Off, Rich
017.000, 712, 1,08, 78, 59, 0, 13,9, 0,34, 2,49, 8, 28, 106, 1,48, Off, Off, On, Off, On, Off, On, Off, Off, Off, Off, Rich
017.046, 688, 1,08, 78, 59, 0, 14, 0,34, 2,43, 8, 28, 106, 1,39, Off, Off, On, Off, On, Off, On, Off, Off, Off, Off, Rich
017.093, 712, 1,06, 78, 58, 0, 13,9, 0,34, 2,47, 8, 28, 106, 1,47, Off, Off, On, Off, On, Off, On, Off, Off, Off, Off, Rich
017.156, 675, 1,08, 78, 59, 0, 14, 0,34, 2,46, 8, 28, 106, 1,38, Off, Off, On, Off, On, Off, On, Off, Off, Off, Off, Rich
017.218, 712, 1,06, 78, 59, 0, 14, 0,34, 2,44, 12, 28, 106, 1,45, Off, Off, On, Off, On, Off, On, Off, Off, Off, Off, Rich
017.281, 688, 1,06, 78, 58, 0, 13,9, 0,34, 2,49, 11, 28, 106, 1,43, Off, Off, On, Off, On, Off, On, Off, Off, Off, Off, Rich
017.328, 712, 1,08, 78, 58, 0, 13,9, 0,34, 2,41, 10, 28, 106, 1,43, Off, Off, On, Off, On, Off, On, Off, Off, Off, Off, Rich
017.375, 688, 1,06, 78, 59, 0, 14, 0,34, 2,47, 8, 28, 106, 1,42, Off, Off, On, Off, On, Off, On, Off, Off, Off, Off, Rich
017.437, 712, 1,07, 78, 59, 0, 14, 0,34, 2,48, 12, 28, 106, 1,47, Off, Off, On, Off, On, Off, On, Off, Off, Off, Off, Rich
017.484, 688, 1,08, 78, 59, 0, 13,9, 0,34, 2,5, 11, 28, 106, 1,43, Off, Off, On, Off, On, Off, On, Off, Off, Off, Off, Rich
017.531, 688, 1,06, 78, 59, 0, 14, 0,34, 2,47, 10, 28, 106, 1,42, Off, Off, On, Off, On, Off, On, Off, Off, Off, Off, Rich
017.593, 725, 1,08, 78, 58, 0, 13,9, 0,34, 2,47, 12, 28, 106, 1,49, Off, Off, On, Off, On, Off, On, Off, Off, Off, Off, Rich
017.640, 688, 1,07, 78, 58, 0, 14, 0,34, 2,41, 11, 28, 106, 1,38, Off, Off, On, Off, On, Off, On, Off, Off, Off, Off, Rich
017.687, 712, 1,06, 78, 59, 0, 14, 0,34, 2,46, 9, 28, 106, 1,46, Off, Off, On, Off, On, Off, On, Off, Off, Off, Off, Rich
017.750, 688, 1,07, 78, 59, 0, 14, 0,34, 2,42, 8, 28, 106, 1,39, Off, Off, On, Off, On, Off, On, Off, Off, Off, Off, Rich
017.796, 712, 1,06, 78, 57, 0, 14, 0,34, 2,42, 12, 28, 106, 1,44, Off, Off, On, Off, On, Off, On, Off, Off, Off, Off, Rich
017.843, 675, 1,08, 78, 56, 0, 13,9, 0,34, 2,46, 12, 28, 106, 1,38, Off, Off, On, Off, On, Off, On, Off, Off, Off, Off, Rich
017.921, 712, 1,08, 78, 56, 0, 13,9, 0,34, 2,43, 10, 28, 106, 1,44, Off, Off, On, Off, On, Off, On, Off, Off, Off, Off, Rich
017.968, 688, 1,06, 78, 53, 0, 14, 0,34, 2,48, 8, 28, 106, 1,42, Off, Off, On, Off, On, Off, On, Off, Off, Off, Off, Rich
018.031, 712, 1,06, 78, 54, 0, 14, 0,34, 2,46, 8, 28, 106, 1,46, Off, Off, On, Off, On, Off, On, Off, Off, Off, Off, Rich
018.078, 675, 1,07, 78, 54, 0, 14, 0,34, 2,42, 8, 28, 106, 1,36, Off, Off, On, Off, On, Off, On, Off, Off, Off, Off, Rich
018.109, 688, 1,06, 78, 52, 0, 14, 0,34, 2,47, 8, 28, 106, 1,42, Off, Off, On, Off, On, Off, On, Off, Off, Off, Off, Rich
018.171, 688, 1,08, 78, 53, 0, 13,9, 0,34, 2,51, 12, 28, 106, 1,44, Off, Off, On, Off, On, Off, On, Off, Off, Off, Off, Rich
018.218, 688, 1,07, 78, 53, 0, 14, 0,34, 2,44, 11, 28, 106, 1,4, Off, Off, On, Off, On, Off, On, Off, Off, Off, Off, Rich
018.265, 712, 1,06, 78, 52, 0, 14, 0,34, 2,47, 10, 28, 106, 1,47, Off, Off, On, Off, On, Off, On, Off, Off, Off, Off, Rich
018.328, 688, 1,08, 78, 52, 0, 14, 0,34, 2,47, 8, 28, 106, 1,42, Off, Off, On, Off, On, Off, On, Off, Off, Off, Off, Rich
018.406, 712, 1,06, 78, 52, 0, 13,9, 0,34, 2,47, 11, 28, 106, 1,47, Off, Off, On, Off, On, Off, On, Off, Off, Off, Off, Rich
018.453, 675, 1,06, 78, 52, 0, 14, 0,34, 2,48, 12, 28, 106, 1,39, Off, Off, On, Off, On, Off, On, Off, Off, Off, Off, Rich
018.515, 712, 1,08, 78, 52, 0, 13,8, 0,34, 2,46, 11, 28, 106, 1,46, Off, Off, On, Off, On, Off, On, Off, Off, Off, Off, Rich
018.562, 675, 1,07, 78, 53, 0, 13,9, 0,34, 2,43, 8, 28, 106, 1,37, Off, Off, On, Off, On, Off, On, Off, Off, Off, Off, Rich
018.609, 712, 1,06, 78, 53, 0, 13,8, 0,34, 2,45, 8, 28, 106, 1,45, Off, Off, On, Off, On, Off, On, Off, Off, Off, Off, Rich
018.671, 675, 1,06, 78, 53, 0, 13,9, 0,34, 2,4, 8, 28, 106, 1,35, Off, Off, On, Off, On, Off, On, Off, Off, Off, Off, Rich
018.718, 712, 1,06, 78, 54, 0, 13,9, 0,34, 2,46, 12, 28, 106, 1,46, Off, Off, On, Off, On, Off, On, Off, Off, Off, Off, Rich
018.765, 688, 1,08, 78, 51, 0, 14, 0,34, 2,49, 12, 28, 106, 1,43, Off, Off, On, Off, On, Off, On, Off, Off, Off, Off, Rich
018.828, 688, 1,08, 78, 51, 0, 14, 0,34, 2,41, 12, 28, 106, 1,38, Off, Off, On, Off, On, Off, On, Off, Off, Off, Off, Rich
018.875, 688, 1,06, 78, 49, 0, 13,9, 0,34, 2,46, 11, 28, 106, 1,41, Off, Off, On, Off, On, Off, On, Off, Off, Off, Off, Rich
018.937, 712, 1,08, 78, 46, 0, 13,9, 0,34, 2,46, 9, 28, 106, 1,46, Off, Off, On, Off, On, Off, On, Off, Off, Off, Off, Rich
018.984, 688, 1,06, 78, 46, 0, 13,9, 0,34, 2,4, 8, 28, 106, 1,38, Off, Off, On, Off, On, Off, On, Off, Off, Off, Off, Rich
019.062, 688, 1,07, 78, 43, 0, 14, 0,34, 2,45, 8, 28, 106, 1,4, Off, Off, On, Off, On, Off, On, Off, Off, Off, Off, Rich
019.109, 688, 1,08, 78, 42, 0, 14, 0,34, 2,48, 12, 28, 106, 1,42, Off, Off, On, Off, On, Off, On, Off, Off, Off, Off, Rich
019.171, 688, 1,06, 78, 42, 0, 14, 0,34, 2,48, 12, 28, 106, 1,42, Off, Off, On, Off, On, Off, On, Off, Off, Off, Off, Lean
019.218, 712, 1,06, 78, 42, 0, 14, 0,34, 2,5, 11, 28, 106, 1,48, On, Off, On, Off, On, Off, On, Off, Off, Off, Off, Lean
019.265, 688, 1,07, 78, 42, 0, 14, 0,34, 2,45, 10, 28, 106, 1,4, On, Off, On, Off, On, Off, On, Off, Off, Off, Off, Lean
019.312, 688, 1,06, 78, 39, 0, 13,9, 0,34, 2,51, 12, 28, 106, 1,44, On, Off, On, Off, On, Off, On, Off, Off, Off, Off, Lean
019.359, 688, 1,08, 78, 37, 0, 14, 0,34, 2,49, 10, 28, 106, 1,43, On, Off, On, Off, On, Off, On, Off, Off, Off, Off, Lean
019.406, 712, 1,06, 78, 37, 0, 14, 0,34, 2,47, 12, 28, 106, 1,47, On, Off, On, Off, On, Off, On, Off, Off, Off, Off, Lean
019.484, 688, 1,07, 78, 35, 0, 14, 0,34, 2,5, 11, 28, 106, 1,43, On, Off, On, Off, On, Off, On, Off, Off, Off, Off, Lean
019.531, 712, 1,08, 78, 35, 0, 13,9, 0,34, 2,5, 8, 28, 106, 1,48, On, Off, On, Off, On, Off, On, Off, Off, Off, Off, Lean
019.578, 688, 1,06, 78, 35, 0, 14, 0,34, 2,49, 8, 28, 106, 1,43, On, Off, On, Off, On, Off, On, Off, Off, Off, Off, Lean
019.640, 712, 1,06, 78, 34, 0, 14, 0,34, 2,5, 11, 28, 106, 1,48, On, Off, On, Off, On, Off, On, Off, Off, Off, Off, Lean
019.687, 688, 1,07, 78, 34, 0, 14, 0,34, 2,49, 10, 28, 106, 1,43, On, Off, On, Off, On, Off, On, Off, Off, Off, Off, Lean
019.750, 725, 1,06, 78, 35, 0, 14, 0,34, 2,49, 9, 28, 106, 1,5, On, Off, On, Off, On, Off, On, Off, Off, Off, Off, Lean
019.796, 675, 1,08, 78, 36, 0, 14, 0,34, 2,51, 11, 28, 106, 1,41, On, Off, On, Off, On, Off, On, Off, Off, Off, Off, Lean
019.859, 712, 1,06, 78, 36, 0, 13,9, 0,34, 2,49, 10, 28, 106, 1,48, On, Off, On, Off, On, Off, On, Off, Off, Off, Off, Lean
019.906, 688, 1,06, 78, 39, 0, 14, 0,34, 2,46, 8, 28, 106, 1,41, On, Off, On, Off, On, Off, On, Off, Off, Off, Off, Lean
019.968, 725, 1,08, 78, 39, 0, 13,9, 0,34, 2,47, 8, 28, 106, 1,49, On, Off, On, Off, On, Off, On, Off, Off, Off, Off, Lean
020.015, 688, 1,06, 78, 41, 0, 14, 0,34, 2,46, 12, 28, 106, 1,41, On, Off, On, Off, On, Off, On, Off, Off, Off, Off, Lean
020.078, 712, 1,07, 78, 46, 0, 13,9, 0,34, 2,49, 11, 28, 106, 1,48, On, Off, On, Off, On, Off, On, Off, Off, Off, Off, Lean
020.125, 688, 1,08, 78, 51, 0, 14, 0,34, 2,51, 12, 28, 106, 1,44, On, Off, On, Off, On, Off, On, Off, Off, Off, Off, Lean
020.187, 725, 1,06, 78, 51, 0, 13,9, 0,34, 2,51, 11, 28, 106, 1,52, On, Off, On, Off, On, Off, On, Off, Off, Off, Off, Rich
020.234, 688, 1,06, 78, 55, 0, 14, 0,34, 2,46, 8, 28, 106, 1,41, On, Off, On, Off, On, Off, On, Off, Off, Off, Off, Rich
020.312, 712, 1,08, 78, 55, 0, 13,9, 0,34, 2,4, 7, 28, 106, 1,42, On, Off, On, Off, On, Off, On, Off, Off, Off, Off, Rich
020.359, 688, 1,06, 78, 56, 0, 13,9, 0,34, 2,45, 8, 28, 106, 1,4, On, Off, On, Off, On, Off, On, Off, Off, Off, Off, Rich
020.421, 688, 1,07, 78, 57, 0, 13,8, 0,34, 2,49, 12, 28, 106, 1,43, On, Off, On, Off, On, Off, On, Off, Off, Off, Off, Rich
020.468, 675, 1,08, 78, 57, 0, 14, 0,34, 2,5, 12, 28, 106, 1,41, On, Off, On, Off, On, Off, On, Off, Off, Off, Off, Rich
020.515, 712, 1,06, 78, 57, 0, 13,8, 0,34, 2,5, 11, 28, 106, 1,48, On, Off, On, Off, On, Off, On, Off, Off, Off, Off, Rich
020.578, 688, 1,06, 78, 58, 0, 13,9, 0,34, 2,45, 12, 28, 106, 1,4, On, Off, On, Off, On, Off, On, Off, Off, Off, Off, Rich
020.625, 688, 1,08, 78, 58, 0, 13,8, 0,34, 2,43, 12, 28, 106, 1,39, On, Off, On, Off, On, Off, On, Off, Off, Off, Off, Rich
020.671, 712, 1,06, 78, 58, 0, 14, 0,34, 2,48, 11, 28, 106, 1,47, On, Off, On, Off, On, Off, On, Off, Off, Off, Off, Rich
020.734, 712, 1,07, 78, 58, 0, 13,9, 0,34, 2,48, 12, 28, 106, 1,47, On, Off, On, Off, On, Off, On, Off, Off, Off, Off, Rich
020.781, 725, 1,08, 78, 58, 0, 13,9, 0,34, 2,43, 10, 28, 106, 1,47, On, Off, On, Off, On, Off, On, Off, Off, Off, Off, Rich
020.859, 688, 1,06, 78, 58, 0, 13,9, 0,34, 2,42, 12, 28, 106, 1,39, On, Off, On, Off, On, Off, On, Off, Off, Off, Off, Rich
020.906, 712, 1,06, 78, 59, 0, 14, 0,34, 2,46, 10, 28, 106, 1,46, On, Off, On, Off, On, Off, On, Off, Off, Off, Off, Rich
020.953, 712, 1,07, 78, 59, 0, 14, 0,34, 2,43, 8, 28, 106, 1,44, On, Off, On, Off, On, Off, On, Off, Off, Off, Off, Rich
021.015, 712, 1,06, 78, 58, 0, 13,9, 0,34, 2,46, 8, 28, 106, 1,46, On, Off, On, Off, On, Off, On, Off, Off, Off, Off, Rich
021.062, 688, 1,08, 78, 58, 0, 14, 0,34, 2,49, 8, 28, 106, 1,43, On, Off, On, Off, On, Off, On, Off, Off, Off, Off, Rich
021.125, 712, 1,06, 78, 58, 0, 13,8, 0,34, 2,49, 12, 28, 106, 1,48, On, Off, On, Off, On, Off, On, Off, Off, Off, Off, Rich
021.171, 675, 1,06, 78, 56, 0, 14, 0,34, 2,48, 12, 28, 106, 1,39, On, Off, On, Off, On, Off, On, Off, Off, Off, Off, Rich
021.218, 725, 1,08, 78, 56, 0, 13,8, 0,34, 2,41, 11, 28, 106, 1,46, On, Off, On, Off, On, Off, On, Off, Off, Off, Off, Rich
021.281, 712, 1,06, 78, 55, 0, 14, 0,34, 2,47, 9, 28, 106, 1,47, On, Off, On, Off, On, Off, On, Off, Off, Off, Off, Rich
021.328, 712, 1,06, 78, 52, 0, 13,8, 0,34, 2,46, 11, 28, 106, 1,46, On, Off, On, Off, On, Off, On, Off, Off, Off, Off, Rich
021.375, 688, 1,06, 78, 52, 0, 13,9, 0,34, 2,41, 9, 28, 106, 1,38, On, Off, On, Off, On, Off, On, Off, Off, Off, Off, Rich
021.437, 675, 1,06, 78, 52, 0, 14, 0,34, 2,45, 11, 28, 106, 1,38, On, Off, On, Off, On, Off, On, Off, Off, Off, Off, Rich
021.500, 688, 1,08, 78, 51, 0, 13,9, 0,34, 2,46, 9, 28, 106, 1,41, Off, Off, On, Off, On, Off, On, Off, Off, Off, Off, Rich
021.546, 675, 1,07, 78, 51, 0, 13,9, 0,34, 2,42, 12, 28, 106, 1,36, Off, Off, On, Off, On, Off, On, Off, Off, Off, Off, Rich
021.609, 712, 1,06, 78, 53, 0, 13,8, 0,34, 2,5, 11, 28, 106, 1,48, Off, Off, On, Off, On, Off, On, Off, Off, Off, Off, Rich
021.656, 675, 1,08, 78, 51, 0, 13,9, 0,34, 2,49, 8, 28, 106, 1,4, Off, Off, On, Off, On, Off, On, Off, Off, Off, Off, Rich
021.703, 712, 1,06, 78, 51, 0, 13,9, 0,34, 2,45, 8, 28, 106, 1,45, Off, Off, On, Off, On, Off, On, Off, Off, Off, Off, Rich
021.750, 688, 1,08, 78, 53, 0, 14, 0,34, 2,47, 8, 28, 106, 1,42, Off, Off, On, Off, On, Off, On, Off, Off, Off, Off, Rich
021.796, 688, 1,06, 78, 53, 0, 14, 0,34, 2,46, 11, 28, 106, 1,41, Off, Off, On, Off, On, Off, On, Off, Off, Off, Off, Rich
021.828, 688, 1,06, 78, 52, 0, 13,9, 0,34, 2,49, 12, 28, 106, 1,43, Off, Off, On, Off, On, Off, On, Off, Off, Off, Off, Rich
021.875, 688, 1,07, 78, 52, 0, 14, 0,34, 2,46, 12, 28, 106, 1,41, Off, Off, On, Off, On, Off, On, Off, Off, Off, Off, Rich
021.937, 688, 1,06, 78, 54, 0, 14, 0,34, 2,45, 12, 28, 106, 1,4, Off, Off, On, Off, On, Off, On, Off, Off, Off, Off, Rich
022.000, 725, 1,06, 78, 54, 0, 13,9, 0,34, 2,43, 12, 28, 106, 1,47, Off, Off, On, Off, On, Off, On, Off, Off, Off, Off, Rich
022.062, 688, 1,07, 78, 54, 0, 13,9, 0,34, 2,39, 11, 28, 106, 1,37, Off, Off, On, Off, On, Off, On, Off, Off, Off, Off, Rich
022.125, 725, 1,06, 78, 56, 0, 14, 0,34, 2,44, 9, 28, 106, 1,47, Off, Off, On, Off, On, Off, On, Off, Off, Off, Off, Rich
022.187, 688, 1,08, 78, 56, 0, 14, 0,34, 2,46, 12, 28, 106, 1,41, Off, Off, On, Off, On, Off, On, Off, Off, Off, Off, Rich
022.234, 712, 1,08, 78, 56, 0, 13,9, 0,34, 2,43, 11, 28, 106, 1,44, Off, Off, On, Off, On, Off, On, Off, Off, Off, Off, Rich
022.281, 688, 1,06, 78, 56, 0, 13,9, 0,34, 2,46, 12, 28, 106, 1,41, Off, Off, On, Off, On, Off, On, Off, Off, Off, Off, Rich
022.328, 688, 1,07, 78, 54, 0, 14, 0,34, 2,46, 10, 28, 106, 1,41, Off, Off, On, Off, On, Off, On, Off, Off, Off, Off, Rich
022.390, 675, 1,06, 78, 54, 0, 13,9, 0,34, 2,42, 8, 28, 106, 1,36, Off, Off, On, Off, On, Off, On, Off, Off, Off, Off, Rich
022.437, 688, 1,06, 78, 53, 0, 13,9, 0,34, 2,46, 8, 28, 106, 1,41, Off, Off, On, Off, On, Off, On, Off, Off, Off, Off, Rich
022.500, 712, 1,08, 78, 50, 0, 13,9, 0,34, 2,47, 12, 28, 106, 1,47, Off, Off, On, Off, On, Off, On, Off, Off, Off, Off, Rich
022.546, 675, 1,07, 78, 50, 0, 14, 0,34, 2,46, 11, 28, 106, 1,38, Off, Off, On, Off, On, Off, On, Off, Off, Off, Off, Rich
022.609, 712, 1,06, 78, 48, 0, 14, 0,34, 2,46, 10, 28, 106, 1,46, Off, Off, On, Off, On, Off, On, Off, Off, Off, Off, Rich
022.671, 688, 1,08, 78, 48, 0, 14, 0,34, 2,42, 8, 28, 106, 1,39, Off, Off, On, Off, On, Off, On, Off, Off, Off, Off, Rich
022.734, 712, 1,06, 78, 45, 0, 13,8, 0,34, 2,47, 11, 28, 106, 1,47, Off, Off, On, Off, On, Off, On, Off, Off, Off, Off, Rich
022.781, 688, 1,06, 78, 43, 0, 13,9, 0,34, 2,5, 12, 28, 106, 1,43, Off, Off, On, Off, On, Off, On, Off, Off, Off, Off, Rich
022.828, 688, 1,08, 78, 43, 0, 13,8, 0,34, 2,41, 12, 28, 106, 1,38, Off, Off, On, Off, On, Off, On, Off, Off, Off, Off, Rich
022.890, 675, 1,06, 78, 40, 0, 13,9, 0,34, 2,44, 11, 28, 106, 1,37, Off, Off, On, Off, On, Off, On, Off, Off, Off, Off, Lean
022.937, 712, 1,07, 78, 40, 0, 13,9, 0,34, 2,53, 9, 28, 106, 1,5, Off, Off, On, Off, On, Off, On, Off, Off, Off, Off, Lean
022.984, 688, 1,06, 78, 40, 0, 13,9, 0,34, 2,43, 7, 28, 106, 1,39, Off, Off, On, Off, On, Off, On, Off, Off, Off, Off, Lean
023.046, 688, 1,06, 78, 37, 0, 14, 0,34, 2,53, 12, 28, 106, 1,45, Off, Off, On, Off, On, Off, On, Off, Off, Off, Off, Lean
023.093, 688, 1,08, 78, 39, 0, 13,9, 0,34, 2,53, 12, 28, 106, 1,45, Off, Off, On, Off, On, Off, On, Off, Off, Off, Off, Lean
023.156, 712, 1,06, 78, 39, 0, 13,9, 0,34, 2,53, 12, 28, 106, 1,5, Off, Off, On, Off, On, Off, On, Off, Off, Off, Off, Lean
023.203, 688, 1,06, 78, 36, 0, 14, 0,34, 2,49, 9, 28, 106, 1,43, Off, Off, On, Off, On, Off, On, Off, Off, Off, Off, Lean
023.281, 712, 1,08, 78, 36, 0, 13,9, 0,34, 2,44, 8, 28, 106, 1,45, Off, Off, On, Off, On, Off, On, Off, Off, Off, Off, Lean
023.328, 688, 1,06, 78, 36, 0, 13,9, 0,34, 2,5, 11, 28, 106, 1,43, Off, Off, On, Off, On, Off, On, Off, Off, Off, Off, Lean
023.375, 688, 1,07, 78, 34, 0, 14, 0,34, 2,51, 10, 28, 106, 1,44, Off, Off, On, Off, On, Off, On, Off, Off, Off, Off, Lean
023.421, 688, 1,06, 78, 34, 0, 13,9, 0,34, 2,45, 8, 28, 106, 1,4, Off, Off, On, Off, On, Off, On, Off, Off, Off, Off, Lean
023.468, 712, 1,06, 78, 37, 0, 14, 0,34, 2,51, 11, 28, 106, 1,49, Off, Off, On, Off, On, Off, On, Off, Off, Off, Off, Lean
023.546, 712, 1,08, 78, 39, 0, 14, 0,34, 2,51, 9, 28, 106, 1,49, Off, Off, On, Off, On, Off, On, Off, Off, Off, Off, Lean
023.578, 688, 1,07, 78, 39, 0, 14, 0,34, 2,44, 8, 28, 106, 1,4, Off, Off, On, Off, On, Off, On, Off, Off, Off, Off, Lean
023.625, 712, 1,06, 78, 44, 0, 13,9, 0,34, 2,52, 12, 28, 106, 1,5, Off, Off, On, Off, On, Off, On, Off, Off, Off, Off, Lean
023.703, 675, 1,07, 78, 44, 0, 14, 0,34, 2,46, 12, 28, 106, 1,38, Off, Off, On, Off, On, Off, On, Off, Off, Off, Off, Lean
023.750, 712, 1,06, 78, 45, 0, 14, 0,34, 2,49, 10, 28, 106, 1,48, Off, Off, On, Off, On, Off, On, Off, Off, Off, Off, Lean
023.796, 688, 1,08, 78, 50, 0, 14, 0,34, 2,52, 12, 28, 106, 1,44, Off, Off, On, Off, On, Off, On, Off, Off, Off, Off, Lean
023.859, 725, 1,06, 78, 50, 0, 13,8, 0,34, 2,51, 11, 28, 106, 1,52, Off, Off, On, Off, On, Off, On, Off, Off, Off, Off, Rich
023.906, 688, 1,06, 78, 53, 0, 13,9, 0,34, 2,46, 8, 28, 106, 1,41, Off, Off, On, Off, On, Off, On, Off, Off, Off, Off, Rich
023.968, 712, 1,08, 78, 53, 0, 13,8, 0,34, 2,43, 8, 28, 106, 1,44, Off, Off, On, Off, On, Off, On, Off, Off, Off, Off, Rich
024.015, 675, 1,07, 78, 55, 0, 14, 0,34, 2,43, 8, 28, 106, 1,37, Off, Off, On, Off, On, Off, On, Off, Off, Off, Off, Rich
024.078, 688, 1,06, 78, 57, 0, 13,8, 0,34, 2,51, 8, 28, 106, 1,44, Off, Off, On, Off, On, Off, On, Off, Off, Off, Off, Rich
024.125, 675, 1,08, 78, 58, 0, 13,9, 0,34, 2,5, 12, 28, 106, 1,41, Off, Off, On, Off, On, Off, On, Off, Off, Off, Off, Rich
024.171, 712, 1,06, 78, 58, 0, 13,8, 0,34, 2,5, 11, 28, 106, 1,48, Off, Off, On, Off, On, Off, On, Off, Off, Off, Off, Rich
024.234, 675, 1,06, 78, 58, 0, 13,9, 0,34, 2,46, 8, 28, 106, 1,38, Off, Off, On, Off, On, Off, On, Off, Off, Off, Off, Rich
024.296, 688, 1,08, 78, 58, 0, 14, 0,34, 2,46, 8, 28, 106, 1,41, Off, Off, On, Off, On, Off, On, Off, Off, Off, Off, Rich
024.359, 712, 1,06, 78, 58, 0, 13,9, 0,34, 2,5, 12, 28, 106, 1,48, Off, Off, On, Off, On, Off, On, Off, Off, Off, Off, Rich
024.406, 712, 1,06, 78, 58, 0, 14, 0,34, 2,51, 10, 28, 106, 1,49, Off, Off, On, Off, On, Off, On, Off, Off, Off, Off, Rich
024.468, 712, 1,08, 78, 58, 0, 13,8, 0,34, 2,41, 8, 28, 106, 1,43, Off, Off, On, Off, On, Off, On, Off, Off, Off, Off, Rich
024.515, 688, 1,06, 78, 58, 0, 13,9, 0,34, 2,48, 8, 28, 106, 1,42, Off, Off, On, Off, On, Off, On, Off, Off, Off, Off, Rich
024.562, 688, 1,06, 78, 58, 0, 13,8, 0,34, 2,5, 12, 28, 106, 1,43, Off, Off, On, Off, On, Off, On, Off, Off, Off, Off, Rich
024.625, 675, 1,06, 78, 58, 0, 13,9, 0,34, 2,46, 12, 28, 106, 1,38, Off, Off, On, Off, On, Off, On, Off, Off, Off, Off, Rich
024.671, 688, 1,06, 78, 59, 0, 13,9, 0,34, 2,47, 12, 28, 106, 1,42, Off, Off, On, Off, On, Off, On, Off, Off, Off, Off, Rich
024.734, 688, 1,08, 78, 57, 0, 13,9, 0,34, 2,47, 11, 28, 106, 1,42, Off, Off, On, Off, On, Off, On, Off, Off, Off, Off, Rich
024.781, 688, 1,07, 78, 57, 0, 14, 0,34, 2,48, 12, 28, 106, 1,42, Off, Off, On, Off, On, Off, On, Off, Off, Off, Off, Rich
024.828, 688, 1,06, 78, 58, 0, 13,9, 0,34, 2,49, 11, 28, 106, 1,43, Off, Off, On, Off, On, Off, On, Off, Off, Off, Off, Rich
024.890, 712, 1,08, 78, 58, 0, 13,9, 0,34, 2,42, 10, 28, 106, 1,44, Off, Off, On, Off, On, Off, On, Off, Off, Off, Off, Rich
024.937, 688, 1,06, 78, 56, 0, 13,9, 0,34, 2,47, 12, 28, 106, 1,42, Off, Off, On, Off, On, Off, On, Off, Off, Off, Off, Rich
024.984, 688, 1,07, 78, 56, 0, 13,9, 0,34, 2,49, 12, 28, 106, 1,43, Off, Off, On, Off, On, Off, On, Off, Off, Off, Off, Rich
025.046, 675, 1,06, 78, 56, 0, 13,9, 0,34, 2,43, 10, 28, 106, 1,37, Off, Off, On, Off, On, Off, On, Off, Off, Off, Off, Rich
025.093, 675, 1,06, 78, 55, 0, 14, 0,34, 2,43, 12, 28, 106, 1,37, Off, Off, On, Off, On, Off, On, Off, Off, Off, Off, Rich
025.140, 688, 1,08, 78, 55, 0, 13,9, 0,34, 2,42, 11, 28, 106, 1,39, Off, Off, On, Off, On, Off, On, Off, Off, Off, Off, Rich
025.187, 688, 1,06, 78, 55, 0, 14, 0,34, 2,46, 11, 28, 106, 1,41, Off, Off, On, Off, On, Off, On, Off, Off, Off, Off, Rich
025.234, 712, 1,06, 78, 53, 0, 13,8, 0,34, 2,49, 11, 28, 106, 1,48, Off, Off, On, Off, On, Off, On, Off, Off, Off, Off, Rich
025.281, 688, 1,06, 78, 53, 0, 13,9, 0,34, 2,46, 12, 28, 106, 1,41, Off, Off, On, Off, On, Off, On, Off, Off, Off, Off, Rich
025.359, 712, 1,06, 78, 55, 0, 13,9, 0,34, 2,45, 12, 28, 106, 1,45, Off, Off, On, Off, On, Off, On, Off, Off, Off, Off, Rich
025.406, 675, 1,08, 78, 54, 0, 13,9, 0,34, 2,47, 10, 28, 106, 1,39, Off, Off, On, Off, On, Off, On, Off, Off, Off, Off, Rich
025.453, 688, 1,06, 78, 54, 0, 14, 0,34, 2,45, 9, 28, 106, 1,4, Off, Off, On, Off, On, Off, On, Off, Off, Off, Off, Rich
025.515, 675, 1,08, 78, 55, 0, 13,9, 0,34, 2,49, 12, 28, 106, 1,4, Off, Off, On, Off, On, Off, On, Off, Off, Off, Off, Rich
025.578, 712, 1,08, 78, 55, 0, 13,9, 0,34, 2,46, 12, 28, 106, 1,46, Off, Off, On, Off, On, Off, On, Off, Off, Off, Off, Rich
025.625, 712, 1,06, 78, 53, 0, 13,9, 0,34, 2,41, 12, 28, 106, 1,43, Off, Off, On, Off, On, Off, On, Off, Off, Off, Off, Rich
025.687, 675, 1,07, 78, 54, 0, 13,9, 0,34, 2,5, 12, 28, 106, 1,41, Off, Off, On, Off, On, Off, On, Off, Off, Off, Off, Rich
025.734, 712, 1,07, 78, 51, 0, 13,9, 0,34, 2,47, 12, 28, 106, 1,47, Off, Off, On, Off, On, Off, On, Off, Off, Off, Off, Rich
025.781, 675, 1,06, 78, 51, 0, 13,9, 0,34, 2,48, 12, 28, 106, 1,39, Off, Off, On, Off, On, Off, On, Off, Off, Off, Off, Rich
025.843, 688, 1,08, 78, 51, 0, 13,8, 0,34, 2,46, 12, 28, 106, 1,41, Off, Off, On, Off, On, Off, On, Off, Off, Off, Off, Rich
025.890, 675, 1,06, 78, 51, 0, 13,9, 0,34, 2,43, 12, 28, 106, 1,37, Off, Off, On, Off, On, Off, On, Off, Off, Off, Off, Rich
025.937, 712, 1,06, 78, 49, 0, 13,8, 0,34, 2,49, 12, 28, 106, 1,48, Off, Off, On, Off, On, Off, On, Off, Off, Off, Off, Rich
026.000, 688, 1,08, 78, 49, 0, 13,9, 0,34, 2,49, 12, 28, 106, 1,43, Off, Off, On, Off, On, Off, On, Off, Off, Off, Off, Rich
026.062, 712, 1,06, 78, 49, 0, 13,9, 0,34, 2,46, 14, 28, 106, 1,46, Off, Off, On, Off, On, Off, On, Off, Off, Off, Off, Rich
026.125, 688, 1,06, 78, 48, 0, 13,8, 0,34, 2,46, 12, 28, 106, 1,41, Off, Off, On, Off, On, Off, On, Off, Off, Off, Off, Rich
026.171, 688, 1,07, 78, 48, 0, 13,9, 0,34, 2,43, 11, 28, 106, 1,39, Off, Off, On, Off, On, Off, On, Off, Off, Off, Off, Rich
026.218, 712, 1,06, 78, 49, 0, 13,8, 0,34, 2,45, 12, 28, 106, 1,45, Off, Off, On, Off, On, Off, On, Off, Off, Off, Off, Rich
026.281, 688, 1,08, 78, 46, 0, 13,9, 0,34, 2,48, 12, 28, 106, 1,42, Off, Off, On, Off, On, Off, On, Off, Off, Off, Off, Rich
026.328, 688, 1,08, 78, 46, 0, 13,9, 0,34, 2,47, 12, 28, 106, 1,42, Off, Off, On, Off, On, Off, On, Off, Off, Off, Off, Rich
026.375, 688, 1,06, 78, 43, 0, 13,9, 0,34, 2,47, 11, 28, 106, 1,42, Off, Off, On, Off, On, Off, On, Off, Off, Off, Off, Rich
026.453, 712, 1,08, 78, 43, 0, 13,9, 0,34, 2,4, 10, 28, 106, 1,42, Off, Off, On, Off, On, Off, On, Off, Off, Off, Off, Rich
026.484, 688, 1,06, 78, 40, 0, 13,9, 0,34, 2,49, 11, 28, 106, 1,43, Off, Off, On, Off, On, Off, On, Off, Off, Off, Off, Lean
026.531, 688, 1,08, 78, 39, 0, 13,9, 0,34, 2,54, 12, 28, 106, 1,46, Off, Off, On, Off, On, Off, On, Off, Off, Off, Off, Lean
026.578, 675, 1,06, 78, 39, 0, 13,9, 0,34, 2,47, 11, 28, 106, 1,39, Off, Off, On, Off, On, Off, On, Off, Off, Off, Off, Lean
026.625, 688, 1,06, 78, 37, 0, 13,9, 0,34, 2,53, 12, 28, 106, 1,45, Off, Off, On, Off, On, Off, On, Off, Off, Off, Off, Lean
026.671, 712, 1,08, 78, 37, 0, 13,9, 0,34, 2,5, 12, 28, 106, 1,48, Off, Off, On, Off, On, Off, On, Off, Off, Off, Off, Lean
026.734, 688, 1,06, 78, 37, 0, 13,9, 0,34, 2,54, 12, 28, 106, 1,46, Off, Off, On, Off, On, Off, On, Off, Off, Off, Off, Lean
026.781, 688, 1,06, 78, 34, 0, 13,8, 0,34, 2,54, 12, 28, 106, 1,46, Off, Off, On, Off, On, Off, On, Off, Off, Off, Off, Lean
026.843, 675, 1,06, 78, 34, 0, 13,9, 0,34, 2,47, 11, 28, 106, 1,39, Off, Off, On, Off, On, Off, On, Off, Off, Off, Off, Lean
026.906, 712, 1,06, 78, 33, 0, 13,9, 0,34, 2,49, 12, 28, 106, 1,48, Off, Off, On, Off, On, Off, On, Off, Off, Off, Off, Lean
026.953, 675, 1,08, 78, 33, 0, 13,9, 0,34, 2,51, 10, 28, 106, 1,41, Off, Off, On, Off, On, Off, On, Off, Off, Off, Off, Lean
027.000, 688, 1,06, 78, 33, 0, 13,9, 0,34, 2,53, 12, 28, 106, 1,45, Off, Off, On, Off, On, Off, On, Off, Off, Off, Off, Lean
027.046, 675, 1,08, 78, 36, 0, 13,9, 0,34, 2,51, 12, 28, 106, 1,41, Off, Off, On, Off, On, Off, On, Off, Off, Off, Off, Lean
027.109, 688, 1,08, 78, 36, 0, 13,9, 0,34, 2,45, 10, 28, 106, 1,4, Off, Off, On, Off, On, Off, On, Off, Off, Off, Off, Lean
027.156, 688, 1,06, 78, 38, 0, 13,9, 0,34, 2,55, 12, 28, 106, 1,46, Off, Off, On, Off, On, Off, On, Off, Off, Off, Off, Lean
027.218, 712, 1,06, 78, 42, 0, 13,9, 0,34, 2,51, 11, 28, 106, 1,49, Off, Off, On, Off, On, Off, On, Off, Off, Off, Off, Lean
027.265, 675, 1,06, 78, 42, 0, 13,8, 0,34, 2,48, 12, 28, 106, 1,39, Off, Off, On, Off, On, Off, On, Off, Off, Off, Off, Lean
027.312, 688, 1,06, 78, 44, 0, 13,9, 0,34, 2,53, 11, 28, 106, 1,45, Off, Off, On, Off, On, Off, On, Off, Off, Off, Off, Lean
027.390, 675, 1,07, 78, 49, 0, 13,9, 0,34, 2,51, 9, 28, 106, 1,41, Off, Off, On, Off, On, Off, On, Off, Off, Off, Off, Lean
027.437, 675, 1,06, 78, 49, 0, 13,9, 0,34, 2,43, 12, 28, 106, 1,37, Off, Off, On, Off, On, Off, On, Off, Off, Off, Off, Rich
027.500, 712, 1,06, 78, 52, 0, 13,8, 0,34, 2,52, 12, 28, 106, 1,5, Off, Off, On, Off, On, Off, On, Off, Off, Off, Off, Rich
027.546, 675, 1,08, 78, 55, 0, 13,9, 0,34, 2,54, 12, 28, 106, 1,43, Off, Off, On, Off, On, Off, On, Off, Off, Off, Off, Rich
027.593, 712, 1,06, 78, 55, 0, 13,8, 0,34, 2,51, 12, 28, 106, 1,49, Off, Off, On, Off, On, Off, On, Off, Off, Off, Off, Rich
027.656, 688, 1,07, 78, 56, 0, 13,9, 0,34, 2,51, 12, 28, 106, 1,44, Off, Off, On, Off, On, Off, On, Off, Off, Off, Off, Rich
027.703, 688, 1,07, 78, 56, 0, 13,9, 0,34, 2,5, 12, 28, 106, 1,43, Off, Off, On, Off, On, Off, On, Off, Off, Off, Off, Rich
027.750, 688, 1,06, 78, 58, 0, 13,8, 0,34, 2,5, 12, 28, 106, 1,43, Off, Off, On, Off, On, Off, On, Off, Off, Off, Off, Rich
027.812, 688, 1,08, 78, 58, 0, 13,8, 0,34, 2,49, 12, 28, 106, 1,43, Off, Off, On, Off, On, Off, On, Off, Off, Off, Off, Rich
027.875, 688, 1,06, 78, 58, 0, 13,9, 0,34, 2,48, 12, 28, 106, 1,42, Off, Off, On, Off, On, Off, On, Off, Off, Off, Off, Rich
027.921, 675, 1,08, 78, 59, 0, 13,9, 0,34, 2,53, 14, 28, 106, 1,42, Off, Off, On, Off, On, Off, On, Off, Off, Off, Off, Rich
027.968, 675, 1,06, 78, 59, 0, 13,9, 0,34, 2,48, 12, 28, 106, 1,39, Off, Off, On, Off, On, Off, On, Off, Off, Off, Off, Rich
028.015, 675, 1,05, 78, 59, 0, 13,9, 0,34, 2,52, 12, 28, 106, 1,42, Off, Off, On, Off, On, Off, On, Off, Off, Off, Off, Rich
028.062, 675, 1,08, 78, 59, 0, 13,8, 0,34, 2,46, 12, 28, 106, 1,38, Off, Off, On, Off, On, Off, On, Off, Off, Off, Off, Rich
028.125, 688, 1,06, 78, 59, 0, 13,9, 0,34, 2,53, 13, 28, 106, 1,45, Off, Off, On, Off, On, Off, On, Off, Off, Off, Off, Rich
028.171, 688, 1,06, 78, 59, 0, 13,9, 0,34, 2,52, 12, 28, 106, 1,44, Off, Off, On, Off, On, Off, On, Off, Off, Off, Off, Rich
028.218, 688, 1,06, 78, 59, 0, 13,9, 0,34, 2,47, 12, 28, 106, 1,42, Off, Off, On, Off, On, Off, On, Off, Off, Off, Off, Rich
028.281, 688, 1,06, 78, 59, 0, 13,9, 0,34, 2,53, 12, 28, 106, 1,45, Off, Off, On, Off, On, Off, On, Off, Off, Off, Off, Rich
028.328, 688, 1,08, 78, 59, 0, 13,9, 0,34, 2,48, 12, 28, 106, 1,42, Off, Off, On, Off, On, Off, On, Off, Off, Off, Off, Rich
028.375, 675, 1,06, 78, 58, 0, 13,9, 0,34, 2,49, 13, 28, 106, 1,4, Off, Off, On, Off, On, Off, On, Off, Off, Off, Off, Rich
028.437, 675, 1,07, 78, 59, 0, 13,9, 0,34, 2,52, 12, 28, 106, 1,42, Off, Off, On, Off, On, Off, On, Off, Off, Off, Off, Rich
028.484, 675, 1,08, 78, 59, 0, 13,9, 0,34, 2,51, 12, 28, 106, 1,41, Off, Off, On, Off, On, Off, On, Off, Off, Off, Off, Rich
028.531, 662, 1,06, 78, 58, 0, 13,9, 0,34, 2,51, 14, 28, 106, 1,38, Off, Off, On, Off, On, Off, On, Off, Off, Off, Off, Rich
028.578, 688, 1,07, 78, 58, 0, 13,8, 0,34, 2,46, 13, 28, 106, 1,41, Off, Off, On, Off, On, Off, On, Off, Off, Off, Off, Rich
028.656, 688, 1,06, 78, 58, 0, 13,9, 0,34, 2,51, 12, 28, 106, 1,44, Off, Off, On, Off, On, Off, On, Off, Off, Off, Off, Rich
028.703, 675, 1,06, 78, 58, 0, 13,9, 0,34, 2,54, 12, 28, 106, 1,43, Off, Off, On, Off, On, Off, On, Off, Off, Off, Off, Rich
028.750, 675, 1,06, 78, 58, 0, 13,9, 0,34, 2,49, 13, 28, 106, 1,4, Off, Off, On, Off, On, Off, On, Off, Off, Off, Off, Rich
028.781, 688, 1,06, 78, 58, 0, 13,8, 0,34, 2,51, 12, 28, 106, 1,44, Off, Off, On, Off, On, Off, On, Off, Off, Off, Off, Rich
028.828, 688, 1,08, 78, 58, 0, 13,8, 0,34, 2,52, 12, 28, 106, 1,44, Off, Off, On, Off, On, Off, On, Off, Off, Off, Off, Rich
028.890, 662, 1,05, 78, 57, 0, 13,9, 0,34, 2,51, 14, 28, 106, 1,38, Off, Off, On, Off, On, Off, On, Off, Off, Off, Off, Rich
028.953, 675, 1,07, 78, 57, 0, 13,9, 0,34, 2,51, 12, 28, 106, 1,41, Off, Off, On, Off, On, Off, On, Off, Off, Off, Off, Rich
029.000, 675, 1,06, 78, 57, 0, 13,8, 0,34, 2,48, 12, 28, 106, 1,39, Off, Off, On, Off, On, Off, On, Off, Off, Off, Off, Rich
029.046, 688, 1,06, 78, 56, 0, 13,9, 0,34, 2,54, 12, 28, 106, 1,46, Off, Off, On, Off, On, Off, On, Off, Off, Off, Off, Rich
029.093, 675, 1,06, 78, 56, 0, 13,9, 0,34, 2,49, 12, 28, 106, 1,4, Off, Off, On, Off, On, Off, On, Off, Off, Off, Off, Rich
029.140, 688, 1,06, 78, 56, 0, 13,9, 0,34, 2,46, 10, 28, 106, 1,41, Off, Off, On, Off, On, Off, On, Off, Off, Off, Off, Rich
029.203, 688, 1,08, 78, 54, 0, 13,8, 0,34, 2,52, 12, 28, 106, 1,44, Off, Off, On, Off, On, Off, On, Off, Off, Off, Off, Rich
029.250, 675, 1,07, 78, 54, 0, 13,9, 0,34, 2,45, 12, 28, 106, 1,38, Off, Off, On, Off, On, Off, On, Off, Off, Off, Off, Rich
029.296, 688, 1,06, 78, 53, 0, 13,9, 0,34, 2,51, 12, 28, 106, 1,44, Off, Off, On, Off, On, Off, On, Off, Off, Off, Off, Rich
029.359, 675, 1,06, 78, 53, 0, 13,9, 0,34, 2,5, 12, 28, 106, 1,41, Off, Off, On, Off, On, Off, On, Off, Off, Off, Off, Rich
029.406, 688, 1,06, 78, 50, 0, 13,7, 0,34, 2,5, 14, 28, 106, 1,43, Off, Off, On, Off, On, Off, On, Off, Off, Off, Off, Rich
029.453, 675, 1,08, 78, 49, 0, 13,8, 0,34, 2,47, 12, 28, 106, 1,39, Off, Off, On, Off, On, Off, On, Off, Off, Off, Off, Rich
029.515, 688, 1,06, 78, 49, 0, 13,9, 0,34, 2,53, 12, 28, 106, 1,45, Off, Off, On, Off, On, Off, On, Off, Off, Off, Off, Rich
029.562, 675, 1,06, 78, 45, 0, 13,9, 0,34, 2,5, 12, 28, 106, 1,41, Off, Off, On, Off, On, Off, On, Off, Off, Off, Off, Rich
029.609, 675, 1,06, 78, 45, 0, 13,9, 0,34, 2,45, 12, 28, 106, 1,38, Off, Off, On, Off, On, Off, On, Off, Off, Off, Off, Rich
029.671, 688, 1,06, 78, 42, 0, 13,9, 0,34, 2,51, 12, 28, 106, 1,44, Off, Off, On, Off, On, Off, On, Off, Off, Off, Off, Lean
029.734, 675, 1,07, 78, 37, 0, 13,8, 0,34, 2,55, 12, 28, 106, 1,43, Off, Off, On, Off, On, Off, On, Off, Off, Off, Off, Lean
029.796, 712, 1,08, 78, 37, 0, 13,8, 0,34, 2,44, 10, 28, 106, 1,45, Off, Off, On, Off, On, Off, On, Off, Off, Off, Off, Lean
029.843, 675, 1,06, 78, 36, 0, 13,8, 0,34, 2,53, 13, 28, 106, 1,42, Off, Off, On, Off, On, Off, On, Off, Off, Off, Off, Lean
029.890, 675, 1,07, 78, 33, 0, 13,9, 0,34, 2,55, 12, 28, 106, 1,43, Off, Off, On, Off, On, Off, On, Off, Off, Off, Off, Lean
029.953, 688, 1,06, 78, 33, 0, 13,9, 0,34, 2,5, 12, 28, 106, 1,43, Off, Off, On, Off, On, Off, On, Off, Off, Off, Off, Lean
030.000, 675, 1,06, 78, 34, 0, 13,9, 0,34, 2,48, 12, 28, 106, 1,39, Off, Off, On, Off, On, Off, On, Off, Off, Off, Off, Lean
030.046, 688, 1,08, 78, 34, 0, 13,8, 0,34, 2,46, 11, 28, 106, 1,41, Off, Off, On, Off, On, Off, On, Off, Off, Off, Off, Lean
030.109, 712, 1,05, 78, 31, 0, 13,9, 0,34, 2,56, 12, 28, 106, 1,52, Off, Off, On, Off, On, Off, On, Off, Off, Off, Off, Lean
030.156, 712, 1,06, 78, 31, 0, 13,8, 0,34, 2,51, 12, 28, 106, 1,49, Off, Off, On, Off, On, Off, On, Off, Off, Off, Off, Lean
030.203, 688, 1,06, 78, 31, 0, 13,8, 0,34, 2,46, 10, 28, 106, 1,41, Off, Off, On, Off, On, Off, On, Off, Off, Off, Off, Lean
030.250, 688, 1,06, 78, 31, 0, 13,9, 0,34, 2,55, 12, 28, 106, 1,46, Off, Off, On, Off, On, Off, On, Off, Off, Off, Off, Lean
030.296, 675, 1,06, 78, 31, 0, 13,9, 0,34, 2,45, 12, 28, 106, 1,38, Off, Off, On, Off, On, Off, On, Off, Off, Off, Off, Lean
030.359, 712, 1,06, 78, 35, 0, 13,9, 0,34, 2,55, 12, 28, 106, 1,51, Off, Off, On, Off, On, Off, On, Off, Off, Off, Off, Lean
030.421, 675, 1,07, 78, 37, 0, 13,8, 0,34, 2,56, 10, 28, 106, 1,44, Off, Off, On, Off, On, Off, On, Off, Off, Off, Off, Lean
030.468, 675, 1,07, 78, 37, 0, 13,9, 0,34, 2,52, 12, 28, 106, 1,42, Off, Off, On, Off, On, Off, On, Off, Off, Off, Off, Lean
030.531, 675, 1,06, 78, 42, 0, 13,9, 0,34, 2,51, 10, 28, 106, 1,41, Off, Off, On, Off, On, Off, On, Off, Off, Off, Off, Lean
030.578, 675, 1,07, 78, 47, 0, 13,9, 0,34, 2,55, 13, 28, 106, 1,43, Off, Off, On, Off, On, Off, On, Off, Off, Off, Off, Lean
030.640, 675, 1,06, 78, 47, 0, 13,8, 0,34, 2,47, 11, 28, 106, 1,39, Off, Off, On, Off, On, Off, On, Off, Off, Off, Off, Lean
030.703, 675, 1,06, 78, 53, 0, 13,9, 0,34, 2,57, 12, 28, 106, 1,45, Off, Off, On, Off, On, Off, On, Off, Off, Off, Off, Rich
030.750, 688, 1,08, 78, 53, 0, 13,8, 0,34, 2,48, 11, 28, 106, 1,42, Off, Off, On, Off, On, Off, On, Off, Off, Off, Off, Rich
030.812, 675, 1,06, 78, 55, 0, 13,9, 0,34, 2,52, 12, 28, 106, 1,42, Off, Off, On, Off, On, Off, On, Off, Off, Off, Off, Rich
030.859, 712, 1,07, 78, 57, 0, 13,9, 0,34, 2,54, 12, 28, 106, 1,51, Off, Off, On, Off, On, Off, On, Off, Off, Off, Off, Rich
030.921, 675, 1,06, 78, 57, 0, 13,9, 0,34, 2,44, 10, 28, 106, 1,37, Off, Off, On, Off, On, Off, On, Off, Off, Off, Off, Rich
030.968, 675, 1,06, 78, 58, 0, 14, 0,34, 2,53, 12, 28, 106, 1,42, Off, Off, On, Off, On, Off, On, Off, Off, Off, Off, Rich
031.015, 688, 1,08, 78, 59, 0, 13,9, 0,34, 2,54, 14, 28, 106, 1,46, Off, Off, On, Off, On, Off, On, Off, Off, Off, Off, Rich
031.078, 688, 1,06, 78, 59, 0, 13,9, 0,34, 2,43, 13, 28, 106, 1,39, Off, Off, On, Off, On, Off, On, Off, Off, Off, Off, Rich
031.125, 712, 1,06, 78, 59, 0, 13,9, 0,34, 2,52, 12, 28, 106, 1,5, Off, Off, On, Off, On, Off, On, Off, Off, Off, Off, Rich
031.171, 688, 1,08, 78, 59, 0, 13,9, 0,34, 2,52, 12, 28, 106, 1,44, Off, Off, On, Off, On, Off, On, Off, Off, Off, Off, Rich
031.234, 688, 1,06, 78, 59, 0, 13,8, 0,34, 2,52, 12, 28, 106, 1,44, Off, Off, On, Off, On, Off, On, Off, Off, Off, Off, Rich
031.281, 688, 1,06, 78, 59, 0, 13,9, 0,34, 2,51, 12, 28, 106, 1,44, Off, Off, On, Off, On, Off, On, Off, Off, Off, Off, Rich
031.328, 688, 1,06, 78, 59, 0, 13,9, 0,34, 2,49, 11, 28, 106, 1,43, Off, Off, On, Off, On, Off, On, Off, Off, Off, Off, Rich
031.390, 675, 1,06, 78, 59, 0, 13,9, 0,34, 2,48, 11, 28, 106, 1,39, Off, Off, On, Off, On, Off, On, Off, Off, Off, Off, Rich
031.437, 675, 1,07, 78, 58, 0, 13,9, 0,34, 2,55, 12, 28, 106, 1,43, Off, Off, On, Off, On, Off, On, Off, Off, Off, Off, Rich
031.500, 712, 1,06, 78, 58, 0, 13,8, 0,34, 2,51, 12, 28, 106, 1,49, Off, Off, On, Off, On, Off, On, Off, Off, Off, Off, Rich
031.562, 688, 1,07, 78, 58, 0, 13,9, 0,34, 2,51, 12, 28, 106, 1,44, Off, Off, On, Off, On, Off, On, Off, Off, Off, Off, Rich
031.609, 688, 1,07, 78, 58, 0, 13,9, 0,34, 2,5, 11, 28, 106, 1,43, Off, Off, On, Off, On, Off, On, Off, Off, Off, Off, Rich
031.656, 688, 1,05, 78, 56, 0, 13,9, 0,34, 2,52, 12, 28, 106, 1,44, Off, Off, On, Off, On, Off, On, Off, Off, Off, Off, Rich
031.703, 688, 1,08, 78, 56, 0, 13,9, 0,34, 2,46, 12, 28, 106, 1,41, Off, Off, On, Off, On, Off, On, Off, Off, Off, Off, Rich
031.750, 688, 1,06, 78, 56, 0, 13,9, 0,34, 2,49, 12, 28, 106, 1,43, Off, Off, On, Off, On, Off, On, Off, Off, Off, Off, Rich
031.781, 675, 1,07, 78, 55, 0, 13,9, 0,34, 2,53, 11, 28, 106, 1,42, Off, Off, On, Off, On, Off, On, Off, Off, Off, Off, Rich
031.859, 675, 1,06, 78, 55, 0, 13,9, 0,34, 2,47, 12, 28, 106, 1,39, Off, Off, On, Off, On, Off, On, Off, Off, Off, Off, Rich
031.906, 662, 1,06, 78, 57, 0, 13,8, 0,34, 2,47, 14, 28, 106, 1,36, Off, Off, On, Off, On, Off, On, Off, Off, Off, Off, Rich
031.953, 688, 1,08, 78, 57, 0, 13,8, 0,34, 2,49, 13, 28, 106, 1,43, Off, Off, On, Off, On, Off, On, Off, Off, Off, Off, Rich
032.000, 675, 1,06, 78, 56, 0, 13,9, 0,34, 2,52, 12, 28, 106, 1,42, Off, Off, On, Off, On, Off, On, Off, Off, Off, Off, Rich
032.046, 688, 1,07, 78, 57, 0, 13,9, 0,34, 2,53, 12, 28, 106, 1,45, Off, Off, On, Off, On, Off, On, Off, Off, Off, Off, Rich
032.093, 688, 1,06, 78, 57, 0, 13,9, 0,34, 2,48, 12, 28, 106, 1,42, Off, Off, On, Off, On, Off, On, Off, Off, Off, Off, Rich
032.156, 712, 1,06, 78, 56, 0, 13,9, 0,34, 2,47, 11, 28, 106, 1,47, Off, Off, On, Off, On, Off, On, Off, Off, Off, Off, Rich
032.203, 688, 1,08, 78, 57, 0, 13,9, 0,34, 2,51, 13, 28, 106, 1,44, Off, Off, On, Off, On, Off, On, Off, Off, Off, Off, Rich
032.250, 675, 1,06, 78, 57, 0, 13,8, 0,34, 2,52, 12, 28, 106, 1,42, Off, Off, On, Off, On, Off, On, Off, Off, Off, Off, Rich
032.312, 675, 1,07, 78, 55, 0, 13,9, 0,34, 2,48, 10, 28, 106, 1,39, Off, Off, On, Off, On, Off, On, Off, Off, Off, Off, Rich
032.359, 675, 1,06, 78, 55, 0, 13,9, 0,34, 2,5, 13, 28, 106, 1,41, Off, Off, On, Off, On, Off, On, Off, Off, Off, Off, Rich
032.406, 688, 1,06, 78, 56, 0, 13,8, 0,34, 2,52, 12, 28, 106, 1,44, Off, Off, On, Off, On, Off, On, Off, Off, Off, Off, Rich
032.468, 675, 1,07, 78, 56, 0, 13,9, 0,34, 2,47, 12, 28, 106, 1,39, Off, Off, On, Off, On, Off, On, Off, Off, Off, Off, Rich
032.515, 688, 1,05, 78, 54, 0, 13,9, 0,34, 2,51, 12, 28, 106, 1,44, Off, Off, On, Off, On, Off, On, Off, Off, Off, Off, Rich
032.578, 688, 1,07, 78, 55, 0, 13,9, 0,34, 2,5, 12, 28, 106, 1,43, Off, Off, On, Off, On, Off, On, Off, Off, Off, Off, Rich
032.625, 688, 1,07, 78, 55, 0, 13,9, 0,34, 2,47, 12, 28, 106, 1,42, Off, Off, On, Off, On, Off, On, Off, Off, Off, Off, Rich
032.671, 688, 1,06, 78, 54, 0, 13,9, 0,34, 2,53, 14, 28, 106, 1,45, Off, Off, On, Off, On, Off, On, Off, Off, Off, Off, Rich
032.734, 662, 1,06, 78, 54, 0, 13,9, 0,34, 2,48, 14, 28, 106, 1,37, Off, Off, On, Off, On, Off, On, Off, Off, Off, Off, Rich
032.796, 712, 1,06, 78, 56, 0, 13,8, 0,34, 2,51, 12, 28, 106, 1,49, Off, Off, On, Off, On, Off, On, Off, Off, Off, Off, Rich
032.843, 675, 1,06, 78, 55, 0, 13,9, 0,34, 2,54, 12, 28, 106, 1,43, Off, Off, On, Off, On, Off, On, Off, Off, Off, Off, Rich
032.890, 675, 1,07, 78, 55, 0, 13,8, 0,34, 2,49, 14, 28, 106, 1,4, Off, Off, On, Off, On, Off, On, Off, Off, Off, Off, Rich
032.953, 675, 1,06, 78, 56, 0, 13,9, 0,34, 2,51, 13, 28, 106, 1,41, Off, Off, On, Off, On, Off, On, Off, Off, Off, Off, Rich
033.000, 675, 1,06, 78, 55, 0, 13,9, 0,34, 2,52, 12, 28, 106, 1,42, Off, Off, On, Off, On, Off, On, Off, Off, Off, Off, Rich
033.046, 688, 1,06, 78, 55, 0, 13,9, 0,34, 2,45, 12, 28, 106, 1,4, Off, Off, On, Off, On, Off, On, Off, Off, Off, Off, Rich
033.125, 675, 1,07, 78, 55, 0, 13,9, 0,34, 2,51, 12, 28, 106, 1,41, Off, Off, On, Off, On, Off, On, Off, Off, Off, Off, Rich
033.171, 688, 1,08, 78, 55, 0, 13,9, 0,34, 2,49, 12, 28, 106, 1,43, Off, Off, On, Off, On, Off, On, Off, Off, Off, Off, Rich
033.218, 662, 1,05, 78, 54, 0, 13,9, 0,34, 2,53, 12, 28, 106, 1,4, Off, Off, On, Off, On, Off, On, Off, Off, Off, Off, Rich
033.281, 675, 1,08, 78, 54, 0, 13,9, 0,34, 2,52, 12, 28, 106, 1,42, Off, Off, On, Off, On, Off, On, Off, Off, Off, Off, Rich
033.328, 675, 1,06, 78, 54, 0, 13,8, 0,34, 2,42, 11, 28, 106, 1,36, Off, Off, On, Off, On, Off, On, Off, Off, Off, Off, Rich
033.375, 675, 1,05, 78, 53, 0, 13,9, 0,34, 2,53, 12, 28, 106, 1,42, Off, Off, On, Off, On, Off, On, Off, Off, Off, Off, Rich
033.421, 688, 1,07, 78, 53, 0, 13,8, 0,34, 2,46, 12, 28, 106, 1,41, Off, Off, On, Off, On, Off, On, Off, Off, Off, Off, Rich
033.484, 688, 1,06, 78, 53, 0, 13,9, 0,34, 2,51, 12, 28, 106, 1,44, Off, Off, On, Off, On, Off, On, Off, Off, Off, Off, Rich
033.531, 675, 1,06, 78, 51, 0, 13,9, 0,34, 2,52, 12, 28, 106, 1,42, Off, Off, On, Off, On, Off, On, Off, Off, Off, Off, Rich
033.578, 688, 1,06, 78, 51, 0, 13,9, 0,34, 2,46, 13, 28, 106, 1,41, Off, Off, On, Off, On, Off, On, Off, Off, Off, Off, Rich
033.640, 688, 1,06, 78, 51, 0, 13,9, 0,34, 2,51, 12, 28, 106, 1,44, Off, Off, On, Off, On, Off, On, Off, Off, Off, Off, Rich
033.703, 688, 1,08, 78, 51, 0, 13,9, 0,34, 2,45, 12, 28, 106, 1,4, Off, Off, On, Off, On, Off, On, Off, Off, Off, Off, Rich
033.750, 688, 1,06, 78, 48, 0, 13,9, 0,34, 2,45, 12, 28, 106, 1,4, Off, Off, On, Off, On, Off, On, Off, Off, Off, Off, Rich
033.812, 675, 1,07, 78, 48, 0, 13,9, 0,34, 2,53, 12, 28, 106, 1,42, Off, Off, On, Off, On, Off, On, Off, Off, Off, Off, Rich
033.859, 688, 1,08, 78, 48, 0, 13,9, 0,34, 2,48, 12, 28, 106, 1,42, Off, Off, On, Off, On, Off, On, Off, Off, Off, Off, Rich
033.906, 675, 1,05, 78, 45, 0, 13,9, 0,34, 2,53, 14, 28, 106, 1,42, Off, Off, On, Off, On, Off, On, Off, Off, Off, Off, Rich
033.953, 688, 1,07, 78, 45, 0, 13,8, 0,34, 2,46, 14, 28, 106, 1,41, Off, Off, On, Off, On, Off, On, Off, Off, Off, Off, Rich
034.000, 675, 1,06, 78, 43, 0, 13,9, 0,34, 2,51, 12, 28, 106, 1,41, Off, Off, On, Off, On, Off, On, Off, Off, Off, Off, Rich
034.046, 688, 1,06, 78, 40, 0, 13,9, 0,34, 2,52, 12, 28, 106, 1,44, Off, Off, On, Off, On, Off, On, Off, Off, Off, Off, Rich
034.093, 675, 1,06, 78, 40, 0, 13,9, 0,34, 2,52, 12, 28, 106, 1,42, Off, Off, On, Off, On, Off, On, Off, Off, Off, Off, Lean
034.156, 675, 1,07, 78, 38, 0, 13,9, 0,34, 2,56, 12, 28, 106, 1,44, Off, Off, On, Off, On, Off, On, Off, Off, Off, Off, Lean
034.203, 688, 1,08, 78, 38, 0, 13,9, 0,34, 2,46, 11, 28, 106, 1,41, Off, Off, On, Off, On, Off, On, Off, Off, Off, Off, Lean
034.250, 675, 1,05, 78, 37, 0, 13,9, 0,34, 2,56, 14, 28, 106, 1,44, Off, Off, On, Off, On, Off, On, Off, Off, Off, Off, Lean
034.312, 688, 1,07, 78, 36, 0, 13,9, 0,34, 2,54, 12, 28, 106, 1,46, Off, Off, On, Off, On, Off, On, Off, Off, Off, Off, Lean
034.375, 675, 1,06, 78, 36, 0, 13,9, 0,34, 2,46, 11, 28, 106, 1,38, Off, Off, On, Off, On, Off, On, Off, Off, Off, Off, Lean
034.421, 688, 1,06, 78, 34, 0, 13,9, 0,34, 2,58, 10, 28, 106, 1,48, Off, Off, On, Off, On, Off, On, Off, Off, Off, Off, Lean
034.468, 675, 1,06, 78, 34, 0, 13,9, 0,34, 2,44, 11, 28, 106, 1,37, Off, Off, On, Off, On, Off, On, Off, Off, Off, Off, Lean
034.515, 688, 1,06, 78, 34, 0, 13,9, 0,34, 2,51, 9, 28, 106, 1,44, Off, Off, On, Off, On, Off, On, Off, Off, Off, Off, Lean
034.562, 688, 1,08, 78, 35, 0, 13,9, 0,34, 2,54, 12, 28, 106, 1,46, Off, Off, On, Off, On, Off, On, Off, Off, Off, Off, Lean
034.625, 712, 1,05, 78, 35, 0, 13,8, 0,34, 2,51, 11, 28, 106, 1,49, Off, Off, On, Off, On, Off, On, Off, Off, Off, Off, Lean
034.671, 688, 1,06, 78, 38, 0, 13,9, 0,34, 2,54, 12, 28, 106, 1,46, Off, Off, On, Off, On, Off, On, Off, Off, Off, Off, Lean
034.718, 675, 1,07, 78, 38, 0, 13,9, 0,34, 2,53, 11, 28, 106, 1,42, Off, Off, On, Off, On, Off, On, Off, Off, Off, Off, Lean
034.765, 688, 1,06, 78, 39, 0, 13,9, 0,34, 2,54, 12, 28, 106, 1,46, Off, Off, On, Off, On, Off, On, Off, Off, Off, Off, Lean
034.812, 712, 1,07, 78, 39, 0, 13,9, 0,34, 2,47, 11, 28, 106, 1,47, Off, Off, On, Off, On, Off, On, Off, Off, Off, Off, Lean
034.859, 712, 1,06, 78, 45, 0, 13,8, 0,34, 2,53, 9, 28, 106, 1,5, Off, Off, On, Off, On, Off, On, Off, Off, Off, Off, Lean
034.937, 675, 1,07, 78, 47, 0, 13,9, 0,34, 2,5, 8, 28, 106, 1,41, Off, Off, On, Off, On, Off, On, Off, Off, Off, Off, Lean
034.984, 688, 1,07, 78, 47, 0, 13,9, 0,34, 2,49, 12, 28, 106, 1,43, Off, Off, On, Off, On, Off, On, Off, Off, Off, Off, Lean
035.015, 675, 1,06, 78, 50, 0, 13,9, 0,34, 2,51, 11, 28, 106, 1,41, Off, Off, On, Off, On, Off, On, Off, Off, Off, Off, Rich
035.078, 688, 1,08, 78, 50, 0, 13,9, 0,34, 2,48, 12, 28, 106, 1,42, Off, Off, On, Off, On, Off, On, Off, Off, Off, Off, Rich
035.125, 712, 1,06, 78, 51, 0, 13,9, 0,34, 2,43, 12, 28, 106, 1,44, Off, Off, On, Off, On, Off, On, Off, Off, Off, Off, Rich
035.171, 675, 1,08, 78, 54, 0, 13,9, 0,34, 2,51, 12, 28, 106, 1,41, Off, Off, On, Off, On, Off, On, Off, Off, Off, Off, Rich
035.218, 688, 1,06, 78, 54, 0, 13,9, 0,34, 2,47, 12, 28, 106, 1,42, Off, Off, On, Off, On, Off, On, Off, Off, Off, Off, Rich
035.265, 675, 1,06, 78, 55, 0, 13,9, 0,34, 2,51, 13, 28, 106, 1,41, Off, Off, On, Off, On, Off, On, Off, Off, Off, Off, Rich
035.328, 688, 1,08, 78, 55, 0, 13,7, 0,34, 2,45, 12, 28, 106, 1,4, Off, Off, On, Off, On, Off, On, Off, Off, Off, Off, Rich
035.390, 675, 1,06, 78, 57, 0, 13,9, 0,34, 2,46, 12, 28, 106, 1,38, Off, Off, On, Off, On, Off, On, Off, Off, Off, Off, Rich
035.437, 688, 1,06, 78, 57, 0, 13,8, 0,34, 2,52, 12, 28, 106, 1,44, Off, Off, On, Off, On, Off, On, Off, Off, Off, Off, Rich
035.500, 688, 1,06, 78, 57, 0, 13,9, 0,34, 2,48, 12, 28, 106, 1,42, Off, Off, On, Off, On, Off, On, Off, Off, Off, Off, Rich
035.546, 712, 1,06, 78, 57, 0, 13,9, 0,34, 2,48, 11, 28, 106, 1,47, Off, Off, On, Off, On, Off, On, Off, Off, Off, Off, Rich
035.593, 688, 1,08, 78, 57, 0, 13,9, 0,34, 2,53, 12, 28, 106, 1,45, Off, Off, On, Off, On, Off, On, Off, Off, Off, Off, Rich
035.656, 712, 1,06, 78, 57, 0, 13,8, 0,34, 2,49, 11, 28, 106, 1,48, Off, Off, On, Off, On, Off, On, Off, Off, Off, Off, Rich
035.703, 688, 1,06, 78, 57, 0, 13,9, 0,34, 2,52, 12, 28, 106, 1,44, Off, Off, On, Off, On, Off, On, Off, Off, Off, Off, Rich
035.750, 675, 1,07, 78, 57, 0, 13,9, 0,34, 2,42, 12, 28, 106, 1,36, Off, Off, On, Off, On, Off, On, Off, Off, Off, Off, Rich
035.796, 675, 1,06, 78, 57, 0, 13,8, 0,34, 2,51, 12, 28, 106, 1,41, Off, Off, On, Off, On, Off, On, Off, Off, Off, Off, Rich
035.859, 675, 1,08, 78, 58, 0, 13,8, 0,34, 2,5, 14, 28, 106, 1,41, Off, Off, On, Off, On, Off, On, Off, Off, Off, Off, Rich
035.906, 712, 1,06, 78, 58, 0, 13,8, 0,34, 2,51, 13, 28, 106, 1,49, Off, Off, On, Off, On, Off, On, Off, Off, Off, Off, Rich
035.968, 688, 1,07, 78, 57, 0, 13,9, 0,34, 2,48, 11, 28, 106, 1,42, Off, Off, On, Off, On, Off, On, Off, Off, Off, Off, Rich
036.015, 688, 1,07, 78, 57, 0, 13,9, 0,34, 2,43, 14, 28, 106, 1,39, Off, Off, On, Off, On, Off, On, Off, Off, Off, Off, Rich
036.062, 675, 1,06, 78, 58, 0, 13,9, 0,34, 2,47, 12, 28, 106, 1,39, Off, Off, On, Off, On, Off, On, Off, Off, Off, Off, Rich
036.109, 688, 1,08, 78, 58, 0, 13,9, 0,34, 2,41, 11, 28, 106, 1,38, Off, Off, On, Off, On, Off, On, Off, Off, Off, Off, Rich
036.156, 675, 1,06, 78, 56, 0, 13,9, 0,34, 2,51, 12, 28, 106, 1,41, Off, Off, On, Off, On, Off, On, Off, Off, Off, Off, Rich
036.203, 675, 1,08, 78, 57, 0, 13,9, 0,34, 2,51, 12, 28, 106, 1,41, Off, Off, On, Off, On, Off, On, Off, Off, Off, Off, Rich
036.265, 675, 1,06, 78, 57, 0, 13,8, 0,34, 2,46, 11, 28, 106, 1,38, Off, Off, On, Off, On, Off, On, Off, Off, Off, Off, Rich
036.312, 662, 1,06, 78, 56, 0, 13,9, 0,34, 2,51, 14, 28, 106, 1,38, Off, Off, On, Off, On, Off, On, Off, Off, Off, Off, Rich
036.359, 688, 1,07, 78, 56, 0, 13,8, 0,34, 2,48, 14, 28, 106, 1,42, Off, Off, On, Off, On, Off, On, Off, Off, Off, Off, Rich
036.421, 675, 1,06, 78, 56, 0, 13,9, 0,34, 2,48, 12, 28, 106, 1,39, Off, Off, On, Off, On, Off, On, Off, Off, Off, Off, Rich
036.468, 675, 1,06, 78, 54, 0, 13,9, 0,34, 2,54, 12, 28, 106, 1,43, Off, Off, On, Off, On, Off, On, Off, Off, Off, Off, Rich
036.515, 688, 1,06, 78, 54, 0, 13,9, 0,34, 2,47, 13, 28, 106, 1,42, Off, Off, On, Off, On, Off, On, Off, Off, Off, Off, Rich
036.578, 688, 1,06, 78, 55, 0, 13,8, 0,34, 2,51, 12, 28, 106, 1,44, Off, Off, On, Off, On, Off, On, Off, Off, Off, Off, Rich
036.625, 688, 1,08, 78, 54, 0, 13,9, 0,34, 2,54, 12, 28, 106, 1,46, Off, Off, On, Off, On, Off, On, Off, Off, Off, Off, Rich
036.671, 662, 1,06, 78, 54, 0, 13,9, 0,34, 2,5, 14, 28, 106, 1,38, Off, Off, On, Off, On, Off, On, Off, Off, Off, Off, Rich
036.734, 675, 1,07, 78, 55, 0, 13,9, 0,34, 2,46, 12, 28, 106, 1,38, Off, Off, On, Off, On, Off, On, Off, Off, Off, Off, Rich
036.781, 675, 1,06, 78, 55, 0, 13,8, 0,34, 2,42, 11, 28, 106, 1,36, Off, Off, On, Off, On, Off, On, Off, Off, Off, Off, Rich
036.828, 688, 1,06, 78, 54, 0, 13,9, 0,34, 2,51, 12, 28, 106, 1,44, Off, Off, On, Off, On, Off, On, Off, Off, Off, Off, Rich
036.906, 675, 1,06, 78, 54, 0, 13,9, 0,34, 2,4, 11, 28, 106, 1,35, Off, Off, On, Off, On, Off, On, Off, Off, Off, Off, Rich
036.937, 688, 1,06, 78, 55, 0, 13,9, 0,34, 2,51, 12, 28, 106, 1,44, Off, Off, On, Off, On, Off, On, Off, Off, Off, Off, Rich
037.000, 688, 1,06, 78, 53, 0, 13,8, 0,34, 2,51, 12, 28, 106, 1,44, Off, Off, On, Off, On, Off, On, Off, Off, Off, Off, Rich
037.062, 688, 1,07, 78, 53, 0, 13,9, 0,34, 2,46, 12, 28, 106, 1,41, Off, Off, On, Off, On, Off, On, Off, Off, Off, Off, Rich
037.109, 688, 1,06, 78, 53, 0, 13,9, 0,34, 2,5, 12, 28, 106, 1,43, Off, Off, On, Off, On, Off, On, Off, Off, Off, Off, Rich
037.156, 688, 1,07, 78, 50, 0, 13,9, 0,34, 2,51, 12, 28, 106, 1,44, Off, Off, On, Off, On, Off, On, Off, Off, Off, Off, Rich
037.218, 688, 1,06, 78, 50, 0, 13,9, 0,34, 2,5, 12, 28, 106, 1,43, Off, Off, On, Off, On, Off, On, Off, Off, Off, Off, Rich
037.250, 688, 1,06, 78, 48, 0, 13,9, 0,34, 2,51, 14, 28, 106, 1,44, Off, Off, On, Off, On, Off, On, Off, Off, Off, Off, Rich
037.296, 675, 1,06, 78, 48, 0, 13,9, 0,34, 2,46, 13, 28, 106, 1,38, Off, Off, On, Off, On, Off, On, Off, Off, Off, Off, Rich
037.359, 675, 1,06, 78, 44, 0, 13,9, 0,34, 2,5, 12, 28, 106, 1,41, Off, Off, On, Off, On, Off, On, Off, Off, Off, Off, Rich
037.406, 675, 1,07, 78, 42, 0, 13,9, 0,34, 2,51, 12, 28, 106, 1,41, Off, Off, On, Off, On, Off, On, Off, Off, Off, Off, Rich
037.453, 688, 1,06, 78, 42, 0, 13,9, 0,34, 2,48, 12, 28, 106, 1,42, Off, Off, On, Off, On, Off, On, Off, Off, Off, Off, Lean
037.500, 675, 1,07, 78, 37, 0, 13,9, 0,34, 2,53, 12, 28, 106, 1,42, Off, Off, On, Off, On, Off, On, Off, Off, Off, Off, Lean
037.562, 688, 1,07, 78, 37, 0, 13,9, 0,34, 2,45, 12, 28, 106, 1,4, Off, Off, On, Off, On, Off, On, Off, Off, Off, Off, Lean
037.609, 688, 1,06, 78, 35, 0, 13,9, 0,34, 2,53, 11, 28, 106, 1,45, Off, Off, On, Off, On, Off, On, Off, Off, Off, Off, Lean
037.671, 688, 1,08, 78, 35, 0, 13,8, 0,34, 2,45, 10, 28, 106, 1,4, Off, Off, On, Off, On, Off, On, Off, Off, Off, Off, Lean
037.718, 712, 1,06, 78, 32, 0, 13,9, 0,34, 2,47, 14, 28, 106, 1,47, Off, Off, On, Off, On, Off, On, Off, Off, Off, Off, Lean
037.765, 675, 1,07, 78, 34, 0, 13,9, 0,34, 2,55, 13, 28, 106, 1,43, Off, Off, On, Off, On, Off, On, Off, Off, Off, Off, Lean
037.812, 688, 1,06, 78, 34, 0, 13,9, 0,34, 2,5, 12, 28, 106, 1,43, Off, Off, On, Off, On, Off, On, Off, Off, Off, Off, Lean
037.859, 688, 1,07, 78, 31, 0, 13,9, 0,34, 2,54, 11, 28, 106, 1,46, Off, Off, On, Off, On, Off, On, Off, Off, Off, Off, Lean
037.906, 712, 1,07, 78, 31, 0, 13,8, 0,34, 2,49, 12, 28, 106, 1,48, Off, Off, On, Off, On, Off, On, Off, Off, Off, Off, Lean
037.968, 675, 1,06, 78, 31, 0, 13,8, 0,34, 2,49, 10, 28, 106, 1,4, Off, Off, On, Off, On, Off, On, Off, Off, Off, Off, Lean
038.015, 688, 1,06, 78, 31, 0, 13,9, 0,34, 2,58, 12, 28, 106, 1,48, Off, Off, On, Off, On, Off, On, Off, Off, Off, Off, Lean
038.062, 675, 1,06, 78, 31, 0, 13,8, 0,34, 2,51, 12, 28, 106, 1,41, Off, Off, On, Off, On, Off, On, Off, Off, Off, Off, Lean
038.125, 712, 1,06, 78, 34, 0, 13,9, 0,34, 2,54, 12, 28, 106, 1,51, Off, Off, On, Off, On, Off, On, Off, Off, Off, Off, Lean
038.171, 688, 1,08, 78, 38, 0, 13,9, 0,34, 2,56, 12, 28, 106, 1,47, Off, Off, On, Off, On, Off, On, Off, Off, Off, Off, Lean
038.218, 675, 1,06, 78, 38, 0, 13,9, 0,34, 2,55, 12, 28, 106, 1,43, Off, Off, On, Off, On, Off, On, Off, Off, Off, Off, Lean
038.281, 675, 1,08, 78, 45, 0, 13,8, 0,34, 2,55, 12, 28, 106, 1,43, Off, Off, On, Off, On, Off, On, Off, Off, Off, Off, Lean
038.328, 675, 1,07, 78, 45, 0, 13,9, 0,34, 2,47, 12, 28, 106, 1,39, Off, Off, On, Off, On, Off, On, Off, Off, Off, Off, Lean
038.390, 712, 1,06, 78, 50, 0, 13,8, 0,34, 2,55, 12, 28, 106, 1,51, Off, Off, On, Off, On, Off, On, Off, Off, Off, Off, Lean
038.437, 675, 1,07, 78, 55, 0, 13,8, 0,34, 2,53, 12, 28, 106, 1,42, Off, Off, On, Off, On, Off, On, Off, Off, Off, Off, Rich
038.484, 688, 1,06, 78, 55, 0, 13,8, 0,34, 2,52, 11, 28, 106, 1,44, Off, Off, On, Off, On, Off, On, Off, Off, Off, Off, Rich
038.546, 688, 1,08, 78, 56, 0, 13,8, 0,34, 2,48, 11, 28, 106, 1,42, Off, Off, On, Off, On, Off, On, Off, Off, Off, Off, Rich
038.593, 712, 1,07, 78, 56, 0, 13,8, 0,34, 2,43, 12, 28, 106, 1,44, Off, Off, On, Off, On, Off, On, Off, Off, Off, Off, Rich
038.640, 675, 1,06, 78, 58, 0, 13,9, 0,34, 2,47, 10, 28, 106, 1,39, Off, Off, On, Off, On, Off, On, Off, Off, Off, Off, Rich
038.703, 688, 1,07, 78, 58, 0, 13,9, 0,34, 2,44, 9, 28, 106, 1,4, Off, Off, On, Off, On, Off, On, Off, Off, Off, Off, Rich
038.765, 688, 1,06, 78, 58, 0, 13,8, 0,34, 2,48, 12, 28, 106, 1,42, Off, Off, On, Off, On, Off, On, Off, Off, Off, Off, Rich
038.828, 675, 1,07, 78, 58, 0, 13,9, 0,34, 2,5, 12, 28, 106, 1,41, Off, Off, On, Off, On, Off, On, Off, Off, Off, Off, Rich
038.875, 712, 1,08, 78, 58, 0, 13,9, 0,34, 2,48, 12, 28, 106, 1,47, Off, Off, On, Off, On, Off, On, Off, Off, Off, Off, Rich
038.921, 675, 1,06, 78, 58, 0, 13,9, 0,34, 2,52, 12, 28, 106, 1,42, Off, Off, On, Off, On, Off, On, Off, Off, Off, Off, Rich
038.984, 688, 1,06, 78, 58, 0, 13,8, 0,34, 2,52, 12, 28, 106, 1,44, Off, Off, On, Off, On, Off, On, Off, Off, Off, Off, Rich
039.031, 675, 1,06, 78, 58, 0, 13,9, 0,34, 2,47, 11, 28, 106, 1,39, Off, Off, On, Off, On, Off, On, Off, Off, Off, Off, Rich
039.093, 675, 1,05, 78, 56, 0, 13,9, 0,34, 2,47, 11, 28, 106, 1,39, Off, Off, On, Off, On, Off, On, Off, Off, Off, Off, Rich
039.140, 662, 1,08, 78, 57, 0, 13,9, 0,34, 2,54, 12, 28, 106, 1,4, Off, Off, On, Off, On, Off, On, Off, Off, Off, Off, Rich
039.187, 675, 1,07, 78, 57, 0, 13,8, 0,34, 2,51, 11, 28, 106, 1,41, Off, Off, On, Off, On, Off, On, Off, Off, Off, Off, Rich
039.250, 688, 1,06, 78, 56, 0, 13,8, 0,34, 2,51, 12, 28, 106, 1,44, Off, Off, On, Off, On, Off, On, Off, Off, Off, Off, Rich
039.296, 675, 1,07, 78, 57, 0, 13,9, 0,34, 2,54, 12, 28, 106, 1,43, Off, Off, On, Off, On, Off, On, Off, Off, Off, Off, Rich
039.343, 688, 1,06, 78, 57, 0, 13,8, 0,34, 2,5, 12, 28, 106, 1,43, Off, Off, On, Off, On, Off, On, Off, Off, Off, Off, Rich
039.406, 675, 1,07, 78, 57, 0, 13,8, 0,34, 2,51, 12, 28, 106, 1,41, Off, Off, On, Off, On, Off, On, Off, Off, Off, Off, Rich
039.468, 688, 1,07, 78, 57, 0, 13,9, 0,34, 2,47, 12, 28, 106, 1,42, Off, Off, On, Off, On, Off, On, Off, Off, Off, Off, Rich
039.515, 688, 1,06, 78, 58, 0, 13,9, 0,34, 2,5, 12, 28, 106, 1,43, Off, Off, On, Off, On, Off, On, Off, Off, Off, Off, Rich
039.578, 675, 1,07, 78, 57, 0, 13,9, 0,34, 2,52, 14, 28, 106, 1,42, Off, Off, On, Off, On, Off, On, Off, Off, Off, Off, Rich
039.625, 688, 1,06, 78, 57, 0, 13,9, 0,34, 2,52, 14, 28, 106, 1,44, Off, Off, On, Off, On, Off, On, Off, Off, Off, Off, Rich
039.671, 688, 1,06, 78, 58, 0, 13,9, 0,34, 2,53, 14, 28, 106, 1,45, Off, Off, On, Off, On, Off, On, Off, Off, Off, Off, Rich
039.734, 688, 1,08, 78, 58, 0, 13,8, 0,34, 2,49, 14, 28, 106, 1,43, Off, Off, On, Off, On, Off, On, Off, Off, Off, Off, Rich
039.781, 688, 1,06, 78, 57, 0, 13,9, 0,34, 2,52, 12, 28, 106, 1,44, Off, Off, On, Off, On, Off, On, Off, Off, Off, Off, Rich
039.843, 688, 1,07, 78, 58, 0, 13,9, 0,34, 2,54, 12, 28, 106, 1,46, Off, Off, On, Off, On, Off, On, Off, Off, Off, Off, Rich
039.890, 688, 1,07, 78, 58, 0, 13,8, 0,34, 2,47, 12, 28, 106, 1,42, Off, Off, On, Off, On, Off, On, Off, Off, Off, Off, Rich
039.953, 675, 1,06, 78, 57, 0, 13,9, 0,34, 2,53, 14, 28, 106, 1,42, Off, Off, On, Off, On, Off, On, Off, Off, Off, Off, Rich
040.015, 688, 1,07, 78, 57, 0, 13,8, 0,34, 2,44, 13, 28, 106, 1,4, Off, Off, On, Off, On, Off, On, Off, Off, Off, Off, Rich
040.062, 688, 1,06, 78, 58, 0, 13,9, 0,34, 2,47, 12, 28, 106, 1,42, Off, Off, On, Off, On, Off, On, Off, Off, Off, Off, Rich
040.109, 675, 1,07, 78, 56, 0, 13,9, 0,34, 2,46, 11, 28, 106, 1,38, Off, Off, On, Off, On, Off, On, Off, Off, Off, Off, Rich
040.171, 675, 1,06, 78, 56, 0, 13,9, 0,34, 2,48, 12, 28, 106, 1,39, Off, Off, On, Off, On, Off, On, Off, Off, Off, Off, Rich
040.218, 675, 1,06, 78, 56, 0, 13,8, 0,34, 2,51, 14, 28, 106, 1,41, Off, Off, On, Off, On, Off, On, Off, Off, Off, Off, Rich
040.250, 688, 1,08, 78, 56, 0, 13,7, 0,34, 2,47, 13, 28, 106, 1,42, Off, Off, On, Off, On, Off, On, Off, Off, Off, Off, Rich
040.296, 688, 1,05, 78, 54, 0, 13,9, 0,34, 2,5, 12, 28, 106, 1,43, Off, Off, On, Off, On, Off, On, Off, Off, Off, Off, Rich
040.359, 688, 1,06, 78, 55, 0, 13,9, 0,34, 2,51, 12, 28, 106, 1,44, Off, Off, On, Off, On, Off, On, Off, Off, Off, Off, Rich
040.406, 688, 1,06, 78, 55, 0, 13,8, 0,34, 2,41, 11, 28, 106, 1,38, Off, Off, On, Off, On, Off, On, Off, Off, Off, Off, Rich
040.468, 712, 1,06, 78, 53, 0, 13,8, 0,34, 2,48, 10, 28, 106, 1,47, Off, Off, On, Off, On, Off, On, Off, Off, Off, Off, Rich
040.515, 688, 1,08, 78, 53, 0, 13,9, 0,34, 2,5, 12, 28, 106, 1,43, Off, Off, On, Off, On, Off, On, Off, Off, Off, Off, Rich
040.562, 675, 1,06, 78, 53, 0, 13,9, 0,34, 2,5, 12, 28, 106, 1,41, Off, Off, On, Off, On, Off, On, Off, Off, Off, Off, Rich
040.609, 688, 1,08, 78, 51, 0, 13,8, 0,34, 2,5, 12, 28, 106, 1,43, Off, Off, On, Off, On, Off, On, Off, Off, Off, Off, Rich
040.656, 688, 1,05, 78, 51, 0, 13,9, 0,34, 2,51, 14, 28, 106, 1,44, Off, Off, On, Off, On, Off, On, Off, Off, Off, Off, Rich
040.703, 712, 1,06, 78, 49, 0, 13,8, 0,34, 2,51, 12, 28, 106, 1,49, Off, Off, On, Off, On, Off, On, Off, Off, Off, Off, Rich
040.765, 688, 1,07, 78, 49, 0, 13,9, 0,34, 2,45, 12, 28, 106, 1,4, Off, Off, On, Off, On, Off, On, Off, Off, Off, Off, Rich
040.812, 688, 1,05, 78, 48, 0, 13,8, 0,34, 2,49, 12, 28, 106, 1,43, Off, Off, On, Off, On, Off, On, Off, Off, Off, Off, Rich
040.859, 675, 1,07, 78, 45, 0, 13,9, 0,34, 2,45, 11, 28, 106, 1,38, Off, Off, On, Off, On, Off, On, Off, Off, Off, Off, Rich
040.921, 712, 1,06, 78, 45, 0, 13,9, 0,34, 2,45, 10, 28, 106, 1,45, Off, Off, On, Off, On, Off, On, Off, Off, Off, Off, Rich
040.968, 675, 1,06, 78, 41, 0, 13,9, 0,34, 2,51, 14, 28, 106, 1,41, Off, Off, On, Off, On, Off, On, Off, Off, Off, Off, Lean
041.015, 675, 1,07, 78, 41, 0, 13,9, 0,34, 2,51, 13, 28, 106, 1,41, Off, Off, On, Off, On, Off, On, Off, Off, Off, Off, Lean
041.078, 675, 1,06, 78, 38, 0, 13,9, 0,34, 2,5, 11, 28, 106, 1,41, Off, Off, On, Off, On, Off, On, Off, Off, Off, Off, Lean
041.125, 675, 1,07, 78, 34, 0, 13,9, 0,34, 2,56, 12, 28, 106, 1,44, Off, Off, On, Off, On, Off, On, Off, Off, Off, Off, Lean
041.171, 688, 1,06, 78, 34, 0, 13,8, 0,34, 2,54, 12, 28, 106, 1,46, Off, Off, On, Off, On, Off, On, Off, Off, Off, Off, Lean
041.234, 688, 1,07, 78, 32, 0, 13,9, 0,34, 2,55, 12, 28, 106, 1,46, Off, Off, On, Off, On, Off, On, Off, Off, Off, Off, Lean
041.281, 688, 1,08, 78, 32, 0, 13,9, 0,34, 2,54, 12, 28, 106, 1,46, Off, Off, On, Off, On, Off, On, Off, Off, Off, Off, Lean
041.328, 688, 1,06, 78, 30, 0, 13,8, 0,34, 2,55, 12, 28, 106, 1,46, Off, Off, On, Off, On, Off, On, Off, Off, Off, Off, Lean
041.390, 712, 1,08, 78, 30, 0, 13,9, 0,34, 2,48, 12, 28, 106, 1,47, Off, Off, On, Off, On, Off, On, Off, Off, Off, Off, Lean
041.437, 688, 1,06, 78, 31, 0, 13,9, 0,34, 2,5, 11, 28, 106, 1,43, Off, Off, On, Off, On, Off, On, Off, Off, Off, Off, Lean
041.500, 675, 1,06, 78, 30, 0, 13,9, 0,34, 2,54, 12, 28, 106, 1,43, Off, Off, On, Off, On, Off, On, Off, Off, Off, Off, Lean
041.546, 688, 1,08, 78, 35, 0, 13,9, 0,34, 2,57, 12, 28, 106, 1,47, Off, Off, On, Off, On, Off, On, Off, Off, Off, Off, Lean
041.609, 675, 1,06, 78, 35, 0, 13,9, 0,34, 2,48, 12, 28, 106, 1,39, Off, Off, On, Off, On, Off, On, Off, Off, Off, Off, Lean
041.671, 688, 1,06, 78, 39, 0, 13,9, 0,34, 2,52, 10, 28, 106, 1,44, Off, Off, On, Off, On, Off, On, Off, Off, Off, Off, Lean
041.718, 688, 1,06, 78, 39, 0, 13,9, 0,34, 2,5, 12, 28, 106, 1,43, Off, Off, On, Off, On, Off, On, Off, Off, Off, Off, Lean
041.765, 675, 1,06, 78, 47, 0, 13,8, 0,34, 2,5, 11, 28, 106, 1,41, Off, Off, On, Off, On, Off, On, Off, Off, Off, Off, Lean
041.828, 688, 1,07, 78, 51, 0, 13,8, 0,34, 2,52, 9, 28, 106, 1,44, Off, Off, On, Off, On, Off, On, Off, Off, Off, Off, Lean
041.875, 675, 1,06, 78, 51, 0, 13,9, 0,34, 2,47, 12, 28, 106, 1,39, Off, Off, On, Off, On, Off, On, Off, Off, Off, Off, Rich
041.937, 712, 1,06, 78, 55, 0, 13,9, 0,34, 2,51, 12, 28, 106, 1,49, Off, Off, On, Off, On, Off, On, Off, Off, Off, Off, Rich
041.984, 688, 1,07, 78, 55, 0, 13,9, 0,34, 2,44, 12, 28, 106, 1,4, Off, Off, On, Off, On, Off, On, Off, Off, Off, Off, Rich
042.046, 688, 1,06, 78, 56, 0, 13,7, 0,34, 2,51, 12, 28, 106, 1,44, Off, Off, On, Off, On, Off, On, Off, Off, Off, Off, Rich
042.109, 675, 1,08, 78, 57, 0, 13,8, 0,34, 2,51, 11, 28, 106, 1,41, Off, Off, On, Off, On, Off, On, Off, Off, Off, Off, Rich
042.156, 712, 1,08, 78, 57, 0, 13,9, 0,34, 2,49, 11, 28, 106, 1,48, Off, Off, On, Off, On, Off, On, Off, Off, Off, Off, Rich
042.203, 688, 1,06, 78, 57, 0, 13,9, 0,34, 2,51, 12, 28, 106, 1,44, Off, Off, On, Off, On, Off, On, Off, Off, Off, Off, Rich
042.265, 688, 1,07, 78, 57, 0, 13,9, 0,34, 2,51, 10, 28, 106, 1,44, Off, Off, On, Off, On, Off, On, Off, Off, Off, Off, Rich
042.312, 688, 1,06, 78, 57, 0, 13,8, 0,34, 2,47, 11, 28, 106, 1,42, Off, Off, On, Off, On, Off, On, Off, Off, Off, Off, Rich
042.375, 675, 1,06, 78, 57, 0, 13,8, 0,34, 2,48, 9, 28, 106, 1,39, Off, Off, On, Off, On, Off, On, Off, Off, Off, Off, Rich
042.421, 688, 1,08, 78, 57, 0, 13,9, 0,34, 2,54, 12, 28, 106, 1,46, Off, Off, On, Off, On, Off, On, Off, Off, Off, Off, Rich
042.468, 675, 1,06, 78, 57, 0, 13,9, 0,34, 2,44, 11, 28, 106, 1,37, Off, Off, On, Off, On, Off, On, Off, Off, Off, Off, Rich
042.531, 688, 1,06, 78, 56, 0, 13,9, 0,34, 2,5, 10, 28, 106, 1,43, Off, Off, On, Off, On, Off, On, Off, Off, Off, Off, Rich
042.578, 688, 1,08, 78, 57, 0, 13,9, 0,34, 2,51, 13, 28, 106, 1,44, Off, Off, On, Off, On, Off, On, Off, Off, Off, Off, Rich
042.625, 675, 1,06, 78, 57, 0, 13,9, 0,34, 2,49, 12, 28, 106, 1,4, Off, Off, On, Off, On, Off, On, Off, Off, Off, Off, Rich
042.687, 675, 1,08, 78, 56, 0, 13,8, 0,34, 2,52, 12, 28, 106, 1,42, Off, Off, On, Off, On, Off, On, Off, Off, Off, Off, Rich
042.750, 675, 1,07, 78, 56, 0, 13,9, 0,34, 2,48, 14, 28, 106, 1,39, Off, Off, On, Off, On, Off, On, Off, Off, Off, Off, Rich
042.796, 688, 1,06, 78, 57, 0, 13,8, 0,34, 2,51, 13, 28, 106, 1,44, Off, Off, On, Off, On, Off, On, Off, Off, Off, Off, Rich
042.859, 675, 1,07, 78, 57, 0, 13,9, 0,34, 2,42, 11, 28, 106, 1,36, Off, Off, On, Off, On, Off, On, Off, Off, Off, Off, Rich
042.906, 688, 1,06, 78, 57, 0, 13,9, 0,34, 2,49, 14, 28, 106, 1,43, Off, Off, On, Off, On, Off, On, Off, Off, Off, Off, Rich
042.953, 688, 1,06, 78, 58, 0, 13,8, 0,34, 2,51, 12, 28, 106, 1,44, Off, Off, On, Off, On, Off, On, Off, Off, Off, Off, Rich
043.015, 688, 1,07, 78, 58, 0, 13,9, 0,34, 2,42, 11, 28, 106, 1,39, Off, Off, On, Off, On, Off, On, Off, Off, Off, Off, Rich
043.062, 688, 1,06, 78, 57, 0, 13,8, 0,34, 2,49, 12, 28, 106, 1,43, Off, Off, On, Off, On, Off, On, Off, Off, Off, Off, Rich
043.125, 688, 1,07, 78, 57, 0, 13,9, 0,34, 2,51, 12, 28, 106, 1,44, Off, Off, On, Off, On, Off, On, Off, Off, Off, Off, Rich
043.171, 688, 1,06, 78, 57, 0, 13,8, 0,34, 2,45, 11, 28, 106, 1,4, Off, Off, On, Off, On, Off, On, Off, Off, Off, Off, Rich
043.218, 688, 1,06, 78, 56, 0, 13,9, 0,34, 2,48, 11, 28, 106, 1,42, Off, Off, On, Off, On, Off, On, Off, Off, Off, Off, Rich
043.265, 675, 1,06, 78, 56, 0, 13,9, 0,34, 2,45, 12, 28, 106, 1,38, Off, Off, On, Off, On, Off, On, Off, Off, Off, Off, Rich
043.328, 675, 1,06, 78, 57, 0, 13,9, 0,34, 2,51, 12, 28, 106, 1,41, Off, Off, On, Off, On, Off, On, Off, Off, Off, Off, Rich
043.375, 675, 1,07, 78, 55, 0, 13,9, 0,34, 2,51, 14, 28, 106, 1,41, Off, Off, On, Off, On, Off, On, Off, Off, Off, Off, Rich
043.437, 688, 1,06, 78, 55, 0, 13,8, 0,34, 2,51, 13, 28, 106, 1,44, Off, Off, On, Off, On, Off, On, Off, Off, Off, Off, Rich
043.500, 675, 1,06, 78, 56, 0, 13,8, 0,34, 2,51, 12, 28, 106, 1,41, Off, Off, On, Off, On, Off, On, Off, Off, Off, Off, Rich
043.546, 688, 1,07, 78, 56, 0, 13,8, 0,34, 2,42, 12, 28, 106, 1,39, Off, Off, On, Off, On, Off, On, Off, Off, Off, Off, Rich
043.609, 675, 1,06, 78, 54, 0, 13,8, 0,34, 2,42, 11, 28, 106, 1,36, Off, Off, On, Off, On, Off, On, Off, Off, Off, Off, Rich
043.656, 688, 1,06, 78, 55, 0, 13,9, 0,34, 2,53, 12, 28, 106, 1,45, Off, Off, On, Off, On, Off, On, Off, Off, Off, Off, Rich
043.718, 712, 1,08, 78, 55, 0, 13,8, 0,34, 2,41, 11, 28, 106, 1,43, Off, Off, On, Off, On, Off, On, Off, Off, Off, Off, Rich
043.765, 688, 1,06, 78, 54, 0, 13,9, 0,34, 2,5, 12, 28, 106, 1,43, Off, Off, On, Off, On, Off, On, Off, Off, Off, Off, Rich
043.812, 688, 1,06, 78, 55, 0, 13,8, 0,34, 2,48, 14, 28, 106, 1,42, Off, Off, On, Off, On, Off, On, Off, Off, Off, Off, Rich
043.875, 675, 1,06, 78, 55, 0, 13,9, 0,34, 2,41, 12, 28, 106, 1,36, Off, Off, On, Off, On, Off, On, Off, Off, Off, Off, Rich
043.921, 688, 1,06, 78, 52, 0, 13,9, 0,34, 2,52, 12, 28, 106, 1,44, Off, Off, On, Off, On, Off, On, Off, Off, Off, Off, Rich
043.968, 688, 1,08, 78, 52, 0, 13,8, 0,34, 2,5, 12, 28, 106, 1,43, Off, Off, On, Off, On, Off, On, Off, Off, Off, Off, Rich
044.046, 688, 1,06, 78, 52, 0, 13,9, 0,34, 2,47, 11, 28, 106, 1,42, Off, Off, On, Off, On, Off, On, Off, Off, Off, Off, Rich
044.093, 688, 1,06, 78, 49, 0, 13,9, 0,34, 2,49, 13, 28, 106, 1,43, Off, Off, On, Off, On, Off, On, Off, Off, Off, Off, Rich
044.140, 675, 1,06, 78, 49, 0, 13,9, 0,34, 2,46, 12, 28, 106, 1,38, Off, Off, On, Off, On, Off, On, Off, Off, Off, Off, Rich
044.187, 675, 1,06, 78, 50, 0, 13,9, 0,34, 2,46, 11, 28, 106, 1,38, Off, Off, On, Off, On, Off, On, Off, Off, Off, Off, Rich
044.234, 688, 1,07, 78, 50, 0, 13,9, 0,34, 2,43, 12, 28, 106, 1,39, Off, Off, On, Off, On, Off, On, Off, Off, Off, Off, Rich
044.281, 688, 1,06, 78, 49, 0, 13,8, 0,34, 2,49, 11, 28, 106, 1,43, Off, Off, On, Off, On, Off, On, Off, Off, Off, Off, Rich
044.343, 688, 1,07, 78, 50, 0, 13,9, 0,34, 2,5, 12, 28, 106, 1,43, Off, Off, On, Off, On, Off, On, Off, Off, Off, Off, Rich
044.390, 688, 1,07, 78, 50, 0, 13,9, 0,34, 2,42, 12, 28, 106, 1,39, Off, Off, On, Off, On, Off, On, Off, Off, Off, Off, Rich
044.453, 675, 1,06, 78, 49, 0, 13,8, 0,34, 2,49, 12, 28, 106, 1,4, Off, Off, On, Off, On, Off, On, Off, Off, Off, Off, Rich
044.500, 688, 1,06, 78, 48, 0, 13,9, 0,34, 2,48, 10, 28, 106, 1,42, Off, Off, On, Off, On, Off, On, Off, Off, Off, Off, Rich
044.546, 688, 1,06, 78, 48, 0, 13,8, 0,34, 2,47, 12, 28, 106, 1,42, Off, Off, On, Off, On, Off, On, Off, Off, Off, Off, Rich
044.609, 675, 1,07, 78, 47, 0, 13,8, 0,34, 2,49, 12, 28, 106, 1,4, Off, Off, On, Off, On, Off, On, Off, Off, Off, Off, Rich
044.656, 688, 1,08, 78, 48, 0, 13,9, 0,34, 2,5, 12, 28, 106, 1,43, Off, Off, On, Off, On, Off, On, Off, Off, Off, Off, Rich
044.718, 675, 1,06, 78, 48, 0, 13,9, 0,34, 2,49, 12, 28, 106, 1,4, Off, Off, On, Off, On, Off, On, Off, Off, Off, Off, Rich
044.765, 688, 1,07, 78, 47, 0, 13,9, 0,34, 2,49, 12, 28, 106, 1,43, Off, Off, On, Off, On, Off, On, Off, Off, Off, Off, Rich
044.812, 675, 1,06, 78, 47, 0, 13,8, 0,34, 2,41, 10, 28, 106, 1,36, Off, Off, On, Off, On, Off, On, Off, Off, Off, Off, Rich
044.859, 675, 1,06, 78, 47, 0, 13,9, 0,34, 2,52, 12, 28, 106, 1,42, Off, Off, On, Off, On, Off, On, Off, Off, Off, Off, Rich
044.921, 675, 1,07, 78, 47, 0, 13,4, 0,34, 2,45, 13, 28, 106, 1,38, Off, Off, On, Off, On, Off, On, Off, Off, Off, Off, Rich
044.968, 675, 1,04, 78, 43, 0, 13,8, 0,34, 2,51, 12, 28, 106, 1,41, Off, Off, On, Off, On, Off, On, Off, Off, Off, Off, Rich
045.015, 688, 1,07, 78, 43, 0, 13,8, 0,34, 2,5, 14, 28, 106, 1,43, Off, Off, On, Off, On, Off, On, Off, Off, Off, Off, Rich
045.078, 662, 1,06, 78, 43, 0, 13,9, 0,34, 2,48, 13, 28, 106, 1,37, Off, Off, On, Off, On, Off, On, Off, Off, Off, Off, Rich
045.125, 688, 1,06, 78, 41, 0, 13,8, 0,34, 2,49, 12, 28, 106, 1,43, Off, Off, On, Off, On, Off, On, Off, Off, Off, Off, Rich
045.171, 675, 1,06, 78, 41, 0, 13,8, 0,34, 2,54, 12, 28, 106, 1,43, Off, Off, On, Off, On, Off, On, Off, Off, Off, Off, Lean
045.234, 675, 1,06, 78, 39, 0, 13,9, 0,34, 2,54, 13, 28, 106, 1,43, Off, Off, On, Off, On, Off, On, Off, Off, Off, Off, Lean
045.281, 675, 1,08, 78, 36, 0, 13,8, 0,34, 2,54, 12, 28, 106, 1,43, Off, Off, On, Off, On, Off, On, Off, Off, Off, Off, Lean
045.328, 675, 1,06, 78, 36, 0, 13,8, 0,34, 2,52, 12, 28, 106, 1,42, Off, Off, On, Off, On, Off, On, Off, Off, Off, Off, Lean
045.375, 688, 1,07, 78, 34, 0, 13,8, 0,34, 2,56, 14, 28, 106, 1,47, Off, Off, On, Off, On, Off, On, Off, Off, Off, Off, Lean
045.437, 675, 1,07, 78, 34, 0, 13,9, 0,34, 2,5, 12, 28, 106, 1,41, Off, Off, On, Off, On, Off, On, Off, Off, Off, Off, Lean
045.484, 688, 1,06, 78, 32, 0, 13,9, 0,34, 2,54, 12, 28, 106, 1,46, Off, Off, On, Off, On, Off, On, Off, Off, Off, Off, Lean
045.531, 688, 1,07, 78, 31, 0, 13,9, 0,34, 2,55, 12, 28, 106, 1,46, Off, Off, On, Off, On, Off, On, Off, Off, Off, Off, Lean
045.578, 712, 1,06, 78, 31, 0, 13,8, 0,34, 2,54, 12, 28, 106, 1,51, Off, Off, On, Off, On, Off, On, Off, Off, Off, Off, Lean
045.625, 712, 1,06, 78, 30, 0, 13,9, 0,34, 2,5, 14, 28, 106, 1,48, Off, Off, On, Off, On, Off, On, Off, Off, Off, Off, Lean
045.671, 662, 1,06, 78, 30, 0, 13,8, 0,34, 2,46, 14, 28, 106, 1,36, Off, Off, On, Off, On, Off, On, Off, Off, Off, Off, Lean
045.734, 688, 1,06, 78, 30, 0, 13,9, 0,34, 2,53, 12, 28, 106, 1,45, Off, Off, On, Off, On, Off, On, Off, Off, Off, Off, Lean
045.781, 675, 1,07, 78, 30, 0, 13,8, 0,34, 2,57, 12, 28, 106, 1,45, Off, Off, On, Off, On, Off, On, Off, Off, Off, Off, Lean
045.828, 688, 1,06, 78, 30, 0, 13,8, 0,34, 2,52, 12, 28, 106, 1,44, Off, Off, On, Off, On, Off, On, Off, Off, Off, Off, Lean
045.890, 688, 1,07, 78, 32, 0, 13,9, 0,34, 2,5, 11, 28, 106, 1,43, Off, Off, On, Off, On, Off, On, Off, Off, Off, Off, Lean
045.937, 688, 1,07, 78, 32, 0, 13,9, 0,34, 2,46, 12, 28, 106, 1,41, Off, Off, On, Off, On, Off, On, Off, Off, Off, Off, Lean
046.000, 675, 1,06, 78, 33, 0, 13,9, 0,34, 2,51, 11, 28, 106, 1,41, Off, Off, On, Off, On, Off, On, Off, Off, Off, Off, Lean
046.046, 688, 1,08, 78, 33, 0, 13,8, 0,34, 2,45, 10, 28, 106, 1,4, Off, Off, On, Off, On, Off, On, Off, Off, Off, Off, Lean
046.093, 712, 1,06, 78, 36, 0, 13,9, 0,34, 2,45, 12, 28, 106, 1,45, Off, Off, On, Off, On, Off, On, Off, Off, Off, Off, Lean
046.140, 675, 1,07, 78, 39, 0, 13,9, 0,34, 2,54, 12, 28, 106, 1,43, Off, Off, On, Off, On, Off, On, Off, Off, Off, Off, Lean
046.203, 688, 1,06, 78, 39, 0, 13,9, 0,34, 2,5, 12, 28, 106, 1,43, Off, Off, On, Off, On, Off, On, Off, Off, Off, Off, Lean
046.250, 675, 1,06, 78, 42, 0, 13,9, 0,34, 2,48, 12, 28, 106, 1,39, Off, Off, On, Off, On, Off, On, Off, Off, Off, Off, Lean
046.312, 675, 1,08, 78, 44, 0, 13,9, 0,34, 2,49, 10, 28, 106, 1,4, Off, Off, On, Off, On, Off, On, Off, Off, Off, Off, Lean
046.359, 675, 1,06, 78, 44, 0, 13,9, 0,34, 2,45, 12, 28, 106, 1,38, Off, Off, On, Off, On, Off, On, Off, Off, Off, Off, Lean
046.406, 712, 1,06, 78, 49, 0, 13,8, 0,34, 2,5, 12, 28, 106, 1,48, Off, Off, On, Off, On, Off, On, Off, Off, Off, Off, Lean
046.453, 688, 1,07, 78, 49, 0, 13,9, 0,34, 2,42, 10, 28, 105, 1,39, Off, Off, On, Off, On, Off, On, Off, Off, Off, Off, Rich
046.500, 712, 1,06, 78, 53, 0, 13,9, 0,34, 2,46, 12, 28, 105, 1,46, Off, Off, On, Off, On, Off, On, Off, Off, Off, Off, Rich
046.562, 688, 1,08, 78, 56, 0, 13,9, 0,34, 2,46, 10, 28, 105, 1,41, Off, Off, On, Off, On, Off, On, Off, Off, Off, Off, Rich
046.609, 712, 1,06, 78, 56, 0, 13,9, 0,34, 2,46, 8, 28, 105, 1,46, Off, Off, On, Off, On, Off, On, Off, Off, Off, Off, Rich
046.656, 688, 1,06, 78, 57, 0, 13,8, 0,34, 2,51, 12, 28, 105, 1,44, Off, Off, On, Off, On, Off, On, Off, Off, Off, Off, Rich
046.734, 688, 1,08, 78, 57, 0, 13,9, 0,34, 2,43, 11, 28, 105, 1,39, Off, Off, On, Off, On, Off, On, Off, Off, Off, Off, Rich
046.781, 688, 1,06, 78, 58, 0, 13,9, 0,34, 2,48, 10, 28, 105, 1,42, Off, Off, On, Off, On, Off, On, Off, Off, Off, Off, Rich
046.828, 688, 1,07, 78, 57, 0, 13,9, 0,34, 2,46, 9, 28, 105, 1,41, Off, Off, On, Off, On, Off, On, Off, Off, Off, Off, Rich
046.890, 712, 1,06, 78, 57, 0, 13,8, 0,34, 2,43, 12, 28, 105, 1,44, Off, Off, On, Off, On, Off, On, Off, Off, Off, Off, Rich
046.953, 688, 1,06, 78, 57, 0, 13,9, 0,34, 2,48, 11, 28, 105, 1,42, Off, Off, On, Off, On, Off, On, Off, Off, Off, Off, Rich
046.984, 688, 1,08, 78, 57, 0, 13,8, 0,34, 2,42, 10, 28, 105, 1,39, Off, Off, On, Off, On, Off, On, Off, Off, Off, Off, Rich
047.062, 675, 1,06, 78, 56, 0, 13,9, 0,34, 2,42, 13, 28, 105, 1,36, Off, Off, On, Off, On, Off, On, Off, Off, Off, Off, Rich
047.125, 712, 1,06, 78, 57, 0, 13,8, 0,34, 2,5, 12, 28, 105, 1,48, Off, Off, On, Off, On, Off, On, Off, Off, Off, Off, Rich
047.171, 675, 1,08, 78, 56, 0, 13,9, 0,34, 2,53, 12, 28, 105, 1,42, Off, Off, On, Off, On, Off, On, Off, Off, Off, Off, Rich
047.218, 688, 1,06, 78, 56, 0, 13,8, 0,34, 2,49, 11, 28, 105, 1,43, Off, Off, On, Off, On, Off, On, Off, Off, Off, Off, Rich
047.281, 675, 1,06, 78, 56, 0, 13,8, 0,34, 2,51, 12, 28, 105, 1,41, Off, Off, On, Off, On, Off, On, Off, Off, Off, Off, Rich
047.328, 712, 1,07, 78, 56, 0, 13,9, 0,34, 2,49, 12, 28, 105, 1,48, Off, Off, On, Off, On, Off, On, Off, Off, Off, Off, Rich
047.390, 712, 1,06, 78, 55, 0, 13,7, 0,34, 2,49, 12, 28, 105, 1,48, Off, Off, On, Off, On, Off, On, Off, Off, Off, Off, Rich
047.437, 688, 1,07, 78, 56, 0, 13,9, 0,34, 2,51, 12, 28, 105, 1,44, Off, Off, On, Off, On, Off, On, Off, Off, Off, Off, Rich
047.484, 688, 1,08, 78, 56, 0, 13,8, 0,34, 2,47, 12, 28, 105, 1,42, Off, Off, On, Off, On, Off, On, Off, Off, Off, Off, Rich
047.546, 675, 1,06, 78, 55, 0, 13,9, 0,34, 2,47, 11, 28, 105, 1,39, Off, Off, On, Off, On, Off, On, Off, Off, Off, Off, Rich
047.593, 688, 1,07, 78, 55, 0, 13,9, 0,34, 2,47, 11, 28, 105, 1,42, Off, Off, On, Off, On, Off, On, Off, Off, Off, Off, Rich
047.640, 688, 1,06, 78, 55, 0, 13,8, 0,34, 2,48, 12, 28, 105, 1,42, Off, Off, On, Off, On, Off, On, Off, Off, Off, Off, Rich
047.703, 675, 1,07, 78, 53, 0, 13,9, 0,34, 2,5, 12, 28, 105, 1,41, Off, Off, On, Off, On, Off, On, Off, Off, Off, Off, Rich
047.750, 688, 1,08, 78, 54, 0, 13,8, 0,34, 2,51, 12, 28, 105, 1,44, Off, Off, On, Off, On, Off, On, Off, Off, Off, Off, Rich
047.812, 675, 1,06, 78, 54, 0, 13,9, 0,34, 2,49, 12, 28, 105, 1,4, Off, Off, On, Off, On, Off, On, Off, Off, Off, Off, Rich
047.875, 688, 1,08, 78, 54, 0, 13,8, 0,34, 2,43, 11, 28, 105, 1,39, Off, Off, On, Off, On, Off, On, Off, Off, Off, Off, Rich
047.921, 675, 1,06, 78, 54, 0, 13,9, 0,34, 2,48, 12, 28, 105, 1,39, Off, Off, On, Off, On, Off, On, Off, Off, Off, Off, Rich
047.968, 688, 1,07, 78, 56, 0, 13,8, 0,34, 2,5, 12, 28, 105, 1,43, Off, Off, On, Off, On, Off, On, Off, Off, Off, Off, Rich
048.031, 675, 1,08, 78, 56, 0, 13,8, 0,34, 2,51, 12, 28, 105, 1,41, Off, Off, On, Off, On, Off, On, Off, Off, Off, Off, Rich
048.078, 688, 1,06, 78, 56, 0, 13,9, 0,34, 2,51, 12, 28, 105, 1,44, Off, Off, On, Off, On, Off, On, Off, Off, Off, Off, Rich
048.140, 712, 1,06, 78, 57, 0, 13,8, 0,34, 2,5, 12, 28, 105, 1,48, Off, Off, On, Off, On, Off, On, Off, Off, Off, Off, Rich
048.187, 688, 1,07, 78, 57, 0, 13,9, 0,34, 2,41, 10, 28, 105, 1,38, Off, Off, On, Off, On, Off, On, Off, Off, Off, Off, Rich
048.234, 688, 1,06, 78, 55, 0, 13,8, 0,34, 2,5, 14, 28, 105, 1,43, Off, Off, On, Off, On, Off, On, Off, Off, Off, Off, Rich
048.296, 675, 1,08, 78, 56, 0, 13,9, 0,34, 2,5, 12, 28, 105, 1,41, Off, Off, On, Off, On, Off, On, Off, Off, Off, Off, Rich
048.343, 688, 1,07, 78, 56, 0, 13,9, 0,34, 2,43, 11, 28, 105, 1,39, Off, Off, On, Off, On, Off, On, Off, Off, Off, Off, Rich
048.406, 688, 1,06, 78, 54, 0, 13,8, 0,34, 2,48, 11, 28, 105, 1,42, Off, Off, On, Off, On, Off, On, Off, Off, Off, Off, Rich
048.468, 675, 1,07, 78, 54, 0, 13,8, 0,34, 2,46, 12, 28, 105, 1,38, Off, Off, On, Off, On, Off, On, Off, Off, Off, Off, Rich
048.515, 712, 1,06, 78, 54, 0, 13,9, 0,34, 2,45, 12, 28, 105, 1,45, Off, Off, On, Off, On, Off, On, Off, Off, Off, Off, Rich
048.562, 675, 1,07, 78, 52, 0, 13,8, 0,34, 2,51, 12, 28, 105, 1,41, Off, Off, On, Off, On, Off, On, Off, Off, Off, Off, Rich
048.609, 688, 1,08, 78, 52, 0, 13,9, 0,34, 2,48, 12, 28, 105, 1,42, Off, Off, On, Off, On, Off, On, Off, Off, Off, Off, Rich
048.656, 675, 1,06, 78, 53, 0, 13,9, 0,34, 2,51, 12, 28, 105, 1,41, Off, Off, On, Off, On, Off, On, Off, Off, Off, Off, Rich
048.718, 675, 1,07, 78, 50, 0, 13,9, 0,34, 2,49, 11, 28, 105, 1,4, Off, Off, On, Off, On, Off, On, Off, Off, Off, Off, Rich
048.781, 675, 1,06, 78, 50, 0, 13,9, 0,34, 2,46, 12, 28, 105, 1,38, Off, Off, On, Off, On, Off, On, Off, Off, Off, Off, Rich
048.828, 675, 1,06, 78, 51, 0, 13,9, 0,34, 2,49, 12, 28, 105, 1,4, Off, Off, On, Off, On, Off, On, Off, Off, Off, Off, Rich
048.890, 688, 1,08, 78, 51, 0, 13,8, 0,34, 2,46, 12, 28, 105, 1,41, Off, Off, On, Off, On, Off, On, Off, Off, Off, Off, Rich
048.953, 688, 1,06, 78, 49, 0, 13,9, 0,34, 2,45, 11, 28, 105, 1,4, Off, Off, On, Off, On, Off, On, Off, Off, Off, Off, Rich
049.000, 688, 1,06, 78, 52, 0, 13,9, 0,34, 2,52, 12, 28, 105, 1,44, Off, Off, On, Off, On, Off, On, Off, Off, Off, Off, Rich
049.046, 688, 1,06, 78, 52, 0, 13,9, 0,34, 2,45, 12, 28, 105, 1,4, Off, Off, On, Off, On, Off, On, Off, Off, Off, Off, Rich
049.109, 712, 1,06, 78, 50, 0, 13,9, 0,34, 2,5, 12, 28, 105, 1,48, Off, Off, On, Off, On, Off, On, Off, Off, Off, Off, Rich
049.156, 688, 1,08, 78, 52, 0, 13,8, 0,34, 2,49, 13, 28, 105, 1,43, Off, Off, On, Off, On, Off, On, Off, Off, Off, Off, Rich
049.203, 688, 1,06, 78, 52, 0, 13,8, 0,34, 2,45, 12, 28, 105, 1,4, Off, Off, On, Off, On, Off, On, Off, Off, Off, Off, Rich
049.265, 712, 1,06, 78, 48, 0, 13,9, 0,34, 2,46, 14, 28, 105, 1,46, Off, Off, On, Off, On, Off, On, Off, Off, Off, Off, Rich
049.312, 675, 1,06, 78, 48, 0, 13,9, 0,34, 2,45, 13, 28, 105, 1,38, Off, Off, On, Off, On, Off, On, Off, Off, Off, Off, Rich
049.375, 688, 1,06, 78, 47, 0, 13,9, 0,34, 2,48, 12, 28, 105, 1,42, Off, Off, On, Off, On, Off, On, Off, Off, Off, Off, Rich
049.421, 675, 1,08, 78, 43, 0, 13,8, 0,34, 2,52, 12, 28, 105, 1,42, Off, Off, On, Off, On, Off, On, Off, Off, Off, Off, Rich
049.468, 675, 1,06, 78, 43, 0, 13,9, 0,34, 2,46, 12, 28, 105, 1,38, Off, Off, On, Off, On, Off, On, Off, Off, Off, Off, Rich
049.531, 675, 1,06, 78, 39, 0, 13,8, 0,34, 2,49, 12, 28, 105, 1,4, Off, Off, On, Off, On, Off, On, Off, Off, Off, Off, Lean
049.578, 662, 1,08, 78, 34, 0, 13,8, 0,34, 2,55, 12, 28, 105, 1,41, Off, Off, On, Off, On, Off, On, Off, Off, Off, Off, Lean
049.625, 688, 1,06, 78, 34, 0, 13,8, 0,34, 2,52, 12, 28, 105, 1,44, Off, Off, On, Off, On, Off, On, Off, Off, Off, Off, Lean
049.687, 675, 1,07, 78, 30, 0, 13,9, 0,34, 2,49, 11, 28, 105, 1,4, Off, Off, On, Off, On, Off, On, Off, Off, Off, Off, Lean
049.734, 688, 1,07, 78, 30, 0, 13,9, 0,34, 2,52, 12, 28, 105, 1,44, Off, Off, On, Off, On, Off, On, Off, Off, Off, Off, Lean
049.781, 688, 1,06, 78, 26, 0, 13,9, 0,34, 2,54, 14, 28, 105, 1,46, Off, Off, On, Off, On, Off, On, Off, Off, Off, Off, Lean
049.828, 712, 1,08, 78, 26, 0, 13,9, 0,34, 2,5, 13, 28, 105, 1,48, Off, Off, On, Off, On, Off, On, Off, Off, Off, Off, Lean
049.875, 712, 1,06, 78, 24, 0, 13,8, 0,34, 2,45, 12, 28, 105, 1,45, Off, Off, On, Off, On, Off, On, Off, Off, Off, Off, Lean
049.921, 675, 1,07, 78, 21, 0, 13,8, 0,34, 2,5, 12, 28, 105, 1,41, Off, Off, On, Off, On, Off, On, Off, Off, Off, Off, Lean
049.984, 675, 1,06, 78, 21, 0, 13,9, 0,34, 2,43, 10, 28, 105, 1,37, Off, Off, On, Off, On, Off, On, Off, Off, Off, Off, Lean
050.031, 675, 1,06, 78, 22, 0, 13,9, 0,34, 2,47, 12, 28, 105, 1,39, Off, Off, On, Off, On, Off, On, Off, Off, Off, Off, Lean
050.109, 712, 1,08, 78, 22, 0, 13,8, 0,34, 2,49, 11, 28, 105, 1,48, Off, Off, On, Off, On, Off, On, Off, Off, Off, Off, Lean
050.156, 675, 1,06, 78, 22, 0, 13,9, 0,34, 2,48, 13, 28, 105, 1,39, Off, Off, On, Off, On, Off, On, Off, Off, Off, Off, Lean
050.203, 688, 1,06, 78, 26, 0, 13,8, 0,34, 2,52, 14, 28, 105, 1,44, Off, Off, On, Off, On, Off, On, Off, Off, Off, Off, Lean
050.265, 688, 1,06, 78, 26, 0, 13,9, 0,34, 2,44, 12, 28, 105, 1,4, Off, Off, On, Off, On, Off, On, Off, Off, Off, Off, Lean
050.312, 712, 1,06, 78, 29, 0, 13,9, 0,34, 2,5, 12, 28, 105, 1,48, Off, Off, On, Off, On, Off, On, Off, Off, Off, Off, Lean
050.359, 675, 1,08, 78, 35, 0, 13,9, 0,34, 2,48, 10, 28, 105, 1,39, Off, Off, On, Off, On, Off, On, Off, Off, Off, Off, Lean
050.406, 688, 1,06, 78, 35, 0, 13,8, 0,34, 2,49, 9, 28, 105, 1,43, Off, Off, On, Off, On, Off, On, Off, Off, Off, Off, Lean
050.453, 688, 1,06, 78, 40, 0, 13,8, 0,34, 2,51, 12, 28, 105, 1,44, Off, Off, On, Off, On, Off, On, Off, Off, Off, Off, Lean
050.500, 688, 1,07, 78, 40, 0, 13,9, 0,34, 2,48, 11, 28, 105, 1,42, Off, Off, On, Off, On, Off, On, Off, Off, Off, Off, Lean
050.562, 688, 1,06, 78, 49, 0, 13,9, 0,34, 2,51, 9, 28, 105, 1,44, Off, Off, On, Off, On, Off, On, Off, Off, Off, Off, Rich
050.609, 675, 1,08, 78, 52, 0, 13,9, 0,34, 2,51, 12, 28, 105, 1,41, Off, Off, On, Off, On, Off, On, Off, Off, Off, Off, Rich
050.671, 712, 1,06, 78, 52, 0, 13,9, 0,34, 2,51, 12, 28, 105, 1,49, Off, Off, On, Off, On, Off, On, Off, Off, Off, Off, Rich
050.718, 675, 1,06, 78, 55, 0, 13,8, 0,34, 2,5, 11, 28, 105, 1,41, Off, Off, On, Off, On, Off, On, Off, Off, Off, Off, Rich
050.765, 688, 1,08, 78, 55, 0, 13,8, 0,34, 2,48, 10, 28, 105, 1,42, Off, Off, On, Off, On, Off, On, Off, Off, Off, Off, Rich
050.843, 675, 1,06, 78, 56, 0, 13,8, 0,34, 2,48, 12, 28, 105, 1,39, Off, Off, On, Off, On, Off, On, Off, Off, Off, Off, Rich
050.890, 688, 1,07, 78, 57, 0, 13,9, 0,34, 2,51, 12, 28, 105, 1,44, Off, Off, On, Off, On, Off, On, Off, Off, Off, Off, Rich
050.937, 688, 1,08, 78, 57, 0, 13,8, 0,34, 2,44, 11, 28, 105, 1,4, Off, Off, On, Off, On, Off, On, Off, Off, Off, Off, Rich
051.000, 688, 1,06, 78, 57, 0, 13,9, 0,34, 2,48, 11, 28, 105, 1,42, Off, Off, On, Off, On, Off, On, Off, Off, Off, Off, Rich
051.046, 688, 1,06, 78, 57, 0, 13,8, 0,34, 2,51, 12, 28, 105, 1,44, Off, Off, On, Off, On, Off, On, Off, Off, Off, Off, Rich
051.093, 688, 1,06, 78, 57, 0, 13,8, 0,34, 2,48, 12, 28, 105, 1,42, Off, Off, On, Off, On, Off, On, Off, Off, Off, Off, Rich
051.156, 712, 1,06, 78, 57, 0, 13,9, 0,34, 2,46, 12, 28, 105, 1,46, Off, Off, On, Off, On, Off, On, Off, Off, Off, Off, Rich
051.203, 688, 1,08, 78, 57, 0, 13,9, 0,34, 2,51, 12, 28, 105, 1,44, Off, Off, On, Off, On, Off, On, Off, Off, Off, Off, Rich
051.265, 712, 1,06, 78, 57, 0, 13,8, 0,34, 2,48, 11, 28, 105, 1,47, Off, Off, On, Off, On, Off, On, Off, Off, Off, Off, Rich
051.328, 688, 1,06, 78, 56, 0, 13,9, 0,34, 2,51, 14, 28, 105, 1,44, Off, Off, On, Off, On, Off, On, Off, Off, Off, Off, Rich
051.375, 675, 1,07, 78, 56, 0, 13,9, 0,34, 2,46, 13, 28, 105, 1,38, Off, Off, On, Off, On, Off, On, Off, Off, Off, Off, Rich
051.437, 688, 1,06, 78, 57, 0, 13,9, 0,34, 2,5, 12, 28, 105, 1,43, Off, Off, On, Off, On, Off, On, Off, Off, Off, Off, Rich
051.484, 675, 1,08, 78, 56, 0, 13,8, 0,34, 2,48, 12, 28, 105, 1,39, Off, Off, On, Off, On, Off, On, Off, Off, Off, Off, Rich
051.531, 688, 1,06, 78, 56, 0, 13,8, 0,34, 2,49, 12, 28, 105, 1,43, Off, Off, On, Off, On, Off, On, Off, Off, Off, Off, Rich
051.578, 675, 1,07, 78, 56, 0, 13,9, 0,34, 2,5, 12, 28, 105, 1,41, Off, Off, On, Off, On, Off, On, Off, Off, Off, Off, Rich
051.625, 688, 1,07, 78, 56, 0, 13,9, 0,34, 2,5, 12, 28, 105, 1,43, Off, Off, On, Off, On, Off, On, Off, Off, Off, Off, Rich
051.671, 675, 1,06, 78, 55, 0, 13,9, 0,34, 2,51, 12, 28, 105, 1,41, Off, Off, On, Off, On, Off, On, Off, Off, Off, Off, Rich
051.734, 712, 1,08, 78, 55, 0, 13,9, 0,34, 2,41, 11, 28, 105, 1,43, Off, Off, On, Off, On, Off, On, Off, Off, Off, Off, Rich
051.781, 688, 1,06, 78, 56, 0, 13,8, 0,34, 2,47, 12, 28, 105, 1,42, Off, Off, On, Off, On, Off, On, Off, Off, Off, Off, Rich
051.828, 675, 1,07, 78, 54, 0, 13,8, 0,34, 2,5, 12, 28, 105, 1,41, Off, Off, On, Off, On, Off, On, Off, Off, Off, Off, Rich
051.875, 675, 1,06, 78, 54, 0, 13,9, 0,34, 2,4, 11, 28, 105, 1,35, Off, Off, On, Off, On, Off, On, Off, Off, Off, Off, Rich
051.921, 688, 1,07, 78, 55, 0, 13,9, 0,34, 2,52, 12, 28, 105, 1,44, Off, Off, On, Off, On, Off, On, Off, Off, Off, Off, Rich
051.984, 712, 1,08, 78, 55, 0, 13,8, 0,34, 2,46, 12, 28, 105, 1,46, Off, Off, On, Off, On, Off, On, Off, Off, Off, Off, Rich
052.046, 675, 1,06, 78, 54, 0, 13,9, 0,34, 2,5, 12, 28, 105, 1,41, Off, Off, On, Off, On, Off, On, Off, Off, Off, Off, Rich
052.093, 688, 1,07, 78, 55, 0, 13,9, 0,34, 2,47, 12, 28, 105, 1,42, Off, Off, On, Off, On, Off, On, Off, Off, Off, Off, Rich
052.140, 688, 1,06, 78, 55, 0, 13,9, 0,34, 2,41, 11, 28, 105, 1,38, Off, Off, On, Off, On, Off, On, Off, Off, Off, Off, Rich
052.203, 688, 1,06, 78, 53, 0, 13,8, 0,34, 2,44, 10, 28, 105, 1,4, Off, Off, On, Off, On, Off, On, Off, Off, Off, Off, Rich
052.234, 688, 1,08, 78, 53, 0, 13,9, 0,34, 2,5, 12, 28, 105, 1,43, Off, Off, On, Off, On, Off, On, Off, Off, Off, Off, Rich
052.296, 688, 1,06, 78, 53, 0, 13,9, 0,34, 2,49, 12, 28, 105, 1,43, Off, Off, On, Off, On, Off, On, Off, Off, Off, Off, Rich
052.343, 688, 1,08, 78, 52, 0, 13,9, 0,34, 2,48, 12, 28, 105, 1,42, Off, Off, On, Off, On, Off, On, Off, Off, Off, Off, Rich
052.390, 675, 1,06, 78, 52, 0, 13,9, 0,34, 2,46, 13, 28, 105, 1,38, Off, Off, On, Off, On, Off, On, Off, Off, Off, Off, Rich
052.437, 712, 1,06, 78, 53, 0, 13,9, 0,34, 2,45, 12, 28, 105, 1,45, Off, Off, On, Off, On, Off, On, Off, Off, Off, Off, Rich
052.500, 688, 1,08, 78, 53, 0, 13,9, 0,34, 2,43, 10, 28, 105, 1,39, Off, Off, On, Off, On, Off, On, Off, Off, Off, Off, Rich
052.546, 712, 1,06, 78, 51, 0, 13,8, 0,34, 2,47, 12, 28, 105, 1,47, Off, Off, On, Off, On, Off, On, Off, Off, Off, Off, Rich
052.593, 675, 1,08, 78, 51, 0, 13,9, 0,34, 2,45, 10, 28, 105, 1,38, Off, Off, On, Off, On, Off, On, Off, Off, Off, Off, Rich
052.656, 712, 1,06, 78, 51, 0, 13,9, 0,34, 2,4, 12, 28, 105, 1,42, Off, Off, On, Off, On, Off, On, Off, Off, Off, Off, Rich
052.703, 688, 1,06, 78, 48, 0, 13,9, 0,34, 2,49, 12, 28, 105, 1,43, Off, Off, On, Off, On, Off, On, Off, Off, Off, Off, Rich
052.765, 688, 1,07, 78, 48, 0, 13,9, 0,34, 2,4, 11, 28, 105, 1,38, Off, Off, On, Off, On, Off, On, Off, Off, Off, Off, Rich
052.812, 688, 1,06, 78, 47, 0, 13,9, 0,34, 2,45, 11, 28, 105, 1,4, Off, Off, On, Off, On, Off, On, Off, Off, Off, Off, Rich
052.859, 675, 1,07, 78, 45, 0, 13,9, 0,34, 2,45, 10, 28, 105, 1,38, Off, Off, On, Off, On, Off, On, Off, Off, Off, Off, Rich
052.921, 688, 1,08, 78, 44, 0, 13,9, 0,34, 2,5, 14, 28, 105, 1,43, Off, Off, On, Off, On, Off, On, Off, Off, Off, Off, Rich
052.968, 675, 1,06, 78, 44, 0, 13,9, 0,34, 2,47, 13, 28, 105, 1,39, Off, Off, On, Off, On, Off, On, Off, Off, Off, Off, Rich
053.046, 688, 1,06, 78, 41, 0, 13,9, 0,34, 2,5, 12, 28, 105, 1,43, Off, Off, On, Off, On, Off, On, Off, Off, Off, Off, Rich
053.093, 675, 1,06, 78, 41, 0, 13,8, 0,34, 2,54, 12, 28, 105, 1,43, Off, Off, On, Off, On, Off, On, Off, Off, Off, Off, Lean
053.140, 675, 1,06, 78, 40, 0, 13,9, 0,34, 2,53, 11, 28, 105, 1,42, Off, Off, On, Off, On, Off, On, Off, Off, Off, Off, Lean
053.203, 675, 1,08, 78, 37, 0, 13,9, 0,34, 2,5, 9, 28, 105, 1,41, Off, Off, On, Off, On, Off, On, Off, Off, Off, Off, Lean
053.250, 675, 1,06, 78, 37, 0, 13,9, 0,34, 2,51, 12, 28, 105, 1,41, Off, Off, On, Off, On, Off, On, Off, Off, Off, Off, Lean
053.296, 712, 1,07, 78, 36, 0, 13,8, 0,34, 2,54, 12, 28, 105, 1,51, Off, Off, On, Off, On, Off, On, Off, Off, Off, Off, Lean
053.359, 675, 1,07, 78, 36, 0, 13,9, 0,34, 2,45, 10, 28, 105, 1,38, Off, Off, On, Off, On, Off, On, Off, Off, Off, Off, Lean
053.406, 688, 1,06, 78, 33, 0, 13,9, 0,34, 2,56, 12, 28, 105, 1,47, Off, Off, On, Off, On, Off, On, Off, Off, Off, Off, Lean
053.453, 688, 1,08, 78, 34, 0, 13,9, 0,34, 2,55, 12, 28, 105, 1,46, Off, Off, On, Off, On, Off, On, Off, Off, Off, Off, Lean
053.500, 688, 1,06, 78, 34, 0, 13,8, 0,34, 2,5, 11, 28, 105, 1,43, Off, Off, On, Off, On, Off, On, Off, Off, Off, Off, Lean
053.546, 688, 1,06, 78, 32, 0, 13,8, 0,34, 2,55, 12, 28, 105, 1,46, Off, Off, On, Off, On, Off, On, Off, Off, Off, Off, Lean
053.609, 675, 1,06, 78, 32, 0, 13,9, 0,34, 2,5, 12, 28, 105, 1,41, Off, Off, On, Off, On, Off, On, Off, Off, Off, Off, Lean
053.671, 688, 1,06, 78, 36, 0, 13,8, 0,34, 2,54, 12, 28, 105, 1,46, Off, Off, On, Off, On, Off, On, Off, Off, Off, Off, Lean
053.718, 688, 1,07, 78, 39, 0, 13,9, 0,34, 2,55, 12, 28, 105, 1,46, Off, Off, On, Off, On, Off, On, Off, Off, Off, Off, Lean
053.765, 712, 1,06, 78, 39, 0, 13,8, 0,34, 2,52, 12, 28, 105, 1,5, Off, Off, On, Off, On, Off, On, Off, Off, Off, Off, Lean
053.828, 688, 1,07, 78, 46, 0, 13,9, 0,34, 2,5, 10, 28, 105, 1,43, Off, Off, On, Off, On, Off, On, Off, Off, Off, Off, Lean
053.875, 688, 1,07, 78, 46, 0, 13,8, 0,34, 2,46, 12, 28, 105, 1,41, Off, Off, On, Off, On, Off, On, Off, Off, Off, Off, Lean
053.921, 675, 1,06, 78, 50, 0, 13,9, 0,34, 2,5, 11, 28, 105, 1,41, Off, Off, On, Off, On, Off, On, Off, Off, Off, Off, Rich
053.968, 712, 1,08, 78, 50, 0, 13,8, 0,34, 2,41, 10, 28, 105, 1,43, Off, Off, On, Off, On, Off, On, Off, Off, Off, Off, Rich
054.015, 688, 1,06, 78, 54, 0, 13,9, 0,34, 2,48, 12, 28, 105, 1,42, Off, Off, On, Off, On, Off, On, Off, Off, Off, Off, Rich
054.078, 688, 1,07, 78, 55, 0, 13,9, 0,34, 2,46, 11, 28, 105, 1,41, Off, Off, On, Off, On, Off, On, Off, Off, Off, Off, Rich
054.125, 688, 1,08, 78, 57, 0, 13,9, 0,34, 2,5, 12, 28, 105, 1,43, Off, Off, On, Off, On, Off, On, Off, Off, Off, Off, Rich
054.171, 688, 1,06, 78, 57, 0, 13,9, 0,34, 2,5, 12, 28, 105, 1,43, Off, Off, On, Off, On, Off, On, Off, Off, Off, Off, Rich
054.218, 712, 1,08, 78, 57, 0, 13,8, 0,34, 2,43, 11, 28, 105, 1,44, Off, Off, On, Off, On, Off, On, Off, Off, Off, Off, Rich
054.281, 688, 1,06, 78, 57, 0, 13,9, 0,34, 2,51, 12, 28, 105, 1,44, Off, Off, On, Off, On, Off, On, Off, Off, Off, Off, Rich
054.328, 675, 1,08, 78, 58, 0, 13,8, 0,34, 2,5, 12, 28, 105, 1,41, Off, Off, On, Off, On, Off, On, Off, Off, Off, Off, Rich
054.390, 688, 1,08, 78, 58, 0, 13,9, 0,34, 2,45, 10, 28, 105, 1,4, Off, Off, On, Off, On, Off, On, Off, Off, Off, Off, Rich
054.437, 688, 1,06, 78, 57, 0, 13,9, 0,34, 2,5, 12, 28, 105, 1,43, Off, Off, On, Off, On, Off, On, Off, Off, Off, Off, Rich
054.484, 675, 1,08, 78, 58, 0, 13,9, 0,34, 2,47, 11, 28, 105, 1,39, Off, Off, On, Off, On, Off, On, Off, Off, Off, Off, Rich
054.546, 712, 1,06, 78, 58, 0, 13,9, 0,34, 2,43, 12, 28, 105, 1,44, Off, Off, On, Off, On, Off, On, Off, Off, Off, Off, Rich
054.593, 675, 1,06, 78, 56, 0, 13,9, 0,34, 2,5, 12, 28, 105, 1,41, Off, Off, On, Off, On, Off, On, Off, Off, Off, Off, Rich
054.656, 712, 1,08, 78, 56, 0, 13,9, 0,34, 2,4, 11, 28, 105, 1,42, Off, Off, On, Off, On, Off, On, Off, Off, Off, Off, Rich
054.703, 712, 1,06, 78, 56, 0, 13,8, 0,34, 2,41, 12, 28, 105, 1,43, Off, Off, On, Off, On, Off, On, Off, Off, Off, Off, Rich
054.765, 688, 1,07, 78, 55, 0, 13,9, 0,34, 2,47, 11, 28, 105, 1,42, Off, Off, On, Off, On, Off, On, Off, Off, Off, Off, Rich
054.812, 712, 1,08, 78, 55, 0, 13,9, 0,34, 2,47, 12, 28, 105, 1,47, Off, Off, On, Off, On, Off, On, Off, Off, Off, Off, Rich
054.859, 675, 1,06, 78, 55, 0, 13,9, 0,34, 2,49, 12, 28, 105, 1,4, Off, Off, On, Off, On, Off, On, Off, Off, Off, Off, Rich
054.921, 712, 1,08, 78, 55, 0, 13,8, 0,34, 2,43, 11, 28, 105, 1,44, Off, Off, On, Off, On, Off, On, Off, Off, Off, Off, Rich
054.984, 675, 1,06, 78, 54, 0, 13,9, 0,34, 2,47, 12, 28, 105, 1,39, Off, Off, On, Off, On, Off, On, Off, Off, Off, Off, Rich
055.031, 688, 1,06, 78, 55, 0, 13,8, 0,34, 2,49, 11, 28, 105, 1,43, Off, Off, On, Off, On, Off, On, Off, Off, Off, Off, Rich
055.093, 675, 1,08, 78, 54, 0, 13,8, 0,34, 2,48, 11, 28, 105, 1,39, Off, Off, On, Off, On, Off, On, Off, Off, Off, Off, Rich
055.140, 688, 1,06, 78, 54, 0, 13,9, 0,34, 2,46, 14, 28, 105, 1,41, Off, Off, On, Off, On, Off, On, Off, Off, Off, Off, Rich
055.203, 712, 1,06, 78, 55, 0, 13,8, 0,34, 2,45, 12, 28, 105, 1,45, Off, Off, On, Off, On, Off, On, Off, Off, Off, Off, Rich
055.250, 688, 1,08, 78, 55, 0, 13,9, 0,34, 2,42, 10, 28, 105, 1,39, Off, Off, On, Off, On, Off, On, Off, Off, Off, Off, Rich
055.296, 688, 1,06, 78, 53, 0, 13,8, 0,34, 2,49, 12, 28, 105, 1,43, Off, Off, On, Off, On, Off, On, Off, Off, Off, Off, Rich
055.359, 675, 1,08, 78, 54, 0, 13,9, 0,34, 2,51, 12, 28, 105, 1,41, Off, Off, On, Off, On, Off, On, Off, Off, Off, Off, Rich
055.406, 688, 1,08, 78, 54, 0, 13,9, 0,34, 2,49, 12, 28, 105, 1,43, Off, Off, On, Off, On, Off, On, Off, Off, Off, Off, Rich
055.453, 675, 1,06, 78, 53, 0, 13,9, 0,34, 2,5, 12, 28, 105, 1,41, Off, Off, On, Off, On, Off, On, Off, Off, Off, Off, Rich
055.531, 688, 1,08, 78, 53, 0, 13,8, 0,34, 2,48, 12, 28, 105, 1,42, Off, Off, On, Off, On, Off, On, Off, Off, Off, Off, Rich
055.578, 688, 1,06, 78, 55, 0, 13,9, 0,34, 2,49, 12, 28, 105, 1,43, Off, Off, On, Off, On, Off, On, Off, Off, Off, Off, Rich
055.625, 675, 1,08, 78, 52, 0, 13,8, 0,34, 2,49, 12, 28, 105, 1,4, Off, Off, On, Off, On, Off, On, Off, Off, Off, Off, Rich
055.687, 675, 1,06, 78, 52, 0, 13,6, 0,34, 2,45, 11, 28, 105, 1,38, Off, Off, On, Off, On, Off, On, Off, Off, Off, Off, Rich
055.734, 675, 1,05, 78, 53, 0, 13,6, 0,34, 2,53, 12, 28, 105, 1,42, Off, Off, On, Off, On, Off, On, Off, Off, Off, Off, Rich
055.781, 675, 1,07, 78, 53, 0, 13,6, 0,34, 2,51, 14, 28, 105, 1,41, Off, Off, On, Off, On, Off, On, Off, Off, Off, Off, Rich
055.828, 662, 1,05, 78, 51, 0, 13,7, 0,34, 2,53, 14, 28, 105, 1,4, Off, Off, On, Off, On, Off, On, Off, Off, Off, Off, Rich
055.890, 662, 1,06, 78, 52, 0, 13,8, 0,34, 2,52, 14, 28, 105, 1,39, Off, Off, On, Off, On, Off, On, Off, Off, Off, Off, Rich
055.937, 650, 1,06, 78, 52, 0, 13,8, 0,34, 2,47, 12, 28, 105, 1,34, Off, Off, On, Off, On, Off, On, Off, Off, Off, Off, Rich
055.984, 662, 1,05, 78, 51, 0, 13,8, 0,34, 2,54, 14, 28, 105, 1,4, Off, Off, On, Off, On, Off, On, Off, Off, Off, Off, Rich
056.046, 662, 1,06, 78, 51, 0, 13,8, 0,34, 2,48, 14, 28, 105, 1,37, Off, Off, On, Off, On, Off, On, Off, Off, Off, Off, Rich
056.093, 675, 1,06, 78, 51, 0, 13,8, 0,34, 2,49, 14, 28, 105, 1,4, Off, Off, On, Off, On, Off, On, Off, Off, Off, Off, Rich
056.156, 688, 1,06, 78, 47, 0, 13,8, 0,34, 2,51, 14, 28, 105, 1,44, Off, Off, On, Off, On, Off, On, Off, Off, Off, Off, Rich
056.218, 688, 1,06, 78, 47, 0, 13,8, 0,34, 2,48, 14, 28, 105, 1,42, Off, Off, On, Off, On, Off, On, Off, Off, Off, Off, Rich
056.265, 662, 1,04, 78, 42, 0, 13,8, 0,34, 2,5, 14, 28, 105, 1,38, Off, Off, On, Off, On, Off, On, Off, Off, Off, Off, Lean
056.328, 675, 1,06, 78, 33, 0, 13,8, 0,34, 2,55, 12, 28, 105, 1,43, Off, Off, On, Off, On, Off, On, Off, Off, Off, Off, Lean
056.375, 675, 1,05, 78, 33, 0, 13,8, 0,34, 2,5, 12, 28, 105, 1,41, Off, Off, On, Off, On, Off, On, Off, Off, Off, Off, Lean
056.421, 675, 1,06, 78, 24, 0, 13,8, 0,34, 2,57, 12, 28, 105, 1,45, Off, Off, On, Off, On, Off, On, Off, Off, Off, Off, Lean
056.484, 675, 1,06, 78, 24, 0, 13,8, 0,34, 2,49, 13, 28, 105, 1,4, Off, Off, On, Off, On, Off, On, Off, Off, Off, Off, Lean
056.546, 712, 1,05, 78, 16, 0, 13,8, 0,34, 2,49, 11, 28, 105, 1,48, Off, Off, On, Off, On, Off, On, Off, Off, Off, Off, Lean
056.593, 688, 1,06, 78, 11, 0, 13,8, 0,34, 2,52, 12, 28, 105, 1,44, Off, Off, On, Off, On, Off, On, Off, Off, Off, Off, Lean
056.640, 675, 1,06, 78, 11, 0, 13,8, 0,34, 2,45, 11, 28, 105, 1,38, Off, Off, On, Off, On, Off, On, Off, Off, Off, Off, Lean
056.703, 675, 1,04, 78, 7, 0, 13,7, 0,34, 2,55, 14, 28, 105, 1,43, Off, Off, Off, Off, On, Off, On, Off, Off, Off, Off, Lean
056.750, 675, 1,06, 78, 4, 0, 13,8, 0,34, 2,54, 14, 28, 105, 1,43, Off, Off, Off, Off, On, Off, On, Off, Off, Off, Off, Lean
056.828, 712, 1,05, 78, 4, 0, 13,8, 0,34, 2,49, 14, 28, 105, 1,48, Off, Off, Off, Off, On, Off, On, Off, Off, Off, Off, Lean
056.875, 675, 1,04, 78, 2, 0, 13,8, 0,34, 2,47, 14, 28, 105, 1,39, Off, Off, Off, Off, On, Off, On, Off, Off, Off, Off, Lean
056.937, 725, 1,06, 78, 2, 0, 13,8, 0,34, 2,42, 14, 28, 105, 1,46, Off, Off, Off, Off, On, Off, On, Off, Off, Off, Off, Lean
056.984, 688, 1,11, 78, 0, 0, 13,8, 0,34, 2,52, 12, 35, 105, 1,44, Off, Off, Off, Off, On, Off, On, Off, Off, Off, Off, Lean
057.046, 712, 1,12, 78, 0, 0, 13,8, 0,34, 2,58, 11, 35, 105, 1,53, Off, Off, Off, Off, On, Off, On, Off, Off, Off, Off, Lean
057.093, 688, 1,14, 78, 0, 0, 13,8, 0,34, 2,67, 8, 35, 105, 1,53, Off, Off, Off, Off, On, Off, On, Off, Off, Off, Off, Lean
057.140, 712, 1,13, 78, 0, 0, 13,7, 0,34, 2,68, 11, 35, 105, 1,59, Off, Off, Off, Off, On, Off, On, Off, Off, Off, Off, Lean
057.203, 675, 1,12, 78, 0, 0, 13,8, 0,34, 2,71, 8, 35, 105, 1,52, Off, Off, Off, Off, On, Off, On, Off, Off, Off, Off, Lean
057.250, 725, 1,14, 78, 0, 0, 13,7, 0,34, 2,69, 7, 35, 105, 1,63, Off, Off, Off, Off, On, Off, On, Off, Off, Off, Off, Lean
057.296, 712, 1,14, 78, 0, 0, 13,8, 0,34, 2,74, 5, 35, 105, 1,63, Off, Off, Off, Off, On, Off, On, Off, Off, Off, Off, Lean
057.375, 725, 1,14, 78, 0, 0, 13,6, 0,34, 2,74, 7, 35, 105, 1,66, Off, Off, Off, Off, On, Off, On, Off, Off, Off, Off, Lean
057.421, 725, 1,14, 78, 0, 0, 13,8, 0,34, 2,75, 7, 35, 105, 1,66, Off, Off, Off, Off, On, Off, On, Off, Off, Off, Off, Lean
057.468, 725, 1,13, 78, 0, 0, 13,8, 0,34, 2,75, 6, 35, 105, 1,66, Off, Off, Off, Off, On, Off, On, Off, Off, Off, Off, Lean
057.531, 712, 1,14, 78, 0, 0, 13,8, 0,34, 2,78, 5, 35, 105, 1,65, Off, Off, Off, Off, On, Off, On, Off, Off, Off, Off, Lean
057.593, 725, 1,15, 78, 0, 0, 13,8, 0,34, 2,79, 5, 35, 105, 1,69, Off, Off, Off, Off, On, Off, On, Off, Off, Off, Off, Lean
057.640, 712, 1,13, 78, 0, 0, 13,8, 0,34, 2,78, 7, 34, 105, 1,65, Off, Off, Off, Off, On, Off, On, Off, Off, Off, Off, Lean
057.687, 725, 1,14, 78, 0, 0, 13,8, 0,34, 2,8, 7, 34, 105, 1,69, Off, Off, Off, Off, On, Off, On, Off, Off, Off, Off, Lean
057.734, 688, 1,14, 78, 0, 0, 13,8, 0,34, 2,74, 5, 34, 105, 1,57, Off, Off, Off, Off, On, Off, On, Off, Off, Off, Off, Lean
057.796, 688, 1,13, 78, 0, 0, 13,8, 0,34, 2,84, 11, 34, 105, 1,63, Off, Off, On, Off, On, Off, On, Off, Off, Off, Off, Lean
057.859, 662, 1,14, 78, 0, 0, 13,8, 0,34, 2,89, 13, 34, 105, 1,59, Off, Off, On, Off, On, Off, On, Off, Off, Off, Off, Lean
057.906, 625, 1,14, 78, 0, 0, 13,8, 0,34, 2,9, 13, 34, 105, 1,51, Off, Off, Off, Off, On, Off, On, Off, Off, Off, Off, Lean
057.968, 650, 1,14, 78, 0, 0, 13,8, 0,34, 2,97, 13, 34, 105, 1,61, Off, Off, Off, Off, On, Off, On, Off, Off, Off, Off, Lean
058.015, 650, 1,14, 78, 0, 0, 13,8, 0,34, 2,99, 13, 34, 105, 1,62, Off, Off, Off, Off, On, Off, On, Off, Off, Off, Off, Lean
058.062, 600, 1,12, 78, 0, 0, 13,8, 0,34, 3, 13, 34, 105, 1,5, Off, Off, Off, Off, On, Off, On, Off, Off, Off, Off, Lean
058.125, 612, 1,14, 78, 0, 0, 13,8, 0,34, 3,02, 13, 34, 105, 1,54, Off, Off, Off, Off, On, Off, On, Off, Off, Off, Off, Lean
058.171, 625, 1,13, 78, 0, 0, 13,7, 0,34, 3,05, 13, 34, 105, 1,59, Off, Off, Off, Off, On, Off, On, Off, Off, Off, Off, Lean
058.218, 612, 1,14, 78, 0, 0, 13,8, 0,34, 3,1, 13, 34, 105, 1,58, Off, Off, Off, Off, On, Off, On, Off, Off, Off, Off, Lean
058.265, 650, 1,12, 78, 0, 0, 13,8, 0,34, 3,08, 13, 34, 105, 1,67, Off, Off, Off, Off, On, Off, On, Off, Off, Off, Off, Lean
058.312, 662, 1,13, 78, 0, 0, 13,9, 0,34, 3,08, 13, 34, 105, 1,7, Off, Off, Off, Off, On, Off, On, Off, Off, Off, Off, Lean
058.359, 675, 1,12, 78, 0, 0, 13,8, 0,34, 2,97, 13, 34, 105, 1,67, Off, Off, Off, Off, On, Off, On, Off, Off, Off, Off, Lean
058.421, 675, 1,12, 78, 31, 0, 13,8, 0,34, 2,99, 13, 34, 105, 1,68, Off, Off, Off, Off, On, Off, On, Off, Off, Off, Off, Lean
058.484, 712, 1,14, 78, 31, 0, 13,7, 0,34, 2,9, 12, 34, 105, 1,72, Off, Off, Off, Off, On, Off, On, Off, Off, Off, Off, Lean
058.531, 725, 1,12, 78, 49, 0, 13,8, 0,34, 2,86, 10, 34, 106, 1,73, Off, Off, Off, Off, On, Off, On, Off, Off, Off, Off, Rich
058.609, 738, 1,12, 78, 56, 0, 13,8, 0,34, 2,75, 8, 34, 106, 1,69, Off, Off, Off, Off, On, Off, On, Off, Off, Off, Off, Rich
058.656, 762, 1,12, 78, 56, 0, 13,8, 0,34, 2,68, 6, 34, 106, 1,7, Off, Off, Off, Off, On, Off, On, Off, Off, Off, Off, Rich
058.703, 762, 1,12, 78, 59, 0, 13,8, 0,34, 2,63, 3, 34, 106, 1,67, Off, Off, Off, Off, On, Off, On, Off, Off, Off, Off, Rich
058.750, 738, 1,13, 78, 61, 0, 13,8, 0,34, 2,66, 3, 34, 106, 1,64, Off, Off, Off, Off, On, Off, On, Off, Off, Off, Off, Rich
058.812, 712, 1,12, 78, 61, 0, 13,9, 0,34, 2,7, 5, 34, 106, 1,6, Off, Off, Off, Off, On, Off, On, Off, Off, Off, Off, Rich
058.875, 675, 1,12, 78, 61, 0, 13,9, 0,34, 2,78, 9, 34, 106, 1,56, Off, Off, Off, Off, On, Off, On, Off, Off, Off, Off, Rich
058.906, 662, 1,14, 78, 58, 0, 13,9, 0,34, 2,87, 12, 33, 106, 1,58, Off, Off, Off, Off, On, Off, On, Off, Off, Off, Off, Rich
058.953, 675, 1,12, 78, 58, 0, 13,7, 0,34, 2,84, 13, 33, 106, 1,6, Off, Off, Off, Off, On, Off, On, Off, Off, Off, Off, Rich
059.000, 675, 1,12, 78, 52, 0, 13,8, 0,34, 2,86, 13, 33, 106, 1,61, Off, Off, Off, Off, On, Off, On, Off, Off, Off, Off, Rich
059.078, 650, 1,12, 78, 52, 0, 13,8, 0,34, 2,85, 13, 33, 106, 1,54, Off, Off, Off, Off, On, Off, On, Off, Off, Off, Off, Rich
059.125, 662, 1,11, 78, 40, 0, 13,9, 0,34, 2,89, 13, 33, 107, 1,59, Off, Off, Off, Off, On, Off, On, Off, Off, Off, Off, Lean
059.171, 662, 1,13, 78, 40, 0, 13,8, 0,34, 2,93, 13, 33, 107, 1,62, Off, Off, Off, Off, On, Off, On, Off, Off, Off, Off, Lean
059.234, 625, 1,11, 78, 19, 0, 13,8, 0,34, 2,95, 13, 33, 107, 1,54, Off, Off, Off, Off, On, Off, On, Off, Off, Off, Off, Lean
059.281, 662, 1,12, 78, 9, 0, 13,9, 0,34, 2,99, 13, 33, 107, 1,65, Off, Off, Off, Off, On, Off, On, Off, Off, Off, Off, Lean
059.328, 662, 1,12, 78, 9, 0, 13,9, 0,34, 2,91, 13, 33, 107, 1,61, Off, Off, Off, Off, On, Off, On, Off, Off, Off, Off, Lean
059.406, 625, 1,13, 78, 4, 0, 13,9, 0,34, 2,96, 13, 33, 107, 1,54, Off, Off, Off, Off, On, Off, On, Off, Off, Off, Off, Lean
059.453, 662, 1,13, 78, 4, 0, 14, 0,34, 2,92, 13, 33, 107, 1,61, Off, Off, Off, Off, On, Off, On, Off, Off, Off, Off, Lean
059.500, 662, 1,11, 78, 1, 0, 13,9, 0,34, 2,95, 13, 33, 107, 1,63, Off, Off, Off, Off, On, Off, On, Off, Off, Off, Off, Lean
059.562, 650, 1,13, 78, 0, 0, 13,9, 0,34, 3, 13, 40, 107, 1,62, Off, On, Off, Off, On, Off, On, Off, Off, Off, Off, Lean
059.609, 662, 1,17, 78, 0, 0, 13,8, 0,34, 3, 13, 40, 107, 1,65, Off, On, Off, Off, On, Off, On, Off, Off, Off, Off, Lean
059.656, 625, 1,22, 78, 0, 0, 13,9, 0,34, 3,16, 13, 40, 107, 1,65, Off, On, Off, Off, On, Off, On, Off, Off, Off, Off, Lean
059.718, 625, 1,24, 78, 0, 0, 13,9, 0,36, 3,25, 13, 40, 107, 1,69, Off, On, Off, Off, On, Off, On, Off, Off, Off, Off, Lean
059.765, 650, 1,26, 78, 0, 0, 13,9, 0,36, 3,39, 13, 40, 107, 1,84, Off, On, Off, Off, On, Off, On, Off, Off, Off, Off, Lean
059.828, 625, 1,28, 78, 0, 0, 13,9, 0,36, 3,42, 13, 40, 107, 1,78, Off, On, Off, Off, On, Off, On, Off, Off, Off, Off, Lean
059.875, 675, 1,32, 78, 0, 0, 13,8, 0,4, 3,5, 13, 40, 107, 1,97, Off, On, Off, Off, Off, Off, On, Off, Off, Off, Off, Lean
059.937, 675, 1,39, 78, 1, 0, 14, 0,42, 3,85, 18, 33, 107, 2,17, Off, On, Off, Off, Off, Off, On, Off, Off, Off, Off, Lean
059.984, 712, 1,36, 78, 1, 0, 13,9, 0,42, 3,72, 18, 33, 107, 2,21, Off, On, Off, Off, Off, Off, On, Off, Off, Off, Off, Lean
060.031, 712, 1,36, 78, 18, 0, 13,8, 0,44, 3,79, 19, 34, 107, 2,25, Off, On, Off, Off, Off, Off, On, Off, Off, Off, Off, Lean
060.078, 738, 1,39, 78, 42, 0, 13,9, 0,44, 3,82, 18, 34, 107, 2,35, Off, On, Off, Off, Off, Off, On, Off, Off, Off, Off, Lean
060.140, 762, 1,4, 78, 42, 0, 13,9, 0,44, 3,88, 18, 34, 107, 2,46, Off, On, Off, Off, Off, Off, On, Off, Off, Off, Off, Lean
060.187, 788, 1,41, 78, 53, 0, 13,9, 0,46, 3,91, 19, 34, 107, 2,57, Off, On, Off, Off, Off, Off, On, Off, Off, Off, Off, Lean
060.250, 825, 1,44, 78, 57, 0, 13,9, 0,46, 3,81, 20, 34, 103, 2,62, Off, On, Off, Off, Off, Off, On, Off, Off, Off, Off, Rich
060.296, 875, 1,46, 78, 57, 0, 13,8, 0,48, 3,71, 21, 35, 103, 2,71, Off, On, Off, Off, Off, Off, On, Off, Off, Off, Off, Rich
060.343, 862, 1,48, 78, 60, 0, 13,9, 0,5, 3,75, 21, 35, 103, 2,69, Off, On, Off, Off, Off, Off, On, Off, Off, Off, Off, Rich
060.390, 900, 1,53, 78, 61, 0, 13,9, 0,5, 3,78, 22, 35, 103, 2,84, Off, On, Off, Off, Off, Off, On, Off, Off, Off, Off, Rich
060.437, 938, 1,55, 78, 61, 0, 13,8, 0,5, 3,8, 22, 35, 103, 2,97, Off, On, Off, Off, Off, Off, On, Off, Off, Off, Off, Rich
060.484, 938, 1,56, 78, 61, 0, 13,9, 0,5, 3,88, 22, 35, 103, 3,03, Off, On, Off, Off, Off, Off, On, Off, Off, Off, Off, Rich
060.546, 1000, 1,56, 78, 61, 0, 13,9, 0,5, 3,88, 22, 35, 103, 3,23, Off, On, Off, Off, Off, Off, On, Off, Off, Off, Off, Rich
060.593, 1025, 1,56, 78, 61, 0, 14, 0,5, 3,88, 23, 35, 103, 3,31, Off, Off, Off, Off, Off, Off, On, Off, Off, Off, Off, Rich
060.640, 1025, 1,58, 78, 59, 0, 14, 0,5, 3,88, 24, 35, 103, 3,31, Off, Off, Off, Off, Off, Off, On, Off, Off, Off, Off, Rich
060.703, 1062, 1,58, 78, 54, 0, 13,9, 0,5, 3,86, 25, 35, 103, 3,42, Off, Off, Off, Off, Off, Off, On, Off, Off, Off, Off, Rich
060.750, 1062, 1,58, 78, 50, 0, 14, 0,5, 3,81, 26, 36, 103, 3,37, Off, Off, Off, Off, Off, Off, On, Off, Off, Off, Off, Rich
060.828, 1062, 1,59, 78, 46, 0, 13,8, 0,5, 3,75, 26, 36, 103, 3,32, Off, Off, Off, Off, Off, Off, On, Off, Off, Off, Off, Rich
060.875, 1088, 1,57, 78, 42, 0, 14, 0,5, 3,72, 26, 36, 97, 3,37, Off, Off, Off, Off, Off, Off, On, Off, Off, Off, Off, Lean
060.937, 1100, 1,57, 78, 35, 0, 13,9, 0,48, 3,85, 26, 36, 97, 3,53, Off, Off, Off, Off, Off, Off, On, Off, Off, Off, Off, Lean
060.984, 1088, 1,44, 78, 27, 2, 13,8, 0,44, 3,58, 27, 36, 97, 3,25, Off, Off, Off, Off, Off, Off, On, Off, Off, Off, Off, Lean
061.062, 1088, 1,38, 78, 15, 2, 13,9, 0,4, 3,36, 27, 36, 97, 3,05, Off, Off, Off, Off, Off, Off, On, Off, Off, Off, Off, Lean
061.109, 1050, 1,28, 78, 15, 2, 14, 0,34, 3,24, 27, 45, 97, 2,84, Off, Off, Off, Off, On, Off, On, Off, Off, Off, Off, Lean
061.171, 1038, 1,3, 78, 13, 2, 13,9, 0,34, 2,99, 24, 45, 97, 2,59, Off, Off, Off, Off, On, Off, On, Off, Off, Off, Off, Lean
061.218, 1025, 1,28, 78, 15, 2, 13,9, 0,34, 2,99, 21, 45, 97, 2,55, Off, Off, Off, Off, On, Off, On, Off, Off, Off, Off, Lean
061.265, 988, 1,29, 78, 31, 2, 14, 0,34, 2,88, 18, 45, 97, 2,37, Off, Off, Off, Off, On, Off, On, Off, Off, Off, Off, Lean
061.328, 950, 1,32, 78, 47, 2, 13,9, 0,34, 2,91, 16, 45, 97, 2,3, Off, Off, Off, Off, On, Off, On, Off, Off, Off, Off, Lean
061.375, 900, 1,3, 78, 53, 2, 13,9, 0,34, 2,85, 13, 45, 97, 2,14, Off, Off, Off, Off, On, Off, On, Off, Off, Off, Off, Rich
061.421, 875, 1,34, 78, 55, 2, 13,9, 0,34, 2,82, 13, 44, 97, 2,06, Off, Off, Off, Off, On, Off, On, Off, Off, Off, Off, Rich
061.500, 875, 1,3, 78, 55, 2, 13,8, 0,34, 2,8, 13, 44, 97, 2,04, Off, Off, Off, Off, On, Off, On, Off, Off, Off, Off, Rich
061.546, 838, 1,29, 78, 50, 2, 13,9, 0,34, 2,82, 13, 44, 97, 1,97, Off, Off, Off, Off, On, Off, On, Off, Off, Off, Off, Rich
061.578, 838, 1,32, 78, 47, 2, 13,9, 0,34, 2,82, 13, 44, 97, 1,97, Off, Off, Off, Off, On, Off, On, Off, Off, Off, Off, Rich
061.656, 825, 1,31, 78, 47, 2, 13,8, 0,34, 2,84, 13, 44, 97, 1,95, Off, Off, Off, Off, On, Off, On, Off, Off, Off, Off, Rich
061.703, 812, 1,3, 78, 43, 4, 13,8, 0,34, 2,84, 13, 44, 97, 1,92, Off, Off, Off, Off, On, Off, On, Off, Off, Off, Off, Rich
061.750, 775, 1,3, 78, 34, 4, 13,8, 0,34, 2,87, 13, 44, 98, 1,85, Off, Off, Off, Off, On, Off, On, Off, Off, Off, Off, Lean
061.812, 775, 1,3, 78, 22, 4, 13,8, 0,34, 2,95, 13, 44, 98, 1,91, Off, Off, Off, Off, On, Off, On, Off, Off, Off, Off, Lean
061.859, 775, 1,3, 78, 22, 4, 13,8, 0,34, 2,99, 13, 44, 98, 1,93, Off, Off, Off, Off, On, Off, On, Off, Off, Off, Off, Lean
061.906, 762, 1,28, 78, 13, 4, 13,9, 0,34, 3, 10, 44, 98, 1,9, Off, Off, Off, Off, On, Off, On, Off, Off, Off, Off, Lean
061.968, 775, 1,3, 78, 7, 4, 13,9, 0,34, 3,03, 8, 43, 98, 1,96, Off, Off, Off, Off, On, Off, On, Off, Off, Off, Off, Lean
062.015, 738, 1,29, 78, 3, 4, 13,9, 0,34, 3,06, 6, 43, 98, 1,88, Off, Off, Off, Off, On, Off, On, Off, Off, Off, Off, Lean
062.078, 762, 1,27, 78, 3, 4, 13,9, 0,34, 3,08, 4, 43, 98, 1,96, Off, Off, Off, Off, On, Off, On, Off, Off, Off, Off, Lean
062.125, 738, 1,28, 78, 0, 4, 13,9, 0,34, 3,08, 3, 43, 98, 1,89, Off, Off, Off, Off, On, Off, On, Off, Off, Off, Off, Lean
062.171, 738, 1,28, 78, 0, 4, 13,9, 0,34, 3,09, 3, 43, 98, 1,9, Off, Off, Off, Off, On, Off, On, Off, Off, Off, Off, Lean
062.250, 762, 1,27, 78, 0, 4, 13,8, 0,34, 3,11, 3, 42, 98, 1,97, Off, Off, Off, Off, On, Off, On, Off, Off, Off, Off, Lean
062.296, 738, 1,26, 78, 0, 4, 13,9, 0,34, 3,11, 3, 42, 98, 1,91, Off, Off, Off, Off, On, Off, On, Off, Off, Off, Off, Lean
062.343, 762, 1,28, 78, 0, 4, 13,7, 0,34, 3,26, 3, 42, 98, 2,07, Off, Off, Off, Off, On, Off, On, Off, Off, Off, Off, Lean
062.390, 762, 1,26, 78, 0, 2, 13,6, 0,34, 3,26, 5, 42, 98, 2,07, Off, Off, Off, Off, On, Off, On, Off, Off, Off, Off, Lean
062.437, 725, 1,26, 78, 0, 2, 13,7, 0,34, 3,25, 4, 42, 98, 1,96, Off, Off, Off, Off, On, Off, On, Off, Off, Off, Off, Lean
062.500, 738, 1,26, 78, 0, 2, 13,8, 0,34, 3,26, 3, 42, 98, 2, Off, Off, Off, Off, On, Off, On, Off, Off, Off, Off, Lean
062.546, 725, 1,25, 78, 0, 2, 13,8, 0,34, 3,23, 3, 42, 98, 1,95, Off, Off, Off, Off, On, Off, On, Off, Off, Off, Off, Lean
062.609, 738, 1,25, 78, 0, 2, 13,8, 0,34, 3,23, 4, 42, 98, 1,99, Off, Off, Off, Off, On, Off, On, Off, Off, Off, Off, Lean
062.656, 738, 1,25, 78, 0, 2, 13,7, 0,34, 3,25, 5, 41, 98, 2, Off, Off, Off, Off, On, Off, On, Off, Off, Off, Off, Lean
062.703, 738, 1,24, 78, 0, 2, 13,8, 0,34, 3,25, 5, 41, 98, 2, Off, Off, Off, Off, On, Off, On, Off, Off, Off, Off, Lean
062.765, 725, 1,25, 78, 0, 2, 13,8, 0,34, 3,24, 4, 41, 98, 1,96, Off, Off, Off, Off, On, Off, On, Off, Off, Off, Off, Lean
062.812, 725, 1,25, 78, 0, 2, 13,8, 0,34, 3,23, 3, 41, 98, 1,95, Off, Off, Off, Off, On, Off, On, Off, Off, Off, Off, Lean
062.859, 738, 1,24, 78, 0, 2, 13,9, 0,34, 3,24, 5, 41, 98, 1,99, Off, Off, Off, Off, On, Off, On, Off, Off, Off, Off, Lean
062.921, 725, 1,25, 78, 1, 2, 13,8, 0,34, 3,24, 3, 40, 98, 1,96, Off, Off, Off, Off, On, Off, On, Off, Off, Off, Off, Lean
062.968, 725, 1,23, 78, 1, 2, 13,8, 0,34, 3,23, 5, 40, 98, 1,95, Off, Off, Off, Off, On, Off, On, Off, Off, Off, Off, Lean
063.015, 712, 1,23, 78, 21, 2, 13,8, 0,34, 3,23, 3, 40, 98, 1,92, Off, Off, Off, Off, On, Off, On, Off, Off, Off, Off, Lean
063.078, 725, 1,24, 78, 21, 2, 13,7, 0,34, 3,21, 3, 40, 98, 1,94, Off, Off, Off, Off, On, Off, On, Off, Off, Off, Off, Lean
063.125, 688, 1,22, 78, 37, 4, 13,8, 0,34, 3,2, 5, 40, 98, 1,83, Off, Off, Off, Off, On, Off, On, Off, Off, Off, Off, Lean
063.171, 725, 1,22, 78, 48, 4, 13,8, 0,34, 3,2, 5, 39, 98, 1,93, Off, Off, Off, Off, On, Off, On, Off, Off, Off, Off, Lean
063.234, 688, 1,22, 78, 48, 4, 13,8, 0,34, 3,15, 5, 39, 99, 1,81, Off, Off, Off, Off, On, Off, On, Off, Off, Off, Off, Rich
063.281, 725, 1,2, 78, 53, 4, 13,8, 0,34, 3,04, 7, 39, 99, 1,84, Off, Off, Off, Off, On, Off, On, Off, Off, Off, Off, Rich
063.328, 688, 1,22, 78, 56, 4, 13,8, 0,34, 3,08, 6, 39, 99, 1,77, Off, Off, Off, Off, On, Off, On, Off, Off, Off, Off, Rich
063.390, 725, 1,2, 78, 56, 4, 13,8, 0,34, 3,04, 5, 39, 99, 1,84, Off, Off, Off, Off, On, Off, On, Off, Off, Off, Off, Rich
063.437, 688, 1,2, 78, 58, 4, 13,8, 0,34, 3,1, 6, 39, 99, 1,78, Off, Off, Off, Off, On, Off, On, Off, Off, Off, Off, Rich
063.484, 712, 1,22, 78, 58, 4, 13,8, 0,34, 2,95, 5, 39, 99, 1,75, Off, Off, Off, Off, On, Off, On, Off, Off, Off, Off, Rich
063.531, 725, 1,2, 78, 59, 4, 13,8, 0,34, 3,03, 7, 39, 99, 1,83, Off, Off, Off, Off, On, Off, On, Off, Off, Off, Off, Rich
063.578, 725, 1,21, 78, 59, 4, 13,8, 0,34, 3,03, 5, 39, 99, 1,83, Off, Off, Off, Off, On, Off, On, Off, Off, Off, Off, Rich
063.656, 688, 1,21, 78, 59, 4, 13,8, 0,34, 3,01, 7, 38, 99, 1,73, Off, Off, Off, Off, On, Off, On, Off, Off, Off, Off, Rich
063.703, 712, 1,2, 78, 60, 4, 13,8, 0,34, 3,04, 7, 38, 99, 1,8, Off, Off, Off, Off, On, Off, On, Off, Off, Off, Off, Rich
063.750, 675, 1,21, 78, 59, 4, 13,8, 0,34, 3,04, 7, 38, 99, 1,71, Off, Off, Off, Off, On, Off, On, Off, Off, Off, Off, Rich
063.812, 688, 1,2, 78, 59, 4, 13,8, 0,34, 2,96, 7, 38, 99, 1,7, Off, Off, Off, Off, On, Off, On, Off, Off, Off, Off, Rich
063.859, 675, 1,2, 78, 57, 4, 13,8, 0,34, 3, 7, 38, 99, 1,69, Off, Off, Off, Off, On, Off, On, Off, Off, Off, Off, Rich
063.906, 712, 1,22, 78, 57, 4, 13,8, 0,34, 3,03, 7, 38, 99, 1,8, Off, Off, Off, Off, On, Off, On, Off, Off, Off, Off, Rich
063.968, 675, 1,2, 78, 54, 4, 13,8, 0,34, 3,06, 11, 38, 99, 1,72, Off, Off, Off, Off, On, Off, On, Off, Off, Off, Off, Rich
064.015, 712, 1,2, 78, 50, 4, 13,8, 0,34, 3,02, 11, 38, 99, 1,79, Off, Off, Off, Off, On, Off, On, Off, Off, Off, Off, Rich
064.078, 712, 1,21, 78, 50, 4, 13,7, 0,34, 2,94, 9, 38, 99, 1,74, Off, Off, Off, Off, On, Off, On, Off, Off, Off, Off, Rich
064.125, 712, 1,19, 78, 49, 4, 13,8, 0,34, 2,96, 7, 38, 99, 1,76, Off, Off, Off, Off, On, Off, On, Off, Off, Off, Off, Rich
064.171, 725, 1,2, 78, 47, 4, 13,7, 0,34, 2,94, 6, 38, 99, 1,78, Off, Off, Off, Off, On, Off, On, Off, Off, Off, Off, Rich
064.234, 725, 1,21, 78, 47, 4, 13,8, 0,34, 2,91, 7, 38, 99, 1,76, Off, Off, Off, Off, On, Off, On, Off, Off, Off, Off, Rich
064.281, 675, 1,2, 78, 46, 4, 13,8, 0,34, 2,98, 7, 38, 99, 1,68, Off, Off, Off, Off, On, Off, On, Off, Off, Off, Off, Rich
064.359, 675, 1,21, 78, 44, 4, 13,8, 0,34, 3,04, 11, 38, 99, 1,71, Off, Off, Off, Off, On, Off, On, Off, Off, Off, Off, Rich
064.406, 675, 1,2, 78, 44, 4, 13,8, 0,34, 3,02, 12, 38, 99, 1,7, Off, Off, Off, Off, On, Off, On, Off, Off, Off, Off, Rich
064.453, 675, 1,2, 78, 42, 4, 13,8, 0,34, 3,03, 11, 38, 99, 1,7, Off, Off, Off, Off, On, Off, On, Off, Off, Off, Off, Lean
064.515, 688, 1,21, 78, 42, 4, 13,8, 0,34, 3,05, 11, 38, 99, 1,75, Off, Off, Off, Off, On, Off, On, Off, Off, Off, Off, Lean
064.562, 688, 1,2, 78, 37, 4, 13,8, 0,34, 3,06, 11, 38, 99, 1,75, Off, Off, Off, Off, On, Off, On, Off, Off, Off, Off, Lean
064.625, 662, 1,2, 78, 27, 4, 13,8, 0,34, 3,09, 11, 38, 99, 1,7, Off, Off, Off, Off, On, Off, On, Off, Off, Off, Off, Lean
064.671, 688, 1,2, 78, 27, 4, 13,8, 0,34, 3,05, 11, 38, 99, 1,75, Off, Off, Off, Off, On, Off, On, Off, Off, Off, Off, Lean
064.718, 675, 1,19, 78, 17, 4, 13,8, 0,34, 3,08, 11, 38, 99, 1,73, Off, Off, Off, Off, On, Off, On, Off, Off, Off, Off, Lean
064.781, 712, 1,2, 78, 17, 4, 13,8, 0,34, 3,08, 11, 38, 99, 1,83, Off, Off, Off, Off, On, Off, On, Off, Off, Off, Off, Lean
064.828, 675, 1,2, 78, 10, 4, 13,8, 0,34, 3,05, 11, 38, 99, 1,72, Off, Off, Off, Off, On, Off, On, Off, Off, Off, Off, Lean
064.875, 712, 1,2, 78, 6, 4, 13,8, 0,34, 3,1, 11, 38, 99, 1,84, Off, Off, Off, Off, On, Off, On, Off, Off, Off, Off, Lean
064.921, 688, 1,2, 78, 4, 4, 13,8, 0,34, 3,01, 8, 38, 99, 1,73, Off, Off, Off, Off, On, Off, On, Off, Off, Off, Off, Lean
064.984, 712, 1,18, 78, 4, 4, 13,8, 0,34, 3,02, 7, 38, 99, 1,79, Off, Off, Off, Off, On, Off, On, Off, Off, Off, Off, Lean
065.062, 675, 1,19, 78, 3, 4, 13,8, 0,34, 2,98, 6, 38, 99, 1,68, Off, Off, Off, Off, On, Off, On, Off, Off, Off, Off, Lean
065.109, 688, 1,2, 78, 3, 4, 13,8, 0,34, 2,98, 7, 38, 99, 1,71, Off, Off, Off, Off, On, Off, On, Off, Off, Off, Off, Lean
065.156, 712, 1,19, 78, 2, 4, 13,7, 0,34, 3,06, 10, 38, 99, 1,82, Off, Off, Off, Off, On, Off, On, Off, Off, Off, Off, Lean
065.218, 688, 1,2, 78, 2, 4, 13,8, 0,34, 2,98, 8, 38, 99, 1,71, Off, Off, Off, Off, On, Off, On, Off, Off, Off, Off, Lean
065.265, 712, 1,2, 78, 2, 4, 13,8, 0,34, 2,99, 7, 38, 99, 1,77, Off, Off, Off, Off, On, Off, On, Off, Off, Off, Off, Lean
065.328, 688, 1,18, 78, 1, 4, 13,8, 0,34, 3,05, 11, 38, 99, 1,75, Off, Off, Off, Off, On, Off, On, Off, Off, Off, Off, Lean
065.375, 725, 1,2, 78, 0, 4, 13,9, 0,34, 3,01, 11, 38, 99, 1,82, Off, Off, Off, Off, On, Off, On, Off, Off, Off, Off, Lean
065.421, 688, 1,2, 78, 0, 4, 13,8, 0,34, 2,92, 9, 38, 99, 1,67, Off, Off, Off, Off, On, Off, On, Off, Off, Off, Off, Lean
065.484, 725, 1,2, 78, 0, 4, 13,9, 0,34, 2,98, 11, 38, 99, 1,8, Off, Off, Off, Off, On, Off, On, Off, Off, Off, Off, Lean
065.531, 688, 1,2, 78, 0, 4, 13,8, 0,34, 2,91, 9, 37, 99, 1,67, Off, Off, Off, Off, On, Off, On, Off, Off, Off, Off, Lean
065.578, 725, 1,18, 78, 0, 4, 13,9, 0,34, 2,92, 8, 37, 99, 1,76, Off, Off, Off, Off, On, Off, On, Off, Off, Off, Off, Lean
065.640, 712, 1,2, 78, 0, 4, 13,9, 0,34, 2,93, 6, 37, 99, 1,74, Off, Off, Off, Off, On, Off, On, Off, Off, Off, Off, Lean
065.687, 712, 1,2, 78, 0, 4, 13,9, 0,34, 2,9, 7, 37, 99, 1,72, Off, Off, Off, Off, On, Off, On, Off, Off, Off, Off, Lean
065.765, 712, 1,19, 78, 0, 4, 13,8, 0,34, 2,94, 6, 37, 99, 1,74, Off, Off, Off, Off, On, Off, On, Off, Off, Off, Off, Lean
065.812, 712, 1,19, 78, 0, 4, 13,9, 0,34, 3,02, 7, 37, 99, 1,79, Off, Off, Off, Off, On, Off, On, Off, Off, Off, Off, Lean
065.859, 688, 1,18, 78, 0, 4, 13,9, 0,34, 2,93, 7, 37, 99, 1,68, Off, Off, Off, Off, On, Off, On, Off, Off, Off, Off, Lean
065.921, 688, 1,18, 78, 0, 4, 13,9, 0,34, 2,96, 7, 37, 99, 1,7, Off, Off, Off, Off, On, Off, On, Off, Off, Off, Off, Lean
065.968, 712, 1,2, 78, 0, 4, 13,8, 0,34, 2,97, 7, 37, 99, 1,76, Off, Off, Off, Off, On, Off, On, Off, Off, Off, Off, Lean
066.015, 688, 1,19, 78, 0, 4, 13,9, 0,34, 2,94, 10, 37, 99, 1,69, Off, Off, Off, Off, On, Off, On, Off, Off, Off, Off, Lean
066.078, 688, 1,18, 78, 0, 4, 13,9, 0,34, 2,9, 8, 37, 99, 1,66, Off, Off, Off, Off, On, Off, On, Off, Off, Off, Off, Lean
066.109, 712, 1,2, 78, 0, 4, 13,9, 0,34, 2,94, 6, 37, 99, 1,74, Off, Off, Off, Off, On, Off, On, Off, Off, Off, Off, Lean
066.171, 725, 1,19, 78, 0, 4, 13,9, 0,34, 2,91, 7, 37, 99, 1,76, Off, Off, Off, Off, On, Off, On, Off, Off, Off, Off, Lean
066.234, 688, 1,2, 78, 0, 4, 13,9, 0,34, 2,96, 7, 37, 99, 1,7, Off, Off, Off, Off, On, Off, On, Off, Off, Off, Off, Lean
066.281, 725, 1,2, 78, 0, 4, 13,8, 0,34, 2,98, 7, 37, 99, 1,8, Off, Off, Off, Off, On, Off, On, Off, Off, Off, Off, Lean
066.328, 712, 1,18, 78, 0, 4, 13,9, 0,34, 2,97, 7, 37, 99, 1,76, Off, Off, Off, Off, On, Off, On, Off, Off, Off, Off, Lean
066.390, 725, 1,18, 78, 0, 4, 13,9, 0,34, 2,94, 6, 37, 99, 1,78, Off, Off, Off, Off, On, Off, On, Off, Off, Off, Off, Lean
066.453, 712, 1,19, 78, 0, 4, 13,9, 0,34, 2,86, 5, 37, 99, 1,7, Off, Off, Off, Off, On, Off, On, Off, Off, Off, Off, Lean
066.500, 725, 1,18, 78, 0, 4, 13,9, 0,34, 2,96, 7, 37, 99, 1,79, Off, Off, Off, Off, On, Off, On, Off, Off, Off, Off, Lean
066.562, 712, 1,2, 78, 0, 4, 14, 0,34, 2,94, 5, 37, 99, 1,74, Off, Off, Off, Off, On, Off, On, Off, Off, Off, Off, Lean
066.609, 725, 1,2, 78, 0, 4, 13,8, 0,34, 2,92, 6, 36, 99, 1,76, Off, Off, Off, Off, On, Off, On, Off, Off, Off, Off, Lean
066.656, 712, 1,18, 78, 0, 4, 13,9, 0,34, 2,94, 5, 36, 99, 1,74, Off, Off, Off, Off, On, Off, On, Off, Off, Off, Off, Lean
066.718, 712, 1,18, 78, 0, 4, 13,8, 0,34, 2,88, 5, 36, 99, 1,71, Off, Off, Off, Off, On, Off, On, Off, Off, Off, Off, Lean
066.765, 712, 1,18, 78, 0, 4, 13,8, 0,34, 2,89, 5, 36, 99, 1,71, Off, Off, Off, Off, On, Off, On, Off, Off, Off, Off, Lean
066.812, 725, 1,18, 78, 0, 4, 13,7, 0,34, 2,92, 7, 36, 99, 1,76, Off, Off, Off, Off, On, Off, On, Off, Off, Off, Off, Lean
066.875, 712, 1,18, 78, 0, 4, 13,8, 0,34, 2,89, 7, 36, 99, 1,71, Off, Off, Off, Off, On, Off, On, Off, Off, Off, Off, Lean
066.937, 738, 1,18, 78, 0, 4, 13,9, 0,34, 2,89, 6, 36, 99, 1,78, Off, Off, Off, Off, On, Off, On, Off, Off, Off, Off, Lean
066.984, 712, 1,18, 78, 0, 4, 13,9, 0,34, 2,91, 5, 36, 99, 1,73, Off, Off, Off, Off, On, Off, On, Off, Off, Off, Off, Lean
067.031, 725, 1,19, 78, 0, 4, 13,9, 0,34, 2,94, 5, 36, 99, 1,78, Off, Off, Off, Off, On, Off, On, Off, Off, Off, Off, Lean
067.093, 725, 1,18, 78, 0, 4, 13,8, 0,34, 2,91, 5, 36, 99, 1,76, Off, Off, Off, Off, On, Off, On, Off, Off, Off, Off, Lean
067.156, 725, 1,17, 78, 0, 4, 13,9, 0,34, 2,9, 5, 36, 99, 1,75, Off, Off, Off, Off, On, Off, On, Off, Off, Off, Off, Lean
067.218, 725, 1,18, 78, 0, 4, 13,9, 0,34, 2,92, 5, 36, 99, 1,76, Off, Off, Off, Off, On, Off, On, Off, Off, Off, Off, Lean
067.265, 712, 1,17, 78, 0, 4, 13,8, 0,34, 2,82, 3, 36, 99, 1,67, Off, Off, Off, Off, On, Off, On, Off, Off, Off, Off, Lean
067.328, 725, 1,18, 78, 0, 4, 13,7, 0,34, 2,88, 5, 36, 99, 1,74, Off, Off, Off, Off, On, Off, On, Off, Off, Off, Off, Lean
067.375, 712, 1,18, 78, 0, 6, 13,7, 0,34, 2,87, 5, 36, 99, 1,7, Off, Off, Off, Off, On, Off, On, Off, Off, Off, Off, Lean
067.437, 738, 1,17, 78, 0, 6, 13,6, 0,34, 2,88, 4, 36, 99, 1,77, Off, Off, Off, Off, On, Off, On, Off, Off, Off, Off, Lean
067.484, 712, 1,16, 78, 0, 6, 13,8, 0,34, 2,87, 5, 36, 99, 1,7, Off, Off, Off, Off, On, Off, On, Off, Off, Off, Off, Lean
067.531, 725, 1,18, 78, 0, 6, 13,8, 0,34, 2,91, 5, 36, 99, 1,76, Off, Off, Off, Off, On, Off, On, Off, Off, Off, Off, Lean
067.593, 712, 1,18, 78, 0, 6, 13,8, 0,34, 2,82, 4, 36, 99, 1,67, Off, Off, Off, Off, On, Off, On, Off, Off, Off, Off, Lean
067.640, 712, 1,16, 78, 0, 6, 13,8, 0,34, 2,91, 6, 36, 99, 1,73, Off, Off, Off, Off, On, Off, On, Off, Off, Off, Off, Lean
067.687, 712, 1,18, 78, 0, 6, 13,8, 0,34, 2,9, 5, 36, 99, 1,72, Off, Off, Off, Off, On, Off, On, Off, Off, Off, Off, Lean
067.750, 725, 1,17, 78, 0, 6, 13,8, 0,34, 2,86, 6, 36, 99, 1,73, Off, Off, Off, Off, On, Off, On, Off, Off, Off, Off, Lean
067.812, 712, 1,16, 78, 0, 6, 13,8, 0,34, 2,9, 5, 36, 99, 1,72, Off, Off, Off, Off, On, Off, On, Off, Off, Off, Off, Lean
067.859, 725, 1,18, 78, 0, 6, 13,7, 0,34, 2,85, 5, 36, 99, 1,72, Off, Off, Off, Off, On, Off, On, Off, Off, Off, Off, Lean
067.921, 725, 1,17, 78, 0, 6, 13,8, 0,34, 2,91, 5, 36, 99, 1,76, Off, Off, Off, Off, On, Off, On, Off, Off, Off, Off, Lean
067.968, 725, 1,17, 78, 0, 6, 13,8, 0,34, 2,9, 5, 36, 99, 1,75, Off, Off, Off, Off, On, Off, On, Off, Off, Off, Off, Lean
068.015, 688, 1,17, 78, 0, 6, 13,8, 0,34, 2,85, 5, 36, 99, 1,63, Off, Off, Off, Off, On, Off, On, Off, Off, Off, Off, Lean
068.062, 688, 1,16, 78, 0, 6, 13,8, 0,34, 2,84, 3, 35, 99, 1,63, Off, Off, Off, Off, On, Off, On, Off, Off, Off, Off, Lean
068.109, 725, 1,17, 78, 0, 6, 13,7, 0,34, 2,87, 5, 35, 99, 1,73, Off, Off, Off, Off, On, Off, On, Off, Off, Off, Off, Lean
068.156, 725, 1,16, 78, 0, 6, 13,8, 0,34, 2,82, 7, 35, 99, 1,7, Off, Off, Off, Off, On, Off, On, Off, Off, Off, Off, Lean
068.218, 725, 1,16, 78, 0, 6, 13,7, 0,34, 2,84, 6, 35, 99, 1,72, Off, Off, Off, Off, On, Off, On, Off, Off, Off, Off, Lean
068.265, 712, 1,17, 78, 0, 6, 13,8, 0,34, 2,9, 7, 35, 99, 1,72, Off, Off, Off, Off, On, Off, On, Off, Off, Off, Off, Lean
068.312, 688, 1,15, 78, 0, 6, 13,8, 0,34, 2,89, 7, 35, 99, 1,66, Off, Off, Off, Off, On, Off, On, Off, Off, Off, Off, Lean
068.375, 675, 1,16, 78, 0, 6, 13,8, 0,34, 2,91, 11, 35, 99, 1,64, Off, Off, Off, Off, On, Off, On, Off, Off, Off, Off, Lean
068.421, 675, 1,16, 78, 0, 6, 13,8, 0,34, 2,9, 9, 35, 99, 1,63, Off, Off, Off, Off, On, Off, On, Off, Off, Off, Off, Lean
068.468, 688, 1,15, 78, 0, 6, 13,8, 0,34, 2,9, 8, 35, 99, 1,66, Off, Off, Off, Off, On, Off, On, Off, Off, Off, Off, Lean
068.531, 688, 1,16, 78, 0, 6, 13,8, 0,34, 2,85, 13, 35, 99, 1,63, Off, Off, Off, Off, On, Off, On, Off, Off, Off, Off, Lean
068.593, 712, 1,15, 78, 0, 6, 13,8, 0,34, 2,9, 11, 35, 99, 1,72, Off, Off, Off, Off, On, Off, On, Off, Off, Off, Off, Lean
068.640, 688, 1,16, 78, 0, 6, 13,8, 0,34, 2,89, 9, 35, 99, 1,66, Off, Off, Off, Off, On, Off, On, Off, Off, Off, Off, Lean
068.687, 712, 1,16, 78, 0, 6, 13,7, 0,34, 2,9, 10, 35, 99, 1,72, Off, Off, Off, Off, On, Off, On, Off, Off, Off, Off, Lean
068.750, 688, 1,15, 78, 0, 6, 13,8, 0,34, 2,9, 8, 35, 99, 1,66, Off, Off, Off, Off, On, Off, On, Off, Off, Off, Off, Lean
068.796, 712, 1,16, 78, 0, 6, 13,8, 0,34, 2,9, 7, 35, 99, 1,72, Off, Off, Off, Off, On, Off, On, Off, Off, Off, Off, Lean
068.843, 688, 1,15, 78, 0, 6, 13,8, 0,34, 2,84, 7, 35, 99, 1,63, Off, Off, Off, Off, On, Off, On, Off, Off, Off, Off, Lean
068.906, 688, 1,16, 78, 0, 6, 13,8, 0,34, 2,88, 7, 35, 99, 1,65, Off, Off, Off, Off, On, Off, On, Off, Off, Off, Off, Lean
068.953, 688, 1,16, 78, 0, 6, 13,8, 0,34, 2,89, 10, 35, 99, 1,66, Off, Off, Off, Off, On, Off, On, Off, Off, Off, Off, Lean
069.015, 688, 1,15, 78, 0, 6, 13,8, 0,34, 2,9, 9, 35, 99, 1,66, Off, Off, Off, Off, On, Off, On, Off, Off, Off, Off, Lean
069.062, 712, 1,15, 78, 0, 6, 13,8, 0,34, 2,88, 7, 35, 99, 1,71, Off, Off, Off, Off, On, Off, On, Off, Off, Off, Off, Lean
069.109, 688, 1,16, 78, 0, 6, 13,8, 0,34, 2,83, 6, 35, 99, 1,62, Off, Off, Off, Off, On, Off, On, Off, Off, Off, Off, Lean
069.171, 712, 1,14, 78, 0, 6, 13,8, 0,34, 2,88, 11, 35, 99, 1,71, Off, Off, Off, Off, On, Off, On, Off, Off, Off, Off, Lean
069.234, 688, 1,16, 78, 0, 6, 13,8, 0,34, 2,85, 9, 35, 99, 1,63, Off, Off, Off, Off, On, Off, On, Off, Off, Off, Off, Lean
069.265, 725, 1,14, 78, 0, 6, 13,8, 0,34, 2,82, 11, 35, 99, 1,7, Off, Off, Off, Off, On, Off, On, Off, Off, Off, Off, Lean
069.343, 712, 1,14, 78, 0, 6, 13,8, 0,34, 2,83, 9, 35, 99, 1,68, Off, Off, Off, Off, On, Off, On, Off, Off, Off, Off, Lean
069.390, 725, 1,15, 78, 9, 6, 13,8, 0,34, 2,82, 7, 34, 99, 1,7, Off, Off, Off, Off, On, Off, On, Off, Off, Off, Off, Lean
069.437, 688, 1,14, 78, 9, 6, 13,8, 0,34, 2,78, 6, 34, 99, 1,59, Off, Off, Off, Off, On, Off, On, Off, Off, Off, Off, Lean
069.500, 712, 1,14, 78, 18, 6, 13,8, 0,34, 2,86, 9, 34, 99, 1,7, Off, Off, Off, Off, On, Off, On, Off, Off, Off, Off, Lean
069.546, 688, 1,15, 78, 22, 6, 13,8, 0,34, 2,86, 7, 34, 99, 1,64, Off, Off, Off, Off, On, Off, On, Off, Off, Off, Off, Lean
069.593, 712, 1,14, 78, 22, 6, 13,8, 0,34, 2,85, 7, 34, 99, 1,69, Off, Off, Off, Off, On, Off, On, Off, Off, Off, Off, Lean
069.656, 675, 1,16, 78, 24, 6, 13,8, 0,34, 2,91, 7, 34, 99, 1,64, Off, Off, Off, Off, On, Off, On, Off, Off, Off, Off, Lean
069.718, 688, 1,16, 78, 24, 6, 13,8, 0,34, 2,84, 10, 34, 99, 1,63, Off, Off, Off, Off, On, Off, On, Off, Off, Off, Off, Lean
069.765, 688, 1,14, 78, 24, 6, 13,8, 0,34, 2,91, 11, 34, 99, 1,67, Off, Off, Off, Off, On, Off, On, Off, Off, Off, Off, Lean
069.828, 675, 1,16, 78, 24, 6, 13,8, 0,34, 2,93, 11, 34, 99, 1,65, Off, Off, Off, Off, On, Off, On, Off, Off, Off, Off, Lean
069.875, 688, 1,16, 78, 24, 6, 13,8, 0,34, 2,9, 11, 34, 99, 1,66, Off, Off, Off, Off, On, Off, On, Off, Off, Off, Off, Lean
069.937, 675, 1,14, 78, 24, 6, 13,8, 0,34, 2,87, 11, 34, 99, 1,61, Off, Off, Off, Off, On, Off, On, Off, Off, Off, Off, Lean
070.000, 712, 1,15, 78, 24, 6, 13,7, 0,34, 2,89, 10, 34, 99, 1,71, Off, Off, Off, Off, On, Off, On, Off, Off, Off, Off, Lean
070.046, 675, 1,14, 78, 26, 6, 13,8, 0,34, 2,84, 7, 34, 99, 1,6, Off, Off, Off, Off, On, Off, On, Off, Off, Off, Off, Lean
070.093, 712, 1,14, 78, 42, 6, 13,8, 0,34, 2,86, 7, 34, 99, 1,7, Off, Off, Off, Off, On, Off, On, Off, Off, Off, Off, Lean
070.156, 688, 1,14, 78, 42, 6, 13,8, 0,34, 2,84, 7, 34, 99, 1,63, Off, Off, Off, Off, On, Off, On, Off, Off, Off, Off, Lean
070.203, 712, 1,14, 78, 50, 4, 13,8, 0,34, 2,93, 11, 34, 102, 1,74, Off, Off, Off, Off, On, Off, On, Off, Off, Off, Off, Rich
070.250, 688, 1,15, 78, 55, 4, 13,8, 0,34, 2,87, 11, 34, 102, 1,65, Off, Off, Off, Off, On, Off, On, Off, Off, Off, Off, Rich
070.296, 712, 1,14, 78, 55, 4, 13,8, 0,34, 2,8, 10, 34, 102, 1,66, Off, Off, Off, Off, On, Off, On, Off, Off, Off, Off, Rich
070.343, 688, 1,14, 78, 58, 4, 13,8, 0,34, 2,85, 7, 34, 102, 1,63, Off, Off, Off, Off, On, Off, On, Off, Off, Off, Off, Rich
070.390, 675, 1,14, 78, 58, 4, 13,8, 0,34, 2,81, 11, 34, 102, 1,58, Off, Off, Off, Off, On, Off, On, Off, Off, Off, Off, Rich
070.437, 712, 1,14, 78, 59, 4, 13,8, 0,34, 2,82, 10, 34, 102, 1,67, Off, Off, Off, Off, On, Off, On, Off, Off, Off, Off, Rich
070.500, 662, 1,15, 78, 59, 4, 13,8, 0,34, 2,87, 11, 34, 102, 1,58, Off, Off, Off, Off, On, Off, On, Off, Off, Off, Off, Rich
070.562, 712, 1,14, 78, 59, 4, 13,6, 0,34, 2,82, 10, 34, 102, 1,67, Off, Off, Off, Off, On, Off, On, Off, Off, Off, Off, Rich
070.625, 675, 1,14, 78, 60, 4, 13,8, 0,34, 2,87, 11, 34, 102, 1,61, Off, Off, Off, Off, On, Off, On, Off, Off, Off, Off, Rich
070.671, 688, 1,14, 78, 60, 4, 13,8, 0,34, 2,83, 11, 34, 102, 1,62, Off, Off, Off, Off, On, Off, On, Off, Off, Off, Off, Rich
070.734, 675, 1,14, 78, 60, 4, 13,8, 0,34, 2,8, 11, 34, 102, 1,57, Off, Off, Off, Off, On, Off, On, Off, Off, Off, Off, Rich
070.781, 675, 1,14, 78, 61, 4, 13,8, 0,34, 2,81, 10, 34, 102, 1,58, Off, Off, Off, Off, On, Off, On, Off, Off, Off, Off, Rich
070.828, 712, 1,15, 78, 61, 4, 13,7, 0,34, 2,83, 12, 34, 102, 1,68, Off, Off, Off, Off, On, Off, On, Off, Off, Off, Off, Rich
070.890, 688, 1,13, 78, 61, 6, 13,9, 0,34, 2,84, 11, 34, 102, 1,63, Off, Off, Off, Off, On, Off, On, Off, Off, Off, Off, Rich
070.937, 712, 1,14, 78, 62, 6, 13,8, 0,34, 2,87, 11, 34, 102, 1,7, Off, Off, Off, Off, On, Off, On, Off, Off, Off, Off, Rich
070.984, 675, 1,14, 78, 62, 6, 13,8, 0,34, 2,78, 9, 34, 102, 1,56, Off, Off, Off, Off, On, Off, On, Off, Off, Off, Off, Rich
071.046, 688, 1,14, 78, 61, 6, 13,7, 0,34, 2,8, 8, 34, 102, 1,61, Off, Off, Off, Off, On, Off, On, Off, Off, Off, Off, Rich
071.093, 688, 1,14, 78, 62, 6, 13,8, 0,34, 2,85, 11, 34, 102, 1,63, Off, Off, Off, Off, On, Off, On, Off, Off, Off, Off, Rich
071.140, 675, 1,13, 78, 62, 6, 13,8, 0,34, 2,85, 11, 34, 102, 1,6, Off, Off, Off, Off, On, Off, On, Off, Off, Off, Off, Rich
071.203, 662, 1,14, 78, 60, 6, 13,8, 0,34, 2,77, 10, 34, 102, 1,53, Off, Off, Off, Off, On, Off, On, Off, Off, Off, Off, Rich
071.234, 662, 1,14, 78, 60, 6, 13,8, 0,34, 2,82, 11, 34, 102, 1,56, Off, Off, Off, Off, On, Off, On, Off, Off, Off, Off, Rich
071.296, 688, 1,14, 78, 60, 6, 13,8, 0,34, 2,84, 11, 34, 102, 1,63, Off, Off, Off, Off, On, Off, On, Off, Off, Off, Off, Rich
071.359, 675, 1,14, 78, 60, 6, 13,9, 0,34, 2,81, 11, 34, 102, 1,58, Off, Off, Off, Off, On, Off, On, Off, Off, Off, Off, Rich
071.406, 712, 1,14, 78, 59, 6, 13,8, 0,34, 2,85, 11, 34, 102, 1,69, Off, Off, Off, Off, On, Off, On, Off, Off, Off, Off, Rich
071.453, 688, 1,14, 78, 59, 6, 13,8, 0,34, 2,84, 9, 34, 102, 1,63, Off, Off, Off, Off, On, Off, On, Off, Off, Off, Off, Rich
071.515, 712, 1,14, 78, 59, 6, 13,8, 0,34, 2,77, 8, 34, 102, 1,64, Off, Off, Off, Off, On, Off, On, Off, Off, Off, Off, Rich
071.562, 688, 1,14, 78, 58, 6, 13,8, 0,34, 2,82, 10, 34, 102, 1,62, Off, Off, Off, Off, On, Off, On, Off, Off, Off, Off, Rich
071.609, 688, 1,14, 78, 58, 6, 13,9, 0,34, 2,74, 9, 34, 102, 1,57, Off, Off, Off, Off, On, Off, On, Off, Off, Off, Off, Rich
071.656, 688, 1,14, 78, 58, 6, 13,8, 0,34, 2,78, 7, 33, 102, 1,59, Off, Off, Off, Off, On, Off, On, Off, Off, Off, Off, Rich
071.703, 712, 1,14, 78, 58, 6, 13,8, 0,34, 2,71, 7, 33, 102, 1,61, Off, Off, Off, Off, On, Off, On, Off, Off, Off, Off, Rich
071.750, 725, 1,13, 78, 55, 6, 13,8, 0,34, 2,7, 7, 33, 102, 1,63, Off, Off, Off, Off, On, Off, On, Off, Off, Off, Off, Rich
071.812, 712, 1,14, 78, 54, 6, 13,8, 0,34, 2,76, 6, 33, 102, 1,64, Off, Off, Off, Off, On, Off, On, Off, Off, Off, Off, Rich
071.859, 738, 1,14, 78, 53, 6, 13,7, 0,34, 2,7, 7, 33, 102, 1,66, Off, Off, Off, Off, On, Off, On, Off, Off, Off, Off, Rich
071.906, 725, 1,12, 78, 53, 6, 13,8, 0,34, 2,72, 6, 33, 102, 1,64, Off, Off, Off, Off, On, Off, On, Off, Off, Off, Off, Rich
071.968, 712, 1,14, 78, 51, 6, 13,7, 0,34, 2,72, 7, 33, 102, 1,61, Off, Off, Off, Off, On, Off, On, Off, Off, Off, Off, Rich
072.015, 712, 1,14, 78, 51, 6, 13,8, 0,34, 2,68, 6, 33, 102, 1,59, Off, Off, Off, Off, On, Off, On, Off, Off, Off, Off, Rich
072.078, 712, 1,13, 78, 49, 6, 13,7, 0,34, 2,71, 7, 33, 102, 1,61, Off, Off, Off, Off, On, Off, On, Off, Off, Off, Off, Rich
072.140, 688, 1,14, 78, 47, 6, 13,8, 0,34, 2,74, 7, 33, 102, 1,57, Off, Off, Off, Off, On, Off, On, Off, Off, Off, Off, Rich
072.187, 688, 1,14, 78, 47, 6, 13,8, 0,34, 2,77, 11, 33, 102, 1,59, Off, Off, Off, Off, On, Off, On, Off, Off, Off, Off, Rich
072.234, 675, 1,13, 78, 44, 6, 13,8, 0,34, 2,76, 10, 33, 102, 1,55, Off, Off, Off, Off, On, Off, On, Off, Off, Off, Off, Rich
072.296, 712, 1,14, 78, 44, 6, 13,7, 0,34, 2,77, 11, 33, 102, 1,64, Off, Off, Off, Off, On, Off, On, Off, Off, Off, Off, Rich
072.343, 688, 1,13, 78, 35, 6, 13,8, 0,34, 2,81, 8, 33, 105, 1,61, Off, Off, Off, Off, On, Off, On, Off, Off, Off, Off, Lean
072.390, 688, 1,14, 78, 22, 6, 13,8, 0,34, 2,77, 7, 33, 105, 1,59, Off, Off, Off, Off, On, Off, On, Off, Off, Off, Off, Lean
072.453, 688, 1,12, 78, 22, 6, 13,8, 0,34, 2,8, 11, 33, 105, 1,61, Off, Off, Off, Off, On, Off, On, Off, Off, Off, Off, Lean
072.500, 662, 1,12, 78, 13, 6, 13,8, 0,34, 2,82, 11, 33, 105, 1,56, Off, Off, Off, Off, On, Off, On, Off, Off, Off, Off, Lean
072.546, 688, 1,14, 78, 13, 6, 13,7, 0,34, 2,75, 10, 33, 105, 1,58, Off, Off, Off, Off, On, Off, On, Off, Off, Off, Off, Lean
072.593, 675, 1,13, 78, 8, 6, 13,9, 0,34, 2,84, 11, 33, 105, 1,6, Off, Off, Off, Off, On, Off, On, Off, Off, Off, Off, Lean
072.640, 688, 1,14, 78, 5, 6, 13,8, 0,34, 2,87, 13, 33, 105, 1,65, Off, Off, Off, Off, On, Off, On, Off, Off, Off, Off, Lean
072.687, 675, 1,14, 78, 5, 6, 13,8, 0,34, 2,85, 11, 33, 105, 1,6, Off, Off, Off, Off, On, Off, On, Off, Off, Off, Off, Lean
072.765, 675, 1,14, 78, 3, 6, 13,8, 0,34, 2,86, 11, 33, 105, 1,61, Off, Off, Off, Off, On, Off, On, Off, Off, Off, Off, Lean
072.812, 688, 1,14, 78, 2, 6, 13,8, 0,34, 2,89, 13, 33, 105, 1,66, Off, Off, Off, Off, On, Off, On, Off, Off, Off, Off, Lean
072.859, 662, 1,13, 78, 2, 6, 13,8, 0,34, 2,86, 12, 33, 105, 1,58, Off, Off, Off, Off, On, Off, On, Off, Off, Off, Off, Lean
072.921, 712, 1,14, 78, 2, 6, 13,8, 0,34, 2,84, 11, 33, 105, 1,69, Off, Off, Off, Off, On, Off, On, Off, Off, Off, Off, Lean
072.968, 662, 1,14, 78, 1, 4, 13,8, 0,34, 2,8, 10, 33, 105, 1,54, Off, Off, Off, Off, On, Off, On, Off, Off, Off, Off, Lean
073.015, 712, 1,14, 78, 1, 4, 13,9, 0,34, 2,9, 11, 33, 105, 1,72, Off, Off, Off, Off, On, Off, On, Off, Off, Off, Off, Lean
073.062, 688, 1,14, 78, 1, 4, 13,8, 0,34, 2,87, 9, 33, 105, 1,65, Off, Off, Off, Off, On, Off, On, Off, Off, Off, Off, Lean
073.109, 688, 1,12, 78, 1, 4, 13,8, 0,34, 2,81, 10, 33, 105, 1,61, Off, Off, Off, Off, On, Off, On, Off, Off, Off, Off, Lean
073.171, 688, 1,14, 78, 11, 4, 13,8, 0,34, 2,81, 10, 33, 105, 1,61, Off, Off, Off, Off, On, Off, On, Off, Off, Off, Off, Lean
073.234, 725, 1,14, 78, 11, 4, 13,8, 0,34, 2,71, 8, 33, 105, 1,64, Off, Off, Off, Off, On, Off, On, Off, Off, Off, Off, Lean
073.281, 712, 1,12, 78, 30, 4, 13,8, 0,34, 2,79, 6, 33, 105, 1,66, Off, Off, Off, Off, On, Off, On, Off, Off, Off, Off, Lean
073.328, 725, 1,14, 78, 46, 4, 13,8, 0,34, 2,78, 7, 33, 105, 1,68, Off, Off, Off, Off, On, Off, On, Off, Off, Off, Off, Lean
073.390, 712, 1,14, 78, 46, 4, 13,8, 0,34, 2,73, 5, 33, 105, 1,62, Off, Off, Off, Off, On, Off, On, Off, Off, Off, Off, Lean
073.453, 712, 1,12, 78, 51, 4, 13,7, 0,34, 2,77, 7, 33, 104, 1,64, Off, Off, Off, Off, On, Off, On, Off, Off, Off, Off, Rich
073.500, 688, 1,14, 78, 54, 4, 13,8, 0,34, 2,74, 6, 33, 104, 1,57, Off, Off, Off, Off, On, Off, On, Off, Off, Off, Off, Rich
073.562, 712, 1,13, 78, 54, 4, 13,7, 0,34, 2,75, 6, 33, 104, 1,63, Off, Off, Off, Off, On, Off, On, Off, Off, Off, Off, Rich
073.593, 712, 1,12, 78, 51, 4, 13,8, 0,34, 2,71, 5, 33, 104, 1,61, Off, Off, Off, Off, On, Off, On, Off, Off, Off, Off, Rich
073.656, 725, 1,14, 78, 51, 4, 13,8, 0,34, 2,68, 5, 33, 104, 1,62, Off, Off, Off, Off, On, Off, On, Off, Off, Off, Off, Rich
073.718, 725, 1,13, 78, 48, 8, 13,8, 0,34, 2,71, 5, 33, 104, 1,64, Off, Off, Off, Off, On, Off, On, Off, Off, Off, Off, Rich
073.781, 725, 1,14, 78, 46, 8, 13,7, 0,34, 2,61, 4, 33, 104, 1,58, Off, Off, Off, Off, On, Off, On, Off, Off, Off, Off, Rich
073.828, 712, 1,14, 78, 40, 8, 13,8, 0,34, 2,65, 7, 33, 104, 1,57, Off, Off, Off, Off, On, Off, On, Off, Off, Off, Off, Rich
073.875, 725, 1,14, 78, 40, 8, 13,8, 0,34, 2,66, 5, 33, 102, 1,61, Off, Off, Off, Off, On, Off, On, Off, Off, Off, Off, Lean
073.937, 712, 1,14, 78, 27, 8, 13,8, 0,34, 2,71, 5, 33, 102, 1,61, Off, Off, Off, Off, On, Off, On, Off, Off, Off, Off, Lean
073.984, 725, 1,14, 78, 15, 8, 13,8, 0,34, 2,71, 7, 33, 102, 1,64, Off, Off, Off, Off, On, Off, On, Off, Off, Off, Off, Lean
074.031, 688, 1,14, 78, 15, 8, 13,8, 0,34, 2,69, 6, 33, 102, 1,54, Off, Off, Off, Off, On, Off, On, Off, Off, Off, Off, Lean
074.093, 712, 1,14, 78, 8, 8, 13,8, 0,34, 2,72, 7, 33, 102, 1,61, Off, Off, Off, Off, On, Off, On, Off, Off, Off, Off, Lean
074.156, 688, 1,14, 78, 8, 8, 13,8, 0,34, 2,71, 7, 33, 102, 1,55, Off, Off, Off, Off, On, Off, On, Off, Off, Off, Off, Lean
074.203, 725, 1,14, 78, 4, 8, 13,8, 0,34, 2,73, 7, 33, 102, 1,65, Off, Off, Off, Off, On, Off, On, Off, Off, Off, Off, Lean
074.265, 712, 1,14, 78, 1, 8, 13,8, 0,34, 2,72, 5, 33, 102, 1,61, Off, Off, Off, Off, On, Off, On, Off, Off, Off, Off, Lean
074.312, 725, 1,14, 78, 1, 8, 13,7, 0,34, 2,65, 7, 33, 102, 1,6, Off, Off, Off, Off, On, Off, On, Off, Off, Off, Off, Lean
074.359, 712, 1,13, 78, 0, 8, 13,8, 0,34, 2,69, 5, 33, 102, 1,6, Off, Off, Off, Off, On, Off, On, Off, Off, Off, Off, Lean
074.421, 712, 1,14, 78, 0, 6, 13,8, 0,34, 2,7, 6, 33, 102, 1,6, Off, Off, Off, Off, On, Off, On, Off, Off, Off, Off, Lean
074.468, 712, 1,14, 78, 0, 6, 13,8, 0,34, 2,67, 7, 33, 102, 1,58, Off, Off, Off, Off, On, Off, On, Off, Off, Off, Off, Lean
074.515, 738, 1,14, 78, 0, 6, 13,8, 0,34, 2,73, 6, 33, 102, 1,68, Off, Off, Off, Off, On, Off, On, Off, Off, Off, Off, Lean
074.578, 712, 1,14, 78, 0, 6, 13,8, 0,34, 2,65, 4, 33, 102, 1,57, Off, Off, Off, Off, On, Off, On, Off, Off, Off, Off, Lean
074.640, 738, 1,14, 78, 0, 6, 13,8, 0,34, 2,71, 6, 33, 102, 1,67, Off, Off, Off, Off, On, Off, On, Off, Off, Off, Off, Lean
074.687, 725, 1,13, 78, 0, 6, 13,9, 0,34, 2,7, 6, 33, 102, 1,63, Off, Off, Off, Off, On, Off, On, Off, Off, Off, Off, Lean
074.734, 725, 1,14, 78, 0, 6, 13,8, 0,34, 2,71, 5, 33, 102, 1,64, Off, Off, Off, Off, On, Off, On, Off, Off, Off, Off, Lean
074.796, 725, 1,13, 78, 0, 6, 13,8, 0,34, 2,69, 5, 33, 102, 1,63, Off, Off, Off, Off, On, Off, On, Off, Off, Off, Off, Lean
074.859, 725, 1,13, 78, 0, 6, 13,8, 0,34, 2,69, 5, 33, 102, 1,63, Off, Off, Off, Off, On, Off, On, Off, Off, Off, Off, Lean
074.906, 725, 1,14, 78, 0, 6, 13,9, 0,34, 2,63, 4, 33, 102, 1,59, Off, Off, Off, Off, On, Off, On, Off, Off, Off, Off, Lean
074.968, 712, 1,14, 78, 0, 6, 13,8, 0,34, 2,64, 4, 33, 102, 1,57, Off, Off, Off, Off, On, Off, On, Off, Off, Off, Off, Lean
075.015, 725, 1,14, 78, 0, 6, 13,9, 0,34, 2,72, 5, 33, 102, 1,64, Off, Off, Off, Off, On, Off, On, Off, Off, Off, Off, Lean
075.062, 738, 1,16, 78, 0, 6, 13,8, 0,34, 2,72, 5, 33, 102, 1,67, Off, Off, Off, Off, On, Off, On, Off, Off, Off, Off, Lean
075.125, 738, 1,13, 78, 0, 8, 13,7, 0,34, 2,71, 5, 33, 102, 1,67, Off, Off, Off, Off, On, Off, On, Off, Off, Off, Off, Lean
075.156, 738, 1,14, 78, 0, 8, 13,8, 0,34, 2,7, 5, 33, 102, 1,66, Off, Off, Off, Off, On, Off, On, Off, Off, Off, Off, Lean
075.218, 725, 1,14, 78, 0, 8, 13,8, 0,34, 2,66, 4, 33, 102, 1,61, Off, Off, Off, Off, On, Off, On, Off, Off, Off, Off, Lean
075.281, 712, 1,14, 78, 0, 8, 13,8, 0,34, 2,72, 5, 33, 102, 1,61, Off, Off, Off, Off, On, Off, On, Off, Off, Off, Off, Lean
075.328, 725, 1,15, 78, 0, 8, 13,8, 0,34, 2,72, 5, 33, 102, 1,64, Off, Off, Off, Off, On, Off, On, Off, Off, Off, Off, Lean
075.390, 712, 1,15, 78, 0, 8, 13,8, 0,34, 2,68, 4, 33, 102, 1,59, Off, Off, Off, Off, On, Off, On, Off, Off, Off, Off, Lean
075.437, 712, 1,14, 78, 0, 8, 13,8, 0,34, 2,74, 7, 33, 102, 1,63, Off, Off, Off, Off, On, Off, On, Off, Off, Off, Off, Lean
075.484, 712, 1,14, 78, 0, 8, 13,8, 0,34, 2,73, 6, 33, 102, 1,62, Off, Off, Off, Off, On, Off, On, Off, Off, Off, Off, Lean
075.531, 725, 1,14, 78, 0, 8, 13,8, 0,34, 2,69, 7, 33, 102, 1,63, Off, Off, Off, Off, On, Off, On, Off, Off, Off, Off, Lean
075.593, 712, 1,12, 78, 0, 8, 13,7, 0,34, 2,68, 5, 33, 102, 1,59, Off, Off, Off, Off, On, Off, On, Off, Off, Off, Off, Lean
075.640, 738, 1,14, 78, 0, 8, 13,6, 0,34, 2,69, 5, 33, 102, 1,65, Off, Off, Off, Off, On, Off, On, Off, Off, Off, Off, Lean
075.703, 725, 1,13, 78, 0, 8, 13,8, 0,34, 2,68, 5, 33, 102, 1,62, Off, Off, Off, Off, On, Off, On, Off, Off, Off, Off, Lean
075.750, 725, 1,14, 78, 0, 8, 13,8, 0,34, 2,73, 7, 33, 102, 1,65, Off, Off, Off, Off, On, Off, On, Off, Off, Off, Off, Lean
075.812, 712, 1,14, 78, 0, 10, 13,8, 0,34, 2,71, 6, 33, 102, 1,61, Off, Off, Off, Off, On, Off, On, Off, Off, Off, Off, Lean
075.859, 725, 1,14, 78, 0, 10, 13,7, 0,34, 2,73, 5, 33, 102, 1,65, Off, Off, Off, Off, On, Off, On, Off, Off, Off, Off, Lean
075.906, 712, 1,14, 78, 0, 10, 13,8, 0,34, 2,73, 5, 33, 102, 1,62, Off, Off, Off, Off, On, Off, On, Off, Off, Off, Off, Lean
075.953, 688, 1,14, 78, 0, 10, 13,8, 0,34, 2,68, 7, 33, 102, 1,54, Off, Off, Off, Off, On, Off, On, Off, Off, Off, Off, Lean
076.031, 725, 1,14, 78, 0, 10, 13,8, 0,34, 2,7, 5, 33, 102, 1,63, Off, Off, Off, Off, On, Off, On, Off, Off, Off, Off, Lean
076.078, 712, 1,13, 78, 0, 10, 13,8, 0,34, 2,74, 5, 33, 102, 1,63, Off, Off, Off, Off, On, Off, On, Off, Off, Off, Off, Lean
076.125, 712, 1,14, 78, 0, 10, 13,8, 0,34, 2,7, 5, 33, 102, 1,6, Off, Off, Off, Off, On, Off, On, Off, Off, Off, Off, Lean
076.187, 712, 1,14, 78, 0, 10, 13,8, 0,34, 2,73, 6, 33, 102, 1,62, Off, Off, Off, Off, On, Off, On, Off, Off, Off, Off, Lean
076.234, 725, 1,14, 79, 0, 10, 13,7, 0,34, 2,75, 5, 33, 102, 1,66, Off, Off, Off, Off, On, Off, On, Off, Off, Off, Off, Lean
076.296, 712, 1,14, 79, 0, 10, 13,8, 0,34, 2,68, 4, 33, 102, 1,59, Off, Off, Off, Off, On, Off, On, Off, Off, Off, Off, Lean
076.343, 725, 1,14, 79, 0, 10, 13,8, 0,34, 2,74, 5, 33, 102, 1,66, Off, Off, Off, Off, On, Off, On, Off, Off, Off, Off, Lean
076.390, 712, 1,14, 79, 0, 10, 13,8, 0,34, 2,76, 4, 33, 102, 1,64, Off, Off, Off, Off, On, Off, On, Off, Off, Off, Off, Lean
076.453, 725, 1,13, 79, 0, 10, 13,7, 0,34, 2,75, 5, 33, 102, 1,66, Off, Off, Off, Off, On, Off, On, Off, Off, Off, Off, Lean
076.500, 712, 1,14, 79, 0, 8, 13,8, 0,34, 2,75, 5, 33, 102, 1,63, Off, Off, Off, Off, On, Off, On, Off, Off, Off, Off, Lean
076.546, 725, 1,15, 79, 0, 8, 13,8, 0,34, 2,77, 5, 33, 102, 1,67, Off, Off, Off, Off, On, Off, On, Off, Off, Off, Off, Lean
076.609, 712, 1,14, 79, 0, 8, 13,8, 0,34, 2,71, 4, 33, 102, 1,61, Off, Off, Off, Off, On, Off, On, Off, Off, Off, Off, Lean
076.656, 712, 1,14, 79, 0, 8, 13,8, 0,34, 2,75, 5, 33, 102, 1,63, Off, Off, Off, Off, On, Off, On, Off, Off, Off, Off, Lean
076.703, 725, 1,14, 79, 0, 8, 13,8, 0,34, 2,7, 4, 33, 102, 1,63, Off, Off, Off, Off, On, Off, On, Off, Off, Off, Off, Lean
076.765, 725, 1,14, 79, 0, 8, 13,7, 0,34, 2,75, 5, 33, 102, 1,66, Off, Off, Off, Off, On, Off, On, Off, Off, Off, Off, Lean
076.812, 725, 1,14, 79, 0, 8, 13,8, 0,34, 2,76, 5, 33, 102, 1,67, Off, Off, Off, Off, On, Off, On, Off, Off, Off, Off, Lean
076.859, 725, 1,14, 79, 0, 8, 13,8, 0,34, 2,71, 5, 33, 102, 1,64, Off, Off, Off, Off, On, Off, On, Off, Off, Off, Off, Lean
076.921, 725, 1,13, 79, 0, 8, 13,7, 0,34, 2,76, 4, 33, 102, 1,67, Off, Off, Off, Off, On, Off, On, Off, Off, Off, Off, Lean
076.984, 712, 1,14, 79, 0, 8, 13,8, 0,34, 2,75, 7, 33, 102, 1,63, Off, Off, Off, Off, On, Off, On, Off, Off, Off, Off, Lean
077.031, 725, 1,14, 79, 0, 8, 13,8, 0,34, 2,68, 5, 33, 102, 1,62, Off, Off, Off, Off, On, Off, On, Off, Off, Off, Off, Lean
077.093, 712, 1,13, 79, 0, 8, 13,8, 0,34, 2,75, 5, 33, 102, 1,63, Off, Off, Off, Off, On, Off, On, Off, Off, Off, Off, Lean
077.156, 725, 1,14, 79, 0, 8, 13,8, 0,34, 2,77, 5, 33, 102, 1,67, Off, Off, Off, Off, On, Off, On, Off, Off, Off, Off, Lean
077.203, 725, 1,14, 79, 0, 8, 13,8, 0,34, 2,74, 5, 33, 102, 1,66, Off, Off, Off, Off, On, Off, On, Off, Off, Off, Off, Lean
077.250, 725, 1,13, 79, 0, 8, 13,8, 0,34, 2,77, 7, 33, 102, 1,67, Off, Off, Off, Off, On, Off, On, Off, Off, Off, Off, Lean
077.312, 712, 1,14, 79, 0, 8, 13,8, 0,34, 2,73, 5, 33, 102, 1,62, Off, Off, Off, Off, On, Off, On, Off, Off, Off, Off, Lean
077.359, 738, 1,14, 79, 0, 8, 13,7, 0,34, 2,73, 6, 33, 102, 1,68, Off, Off, Off, Off, On, Off, On, Off, Off, Off, Off, Lean
077.406, 725, 1,14, 79, 12, 8, 13,8, 0,34, 2,77, 5, 33, 102, 1,67, Off, Off, Off, Off, On, Off, On, Off, Off, Off, Off, Lean
077.468, 725, 1,14, 79, 27, 8, 13,8, 0,34, 2,73, 4, 33, 102, 1,65, Off, Off, Off, Off, On, Off, On, Off, Off, Off, Off, Lean
077.515, 712, 1,14, 79, 27, 8, 13,8, 0,34, 2,71, 5, 33, 102, 1,61, Off, Off, Off, Off, On, Off, On, Off, Off, Off, Off, Lean
077.562, 738, 1,14, 79, 36, 8, 13,8, 0,34, 2,73, 5, 33, 102, 1,68, Off, Off, Off, Off, On, Off, On, Off, Off, Off, Off, Lean
077.625, 725, 1,14, 79, 43, 8, 13,8, 0,34, 2,73, 3, 33, 102, 1,65, Off, Off, Off, Off, On, Off, On, Off, Off, Off, Off, Lean
077.671, 725, 1,14, 79, 43, 8, 13,8, 0,34, 2,74, 5, 33, 102, 1,66, Off, Off, Off, Off, On, Off, On, Off, Off, Off, Off, Lean
077.734, 712, 1,13, 79, 45, 8, 13,8, 0,34, 2,77, 5, 33, 102, 1,64, Off, Off, Off, Off, On, Off, On, Off, Off, Off, Off, Lean
077.796, 712, 1,14, 79, 47, 8, 13,8, 0,34, 2,76, 5, 33, 102, 1,64, Off, Off, Off, Off, On, Off, On, Off, Off, Off, Off, Lean
077.843, 712, 1,14, 79, 47, 8, 13,8, 0,34, 2,76, 5, 33, 102, 1,64, Off, Off, Off, Off, On, Off, On, Off, Off, Off, Off, Lean
077.890, 738, 1,14, 79, 48, 8, 13,8, 0,34, 2,75, 3, 33, 102, 1,69, Off, Off, Off, Off, On, Off, On, Off, Off, Off, Off, Lean
077.953, 712, 1,14, 79, 48, 8, 13,8, 0,34, 2,72, 5, 33, 103, 1,61, Off, Off, Off, Off, On, Off, On, Off, Off, Off, Off, Rich
078.000, 725, 1,14, 79, 49, 8, 13,8, 0,34, 2,71, 5, 33, 103, 1,64, Off, Off, Off, Off, On, Off, On, Off, Off, Off, Off, Rich
078.046, 725, 1,14, 79, 48, 8, 13,8, 0,34, 2,71, 4, 33, 103, 1,64, Off, Off, Off, Off, On, Off, On, Off, Off, Off, Off, Rich
078.109, 712, 1,14, 79, 48, 8, 13,8, 0,34, 2,68, 5, 33, 103, 1,59, Off, Off, Off, Off, On, Off, On, Off, Off, Off, Off, Rich
078.171, 738, 1,14, 79, 51, 8, 13,8, 0,34, 2,68, 5, 33, 103, 1,65, Off, Off, Off, Off, On, Off, On, Off, Off, Off, Off, Rich
078.218, 725, 1,13, 79, 52, 8, 13,8, 0,34, 2,72, 5, 33, 103, 1,64, Off, Off, Off, Off, On, Off, On, Off, Off, Off, Off, Rich
078.265, 725, 1,14, 79, 52, 8, 13,8, 0,34, 2,71, 5, 33, 103, 1,64, Off, Off, Off, Off, On, Off, On, Off, Off, Off, Off, Rich
078.328, 725, 1,13, 79, 55, 8, 13,8, 0,34, 2,71, 4, 33, 103, 1,64, Off, Off, Off, Off, On, Off, On, Off, Off, Off, Off, Rich
078.406, 738, 1,14, 79, 55, 8, 13,8, 0,34, 2,69, 4, 33, 103, 1,65, Off, Off, Off, Off, On, Off, On, Off, Off, Off, Off, Rich
078.453, 712, 1,14, 79, 56, 8, 13,8, 0,34, 2,71, 5, 33, 103, 1,61, Off, Off, Off, Off, On, Off, On, Off, Off, Off, Off, Rich
078.500, 738, 1,14, 79, 56, 8, 13,8, 0,34, 2,68, 5, 33, 103, 1,65, Off, Off, Off, Off, On, Off, On, Off, Off, Off, Off, Rich
078.562, 688, 1,14, 79, 53, 8, 13,8, 0,34, 2,73, 5, 33, 103, 1,57, Off, Off, Off, Off, On, Off, On, Off, Off, Off, Off, Rich
078.609, 725, 1,14, 79, 52, 8, 13,8, 0,34, 2,73, 7, 33, 103, 1,65, Off, Off, Off, Off, On, Off, On, Off, Off, Off, Off, Rich
078.656, 725, 1,13, 79, 52, 8, 13,8, 0,34, 2,7, 6, 33, 103, 1,63, Off, Off, Off, Off, On, Off, On, Off, Off, Off, Off, Rich
078.703, 712, 1,14, 79, 50, 8, 13,8, 0,34, 2,74, 7, 33, 103, 1,63, Off, Off, Off, Off, On, Off, On, Off, Off, Off, Off, Rich
078.765, 738, 1,14, 79, 50, 8, 13,8, 0,34, 2,71, 6, 33, 103, 1,67, Off, Off, Off, Off, On, Off, On, Off, Off, Off, Off, Rich
078.812, 712, 1,14, 79, 48, 8, 13,8, 0,34, 2,71, 5, 33, 103, 1,61, Off, Off, Off, Off, On, Off, On, Off, Off, Off, Off, Rich
078.859, 725, 1,16, 79, 47, 8, 13,8, 0,34, 2,73, 7, 33, 103, 1,65, Off, Off, Off, Off, On, Off, On, Off, Off, Off, Off, Rich
078.921, 712, 1,14, 79, 47, 8, 13,8, 0,34, 2,68, 6, 33, 103, 1,59, Off, Off, Off, Off, On, Off, On, Off, Off, Off, Off, Rich
078.968, 725, 1,14, 79, 47, 8, 13,8, 0,34, 2,73, 7, 33, 103, 1,65, Off, Off, Off, Off, On, Off, On, Off, Off, Off, Off, Rich
079.000, 712, 1,14, 79, 47, 8, 13,8, 0,34, 2,7, 5, 33, 103, 1,6, Off, Off, Off, Off, On, Off, On, Off, Off, Off, Off, Rich
079.078, 725, 1,13, 79, 47, 8, 13,8, 0,34, 2,67, 6, 33, 103, 1,61, Off, Off, Off, Off, On, Off, On, Off, Off, Off, Off, Rich
079.140, 712, 1,13, 79, 46, 8, 13,8, 0,34, 2,69, 5, 33, 103, 1,6, Off, Off, Off, Off, On, Off, On, Off, Off, Off, Off, Rich
079.187, 712, 1,14, 79, 46, 8, 13,8, 0,34, 2,67, 7, 33, 103, 1,58, Off, Off, Off, Off, On, Off, On, Off, Off, Off, Off, Rich
079.250, 712, 1,13, 79, 46, 8, 13,8, 0,34, 2,71, 6, 33, 103, 1,61, Off, Off, Off, Off, On, Off, On, Off, Off, Off, Off, Rich
079.296, 725, 1,14, 79, 47, 8, 13,8, 0,34, 2,72, 7, 33, 103, 1,64, Off, Off, Off, Off, On, Off, On, Off, Off, Off, Off, Rich
079.343, 688, 1,14, 79, 47, 8, 13,8, 0,34, 2,65, 5, 33, 103, 1,52, Off, Off, Off, Off, On, Off, On, Off, Off, Off, Off, Rich
079.390, 712, 1,14, 79, 45, 8, 13,8, 0,34, 2,72, 7, 33, 103, 1,61, Off, Off, Off, Off, On, Off, On, Off, Off, Off, Off, Rich
079.437, 688, 1,14, 79, 43, 8, 13,8, 0,34, 2,73, 6, 33, 103, 1,57, Off, Off, Off, Off, On, Off, On, Off, Off, Off, Off, Rich
079.484, 712, 1,13, 79, 43, 8, 13,8, 0,34, 2,7, 7, 33, 103, 1,6, Off, Off, Off, Off, On, Off, On, Off, Off, Off, Off, Rich
079.546, 712, 1,14, 79, 40, 8, 13,8, 0,34, 2,71, 6, 33, 103, 1,61, Off, Off, Off, Off, On, Off, On, Off, Off, Off, Off, Rich
079.593, 725, 1,14, 79, 40, 8, 13,7, 0,34, 2,7, 7, 33, 104, 1,63, Off, Off, Off, Off, On, Off, On, Off, Off, Off, Off, Lean
079.640, 712, 1,13, 79, 35, 8, 13,8, 0,34, 2,74, 5, 33, 104, 1,63, Off, Off, Off, Off, On, Off, On, Off, Off, Off, Off, Lean
079.703, 725, 1,15, 79, 28, 8, 13,8, 0,34, 2,78, 7, 33, 104, 1,68, Off, Off, Off, Off, On, Off, On, Off, Off, Off, Off, Lean
079.750, 712, 1,14, 79, 28, 8, 13,8, 0,34, 2,71, 7, 33, 104, 1,61, Off, Off, Off, Off, On, Off, On, Off, Off, Off, Off, Lean
079.812, 725, 1,14, 79, 21, 8, 13,7, 0,34, 2,77, 6, 33, 104, 1,67, Off, Off, Off, Off, On, Off, On, Off, Off, Off, Off, Lean
079.859, 725, 1,14, 79, 21, 8, 13,8, 0,34, 2,7, 5, 33, 104, 1,63, Off, Off, Off, Off, On, Off, On, Off, Off, Off, Off, Lean
079.890, 725, 1,14, 79, 16, 8, 13,8, 0,34, 2,72, 5, 33, 104, 1,64, Off, Off, Off, Off, On, Off, On, Off, Off, Off, Off, Lean
079.953, 712, 1,14, 79, 12, 8, 13,8, 0,34, 2,77, 5, 33, 104, 1,64, Off, Off, Off, Off, On, Off, On, Off, Off, Off, Off, Lean
080.015, 712, 1,14, 79, 12, 8, 13,8, 0,34, 2,7, 5, 33, 104, 1,6, Off, Off, Off, Off, On, Off, On, Off, Off, Off, Off, Lean
080.062, 725, 1,13, 79, 9, 6, 13,8, 0,34, 2,77, 5, 33, 104, 1,67, Off, Off, Off, Off, On, Off, On, Off, Off, Off, Off, Lean
080.109, 725, 1,14, 79, 7, 6, 13,8, 0,34, 2,77, 5, 33, 104, 1,67, Off, Off, Off, Off, On, Off, On, Off, Off, Off, Off, Lean
080.156, 738, 1,14, 79, 7, 6, 13,6, 0,34, 2,75, 4, 33, 104, 1,69, Off, Off, Off, Off, On, Off, On, Off, Off, Off, Off, Lean
080.203, 725, 1,14, 79, 5, 6, 13,8, 0,34, 2,77, 5, 33, 104, 1,67, Off, Off, Off, Off, On, Off, On, Off, Off, Off, Off, Lean
080.265, 725, 1,14, 79, 3, 6, 13,8, 0,34, 2,78, 5, 33, 104, 1,68, Off, Off, Off, Off, On, Off, On, Off, Off, Off, Off, Lean
080.312, 712, 1,14, 79, 3, 6, 13,8, 0,34, 2,74, 4, 33, 104, 1,63, Off, Off, Off, Off, On, Off, On, Off, Off, Off, Off, Lean
080.359, 712, 1,14, 79, 2, 6, 13,8, 0,34, 2,78, 7, 33, 104, 1,65, Off, Off, Off, Off, On, Off, On, Off, Off, Off, Off, Lean
080.421, 712, 1,14, 79, 2, 6, 13,8, 0,34, 2,75, 6, 33, 104, 1,63, Off, Off, Off, Off, On, Off, On, Off, Off, Off, Off, Lean
080.484, 725, 1,14, 79, 2, 6, 13,8, 0,34, 2,79, 5, 33, 104, 1,69, Off, Off, Off, Off, On, Off, On, Off, Off, Off, Off, Lean
080.531, 712, 1,14, 79, 1, 6, 13,7, 0,34, 2,74, 4, 33, 104, 1,63, Off, Off, Off, Off, On, Off, On, Off, Off, Off, Off, Lean
080.593, 725, 1,13, 79, 1, 6, 13,7, 0,34, 2,72, 6, 33, 104, 1,64, Off, Off, Off, Off, On, Off, On, Off, Off, Off, Off, Lean
080.640, 712, 1,12, 79, 1, 6, 13,7, 0,34, 2,76, 5, 33, 104, 1,64, Off, Off, Off, Off, On, Off, On, Off, Off, Off, Off, Lean
080.703, 725, 1,14, 79, 1, 6, 13,7, 0,34, 2,73, 5, 33, 104, 1,65, Off, Off, Off, Off, On, Off, On, Off, Off, Off, Off, Lean
080.750, 688, 1,14, 79, 1, 8, 13,8, 0,34, 2,75, 7, 33, 104, 1,58, Off, Off, Off, Off, On, Off, On, Off, Off, Off, Off, Lean
080.812, 725, 1,14, 79, 1, 8, 13,7, 0,34, 2,79, 7, 33, 104, 1,69, Off, Off, Off, Off, On, Off, On, Off, Off, Off, Off, Lean
080.859, 688, 1,14, 79, 0, 8, 13,8, 0,34, 2,8, 7, 33, 104, 1,61, Off, Off, Off, Off, On, Off, On, Off, Off, Off, Off, Lean
080.921, 712, 1,14, 79, 0, 8, 13,6, 0,34, 2,79, 7, 33, 104, 1,66, Off, Off, Off, Off, On, Off, On, Off, Off, Off, Off, Lean
080.968, 675, 1,13, 79, 2, 8, 13,8, 0,34, 2,81, 7, 33, 104, 1,58, Off, Off, Off, Off, On, Off, On, Off, Off, Off, Off, Lean
081.015, 712, 1,15, 79, 2, 8, 13,7, 0,34, 2,82, 7, 33, 104, 1,67, Off, Off, Off, Off, On, Off, On, Off, Off, Off, Off, Lean
081.062, 675, 1,14, 79, 3, 8, 13,8, 0,34, 2,84, 11, 33, 104, 1,6, Off, Off, Off, Off, On, Off, On, Off, Off, Off, Off, Lean
081.125, 688, 1,14, 79, 5, 8, 13,7, 0,34, 2,83, 11, 33, 104, 1,62, Off, Off, Off, Off, On, Off, On, Off, Off, Off, Off, Lean
081.203, 712, 1,14, 79, 5, 8, 13,7, 0,34, 2,79, 10, 33, 104, 1,66, Off, Off, Off, Off, On, Off, On, Off, Off, Off, Off, Lean
081.250, 688, 1,12, 79, 11, 8, 13,8, 0,34, 2,85, 11, 33, 104, 1,63, Off, Off, Off, Off, On, Off, On, Off, Off, Off, Off, Lean
081.296, 712, 1,14, 79, 32, 8, 13,7, 0,34, 2,87, 11, 33, 104, 1,7, Off, Off, Off, Off, On, Off, On, Off, Off, Off, Off, Lean
081.359, 688, 1,14, 79, 32, 8, 13,8, 0,34, 2,84, 11, 33, 104, 1,63, Off, Off, Off, Off, On, Off, On, Off, Off, Off, Off, Lean
081.406, 688, 1,13, 79, 49, 8, 13,8, 0,34, 2,87, 11, 33, 104, 1,65, Off, Off, Off, Off, On, Off, On, Off, Off, Off, Off, Rich
081.453, 675, 1,14, 79, 57, 6, 13,8, 0,34, 2,77, 10, 33, 104, 1,56, Off, Off, Off, Off, On, Off, On, Off, Off, Off, Off, Rich
081.515, 712, 1,14, 79, 57, 6, 13,8, 0,34, 2,83, 11, 33, 104, 1,68, Off, Off, Off, Off, On, Off, On, Off, Off, Off, Off, Rich
081.562, 688, 1,13, 79, 61, 6, 13,8, 0,34, 2,81, 8, 33, 104, 1,61, Off, Off, Off, Off, On, Off, On, Off, Off, Off, Off, Rich
081.625, 688, 1,14, 79, 61, 6, 13,8, 0,34, 2,73, 7, 33, 104, 1,57, Off, Off, Off, Off, On, Off, On, Off, Off, Off, Off, Rich
081.671, 688, 1,14, 79, 63, 6, 13,8, 0,34, 2,8, 10, 33, 104, 1,61, Off, Off, Off, Off, On, Off, On, Off, Off, Off, Off, Rich
081.718, 688, 1,14, 79, 64, 6, 13,8, 0,34, 2,78, 9, 33, 104, 1,59, Off, Off, Off, Off, On, Off, On, Off, Off, Off, Off, Rich
081.781, 712, 1,14, 79, 64, 6, 13,8, 0,34, 2,78, 8, 33, 104, 1,65, Off, Off, Off, Off, On, Off, On, Off, Off, Off, Off, Rich
081.828, 675, 1,13, 79, 64, 6, 13,8, 0,34, 2,77, 10, 33, 104, 1,56, Off, Off, Off, Off, On, Off, On, Off, Off, Off, Off, Rich
081.890, 725, 1,14, 79, 64, 6, 13,8, 0,34, 2,72, 9, 33, 104, 1,64, Off, Off, Off, Off, On, Off, On, Off, Off, Off, Off, Rich
081.953, 688, 1,14, 79, 64, 6, 13,8, 0,34, 2,79, 7, 33, 104, 1,6, Off, Off, Off, Off, On, Off, On, Off, Off, Off, Off, Rich
082.000, 712, 1,14, 79, 64, 6, 13,8, 0,34, 2,82, 11, 33, 104, 1,67, Off, Off, Off, Off, On, Off, On, Off, Off, Off, Off, Rich
082.046, 688, 1,14, 79, 64, 6, 13,8, 0,34, 2,75, 9, 33, 104, 1,58, Off, Off, Off, Off, On, Off, On, Off, Off, Off, Off, Rich
082.093, 688, 1,13, 79, 64, 6, 13,7, 0,34, 2,82, 11, 33, 104, 1,62, Off, Off, Off, Off, On, Off, On, Off, Off, Off, Off, Rich
082.140, 675, 1,14, 79, 64, 6, 13,8, 0,34, 2,82, 11, 33, 104, 1,59, Off, Off, Off, Off, On, Off, On, Off, Off, Off, Off, Rich
082.203, 688, 1,14, 79, 64, 6, 13,8, 0,34, 2,84, 11, 33, 104, 1,63, Off, Off, Off, Off, On, Off, On, Off, Off, Off, Off, Rich
082.250, 675, 1,13, 79, 63, 6, 13,8, 0,34, 2,85, 13, 33, 104, 1,6, Off, Off, Off, Off, On, Off, On, Off, Off, Off, Off, Rich
082.296, 662, 1,14, 79, 63, 6, 13,8, 0,34, 2,83, 12, 33, 104, 1,56, Off, Off, Off, Off, On, Off, On, Off, Off, Off, Off, Rich
082.359, 675, 1,13, 79, 64, 6, 13,8, 0,34, 2,85, 13, 33, 104, 1,6, Off, Off, Off, Off, On, Off, On, Off, Off, Off, Off, Rich
082.406, 662, 1,14, 79, 64, 6, 13,8, 0,34, 2,87, 13, 33, 104, 1,58, Off, Off, Off, Off, On, Off, On, Off, Off, Off, Off, Rich
082.453, 688, 1,12, 79, 64, 6, 13,8, 0,34, 2,85, 12, 33, 104, 1,63, Off, Off, Off, Off, On, Off, On, Off, Off, Off, Off, Rich
082.500, 675, 1,14, 79, 65, 6, 13,8, 0,34, 2,86, 13, 33, 104, 1,61, Off, Off, Off, Off, On, Off, On, Off, Off, Off, Off, Rich
082.562, 688, 1,14, 79, 65, 6, 13,8, 0,34, 2,76, 11, 33, 104, 1,58, Off, Off, Off, Off, On, Off, On, Off, Off, Off, Off, Rich
082.625, 662, 1,12, 79, 65, 6, 13,8, 0,34, 2,84, 13, 33, 104, 1,57, Off, Off, Off, Off, On, Off, On, Off, Off, Off, Off, Rich
082.656, 675, 1,14, 79, 66, 6, 13,8, 0,34, 2,84, 11, 33, 104, 1,6, Off, Off, Off, Off, On, Off, On, Off, Off, Off, Off, Rich
082.734, 675, 1,13, 79, 66, 6, 13,8, 0,34, 2,74, 10, 33, 104, 1,54, Off, Off, Off, Off, On, Off, On, Off, Off, Off, Off, Rich
082.781, 675, 1,12, 79, 66, 6, 13,8, 0,34, 2,81, 10, 33, 104, 1,58, Off, Off, Off, Off, On, Off, On, Off, Off, Off, Off, Rich
082.843, 712, 1,14, 79, 66, 6, 13,6, 0,34, 2,78, 11, 33, 104, 1,65, Off, Off, Off, Off, On, Off, On, Off, Off, Off, Off, Rich
082.890, 675, 1,14, 79, 66, 6, 13,8, 0,34, 2,73, 8, 33, 104, 1,54, Off, Off, Off, Off, On, Off, On, Off, Off, Off, Off, Rich
082.937, 688, 1,14, 79, 66, 6, 13,8, 0,34, 2,84, 11, 33, 104, 1,63, Off, Off, Off, Off, On, Off, On, Off, Off, Off, Off, Rich
083.000, 688, 1,13, 79, 66, 6, 13,8, 0,34, 2,77, 11, 33, 104, 1,59, Off, Off, Off, Off, On, Off, On, Off, Off, Off, Off, Rich
083.046, 688, 1,13, 79, 66, 6, 13,8, 0,34, 2,76, 9, 33, 104, 1,58, Off, Off, Off, Off, On, Off, On, Off, Off, Off, Off, Rich
083.093, 675, 1,14, 79, 65, 6, 13,8, 0,34, 2,84, 11, 33, 104, 1,6, Off, Off, Off, Off, On, Off, On, Off, Off, Off, Off, Rich
083.156, 675, 1,12, 79, 65, 6, 13,8, 0,34, 2,82, 11, 33, 104, 1,59, Off, Off, Off, Off, On, Off, On, Off, Off, Off, Off, Rich
083.203, 688, 1,13, 79, 65, 6, 13,8, 0,34, 2,83, 11, 33, 104, 1,62, Off, Off, Off, Off, On, Off, On, Off, Off, Off, Off, Rich
083.250, 675, 1,14, 79, 65, 6, 13,8, 0,34, 2,74, 11, 33, 104, 1,54, Off, Off, Off, Off, On, Off, On, Off, Off, Off, Off, Rich
083.328, 688, 1,13, 79, 64, 6, 13,8, 0,34, 2,82, 11, 33, 104, 1,62, Off, Off, Off, Off, On, Off, On, Off, Off, Off, Off, Rich
083.375, 662, 1,14, 79, 64, 6, 13,8, 0,34, 2,84, 11, 33, 104, 1,57, Off, Off, Off, Off, On, Off, On, Off, Off, Off, Off, Rich
083.421, 675, 1,14, 79, 64, 6, 13,8, 0,34, 2,8, 9, 33, 104, 1,57, Off, Off, Off, Off, On, Off, On, Off, Off, Off, Off, Rich
083.484, 675, 1,12, 79, 64, 6, 13,8, 0,34, 2,81, 11, 33, 104, 1,58, Off, Off, Off, Off, On, Off, On, Off, Off, Off, Off, Rich
083.531, 662, 1,14, 79, 65, 6, 13,8, 0,34, 2,84, 13, 33, 104, 1,57, Off, Off, Off, Off, On, Off, On, Off, Off, Off, Off, Rich
083.578, 688, 1,13, 79, 65, 4, 13,8, 0,34, 2,83, 12, 33, 104, 1,62, Off, Off, Off, Off, On, Off, On, Off, Off, Off, Off, Rich
083.640, 662, 1,14, 79, 64, 4, 13,8, 0,34, 2,82, 11, 33, 104, 1,56, Off, Off, Off, Off, On, Off, On, Off, Off, Off, Off, Rich
083.687, 675, 1,14, 79, 64, 4, 13,8, 0,34, 2,77, 11, 33, 104, 1,56, Off, Off, Off, Off, On, Off, On, Off, Off, Off, Off, Rich
083.734, 688, 1,14, 79, 64, 4, 13,8, 0,34, 2,83, 11, 33, 104, 1,62, Off, Off, Off, Off, On, Off, On, Off, Off, Off, Off, Rich
083.796, 662, 1,14, 79, 65, 4, 13,8, 0,34, 2,83, 12, 33, 104, 1,56, Off, Off, Off, Off, On, Off, On, Off, Off, Off, Off, Rich
083.843, 688, 1,13, 79, 65, 4, 13,8, 0,34, 2,75, 11, 33, 104, 1,58, Off, Off, Off, Off, On, Off, On, Off, Off, Off, Off, Rich
083.890, 675, 1,14, 79, 65, 4, 13,8, 0,34, 2,83, 11, 33, 104, 1,59, Off, Off, Off, Off, On, Off, On, Off, Off, Off, Off, Rich
083.937, 688, 1,14, 79, 65, 4, 13,8, 0,34, 2,77, 12, 33, 104, 1,59, Off, Off, Off, Off, On, Off, On, Off, Off, Off, Off, Rich
084.000, 675, 1,12, 79, 65, 4, 13,8, 0,34, 2,81, 11, 33, 104, 1,58, Off, Off, Off, Off, On, Off, On, Off, Off, Off, Off, Rich
084.062, 688, 1,14, 79, 65, 4, 13,8, 0,34, 2,75, 11, 33, 104, 1,58, Off, Off, Off, Off, On, Off, On, Off, Off, Off, Off, Rich
084.109, 688, 1,14, 79, 65, 4, 13,8, 0,34, 2,77, 11, 33, 104, 1,59, Off, Off, Off, Off, On, Off, On, Off, Off, Off, Off, Rich
084.156, 675, 1,14, 79, 64, 4, 13,8, 0,34, 2,82, 11, 33, 104, 1,59, Off, Off, Off, Off, On, Off, On, Off, Off, Off, Off, Rich
084.218, 675, 1,13, 79, 64, 4, 13,8, 0,34, 2,74, 11, 33, 104, 1,54, Off, Off, Off, Off, On, Off, On, Off, Off, Off, Off, Rich
084.265, 675, 1,13, 79, 64, 4, 13,8, 0,34, 2,79, 11, 33, 104, 1,57, Off, Off, Off, Off, On, Off, On, Off, Off, Off, Off, Rich
084.328, 712, 1,14, 79, 64, 6, 13,7, 0,34, 2,76, 10, 33, 104, 1,64, Off, Off, Off, Off, On, Off, On, Off, Off, Off, Off, Rich
084.375, 675, 1,14, 79, 63, 6, 13,8, 0,34, 2,67, 7, 33, 104, 1,5, Off, Off, Off, Off, On, Off, On, Off, Off, Off, Off, Rich
084.421, 712, 1,14, 79, 63, 6, 13,8, 0,34, 2,73, 7, 33, 104, 1,62, Off, Off, Off, Off, On, Off, On, Off, Off, Off, Off, Rich
084.484, 688, 1,14, 79, 61, 6, 13,8, 0,34, 2,73, 11, 33, 104, 1,57, Off, Off, Off, Off, On, Off, On, Off, Off, Off, Off, Rich
084.531, 725, 1,13, 79, 61, 6, 13,8, 0,34, 2,7, 10, 33, 104, 1,63, Off, Off, Off, Off, On, Off, On, Off, Off, Off, Off, Rich
084.578, 738, 1,14, 79, 57, 6, 13,8, 0,34, 2,66, 7, 33, 104, 1,64, Off, Off, Off, Off, On, Off, On, Off, Off, Off, Off, Rich
084.640, 712, 1,14, 79, 57, 6, 13,9, 0,34, 2,68, 6, 33, 104, 1,59, Off, Off, Off, Off, On, Off, On, Off, Off, Off, Off, Rich
084.703, 725, 1,14, 79, 54, 6, 13,9, 0,34, 2,64, 7, 33, 104, 1,6, Off, Off, Off, Off, On, Off, On, Off, Off, Off, Off, Rich
084.750, 712, 1,14, 79, 51, 6, 13,9, 0,34, 2,66, 6, 33, 104, 1,58, Off, Off, Off, Off, On, Off, On, Off, Off, Off, Off, Rich
084.812, 725, 1,14, 79, 51, 6, 13,9, 0,34, 2,66, 7, 33, 104, 1,61, Off, Off, Off, Off, On, Off, On, Off, Off, Off, Off, Rich
084.859, 712, 1,13, 79, 49, 6, 13,9, 0,34, 2,68, 6, 33, 104, 1,59, Off, Off, Off, Off, On, Off, On, Off, Off, Off, Off, Rich
084.906, 725, 1,14, 79, 47, 6, 13,8, 0,34, 2,67, 6, 33, 104, 1,61, Off, Off, Off, Off, On, Off, On, Off, Off, Off, Off, Rich
084.968, 725, 1,14, 79, 47, 6, 13,9, 0,34, 2,61, 4, 33, 104, 1,58, Off, Off, Off, Off, On, Off, On, Off, Off, Off, Off, Rich
085.000, 712, 1,13, 79, 45, 6, 13,9, 0,34, 2,64, 4, 33, 104, 1,57, Off, Off, Off, Off, On, Off, On, Off, Off, Off, Off, Rich
085.062, 738, 1,15, 79, 39, 6, 13,8, 0,34, 2,66, 7, 33, 104, 1,64, Off, Off, Off, Off, On, Off, On, Off, Off, Off, Off, Rich
085.109, 712, 1,14, 79, 39, 6, 13,9, 0,34, 2,66, 6, 33, 103, 1,58, Off, Off, Off, Off, On, Off, On, Off, Off, Off, Off, Lean
085.156, 738, 1,14, 79, 29, 6, 13,8, 0,34, 2,71, 7, 33, 103, 1,67, Off, Off, Off, Off, On, Off, On, Off, Off, Off, Off, Lean
085.218, 725, 1,14, 79, 29, 6, 13,9, 0,34, 2,65, 5, 33, 103, 1,6, Off, Off, Off, Off, On, Off, On, Off, Off, Off, Off, Lean
085.265, 738, 1,14, 79, 19, 6, 13,8, 0,34, 2,68, 4, 33, 103, 1,65, Off, Off, Off, Off, On, Off, On, Off, Off, Off, Off, Lean
085.328, 712, 1,15, 79, 13, 6, 13,9, 0,34, 2,71, 7, 33, 103, 1,61, Off, Off, Off, Off, On, Off, On, Off, Off, Off, Off, Lean
085.375, 738, 1,15, 79, 9, 6, 13,8, 0,34, 2,72, 4, 33, 103, 1,67, Off, Off, Off, Off, On, Off, On, Off, Off, Off, Off, Lean
085.437, 725, 1,14, 79, 9, 6, 13,8, 0,34, 2,7, 3, 33, 103, 1,63, Off, Off, Off, Off, On, Off, On, Off, Off, Off, Off, Lean
085.500, 725, 1,15, 79, 6, 6, 13,8, 0,34, 2,74, 3, 33, 103, 1,66, Off, Off, Off, Off, On, Off, On, Off, Off, Off, Off, Lean
085.546, 738, 1,15, 79, 6, 6, 13,9, 0,34, 2,65, 4, 33, 103, 1,63, Off, Off, Off, Off, On, Off, On, Off, Off, Off, Off, Lean
085.593, 725, 1,14, 79, 4, 6, 13,9, 0,34, 2,7, 3, 33, 103, 1,63, Off, Off, Off, Off, On, Off, On, Off, Off, Off, Off, Lean
085.640, 738, 1,16, 79, 2, 6, 13,9, 0,34, 2,72, 3, 33, 103, 1,67, Off, Off, Off, Off, On, Off, On, Off, Off, Off, Off, Lean
085.687, 725, 1,14, 79, 2, 8, 13,8, 0,34, 2,67, 5, 33, 103, 1,61, Off, Off, Off, Off, On, Off, On, Off, Off, Off, Off, Lean
085.734, 762, 1,14, 79, 1, 8, 13,8, 0,34, 2,72, 4, 33, 103, 1,73, Off, Off, Off, Off, On, Off, On, Off, Off, Off, Off, Lean
085.796, 725, 1,14, 79, 1, 8, 13,9, 0,34, 2,69, 3, 33, 103, 1,63, Off, Off, Off, Off, On, Off, On, Off, Off, Off, Off, Lean
085.843, 738, 1,14, 79, 0, 8, 13,8, 0,34, 2,69, 3, 33, 103, 1,65, Off, Off, Off, Off, On, Off, On, Off, Off, Off, Off, Lean
085.890, 725, 1,14, 79, 0, 8, 13,8, 0,34, 2,72, 5, 33, 103, 1,64, Off, Off, Off, Off, On, Off, On, Off, Off, Off, Off, Lean
085.953, 738, 1,14, 79, 0, 8, 13,8, 0,34, 2,69, 3, 33, 103, 1,65, Off, Off, Off, Off, On, Off, On, Off, Off, Off, Off, Lean
086.000, 738, 1,14, 79, 0, 8, 13,8, 0,34, 2,7, 3, 33, 103, 1,66, Off, Off, Off, Off, On, Off, On, Off, Off, Off, Off, Lean
086.046, 725, 1,15, 79, 0, 8, 13,8, 0,34, 2,71, 3, 33, 103, 1,64, Off, Off, Off, Off, On, Off, On, Off, Off, Off, Off, Lean
086.125, 762, 1,16, 79, 0, 8, 13,8, 0,34, 2,68, 4, 33, 103, 1,7, Off, Off, Off, Off, On, Off, On, Off, Off, Off, Off, Lean
086.171, 725, 1,14, 79, 0, 8, 13,9, 0,34, 2,75, 5, 33, 103, 1,66, Off, Off, Off, Off, On, Off, On, Off, Off, Off, Off, Lean
086.234, 738, 1,14, 79, 0, 8, 13,8, 0,34, 2,71, 3, 33, 103, 1,67, Off, Off, Off, Off, On, Off, On, Off, Off, Off, Off, Lean
086.281, 725, 1,15, 79, 0, 8, 13,9, 0,34, 2,68, 3, 33, 103, 1,62, Off, Off, Off, Off, On, Off, On, Off, Off, Off, Off, Lean
086.328, 738, 1,14, 79, 0, 8, 13,6, 0,34, 2,71, 5, 33, 103, 1,67, Off, Off, Off, Off, On, Off, On, Off, Off, Off, Off, Lean
086.390, 738, 1,15, 79, 0, 8, 13,8, 0,34, 2,72, 3, 33, 103, 1,67, Off, Off, Off, Off, On, Off, On, Off, Off, Off, Off, Lean
086.437, 738, 1,15, 79, 0, 6, 13,8, 0,34, 2,73, 3, 33, 103, 1,68, Off, Off, Off, Off, On, Off, On, Off, Off, Off, Off, Lean
086.484, 725, 1,14, 79, 0, 6, 13,9, 0,34, 2,7, 3, 33, 103, 1,63, Off, Off, Off, Off, On, Off, On, Off, Off, Off, Off, Lean
086.546, 738, 1,15, 79, 0, 6, 13,9, 0,34, 2,7, 4, 33, 103, 1,66, Off, Off, Off, Off, On, Off, On, Off, Off, Off, Off, Lean
086.578, 762, 1,15, 79, 0, 6, 13,8, 0,34, 2,67, 3, 33, 103, 1,7, Off, Off, Off, Off, On, Off, On, Off, Off, Off, Off, Lean
086.640, 725, 1,14, 79, 0, 6, 13,8, 0,34, 2,71, 3, 33, 103, 1,64, Off, Off, Off, Off, On, Off, On, Off, Off, Off, Off, Lean
086.703, 738, 1,14, 79, 0, 6, 13,8, 0,34, 2,73, 3, 33, 103, 1,68, Off, Off, Off, Off, On, Off, On, Off, Off, Off, Off, Lean
086.750, 738, 1,15, 79, 0, 6, 13,9, 0,34, 2,71, 3, 33, 103, 1,67, Off, Off, Off, Off, On, Off, On, Off, Off, Off, Off, Lean
086.828, 762, 1,14, 79, 0, 6, 13,8, 0,34, 2,72, 3, 33, 103, 1,73, Off, Off, Off, Off, On, Off, On, Off, Off, Off, Off, Lean
086.875, 762, 1,15, 79, 0, 6, 13,8, 0,34, 2,69, 3, 33, 103, 1,71, Off, Off, Off, Off, On, Off, On, Off, Off, Off, Off, Lean
086.921, 762, 1,15, 79, 6, 6, 13,9, 0,34, 2,69, 5, 33, 103, 1,71, Off, Off, Off, Off, On, Off, On, Off, Off, Off, Off, Lean
086.968, 738, 1,14, 79, 6, 6, 13,9, 0,34, 2,68, 3, 33, 103, 1,65, Off, Off, Off, Off, On, Off, On, Off, Off, Off, Off, Lean
087.031, 738, 1,14, 79, 19, 6, 13,9, 0,34, 2,71, 3, 33, 103, 1,67, Off, Off, Off, Off, On, Off, On, Off, Off, Off, Off, Lean
087.093, 738, 1,15, 79, 19, 6, 13,8, 0,34, 2,66, 5, 33, 103, 1,64, Off, Off, Off, Off, On, Off, On, Off, Off, Off, Off, Lean
087.140, 725, 1,14, 79, 31, 8, 13,9, 0,34, 2,7, 3, 33, 103, 1,63, Off, Off, Off, Off, On, Off, On, Off, Off, Off, Off, Lean
087.187, 762, 1,14, 79, 44, 8, 13,8, 0,34, 2,67, 5, 33, 103, 1,7, Off, Off, Off, Off, On, Off, On, Off, Off, Off, Off, Lean
087.250, 738, 1,15, 79, 44, 8, 13,8, 0,34, 2,7, 4, 33, 103, 1,66, Off, Off, Off, Off, On, Off, On, Off, Off, Off, Off, Lean
087.296, 738, 1,13, 79, 51, 8, 13, 0,34, 2,68, 3, 33, 102, 1,65, Off, Off, Off, Off, On, Off, On, Off, Off, Off, Off, Rich
087.359, 738, 1,12, 79, 55, 8, 13,2, 0,34, 2,68, 5, 33, 102, 1,65, Off, Off, Off, Off, On, Off, On, Off, Off, Off, Off, Rich
087.406, 725, 1,13, 79, 58, 8, 13,3, 0,34, 2,71, 5, 33, 102, 1,64, Off, Off, Off, Off, On, Off, On, Off, Off, Off, Off, Rich
087.453, 738, 1,12, 79, 58, 8, 13,3, 0,34, 2,7, 5, 33, 102, 1,66, Off, Off, Off, Off, On, Off, On, Off, Off, Off, Off, Rich
087.531, 712, 1,14, 79, 60, 8, 13,6, 0,34, 2,69, 7, 33, 102, 1,6, Off, Off, Off, Off, On, Off, On, Off, Off, Off, Off, Rich
087.578, 712, 1,14, 79, 60, 8, 13,6, 0,34, 2,67, 6, 33, 102, 1,58, Off, Off, Off, Off, On, Off, On, Off, Off, Off, Off, Rich
087.640, 712, 1,12, 79, 61, 8, 13,7, 0,34, 2,72, 7, 33, 102, 1,61, Off, Off, Off, Off, On, Off, On, Off, Off, Off, Off, Rich
087.687, 712, 1,14, 79, 61, 8, 13,8, 0,34, 2,68, 6, 33, 102, 1,59, Off, Off, Off, Off, On, Off, On, Off, Off, Off, Off, Rich
087.734, 688, 1,14, 79, 61, 8, 13,9, 0,34, 2,68, 7, 33, 102, 1,54, Off, Off, Off, Off, On, Off, On, Off, Off, Off, Off, Rich
087.781, 712, 1,14, 79, 60, 8, 13,8, 0,34, 2,7, 6, 33, 102, 1,6, Off, Off, Off, Off, On, Off, On, Off, Off, Off, Off, Rich
087.828, 712, 1,15, 79, 60, 10, 13,8, 0,34, 2,7, 6, 33, 102, 1,6, Off, Off, Off, Off, On, Off, On, Off, Off, Off, Off, Rich
087.875, 738, 1,14, 79, 60, 10, 13,8, 0,34, 2,64, 7, 33, 102, 1,62, Off, Off, Off, Off, On, Off, On, Off, Off, Off, Off, Rich
087.937, 712, 1,15, 79, 56, 10, 13,9, 0,34, 2,69, 6, 33, 102, 1,6, Off, Off, Off, Off, On, Off, On, Off, Off, Off, Off, Rich
087.984, 725, 1,15, 79, 58, 10, 13,8, 0,34, 2,69, 5, 33, 102, 1,63, Off, Off, Off, Off, On, Off, On, Off, Off, Off, Off, Rich
088.031, 725, 1,14, 79, 58, 10, 13,8, 0,34, 2,69, 5, 33, 102, 1,63, Off, Off, Off, Off, On, Off, On, Off, Off, Off, Off, Rich
088.093, 712, 1,15, 79, 57, 10, 13,8, 0,34, 2,69, 4, 33, 102, 1,6, Off, Off, Off, Off, On, Off, On, Off, Off, Off, Off, Rich
088.140, 725, 1,14, 79, 57, 10, 13,8, 0,34, 2,65, 7, 33, 102, 1,6, Off, Off, Off, Off, On, Off, On, Off, Off, Off, Off, Rich
088.203, 725, 1,14, 79, 58, 10, 13,8, 0,34, 2,68, 5, 33, 102, 1,62, Off, Off, Off, Off, On, Off, On, Off, Off, Off, Off, Rich
088.265, 738, 1,14, 79, 55, 10, 13,8, 0,34, 2,68, 4, 33, 102, 1,65, Off, Off, Off, Off, On, Off, On, Off, Off, Off, Off, Rich
088.312, 712, 1,14, 79, 55, 10, 13,8, 0,34, 2,63, 5, 33, 102, 1,56, Off, Off, Off, Off, On, Off, On, Off, Off, Off, Off, Rich
088.375, 738, 1,14, 79, 55, 10, 13,8, 0,34, 2,65, 3, 33, 102, 1,63, Off, Off, Off, Off, On, Off, On, Off, Off, Off, Off, Rich
088.421, 725, 1,14, 79, 54, 10, 13,9, 0,34, 2,67, 3, 33, 102, 1,61, Off, Off, Off, Off, On, Off, On, Off, Off, Off, Off, Rich
088.484, 738, 1,14, 79, 54, 10, 13,8, 0,34, 2,64, 5, 33, 102, 1,62, Off, Off, Off, Off, On, Off, On, Off, Off, Off, Off, Rich
088.531, 725, 1,14, 79, 56, 8, 13,9, 0,34, 2,66, 3, 33, 102, 1,61, Off, Off, Off, Off, On, Off, On, Off, Off, Off, Off, Rich
088.593, 738, 1,14, 79, 55, 8, 13,8, 0,34, 2,66, 4, 33, 102, 1,64, Off, Off, Off, Off, On, Off, On, Off, Off, Off, Off, Rich
088.640, 738, 1,15, 79, 55, 8, 13,8, 0,34, 2,64, 3, 33, 102, 1,62, Off, Off, Off, Off, On, Off, On, Off, Off, Off, Off, Rich
088.687, 738, 1,14, 79, 55, 8, 13,8, 0,34, 2,64, 5, 33, 102, 1,62, Off, Off, Off, Off, On, Off, On, Off, Off, Off, Off, Rich
088.750, 738, 1,14, 79, 53, 8, 13,9, 0,34, 2,66, 4, 33, 102, 1,64, Off, Off, Off, Off, On, Off, On, Off, Off, Off, Off, Rich
088.796, 725, 1,15, 79, 55, 8, 13,9, 0,34, 2,65, 3, 33, 102, 1,6, Off, Off, Off, Off, On, Off, On, Off, Off, Off, Off, Rich
088.843, 725, 1,14, 79, 55, 8, 13,9, 0,34, 2,69, 3, 33, 102, 1,63, Off, Off, Off, Off, On, Off, On, Off, Off, Off, Off, Rich
088.906, 725, 1,15, 79, 53, 8, 13,9, 0,34, 2,67, 5, 33, 102, 1,61, Off, Off, Off, Off, On, Off, On, Off, Off, Off, Off, Rich
088.984, 762, 1,16, 79, 53, 8, 13,7, 0,34, 2,65, 5, 33, 102, 1,68, Off, Off, Off, Off, On, Off, On, Off, Off, Off, Off, Rich
089.031, 725, 1,15, 79, 54, 8, 13,8, 0,34, 2,64, 3, 33, 102, 1,6, Off, Off, Off, Off, On, Off, On, Off, Off, Off, Off, Rich
089.078, 738, 1,14, 79, 52, 8, 13,9, 0,34, 2,64, 3, 33, 102, 1,62, Off, Off, Off, Off, On, Off, On, Off, Off, Off, Off, Rich
089.140, 725, 1,14, 79, 52, 8, 13,9, 0,34, 2,61, 3, 33, 102, 1,58, Off, Off, Off, Off, On, Off, On, Off, Off, Off, Off, Rich
089.187, 738, 1,14, 79, 53, 8, 13,8, 0,34, 2,62, 3, 33, 102, 1,61, Off, Off, Off, Off, On, Off, On, Off, Off, Off, Off, Rich
089.234, 738, 1,14, 79, 51, 10, 13,9, 0,34, 2,62, 5, 33, 102, 1,61, Off, Off, Off, Off, On, Off, On, Off, Off, Off, Off, Rich
089.296, 725, 1,15, 79, 51, 10, 13,9, 0,34, 2,56, 3, 33, 102, 1,55, Off, Off, Off, Off, On, Off, On, Off, Off, Off, Off, Rich
089.359, 738, 1,14, 79, 49, 10, 13,8, 0,34, 2,65, 4, 33, 102, 1,63, Off, Off, Off, Off, On, Off, On, Off, Off, Off, Off, Rich
089.406, 725, 1,14, 79, 47, 10, 13,9, 0,34, 2,65, 3, 33, 102, 1,6, Off, Off, Off, Off, On, Off, On, Off, Off, Off, Off, Rich
089.453, 738, 1,15, 79, 46, 10, 13,8, 0,34, 2,65, 5, 33, 102, 1,63, Off, Off, Off, Off, On, Off, On, Off, Off, Off, Off, Rich
089.515, 725, 1,14, 79, 46, 10, 13,9, 0,34, 2,64, 4, 33, 102, 1,6, Off, Off, Off, Off, On, Off, On, Off, Off, Off, Off, Rich
089.562, 725, 1,14, 79, 44, 10, 13,9, 0,34, 2,63, 4, 33, 102, 1,59, Off, Off, Off, Off, On, Off, On, Off, Off, Off, Off, Rich
089.609, 738, 1,15, 79, 44, 10, 13,9, 0,34, 2,62, 3, 33, 102, 1,61, Off, Off, Off, Off, On, Off, On, Off, Off, Off, Off, Rich
089.671, 738, 1,14, 79, 42, 10, 13,8, 0,34, 2,65, 3, 33, 102, 1,63, Off, Off, Off, Off, On, Off, On, Off, Off, Off, Off, Lean
089.734, 738, 1,14, 79, 37, 10, 13,8, 0,34, 2,68, 5, 33, 102, 1,65, Off, Off, Off, Off, On, Off, On, Off, Off, Off, Off, Lean
089.781, 738, 1,15, 79, 37, 10, 13,7, 0,34, 2,66, 5, 33, 102, 1,64, Off, Off, Off, Off, On, Off, On, Off, Off, Off, Off, Lean
089.828, 738, 1,14, 79, 32, 10, 13,8, 0,34, 2,65, 3, 33, 102, 1,63, Off, Off, Off, Off, On, Off, On, Off, Off, Off, Off, Lean
089.875, 725, 1,14, 79, 26, 10, 13,9, 0,34, 2,62, 3, 33, 102, 1,58, Off, Off, Off, Off, On, Off, On, Off, Off, Off, Off, Lean
089.937, 725, 1,14, 79, 26, 8, 13,9, 0,34, 2,67, 5, 33, 102, 1,61, Off, Off, Off, Off, On, Off, On, Off, Off, Off, Off, Lean
089.984, 738, 1,14, 79, 21, 8, 13,8, 0,34, 2,7, 5, 33, 102, 1,66, Off, Off, Off, Off, On, Off, On, Off, Off, Off, Off, Lean
090.031, 725, 1,16, 79, 17, 8, 13,9, 0,34, 2,7, 3, 33, 102, 1,63, Off, Off, Off, Off, On, Off, On, Off, Off, Off, Off, Lean
090.093, 725, 1,14, 79, 17, 8, 13,8, 0,34, 2,69, 5, 33, 102, 1,63, Off, Off, Off, Off, On, Off, On, Off, Off, Off, Off, Lean
090.140, 712, 1,14, 79, 15, 8, 13,8, 0,34, 2,69, 4, 33, 102, 1,6, Off, Off, Off, Off, On, Off, On, Off, Off, Off, Off, Lean
090.203, 738, 1,14, 79, 15, 8, 13,8, 0,34, 2,71, 3, 33, 102, 1,67, Off, Off, Off, Off, On, Off, On, Off, Off, Off, Off, Lean
090.250, 738, 1,14, 79, 15, 8, 13,8, 0,34, 2,66, 3, 33, 102, 1,64, Off, Off, Off, Off, On, Off, On, Off, Off, Off, Off, Lean
090.296, 738, 1,14, 79, 16, 8, 13,8, 0,34, 2,69, 3, 33, 102, 1,65, Off, Off, Off, Off, On, Off, On, Off, Off, Off, Off, Lean
090.359, 738, 1,15, 79, 18, 8, 13,8, 0,34, 2,72, 3, 33, 102, 1,67, Off, Off, Off, Off, On, Off, On, Off, Off, Off, Off, Lean
090.406, 725, 1,14, 79, 18, 8, 13,9, 0,34, 2,66, 5, 33, 102, 1,61, Off, Off, Off, Off, On, Off, On, Off, Off, Off, Off, Lean
090.453, 738, 1,14, 79, 24, 8, 13,8, 0,34, 2,71, 4, 33, 102, 1,67, Off, Off, Off, Off, On, Off, On, Off, Off, Off, Off, Lean
090.515, 738, 1,15, 79, 24, 8, 13,9, 0,34, 2,68, 3, 33, 102, 1,65, Off, Off, Off, Off, On, Off, On, Off, Off, Off, Off, Lean
090.562, 738, 1,14, 79, 30, 8, 13,8, 0,34, 2,69, 3, 33, 102, 1,65, Off, Off, Off, Off, On, Off, On, Off, Off, Off, Off, Lean
090.609, 725, 1,15, 79, 41, 8, 13,9, 0,34, 2,7, 3, 33, 102, 1,63, Off, Off, Off, Off, On, Off, On, Off, Off, Off, Off, Lean
090.656, 725, 1,14, 79, 41, 8, 13,8, 0,34, 2,69, 3, 33, 102, 1,63, Off, Off, Off, Off, On, Off, On, Off, Off, Off, Off, Lean
090.703, 738, 1,14, 79, 51, 8, 13,9, 0,34, 2,69, 3, 33, 102, 1,65, Off, Off, Off, Off, On, Off, On, Off, Off, Off, Off, Lean
090.765, 738, 1,14, 79, 57, 8, 13,9, 0,34, 2,6, 4, 33, 102, 1,6, Off, Off, Off, Off, On, Off, On, Off, Off, Off, Off, Rich
090.812, 725, 1,14, 79, 57, 8, 13,8, 0,34, 2,57, 3, 33, 102, 1,55, Off, Off, Off, Off, On, Off, On, Off, Off, Off, Off, Rich
090.859, 725, 1,14, 79, 59, 8, 13,9, 0,34, 2,69, 5, 33, 102, 1,63, Off, Off, Off, Off, On, Off, On, Off, Off, Off, Off, Rich
090.890, 725, 1,15, 79, 60, 8, 13,8, 0,34, 2,66, 4, 33, 102, 1,61, Off, Off, Off, Off, On, Off, On, Off, Off, Off, Off, Rich
090.953, 738, 1,14, 79, 60, 8, 13,8, 0,34, 2,65, 5, 33, 102, 1,63, Off, Off, Off, Off, On, Off, On, Off, Off, Off, Off, Rich
091.015, 725, 1,14, 79, 61, 8, 13,9, 0,34, 2,67, 5, 33, 102, 1,61, Off, Off, Off, Off, On, Off, On, Off, Off, Off, Off, Rich
091.078, 738, 1,16, 79, 62, 8, 13,8, 0,34, 2,66, 5, 33, 102, 1,64, Off, Off, Off, Off, On, Off, On, Off, Off, Off, Off, Rich
091.125, 712, 1,14, 79, 62, 8, 13,9, 0,34, 2,66, 4, 33, 102, 1,58, Off, Off, Off, Off, On, Off, On, Off, Off, Off, Off, Rich
091.171, 725, 1,15, 79, 61, 8, 13,8, 0,34, 2,68, 5, 33, 102, 1,62, Off, Off, Off, Off, On, Off, On, Off, Off, Off, Off, Rich
091.218, 738, 1,14, 79, 61, 8, 13,8, 0,34, 2,67, 5, 33, 102, 1,64, Off, Off, Off, Off, On, Off, On, Off, Off, Off, Off, Rich
091.281, 725, 1,14, 79, 61, 8, 13,9, 0,34, 2,64, 4, 33, 102, 1,6, Off, Off, Off, Off, On, Off, On, Off, Off, Off, Off, Rich
091.328, 738, 1,15, 79, 59, 8, 13,8, 0,34, 2,68, 5, 33, 102, 1,65, Off, Off, Off, Off, On, Off, On, Off, Off, Off, Off, Rich
091.375, 725, 1,14, 79, 59, 10, 13,8, 0,34, 2,56, 3, 33, 102, 1,55, Off, Off, Off, Off, On, Off, On, Off, Off, Off, Off, Rich
091.437, 738, 1,14, 79, 60, 10, 13,8, 0,34, 2,66, 5, 33, 102, 1,64, Off, Off, Off, Off, On, Off, On, Off, Off, Off, Off, Rich
091.484, 725, 1,15, 79, 57, 10, 13,8, 0,34, 2,66, 3, 33, 102, 1,61, Off, Off, Off, Off, On, Off, On, Off, Off, Off, Off, Rich
091.531, 738, 1,14, 79, 57, 10, 13,8, 0,34, 2,63, 7, 33, 102, 1,62, Off, Off, Off, Off, On, Off, On, Off, Off, Off, Off, Rich
091.593, 725, 1,15, 79, 55, 10, 13,8, 0,34, 2,67, 6, 33, 102, 1,61, Off, Off, Off, Off, On, Off, On, Off, Off, Off, Off, Rich
091.640, 725, 1,15, 79, 52, 10, 13,8, 0,34, 2,65, 4, 33, 102, 1,6, Off, Off, Off, Off, On, Off, On, Off, Off, Off, Off, Rich
091.687, 725, 1,14, 79, 52, 10, 13,9, 0,34, 2,65, 5, 33, 102, 1,6, Off, Off, Off, Off, On, Off, On, Off, Off, Off, Off, Rich
091.765, 725, 1,14, 79, 51, 10, 13,8, 0,34, 2,63, 4, 33, 102, 1,59, Off, Off, Off, Off, On, Off, On, Off, Off, Off, Off, Rich
091.812, 738, 1,15, 79, 51, 10, 13,8, 0,34, 2,57, 3, 33, 102, 1,58, Off, Off, Off, Off, On, Off, On, Off, Off, Off, Off, Rich
091.859, 738, 1,13, 79, 49, 10, 13,6, 0,34, 2,61, 3, 33, 102, 1,61, Off, Off, Off, Off, On, Off, On, Off, Off, Off, Off, Rich
091.921, 738, 1,14, 79, 49, 10, 13,6, 0,34, 2,64, 5, 33, 102, 1,62, Off, Off, Off, Off, On, Off, On, Off, Off, Off, Off, Rich
091.968, 712, 1,14, 79, 48, 10, 13,7, 0,34, 2,66, 5, 33, 102, 1,58, Off, Off, Off, Off, On, Off, On, Off, Off, Off, Off, Rich
092.015, 712, 1,13, 79, 48, 10, 13,8, 0,34, 2,66, 5, 33, 102, 1,58, Off, Off, Off, Off, On, Off, On, Off, Off, Off, Off, Rich
092.078, 725, 1,14, 79, 47, 10, 13,8, 0,34, 2,64, 6, 33, 102, 1,6, Off, Off, Off, Off, On, Off, On, Off, Off, Off, Off, Rich
092.125, 725, 1,14, 79, 47, 10, 13,8, 0,34, 2,64, 5, 33, 102, 1,6, Off, Off, Off, Off, On, Off, On, Off, Off, Off, Off, Rich
092.171, 712, 1,12, 79, 44, 10, 13,8, 0,34, 2,62, 5, 33, 102, 1,55, Off, Off, Off, Off, On, Off, On, Off, Off, Off, Off, Rich
092.218, 712, 1,14, 79, 37, 10, 13,8, 0,34, 2,64, 6, 33, 102, 1,57, Off, Off, Off, Off, On, Off, On, Off, Off, Off, Off, Rich
092.265, 725, 1,13, 79, 37, 10, 13,8, 0,34, 2,64, 5, 33, 101, 1,6, Off, Off, Off, Off, On, Off, On, Off, Off, Off, Off, Lean
092.312, 725, 1,14, 79, 24, 10, 13,7, 0,34, 2,69, 7, 33, 101, 1,63, Off, Off, Off, Off, On, Off, On, Off, Off, Off, Off, Lean
092.375, 725, 1,14, 79, 24, 10, 13,8, 0,34, 2,66, 5, 33, 101, 1,61, Off, Off, Off, Off, On, Off, On, Off, Off, Off, Off, Lean
092.421, 725, 1,14, 79, 14, 10, 13,6, 0,34, 2,71, 7, 33, 101, 1,64, Off, Off, Off, Off, On, Off, On, Off, Off, Off, Off, Lean
092.484, 688, 1,14, 79, 8, 10, 13,8, 0,34, 2,7, 7, 33, 101, 1,55, Off, Off, Off, Off, On, Off, On, Off, Off, Off, Off, Lean
092.562, 725, 1,14, 79, 8, 10, 13,7, 0,34, 2,67, 5, 33, 101, 1,61, Off, Off, Off, Off, On, Off, On, Off, Off, Off, Off, Lean
092.609, 725, 1,14, 79, 5, 10, 13,8, 0,34, 2,72, 7, 33, 101, 1,64, Off, Off, Off, Off, On, Off, On, Off, Off, Off, Off, Lean
092.656, 725, 1,14, 79, 2, 10, 13,8, 0,34, 2,69, 7, 33, 101, 1,63, Off, Off, Off, Off, On, Off, On, Off, Off, Off, Off, Lean
092.718, 688, 1,14, 79, 2, 10, 13,8, 0,34, 2,69, 7, 33, 101, 1,54, Off, Off, Off, Off, On, Off, On, Off, Off, Off, Off, Lean
092.765, 712, 1,14, 79, 0, 8, 13,8, 0,34, 2,71, 7, 33, 101, 1,61, Off, Off, Off, Off, On, Off, On, Off, Off, Off, Off, Lean
092.812, 688, 1,14, 79, 0, 8, 13,8, 0,34, 2,73, 6, 33, 101, 1,57, Off, Off, Off, Off, On, Off, On, Off, Off, Off, Off, Lean
092.875, 725, 1,14, 79, 0, 8, 13,8, 0,34, 2,71, 5, 33, 101, 1,64, Off, Off, Off, Off, On, Off, On, Off, Off, Off, Off, Lean
092.921, 712, 1,14, 79, 0, 8, 13,8, 0,34, 2,72, 6, 33, 101, 1,61, Off, Off, Off, Off, On, Off, On, Off, Off, Off, Off, Lean
092.968, 725, 1,15, 79, 0, 8, 13,8, 0,34, 2,72, 7, 33, 101, 1,64, Off, Off, Off, Off, On, Off, On, Off, Off, Off, Off, Lean
093.031, 712, 1,14, 79, 0, 8, 13,8, 0,34, 2,68, 6, 33, 101, 1,59, Off, Off, Off, Off, On, Off, On, Off, Off, Off, Off, Lean
093.078, 725, 1,14, 79, 0, 8, 13,8, 0,34, 2,71, 7, 33, 101, 1,64, Off, Off, Off, Off, On, Off, On, Off, Off, Off, Off, Lean
093.125, 712, 1,14, 79, 0, 8, 13,8, 0,34, 2,68, 5, 33, 101, 1,59, Off, Off, Off, Off, On, Off, On, Off, Off, Off, Off, Lean
093.203, 712, 1,13, 79, 0, 8, 13,8, 0,34, 2,7, 6, 33, 101, 1,6, Off, Off, Off, Off, On, Off, On, Off, Off, Off, Off, Lean
093.250, 712, 1,13, 79, 0, 8, 13,8, 0,34, 2,7, 4, 33, 101, 1,6, Off, Off, Off, Off, On, Off, On, Off, Off, Off, Off, Lean
093.296, 725, 1,14, 79, 0, 8, 13,7, 0,34, 2,69, 5, 33, 101, 1,63, Off, Off, Off, Off, On, Off, On, Off, Off, Off, Off, Lean
093.359, 725, 1,13, 79, 0, 8, 13,8, 0,34, 2,7, 5, 33, 101, 1,63, Off, Off, Off, Off, On, Off, On, Off, Off, Off, Off, Lean
093.421, 725, 1,14, 79, 0, 8, 13,7, 0,34, 2,7, 5, 33, 101, 1,63, Off, Off, Off, Off, On, Off, On, Off, Off, Off, Off, Lean
093.468, 725, 1,14, 79, 0, 8, 13,8, 0,34, 2,71, 7, 33, 101, 1,64, Off, Off, Off, Off, On, Off, On, Off, Off, Off, Off, Lean
093.531, 725, 1,14, 79, 0, 8, 13,8, 0,34, 2,73, 7, 33, 101, 1,65, Off, Off, Off, Off, On, Off, On, Off, Off, Off, Off, Lean
093.578, 712, 1,14, 79, 0, 8, 13,8, 0,34, 2,76, 7, 33, 101, 1,64, Off, Off, Off, Off, On, Off, On, Off, Off, Off, Off, Lean
093.625, 725, 1,14, 79, 0, 8, 13,7, 0,34, 2,74, 7, 33, 101, 1,66, Off, Off, Off, Off, On, Off, On, Off, Off, Off, Off, Lean
093.687, 688, 1,12, 79, 0, 8, 13,8, 0,34, 2,7, 7, 33, 101, 1,55, Off, Off, Off, Off, On, Off, On, Off, Off, Off, Off, Lean
093.734, 725, 1,14, 79, 0, 8, 13,8, 0,34, 2,72, 5, 33, 101, 1,64, Off, Off, Off, Off, On, Off, On, Off, Off, Off, Off, Lean
093.781, 712, 1,14, 79, 0, 8, 13,8, 0,34, 2,7, 5, 33, 101, 1,6, Off, Off, Off, Off, On, Off, On, Off, Off, Off, Off, Lean
093.859, 712, 1,14, 79, 0, 8, 13,8, 0,34, 2,75, 7, 33, 101, 1,63, Off, Off, Off, Off, On, Off, On, Off, Off, Off, Off, Lean
093.906, 712, 1,14, 79, 0, 8, 13,8, 0,34, 2,73, 6, 33, 101, 1,62, Off, Off, Off, Off, On, Off, On, Off, Off, Off, Off, Lean
093.953, 725, 1,14, 79, 0, 8, 13,8, 0,34, 2,72, 5, 33, 101, 1,64, Off, Off, Off, Off, On, Off, On, Off, Off, Off, Off, Lean
094.015, 712, 1,13, 79, 0, 8, 13,8, 0,34, 2,75, 7, 33, 101, 1,63, Off, Off, Off, Off, On, Off, On, Off, Off, Off, Off, Lean
094.062, 712, 1,14, 79, 0, 8, 13,8, 0,34, 2,77, 6, 33, 101, 1,64, Off, Off, Off, Off, On, Off, On, Off, Off, Off, Off, Lean
094.109, 725, 1,14, 79, 0, 8, 13,8, 0,34, 2,71, 5, 33, 101, 1,64, Off, Off, Off, Off, On, Off, On, Off, Off, Off, Off, Lean
094.171, 712, 1,13, 79, 0, 6, 13,8, 0,34, 2,71, 4, 33, 101, 1,61, Off, Off, Off, Off, On, Off, On, Off, Off, Off, Off, Lean
094.218, 688, 1,14, 79, 0, 6, 13,8, 0,34, 2,75, 7, 33, 101, 1,58, Off, Off, Off, Off, On, Off, On, Off, Off, Off, Off, Lean
094.281, 725, 1,14, 79, 0, 6, 13,6, 0,34, 2,75, 6, 33, 101, 1,66, Off, Off, Off, Off, On, Off, On, Off, Off, Off, Off, Lean
094.328, 688, 1,14, 79, 0, 6, 13,8, 0,34, 2,76, 7, 33, 101, 1,58, Off, Off, Off, Off, On, Off, On, Off, Off, Off, Off, Lean
094.375, 725, 1,14, 79, 0, 6, 13,8, 0,34, 2,74, 7, 33, 101, 1,66, Off, Off, Off, Off, On, Off, On, Off, Off, Off, Off, Lean
094.437, 725, 1,13, 79, 0, 6, 13,8, 0,34, 2,76, 7, 33, 101, 1,67, Off, Off, Off, Off, On, Off, On, Off, Off, Off, Off, Lean
094.484, 725, 1,14, 79, 0, 6, 13,8, 0,34, 2,73, 7, 33, 101, 1,65, Off, Off, Off, Off, On, Off, On, Off, Off, Off, Off, Lean
094.531, 688, 1,14, 79, 0, 6, 13,8, 0,34, 2,7, 7, 33, 101, 1,55, Off, Off, Off, Off, On, Off, On, Off, Off, Off, Off, Lean
094.609, 712, 1,14, 79, 0, 6, 13,8, 0,34, 2,77, 5, 33, 101, 1,64, Off, Off, Off, Off, On, Off, On, Off, Off, Off, Off, Lean
094.656, 688, 1,15, 79, 0, 6, 13,8, 0,34, 2,77, 7, 33, 101, 1,59, Off, Off, Off, Off, On, Off, On, Off, Off, Off, Off, Lean
094.703, 712, 1,15, 79, 0, 6, 13,8, 0,34, 2,73, 5, 33, 101, 1,62, Off, Off, Off, Off, On, Off, On, Off, Off, Off, Off, Lean
094.765, 712, 1,14, 79, 0, 6, 13,8, 0,34, 2,78, 7, 33, 101, 1,65, Off, Off, Off, Off, On, Off, On, Off, Off, Off, Off, Lean
094.812, 725, 1,14, 79, 0, 6, 13,8, 0,34, 2,79, 5, 33, 101, 1,69, Off, Off, Off, Off, On, Off, On, Off, Off, Off, Off, Lean
094.843, 688, 1,14, 79, 0, 6, 13,8, 0,34, 2,73, 5, 33, 101, 1,57, Off, Off, Off, Off, On, Off, On, Off, Off, Off, Off, Lean
094.921, 725, 1,14, 79, 0, 6, 13,8, 0,34, 2,77, 7, 33, 101, 1,67, Off, Off, Off, Off, On, Off, On, Off, Off, Off, Off, Lean
094.968, 688, 1,14, 79, 0, 6, 13,8, 0,34, 2,77, 6, 33, 101, 1,59, Off, Off, Off, Off, On, Off, On, Off, Off, Off, Off, Lean
095.015, 725, 1,13, 79, 0, 6, 13,8, 0,34, 2,79, 7, 33, 101, 1,69, Off, Off, Off, Off, On, Off, On, Off, Off, Off, Off, Lean
095.078, 688, 1,14, 79, 0, 6, 13,8, 0,34, 2,79, 7, 33, 101, 1,6, Off, Off, Off, Off, On, Off, On, Off, Off, Off, Off, Lean
095.125, 712, 1,14, 79, 0, 6, 13,8, 0,34, 2,76, 7, 33, 101, 1,64, Off, Off, Off, Off, On, Off, On, Off, Off, Off, Off, Lean
095.187, 688, 1,12, 79, 12, 6, 13,8, 0,34, 2,75, 6, 33, 101, 1,58, Off, Off, Off, Off, On, Off, On, Off, Off, Off, Off, Lean
095.234, 712, 1,14, 79, 35, 6, 13,8, 0,34, 2,77, 7, 33, 101, 1,64, Off, Off, Off, Off, On, Off, On, Off, Off, Off, Off, Lean
095.296, 712, 1,14, 79, 35, 6, 13,8, 0,34, 2,74, 7, 33, 101, 1,63, Off, Off, Off, Off, On, Off, On, Off, Off, Off, Off, Lean
095.359, 688, 1,13, 79, 47, 6, 13,8, 0,34, 2,76, 7, 33, 101, 1,58, Off, Off, Off, Off, On, Off, On, Off, Off, Off, Off, Lean
095.406, 712, 1,14, 79, 54, 6, 13,8, 0,34, 2,77, 5, 33, 101, 1,64, Off, Off, Off, Off, On, Off, On, Off, Off, Off, Off, Lean
095.453, 712, 1,14, 79, 54, 6, 13,8, 0,34, 2,73, 6, 33, 102, 1,62, Off, Off, Off, Off, On, Off, On, Off, Off, Off, Off, Rich
095.515, 725, 1,14, 79, 57, 6, 13,8, 0,34, 2,72, 5, 33, 102, 1,64, Off, Off, Off, Off, On, Off, On, Off, Off, Off, Off, Rich
095.562, 712, 1,14, 79, 59, 6, 13,8, 0,34, 2,7, 6, 33, 102, 1,6, Off, Off, Off, Off, On, Off, On, Off, Off, Off, Off, Rich
095.609, 725, 1,14, 79, 59, 8, 13,8, 0,36, 2,7, 7, 33, 102, 1,63, Off, Off, Off, Off, On, Off, On, Off, Off, Off, Off, Rich
095.671, 712, 1,14, 79, 59, 8, 13,6, 0,34, 2,74, 7, 33, 102, 1,63, Off, Off, Off, Off, On, Off, On, Off, Off, Off, Off, Rich
095.718, 712, 1,15, 79, 59, 8, 13,8, 0,34, 2,74, 7, 33, 102, 1,63, Off, Off, Off, Off, On, Off, On, Off, Off, Off, Off, Rich
095.765, 688, 1,14, 79, 59, 8, 13,8, 0,34, 2,73, 6, 33, 102, 1,57, Off, Off, Off, Off, On, Off, On, Off, Off, Off, Off, Rich
095.812, 688, 1,15, 79, 58, 8, 13,8, 0,34, 2,75, 7, 33, 102, 1,58, Off, Off, Off, Off, On, Off, On, Off, Off, Off, Off, Rich
095.859, 688, 1,14, 79, 58, 8, 13,8, 0,34, 2,71, 7, 33, 102, 1,55, Off, Off, Off, Off, On, Off, On, Off, Off, Off, Off, Rich
095.906, 712, 1,14, 79, 55, 8, 13,7, 0,34, 2,76, 10, 33, 102, 1,64, Off, Off, Off, Off, On, Off, On, Off, Off, Off, Off, Rich
095.984, 688, 1,14, 79, 55, 8, 13,7, 0,34, 2,73, 11, 33, 102, 1,57, Off, Off, Off, Off, On, Off, On, Off, Off, Off, Off, Rich
096.031, 712, 1,13, 79, 52, 8, 13,7, 0,34, 2,69, 8, 33, 102, 1,6, Off, Off, Off, Off, On, Off, On, Off, Off, Off, Off, Rich
096.078, 688, 1,14, 79, 51, 8, 13,8, 0,34, 2,74, 7, 33, 102, 1,57, Off, Off, Off, Off, On, Off, On, Off, Off, Off, Off, Rich
096.140, 675, 1,13, 79, 51, 8, 13,8, 0,34, 2,72, 7, 33, 102, 1,53, Off, Off, Off, Off, On, Off, On, Off, Off, Off, Off, Rich
096.187, 662, 1,13, 79, 49, 8, 13,8, 0,34, 2,79, 13, 33, 102, 1,54, Off, Off, Off, Off, On, Off, On, Off, Off, Off, Off, Rich
096.234, 688, 1,14, 79, 49, 8, 13,7, 0,34, 2,78, 12, 33, 102, 1,59, Off, Off, Off, Off, On, Off, On, Off, Off, Off, Off, Rich
096.281, 675, 1,13, 79, 49, 8, 13,8, 0,34, 2,79, 11, 33, 102, 1,57, Off, Off, Off, Off, On, Off, On, Off, Off, Off, Off, Rich
096.328, 675, 1,14, 79, 49, 6, 13,8, 0,34, 2,8, 11, 33, 102, 1,57, Off, Off, Off, Off, On, Off, On, Off, Off, Off, Off, Rich
096.375, 675, 1,14, 79, 49, 6, 13,8, 0,34, 2,81, 13, 33, 102, 1,58, Off, Off, Off, Off, On, Off, On, Off, Off, Off, Off, Rich
096.437, 675, 1,14, 79, 50, 6, 13,8, 0,34, 2,82, 13, 33, 102, 1,59, Off, Off, Off, Off, On, Off, On, Off, Off, Off, Off, Rich
096.500, 675, 1,14, 79, 50, 6, 13,6, 0,34, 2,82, 12, 33, 102, 1,59, Off, Off, Off, Off, On, Off, On, Off, Off, Off, Off, Rich
096.546, 650, 1,13, 79, 50, 6, 13,8, 0,34, 2,8, 13, 33, 102, 1,52, Off, Off, Off, Off, On, Off, On, Off, Off, Off, Off, Rich
096.593, 675, 1,14, 79, 54, 6, 13,8, 0,34, 2,83, 13, 33, 102, 1,59, Off, Off, Off, Off, On, Off, On, Off, Off, Off, Off, Rich
096.671, 675, 1,13, 79, 54, 6, 13,8, 0,34, 2,85, 13, 33, 102, 1,6, Off, Off, Off, Off, On, Off, On, Off, Off, Off, Off, Rich
096.718, 662, 1,12, 79, 57, 6, 13,8, 0,34, 2,85, 13, 33, 102, 1,57, Off, Off, Off, Off, On, Off, On, Off, Off, Off, Off, Rich
096.765, 675, 1,14, 79, 57, 6, 13,8, 0,34, 2,8, 13, 33, 102, 1,57, Off, Off, Off, Off, On, Off, On, Off, Off, Off, Off, Rich
096.828, 650, 1,13, 79, 61, 6, 13,8, 0,34, 2,84, 13, 33, 102, 1,54, Off, Off, Off, Off, On, Off, On, Off, Off, Off, Off, Rich
096.890, 675, 1,14, 79, 61, 6, 13,8, 0,34, 2,83, 11, 33, 102, 1,59, Off, Off, Off, Off, On, Off, On, Off, Off, Off, Off, Rich
096.937, 688, 1,14, 79, 63, 6, 13,7, 0,34, 2,84, 13, 33, 102, 1,63, Off, Off, Off, Off, On, Off, On, Off, Off, Off, Off, Rich
096.984, 662, 1,13, 79, 63, 6, 13,8, 0,34, 2,81, 12, 33, 102, 1,55, Off, Off, Off, Off, On, Off, On, Off, Off, Off, Off, Rich
097.046, 688, 1,14, 79, 63, 4, 13,7, 0,34, 2,82, 11, 33, 102, 1,62, Off, Off, Off, Off, On, Off, On, Off, Off, Off, Off, Rich
097.093, 662, 1,14, 79, 63, 4, 13,8, 0,34, 2,79, 11, 33, 102, 1,54, Off, Off, Off, Off, On, Off, On, Off, Off, Off, Off, Rich
097.140, 675, 1,14, 79, 63, 4, 13,8, 0,34, 2,85, 11, 33, 102, 1,6, Off, Off, Off, Off, On, Off, On, Off, Off, Off, Off, Rich
097.203, 688, 1,14, 79, 63, 4, 13,8, 0,34, 2,84, 11, 33, 102, 1,63, Off, Off, Off, Off, On, Off, On, Off, Off, Off, Off, Rich
097.250, 675, 1,12, 79, 63, 4, 13,8, 0,34, 2,78, 10, 33, 102, 1,56, Off, Off, Off, Off, On, Off, On, Off, Off, Off, Off, Rich
097.296, 688, 1,14, 79, 63, 4, 13,8, 0,34, 2,82, 11, 33, 102, 1,62, Off, Off, Off, Off, On, Off, On, Off, Off, Off, Off, Rich
097.375, 675, 1,14, 79, 63, 4, 13,8, 0,34, 2,78, 11, 33, 102, 1,56, Off, Off, Off, Off, On, Off, On, Off, Off, Off, Off, Rich
097.437, 688, 1,12, 79, 63, 4, 13,8, 0,34, 2,74, 9, 33, 102, 1,57, Off, Off, Off, Off, On, Off, On, Off, Off, Off, Off, Rich
097.484, 675, 1,14, 79, 63, 4, 13,8, 0,34, 2,76, 11, 33, 102, 1,55, Off, Off, Off, Off, On, Off, On, Off, Off, Off, Off, Rich
097.531, 688, 1,14, 79, 63, 4, 13,8, 0,34, 2,69, 9, 33, 102, 1,54, Off, Off, Off, Off, On, Off, On, Off, Off, Off, Off, Rich
097.593, 712, 1,14, 79, 61, 4, 13,8, 0,34, 2,74, 7, 33, 102, 1,63, Off, Off, Off, Off, On, Off, On, Off, Off, Off, Off, Rich
097.640, 688, 1,14, 79, 61, 4, 13,8, 0,34, 2,73, 6, 33, 102, 1,57, Off, Off, Off, Off, On, Off, On, Off, Off, Off, Off, Rich
097.687, 712, 1,14, 79, 61, 4, 13,8, 0,34, 2,71, 7, 33, 102, 1,61, Off, Off, Off, Off, On, Off, On, Off, Off, Off, Off, Rich
097.750, 688, 1,14, 79, 58, 6, 13,8, 0,34, 2,74, 6, 33, 102, 1,57, Off, Off, Off, Off, On, Off, On, Off, Off, Off, Off, Rich
097.796, 725, 1,14, 79, 55, 6, 13,7, 0,34, 2,7, 7, 33, 102, 1,63, Off, Off, Off, Off, On, Off, On, Off, Off, Off, Off, Rich
097.843, 688, 1,13, 79, 55, 6, 13,8, 0,34, 2,7, 7, 33, 102, 1,55, Off, Off, Off, Off, On, Off, On, Off, Off, Off, Off, Rich
097.906, 712, 1,14, 79, 51, 6, 13,8, 0,34, 2,71, 7, 33, 102, 1,61, Off, Off, Off, Off, On, Off, On, Off, Off, Off, Off, Rich
097.953, 688, 1,14, 79, 51, 6, 13,8, 0,34, 2,72, 7, 33, 102, 1,56, Off, Off, Off, Off, On, Off, On, Off, Off, Off, Off, Rich
098.000, 712, 1,14, 79, 50, 6, 13,8, 0,34, 2,7, 5, 33, 102, 1,6, Off, Off, Off, Off, On, Off, On, Off, Off, Off, Off, Rich
098.078, 688, 1,14, 79, 48, 6, 13,8, 0,34, 2,7, 7, 33, 102, 1,55, Off, Off, Off, Off, On, Off, On, Off, Off, Off, Off, Rich
098.125, 725, 1,14, 79, 48, 6, 13,8, 0,34, 2,65, 7, 33, 102, 1,6, Off, Off, Off, Off, On, Off, On, Off, Off, Off, Off, Rich
098.171, 688, 1,13, 79, 47, 6, 13,8, 0,34, 2,67, 5, 33, 102, 1,53, Off, Off, Off, Off, On, Off, On, Off, Off, Off, Off, Rich
098.234, 725, 1,14, 79, 43, 6, 13,8, 0,34, 2,69, 7, 33, 102, 1,63, Off, Off, Off, Off, On, Off, On, Off, Off, Off, Off, Rich
098.281, 712, 1,14, 79, 43, 6, 13,8, 0,34, 2,64, 6, 33, 102, 1,57, Off, Off, Off, Off, On, Off, On, Off, Off, Off, Off, Rich
098.328, 712, 1,14, 79, 36, 6, 13,9, 0,34, 2,68, 5, 33, 102, 1,59, Off, Off, Off, Off, On, Off, On, Off, Off, Off, Off, Rich
098.390, 712, 1,15, 79, 36, 6, 13,9, 0,34, 2,69, 6, 33, 103, 1,6, Off, Off, Off, Off, On, Off, On, Off, Off, Off, Off, Lean
098.437, 725, 1,14, 79, 24, 6, 13,9, 0,34, 2,74, 5, 33, 103, 1,66, Off, Off, Off, Off, On, Off, On, Off, Off, Off, Off, Lean
098.484, 712, 1,15, 79, 16, 6, 13,9, 0,34, 2,68, 4, 33, 103, 1,59, Off, Off, Off, Off, On, Off, On, Off, Off, Off, Off, Lean
098.531, 725, 1,14, 79, 16, 6, 13,9, 0,34, 2,66, 4, 33, 103, 1,61, Off, Off, Off, Off, On, Off, On, Off, Off, Off, Off, Lean
098.578, 712, 1,14, 79, 10, 6, 13,9, 0,34, 2,73, 5, 33, 103, 1,62, Off, Off, Off, Off, On, Off, On, Off, Off, Off, Off, Lean
098.640, 738, 1,15, 79, 10, 6, 13,8, 0,34, 2,66, 4, 33, 103, 1,64, Off, Off, Off, Off, On, Off, On, Off, Off, Off, Off, Lean
098.687, 725, 1,15, 79, 6, 6, 13,9, 0,34, 2,66, 4, 33, 103, 1,61, Off, Off, Off, Off, On, Off, On, Off, Off, Off, Off, Lean
098.734, 725, 1,14, 79, 4, 6, 13,8, 0,34, 2,72, 4, 33, 103, 1,64, Off, Off, Off, Off, On, Off, On, Off, Off, Off, Off, Lean
098.796, 725, 1,15, 79, 4, 6, 13,9, 0,34, 2,61, 3, 33, 103, 1,58, Off, Off, Off, Off, On, Off, On, Off, Off, Off, Off, Lean
098.843, 738, 1,14, 79, 2, 6, 13,9, 0,34, 2,7, 4, 33, 103, 1,66, Off, Off, Off, Off, On, Off, On, Off, Off, Off, Off, Lean
098.890, 738, 1,16, 79, 1, 6, 13,8, 0,34, 2,74, 3, 33, 103, 1,69, Off, Off, Off, Off, On, Off, On, Off, Off, Off, Off, Lean
098.937, 725, 1,14, 79, 1, 6, 13,8, 0,34, 2,62, 3, 33, 103, 1,58, Off, Off, Off, Off, On, Off, On, Off, Off, Off, Off, Lean
099.000, 725, 1,14, 79, 0, 6, 13,8, 0,34, 2,64, 3, 33, 103, 1,6, Off, Off, Off, Off, On, Off, On, Off, Off, Off, Off, Lean
099.046, 725, 1,15, 79, 0, 6, 13,8, 0,34, 2,7, 3, 33, 103, 1,63, Off, Off, Off, Off, On, Off, On, Off, Off, Off, Off, Lean
099.093, 738, 1,14, 79, 0, 6, 13,8, 0,34, 2,68, 3, 33, 103, 1,65, Off, Off, Off, Off, On, Off, On, Off, Off, Off, Off, Lean
099.156, 738, 1,14, 79, 0, 8, 13,8, 0,34, 2,71, 5, 33, 103, 1,67, Off, Off, Off, Off, On, Off, On, Off, Off, Off, Off, Lean
099.187, 725, 1,16, 79, 0, 8, 13,8, 0,34, 2,71, 4, 33, 103, 1,64, Off, Off, Off, Off, On, Off, On, Off, Off, Off, Off, Lean
099.265, 738, 1,14, 79, 0, 8, 13,9, 0,34, 2,71, 3, 33, 103, 1,67, Off, Off, Off, Off, On, Off, On, Off, Off, Off, Off, Lean
099.312, 725, 1,14, 79, 0, 8, 13,8, 0,34, 2,73, 5, 33, 103, 1,65, Off, Off, Off, Off, On, Off, On, Off, Off, Off, Off, Lean
099.375, 725, 1,16, 79, 0, 8, 13,8, 0,34, 2,67, 3, 33, 103, 1,61, Off, Off, Off, Off, On, Off, On, Off, Off, Off, Off, Lean
099.421, 725, 1,16, 79, 0, 8, 13,9, 0,34, 2,68, 3, 33, 103, 1,62, Off, Off, Off, Off, On, Off, On, Off, Off, Off, Off, Lean
099.484, 725, 1,14, 79, 0, 8, 13,8, 0,34, 2,73, 4, 33, 103, 1,65, Off, Off, Off, Off, On, Off, On, Off, Off, Off, Off, Lean
099.531, 738, 1,16, 79, 0, 8, 13,8, 0,34, 2,74, 3, 33, 103, 1,69, Off, Off, Off, Off, On, Off, On, Off, Off, Off, Off, Lean
099.578, 725, 1,15, 79, 0, 8, 13,8, 0,36, 2,73, 5, 33, 103, 1,65, Off, Off, Off, Off, On, Off, On, Off, Off, Off, Off, Lean
099.640, 738, 1,18, 79, 0, 8, 13,8, 0,36, 2,78, 3, 33, 103, 1,71, Off, Off, Off, Off, On, Off, On, Off, Off, Off, Off, Lean
099.687, 738, 1,19, 79, 0, 8, 13,8, 0,36, 2,75, 3, 33, 103, 1,69, Off, Off, Off, Off, On, Off, On, Off, Off, Off, Off, Lean
099.734, 762, 1,19, 79, 0, 8, 13,8, 0,36, 2,8, 5, 33, 103, 1,78, Off, Off, Off, Off, On, Off, On, Off, Off, Off, Off, Lean
099.796, 725, 1,21, 79, 0, 8, 13,9, 0,36, 2,83, 4, 33, 103, 1,71, Off, Off, Off, Off, On, Off, On, Off, Off, Off, Off, Lean
099.843, 738, 1,22, 79, 0, 6, 13,8, 0,36, 2,89, 3, 33, 103, 1,78, Off, Off, Off, Off, On, Off, On, Off, Off, Off, Off, Lean
099.906, 762, 1,2, 79, 0, 6, 13,8, 0,36, 2,88, 3, 33, 103, 1,83, Off, Off, Off, Off, On, Off, On, Off, Off, Off, Off, Lean
099.953, 738, 1,21, 79, 0, 6, 13,9, 0,36, 2,92, 3, 33, 103, 1,8, Off, Off, Off, Off, On, Off, On, Off, Off, Off, Off, Lean
100.015, 762, 1,23, 79, 0, 6, 13,8, 0,36, 2,94, 3, 33, 103, 1,87, Off, Off, Off, Off, On, Off, On, Off, Off, Off, Off, Lean
100.062, 775, 1,22, 79, 0, 6, 13,8, 0,36, 2,92, 3, 33, 103, 1,89, Off, Off, Off, Off, On, Off, On, Off, Off, Off, Off, Lean
100.109, 762, 1,21, 79, 0, 6, 13,8, 0,36, 2,91, 3, 33, 103, 1,85, Off, Off, Off, Off, On, Off, On, Off, Off, Off, Off, Lean
100.187, 812, 1,22, 79, 0, 6, 13,8, 0,36, 2,85, 3, 33, 103, 1,93, Off, Off, Off, Off, On, Off, On, Off, Off, Off, Off, Lean
100.234, 788, 1,22, 79, 0, 6, 13,8, 0,36, 2,88, 3, 33, 103, 1,89, Off, Off, Off, Off, On, Off, On, Off, Off, Off, Off, Lean
100.281, 775, 1,22, 79, 15, 6, 13,8, 0,38, 2,93, 3, 33, 103, 1,89, Off, Off, Off, Off, On, Off, On, Off, Off, Off, Off, Lean
100.343, 788, 1,25, 79, 39, 6, 13,8, 0,38, 2,96, 3, 33, 103, 1,94, Off, Off, Off, Off, On, Off, On, Off, Off, Off, Off, Lean
100.390, 788, 1,26, 79, 39, 6, 13,8, 0,38, 2,98, 3, 33, 103, 1,96, Off, Off, Off, Off, On, Off, On, Off, Off, Off, Off, Lean
100.453, 788, 1,25, 79, 52, 6, 13,8, 0,38, 2,9, 3, 33, 102, 1,9, Off, Off, Off, Off, On, Off, On, Off, Off, Off, Off, Rich
100.500, 788, 1,25, 79, 57, 6, 13,8, 0,38, 2,94, 3, 33, 102, 1,93, Off, Off, Off, Off, On, Off, On, Off, Off, Off, Off, Rich
100.546, 825, 1,25, 79, 60, 8, 13,8, 0,38, 2,94, 3, 33, 102, 2,02, Off, Off, Off, Off, On, Off, On, Off, Off, Off, Off, Rich
100.609, 825, 1,26, 79, 60, 8, 13,8, 0,38, 2,86, 3, 33, 102, 1,97, Off, Off, Off, Off, On, Off, On, Off, Off, Off, Off, Rich
100.656, 838, 1,25, 79, 62, 8, 13,9, 0,38, 2,88, 3, 33, 102, 2,01, Off, Off, Off, Off, On, Off, On, Off, Off, Off, Off, Rich
100.703, 838, 1,25, 79, 63, 8, 13,8, 0,38, 2,9, 3, 33, 102, 2,03, Off, Off, Off, Off, On, Off, On, Off, Off, Off, Off, Rich
100.750, 838, 1,26, 79, 64, 8, 13,9, 0,38, 2,89, 3, 33, 102, 2,02, Off, Off, Off, Off, On, Off, On, Off, Off, Off, Off, Rich
100.812, 838, 1,26, 79, 64, 8, 13,8, 0,38, 2,89, 3, 33, 102, 2,02, Off, Off, Off, Off, On, Off, On, Off, Off, Off, Off, Rich
100.859, 875, 1,25, 79, 64, 8, 13,8, 0,38, 2,73, 3, 33, 102, 1,99, Off, Off, Off, Off, On, Off, On, Off, Off, Off, Off, Rich
100.937, 862, 1,25, 79, 64, 8, 13,8, 0,38, 2,77, 3, 33, 102, 1,99, Off, Off, Off, Off, On, Off, On, Off, Off, Off, Off, Rich
100.984, 862, 1,26, 79, 64, 8, 13,8, 0,38, 2,75, 3, 33, 102, 1,98, Off, Off, Off, Off, On, Off, On, Off, Off, Off, Off, Rich
101.031, 838, 1,26, 79, 64, 8, 13,8, 0,38, 2,73, 3, 33, 102, 1,91, Off, Off, Off, Off, On, Off, On, Off, Off, Off, Off, Rich
101.093, 838, 1,26, 79, 63, 8, 13,8, 0,38, 2,77, 3, 33, 102, 1,93, Off, Off, Off, Off, On, Off, On, Off, Off, Off, Off, Rich
101.140, 838, 1,25, 79, 62, 8, 13,9, 0,38, 2,77, 3, 33, 102, 1,93, Off, Off, Off, Off, On, Off, On, Off, Off, Off, Off, Rich
101.203, 838, 1,25, 79, 58, 8, 13,8, 0,38, 2,76, 3, 33, 102, 1,93, Off, Off, Off, Off, On, Off, On, Off, Off, Off, Off, Rich
101.250, 862, 1,26, 79, 55, 8, 13,8, 0,38, 2,78, 3, 33, 102, 2, Off, Off, Off, Off, On, Off, On, Off, Off, Off, Off, Rich
101.312, 862, 1,26, 79, 55, 8, 13,8, 0,38, 2,73, 3, 33, 102, 1,96, Off, Off, Off, Off, On, Off, On, Off, Off, Off, Off, Rich
101.359, 862, 1,25, 79, 52, 8, 13,8, 0,38, 2,71, 3, 33, 102, 1,95, Off, Off, Off, Off, On, Off, On, Off, Off, Off, Off, Rich
101.406, 862, 1,23, 79, 45, 8, 13,8, 0,38, 2,7, 3, 33, 102, 1,94, Off, Off, Off, Off, On, Off, On, Off, Off, Off, Off, Rich
101.468, 838, 1,24, 79, 30, 8, 13,8, 0,38, 2,65, 3, 33, 102, 1,85, Off, Off, Off, Off, On, Off, On, Off, Off, Off, Off, Rich
101.515, 825, 1,24, 79, 17, 8, 13,8, 0,38, 2,71, 3, 33, 103, 1,86, Off, Off, Off, Off, On, Off, On, Off, Off, Off, Off, Lean
101.593, 838, 1,23, 79, 17, 8, 13,9, 0,38, 2,73, 3, 33, 103, 1,91, Off, Off, Off, Off, On, Off, On, Off, Off, Off, Off, Lean
101.640, 862, 1,23, 79, 10, 8, 13,8, 0,38, 2,72, 3, 33, 103, 1,95, Off, Off, Off, Off, On, Off, On, Off, Off, Off, Off, Lean
101.703, 838, 1,23, 79, 6, 8, 13,8, 0,38, 2,71, 3, 33, 103, 1,89, Off, Off, Off, Off, On, Off, On, Off, Off, Off, Off, Lean
101.750, 838, 1,22, 79, 4, 8, 13,8, 0,34, 2,77, 3, 33, 103, 1,93, Off, Off, Off, Off, On, Off, On, Off, Off, Off, Off, Lean
101.796, 825, 1,18, 79, 4, 8, 13,9, 0,34, 2,6, 3, 33, 103, 1,79, Off, Off, Off, Off, On, Off, On, Off, Off, Off, Off, Lean
101.859, 825, 1,16, 79, 2, 8, 13,8, 0,34, 2,5, 3, 33, 103, 1,72, Off, Off, Off, Off, On, Off, On, Off, Off, Off, Off, Lean
101.906, 812, 1,16, 79, 1, 8, 13,8, 0,34, 2,49, 3, 33, 103, 1,68, Off, Off, Off, Off, On, Off, On, Off, Off, Off, Off, Lean
101.953, 825, 1,16, 79, 0, 8, 13,8, 0,34, 2,48, 3, 33, 103, 1,71, Off, Off, Off, Off, On, Off, On, Off, Off, Off, Off, Lean
102.015, 812, 1,16, 79, 0, 8, 13,7, 0,34, 2,54, 3, 33, 103, 1,72, Off, Off, Off, Off, On, Off, On, Off, Off, Off, Off, Lean
102.062, 775, 1,15, 79, 0, 8, 13,9, 0,34, 2,61, 3, 33, 103, 1,69, Off, Off, Off, Off, On, Off, On, Off, Off, Off, Off, Lean
102.109, 775, 1,16, 79, 0, 8, 13,8, 0,34, 2,62, 3, 33, 103, 1,69, Off, Off, Off, Off, On, Off, On, Off, Off, Off, Off, Lean
102.171, 762, 1,16, 79, 0, 8, 13,8, 0,34, 2,62, 3, 33, 103, 1,66, Off, Off, Off, Off, On, Off, On, Off, Off, Off, Off, Lean
102.218, 762, 1,15, 79, 0, 8, 13,8, 0,34, 2,62, 3, 33, 103, 1,66, Off, Off, Off, Off, On, Off, On, Off, Off, Off, Off, Lean
102.281, 762, 1,15, 79, 0, 8, 13,8, 0,34, 2,59, 3, 33, 103, 1,64, Off, Off, Off, Off, On, Off, On, Off, Off, Off, Off, Lean
102.328, 762, 1,16, 79, 0, 8, 13,8, 0,34, 2,57, 3, 33, 103, 1,63, Off, Off, Off, Off, On, Off, On, Off, Off, Off, Off, Lean
102.406, 762, 1,14, 79, 0, 8, 13,8, 0,34, 2,55, 3, 33, 103, 1,62, Off, Off, Off, Off, On, Off, On, Off, Off, Off, Off, Lean
102.453, 762, 1,14, 79, 0, 8, 13,8, 0,34, 2,61, 3, 33, 103, 1,66, Off, Off, Off, Off, On, Off, On, Off, Off, Off, Off, Lean
102.500, 762, 1,16, 79, 0, 8, 13,8, 0,34, 2,62, 3, 33, 103, 1,66, Off, Off, Off, Off, On, Off, On, Off, Off, Off, Off, Lean
102.562, 762, 1,15, 79, 0, 8, 13,8, 0,34, 2,6, 3, 33, 103, 1,65, Off, Off, Off, Off, On, Off, On, Off, Off, Off, Off, Lean
102.609, 738, 1,15, 79, 0, 8, 13,8, 0,34, 2,63, 3, 33, 103, 1,62, Off, Off, Off, Off, On, Off, On, Off, Off, Off, Off, Lean
102.656, 738, 1,16, 79, 0, 10, 13,8, 0,34, 2,63, 3, 33, 103, 1,62, Off, Off, Off, Off, On, Off, On, Off, Off, Off, Off, Lean
102.718, 762, 1,14, 79, 0, 10, 13,8, 0,34, 2,66, 3, 33, 103, 1,69, Off, Off, Off, Off, On, Off, On, Off, Off, Off, Off, Lean
102.765, 738, 1,14, 79, 0, 10, 13,9, 0,34, 2,73, 3, 33, 103, 1,68, Off, Off, Off, Off, On, Off, On, Off, Off, Off, Off, Lean
102.812, 762, 1,16, 79, 0, 10, 13,8, 0,34, 2,71, 3, 33, 103, 1,72, Off, Off, Off, Off, On, Off, On, Off, Off, Off, Off, Lean
102.875, 738, 1,16, 79, 0, 10, 13,9, 0,34, 2,64, 3, 33, 103, 1,62, Off, Off, Off, Off, On, Off, On, Off, Off, Off, Off, Lean
102.921, 738, 1,15, 79, 0, 10, 13,8, 0,34, 2,68, 3, 33, 103, 1,65, Off, Off, Off, Off, On, Off, On, Off, Off, Off, Off, Lean
102.968, 738, 1,16, 79, 0, 10, 13,9, 0,34, 2,7, 3, 33, 103, 1,66, Off, Off, Off, Off, On, Off, On, Off, Off, Off, Off, Lean
103.046, 725, 1,15, 79, 0, 10, 13,8, 0,34, 2,66, 3, 33, 103, 1,61, Off, Off, Off, Off, On, Off, On, Off, Off, Off, Off, Lean
103.093, 762, 1,14, 79, 0, 10, 13,5, 0,34, 2,7, 3, 33, 103, 1,71, Off, Off, Off, Off, On, Off, On, Off, Off, Off, Off, Lean
103.140, 725, 1,15, 79, 0, 10, 13,6, 0,34, 2,71, 3, 33, 103, 1,64, Off, Off, Off, Off, On, Off, On, Off, Off, Off, Off, Lean
103.203, 725, 1,14, 79, 0, 10, 13,7, 0,34, 2,64, 3, 33, 103, 1,6, Off, Off, Off, Off, On, Off, On, Off, Off, Off, Off, Lean
103.250, 738, 1,14, 79, 0, 10, 13,8, 0,34, 2,69, 3, 33, 103, 1,65, Off, Off, Off, Off, On, Off, On, Off, Off, Off, Off, Lean
103.296, 738, 1,15, 79, 0, 10, 13,8, 0,34, 2,69, 3, 33, 103, 1,65, Off, Off, Off, Off, On, Off, On, Off, Off, Off, Off, Lean
103.359, 762, 1,14, 79, 0, 10, 13,8, 0,34, 2,66, 3, 33, 103, 1,69, Off, Off, Off, Off, On, Off, On, Off, Off, Off, Off, Lean
103.406, 725, 1,14, 79, 18, 10, 13,8, 0,34, 2,7, 3, 33, 103, 1,63, Off, Off, Off, Off, On, Off, On, Off, Off, Off, Off, Lean
103.468, 738, 1,16, 79, 37, 10, 13,8, 0,34, 2,72, 3, 33, 103, 1,67, Off, Off, Off, Off, On, Off, On, Off, Off, Off, Off, Lean
103.500, 762, 1,15, 79, 37, 10, 13,8, 0,34, 2,67, 3, 33, 103, 1,7, Off, Off, Off, Off, On, Off, On, Off, Off, Off, Off, Lean
103.562, 762, 1,14, 79, 47, 10, 13,8, 0,34, 2,7, 3, 33, 103, 1,71, Off, Off, Off, Off, On, Off, On, Off, Off, Off, Off, Lean
103.625, 738, 1,16, 79, 50, 10, 13,8, 0,34, 2,73, 3, 33, 103, 1,68, Off, Off, Off, Off, On, Off, On, Off, Off, Off, Off, Lean
103.671, 738, 1,15, 79, 50, 10, 13,8, 0,34, 2,7, 3, 33, 103, 1,66, Off, Off, Off, Off, On, Off, On, Off, Off, Off, Off, Rich
103.734, 738, 1,14, 79, 53, 10, 13,8, 0,34, 2,67, 5, 33, 103, 1,64, Off, Off, Off, Off, On, Off, On, Off, Off, Off, Off, Rich
103.796, 738, 1,15, 79, 52, 10, 13,8, 0,34, 2,67, 3, 33, 103, 1,64, Off, Off, Off, Off, On, Off, On, Off, Off, Off, Off, Rich
103.843, 738, 1,15, 79, 53, 10, 13,8, 0,34, 2,7, 3, 33, 103, 1,66, Off, Off, Off, Off, On, Off, On, Off, Off, Off, Off, Rich
103.906, 738, 1,14, 79, 53, 10, 13,6, 0,34, 2,71, 3, 33, 103, 1,67, Off, Off, Off, Off, On, Off, On, Off, Off, Off, Off, Rich
103.953, 725, 1,14, 79, 50, 10, 13,8, 0,34, 2,71, 3, 33, 103, 1,64, Off, Off, Off, Off, On, Off, On, Off, Off, Off, Off, Rich
104.015, 738, 1,16, 79, 50, 10, 13,8, 0,34, 2,72, 5, 33, 103, 1,67, Off, Off, Off, Off, On, Off, On, Off, Off, Off, Off, Rich
104.062, 725, 1,14, 79, 50, 10, 13,8, 0,34, 2,68, 3, 33, 103, 1,62, Off, Off, Off, Off, On, Off, On, Off, Off, Off, Off, Rich
104.109, 738, 1,14, 79, 49, 10, 13,8, 0,34, 2,72, 5, 33, 103, 1,67, Off, Off, Off, Off, On, Off, On, Off, Off, Off, Off, Rich
104.171, 725, 1,15, 79, 49, 10, 13,8, 0,34, 2,68, 3, 33, 103, 1,62, Off, Off, Off, Off, On, Off, On, Off, Off, Off, Off, Rich
104.218, 738, 1,14, 79, 48, 10, 13,8, 0,34, 2,67, 5, 33, 103, 1,64, Off, Off, Off, Off, On, Off, On, Off, Off, Off, Off, Rich
104.281, 712, 1,15, 79, 45, 10, 13,8, 0,34, 2,72, 5, 33, 103, 1,61, Off, Off, Off, Off, On, Off, On, Off, Off, Off, Off, Rich
104.328, 725, 1,15, 79, 41, 10, 13,8, 0,34, 2,73, 5, 33, 103, 1,65, Off, Off, Off, Off, On, Off, On, Off, Off, Off, Off, Rich
104.375, 712, 1,14, 79, 41, 10, 13,8, 0,34, 2,72, 5, 33, 104, 1,61, Off, Off, Off, Off, On, Off, On, Off, Off, Off, Off, Lean
104.453, 712, 1,14, 79, 31, 10, 13,8, 0,34, 2,77, 5, 33, 104, 1,64, Off, Off, Off, Off, On, Off, On, Off, Off, Off, Off, Lean
104.500, 725, 1,15, 79, 31, 10, 13,8, 0,34, 2,71, 4, 33, 104, 1,64, Off, Off, Off, Off, On, Off, On, Off, Off, Off, Off, Lean
104.546, 725, 1,14, 79, 21, 10, 13,7, 0,34, 2,78, 5, 33, 104, 1,68, Off, Off, Off, Off, On, Off, On, Off, Off, Off, Off, Lean
104.609, 725, 1,15, 79, 14, 10, 13,8, 0,34, 2,8, 7, 33, 104, 1,69, Off, Off, Off, Off, On, Off, On, Off, Off, Off, Off, Lean
104.656, 725, 1,16, 79, 14, 10, 13,8, 0,34, 2,74, 5, 33, 104, 1,66, Off, Off, Off, Off, On, Off, On, Off, Off, Off, Off, Lean
104.687, 712, 1,14, 79, 10, 10, 13,8, 0,34, 2,79, 7, 33, 104, 1,66, Off, Off, Off, Off, On, Off, On, Off, Off, Off, Off, Lean
104.765, 712, 1,15, 79, 7, 10, 13,7, 0,34, 2,79, 5, 33, 104, 1,66, Off, Off, Off, Off, On, Off, On, Off, Off, Off, Off, Lean
104.812, 688, 1,15, 79, 7, 8, 13,8, 0,34, 2,76, 7, 33, 104, 1,58, Off, Off, Off, Off, On, Off, On, Off, Off, Off, Off, Lean
104.875, 725, 1,14, 79, 6, 8, 13,8, 0,34, 2,8, 6, 33, 104, 1,69, Off, Off, Off, Off, On, Off, On, Off, Off, Off, Off, Lean
104.921, 688, 1,15, 79, 6, 8, 13,8, 0,34, 2,8, 7, 33, 104, 1,61, Off, Off, Off, Off, On, Off, On, Off, Off, Off, Off, Lean
104.968, 725, 1,14, 79, 6, 8, 13,8, 0,34, 2,78, 7, 33, 104, 1,68, Off, Off, Off, Off, On, Off, On, Off, Off, Off, Off, Lean
105.031, 688, 1,15, 79, 11, 8, 13,8, 0,34, 2,81, 7, 33, 104, 1,61, Off, Off, Off, Off, On, Off, On, Off, Off, Off, Off, Lean
105.078, 725, 1,15, 79, 31, 8, 13,8, 0,34, 2,82, 7, 33, 104, 1,7, Off, Off, Off, Off, On, Off, On, Off, Off, Off, Off, Lean
105.140, 712, 1,14, 79, 31, 8, 13,8, 0,34, 2,8, 6, 33, 104, 1,66, Off, Off, Off, Off, On, Off, On, Off, Off, Off, Off, Lean
105.203, 712, 1,14, 79, 49, 8, 13,8, 0,34, 2,82, 7, 33, 104, 1,67, Off, Off, Off, Off, On, Off, On, Off, Off, Off, Off, Rich
105.250, 712, 1,15, 79, 49, 8, 13,8, 0,34, 2,77, 7, 33, 104, 1,64, Off, Off, Off, Off, On, Off, On, Off, Off, Off, Off, Rich
105.296, 688, 1,14, 79, 57, 8, 13,8, 0,34, 2,79, 7, 33, 104, 1,6, Off, Off, Off, Off, On, Off, On, Off, Off, Off, Off, Rich
105.359, 688, 1,15, 79, 61, 8, 13,8, 0,34, 2,78, 10, 33, 104, 1,59, Off, Off, Off, Off, On, Off, On, Off, Off, Off, Off, Rich
105.406, 688, 1,15, 79, 61, 8, 13,8, 0,34, 2,82, 11, 33, 104, 1,62, Off, Off, Off, Off, On, Off, On, Off, Off, Off, Off, Rich
105.453, 675, 1,14, 79, 62, 8, 13,8, 0,34, 2,84, 11, 33, 104, 1,6, Off, Off, Off, Off, On, Off, On, Off, Off, Off, Off, Rich
105.515, 688, 1,15, 79, 62, 8, 13,5, 0,34, 2,81, 11, 33, 104, 1,61, Off, Off, Off, Off, On, Off, On, Off, Off, Off, Off, Rich
105.562, 688, 1,14, 79, 64, 8, 13,7, 0,34, 2,84, 11, 33, 104, 1,63, Off, Off, Off, Off, On, Off, On, Off, Off, Off, Off, Rich
105.609, 650, 1,14, 79, 64, 8, 13,8, 0,34, 2,87, 13, 33, 104, 1,55, Off, Off, Off, Off, On, Off, On, Off, Off, Off, Off, Rich
105.656, 662, 1,14, 79, 64, 8, 13,8, 0,34, 2,87, 13, 33, 104, 1,58, Off, Off, Off, Off, On, Off, On, Off, Off, Off, Off, Rich
105.703, 662, 1,14, 79, 65, 8, 13,8, 0,34, 2,88, 13, 33, 104, 1,59, Off, Off, Off, Off, On, Off, On, Off, Off, Off, Off, Rich
105.765, 662, 1,15, 79, 65, 8, 13,8, 0,34, 2,87, 13, 33, 104, 1,58, Off, Off, Off, Off, On, Off, On, Off, Off, Off, Off, Rich
105.828, 662, 1,14, 79, 65, 8, 13,7, 0,34, 2,91, 13, 33, 104, 1,61, Off, Off, Off, Off, On, Off, On, Off, Off, Off, Off, Rich
105.875, 625, 1,15, 79, 66, 8, 13,7, 0,34, 2,91, 13, 33, 104, 1,52, Off, Off, Off, Off, On, Off, On, Off, Off, Off, Off, Rich
105.937, 650, 1,14, 79, 66, 8, 13,8, 0,34, 2,92, 13, 33, 104, 1,58, Off, Off, Off, Off, On, Off, On, Off, Off, Off, Off, Rich
105.984, 662, 1,14, 79, 66, 8, 13,7, 0,34, 2,93, 13, 33, 104, 1,62, Off, Off, Off, Off, On, Off, On, Off, Off, Off, Off, Rich
106.031, 612, 1,14, 79, 66, 8, 13,8, 0,34, 2,93, 13, 33, 104, 1,49, Off, Off, Off, Off, On, Off, On, Off, Off, Off, Off, Rich
106.093, 612, 1,15, 79, 67, 8, 13,8, 0,34, 2,94, 13, 33, 104, 1,5, Off, Off, Off, Off, On, Off, On, Off, Off, Off, Off, Rich
106.140, 650, 1,15, 79, 67, 8, 13,7, 0,34, 2,99, 13, 33, 104, 1,62, Off, Off, Off, Off, On, Off, On, Off, Off, Off, Off, Rich
106.203, 612, 1,13, 79, 67, 4, 13,8, 0,34, 3, 13, 33, 104, 1,53, Off, Off, Off, Off, On, Off, On, Off, Off, Off, Off, Rich
106.250, 612, 1,15, 79, 67, 4, 13,8, 0,34, 3,02, 13, 33, 104, 1,54, Off, Off, Off, Off, On, Off, On, Off, Off, Off, Off, Rich
106.296, 625, 1,14, 79, 67, 4, 13,8, 0,34, 2,99, 13, 33, 104, 1,56, Off, Off, Off, Off, On, Off, On, Off, Off, Off, Off, Rich
106.343, 612, 1,14, 79, 67, 4, 13,8, 0,34, 3,03, 13, 33, 104, 1,55, Off, Off, Off, Off, On, Off, On, Off, Off, Off, Off, Rich
106.390, 612, 1,14, 79, 67, 4, 13,7, 0,34, 2,96, 13, 33, 104, 1,51, Off, Off, Off, Off, On, Off, On, Off, Off, Off, Off, Rich
106.437, 612, 1,14, 79, 67, 4, 13,8, 0,34, 3,02, 13, 33, 104, 1,54, Off, Off, Off, Off, On, Off, On, Off, Off, Off, Off, Rich
106.484, 650, 1,14, 79, 67, 4, 13,5, 0,34, 3,01, 13, 33, 104, 1,63, Off, Off, Off, Off, On, Off, On, Off, Off, Off, Off, Rich
106.562, 612, 1,14, 79, 67, 4, 13,8, 0,34, 3,05, 13, 33, 104, 1,56, Off, Off, Off, Off, On, Off, On, Off, Off, Off, Off, Rich
106.625, 625, 1,14, 79, 67, 4, 13,8, 0,34, 3,02, 13, 33, 104, 1,57, Off, Off, Off, Off, On, Off, On, Off, Off, Off, Off, Rich
106.656, 650, 1,14, 79, 68, 4, 13,8, 0,34, 3,02, 13, 33, 104, 1,64, Off, Off, Off, Off, On, Off, On, Off, Off, Off, Off, Rich
106.718, 650, 1,14, 79, 68, 4, 13,7, 0,34, 3,03, 13, 33, 104, 1,64, Off, Off, Off, Off, On, Off, On, Off, Off, Off, Off, Rich
106.781, 650, 1,13, 79, 68, 4, 13,8, 0,34, 2,99, 13, 33, 104, 1,62, Off, Off, Off, Off, On, Off, On, Off, Off, Off, Off, Rich
106.828, 650, 1,14, 79, 68, 4, 13,8, 0,34, 3,02, 13, 33, 104, 1,64, Off, Off, Off, Off, On, Off, On, Off, Off, Off, Off, Rich
106.875, 650, 1,14, 79, 68, 4, 13,8, 0,34, 2,99, 13, 33, 104, 1,62, Off, Off, Off, Off, On, Off, On, Off, Off, Off, Off, Rich
106.921, 650, 1,14, 79, 68, 2, 13,8, 0,34, 2,99, 13, 33, 104, 1,62, Off, Off, Off, Off, On, Off, On, Off, Off, Off, Off, Rich
106.968, 650, 1,14, 79, 68, 2, 13,8, 0,34, 2,95, 13, 33, 104, 1,6, Off, Off, Off, Off, On, Off, On, Off, Off, Off, Off, Rich
107.015, 662, 1,14, 79, 68, 2, 13,8, 0,34, 2,98, 13, 33, 104, 1,64, Off, Off, Off, Off, On, Off, On, Off, Off, Off, Off, Rich
107.078, 662, 1,14, 79, 68, 2, 13,8, 0,34, 2,94, 13, 33, 104, 1,62, Off, Off, Off, Off, On, Off, On, Off, Off, Off, Off, Rich
107.125, 662, 1,13, 79, 68, 2, 13,8, 0,34, 2,95, 13, 33, 104, 1,63, Off, Off, Off, Off, On, Off, On, Off, Off, Off, Off, Rich
107.171, 662, 1,14, 79, 68, 2, 13,8, 0,34, 2,91, 13, 33, 104, 1,61, Off, Off, Off, Off, On, Off, On, Off, Off, Off, Off, Rich
107.234, 662, 1,14, 79, 68, 2, 13,8, 0,34, 2,97, 13, 33, 104, 1,64, Off, Off, Off, Off, On, Off, On, Off, Off, Off, Off, Rich
107.281, 675, 1,14, 79, 67, 2, 13,8, 0,34, 2,95, 13, 33, 104, 1,66, Off, Off, Off, Off, On, Off, On, Off, Off, Off, Off, Rich
107.328, 662, 1,14, 79, 67, 2, 13,8, 0,34, 2,91, 13, 33, 104, 1,61, Off, Off, Off, Off, On, Off, On, Off, Off, Off, Off, Rich
107.390, 675, 1,14, 79, 68, 2, 13,8, 0,34, 2,95, 13, 33, 104, 1,66, Off, Off, Off, Off, On, Off, On, Off, Off, Off, Off, Rich
107.437, 675, 1,15, 79, 68, 2, 13,6, 0,34, 2,91, 13, 33, 104, 1,64, Off, Off, Off, Off, On, Off, On, Off, Off, Off, Off, Rich
107.500, 662, 1,13, 79, 67, 2, 13,8, 0,34, 2,89, 13, 33, 104, 1,59, Off, Off, Off, Off, On, Off, On, Off, Off, Off, Off, Rich
107.546, 662, 1,14, 79, 67, 2, 13,8, 0,34, 2,9, 13, 33, 104, 1,6, Off, Off, Off, Off, On, Off, On, Off, Off, Off, Off, Rich
107.593, 675, 1,14, 79, 67, 0, 13,8, 0,34, 2,89, 13, 33, 104, 1,63, Off, Off, Off, Off, On, Off, On, Off, Off, Off, Off, Rich
107.656, 662, 1,14, 79, 67, 0, 13,8, 0,34, 2,94, 13, 33, 104, 1,62, Off, Off, Off, Off, On, Off, On, Off, Off, Off, Off, Rich
107.703, 675, 1,15, 79, 67, 0, 13,8, 0,34, 2,87, 13, 33, 104, 1,61, Off, Off, Off, Off, On, Off, On, Off, Off, Off, Off, Rich
107.750, 662, 1,14, 79, 67, 0, 13,8, 0,34, 2,93, 13, 33, 104, 1,62, Off, Off, Off, Off, On, Off, On, Off, Off, Off, Off, Rich
107.796, 662, 1,15, 79, 67, 0, 13,8, 0,34, 2,91, 13, 33, 104, 1,61, Off, Off, Off, Off, On, Off, On, Off, Off, Off, Off, Rich
107.828, 662, 1,13, 79, 66, 0, 13,8, 0,34, 2,91, 13, 33, 104, 1,61, Off, Off, Off, Off, On, Off, On, Off, Off, Off, Off, Rich
107.890, 662, 1,14, 79, 66, 0, 13,8, 0,34, 2,93, 13, 33, 104, 1,62, Off, Off, Off, Off, On, Off, On, Off, Off, Off, Off, Rich
107.968, 675, 1,14, 79, 66, 0, 13,7, 0,34, 2,94, 13, 33, 104, 1,65, Off, Off, Off, Off, On, Off, On, Off, Off, Off, Off, Rich
108.015, 662, 1,14, 79, 66, 0, 13,6, 0,34, 2,95, 13, 33, 104, 1,63, Off, Off, Off, Off, On, Off, On, Off, Off, Off, Off, Rich
108.078, 650, 1,14, 79, 66, 0, 13,8, 0,34, 2,83, 13, 33, 104, 1,53, Off, Off, Off, Off, On, Off, On, Off, Off, Off, Off, Rich
108.125, 650, 1,14, 79, 66, 0, 13,8, 0,34, 2,9, 13, 33, 104, 1,57, Off, Off, Off, Off, On, Off, On, Off, Off, Off, Off, Rich
108.187, 650, 1,14, 79, 65, 0, 13,8, 0,34, 2,89, 13, 33, 104, 1,57, Off, Off, Off, Off, On, Off, On, Off, Off, Off, Off, Rich
108.234, 625, 1,14, 79, 65, 0, 13,8, 0,34, 2,84, 13, 33, 104, 1,48, Off, Off, Off, Off, On, Off, On, Off, Off, Off, Off, Rich
108.281, 650, 1,14, 79, 65, 0, 13,8, 0,34, 2,92, 13, 33, 104, 1,58, Off, Off, Off, Off, On, Off, On, Off, Off, Off, Off, Rich
108.343, 650, 1,14, 79, 65, 0, 13,8, 0,34, 2,89, 13, 33, 104, 1,57, Off, Off, Off, Off, On, Off, On, Off, Off, Off, Off, Rich
108.390, 650, 1,13, 79, 64, 0, 13,8, 0,34, 2,9, 13, 33, 104, 1,57, Off, Off, Off, Off, On, Off, On, Off, Off, Off, Off, Rich
108.453, 662, 1,14, 79, 64, 0, 13,8, 0,34, 2,88, 13, 33, 104, 1,59, Off, Off, Off, Off, On, Off, On, Off, Off, Off, Off, Rich
108.500, 662, 1,14, 79, 65, 0, 13,8, 0,34, 2,89, 13, 33, 104, 1,59, Off, Off, Off, Off, On, Off, On, Off, Off, Off, Off, Rich
108.546, 650, 1,14, 79, 64, 0, 13,8, 0,34, 2,92, 13, 33, 104, 1,58, Off, Off, Off, Off, On, Off, On, Off, Off, Off, Off, Rich
108.609, 662, 1,14, 79, 64, 0, 13,8, 0,34, 2,89, 13, 33, 104, 1,59, Off, Off, Off, Off, On, Off, On, Off, Off, Off, Off, Rich
108.671, 662, 1,14, 79, 64, 0, 13,8, 0,34, 2,9, 13, 33, 104, 1,6, Off, Off, Off, Off, On, Off, On, Off, Off, Off, Off, Rich
108.718, 650, 1,15, 79, 63, 0, 13,8, 0,34, 2,93, 13, 33, 104, 1,59, Off, Off, Off, Off, On, Off, On, Off, Off, Off, Off, Rich
108.781, 650, 1,13, 79, 63, 0, 13,8, 0,34, 2,89, 13, 33, 104, 1,57, Off, Off, Off, Off, On, Off, On, Off, Off, Off, Off, Rich
108.828, 675, 1,14, 79, 63, 0, 13,7, 0,34, 2,89, 13, 33, 104, 1,63, Off, Off, Off, Off, On, Off, On, Off, Off, Off, Off, Rich
108.890, 662, 1,14, 79, 63, 0, 13,8, 0,34, 2,86, 13, 33, 104, 1,58, Off, Off, Off, Off, On, Off, On, Off, Off, Off, Off, Rich
108.937, 662, 1,13, 79, 62, 0, 13,8, 0,34, 2,85, 13, 33, 104, 1,57, Off, Off, Off, Off, On, Off, On, Off, Off, Off, Off, Rich
109.000, 662, 1,15, 79, 62, 0, 13,8, 0,34, 2,84, 13, 33, 104, 1,57, Off, Off, Off, Off, On, Off, On, Off, Off, Off, Off, Rich
109.046, 625, 1,14, 79, 63, 0, 13,8, 0,34, 2,83, 13, 33, 104, 1,47, Off, Off, Off, Off, On, Off, On, Off, Off, Off, Off, Rich
109.093, 650, 1,14, 79, 62, 0, 13,8, 0,34, 2,92, 13, 33, 104, 1,58, Off, Off, Off, Off, On, Off, On, Off, Off, Off, Off, Rich
109.156, 662, 1,13, 79, 62, 0, 13,8, 0,34, 2,9, 13, 33, 104, 1,6, Off, Off, Off, Off, On, Off, On, Off, Off, Off, Off, Rich
109.203, 650, 1,14, 79, 63, 0, 13,8, 0,34, 2,9, 13, 33, 104, 1,57, Off, Off, Off, Off, On, Off, On, Off, Off, Off, Off, Rich
109.250, 662, 1,14, 79, 63, 0, 13,8, 0,34, 2,83, 13, 33, 104, 1,56, Off, Off, Off, Off, On, Off, On, Off, Off, Off, Off, Rich
109.312, 662, 1,13, 79, 60, 0, 13,8, 0,34, 2,86, 13, 33, 104, 1,58, Off, Off, Off, Off, On, Off, On, Off, Off, Off, Off, Rich
109.375, 625, 1,14, 79, 61, 0, 13,8, 0,34, 2,91, 13, 33, 104, 1,52, Off, Off, Off, Off, On, Off, On, Off, Off, Off, Off, Rich
109.421, 650, 1,14, 79, 61, 0, 13,8, 0,34, 2,86, 13, 33, 104, 1,55, Off, Off, Off, Off, On, Off, On, Off, Off, Off, Off, Rich
109.484, 650, 1,14, 79, 57, 0, 13,8, 0,34, 2,9, 13, 33, 104, 1,57, Off, Off, Off, Off, On, Off, On, Off, Off, Off, Off, Rich
109.531, 650, 1,14, 79, 57, 0, 13,8, 0,34, 2,91, 13, 33, 104, 1,58, Off, Off, Off, Off, On, Off, On, Off, Off, Off, Off, Rich
109.593, 650, 1,14, 79, 57, 0, 13,8, 0,34, 2,91, 13, 33, 104, 1,58, Off, Off, Off, Off, On, Off, On, Off, Off, Off, Off, Rich
109.640, 650, 1,14, 79, 55, 0, 13,8, 0,34, 2,92, 13, 33, 104, 1,58, Off, Off, Off, Off, On, Off, On, Off, Off, Off, Off, Rich
109.687, 650, 1,14, 79, 55, 0, 13,8, 0,34, 2,87, 13, 33, 104, 1,55, Off, Off, Off, Off, On, Off, On, Off, Off, Off, Off, Rich
109.750, 625, 1,14, 79, 58, 0, 13,8, 0,34, 2,9, 13, 33, 104, 1,51, Off, Off, Off, Off, On, Off, On, Off, Off, Off, Off, Rich
109.796, 675, 1,15, 79, 58, 0, 13,6, 0,34, 2,83, 13, 33, 104, 1,59, Off, Off, Off, Off, On, Off, On, Off, Off, Off, Off, Rich
109.859, 650, 1,13, 79, 55, 0, 13,8, 0,34, 2,87, 13, 33, 104, 1,55, Off, Off, Off, Off, On, Off, On, Off, Off, Off, Off, Rich
109.906, 650, 1,14, 79, 56, 0, 13,8, 0,34, 2,83, 13, 33, 104, 1,53, Off, Off, Off, Off, On, Off, On, Off, Off, Off, Off, Rich
109.968, 675, 1,14, 79, 56, 0, 13,7, 0,34, 2,85, 13, 33, 104, 1,6, Off, Off, Off, Off, On, Off, On, Off, Off, Off, Off, Rich
110.031, 650, 1,13, 79, 52, 0, 13,8, 0,34, 2,86, 13, 33, 104, 1,55, Off, Off, Off, Off, On, Off, On, Off, Off, Off, Off, Rich
110.078, 662, 1,14, 79, 52, 0, 13,8, 0,34, 2,8, 13, 33, 104, 1,54, Off, Off, Off, Off, On, Off, On, Off, Off, Off, Off, Rich
110.140, 662, 1,14, 79, 52, 0, 13,8, 0,34, 2,88, 13, 33, 104, 1,59, Off, Off, Off, Off, On, Off, On, Off, Off, Off, Off, Rich
110.187, 625, 1,15, 79, 49, 0, 13,8, 0,34, 2,89, 13, 33, 104, 1,51, Off, Off, Off, Off, On, Off, On, Off, Off, Off, Off, Rich
110.234, 650, 1,13, 79, 49, 0, 13,8, 0,34, 2,9, 13, 33, 104, 1,57, Off, Off, Off, Off, On, Off, On, Off, Off, Off, Off, Rich
110.296, 662, 1,14, 79, 50, 0, 13,8, 0,34, 2,88, 13, 33, 104, 1,59, Off, Off, Off, Off, On, Off, On, Off, Off, Off, Off, Rich
110.343, 625, 1,14, 79, 50, 0, 13,8, 0,34, 2,84, 13, 33, 104, 1,48, Off, Off, Off, Off, On, Off, On, Off, Off, Off, Off, Rich
110.390, 625, 1,13, 79, 47, 0, 13,8, 0,34, 2,88, 13, 33, 104, 1,5, Off, Off, Off, Off, On, Off, On, Off, Off, Off, Off, Rich
110.453, 662, 1,15, 79, 46, 0, 13,8, 0,34, 2,88, 13, 33, 104, 1,59, Off, Off, Off, Off, On, Off, On, Off, Off, Off, Off, Rich
110.500, 662, 1,14, 79, 46, 0, 13,8, 0,34, 2,84, 13, 33, 104, 1,57, Off, Off, Off, Off, On, Off, On, Off, Off, Off, Off, Rich
110.546, 650, 1,14, 79, 44, 0, 13,8, 0,34, 2,89, 13, 33, 104, 1,57, Off, Off, Off, Off, On, Off, On, Off, Off, Off, Off, Rich
110.593, 662, 1,14, 79, 44, 0, 13,8, 0,34, 2,82, 13, 33, 104, 1,56, Off, Off, Off, Off, On, Off, On, Off, Off, Off, Off, Rich
110.656, 662, 1,14, 79, 45, 0, 13,8, 0,34, 2,84, 13, 33, 104, 1,57, Off, Off, Off, Off, On, Off, On, Off, Off, Off, Off, Rich
110.703, 625, 1,14, 79, 45, 0, 13,9, 0,34, 2,84, 13, 33, 104, 1,48, Off, Off, Off, Off, On, Off, On, Off, Off, Off, Off, Rich
110.781, 650, 1,13, 79, 44, 0, 13,9, 0,34, 2,85, 13, 33, 104, 1,54, Off, Off, Off, Off, On, Off, On, Off, Off, Off, Off, Rich
110.828, 662, 1,15, 79, 44, 0, 13,9, 0,34, 2,86, 13, 33, 104, 1,58, Off, Off, Off, Off, On, Off, On, Off, Off, Off, Off, Rich
110.890, 650, 1,14, 79, 44, 0, 13,8, 0,34, 2,86, 13, 33, 104, 1,55, Off, Off, Off, Off, On, Off, On, Off, Off, Off, Off, Rich
110.937, 662, 1,14, 79, 43, 0, 13,8, 0,36, 2,87, 13, 33, 104, 1,58, Off, Off, Off, Off, On, Off, On, Off, Off, Off, Off, Rich
110.984, 650, 1,16, 79, 43, 0, 13,8, 0,36, 2,87, 13, 33, 104, 1,55, Off, Off, Off, Off, On, Off, On, Off, Off, Off, Off, Rich
111.046, 650, 1,25, 79, 42, 0, 13,9, 0,42, 2,94, 13, 33, 101, 1,59, Off, Off, Off, Off, Off, Off, On, Off, Off, Off, Off, Lean
111.093, 675, 1,38, 79, 42, 0, 13,8, 0,48, 3,49, 15, 40, 101, 1,96, Off, On, Off, Off, Off, Off, On, Off, Off, Off, Off, Lean
111.140, 675, 1,57, 79, 38, 0, 13,8, 0,52, 4,72, 11, 40, 101, 2,65, Off, On, Off, Off, Off, Off, On, Off, Off, Off, Off, Lean
111.203, 688, 1,66, 79, 32, 0, 13,9, 0,54, 5, 9, 40, 101, 2,87, Off, On, Off, Off, Off, Off, On, Off, Off, Off, Off, Lean
111.250, 762, 1,71, 79, 32, 0, 13,8, 0,56, 5,36, 9, 40, 101, 3,4, Off, On, Off, Off, Off, Off, On, Off, Off, Off, Off, Lean
111.312, 762, 1,71, 79, 23, 0, 13,8, 0,56, 5,63, 14, 40, 101, 3,58, Off, On, Off, Off, Off, Off, On, Off, Off, Off, Off, Lean
111.359, 875, 1,72, 79, 22, 0, 13,9, 0,56, 5,8, 15, 41, 101, 4,23, Off, On, Off, Off, Off, Off, On, Off, Off, Off, Off, Lean
111.406, 938, 1,74, 79, 45, 0, 13,9, 0,56, 5,71, 17, 41, 101, 4,46, Off, On, Off, Off, Off, Off, On, Off, Off, Off, Off, Lean
111.468, 988, 1,75, 79, 45, 0, 14, 0,58, 5,77, 20, 34, 101, 4,75, Off, On, Off, Off, Off, Off, On, Off, Off, Off, Off, Lean
111.515, 1088, 1,75, 79, 58, 0, 14, 0,58, 5,5, 21, 35, 100, 4,99, Off, On, Off, Off, Off, Off, On, Off, Off, Off, Off, Rich
111.562, 1150, 1,76, 79, 62, 0, 13,8, 0,58, 5,32, 22, 35, 100, 5,1, Off, Off, Off, Off, Off, Off, On, Off, Off, Off, Off, Rich
111.609, 1225, 1,76, 79, 64, 0, 14, 0,58, 5,16, 24, 35, 100, 5,27, Off, Off, Off, Off, Off, Off, On, Off, Off, Off, Off, Rich
111.671, 1262, 1,77, 79, 66, 0, 13,9, 0,58, 4,96, 25, 41, 100, 5,22, Off, On, Off, Off, Off, Off, On, Off, Off, Off, Off, Rich
111.718, 1312, 1,75, 79, 67, 0, 13,9, 0,56, 4,72, 25, 41, 100, 5,16, Off, On, Off, Off, Off, Off, On, Off, Off, Off, Off, Rich
111.781, 1300, 1,73, 79, 67, 0, 14, 0,54, 4,63, 27, 41, 100, 5,02, Off, On, Off, Off, Off, Off, On, Off, Off, Off, Off, Rich
111.828, 1300, 1,69, 79, 67, 0, 13,8, 0,52, 4,29, 28, 41, 100, 4,65, Off, On, Off, Off, Off, Off, On, Off, Off, Off, Off, Rich
111.875, 1300, 1,68, 79, 67, 0, 13,9, 0,52, 4,22, 28, 41, 100, 4,57, Off, On, Off, Off, Off, Off, On, Off, Off, Off, Off, Rich
111.937, 1275, 1,69, 79, 67, 0, 14, 0,52, 3,99, 29, 42, 100, 4,24, Off, On, Off, Off, Off, Off, On, Off, Off, Off, Off, Rich
111.984, 1250, 1,65, 79, 67, 0, 14, 0,48, 3,8, 28, 36, 100, 3,96, Off, On, Off, Off, Off, Off, On, Off, Off, Off, Off, Rich
112.046, 1225, 1,56, 79, 67, 0, 14, 0,48, 3,55, 29, 36, 100, 3,62, Off, Off, Off, Off, Off, Off, On, Off, Off, Off, Off, Rich
112.093, 1200, 1,51, 79, 67, 0, 13,9, 0,46, 3,43, 30, 36, 100, 3,43, Off, Off, Off, Off, Off, Off, On, Off, Off, Off, Off, Rich
112.156, 1162, 1,47, 79, 67, 0, 13,9, 0,44, 3,26, 31, 36, 100, 3,16, Off, Off, Off, Off, Off, Off, On, Off, Off, Off, Off, Rich
112.203, 1112, 1,32, 79, 67, 0, 13,8, 0,34, 3,11, 31, 45, 100, 2,88, Off, Off, Off, Off, On, Off, On, Off, Off, Off, Off, Rich
112.250, 1100, 1,34, 79, 66, 0, 13,9, 0,34, 3,03, 27, 45, 100, 2,78, Off, Off, Off, Off, On, Off, On, Off, Off, Off, Off, Rich
112.296, 1062, 1,33, 79, 66, 0, 13,9, 0,34, 2,94, 25, 45, 100, 2,6, Off, Off, Off, Off, On, Off, On, Off, Off, Off, Off, Rich
112.359, 1062, 1,32, 79, 66, 0, 14, 0,34, 2,79, 22, 45, 100, 2,47, Off, Off, Off, Off, On, Off, On, Off, Off, Off, Off, Rich
112.406, 1025, 1,32, 79, 66, 0, 14, 0,34, 2,81, 19, 45, 100, 2,4, Off, Off, Off, Off, On, Off, On, Off, Off, Off, Off, Rich
112.453, 988, 1,34, 79, 66, 0, 14, 0,34, 2,76, 17, 44, 100, 2,27, Off, Off, Off, Off, On, Off, On, Off, Off, Off, Off, Rich
112.500, 988, 1,36, 79, 66, 0, 13,9, 0,34, 2,78, 15, 44, 100, 2,29, Off, Off, Off, Off, On, Off, On, Off, Off, Off, Off, Rich
112.546, 975, 1,33, 79, 66, 6, 13,8, 0,34, 2,77, 13, 44, 100, 2,25, Off, Off, Off, Off, On, Off, On, Off, Off, Off, Off, Rich
112.593, 950, 1,33, 79, 65, 6, 13,8, 0,34, 2,74, 13, 44, 100, 2,17, Off, Off, Off, Off, On, Off, On, Off, Off, Off, Off, Rich
112.656, 925, 1,31, 79, 63, 6, 13,9, 0,34, 2,74, 13, 44, 100, 2,11, Off, Off, Off, Off, On, Off, On, Off, Off, Off, Off, Rich
112.703, 938, 1,32, 79, 56, 6, 13,9, 0,34, 2,76, 13, 44, 100, 2,16, Off, Off, Off, Off, On, Off, On, Off, Off, Off, Off, Rich
112.750, 925, 1,33, 79, 52, 6, 13,9, 0,34, 2,76, 13, 44, 100, 2,13, Off, Off, Off, Off, On, Off, On, Off, Off, Off, Off, Rich
112.812, 888, 1,32, 79, 44, 6, 13,9, 0,34, 2,74, 13, 44, 100, 2,03, Off, Off, Off, Off, On, Off, On, Off, Off, Off, Off, Rich
112.875, 900, 1,32, 79, 28, 6, 13,9, 0,34, 2,76, 13, 44, 100, 2,07, Off, Off, Off, Off, On, Off, On, Off, Off, Off, Off, Rich
112.921, 888, 1,3, 79, 28, 6, 13,8, 0,34, 2,75, 13, 44, 101, 2,04, Off, Off, Off, Off, On, Off, On, Off, Off, Off, Off, Lean
112.968, 888, 1,3, 79, 17, 6, 13,9, 0,34, 2,8, 12, 44, 101, 2,07, Off, Off, Off, Off, On, Off, On, Off, Off, Off, Off, Lean
113.015, 888, 1,31, 79, 11, 6, 13,9, 0,34, 2,81, 10, 43, 101, 2,08, Off, Off, Off, Off, On, Off, On, Off, Off, Off, Off, Lean
113.062, 875, 1,31, 79, 11, 6, 14, 0,34, 2,81, 8, 43, 101, 2,05, Off, Off, Off, Off, On, Off, On, Off, Off, Off, Off, Lean
113.125, 888, 1,3, 79, 6, 6, 13,7, 0,34, 2,85, 5, 43, 101, 2,11, Off, Off, Off, Off, On, Off, On, Off, Off, Off, Off, Lean
113.171, 875, 1,29, 79, 4, 6, 13,8, 0,34, 2,84, 3, 43, 101, 2,07, Off, Off, Off, Off, On, Off, On, Off, Off, Off, Off, Lean
113.234, 838, 1,3, 79, 1, 6, 13,8, 0,34, 2,84, 3, 43, 101, 1,98, Off, Off, Off, Off, On, Off, On, Off, Off, Off, Off, Lean
113.281, 838, 1,3, 79, 0, 8, 13,9, 0,34, 2,84, 3, 42, 101, 1,98, Off, Off, Off, Off, On, Off, On, Off, Off, Off, Off, Lean
113.328, 838, 1,29, 79, 0, 8, 13,8, 0,34, 2,83, 3, 42, 101, 1,98, Off, Off, Off, Off, On, Off, On, Off, Off, Off, Off, Lean
113.390, 838, 1,28, 79, 0, 8, 13,8, 0,34, 2,86, 3, 42, 101, 2, Off, Off, Off, Off, On, Off, On, Off, Off, Off, Off, Lean
113.437, 862, 1,29, 79, 0, 8, 13,8, 0,34, 2,86, 3, 42, 101, 2,05, Off, Off, Off, Off, On, Off, On, Off, Off, Off, Off, Lean
113.484, 862, 1,3, 79, 0, 8, 13,8, 0,34, 2,86, 3, 42, 101, 2,05, Off, Off, Off, Off, On, Off, On, Off, Off, Off, Off, Lean
113.546, 862, 1,28, 79, 0, 8, 13,8, 0,34, 2,89, 3, 42, 101, 2,08, Off, Off, Off, Off, On, Off, On, Off, Off, Off, Off, Lean
113.593, 862, 1,28, 79, 0, 8, 13,9, 0,34, 2,86, 3, 42, 101, 2,05, Off, Off, Off, Off, On, Off, On, Off, Off, Off, Off, Lean
113.640, 862, 1,28, 79, 0, 8, 13,8, 0,34, 2,88, 3, 42, 101, 2,07, Off, Off, Off, Off, On, Off, On, Off, Off, Off, Off, Lean
113.703, 862, 1,28, 79, 0, 8, 13,8, 0,34, 2,87, 3, 42, 101, 2,06, Off, Off, Off, Off, On, Off, On, Off, Off, Off, Off, Lean
113.750, 862, 1,28, 79, 0, 8, 13,8, 0,34, 2,87, 3, 41, 101, 2,06, Off, Off, Off, Off, On, Off, On, Off, Off, Off, Off, Lean
113.796, 875, 1,27, 79, 0, 8, 13,9, 0,34, 2,85, 3, 41, 101, 2,08, Off, Off, Off, Off, On, Off, On, Off, Off, Off, Off, Lean
113.843, 838, 1,28, 79, 0, 8, 13,9, 0,34, 2,84, 3, 41, 101, 1,98, Off, Off, Off, Off, On, Off, On, Off, Off, Off, Off, Lean
113.890, 862, 1,27, 79, 0, 8, 13,9, 0,34, 2,85, 3, 41, 101, 2,05, Off, Off, Off, Off, On, Off, On, Off, Off, Off, Off, Lean
113.937, 862, 1,27, 79, 0, 8, 13,9, 0,34, 2,84, 3, 41, 101, 2,04, Off, Off, Off, Off, On, Off, On, Off, Off, Off, Off, Lean
114.000, 862, 1,28, 79, 0, 8, 13,9, 0,34, 2,84, 3, 40, 101, 2,04, Off, Off, Off, Off, On, Off, On, Off, Off, Off, Off, Lean
114.046, 862, 1,27, 79, 0, 8, 13,9, 0,34, 2,84, 3, 40, 101, 2,04, Off, Off, Off, Off, On, Off, On, Off, Off, Off, Off, Lean
114.093, 862, 1,26, 79, 0, 8, 13,8, 0,34, 2,84, 3, 40, 101, 2,04, Off, Off, Off, Off, On, Off, On, Off, Off, Off, Off, Lean
114.156, 862, 1,26, 79, 0, 8, 13,8, 0,34, 2,82, 3, 40, 101, 2,03, Off, Off, Off, Off, On, Off, On, Off, Off, Off, Off, Lean
114.203, 862, 1,25, 79, 0, 8, 13,9, 0,34, 2,8, 3, 40, 101, 2,01, Off, Off, Off, Off, On, Off, On, Off, Off, Off, Off, Lean
114.281, 838, 1,26, 79, 0, 8, 13,8, 0,34, 2,82, 3, 39, 101, 1,97, Off, Off, Off, Off, On, Off, On, Off, Off, Off, Off, Lean
114.328, 838, 1,26, 79, 0, 8, 13,9, 0,34, 2,78, 3, 39, 101, 1,94, Off, Off, Off, Off, On, Off, On, Off, Off, Off, Off, Lean
114.390, 838, 1,24, 79, 0, 8, 13,8, 0,34, 2,76, 3, 39, 101, 1,93, Off, Off, Off, Off, On, Off, On, Off, Off, Off, Off, Lean
114.437, 838, 1,24, 79, 0, 8, 13,6, 0,34, 2,72, 3, 39, 101, 1,9, Off, Off, Off, Off, On, Off, On, Off, Off, Off, Off, Lean
114.500, 825, 1,25, 79, 0, 8, 13,8, 0,34, 2,78, 3, 38, 101, 1,91, Off, Off, Off, Off, On, Off, On, Off, Off, Off, Off, Lean
114.531, 825, 1,24, 79, 0, 8, 13,8, 0,34, 2,74, 3, 38, 101, 1,88, Off, Off, Off, Off, On, Off, On, Off, Off, Off, Off, Lean
114.593, 838, 1,24, 79, 0, 8, 13,8, 0,34, 2,72, 3, 38, 101, 1,9, Off, Off, Off, Off, On, Off, On, Off, Off, Off, Off, Lean
114.656, 812, 1,23, 79, 0, 6, 13,8, 0,34, 2,71, 3, 38, 101, 1,83, Off, Off, Off, Off, On, Off, On, Off, Off, Off, Off, Lean
114.703, 825, 1,23, 79, 0, 6, 13,8, 0,34, 2,76, 3, 38, 101, 1,9, Off, Off, Off, Off, On, Off, On, Off, Off, Off, Off, Lean
114.750, 788, 1,24, 79, 0, 6, 13,8, 0,34, 2,81, 3, 38, 101, 1,85, Off, Off, Off, Off, On, Off, On, Off, Off, Off, Off, Lean
114.812, 775, 1,23, 79, 0, 6, 13,8, 0,34, 2,79, 3, 37, 101, 1,8, Off, Off, Off, Off, On, Off, On, Off, Off, Off, Off, Lean
114.859, 812, 1,22, 79, 0, 6, 13,8, 0,34, 2,73, 3, 37, 101, 1,85, Off, Off, Off, Off, On, Off, On, Off, Off, Off, Off, Lean
114.906, 788, 1,22, 79, 0, 6, 13,8, 0,34, 2,73, 3, 37, 101, 1,79, Off, Off, Off, Off, On, Off, On, Off, Off, Off, Off, Lean
114.984, 788, 1,22, 79, 0, 6, 13,8, 0,34, 2,71, 3, 37, 101, 1,78, Off, Off, Off, Off, On, Off, On, Off, Off, Off, Off, Lean
115.031, 788, 1,22, 79, 0, 6, 13,8, 0,34, 2,73, 3, 37, 101, 1,79, Off, Off, Off, Off, On, Off, On, Off, Off, Off, Off, Lean
115.078, 788, 1,22, 79, 0, 6, 13,8, 0,34, 2,74, 3, 37, 101, 1,8, Off, Off, Off, Off, On, Off, On, Off, Off, Off, Off, Lean
115.140, 788, 1,22, 79, 0, 6, 13,8, 0,34, 2,74, 3, 37, 101, 1,8, Off, Off, Off, Off, On, Off, On, Off, Off, Off, Off, Lean
115.187, 788, 1,22, 79, 0, 6, 13,8, 0,34, 2,72, 3, 37, 101, 1,79, Off, Off, Off, Off, On, Off, On, Off, Off, Off, Off, Lean
115.234, 812, 1,22, 79, 0, 6, 13,8, 0,34, 2,77, 3, 37, 101, 1,87, Off, Off, Off, Off, On, Off, On, Off, Off, Off, Off, Lean
115.296, 775, 1,22, 79, 0, 6, 13,8, 0,34, 2,76, 3, 37, 101, 1,78, Off, Off, Off, Off, On, Off, On, Off, Off, Off, Off, Lean
115.343, 775, 1,22, 79, 0, 6, 13,8, 0,34, 2,74, 3, 37, 101, 1,77, Off, Off, Off, Off, On, Off, On, Off, Off, Off, Off, Lean
115.390, 788, 1,2, 79, 0, 8, 13,7, 0,34, 2,78, 3, 37, 101, 1,83, Off, Off, Off, Off, On, Off, On, Off, Off, Off, Off, Lean
115.453, 788, 1,22, 79, 0, 8, 13,8, 0,34, 2,76, 3, 37, 101, 1,81, Off, Off, Off, Off, On, Off, On, Off, Off, Off, Off, Lean
115.500, 775, 1,22, 79, 0, 8, 13,7, 0,34, 2,79, 3, 37, 101, 1,8, Off, Off, Off, Off, On, Off, On, Off, Off, Off, Off, Lean
115.562, 788, 1,2, 79, 0, 8, 13,8, 0,34, 2,77, 3, 37, 101, 1,82, Off, Off, Off, Off, On, Off, On, Off, Off, Off, Off, Lean
115.609, 788, 1,21, 79, 0, 8, 13,8, 0,34, 2,8, 3, 36, 101, 1,84, Off, Off, Off, Off, On, Off, On, Off, Off, Off, Off, Lean
115.687, 775, 1,22, 79, 0, 8, 13,9, 0,34, 2,8, 3, 36, 101, 1,81, Off, Off, Off, Off, On, Off, On, Off, Off, Off, Off, Lean
115.718, 775, 1,22, 79, 0, 8, 13,8, 0,34, 2,79, 3, 36, 101, 1,8, Off, Off, Off, Off, On, Off, On, Off, Off, Off, Off, Lean
115.796, 775, 1,21, 79, 0, 8, 13,8, 0,34, 2,79, 3, 36, 101, 1,8, Off, Off, Off, Off, On, Off, On, Off, Off, Off, Off, Lean
115.843, 775, 1,2, 79, 0, 8, 13,8, 0,34, 2,81, 3, 36, 101, 1,81, Off, Off, Off, Off, On, Off, On, Off, Off, Off, Off, Lean
115.890, 775, 1,21, 79, 0, 8, 13,8, 0,34, 2,79, 3, 36, 101, 1,8, Off, Off, Off, Off, On, Off, On, Off, Off, Off, Off, Lean
115.953, 775, 1,2, 79, 0, 8, 13,7, 0,34, 2,78, 3, 36, 101, 1,8, Off, Off, Off, Off, On, Off, On, Off, Off, Off, Off, Lean
116.000, 775, 1,2, 79, 0, 8, 13,8, 0,34, 2,8, 3, 36, 101, 1,81, Off, Off, Off, Off, On, Off, On, Off, Off, Off, Off, Lean
116.046, 762, 1,2, 79, 0, 8, 13,8, 0,34, 2,76, 3, 36, 101, 1,75, Off, Off, Off, Off, On, Off, On, Off, Off, Off, Off, Lean
116.093, 762, 1,2, 79, 0, 8, 13,7, 0,34, 2,75, 3, 36, 101, 1,75, Off, Off, Off, Off, On, Off, On, Off, Off, Off, Off, Lean
116.140, 788, 1,2, 79, 0, 8, 13,6, 0,34, 2,83, 3, 36, 101, 1,86, Off, Off, Off, Off, On, Off, On, Off, Off, Off, Off, Lean
116.187, 775, 1,2, 79, 0, 8, 13,8, 0,34, 2,77, 3, 36, 101, 1,79, Off, Off, Off, Off, On, Off, On, Off, Off, Off, Off, Lean
116.250, 775, 1,2, 79, 0, 8, 13,7, 0,34, 2,77, 3, 36, 101, 1,79, Off, Off, Off, Off, On, Off, On, Off, Off, Off, Off, Lean
116.296, 775, 1,19, 79, 0, 8, 13,8, 0,34, 2,75, 3, 36, 101, 1,78, Off, Off, Off, Off, On, Off, On, Off, Off, Off, Off, Lean
116.343, 762, 1,2, 79, 0, 8, 13,7, 0,34, 2,77, 3, 36, 101, 1,76, Off, Off, Off, Off, On, Off, On, Off, Off, Off, Off, Lean
116.421, 775, 1,2, 79, 0, 8, 13,7, 0,34, 2,76, 3, 36, 101, 1,78, Off, Off, Off, Off, On, Off, On, Off, Off, Off, Off, Lean
116.468, 775, 1,18, 79, 0, 8, 13,8, 0,34, 2,79, 3, 36, 101, 1,8, Off, Off, Off, Off, On, Off, On, Off, Off, Off, Off, Lean
116.515, 762, 1,2, 79, 0, 8, 13,8, 0,34, 2,78, 3, 36, 101, 1,77, Off, Off, Off, Off, On, Off, On, Off, Off, Off, Off, Lean
116.562, 762, 1,19, 79, 0, 8, 13,8, 0,34, 2,77, 3, 36, 101, 1,76, Off, Off, Off, Off, On, Off, On, Off, Off, Off, Off, Lean
116.609, 762, 1,19, 79, 0, 8, 13,8, 0,34, 2,81, 3, 36, 101, 1,78, Off, Off, Off, Off, On, Off, On, Off, Off, Off, Off, Lean
116.656, 762, 1,2, 79, 0, 8, 13,7, 0,34, 2,8, 3, 36, 101, 1,78, Off, Off, Off, Off, On, Off, On, Off, Off, Off, Off, Lean
116.718, 775, 1,2, 79, 0, 8, 13,7, 0,34, 2,79, 3, 36, 101, 1,8, Off, Off, Off, Off, On, Off, On, Off, Off, Off, Off, Lean
116.765, 738, 1,18, 79, 0, 8, 13,8, 0,34, 2,82, 3, 36, 101, 1,73, Off, Off, Off, Off, On, Off, On, Off, Off, Off, Off, Lean
116.812, 762, 1,2, 79, 0, 6, 13,7, 0,34, 2,82, 3, 36, 101, 1,79, Off, Off, Off, Off, On, Off, On, Off, Off, Off, Off, Lean
116.875, 762, 1,19, 79, 0, 6, 13,7, 0,34, 2,82, 3, 36, 101, 1,79, Off, Off, Off, Off, On, Off, On, Off, Off, Off, Off, Lean
116.921, 738, 1,18, 79, 0, 6, 13,7, 0,34, 2,92, 3, 36, 101, 1,8, Off, Off, Off, Off, On, Off, On, Off, Off, Off, Off, Lean
116.984, 738, 1,19, 79, 0, 6, 13,7, 0,34, 2,92, 3, 36, 101, 1,8, Off, Off, Off, Off, On, Off, On, Off, Off, Off, Off, Lean
117.031, 725, 1,19, 79, 0, 6, 13,7, 0,34, 2,95, 3, 35, 101, 1,78, Off, Off, Off, Off, On, Off, On, Off, Off, Off, Off, Lean
117.109, 738, 1,18, 79, 0, 6, 13,7, 0,34, 2,95, 3, 35, 101, 1,81, Off, Off, Off, Off, On, Off, On, Off, Off, Off, Off, Lean
117.156, 725, 1,19, 79, 0, 6, 13,8, 0,34, 2,93, 3, 35, 101, 1,77, Off, Off, Off, Off, On, Off, On, Off, Off, Off, Off, Lean
117.203, 738, 1,18, 79, 0, 6, 13,7, 0,34, 2,94, 4, 35, 101, 1,81, Off, Off, Off, Off, On, Off, On, Off, Off, Off, Off, Lean
117.265, 725, 1,18, 79, 0, 6, 13,8, 0,34, 2,95, 3, 35, 101, 1,78, Off, Off, Off, Off, On, Off, On, Off, Off, Off, Off, Lean
117.312, 725, 1,19, 79, 0, 6, 13,7, 0,34, 2,92, 3, 35, 101, 1,76, Off, Off, Off, Off, On, Off, On, Off, Off, Off, Off, Lean
117.359, 738, 1,19, 79, 0, 6, 13,8, 0,34, 2,87, 3, 35, 101, 1,77, Off, Off, Off, Off, On, Off, On, Off, Off, Off, Off, Lean
117.421, 725, 1,18, 79, 20, 6, 13,8, 0,34, 2,89, 3, 35, 101, 1,75, Off, Off, Off, Off, On, Off, On, Off, Off, Off, Off, Lean
117.468, 738, 1,18, 79, 48, 6, 13,6, 0,34, 2,95, 3, 35, 101, 1,81, Off, Off, Off, Off, On, Off, On, Off, Off, Off, Off, Lean
117.515, 712, 1,18, 79, 48, 6, 13,7, 0,34, 2,87, 5, 35, 102, 1,7, Off, Off, Off, Off, On, Off, On, Off, Off, Off, Off, Rich
117.578, 725, 1,18, 79, 58, 6, 13,5, 0,34, 2,91, 5, 35, 102, 1,76, Off, Off, Off, Off, On, Off, On, Off, Off, Off, Off, Rich
117.625, 688, 1,18, 79, 62, 6, 13,7, 0,34, 2,93, 7, 35, 102, 1,68, Off, Off, Off, Off, On, Off, On, Off, Off, Off, Off, Rich
117.671, 725, 1,18, 79, 62, 6, 13,7, 0,34, 2,9, 6, 35, 102, 1,75, Off, Off, Off, Off, On, Off, On, Off, Off, Off, Off, Rich
117.734, 688, 1,17, 79, 64, 6, 13,8, 0,34, 2,92, 6, 35, 102, 1,67, Off, Off, Off, Off, On, Off, On, Off, Off, Off, Off, Rich
117.796, 725, 1,18, 79, 64, 6, 13,8, 0,34, 2,87, 5, 35, 102, 1,73, Off, Off, Off, Off, On, Off, On, Off, Off, Off, Off, Rich
117.859, 675, 1,18, 79, 65, 6, 13,9, 0,34, 2,9, 7, 35, 102, 1,63, Off, Off, Off, Off, On, Off, On, Off, Off, Off, Off, Rich
117.906, 712, 1,17, 79, 66, 6, 13,8, 0,34, 2,92, 7, 35, 102, 1,73, Off, Off, Off, Off, On, Off, On, Off, Off, Off, Off, Rich
117.968, 688, 1,18, 79, 66, 6, 13,7, 0,34, 2,97, 11, 35, 102, 1,7, Off, Off, Off, Off, On, Off, On, Off, Off, Off, Off, Rich
118.015, 712, 1,16, 79, 66, 6, 13,5, 0,34, 2,97, 10, 35, 102, 1,76, Off, Off, Off, Off, On, Off, On, Off, Off, Off, Off, Rich
118.062, 688, 1,16, 79, 67, 6, 13,7, 0,34, 2,97, 11, 35, 102, 1,7, Off, Off, Off, Off, On, Off, On, Off, Off, Off, Off, Rich
118.125, 675, 1,16, 79, 67, 6, 13,7, 0,34, 2,94, 11, 35, 102, 1,65, Off, Off, Off, Off, On, Off, On, Off, Off, Off, Off, Rich
118.171, 688, 1,16, 79, 67, 6, 13,7, 0,34, 2,93, 9, 35, 102, 1,68, Off, Off, Off, Off, On, Off, On, Off, Off, Off, Off, Rich
118.234, 688, 1,18, 79, 67, 6, 13,9, 0,34, 2,99, 11, 35, 102, 1,71, Off, Off, Off, Off, On, Off, On, Off, Off, Off, Off, Rich
118.281, 688, 1,18, 79, 67, 6, 13,8, 0,34, 2,97, 11, 35, 102, 1,7, Off, Off, Off, Off, On, Off, On, Off, Off, Off, Off, Rich
118.328, 675, 1,17, 79, 68, 6, 13,8, 0,34, 2,99, 11, 35, 102, 1,68, Off, Off, Off, Off, On, Off, On, Off, Off, Off, Off, Rich
118.390, 712, 1,18, 79, 68, 6, 13,8, 0,34, 2,94, 10, 35, 102, 1,74, Off, Off, Off, Off, On, Off, On, Off, Off, Off, Off, Rich
118.437, 688, 1,16, 79, 68, 6, 13,7, 0,34, 2,97, 11, 35, 102, 1,7, Off, Off, Off, Off, On, Off, On, Off, Off, Off, Off, Rich
118.515, 675, 1,18, 79, 68, 6, 13,7, 0,34, 3, 11, 35, 102, 1,69, Off, Off, Off, Off, On, Off, On, Off, Off, Off, Off, Rich
118.562, 712, 1,18, 79, 68, 6, 13,7, 0,34, 2,9, 10, 35, 102, 1,72, Off, Off, Off, Off, On, Off, On, Off, Off, Off, Off, Rich
118.609, 675, 1,16, 79, 68, 6, 13,7, 0,34, 2,98, 8, 35, 102, 1,68, Off, Off, Off, Off, On, Off, On, Off, Off, Off, Off, Rich
118.671, 712, 1,17, 79, 68, 6, 13,6, 0,34, 2,94, 11, 35, 102, 1,74, Off, Off, Off, Off, On, Off, On, Off, Off, Off, Off, Rich
118.718, 675, 1,17, 79, 68, 6, 13,7, 0,34, 2,97, 11, 35, 102, 1,67, Off, Off, Off, Off, On, Off, On, Off, Off, Off, Off, Rich
118.765, 688, 1,17, 79, 68, 6, 13,8, 0,34, 2,98, 13, 35, 102, 1,71, Off, Off, Off, Off, On, Off, On, Off, Off, Off, Off, Rich
118.812, 675, 1,17, 79, 68, 6, 13,8, 0,34, 2,95, 11, 35, 102, 1,66, Off, Off, Off, Off, On, Off, On, Off, Off, Off, Off, Rich
118.859, 688, 1,16, 79, 68, 6, 13,8, 0,34, 2,98, 11, 35, 102, 1,71, Off, Off, Off, Off, On, Off, On, Off, Off, Off, Off, Rich
118.921, 688, 1,18, 79, 67, 4, 13,8, 0,34, 2,99, 11, 35, 102, 1,71, Off, Off, Off, Off, On, Off, On, Off, Off, Off, Off, Rich
118.968, 675, 1,17, 79, 67, 4, 13,8, 0,34, 2,88, 9, 35, 102, 1,62, Off, Off, Off, Off, On, Off, On, Off, Off, Off, Off, Rich
119.015, 688, 1,17, 79, 67, 4, 13,8, 0,34, 2,98, 7, 35, 102, 1,71, Off, Off, Off, Off, On, Off, On, Off, Off, Off, Off, Rich
119.078, 675, 1,18, 79, 67, 4, 13,8, 0,34, 2,96, 11, 35, 102, 1,66, Off, Off, Off, Off, On, Off, On, Off, Off, Off, Off, Rich
119.125, 712, 1,16, 79, 67, 4, 13,8, 0,34, 2,93, 9, 35, 102, 1,74, Off, Off, Off, Off, On, Off, On, Off, Off, Off, Off, Rich
119.187, 675, 1,17, 79, 67, 4, 13,8, 0,34, 2,93, 11, 34, 102, 1,65, Off, Off, Off, Off, On, Off, On, Off, Off, Off, Off, Rich
119.250, 712, 1,16, 79, 67, 4, 13,7, 0,34, 2,96, 10, 34, 102, 1,76, Off, Off, Off, Off, On, Off, On, Off, Off, Off, Off, Rich
119.296, 675, 1,16, 79, 66, 4, 13,8, 0,34, 2,9, 7, 34, 102, 1,63, Off, Off, Off, Off, On, Off, On, Off, Off, Off, Off, Rich
119.343, 712, 1,17, 79, 66, 4, 13,8, 0,34, 2,85, 7, 34, 102, 1,69, Off, Off, Off, Off, On, Off, On, Off, Off, Off, Off, Rich
119.406, 688, 1,17, 79, 66, 4, 13,8, 0,34, 2,83, 6, 34, 102, 1,62, Off, Off, Off, Off, On, Off, On, Off, Off, Off, Off, Rich
119.453, 712, 1,16, 79, 64, 4, 13,8, 0,34, 2,92, 10, 34, 102, 1,73, Off, Off, Off, Off, On, Off, On, Off, Off, Off, Off, Rich
119.500, 712, 1,17, 79, 64, 4, 13,8, 0,34, 2,8, 8, 34, 102, 1,66, Off, Off, Off, Off, On, Off, On, Off, Off, Off, Off, Rich
119.562, 712, 1,16, 79, 63, 4, 13,8, 0,34, 2,89, 7, 34, 102, 1,71, Off, Off, Off, Off, On, Off, On, Off, Off, Off, Off, Rich
119.609, 725, 1,16, 79, 62, 6, 13,7, 0,34, 2,84, 6, 34, 102, 1,72, Off, Off, Off, Off, On, Off, On, Off, Off, Off, Off, Rich
119.671, 688, 1,16, 79, 62, 6, 13,8, 0,34, 2,82, 9, 34, 102, 1,62, Off, Off, Off, Off, On, Off, On, Off, Off, Off, Off, Rich
119.718, 725, 1,16, 79, 60, 6, 13,8, 0,34, 2,85, 10, 34, 102, 1,72, Off, Off, Off, Off, On, Off, On, Off, Off, Off, Off, Rich
119.781, 712, 1,16, 79, 59, 6, 13,8, 0,34, 2,85, 11, 34, 102, 1,69, Off, Off, Off, Off, On, Off, On, Off, Off, Off, Off, Rich
119.859, 712, 1,16, 79, 59, 6, 13,8, 0,34, 2,78, 9, 34, 102, 1,65, Off, Off, Off, Off, On, Off, On, Off, Off, Off, Off, Rich
119.906, 712, 1,16, 79, 57, 6, 13,9, 0,34, 2,84, 11, 33, 102, 1,69, Off, Off, Off, Off, On, Off, On, Off, Off, Off, Off, Rich
119.968, 712, 1,15, 79, 57, 6, 13,8, 0,34, 2,81, 9, 33, 102, 1,67, Off, Off, Off, Off, On, Off, On, Off, Off, Off, Off, Rich
120.015, 688, 1,16, 79, 57, 6, 13,8, 0,34, 2,78, 7, 33, 102, 1,59, Off, Off, Off, Off, On, Off, On, Off, Off, Off, Off, Rich
120.078, 712, 1,16, 79, 53, 6, 13,6, 0,34, 2,83, 11, 33, 102, 1,68, Off, Off, Off, Off, On, Off, On, Off, Off, Off, Off, Rich
120.125, 688, 1,16, 79, 51, 6, 13,8, 0,34, 2,88, 11, 33, 102, 1,65, Off, Off, Off, Off, On, Off, On, Off, Off, Off, Off, Rich
120.171, 712, 1,16, 79, 51, 6, 13,7, 0,34, 2,84, 11, 33, 102, 1,69, Off, Off, Off, Off, On, Off, On, Off, Off, Off, Off, Rich
120.234, 675, 1,15, 79, 49, 6, 13,8, 0,34, 2,82, 9, 33, 102, 1,59, Off, Off, Off, Off, On, Off, On, Off, Off, Off, Off, Rich
120.281, 688, 1,16, 79, 48, 6, 13,8, 0,34, 2,89, 11, 33, 102, 1,66, Off, Off, Off, Off, On, Off, On, Off, Off, Off, Off, Rich
120.328, 675, 1,15, 79, 48, 4, 13,8, 0,34, 2,86, 11, 33, 102, 1,61, Off, Off, Off, Off, On, Off, On, Off, Off, Off, Off, Rich
120.390, 662, 1,16, 79, 45, 4, 13,8, 0,34, 2,88, 11, 33, 102, 1,59, Off, Off, Off, Off, On, Off, On, Off, Off, Off, Off, Rich
120.437, 688, 1,16, 79, 45, 4, 13,8, 0,34, 2,85, 12, 33, 102, 1,63, Off, Off, Off, Off, On, Off, On, Off, Off, Off, Off, Rich
120.484, 662, 1,14, 79, 40, 4, 13,8, 0,34, 2,91, 13, 33, 104, 1,61, Off, Off, Off, Off, On, Off, On, Off, Off, Off, Off, Lean
120.546, 675, 1,16, 79, 40, 4, 13,9, 0,34, 2,95, 13, 33, 104, 1,66, Off, Off, Off, Off, On, Off, On, Off, Off, Off, Off, Lean
120.609, 662, 1,15, 79, 33, 4, 13,8, 0,34, 2,96, 12, 33, 104, 1,63, Off, Off, Off, Off, On, Off, On, Off, Off, Off, Off, Lean
120.656, 662, 1,16, 79, 27, 4, 13,8, 0,34, 2,98, 13, 33, 104, 1,64, Off, Off, Off, Off, On, Off, On, Off, Off, Off, Off, Lean
120.718, 712, 1,16, 79, 27, 4, 13,7, 0,34, 2,88, 12, 33, 104, 1,71, Off, Off, Off, Off, On, Off, On, Off, Off, Off, Off, Lean
120.765, 675, 1,14, 79, 22, 4, 13,8, 0,34, 2,94, 11, 33, 104, 1,65, Off, Off, Off, Off, On, Off, On, Off, Off, Off, Off, Lean
120.812, 662, 1,16, 79, 19, 4, 13,8, 0,34, 2,94, 12, 33, 104, 1,62, Off, Off, Off, Off, On, Off, On, Off, Off, Off, Off, Lean
120.875, 675, 1,14, 79, 19, 4, 13,8, 0,34, 2,87, 11, 33, 104, 1,61, Off, Off, Off, Off, On, Off, On, Off, Off, Off, Off, Lean
120.921, 675, 1,15, 79, 16, 4, 13,8, 0,34, 2,95, 11, 33, 104, 1,66, Off, Off, Off, Off, On, Off, On, Off, Off, Off, Off, Lean
120.968, 688, 1,16, 79, 16, 4, 13,8, 0,34, 2,91, 11, 33, 104, 1,67, Off, Off, Off, Off, On, Off, On, Off, Off, Off, Off, Lean
121.031, 675, 1,14, 79, 15, 4, 13,8, 0,34, 2,87, 10, 33, 104, 1,61, Off, Off, Off, Off, On, Off, On, Off, Off, Off, Off, Lean
121.078, 688, 1,16, 79, 15, 4, 13,8, 0,34, 2,94, 11, 33, 104, 1,69, Off, Off, Off, Off, On, Off, On, Off, Off, Off, Off, Lean
121.125, 688, 1,15, 79, 15, 4, 13,8, 0,34, 2,89, 10, 33, 104, 1,66, Off, Off, Off, Off, On, Off, On, Off, Off, Off, Off, Lean
121.171, 712, 1,14, 79, 16, 4, 13,7, 0,34, 2,87, 9, 33, 104, 1,7, Off, Off, Off, Off, On, Off, On, Off, Off, Off, Off, Lean
121.218, 688, 1,16, 79, 16, 4, 13,8, 0,34, 2,95, 11, 33, 104, 1,69, Off, Off, Off, Off, On, Off, On, Off, Off, Off, Off, Lean
121.281, 675, 1,14, 79, 16, 4, 13,8, 0,34, 2,94, 10, 33, 104, 1,65, Off, Off, Off, Off, On, Off, On, Off, Off, Off, Off, Lean
121.343, 675, 1,16, 79, 16, 4, 13,8, 0,34, 2,87, 8, 33, 104, 1,61, Off, Off, Off, Off, On, Off, On, Off, Off, Off, Off, Lean
121.390, 675, 1,16, 79, 16, 4, 13,8, 0,34, 2,91, 11, 33, 104, 1,64, Off, Off, Off, Off, On, Off, On, Off, Off, Off, Off, Lean
121.437, 712, 1,16, 79, 17, 4, 13,8, 0,34, 2,95, 13, 33, 104, 1,75, Off, Off, Off, Off, On, Off, On, Off, Off, Off, Off, Lean
121.500, 712, 1,16, 79, 17, 4, 13,9, 0,34, 2,85, 11, 33, 104, 1,69, Off, Off, Off, Off, On, Off, On, Off, Off, Off, Off, Lean
121.546, 712, 1,15, 79, 20, 4, 13,8, 0,34, 2,85, 11, 33, 104, 1,69, Off, Off, Off, Off, On, Off, On, Off, Off, Off, Off, Lean
121.593, 712, 1,16, 79, 26, 4, 13,9, 0,34, 2,87, 9, 33, 104, 1,7, Off, Off, Off, Off, On, Off, On, Off, Off, Off, Off, Lean
121.625, 725, 1,16, 79, 26, 4, 13,9, 0,34, 2,81, 7, 33, 104, 1,7, Off, Off, Off, Off, On, Off, On, Off, Off, Off, Off, Lean
121.687, 712, 1,15, 79, 34, 4, 14, 0,34, 2,84, 5, 33, 104, 1,69, Off, Off, Off, Off, On, Off, On, Off, Off, Off, Off, Lean
121.734, 712, 1,17, 79, 34, 4, 13,9, 0,34, 2,85, 7, 33, 104, 1,69, Off, Off, Off, Off, On, Off, On, Off, Off, Off, Off, Lean
121.796, 712, 1,16, 79, 44, 4, 14, 0,34, 2,86, 6, 33, 104, 1,7, Off, Off, Off, Off, On, Off, On, Off, Off, Off, Off, Lean
121.843, 712, 1,16, 79, 49, 4, 13,8, 0,34, 2,9, 7, 33, 104, 1,72, Off, Off, Off, Off, On, Off, On, Off, Off, Off, Off, Lean
121.890, 688, 1,15, 79, 49, 4, 13,8, 0,34, 2,76, 6, 33, 103, 1,58, Off, Off, Off, Off, On, Off, On, Off, Off, Off, Off, Rich
121.937, 725, 1,15, 79, 52, 4, 13,8, 0,34, 2,8, 7, 33, 103, 1,69, Off, Off, Off, Off, On, Off, On, Off, Off, Off, Off, Rich
122.000, 712, 1,16, 79, 49, 4, 13,8, 0,34, 2,77, 5, 33, 103, 1,64, Off, Off, Off, Off, On, Off, On, Off, Off, Off, Off, Rich
122.046, 725, 1,14, 79, 49, 4, 13,8, 0,34, 2,78, 5, 33, 103, 1,68, Off, Off, Off, Off, On, Off, On, Off, Off, Off, Off, Rich
122.109, 712, 1,16, 79, 51, 4, 14, 0,34, 2,77, 5, 33, 103, 1,64, Off, Off, Off, Off, On, Off, On, Off, Off, Off, Off, Rich
122.171, 725, 1,18, 79, 51, 4, 13,8, 0,34, 2,77, 6, 33, 103, 1,67, Off, Off, Off, Off, On, Off, On, Off, Off, Off, Off, Rich
122.218, 688, 1,16, 79, 51, 4, 14, 0,34, 2,82, 7, 33, 103, 1,62, Off, Off, Off, Off, On, Off, On, Off, Off, Off, Off, Rich
122.265, 712, 1,18, 79, 55, 4, 13,8, 0,36, 2,88, 10, 33, 103, 1,71, Off, Off, Off, Off, On, Off, On, Off, Off, Off, Off, Rich
122.328, 675, 1,18, 79, 55, 4, 13,8, 0,36, 2,85, 8, 33, 103, 1,6, Off, Off, Off, Off, On, Off, On, Off, Off, Off, Off, Rich
122.375, 725, 1,16, 79, 54, 4, 13,2, 0,36, 2,88, 6, 33, 103, 1,74, Off, Off, Off, Off, On, Off, On, Off, Off, Off, Off, Rich
122.421, 688, 1,18, 79, 50, 4, 13,8, 0,36, 2,87, 5, 33, 103, 1,65, Off, Off, Off, Off, On, Off, On, Off, Off, Off, Off, Rich
122.484, 712, 1,17, 79, 50, 6, 13,9, 0,36, 2,87, 5, 33, 103, 1,7, Off, Off, Off, Off, On, Off, On, Off, Off, Off, Off, Rich
122.531, 688, 1,3, 79, 48, 6, 13,9, 0,44, 3,2, 11, 33, 103, 1,83, Off, Off, Off, Off, Off, Off, On, Off, Off, Off, Off, Rich
122.578, 712, 1,38, 79, 48, 6, 13,8, 0,44, 3,5, 15, 33, 103, 2,08, Off, Off, Off, Off, Off, Off, On, Off, Off, Off, Off, Rich
122.640, 738, 1,39, 79, 47, 6, 13,9, 0,44, 3,58, 15, 33, 103, 2,2, Off, Off, Off, Off, Off, Off, On, Off, Off, Off, Off, Rich
122.703, 762, 1,4, 79, 46, 6, 13,9, 0,44, 3,62, 15, 34, 103, 2,3, Off, Off, Off, Off, Off, Off, On, Off, Off, Off, Off, Rich
122.750, 775, 1,4, 79, 47, 6, 13,9, 0,44, 3,71, 16, 34, 103, 2,4, Off, Off, Off, Off, Off, Off, On, Off, Off, Off, Off, Rich
122.812, 812, 1,4, 79, 47, 6, 14, 0,44, 3,76, 20, 34, 103, 2,54, Off, Off, Off, Off, Off, Off, On, Off, Off, Off, Off, Rich
122.875, 875, 1,39, 79, 50, 6, 13,9, 0,44, 3,64, 21, 34, 103, 2,65, Off, Off, Off, Off, Off, Off, On, Off, Off, Off, Off, Rich
122.921, 888, 1,4, 79, 57, 6, 13,9, 0,44, 3,64, 22, 34, 103, 2,69, Off, Off, Off, Off, Off, Off, On, Off, Off, Off, Off, Rich
122.968, 925, 1,41, 79, 62, 6, 13,9, 0,44, 3,59, 23, 35, 103, 2,77, Off, Off, Off, Off, Off, Off, On, Off, Off, Off, Off, Rich
123.031, 938, 1,41, 79, 64, 6, 13,9, 0,44, 3,56, 23, 35, 103, 2,78, Off, Off, Off, Off, Off, Off, On, Off, Off, Off, Off, Rich
123.093, 938, 1,42, 79, 66, 6, 13,9, 0,44, 3,51, 24, 35, 103, 2,74, Off, Off, Off, Off, Off, Off, On, Off, Off, Off, Off, Rich
123.140, 975, 1,42, 79, 66, 6, 13,9, 0,44, 3,47, 25, 35, 103, 2,82, Off, Off, Off, Off, Off, Off, On, Off, Off, Off, Off, Rich
123.187, 988, 1,42, 79, 66, 6, 13,9, 0,44, 3,43, 25, 35, 103, 2,82, Off, Off, Off, Off, Off, Off, On, Off, Off, Off, Off, Rich
123.250, 1000, 1,4, 79, 66, 6, 13,9, 0,44, 3,38, 25, 35, 103, 2,82, Off, Off, Off, Off, Off, Off, On, Off, Off, Off, Off, Rich
123.296, 975, 1,4, 79, 66, 6, 13,8, 0,44, 3,34, 27, 35, 103, 2,71, Off, Off, Off, Off, Off, Off, On, Off, Off, Off, Off, Rich
123.375, 1025, 1,4, 79, 66, 6, 13,8, 0,44, 3,22, 26, 35, 103, 2,75, Off, Off, Off, Off, Off, Off, On, Off, Off, Off, Off, Rich
123.421, 1025, 1,41, 79, 66, 6, 13,9, 0,44, 3,2, 26, 36, 103, 2,73, Off, Off, Off, Off, Off, Off, On, Off, Off, Off, Off, Rich
123.468, 1000, 1,42, 79, 64, 6, 13,9, 0,44, 3,16, 26, 36, 103, 2,63, Off, Off, Off, Off, Off, Off, On, Off, Off, Off, Off, Rich
123.531, 988, 1,34, 79, 64, 6, 13,8, 0,36, 3,11, 26, 45, 103, 2,56, Off, Off, Off, Off, On, Off, On, Off, Off, Off, Off, Rich
123.578, 1000, 1,33, 79, 60, 6, 13,7, 0,34, 2,99, 23, 45, 103, 2,49, Off, Off, Off, Off, On, Off, On, Off, Off, Off, Off, Rich
123.640, 988, 1,34, 79, 60, 6, 13,9, 0,34, 2,92, 21, 45, 103, 2,4, Off, Off, Off, Off, On, Off, On, Off, Off, Off, Off, Rich
123.687, 975, 1,34, 79, 54, 6, 13,8, 0,34, 2,9, 17, 44, 103, 2,36, Off, Off, Off, Off, On, Off, On, Off, Off, Off, Off, Rich
123.734, 950, 1,32, 79, 54, 6, 13,8, 0,34, 2,86, 15, 44, 103, 2,26, Off, Off, Off, Off, On, Off, On, Off, Off, Off, Off, Rich
123.796, 950, 1,32, 79, 51, 6, 13,8, 0,34, 2,88, 13, 44, 103, 2,28, Off, Off, Off, Off, On, Off, On, Off, Off, Off, Off, Rich
123.843, 925, 1,32, 79, 48, 6, 13,9, 0,36, 2,82, 13, 44, 103, 2,17, Off, Off, Off, Off, On, Off, On, Off, Off, Off, Off, Rich
123.890, 925, 1,38, 79, 46, 6, 13,9, 0,4, 2,9, 13, 36, 103, 2,24, Off, Off, Off, Off, Off, Off, On, Off, Off, Off, Off, Rich
123.953, 900, 1,32, 79, 39, 6, 13,8, 0,34, 2,89, 20, 45, 103, 2,17, Off, Off, Off, Off, On, Off, On, Off, Off, Off, Off, Rich
124.000, 925, 1,32, 79, 39, 6, 13,8, 0,34, 2,93, 18, 45, 102, 2,26, Off, Off, Off, Off, On, Off, On, Off, Off, Off, Off, Lean
124.046, 900, 1,34, 79, 26, 6, 13,9, 0,34, 2,91, 15, 45, 102, 2,18, Off, Off, Off, Off, On, Off, On, Off, Off, Off, Off, Lean
124.109, 900, 1,34, 79, 16, 6, 13,8, 0,36, 2,93, 13, 45, 102, 2,2, Off, Off, Off, Off, On, Off, On, Off, Off, Off, Off, Lean
124.171, 900, 1,34, 79, 10, 6, 13,9, 0,34, 2,92, 13, 45, 102, 2,19, Off, Off, Off, Off, On, Off, On, Off, Off, Off, Off, Lean
124.218, 925, 1,34, 79, 6, 6, 13,9, 0,34, 2,92, 13, 45, 102, 2,25, Off, Off, Off, Off, On, Off, On, Off, Off, Off, Off, Lean
124.265, 900, 1,33, 79, 6, 6, 13,9, 0,34, 2,92, 13, 45, 102, 2,19, Off, Off, Off, Off, On, Off, On, Off, Off, Off, Off, Lean
124.328, 900, 1,34, 79, 4, 6, 13,7, 0,34, 2,93, 13, 45, 102, 2,2, Off, Off, Off, Off, On, Off, On, Off, Off, Off, Off, Lean
124.375, 900, 1,32, 79, 2, 6, 13,8, 0,34, 2,92, 13, 45, 102, 2,19, Off, Off, Off, Off, On, Off, On, Off, Off, Off, Off, Lean
124.421, 888, 1,32, 79, 1, 6, 14, 0,34, 2,93, 13, 45, 102, 2,17, Off, Off, Off, Off, On, Off, On, Off, Off, Off, Off, Lean
124.484, 925, 1,33, 79, 0, 6, 13,8, 0,34, 2,93, 13, 44, 102, 2,26, Off, Off, Off, Off, On, Off, On, Off, Off, Off, Off, Lean
124.531, 900, 1,32, 79, 0, 6, 13,8, 0,34, 2,92, 13, 44, 102, 2,19, Off, Off, Off, Off, On, Off, On, Off, Off, Off, Off, Lean
124.578, 900, 1,32, 79, 0, 8, 13,8, 0,34, 2,93, 13, 44, 102, 2,2, Off, Off, Off, Off, On, Off, On, Off, Off, Off, Off, Lean
124.625, 925, 1,31, 79, 0, 8, 13,8, 0,34, 2,93, 13, 44, 102, 2,26, Off, Off, Off, Off, On, Off, On, Off, Off, Off, Off, Lean
124.687, 938, 1,32, 79, 0, 8, 13,8, 0,34, 2,91, 13, 44, 102, 2,27, Off, Off, Off, Off, On, Off, On, Off, Off, Off, Off, Lean
124.734, 950, 1,32, 79, 0, 8, 13,8, 0,34, 2,89, 13, 44, 102, 2,29, Off, Off, Off, Off, On, Off, On, Off, Off, Off, Off, Lean
124.781, 950, 1,31, 79, 0, 8, 13,9, 0,34, 2,87, 11, 44, 102, 2,27, Off, Off, Off, Off, On, Off, On, Off, Off, Off, Off, Lean
124.843, 950, 1,31, 79, 0, 8, 13,9, 0,34, 2,86, 8, 44, 102, 2,26, Off, Off, Off, Off, On, Off, On, Off, Off, Off, Off, Lean
124.890, 938, 1,31, 79, 0, 8, 13,9, 0,34, 2,86, 5, 44, 102, 2,24, Off, Off, Off, Off, On, Off, On, Off, Off, Off, Off, Lean
124.937, 925, 1,32, 79, 0, 8, 13,8, 0,34, 2,86, 3, 43, 102, 2,2, Off, Off, Off, Off, On, Off, On, Off, Off, Off, Off, Lean
125.000, 900, 1,32, 79, 0, 8, 13,8, 0,34, 2,85, 3, 43, 102, 2,14, Off, Off, Off, Off, On, Off, On, Off, Off, Off, Off, Lean
125.046, 900, 1,31, 79, 0, 8, 13,9, 0,34, 2,86, 3, 42, 102, 2,14, Off, Off, Off, Off, On, Off, On, Off, Off, Off, Off, Lean
125.093, 900, 1,3, 79, 0, 8, 13,8, 0,34, 2,85, 3, 42, 102, 2,14, Off, Off, Off, Off, On, Off, On, Off, Off, Off, Off, Lean
125.140, 875, 1,3, 79, 0, 8, 13,9, 0,34, 2,85, 3, 42, 102, 2,08, Off, Off, Off, Off, On, Off, On, Off, Off, Off, Off, Lean
125.187, 900, 1,3, 79, 0, 8, 13,9, 0,34, 2,85, 3, 42, 102, 2,14, Off, Off, Off, Off, On, Off, On, Off, Off, Off, Off, Lean
125.250, 900, 1,3, 79, 0, 8, 13,8, 0,34, 2,86, 3, 42, 102, 2,14, Off, Off, Off, Off, On, Off, On, Off, Off, Off, Off, Lean
125.296, 900, 1,3, 79, 0, 8, 14, 0,34, 2,87, 3, 42, 102, 2,15, Off, Off, Off, Off, On, Off, On, Off, Off, Off, Off, Lean
125.343, 900, 1,29, 79, 0, 8, 13,8, 0,34, 2,86, 3, 42, 102, 2,14, Off, Off, Off, Off, On, Off, On, Off, Off, Off, Off, Lean
125.406, 888, 1,3, 79, 0, 8, 13,9, 0,34, 2,86, 3, 42, 102, 2,12, Off, Off, Off, Off, On, Off, On, Off, Off, Off, Off, Lean
125.453, 900, 1,28, 79, 0, 8, 13,9, 0,34, 2,85, 3, 41, 102, 2,14, Off, Off, Off, Off, On, Off, On, Off, Off, Off, Off, Lean
125.515, 900, 1,29, 79, 0, 8, 13,8, 0,34, 2,86, 3, 41, 102, 2,14, Off, Off, Off, Off, On, Off, On, Off, Off, Off, Off, Lean
125.562, 925, 1,28, 79, 0, 8, 14, 0,34, 2,84, 3, 41, 102, 2,19, Off, Off, Off, Off, On, Off, On, Off, Off, Off, Off, Lean
125.625, 938, 1,28, 79, 0, 8, 14, 0,34, 2,85, 3, 41, 102, 2,23, Off, Off, Off, Off, On, Off, On, Off, Off, Off, Off, Lean
125.671, 938, 1,28, 79, 0, 8, 13,9, 0,34, 2,82, 3, 41, 102, 2,2, Off, Off, Off, Off, On, Off, On, Off, Off, Off, Off, Lean
125.718, 925, 1,28, 79, 0, 8, 13,8, 0,34, 2,81, 3, 41, 102, 2,17, Off, Off, Off, Off, On, Off, On, Off, Off, Off, Off, Lean
125.781, 938, 1,28, 79, 0, 8, 13,9, 0,34, 2,79, 3, 40, 102, 2,18, Off, Off, Off, Off, On, Off, On, Off, Off, Off, Off, Lean
125.828, 925, 1,27, 79, 0, 8, 13,9, 0,34, 2,77, 3, 40, 102, 2,14, Off, Off, Off, Off, On, Off, On, Off, Off, Off, Off, Lean
125.875, 925, 1,27, 79, 0, 8, 13,9, 0,34, 2,76, 3, 40, 102, 2,13, Off, Off, Off, Off, On, Off, On, Off, Off, Off, Off, Lean
125.921, 925, 1,26, 79, 0, 8, 13,8, 0,34, 2,74, 3, 40, 102, 2,11, Off, Off, Off, Off, On, Off, On, Off, Off, Off, Off, Lean
125.984, 938, 1,27, 79, 0, 8, 13,8, 0,34, 2,73, 3, 40, 102, 2,13, Off, Off, Off, Off, On, Off, On, Off, Off, Off, Off, Lean
126.031, 925, 1,26, 79, 0, 8, 13,9, 0,34, 2,7, 3, 39, 102, 2,08, Off, Off, Off, Off, On, Off, On, Off, Off, Off, Off, Lean
126.078, 925, 1,26, 79, 0, 8, 13,8, 0,34, 2,68, 3, 39, 102, 2,07, Off, Off, Off, Off, On, Off, On, Off, Off, Off, Off, Lean
126.140, 938, 1,25, 79, 0, 8, 13,8, 0,34, 2,69, 3, 39, 102, 2,1, Off, Off, Off, Off, On, Off, On, Off, Off, Off, Off, Lean
126.203, 900, 1,25, 79, 0, 8, 13,8, 0,34, 2,61, 3, 38, 102, 1,96, Off, Off, Off, Off, On, Off, On, Off, Off, Off, Off, Lean
126.250, 900, 1,25, 79, 0, 8, 13,9, 0,34, 2,57, 3, 38, 102, 1,93, Off, Off, Off, Off, On, Off, On, Off, Off, Off, Off, Lean
126.296, 925, 1,26, 79, 0, 8, 13,9, 0,34, 2,64, 3, 38, 102, 2,04, Off, Off, Off, Off, On, Off, On, Off, Off, Off, Off, Lean
126.343, 888, 1,25, 79, 0, 8, 13,8, 0,34, 2,59, 3, 38, 102, 1,92, Off, Off, Off, Off, On, Off, On, Off, Off, Off, Off, Lean
126.390, 900, 1,23, 79, 0, 8, 13,9, 0,34, 2,63, 3, 38, 102, 1,97, Off, Off, Off, Off, On, Off, On, Off, Off, Off, Off, Lean
126.453, 900, 1,22, 79, 0, 8, 13,9, 0,34, 2,6, 3, 37, 102, 1,95, Off, Off, Off, Off, On, Off, On, Off, Off, Off, Off, Lean
126.500, 888, 1,24, 79, 0, 8, 14, 0,34, 2,58, 3, 37, 102, 1,91, Off, Off, Off, Off, On, Off, On, Off, Off, Off, Off, Lean
126.546, 875, 1,24, 79, 0, 8, 14, 0,34, 2,61, 3, 37, 102, 1,9, Off, Off, Off, Off, On, Off, On, Off, Off, Off, Off, Lean
126.593, 875, 1,23, 79, 0, 8, 14, 0,34, 2,63, 3, 36, 102, 1,92, Off, Off, Off, Off, On, Off, On, Off, Off, Off, Off, Lean
126.640, 862, 1,22, 79, 0, 8, 14, 0,34, 2,6, 3, 36, 102, 1,87, Off, Off, Off, Off, On, Off, On, Off, Off, Off, Off, Lean
126.703, 862, 1,23, 79, 0, 10, 14, 0,34, 2,59, 3, 36, 102, 1,86, Off, Off, Off, Off, On, Off, On, Off, Off, Off, Off, Lean
126.734, 838, 1,22, 79, 0, 10, 13,9, 0,34, 2,57, 3, 36, 102, 1,79, Off, Off, Off, Off, On, Off, On, Off, Off, Off, Off, Lean
126.812, 838, 1,22, 79, 0, 10, 13,8, 0,34, 2,61, 3, 36, 102, 1,82, Off, Off, Off, Off, On, Off, On, Off, Off, Off, Off, Lean
126.859, 838, 1,2, 79, 0, 10, 13,9, 0,34, 2,62, 3, 35, 102, 1,83, Off, Off, Off, Off, On, Off, On, Off, Off, Off, Off, Lean
126.937, 838, 1,21, 79, 0, 10, 13,9, 0,34, 2,61, 3, 35, 102, 1,82, Off, Off, Off, Off, On, Off, On, Off, Off, Off, Off, Lean
126.984, 825, 1,2, 79, 0, 10, 13,8, 0,34, 2,6, 3, 35, 102, 1,79, Off, Off, Off, Off, On, Off, On, Off, Off, Off, Off, Lean
127.031, 812, 1,2, 79, 0, 10, 13,9, 0,34, 2,61, 3, 35, 102, 1,77, Off, Off, Off, Off, On, Off, On, Off, Off, Off, Off, Lean
127.093, 812, 1,19, 79, 0, 10, 13,8, 0,34, 2,61, 3, 35, 102, 1,77, Off, Off, Off, Off, On, Off, On, Off, Off, Off, Off, Lean
127.156, 812, 1,18, 79, 0, 10, 13,9, 0,34, 2,62, 3, 34, 102, 1,77, Off, Off, Off, Off, On, Off, On, Off, Off, Off, Off, Lean
127.203, 812, 1,18, 79, 0, 10, 13,6, 0,34, 2,61, 3, 34, 102, 1,77, Off, Off, Off, Off, On, Off, On, Off, Off, Off, Off, Lean
127.250, 788, 1,18, 79, 0, 10, 13,6, 0,34, 2,57, 3, 33, 102, 1,69, Off, Off, Off, Off, On, Off, On, Off, Off, Off, Off, Lean
127.312, 775, 1,16, 79, 0, 10, 13,7, 0,34, 2,64, 3, 33, 102, 1,71, Off, Off, Off, Off, On, Off, On, Off, Off, Off, Off, Lean
127.359, 788, 1,16, 79, 0, 10, 13,7, 0,34, 2,62, 3, 33, 102, 1,72, Off, Off, Off, Off, On, Off, On, Off, Off, Off, Off, Lean
127.406, 775, 1,18, 79, 0, 10, 13,7, 0,34, 2,63, 3, 33, 102, 1,7, Off, Off, Off, Off, On, Off, On, Off, Off, Off, Off, Lean
127.468, 775, 1,16, 79, 0, 10, 13,7, 0,34, 2,65, 3, 33, 102, 1,71, Off, Off, Off, Off, On, Off, On, Off, Off, Off, Off, Lean
127.515, 775, 1,16, 79, 0, 10, 13,7, 0,34, 2,65, 3, 33, 102, 1,71, Off, Off, Off, Off, On, Off, On, Off, Off, Off, Off, Lean
127.578, 762, 1,17, 79, 0, 10, 13,7, 0,34, 2,67, 3, 33, 102, 1,7, Off, Off, Off, Off, On, Off, On, Off, Off, Off, Off, Lean
127.640, 725, 1,16, 79, 0, 10, 13,8, 0,34, 2,72, 3, 33, 102, 1,64, Off, Off, Off, Off, On, Off, On, Off, Off, Off, Off, Lean
127.703, 762, 1,16, 79, 0, 10, 13,7, 0,34, 2,77, 3, 33, 102, 1,76, Off, Off, Off, Off, On, Off, On, Off, Off, Off, Off, Lean
127.750, 738, 1,17, 79, 0, 10, 13,8, 0,34, 2,77, 3, 33, 102, 1,7, Off, Off, Off, Off, On, Off, On, Off, Off, Off, Off, Lean
127.796, 738, 1,16, 79, 0, 10, 13,7, 0,34, 2,75, 3, 33, 102, 1,69, Off, Off, Off, Off, On, Off, On, Off, Off, Off, Off, Lean
127.843, 738, 1,16, 79, 0, 10, 13,8, 0,34, 2,76, 3, 33, 102, 1,7, Off, Off, Off, Off, On, Off, On, Off, Off, Off, Off, Lean
127.890, 738, 1,17, 79, 0, 10, 13,8, 0,34, 2,75, 3, 33, 102, 1,69, Off, Off, Off, Off, On, Off, On, Off, Off, Off, Off, Lean
127.953, 762, 1,16, 79, 0, 10, 13,7, 0,34, 2,79, 3, 33, 102, 1,77, Off, Off, Off, Off, On, Off, On, Off, Off, Off, Off, Lean
128.000, 738, 1,16, 79, 0, 10, 13,8, 0,34, 2,78, 3, 33, 102, 1,71, Off, Off, Off, Off, On, Off, On, Off, Off, Off, Off, Lean
128.046, 738, 1,17, 79, 0, 10, 13,8, 0,34, 2,8, 3, 33, 102, 1,72, Off, Off, Off, Off, On, Off, On, Off, Off, Off, Off, Lean
128.093, 725, 1,16, 79, 0, 10, 13,9, 0,34, 2,8, 3, 33, 102, 1,69, Off, Off, Off, Off, On, Off, On, Off, Off, Off, Off, Lean
128.156, 725, 1,17, 79, 0, 10, 13,8, 0,34, 2,83, 5, 33, 102, 1,71, Off, Off, Off, Off, On, Off, On, Off, Off, Off, Off, Lean
128.203, 762, 1,17, 79, 0, 10, 13,7, 0,34, 2,86, 3, 33, 102, 1,82, Off, Off, Off, Off, On, Off, On, Off, Off, Off, Off, Lean
128.250, 738, 1,16, 79, 0, 10, 13,8, 0,34, 2,84, 3, 33, 102, 1,75, Off, Off, Off, Off, On, Off, On, Off, Off, Off, Off, Lean
128.296, 738, 1,17, 79, 0, 10, 13,8, 0,34, 2,83, 3, 33, 102, 1,74, Off, Off, Off, Off, On, Off, On, Off, Off, Off, Off, Lean
128.359, 738, 1,16, 79, 0, 10, 13,8, 0,34, 2,85, 5, 33, 102, 1,75, Off, Off, Off, Off, On, Off, On, Off, Off, Off, Off, Lean
128.421, 738, 1,16, 79, 0, 10, 13,8, 0,34, 2,85, 5, 33, 102, 1,75, Off, Off, Off, Off, On, Off, On, Off, Off, Off, Off, Lean
128.468, 738, 1,17, 79, 0, 10, 13,7, 0,34, 2,81, 4, 33, 102, 1,73, Off, Off, Off, Off, On, Off, On, Off, Off, Off, Off, Lean
128.515, 725, 1,16, 79, 37, 10, 13,8, 0,34, 2,83, 4, 33, 102, 1,71, Off, Off, Off, Off, On, Off, On, Off, Off, Off, Off, Lean
128.578, 738, 1,16, 79, 54, 10, 13,8, 0,34, 2,87, 5, 33, 103, 1,77, Off, Off, Off, Off, On, Off, On, Off, Off, Off, Off, Rich
128.625, 725, 1,17, 79, 61, 10, 13,8, 0,34, 2,82, 4, 33, 103, 1,7, Off, Off, Off, Off, On, Off, On, Off, Off, Off, Off, Rich
128.687, 738, 1,16, 79, 61, 10, 13,8, 0,34, 2,84, 5, 33, 103, 1,75, Off, Off, Off, Off, On, Off, On, Off, Off, Off, Off, Rich
128.734, 712, 1,16, 79, 63, 10, 13,8, 0,34, 2,82, 5, 33, 103, 1,67, Off, Off, Off, Off, On, Off, On, Off, Off, Off, Off, Rich
128.796, 762, 1,17, 79, 63, 10, 13,8, 0,34, 2,79, 4, 33, 103, 1,77, Off, Off, Off, Off, On, Off, On, Off, Off, Off, Off, Rich
128.843, 712, 1,17, 79, 65, 8, 13,8, 0,34, 2,8, 4, 33, 103, 1,66, Off, Off, Off, Off, On, Off, On, Off, Off, Off, Off, Rich
128.890, 725, 1,16, 79, 66, 8, 13,8, 0,34, 2,85, 5, 33, 103, 1,72, Off, Off, Off, Off, On, Off, On, Off, Off, Off, Off, Rich
128.953, 738, 1,17, 79, 66, 8, 13,8, 0,34, 2,76, 4, 33, 103, 1,7, Off, Off, Off, Off, On, Off, On, Off, Off, Off, Off, Rich
129.000, 725, 1,16, 79, 67, 8, 13,8, 0,34, 2,82, 5, 33, 103, 1,7, Off, Off, Off, Off, On, Off, On, Off, Off, Off, Off, Rich
129.062, 725, 1,16, 79, 67, 8, 13,8, 0,34, 2,83, 4, 33, 103, 1,71, Off, Off, Off, Off, On, Off, On, Off, Off, Off, Off, Rich
129.093, 712, 1,16, 79, 67, 8, 13,9, 0,34, 2,79, 5, 33, 103, 1,66, Off, Off, Off, Off, On, Off, On, Off, Off, Off, Off, Rich
129.156, 725, 1,16, 79, 67, 8, 13,8, 0,34, 2,85, 3, 33, 103, 1,72, Off, Off, Off, Off, On, Off, On, Off, Off, Off, Off, Rich
129.203, 725, 1,16, 79, 68, 8, 13,8, 0,34, 2,83, 3, 33, 103, 1,71, Off, Off, Off, Off, On, Off, On, Off, Off, Off, Off, Rich
129.265, 725, 1,16, 79, 68, 8, 13,8, 0,34, 2,77, 4, 33, 103, 1,67, Off, Off, Off, Off, On, Off, On, Off, Off, Off, Off, Rich
129.312, 725, 1,16, 79, 68, 8, 13,8, 0,34, 2,83, 5, 33, 103, 1,71, Off, Off, Off, Off, On, Off, On, Off, Off, Off, Off, Rich
129.359, 738, 1,17, 79, 68, 8, 13,8, 0,34, 2,82, 5, 33, 103, 1,73, Off, Off, Off, Off, On, Off, On, Off, Off, Off, Off, Rich
129.421, 738, 1,16, 79, 68, 8, 13,7, 0,34, 2,84, 4, 33, 103, 1,75, Off, Off, Off, Off, On, Off, On, Off, Off, Off, Off, Rich
129.468, 725, 1,16, 80, 68, 8, 13,8, 0,34, 2,83, 4, 33, 103, 1,71, Off, Off, Off, Off, On, Off, On, Off, Off, Off, Off, Rich
129.515, 738, 1,16, 80, 68, 6, 13,9, 0,34, 2,79, 3, 33, 103, 1,72, Off, Off, Off, Off, On, Off, On, Off, Off, Off, Off, Rich
129.562, 712, 1,16, 80, 67, 6, 13,9, 0,34, 2,83, 5, 33, 103, 1,68, Off, Off, Off, Off, On, Off, On, Off, Off, Off, Off, Rich
129.609, 725, 1,16, 80, 67, 6, 13,9, 0,34, 2,82, 7, 33, 103, 1,7, Off, Off, Off, Off, On, Off, On, Off, Off, Off, Off, Rich
129.656, 712, 1,16, 80, 67, 6, 13,8, 0,34, 2,77, 5, 33, 103, 1,64, Off, Off, Off, Off, On, Off, On, Off, Off, Off, Off, Rich
129.734, 725, 1,16, 80, 67, 6, 13,8, 0,34, 2,84, 5, 33, 103, 1,72, Off, Off, Off, Off, On, Off, On, Off, Off, Off, Off, Rich
129.781, 712, 1,17, 80, 67, 6, 13,9, 0,34, 2,81, 4, 33, 103, 1,67, Off, Off, Off, Off, On, Off, On, Off, Off, Off, Off, Rich
129.812, 725, 1,16, 80, 67, 6, 13,8, 0,34, 2,81, 5, 33, 103, 1,7, Off, Off, Off, Off, On, Off, On, Off, Off, Off, Off, Rich
129.890, 725, 1,16, 80, 67, 6, 13,9, 0,34, 2,81, 4, 33, 103, 1,7, Off, Off, Off, Off, On, Off, On, Off, Off, Off, Off, Rich
129.937, 738, 1,16, 80, 67, 6, 13,8, 0,34, 2,78, 4, 33, 103, 1,71, Off, Off, Off, Off, On, Off, On, Off, Off, Off, Off, Rich
130.000, 725, 1,16, 80, 67, 6, 13,8, 0,34, 2,82, 5, 33, 103, 1,7, Off, Off, Off, Off, On, Off, On, Off, Off, Off, Off, Rich
130.046, 738, 1,16, 80, 67, 6, 13,8, 0,34, 2,8, 5, 33, 103, 1,72, Off, Off, Off, Off, On, Off, On, Off, Off, Off, Off, Rich
130.093, 725, 1,16, 80, 67, 6, 13,8, 0,34, 2,77, 4, 33, 103, 1,67, Off, Off, Off, Off, On, Off, On, Off, Off, Off, Off, Rich
130.156, 688, 1,16, 80, 67, 6, 13,8, 0,34, 2,78, 5, 33, 103, 1,59, Off, Off, Off, Off, On, Off, On, Off, Off, Off, Off, Rich
130.203, 688, 1,16, 80, 66, 6, 13,8, 0,34, 2,82, 7, 33, 103, 1,62, Off, Off, Off, Off, On, Off, On, Off, Off, Off, Off, Rich
130.250, 712, 1,17, 80, 66, 6, 13,7, 0,34, 2,84, 11, 33, 103, 1,69, Off, Off, Off, Off, On, Off, On, Off, Off, Off, Off, Rich
130.312, 712, 1,16, 80, 66, 6, 13,8, 0,34, 2,84, 9, 33, 103, 1,69, Off, Off, Off, Off, On, Off, On, Off, Off, Off, Off, Rich
130.359, 712, 1,16, 80, 66, 6, 13,8, 0,34, 2,85, 7, 33, 103, 1,69, Off, Off, Off, Off, On, Off, On, Off, Off, Off, Off, Rich
130.406, 688, 1,16, 80, 66, 6, 13,8, 0,34, 2,83, 7, 33, 103, 1,62, Off, Off, Off, Off, On, Off, On, Off, Off, Off, Off, Rich
130.484, 712, 1,16, 80, 66, 6, 13,8, 0,34, 2,87, 11, 33, 103, 1,7, Off, Off, Off, Off, On, Off, On, Off, Off, Off, Off, Rich
130.531, 675, 1,16, 80, 66, 6, 13,8, 0,34, 2,86, 9, 33, 103, 1,61, Off, Off, Off, Off, On, Off, On, Off, Off, Off, Off, Rich
130.593, 688, 1,16, 80, 66, 6, 13,8, 0,34, 2,88, 11, 33, 103, 1,65, Off, Off, Off, Off, On, Off, On, Off, Off, Off, Off, Rich
130.640, 688, 1,16, 80, 66, 6, 13,8, 0,34, 2,88, 10, 33, 103, 1,65, Off, Off, Off, Off, On, Off, On, Off, Off, Off, Off, Rich
130.671, 688, 1,17, 80, 66, 6, 13,9, 0,34, 2,87, 11, 33, 103, 1,65, Off, Off, Off, Off, On, Off, On, Off, Off, Off, Off, Rich
130.734, 675, 1,15, 80, 66, 6, 13,8, 0,34, 2,91, 11, 33, 103, 1,64, Off, Off, Off, Off, On, Off, On, Off, Off, Off, Off, Rich
130.781, 675, 1,16, 80, 67, 6, 13,8, 0,34, 2,91, 11, 33, 103, 1,64, Off, Off, Off, Off, On, Off, On, Off, Off, Off, Off, Rich
130.843, 712, 1,16, 80, 67, 6, 13,5, 0,34, 2,87, 10, 33, 103, 1,7, Off, Off, Off, Off, On, Off, On, Off, Off, Off, Off, Rich
130.890, 675, 1,14, 80, 67, 6, 13,8, 0,34, 2,89, 7, 33, 103, 1,63, Off, Off, Off, Off, On, Off, On, Off, Off, Off, Off, Rich
130.937, 712, 1,16, 80, 67, 6, 13,8, 0,34, 2,85, 7, 33, 103, 1,69, Off, Off, Off, Off, On, Off, On, Off, Off, Off, Off, Rich
131.000, 688, 1,16, 80, 67, 6, 13,8, 0,34, 2,87, 7, 33, 103, 1,65, Off, Off, Off, Off, On, Off, On, Off, Off, Off, Off, Rich
131.046, 712, 1,16, 80, 67, 6, 13,8, 0,34, 2,88, 11, 33, 103, 1,71, Off, Off, Off, Off, On, Off, On, Off, Off, Off, Off, Rich
131.093, 688, 1,15, 80, 67, 6, 13,8, 0,34, 2,8, 9, 33, 103, 1,61, Off, Off, Off, Off, On, Off, On, Off, Off, Off, Off, Rich
131.171, 712, 1,16, 80, 67, 6, 13,8, 0,34, 2,82, 7, 33, 103, 1,67, Off, Off, Off, Off, On, Off, On, Off, Off, Off, Off, Rich
131.218, 688, 1,16, 80, 67, 6, 13,8, 0,34, 2,83, 6, 33, 103, 1,62, Off, Off, Off, Off, On, Off, On, Off, Off, Off, Off, Rich
131.281, 712, 1,16, 80, 67, 6, 13,8, 0,34, 2,8, 7, 33, 103, 1,66, Off, Off, Off, Off, On, Off, On, Off, Off, Off, Off, Rich
131.328, 712, 1,16, 80, 67, 6, 13,8, 0,34, 2,84, 7, 33, 103, 1,69, Off, Off, Off, Off, On, Off, On, Off, Off, Off, Off, Rich
131.390, 712, 1,16, 80, 67, 6, 13,8, 0,34, 2,79, 6, 33, 103, 1,66, Off, Off, Off, Off, On, Off, On, Off, Off, Off, Off, Rich
131.437, 688, 1,16, 80, 65, 6, 13,8, 0,34, 2,8, 7, 33, 103, 1,61, Off, Off, Off, Off, On, Off, On, Off, Off, Off, Off, Rich
131.500, 688, 1,16, 80, 65, 6, 13,8, 0,34, 2,82, 7, 33, 103, 1,62, Off, Off, Off, Off, On, Off, On, Off, Off, Off, Off, Rich
131.546, 688, 1,16, 80, 62, 6, 13,8, 0,34, 2,85, 9, 33, 103, 1,63, Off, Off, Off, Off, On, Off, On, Off, Off, Off, Off, Rich
131.609, 712, 1,15, 80, 62, 6, 13,8, 0,34, 2,83, 8, 33, 103, 1,68, Off, Off, Off, Off, On, Off, On, Off, Off, Off, Off, Rich
131.656, 688, 1,16, 80, 58, 6, 13,8, 0,34, 2,87, 7, 33, 103, 1,65, Off, Off, Off, Off, On, Off, On, Off, Off, Off, Off, Rich
131.718, 688, 1,16, 80, 58, 6, 13,8, 0,34, 2,82, 7, 33, 103, 1,62, Off, Off, Off, Off, On, Off, On, Off, Off, Off, Off, Rich
131.765, 688, 1,15, 80, 54, 6, 13,8, 0,34, 2,82, 10, 33, 103, 1,62, Off, Off, Off, Off, On, Off, On, Off, Off, Off, Off, Rich
131.812, 675, 1,16, 80, 53, 6, 13,8, 0,34, 2,88, 11, 33, 103, 1,62, Off, Off, Off, Off, On, Off, On, Off, Off, Off, Off, Rich
131.890, 688, 1,16, 80, 54, 6, 13,8, 0,34, 2,88, 11, 33, 103, 1,65, Off, Off, Off, Off, On, Off, On, Off, Off, Off, Off, Rich
131.937, 675, 1,15, 80, 54, 6, 13,9, 0,34, 2,87, 11, 33, 103, 1,61, Off, Off, Off, Off, On, Off, On, Off, Off, Off, Off, Rich
132.000, 675, 1,16, 80, 57, 6, 13,8, 0,34, 2,86, 11, 33, 103, 1,61, Off, Off, Off, Off, On, Off, On, Off, Off, Off, Off, Rich
132.046, 675, 1,16, 80, 57, 6, 13,8, 0,34, 2,81, 9, 33, 103, 1,58, Off, Off, Off, Off, On, Off, On, Off, Off, Off, Off, Rich
132.093, 688, 1,15, 80, 59, 6, 13,8, 0,34, 2,86, 10, 33, 103, 1,64, Off, Off, Off, Off, On, Off, On, Off, Off, Off, Off, Rich
132.156, 712, 1,16, 80, 59, 6, 13,8, 0,34, 2,75, 9, 33, 103, 1,63, Off, Off, Off, Off, On, Off, On, Off, Off, Off, Off, Rich
132.203, 712, 1,16, 80, 61, 6, 13,7, 0,34, 2,74, 6, 33, 103, 1,63, Off, Off, Off, Off, On, Off, On, Off, Off, Off, Off, Rich
132.250, 725, 1,14, 80, 59, 6, 13,7, 0,34, 2,76, 7, 33, 103, 1,67, Off, Off, Off, Off, On, Off, On, Off, Off, Off, Off, Rich
132.312, 688, 1,15, 80, 59, 6, 13,8, 0,34, 2,72, 7, 33, 103, 1,56, Off, Off, Off, Off, On, Off, On, Off, Off, Off, Off, Rich
132.359, 712, 1,15, 80, 58, 6, 13,8, 0,34, 2,77, 7, 33, 103, 1,64, Off, Off, Off, Off, On, Off, On, Off, Off, Off, Off, Rich
132.406, 688, 1,16, 80, 53, 6, 13,8, 0,34, 2,76, 6, 33, 103, 1,58, Off, Off, Off, Off, On, Off, On, Off, Off, Off, Off, Rich
132.468, 712, 1,16, 80, 53, 6, 13,8, 0,34, 2,79, 7, 33, 103, 1,66, Off, Off, Off, Off, On, Off, On, Off, Off, Off, Off, Rich
132.531, 675, 1,2, 80, 51, 6, 13,8, 0,34, 2,88, 11, 40, 103, 1,62, Off, Off, Off, Off, On, Off, On, Off, Off, Off, Off, Rich
132.593, 712, 1,25, 80, 51, 6, 13,6, 0,34, 2,91, 11, 40, 103, 1,73, Off, Off, Off, Off, On, Off, On, Off, Off, Off, Off, Rich
132.640, 675, 1,25, 80, 49, 6, 13,8, 0,34, 3,05, 13, 40, 103, 1,72, Off, Off, Off, Off, On, Off, On, Off, Off, Off, Off, Rich
132.687, 712, 1,25, 80, 46, 6, 13,8, 0,34, 3,07, 13, 40, 103, 1,82, Off, Off, Off, Off, On, Off, On, Off, Off, Off, Off, Rich
132.750, 675, 1,25, 80, 38, 6, 13,8, 0,34, 3,07, 10, 40, 103, 1,73, Off, Off, Off, Off, On, Off, On, Off, Off, Off, Off, Rich
132.796, 725, 1,24, 80, 38, 6, 13,8, 0,34, 3,1, 9, 40, 104, 1,87, Off, Off, Off, Off, On, Off, On, Off, Off, Off, Off, Lean
132.859, 712, 1,21, 80, 27, 6, 13,8, 0,34, 3,12, 6, 33, 104, 1,85, Off, Off, Off, Off, On, Off, On, Off, Off, Off, Off, Lean
132.906, 738, 1,18, 80, 27, 6, 13,8, 0,34, 2,99, 7, 33, 104, 1,84, Off, Off, Off, Off, On, Off, On, Off, Off, Off, Off, Lean
132.953, 738, 1,15, 80, 18, 6, 13,9, 0,34, 2,79, 4, 33, 104, 1,72, Off, Off, Off, Off, On, Off, On, Off, Off, Off, Off, Lean
133.015, 762, 1,16, 80, 12, 6, 13,9, 0,34, 2,77, 3, 33, 104, 1,76, Off, Off, Off, Off, On, Off, On, Off, Off, Off, Off, Lean
133.062, 738, 1,16, 80, 9, 4, 13,9, 0,34, 2,81, 3, 33, 104, 1,73, Off, Off, Off, Off, On, Off, On, Off, Off, Off, Off, Lean
133.125, 738, 1,15, 80, 9, 4, 13,9, 0,34, 2,8, 3, 33, 104, 1,72, Off, Off, Off, Off, On, Off, On, Off, Off, Off, Off, Lean
133.171, 712, 1,16, 80, 6, 4, 13,9, 0,34, 2,8, 5, 33, 104, 1,66, Off, Off, Off, Off, On, Off, On, Off, Off, Off, Off, Lean
133.234, 725, 1,16, 80, 4, 4, 13,9, 0,34, 2,83, 5, 33, 104, 1,71, Off, Off, Off, Off, On, Off, On, Off, Off, Off, Off, Lean
133.296, 712, 1,16, 80, 4, 4, 13,9, 0,34, 2,84, 5, 33, 104, 1,69, Off, Off, Off, Off, On, Off, On, Off, Off, Off, Off, Lean
133.343, 738, 1,16, 80, 2, 4, 13,8, 0,34, 2,83, 7, 33, 104, 1,74, Off, Off, Off, Off, On, Off, On, Off, Off, Off, Off, Lean
133.390, 725, 1,16, 80, 2, 4, 13,8, 0,34, 2,82, 6, 33, 104, 1,7, Off, Off, Off, Off, On, Off, On, Off, Off, Off, Off, Lean
133.437, 738, 1,16, 80, 0, 4, 13,8, 0,34, 2,77, 3, 33, 104, 1,7, Off, Off, Off, Off, On, Off, On, Off, Off, Off, Off, Lean
133.500, 738, 1,16, 80, 0, 4, 13,8, 0,34, 2,74, 3, 33, 104, 1,69, Off, Off, Off, Off, On, Off, On, Off, Off, Off, Off, Lean
133.546, 738, 1,17, 80, 0, 4, 13,8, 0,34, 2,83, 3, 33, 104, 1,74, Off, Off, Off, Off, On, Off, On, Off, Off, Off, Off, Lean
133.609, 762, 1,16, 80, 0, 4, 13,8, 0,34, 2,72, 3, 33, 104, 1,73, Off, Off, Off, Off, On, Off, On, Off, Off, Off, Off, Lean
133.656, 738, 1,16, 80, 0, 4, 13,9, 0,34, 2,76, 3, 33, 104, 1,7, Off, Off, Off, Off, On, Off, On, Off, Off, Off, Off, Lean
133.703, 762, 1,17, 80, 0, 4, 13,9, 0,34, 2,82, 3, 33, 104, 1,79, Off, Off, Off, Off, On, Off, On, Off, Off, Off, Off, Lean
133.765, 738, 1,16, 80, 0, 6, 14, 0,34, 2,8, 3, 33, 104, 1,72, Off, Off, Off, Off, On, Off, On, Off, Off, Off, Off, Lean
133.812, 762, 1,16, 80, 0, 6, 13,9, 0,34, 2,75, 3, 33, 104, 1,75, Off, Off, Off, Off, On, Off, On, Off, Off, Off, Off, Lean
133.859, 738, 1,17, 80, 0, 6, 13,9, 0,34, 2,78, 3, 33, 104, 1,71, Off, Off, Off, Off, On, Off, On, Off, Off, Off, Off, Lean
133.937, 738, 1,16, 80, 0, 6, 13,8, 0,34, 2,79, 3, 33, 104, 1,72, Off, Off, Off, Off, On, Off, On, Off, Off, Off, Off, Lean
133.984, 775, 1,17, 80, 0, 6, 13,8, 0,34, 2,75, 3, 33, 104, 1,78, Off, Off, Off, Off, On, Off, On, Off, Off, Off, Off, Lean
134.031, 762, 1,16, 80, 0, 6, 13,8, 0,34, 2,72, 3, 33, 104, 1,73, Off, Off, Off, Off, On, Off, On, Off, Off, Off, Off, Lean
134.078, 762, 1,16, 80, 0, 6, 13,9, 0,34, 2,75, 3, 33, 104, 1,75, Off, Off, Off, Off, On, Off, On, Off, Off, Off, Off, Lean
134.140, 762, 1,16, 80, 0, 6, 13,9, 0,34, 2,76, 3, 33, 104, 1,75, Off, Off, Off, Off, On, Off, On, Off, Off, Off, Off, Lean
134.187, 762, 1,18, 80, 0, 6, 14, 0,34, 2,7, 3, 33, 104, 1,71, Off, Off, Off, Off, On, Off, On, Off, Off, Off, Off, Lean
134.250, 762, 1,16, 80, 0, 6, 13,8, 0,34, 2,73, 3, 33, 104, 1,73, Off, Off, Off, Off, On, Off, On, Off, Off, Off, Off, Lean
134.296, 775, 1,16, 80, 0, 6, 13,9, 0,34, 2,73, 3, 33, 104, 1,76, Off, Off, Off, Off, On, Off, On, Off, Off, Off, Off, Lean
134.343, 738, 1,18, 80, 0, 6, 13,8, 0,34, 2,75, 3, 33, 104, 1,69, Off, Off, Off, Off, On, Off, On, Off, Off, Off, Off, Lean
134.406, 775, 1,16, 80, 0, 6, 13,8, 0,34, 2,72, 3, 33, 104, 1,76, Off, Off, Off, Off, On, Off, On, Off, Off, Off, Off, Lean
134.453, 775, 1,16, 80, 0, 8, 14, 0,34, 2,71, 3, 33, 104, 1,75, Off, Off, Off, Off, On, Off, On, Off, Off, Off, Off, Lean
134.500, 762, 1,18, 80, 0, 8, 13,9, 0,34, 2,71, 3, 33, 104, 1,72, Off, Off, Off, Off, On, Off, On, Off, Off, Off, Off, Lean
134.562, 775, 1,16, 80, 0, 8, 13,8, 0,34, 2,74, 3, 33, 104, 1,77, Off, Off, Off, Off, On, Off, On, Off, Off, Off, Off, Lean
134.609, 762, 1,16, 80, 0, 8, 14, 0,34, 2,72, 3, 33, 104, 1,73, Off, Off, Off, Off, On, Off, On, Off, Off, Off, Off, Lean
134.671, 775, 1,18, 80, 0, 8, 14, 0,34, 2,72, 3, 33, 104, 1,76, Off, Off, Off, Off, On, Off, On, Off, Off, Off, Off, Lean
134.734, 775, 1,16, 80, 0, 8, 13,8, 0,34, 2,7, 3, 33, 104, 1,74, Off, Off, Off, Off, On, Off, On, Off, Off, Off, Off, Lean
134.781, 775, 1,16, 80, 0, 8, 14, 0,34, 2,7, 3, 33, 104, 1,74, Off, Off, Off, Off, On, Off, On, Off, Off, Off, Off, Lean
134.828, 762, 1,17, 80, 0, 8, 13,8, 0,34, 2,68, 3, 33, 104, 1,7, Off, Off, Off, Off, On, Off, On, Off, Off, Off, Off, Lean
134.890, 775, 1,16, 80, 0, 8, 13,8, 0,34, 2,7, 3, 33, 104, 1,74, Off, Off, Off, Off, On, Off, On, Off, Off, Off, Off, Lean
134.937, 788, 1,16, 80, 0, 8, 13,9, 0,34, 2,68, 3, 33, 104, 1,76, Off, Off, Off, Off, On, Off, On, Off, Off, Off, Off, Lean
134.984, 775, 1,16, 80, 0, 8, 13,9, 0,34, 2,7, 3, 33, 104, 1,74, Off, Off, Off, Off, On, Off, On, Off, Off, Off, Off, Lean
135.046, 775, 1,18, 80, 0, 8, 13,9, 0,34, 2,71, 3, 33, 104, 1,75, Off, Off, Off, Off, On, Off, On, Off, Off, Off, Off, Lean
135.093, 775, 1,18, 80, 0, 8, 14, 0,34, 2,7, 3, 33, 104, 1,74, Off, Off, Off, Off, On, Off, On, Off, Off, Off, Off, Lean
135.140, 788, 1,17, 80, 0, 8, 13,8, 0,34, 2,73, 3, 33, 104, 1,79, Off, Off, Off, Off, On, Off, On, Off, Off, Off, Off, Lean
135.203, 788, 1,18, 80, 0, 8, 13,8, 0,34, 2,71, 3, 33, 104, 1,78, Off, Off, Off, Off, On, Off, On, Off, Off, Off, Off, Lean
135.250, 788, 1,18, 80, 0, 8, 13,9, 0,34, 2,64, 3, 33, 104, 1,73, Off, Off, Off, Off, On, Off, On, Off, Off, Off, Off, Lean
135.296, 788, 1,16, 80, 0, 8, 13,9, 0,34, 2,69, 3, 33, 104, 1,77, Off, Off, Off, Off, On, Off, On, Off, Off, Off, Off, Lean
135.359, 788, 1,18, 80, 0, 8, 13,9, 0,34, 2,68, 3, 33, 104, 1,76, Off, Off, Off, Off, On, Off, On, Off, Off, Off, Off, Lean
135.406, 788, 1,18, 80, 0, 8, 13,9, 0,34, 2,67, 3, 33, 104, 1,75, Off, Off, Off, Off, On, Off, On, Off, Off, Off, Off, Lean
135.453, 775, 1,16, 80, 0, 8, 13,9, 0,34, 2,69, 3, 33, 104, 1,74, Off, Off, Off, Off, On, Off, On, Off, Off, Off, Off, Lean
135.515, 762, 1,18, 80, 0, 8, 13,8, 0,34, 2,66, 3, 33, 104, 1,69, Off, Off, Off, Off, On, Off, On, Off, Off, Off, Off, Lean
135.578, 775, 1,18, 80, 0, 8, 13,8, 0,34, 2,68, 3, 33, 104, 1,73, Off, Off, Off, Off, On, Off, On, Off, Off, Off, Off, Lean
135.625, 788, 1,16, 80, 0, 8, 13,8, 0,34, 2,72, 3, 33, 104, 1,79, Off, Off, Off, Off, On, Off, On, Off, Off, Off, Off, Lean
135.687, 788, 1,16, 80, 0, 8, 13,9, 0,34, 2,65, 3, 33, 104, 1,74, Off, Off, Off, Off, On, Off, On, Off, Off, Off, Off, Lean
135.734, 788, 1,17, 80, 0, 8, 13,8, 0,34, 2,66, 3, 33, 104, 1,75, Off, Off, Off, Off, On, Off, On, Off, Off, Off, Off, Lean
135.796, 788, 1,18, 80, 0, 8, 13,8, 0,34, 2,68, 3, 33, 104, 1,76, Off, Off, Off, Off, On, Off, On, Off, Off, Off, Off, Lean
135.843, 812, 1,16, 80, 0, 8, 13,6, 0,34, 2,67, 3, 33, 104, 1,81, Off, Off, Off, Off, On, Off, On, Off, Off, Off, Off, Lean
135.890, 812, 1,16, 80, 3, 12, 13,9, 0,34, 2,67, 3, 33, 104, 1,81, Off, Off, Off, Off, On, Off, On, Off, Off, Off, Off, Lean
135.953, 812, 1,18, 80, 26, 12, 13,8, 0,34, 2,68, 3, 33, 104, 1,81, Off, Off, Off, Off, On, Off, On, Off, Off, Off, Off, Lean
136.015, 812, 1,18, 80, 45, 12, 13,8, 0,34, 2,67, 3, 33, 104, 1,81, Off, Off, Off, Off, On, Off, On, Off, Off, Off, Off, Lean
136.078, 825, 1,16, 80, 45, 12, 13,8, 0,34, 2,63, 3, 33, 104, 1,81, Off, Off, Off, Off, On, Off, On, Off, Off, Off, Off, Lean
136.125, 788, 1,16, 80, 54, 12, 13,9, 0,34, 2,66, 3, 33, 103, 1,75, Off, Off, Off, Off, On, Off, On, Off, Off, Off, Off, Rich
136.171, 788, 1,18, 80, 59, 12, 13,8, 0,34, 2,61, 3, 33, 103, 1,71, Off, Off, Off, Off, On, Off, On, Off, Off, Off, Off, Rich
136.234, 788, 1,16, 80, 59, 12, 13,8, 0,34, 2,59, 3, 33, 103, 1,7, Off, Off, Off, Off, On, Off, On, Off, Off, Off, Off, Rich
136.281, 812, 1,17, 80, 62, 12, 13,9, 0,34, 2,62, 3, 33, 103, 1,77, Off, Off, Off, Off, On, Off, On, Off, Off, Off, Off, Rich
136.328, 788, 1,18, 80, 63, 12, 13,9, 0,34, 2,62, 3, 33, 103, 1,72, Off, Off, Off, Off, On, Off, On, Off, Off, Off, Off, Rich
136.375, 775, 1,17, 80, 63, 12, 14, 0,34, 2,63, 3, 33, 103, 1,7, Off, Off, Off, Off, On, Off, On, Off, Off, Off, Off, Rich
136.421, 812, 1,17, 80, 64, 12, 14, 0,34, 2,62, 3, 33, 103, 1,77, Off, Off, Off, Off, On, Off, On, Off, Off, Off, Off, Rich
136.468, 775, 1,18, 80, 64, 12, 14, 0,34, 2,65, 3, 33, 103, 1,71, Off, Off, Off, Off, On, Off, On, Off, Off, Off, Off, Rich
136.531, 775, 1,18, 80, 64, 12, 14, 0,34, 2,59, 3, 33, 103, 1,67, Off, Off, Off, Off, On, Off, On, Off, Off, Off, Off, Rich
136.578, 812, 1,17, 80, 64, 12, 13,8, 0,34, 2,6, 3, 33, 103, 1,76, Off, Off, Off, Off, On, Off, On, Off, Off, Off, Off, Rich
136.625, 812, 1,18, 80, 64, 12, 13,9, 0,34, 2,63, 3, 33, 103, 1,78, Off, Off, Off, Off, On, Off, On, Off, Off, Off, Off, Rich
136.687, 812, 1,17, 80, 64, 12, 13,9, 0,34, 2,57, 3, 33, 103, 1,74, Off, Off, Off, Off, On, Off, On, Off, Off, Off, Off, Rich
136.750, 788, 1,17, 80, 64, 12, 14, 0,34, 2,6, 3, 33, 103, 1,71, Off, Off, Off, Off, On, Off, On, Off, Off, Off, Off, Rich
136.796, 812, 1,18, 80, 64, 12, 13,8, 0,34, 2,63, 3, 33, 103, 1,78, Off, Off, Off, Off, On, Off, On, Off, Off, Off, Off, Rich
136.843, 812, 1,18, 80, 64, 12, 13,8, 0,34, 2,59, 3, 33, 103, 1,75, Off, Off, Off, Off, On, Off, On, Off, Off, Off, Off, Rich
136.890, 812, 1,18, 80, 65, 12, 13,9, 0,34, 2,6, 3, 33, 103, 1,76, Off, Off, Off, Off, On, Off, On, Off, Off, Off, Off, Rich
136.953, 812, 1,17, 80, 65, 12, 13,8, 0,34, 2,61, 3, 33, 103, 1,77, Off, Off, Off, Off, On, Off, On, Off, Off, Off, Off, Rich
136.984, 812, 1,17, 80, 65, 12, 13,8, 0,34, 2,61, 3, 33, 103, 1,77, Off, Off, Off, Off, On, Off, On, Off, Off, Off, Off, Rich
137.046, 775, 1,18, 80, 65, 12, 13,9, 0,34, 2,63, 3, 33, 103, 1,7, Off, Off, Off, Off, On, Off, On, Off, Off, Off, Off, Rich
137.109, 775, 1,17, 80, 65, 12, 13,9, 0,34, 2,64, 3, 33, 103, 1,71, Off, Off, Off, Off, On, Off, On, Off, Off, Off, Off, Rich
137.156, 775, 1,17, 80, 64, 12, 13,8, 0,34, 2,67, 3, 33, 103, 1,72, Off, Off, Off, Off, On, Off, On, Off, Off, Off, Off, Rich
137.203, 775, 1,18, 80, 64, 12, 13,8, 0,34, 2,66, 3, 33, 103, 1,72, Off, Off, Off, Off, On, Off, On, Off, Off, Off, Off, Rich
137.265, 788, 1,17, 80, 62, 12, 13,9, 0,34, 2,66, 3, 33, 103, 1,75, Off, Off, Off, Off, On, Off, On, Off, Off, Off, Off, Rich
137.312, 788, 1,17, 80, 63, 12, 13,8, 0,34, 2,66, 3, 33, 103, 1,75, Off, Off, Off, Off, On, Off, On, Off, Off, Off, Off, Rich
137.359, 775, 1,17, 80, 63, 12, 13,9, 0,34, 2,65, 3, 33, 103, 1,71, Off, Off, Off, Off, On, Off, On, Off, Off, Off, Off, Rich
137.421, 775, 1,17, 80, 61, 12, 13,9, 0,34, 2,62, 3, 33, 103, 1,69, Off, Off, Off, Off, On, Off, On, Off, Off, Off, Off, Rich
137.484, 788, 1,17, 80, 63, 12, 13,9, 0,34, 2,65, 3, 33, 103, 1,74, Off, Off, Off, Off, On, Off, On, Off, Off, Off, Off, Rich
137.531, 788, 1,18, 80, 62, 12, 13,9, 0,34, 2,64, 3, 33, 103, 1,73, Off, Off, Off, Off, On, Off, On, Off, Off, Off, Off, Rich
137.593, 775, 1,17, 80, 62, 12, 13,9, 0,34, 2,57, 3, 33, 103, 1,66, Off, Off, Off, Off, On, Off, On, Off, Off, Off, Off, Rich
137.656, 775, 1,18, 80, 63, 12, 13,9, 0,34, 2,59, 3, 33, 103, 1,67, Off, Off, Off, Off, On, Off, On, Off, Off, Off, Off, Rich
137.703, 788, 1,17, 80, 62, 12, 13,8, 0,34, 2,67, 3, 33, 103, 1,75, Off, Off, Off, Off, On, Off, On, Off, Off, Off, Off, Rich
137.750, 775, 1,17, 80, 64, 12, 13,9, 0,34, 2,59, 3, 33, 103, 1,67, Off, Off, Off, Off, On, Off, On, Off, Off, Off, Off, Rich
137.812, 788, 1,17, 80, 64, 12, 13,8, 0,34, 2,58, 3, 33, 103, 1,69, Off, Off, Off, Off, On, Off, On, Off, Off, Off, Off, Rich
137.875, 788, 1,17, 80, 65, 12, 13,8, 0,34, 2,57, 3, 33, 103, 1,69, Off, Off, Off, Off, On, Off, On, Off, Off, Off, Off, Rich
137.921, 788, 1,18, 80, 65, 12, 13,8, 0,34, 2,66, 3, 33, 103, 1,75, Off, Off, Off, Off, On, Off, On, Off, Off, Off, Off, Rich
137.968, 788, 1,18, 80, 65, 14, 13,8, 0,34, 2,61, 3, 33, 103, 1,71, Off, Off, Off, Off, On, Off, On, Off, Off, Off, Off, Rich
138.031, 775, 1,17, 80, 65, 14, 13,9, 0,34, 2,57, 3, 33, 103, 1,66, Off, Off, Off, Off, On, Off, On, Off, Off, Off, Off, Rich
138.093, 788, 1,18, 80, 65, 14, 13,9, 0,34, 2,62, 3, 33, 103, 1,72, Off, Off, Off, Off, On, Off, On, Off, Off, Off, Off, Rich
138.140, 788, 1,18, 80, 64, 14, 13,9, 0,34, 2,61, 3, 33, 103, 1,71, Off, Off, Off, Off, On, Off, On, Off, Off, Off, Off, Rich
138.203, 775, 1,18, 80, 64, 14, 13,9, 0,34, 2,58, 3, 33, 103, 1,67, Off, Off, Off, Off, On, Off, On, Off, Off, Off, Off, Rich
138.265, 788, 1,18, 80, 64, 14, 13,9, 0,34, 2,59, 3, 33, 103, 1,7, Off, Off, Off, Off, On, Off, On, Off, Off, Off, Off, Rich
138.312, 788, 1,17, 80, 64, 14, 13,9, 0,34, 2,63, 3, 33, 103, 1,73, Off, Off, Off, Off, On, Off, On, Off, Off, Off, Off, Rich
138.375, 825, 1,17, 80, 64, 14, 13,9, 0,34, 2,57, 3, 33, 103, 1,77, Off, Off, Off, Off, On, Off, On, Off, Off, Off, Off, Rich
138.421, 812, 1,18, 80, 64, 14, 14, 0,34, 2,56, 3, 33, 103, 1,73, Off, Off, Off, Off, On, Off, On, Off, Off, Off, Off, Rich
138.484, 812, 1,17, 80, 62, 14, 13,9, 0,34, 2,56, 3, 33, 103, 1,73, Off, Off, Off, Off, On, Off, On, Off, Off, Off, Off, Rich
138.531, 812, 1,18, 80, 63, 14, 13,9, 0,34, 2,6, 3, 33, 103, 1,76, Off, Off, Off, Off, On, Off, On, Off, Off, Off, Off, Rich
138.578, 812, 1,18, 80, 62, 14, 13,9, 0,34, 2,56, 3, 33, 103, 1,73, Off, Off, Off, Off, On, Off, On, Off, Off, Off, Off, Rich
138.625, 825, 1,18, 80, 62, 14, 13,7, 0,34, 2,57, 3, 33, 103, 1,77, Off, Off, Off, Off, On, Off, On, Off, Off, Off, Off, Rich
138.671, 812, 1,17, 80, 62, 14, 13,8, 0,34, 2,56, 3, 33, 103, 1,73, Off, Off, Off, Off, On, Off, On, Off, Off, Off, Off, Rich
138.734, 812, 1,17, 80, 60, 14, 13,6, 0,34, 2,59, 3, 33, 103, 1,75, Off, Off, Off, Off, On, Off, On, Off, Off, Off, Off, Rich
138.781, 812, 1,18, 80, 56, 14, 13,7, 0,34, 2,58, 3, 33, 103, 1,75, Off, Off, Off, Off, On, Off, On, Off, Off, Off, Off, Rich
138.828, 788, 1,16, 80, 56, 14, 13,8, 0,34, 2,58, 3, 33, 103, 1,69, Off, Off, Off, Off, On, Off, On, Off, Off, Off, Off, Rich
138.890, 775, 1,17, 80, 54, 14, 13,8, 0,34, 2,61, 3, 33, 103, 1,69, Off, Off, Off, Off, On, Off, On, Off, Off, Off, Off, Rich
138.937, 775, 1,16, 80, 54, 14, 13,9, 0,34, 2,59, 3, 33, 103, 1,67, Off, Off, Off, Off, On, Off, On, Off, Off, Off, Off, Rich
139.000, 775, 1,16, 80, 52, 14, 13,8, 0,34, 2,6, 3, 33, 103, 1,68, Off, Off, Off, Off, On, Off, On, Off, Off, Off, Off, Rich
139.046, 788, 1,16, 80, 50, 14, 13,6, 0,34, 2,61, 3, 33, 103, 1,71, Off, Off, Off, Off, On, Off, On, Off, Off, Off, Off, Rich
139.093, 775, 1,17, 80, 45, 14, 13,8, 0,34, 2,6, 3, 33, 103, 1,68, Off, Off, Off, Off, On, Off, On, Off, Off, Off, Off, Rich
139.156, 788, 1,16, 80, 45, 14, 13,8, 0,34, 2,59, 3, 33, 103, 1,7, Off, Off, Off, Off, On, Off, On, Off, Off, Off, Off, Rich
139.203, 775, 1,16, 80, 32, 14, 13,8, 0,34, 2,61, 3, 33, 104, 1,69, Off, Off, Off, Off, On, Off, On, Off, Off, Off, Off, Lean
139.250, 775, 1,18, 80, 19, 14, 13,8, 0,34, 2,64, 3, 33, 104, 1,71, Off, Off, Off, Off, On, Off, On, Off, Off, Off, Off, Lean
139.312, 762, 1,16, 80, 19, 14, 13,8, 0,34, 2,63, 3, 33, 104, 1,67, Off, Off, Off, Off, On, Off, On, Off, Off, Off, Off, Lean
139.359, 775, 1,16, 80, 11, 14, 13,8, 0,34, 2,65, 3, 33, 104, 1,71, Off, Off, Off, Off, On, Off, On, Off, Off, Off, Off, Lean
139.421, 775, 1,17, 80, 6, 16, 13,8, 0,34, 2,65, 7, 33, 104, 1,71, Off, Off, Off, Off, On, Off, On, Off, Off, Off, Off, Lean
139.468, 788, 1,17, 80, 3, 16, 13,8, 0,34, 2,66, 13, 33, 104, 1,75, Off, Off, Off, Off, On, Off, On, Off, Off, Off, Off, Lean
139.515, 825, 1,16, 80, 3, 16, 13,5, 0,34, 2,68, 13, 33, 104, 1,84, Off, Off, Off, Off, On, Off, On, Off, Off, Off, Off, Lean
139.593, 838, 1,16, 80, 1, 16, 13,7, 0,34, 2,67, 13, 34, 104, 1,86, Off, Off, Off, Off, On, Off, On, Off, Off, Off, Off, Lean
139.640, 825, 1,18, 80, 0, 16, 13,8, 0,34, 2,65, 13, 34, 104, 1,82, Off, Off, Off, Off, On, Off, On, Off, Off, Off, Off, Lean
139.687, 838, 1,18, 80, 0, 16, 13,9, 0,34, 2,63, 13, 34, 104, 1,84, Off, Off, Off, Off, On, Off, On, Off, Off, Off, Off, Lean
139.734, 862, 1,18, 80, 0, 16, 13,8, 0,34, 2,56, 13, 34, 104, 1,84, Off, Off, Off, Off, On, Off, On, Off, Off, Off, Off, Lean
139.796, 888, 1,17, 80, 0, 16, 13,8, 0,34, 2,55, 13, 34, 104, 1,89, Off, Off, Off, Off, On, Off, On, Off, Off, Off, Off, Lean
139.843, 888, 1,18, 80, 0, 16, 13,6, 0,34, 2,55, 13, 35, 104, 1,89, Off, Off, Off, Off, On, Off, On, Off, Off, Off, Off, Lean
139.906, 900, 1,18, 80, 0, 16, 13,8, 0,34, 2,51, 13, 35, 104, 1,88, Off, Off, Off, Off, On, Off, On, Off, Off, Off, Off, Lean
139.953, 900, 1,18, 80, 0, 16, 13,8, 0,34, 2,49, 13, 35, 104, 1,87, Off, Off, Off, Off, On, Off, On, Off, Off, Off, Off, Lean
140.000, 900, 1,18, 80, 0, 16, 13,8, 0,34, 2,49, 13, 35, 104, 1,87, Off, Off, Off, Off, On, Off, On, Off, Off, Off, Off, Lean
140.062, 925, 1,18, 80, 0, 16, 13,8, 0,34, 2,48, 13, 35, 104, 1,91, Off, Off, Off, Off, On, Off, On, Off, Off, Off, Off, Lean
140.109, 938, 1,19, 80, 0, 16, 13,8, 0,34, 2,48, 13, 35, 104, 1,94, Off, Off, Off, Off, On, Off, On, Off, Off, Off, Off, Lean
140.156, 938, 1,2, 80, 0, 16, 13,5, 0,34, 2,47, 13, 35, 104, 1,93, Off, Off, Off, Off, On, Off, On, Off, Off, Off, Off, Lean
140.203, 925, 1,19, 80, 0, 16, 13,8, 0,34, 2,44, 13, 35, 104, 1,88, Off, Off, Off, Off, On, Off, On, Off, Off, Off, Off, Lean
140.265, 950, 1,2, 80, 0, 16, 13,8, 0,34, 2,45, 13, 36, 104, 1,94, Off, Off, Off, Off, On, Off, On, Off, Off, Off, Off, Lean
140.312, 938, 1,2, 80, 0, 16, 13,8, 0,34, 2,45, 13, 36, 104, 1,92, Off, Off, Off, Off, On, Off, On, Off, Off, Off, Off, Lean
140.375, 925, 1,2, 80, 0, 16, 13,8, 0,34, 2,42, 13, 36, 104, 1,87, Off, Off, Off, Off, On, Off, On, Off, Off, Off, Off, Lean
140.421, 900, 1,2, 80, 0, 16, 13,8, 0,34, 2,44, 13, 36, 104, 1,83, Off, Off, Off, Off, On, Off, On, Off, Off, Off, Off, Lean
140.468, 925, 1,2, 80, 0, 16, 13,8, 0,34, 2,45, 13, 36, 104, 1,89, Off, Off, Off, Off, On, Off, On, Off, Off, Off, Off, Lean
140.515, 900, 1,2, 80, 0, 16, 13,8, 0,34, 2,45, 13, 36, 104, 1,84, Off, Off, Off, Off, On, Off, On, Off, Off, Off, Off, Lean
140.562, 900, 1,2, 80, 0, 16, 13,8, 0,34, 2,46, 13, 36, 104, 1,85, Off, Off, Off, Off, On, Off, On, Off, Off, Off, Off, Lean
140.609, 925, 1,21, 80, 0, 16, 13,8, 0,34, 2,47, 13, 36, 104, 1,9, Off, Off, Off, Off, On, Off, On, Off, Off, Off, Off, Lean
140.671, 925, 1,2, 80, 0, 16, 13,8, 0,34, 2,47, 13, 36, 104, 1,9, Off, Off, Off, Off, On, Off, On, Off, Off, Off, Off, Lean
140.734, 900, 1,21, 80, 0, 16, 13,8, 0,34, 2,45, 13, 36, 104, 1,84, Off, Off, Off, Off, On, Off, On, Off, Off, Off, Off, Lean
140.781, 888, 1,21, 80, 0, 16, 13,8, 0,34, 2,45, 13, 36, 104, 1,81, Off, Off, Off, Off, On, Off, On, Off, Off, Off, Off, Lean
140.843, 900, 1,21, 80, 0, 14, 13,9, 0,34, 2,46, 13, 36, 104, 1,85, Off, Off, Off, Off, On, Off, On, Off, Off, Off, Off, Lean
140.890, 900, 1,23, 80, 0, 14, 13,8, 0,34, 2,48, 13, 37, 104, 1,86, Off, Off, Off, Off, On, Off, On, Off, Off, Off, Off, Lean
140.937, 888, 1,22, 80, 0, 14, 13,8, 0,34, 2,52, 13, 37, 104, 1,86, Off, Off, Off, Off, On, Off, On, Off, Off, Off, Off, Lean
141.015, 888, 1,22, 80, 0, 14, 13,8, 0,34, 2,52, 13, 37, 104, 1,86, Off, Off, Off, Off, On, Off, On, Off, Off, Off, Off, Lean
141.062, 875, 1,22, 80, 0, 14, 13,8, 0,34, 2,54, 13, 37, 104, 1,85, Off, Off, Off, Off, On, Off, On, Off, Off, Off, Off, Lean
141.109, 875, 1,22, 80, 0, 14, 13,8, 0,34, 2,55, 13, 37, 104, 1,86, Off, Off, Off, Off, On, Off, On, Off, Off, Off, Off, Lean
141.171, 875, 1,22, 80, 0, 14, 13,8, 0,34, 2,54, 13, 37, 104, 1,85, Off, Off, Off, Off, On, Off, On, Off, Off, Off, Off, Lean
141.218, 875, 1,23, 80, 0, 14, 13,8, 0,34, 2,57, 13, 37, 104, 1,87, Off, Off, Off, Off, On, Off, On, Off, Off, Off, Off, Lean
141.281, 888, 1,22, 80, 0, 14, 13,8, 0,34, 2,56, 13, 37, 104, 1,89, Off, Off, Off, Off, On, Off, On, Off, Off, Off, Off, Lean
141.328, 875, 1,23, 80, 0, 14, 13,9, 0,34, 2,59, 13, 38, 104, 1,89, Off, Off, Off, Off, On, Off, On, Off, Off, Off, Off, Lean
141.390, 875, 1,23, 80, 0, 14, 13,8, 0,34, 2,58, 13, 38, 104, 1,88, Off, Off, Off, Off, On, Off, On, Off, Off, Off, Off, Lean
141.437, 875, 1,22, 80, 0, 14, 13,8, 0,34, 2,62, 13, 38, 104, 1,91, Off, Off, Off, Off, On, Off, On, Off, Off, Off, Off, Lean
141.500, 875, 1,24, 80, 0, 14, 13,8, 0,34, 2,62, 13, 38, 104, 1,91, Off, Off, Off, Off, On, Off, On, Off, Off, Off, Off, Lean
141.562, 888, 1,24, 80, 0, 16, 13,8, 0,34, 2,64, 13, 38, 104, 1,95, Off, Off, Off, Off, On, Off, On, Off, Off, Off, Off, Lean
141.609, 888, 1,24, 80, 0, 16, 13,8, 0,34, 2,66, 13, 38, 104, 1,97, Off, Off, Off, Off, On, Off, On, Off, Off, Off, Off, Lean
141.656, 875, 1,24, 80, 0, 16, 13,8, 0,34, 2,63, 13, 38, 104, 1,92, Off, Off, Off, Off, On, Off, On, Off, Off, Off, Off, Lean
141.734, 888, 1,24, 80, 0, 16, 13,8, 0,34, 2,65, 13, 38, 104, 1,96, Off, Off, Off, Off, On, Off, On, Off, Off, Off, Off, Lean
141.781, 888, 1,24, 80, 0, 16, 13,9, 0,34, 2,66, 13, 38, 104, 1,97, Off, Off, Off, Off, On, Off, On, Off, Off, Off, Off, Lean
141.843, 888, 1,25, 80, 0, 16, 13,8, 0,34, 2,66, 13, 38, 104, 1,97, Off, Off, Off, Off, On, Off, On, Off, Off, Off, Off, Lean
141.890, 888, 1,25, 80, 0, 16, 13,9, 0,34, 2,68, 13, 38, 104, 1,98, Off, Off, Off, Off, On, Off, On, Off, Off, Off, Off, Lean
141.953, 888, 1,24, 80, 0, 16, 13,8, 0,34, 2,68, 13, 38, 104, 1,98, Off, Off, Off, Off, On, Off, On, Off, Off, Off, Off, Lean
142.000, 888, 1,24, 80, 0, 16, 13,8, 0,34, 2,7, 13, 38, 104, 2, Off, Off, Off, Off, On, Off, On, Off, Off, Off, Off, Lean
142.046, 900, 1,23, 80, 0, 16, 13,8, 0,34, 2,69, 13, 38, 104, 2,02, Off, Off, Off, Off, On, Off, On, Off, Off, Off, Off, Lean
142.109, 900, 1,24, 80, 0, 16, 13,8, 0,34, 2,69, 13, 38, 104, 2,02, Off, Off, Off, Off, On, Off, On, Off, Off, Off, Off, Lean
142.156, 900, 1,25, 80, 0, 16, 13,8, 0,34, 2,7, 13, 38, 104, 2,03, Off, Off, Off, Off, On, Off, On, Off, Off, Off, Off, Lean
142.203, 900, 1,24, 80, 0, 16, 13,8, 0,34, 2,69, 13, 38, 104, 2,02, Off, Off, Off, Off, On, Off, On, Off, Off, Off, Off, Lean
142.250, 900, 1,24, 80, 0, 14, 13,8, 0,34, 2,69, 13, 38, 104, 2,02, Off, Off, Off, Off, On, Off, On, Off, Off, Off, Off, Lean
142.296, 888, 1,24, 80, 0, 14, 13,9, 0,34, 2,69, 13, 38, 104, 1,99, Off, Off, Off, Off, On, Off, On, Off, Off, Off, Off, Lean
142.343, 888, 1,24, 80, 0, 14, 13,9, 0,34, 2,68, 13, 38, 104, 1,98, Off, Off, Off, Off, On, Off, On, Off, Off, Off, Off, Lean
142.421, 888, 1,24, 80, 0, 14, 13,9, 0,34, 2,68, 13, 38, 104, 1,98, Off, Off, Off, Off, On, Off, On, Off, Off, Off, Off, Lean
142.468, 875, 1,24, 80, 0, 14, 13,8, 0,34, 2,69, 13, 38, 104, 1,96, Off, Off, Off, Off, On, Off, On, Off, Off, Off, Off, Lean
142.531, 888, 1,24, 80, 1, 14, 13,8, 0,34, 2,69, 13, 38, 104, 1,99, Off, Off, Off, Off, On, Off, On, Off, Off, Off, Off, Lean
142.578, 888, 1,24, 80, 17, 14, 13,8, 0,34, 2,73, 13, 38, 104, 2,02, Off, Off, Off, Off, On, Off, On, Off, Off, Off, Off, Lean
142.625, 888, 1,25, 80, 38, 14, 13,8, 0,34, 2,72, 13, 38, 104, 2,01, Off, Off, Off, Off, On, Off, On, Off, Off, Off, Off, Lean
142.687, 888, 1,25, 80, 38, 14, 13,9, 0,34, 2,71, 13, 38, 104, 2,01, Off, Off, Off, Off, On, Off, On, Off, Off, Off, Off, Lean
142.734, 875, 1,24, 80, 49, 14, 13,8, 0,34, 2,67, 13, 38, 104, 1,95, Off, Off, Off, Off, On, Off, On, Off, Off, Off, Off, Rich
142.796, 888, 1,24, 80, 55, 14, 13,8, 0,34, 2,66, 13, 38, 104, 1,97, Off, Off, Off, Off, On, Off, On, Off, Off, Off, Off, Rich
142.843, 888, 1,24, 80, 58, 14, 13,8, 0,34, 2,68, 13, 38, 104, 1,98, Off, Off, Off, Off, On, Off, On, Off, Off, Off, Off, Rich
142.906, 888, 1,24, 80, 60, 14, 13,8, 0,34, 2,65, 13, 38, 104, 1,96, Off, Off, Off, Off, On, Off, On, Off, Off, Off, Off, Rich
142.953, 875, 1,24, 80, 61, 14, 13,8, 0,34, 2,67, 13, 38, 104, 1,95, Off, Off, Off, Off, On, Off, On, Off, Off, Off, Off, Rich
143.015, 888, 1,24, 80, 61, 14, 13,8, 0,34, 2,66, 11, 38, 104, 1,97, Off, Off, Off, Off, On, Off, On, Off, Off, Off, Off, Rich
143.062, 875, 1,24, 80, 63, 14, 13,9, 0,34, 2,67, 8, 38, 104, 1,95, Off, Off, Off, Off, On, Off, On, Off, Off, Off, Off, Rich
143.125, 875, 1,24, 80, 63, 14, 13,9, 0,34, 2,64, 6, 38, 104, 1,93, Off, Off, Off, Off, On, Off, On, Off, Off, Off, Off, Rich
143.187, 862, 1,24, 80, 63, 14, 13,8, 0,34, 2,67, 3, 38, 104, 1,92, Off, Off, Off, Off, On, Off, On, Off, Off, Off, Off, Rich
143.250, 862, 1,25, 80, 61, 14, 13,8, 0,34, 2,66, 3, 38, 104, 1,91, Off, Off, Off, Off, On, Off, On, Off, Off, Off, Off, Rich
143.296, 838, 1,25, 80, 62, 14, 13,8, 0,34, 2,68, 3, 38, 104, 1,87, Off, Off, Off, Off, On, Off, On, Off, Off, Off, Off, Rich
143.359, 838, 1,25, 80, 62, 14, 13,8, 0,34, 2,7, 3, 38, 104, 1,89, Off, Off, Off, Off, On, Off, On, Off, Off, Off, Off, Rich
143.406, 862, 1,24, 80, 59, 14, 13,8, 0,34, 2,7, 3, 38, 104, 1,94, Off, Off, Off, Off, On, Off, On, Off, Off, Off, Off, Rich
143.468, 838, 1,23, 80, 62, 14, 13,8, 0,34, 2,69, 3, 38, 104, 1,88, Off, Off, Off, Off, On, Off, On, Off, Off, Off, Off, Rich
143.515, 838, 1,24, 80, 58, 14, 13,7, 0,34, 2,71, 3, 38, 104, 1,89, Off, Off, Off, Off, On, Off, On, Off, Off, Off, Off, Rich
143.578, 838, 1,24, 80, 58, 14, 13,8, 0,34, 2,71, 3, 38, 104, 1,89, Off, Off, Off, Off, On, Off, On, Off, Off, Off, Off, Rich
143.625, 862, 1,25, 80, 57, 16, 13,8, 0,34, 2,7, 3, 38, 104, 1,94, Off, Off, Off, Off, On, Off, On, Off, Off, Off, Off, Rich
143.671, 838, 1,24, 80, 55, 16, 13,8, 0,34, 2,74, 11, 38, 104, 1,91, Off, Off, Off, Off, On, Off, On, Off, Off, Off, Off, Rich
143.734, 875, 1,24, 80, 53, 16, 13,8, 0,34, 2,72, 13, 38, 104, 1,98, Off, Off, Off, Off, On, Off, On, Off, Off, Off, Off, Rich
143.796, 875, 1,24, 80, 50, 16, 13,8, 0,34, 2,73, 13, 38, 104, 1,99, Off, Off, Off, Off, On, Off, On, Off, Off, Off, Off, Rich
143.859, 888, 1,23, 80, 50, 16, 13,8, 0,34, 2,72, 13, 38, 104, 2,01, Off, Off, Off, Off, On, Off, On, Off, Off, Off, Off, Rich
143.906, 900, 1,24, 80, 45, 16, 13,8, 0,34, 2,72, 13, 38, 104, 2,04, Off, Off, Off, Off, On, Off, On, Off, Off, Off, Off, Rich
143.953, 900, 1,23, 80, 34, 16, 13,8, 0,34, 2,69, 13, 38, 106, 2,02, Off, Off, Off, Off, On, Off, On, Off, Off, Off, Off, Lean
144.000, 900, 1,24, 80, 24, 16, 13,8, 0,34, 2,72, 13, 38, 106, 2,04, Off, Off, Off, Off, On, Off, On, Off, Off, Off, Off, Lean
144.046, 888, 1,24, 80, 16, 16, 13,8, 0,34, 2,73, 13, 38, 106, 2,02, Off, Off, Off, Off, On, Off, On, Off, Off, Off, Off, Lean
144.093, 888, 1,23, 80, 16, 16, 13,9, 0,34, 2,7, 13, 38, 106, 2, Off, Off, Off, Off, On, Off, On, Off, Off, Off, Off, Lean
144.156, 862, 1,24, 80, 10, 16, 13,8, 0,34, 2,69, 13, 38, 106, 1,93, Off, Off, Off, Off, On, Off, On, Off, Off, Off, Off, Lean
144.203, 875, 1,24, 80, 7, 16, 13,8, 0,34, 2,7, 13, 38, 106, 1,97, Off, Off, Off, Off, On, Off, On, Off, Off, Off, Off, Lean
144.265, 862, 1,24, 80, 5, 16, 13,8, 0,34, 2,72, 13, 38, 106, 1,95, Off, Off, Off, Off, On, Off, On, Off, Off, Off, Off, Lean
144.328, 875, 1,25, 80, 5, 16, 13,8, 0,34, 2,71, 13, 38, 106, 1,98, Off, Off, Off, Off, On, Off, On, Off, Off, Off, Off, Lean
144.375, 862, 1,24, 80, 5, 14, 13,8, 0,34, 2,73, 13, 38, 106, 1,96, Off, Off, Off, Off, On, Off, On, Off, Off, Off, Off, Lean
144.437, 862, 1,24, 80, 8, 14, 13,8, 0,34, 2,72, 13, 38, 106, 1,95, Off, Off, Off, Off, On, Off, On, Off, Off, Off, Off, Lean
144.500, 862, 1,23, 80, 28, 14, 13,8, 0,34, 2,73, 13, 38, 106, 1,96, Off, Off, Off, Off, On, Off, On, Off, Off, Off, Off, Lean
144.546, 862, 1,24, 80, 49, 14, 13,8, 0,34, 2,72, 13, 38, 106, 1,95, Off, Off, Off, Off, On, Off, On, Off, Off, Off, Off, Lean
144.593, 862, 1,25, 80, 57, 14, 13,8, 0,34, 2,69, 13, 38, 105, 1,93, Off, Off, Off, Off, On, Off, On, Off, Off, Off, Off, Rich
144.656, 838, 1,24, 80, 57, 14, 13,8, 0,34, 2,7, 13, 38, 105, 1,89, Off, Off, Off, Off, On, Off, On, Off, Off, Off, Off, Rich
144.703, 862, 1,24, 80, 61, 14, 13,8, 0,34, 2,7, 13, 38, 105, 1,94, Off, Off, Off, Off, On, Off, On, Off, Off, Off, Off, Rich
144.765, 838, 1,23, 80, 62, 14, 13,8, 0,34, 2,69, 13, 38, 105, 1,88, Off, Off, Off, Off, On, Off, On, Off, Off, Off, Off, Rich
144.812, 862, 1,24, 80, 63, 14, 13,8, 0,34, 2,71, 13, 38, 105, 1,95, Off, Off, Off, Off, On, Off, On, Off, Off, Off, Off, Rich
144.843, 838, 1,24, 80, 63, 14, 13,9, 0,34, 2,7, 13, 38, 105, 1,89, Off, Off, Off, Off, On, Off, On, Off, Off, Off, Off, Rich
144.921, 825, 1,23, 80, 62, 14, 13,8, 0,34, 2,72, 13, 38, 105, 1,87, Off, Off, Off, Off, On, Off, On, Off, Off, Off, Off, Rich
144.968, 825, 1,24, 80, 61, 14, 13,8, 0,34, 2,73, 13, 38, 105, 1,88, Off, Off, Off, Off, On, Off, On, Off, Off, Off, Off, Rich
145.015, 838, 1,25, 80, 59, 14, 13,8, 0,34, 2,74, 13, 38, 105, 1,91, Off, Off, Off, Off, On, Off, On, Off, Off, Off, Off, Rich
145.078, 825, 1,24, 80, 59, 12, 13,8, 0,34, 2,73, 13, 38, 105, 1,88, Off, Off, Off, Off, On, Off, On, Off, Off, Off, Off, Rich
145.125, 838, 1,24, 80, 55, 12, 13,6, 0,34, 2,75, 13, 38, 105, 1,92, Off, Off, Off, Off, On, Off, On, Off, Off, Off, Off, Rich
145.171, 812, 1,25, 80, 54, 12, 13,8, 0,34, 2,75, 11, 38, 105, 1,86, Off, Off, Off, Off, On, Off, On, Off, Off, Off, Off, Rich
145.234, 812, 1,24, 80, 54, 12, 13,8, 0,34, 2,74, 9, 38, 105, 1,85, Off, Off, Off, Off, On, Off, On, Off, Off, Off, Off, Rich
145.281, 812, 1,24, 80, 52, 12, 13,8, 0,34, 2,74, 6, 38, 105, 1,85, Off, Off, Off, Off, On, Off, On, Off, Off, Off, Off, Rich
145.328, 788, 1,24, 80, 47, 12, 13,8, 0,34, 2,77, 5, 38, 105, 1,82, Off, Off, Off, Off, On, Off, On, Off, Off, Off, Off, Rich
145.390, 762, 1,24, 80, 47, 12, 13,8, 0,34, 2,8, 3, 38, 105, 1,78, Off, Off, Off, Off, On, Off, On, Off, Off, Off, Off, Rich
145.437, 762, 1,24, 80, 33, 12, 13,8, 0,34, 2,85, 3, 38, 105, 1,81, Off, Off, Off, Off, On, Off, On, Off, Off, Off, Off, Lean
145.500, 738, 1,23, 80, 18, 12, 13,8, 0,34, 2,88, 3, 38, 105, 1,77, Off, Off, Off, Off, On, Off, On, Off, Off, Off, Off, Lean
145.546, 725, 1,24, 80, 10, 12, 13,8, 0,34, 2,99, 3, 38, 105, 1,81, Off, Off, Off, Off, On, Off, On, Off, Off, Off, Off, Lean
145.593, 762, 1,23, 80, 10, 12, 13,8, 0,34, 3,02, 3, 38, 105, 1,92, Off, Off, Off, Off, On, Off, On, Off, Off, Off, Off, Lean
145.656, 762, 1,23, 80, 5, 12, 13,8, 0,34, 3,03, 3, 38, 105, 1,92, Off, Off, Off, Off, On, Off, On, Off, Off, Off, Off, Lean
145.703, 738, 1,24, 80, 3, 12, 13,8, 0,34, 3,04, 3, 38, 105, 1,87, Off, Off, Off, Off, On, Off, On, Off, Off, Off, Off, Lean
145.765, 775, 1,24, 80, 1, 12, 13,8, 0,34, 3,09, 3, 38, 105, 2, Off, Off, Off, Off, On, Off, On, Off, Off, Off, Off, Lean
145.812, 738, 1,23, 80, 1, 12, 13,8, 0,34, 3,09, 3, 38, 105, 1,9, Off, Off, Off, Off, On, Off, On, Off, Off, Off, Off, Lean
145.859, 762, 1,24, 80, 0, 12, 13,8, 0,34, 3,08, 3, 38, 105, 1,96, Off, Off, Off, Off, On, Off, On, Off, Off, Off, Off, Lean
145.921, 762, 1,24, 81, 0, 12, 13,8, 0,34, 3,12, 3, 38, 105, 1,98, Off, Off, Off, Off, On, Off, On, Off, Off, Off, Off, Lean
145.968, 738, 1,23, 81, 2, 12, 13,9, 0,34, 3,13, 3, 38, 105, 1,92, Off, Off, Off, Off, On, Off, On, Off, Off, Off, Off, Lean
146.031, 762, 1,24, 81, 2, 12, 13,8, 0,34, 3,13, 3, 38, 105, 1,99, Off, Off, Off, Off, On, Off, On, Off, Off, Off, Off, Lean
146.078, 725, 1,24, 81, 35, 12, 13,8, 0,34, 3,15, 3, 38, 105, 1,9, Off, Off, Off, Off, On, Off, On, Off, Off, Off, Off, Lean
146.125, 738, 1,23, 81, 56, 12, 13,8, 0,34, 3,16, 4, 38, 105, 1,94, Off, Off, Off, Off, On, Off, On, Off, Off, Off, Off, Rich
146.187, 738, 1,23, 81, 63, 12, 13,7, 0,34, 3,12, 3, 38, 105, 1,92, Off, Off, Off, Off, On, Off, On, Off, Off, Off, Off, Rich
146.234, 725, 1,23, 81, 63, 12, 13,8, 0,34, 3,11, 3, 38, 105, 1,88, Off, Off, Off, Off, On, Off, On, Off, Off, Off, Off, Rich
146.281, 738, 1,22, 81, 65, 12, 13,6, 0,34, 3,12, 3, 38, 105, 1,92, Off, Off, Off, Off, On, Off, On, Off, Off, Off, Off, Rich
146.343, 725, 1,24, 81, 67, 12, 13,8, 0,34, 3,12, 3, 38, 105, 1,88, Off, Off, Off, Off, On, Off, On, Off, Off, Off, Off, Rich
146.390, 738, 1,23, 81, 67, 12, 13,8, 0,34, 3,14, 5, 38, 105, 1,93, Off, Off, Off, Off, On, Off, On, Off, Off, Off, Off, Rich
146.437, 725, 1,22, 81, 68, 12, 13,8, 0,34, 3,14, 3, 38, 105, 1,9, Off, Off, Off, Off, On, Off, On, Off, Off, Off, Off, Rich
146.500, 725, 1,24, 81, 69, 12, 13,8, 0,34, 3,13, 4, 38, 105, 1,89, Off, Off, Off, Off, On, Off, On, Off, Off, Off, Off, Rich
146.546, 712, 1,24, 81, 69, 12, 13,8, 0,34, 3,17, 3, 38, 105, 1,88, Off, Off, Off, Off, On, Off, On, Off, Off, Off, Off, Rich
146.609, 738, 1,23, 81, 69, 12, 13,8, 0,34, 3,14, 3, 38, 105, 1,93, Off, Off, Off, Off, On, Off, On, Off, Off, Off, Off, Rich
146.671, 688, 1,23, 81, 69, 12, 13,8, 0,34, 3,15, 7, 38, 105, 1,81, Off, Off, Off, Off, On, Off, On, Off, Off, Off, Off, Rich
146.718, 738, 1,23, 81, 70, 12, 13,8, 0,34, 3,14, 4, 38, 105, 1,93, Off, Off, Off, Off, On, Off, On, Off, Off, Off, Off, Rich
146.765, 725, 1,23, 81, 70, 12, 13,9, 0,34, 3,15, 3, 38, 105, 1,9, Off, Off, Off, Off, On, Off, On, Off, Off, Off, Off, Rich
146.828, 725, 1,22, 81, 70, 12, 13,8, 0,34, 3,14, 3, 38, 105, 1,9, Off, Off, Off, Off, On, Off, On, Off, Off, Off, Off, Rich
146.875, 738, 1,22, 81, 70, 12, 13,9, 0,34, 3,14, 5, 38, 105, 1,93, Off, Off, Off, Off, On, Off, On, Off, Off, Off, Off, Rich
146.921, 725, 1,24, 81, 70, 12, 13,8, 0,34, 3,1, 3, 38, 105, 1,87, Off, Off, Off, Off, On, Off, On, Off, Off, Off, Off, Rich
146.984, 762, 1,23, 81, 70, 12, 13,6, 0,34, 3,12, 3, 38, 105, 1,98, Off, Off, Off, Off, On, Off, On, Off, Off, Off, Off, Rich
147.031, 725, 1,23, 81, 70, 12, 13,8, 0,34, 3,16, 3, 38, 105, 1,91, Off, Off, Off, Off, On, Off, On, Off, Off, Off, Off, Rich
147.093, 738, 1,22, 81, 70, 12, 13,8, 0,34, 3,12, 5, 38, 105, 1,92, Off, Off, Off, Off, On, Off, On, Off, Off, Off, Off, Rich
147.140, 738, 1,23, 81, 70, 12, 13,8, 0,34, 3,1, 4, 38, 105, 1,91, Off, Off, Off, Off, On, Off, On, Off, Off, Off, Off, Rich
147.187, 762, 1,22, 81, 71, 10, 13,7, 0,34, 3,15, 3, 38, 105, 2, Off, Off, Off, Off, On, Off, On, Off, Off, Off, Off, Rich
147.250, 725, 1,22, 81, 70, 10, 13,8, 0,34, 3,1, 3, 38, 105, 1,87, Off, Off, Off, Off, On, Off, On, Off, Off, Off, Off, Rich
147.312, 738, 1,23, 81, 70, 10, 13,8, 0,34, 3,12, 4, 38, 105, 1,92, Off, Off, Off, Off, On, Off, On, Off, Off, Off, Off, Rich
147.359, 738, 1,22, 81, 70, 10, 13,8, 0,34, 3,05, 3, 38, 105, 1,88, Off, Off, Off, Off, On, Off, On, Off, Off, Off, Off, Rich
147.421, 738, 1,23, 81, 70, 10, 13,8, 0,34, 3,1, 3, 38, 105, 1,91, Off, Off, Off, Off, On, Off, On, Off, Off, Off, Off, Rich
147.468, 762, 1,23, 81, 70, 10, 13,7, 0,34, 3,08, 3, 38, 105, 1,96, Off, Off, Off, Off, On, Off, On, Off, Off, Off, Off, Rich
147.515, 725, 1,22, 81, 70, 10, 13,8, 0,34, 3,05, 3, 38, 105, 1,84, Off, Off, Off, Off, On, Off, On, Off, Off, Off, Off, Rich
147.562, 725, 1,23, 81, 70, 10, 13,8, 0,34, 3,03, 3, 38, 105, 1,83, Off, Off, Off, Off, On, Off, On, Off, Off, Off, Off, Rich
147.609, 738, 1,23, 81, 70, 10, 13,8, 0,34, 3, 3, 38, 105, 1,85, Off, Off, Off, Off, On, Off, On, Off, Off, Off, Off, Rich
147.671, 738, 1,22, 81, 70, 10, 13,8, 0,34, 2,99, 3, 38, 105, 1,84, Off, Off, Off, Off, On, Off, On, Off, Off, Off, Off, Rich
147.718, 775, 1,21, 81, 69, 10, 13,8, 0,34, 2,98, 3, 38, 105, 1,92, Off, Off, Off, Off, On, Off, On, Off, Off, Off, Off, Rich
147.765, 762, 1,21, 81, 69, 10, 13,8, 0,34, 2,92, 3, 38, 105, 1,85, Off, Off, Off, Off, On, Off, On, Off, Off, Off, Off, Rich
147.828, 762, 1,2, 81, 69, 10, 13,8, 0,34, 2,91, 3, 38, 105, 1,85, Off, Off, Off, Off, On, Off, On, Off, Off, Off, Off, Rich
147.875, 788, 1,21, 81, 68, 10, 13,6, 0,34, 2,92, 3, 38, 105, 1,92, Off, Off, Off, Off, On, Off, On, Off, Off, Off, Off, Rich
147.921, 762, 1,21, 81, 68, 10, 13,8, 0,34, 2,87, 3, 38, 105, 1,82, Off, Off, Off, Off, On, Off, On, Off, Off, Off, Off, Rich
147.984, 762, 1,21, 81, 67, 10, 13,8, 0,34, 2,9, 3, 37, 105, 1,84, Off, Off, Off, Off, On, Off, On, Off, Off, Off, Off, Rich
148.046, 775, 1,21, 81, 64, 10, 13,7, 0,34, 2,93, 3, 37, 105, 1,89, Off, Off, Off, Off, On, Off, On, Off, Off, Off, Off, Rich
148.093, 738, 1,21, 81, 64, 10, 13,9, 0,34, 2,88, 3, 37, 105, 1,77, Off, Off, Off, Off, On, Off, On, Off, Off, Off, Off, Rich
148.140, 762, 1,21, 81, 59, 10, 13,9, 0,34, 2,91, 3, 37, 105, 1,85, Off, Off, Off, Off, On, Off, On, Off, Off, Off, Off, Rich
148.203, 762, 1,21, 81, 56, 10, 13,9, 0,34, 2,86, 3, 37, 105, 1,82, Off, Off, Off, Off, On, Off, On, Off, Off, Off, Off, Rich
148.250, 788, 1,22, 81, 56, 10, 13,8, 0,34, 2,88, 3, 37, 105, 1,89, Off, Off, Off, Off, On, Off, On, Off, Off, Off, Off, Rich
148.296, 788, 1,21, 81, 52, 10, 13,9, 0,34, 2,78, 3, 37, 105, 1,83, Off, Off, Off, Off, On, Off, On, Off, Off, Off, Off, Rich
148.359, 788, 1,2, 81, 47, 10, 13,9, 0,34, 2,79, 3, 37, 105, 1,83, Off, Off, Off, Off, On, Off, On, Off, Off, Off, Off, Rich
148.406, 825, 1,21, 81, 38, 10, 13,8, 0,34, 2,74, 3, 37, 105, 1,88, Off, Off, Off, Off, On, Off, On, Off, Off, Off, Off, Rich
148.453, 812, 1,22, 81, 38, 10, 13,9, 0,34, 2,77, 3, 37, 104, 1,87, Off, Off, Off, Off, On, Off, On, Off, Off, Off, Off, Lean
148.515, 812, 1,2, 81, 28, 10, 13,9, 0,34, 2,82, 3, 37, 104, 1,91, Off, Off, Off, Off, On, Off, On, Off, Off, Off, Off, Lean
148.578, 825, 1,22, 81, 18, 10, 13,9, 0,34, 2,79, 3, 37, 104, 1,92, Off, Off, Off, Off, On, Off, On, Off, Off, Off, Off, Lean
148.625, 812, 1,22, 81, 11, 12, 13,9, 0,34, 2,87, 3, 37, 104, 1,94, Off, Off, Off, Off, On, Off, On, Off, Off, Off, Off, Lean
148.671, 788, 1,22, 81, 11, 12, 13,8, 0,34, 2,82, 3, 37, 104, 1,85, Off, Off, Off, Off, On, Off, On, Off, Off, Off, Off, Lean
148.750, 812, 1,21, 81, 6, 12, 13,8, 0,34, 2,81, 3, 37, 104, 1,9, Off, Off, Off, Off, On, Off, On, Off, Off, Off, Off, Lean
148.796, 812, 1,21, 81, 3, 12, 13,9, 0,34, 2,77, 3, 36, 104, 1,87, Off, Off, Off, Off, On, Off, On, Off, Off, Off, Off, Lean
148.859, 838, 1,21, 81, 1, 12, 13,8, 0,34, 2,75, 3, 36, 104, 1,92, Off, Off, Off, Off, On, Off, On, Off, Off, Off, Off, Lean
148.906, 838, 1,22, 81, 0, 12, 13,9, 0,34, 2,74, 3, 36, 104, 1,91, Off, Off, Off, Off, On, Off, On, Off, Off, Off, Off, Lean
148.953, 838, 1,2, 81, 0, 12, 13,9, 0,34, 2,73, 3, 36, 104, 1,91, Off, Off, Off, Off, On, Off, On, Off, Off, Off, Off, Lean
149.015, 825, 1,21, 81, 0, 12, 13,8, 0,34, 2,69, 3, 36, 104, 1,85, Off, Off, Off, Off, On, Off, On, Off, Off, Off, Off, Lean
149.062, 862, 1,2, 81, 0, 12, 13,9, 0,34, 2,63, 3, 36, 104, 1,89, Off, Off, Off, Off, On, Off, On, Off, Off, Off, Off, Lean
149.109, 862, 1,2, 81, 0, 12, 13,9, 0,34, 2,54, 3, 35, 104, 1,82, Off, Off, Off, Off, On, Off, On, Off, Off, Off, Off, Lean
149.156, 838, 1,19, 81, 0, 12, 13,9, 0,34, 2,56, 3, 35, 104, 1,79, Off, Off, Off, Off, On, Off, On, Off, Off, Off, Off, Lean
149.218, 862, 1,19, 81, 0, 12, 13,9, 0,34, 2,56, 3, 35, 104, 1,84, Off, Off, Off, Off, On, Off, On, Off, Off, Off, Off, Lean
149.265, 838, 1,2, 81, 0, 12, 13,9, 0,34, 2,54, 3, 35, 104, 1,77, Off, Off, Off, Off, On, Off, On, Off, Off, Off, Off, Lean
149.328, 862, 1,19, 81, 0, 14, 13,9, 0,34, 2,56, 3, 34, 104, 1,84, Off, Off, Off, Off, On, Off, On, Off, Off, Off, Off, Lean
149.375, 838, 1,18, 81, 0, 14, 13,8, 0,34, 2,58, 3, 34, 104, 1,8, Off, Off, Off, Off, On, Off, On, Off, Off, Off, Off, Lean
149.437, 838, 1,18, 81, 0, 14, 13,9, 0,34, 2,56, 3, 34, 104, 1,79, Off, Off, Off, Off, On, Off, On, Off, Off, Off, Off, Lean
149.500, 825, 1,18, 81, 0, 14, 13,9, 0,34, 2,56, 3, 33, 104, 1,76, Off, Off, Off, Off, On, Off, On, Off, Off, Off, Off, Lean
149.546, 812, 1,18, 81, 0, 14, 13,9, 0,34, 2,54, 3, 33, 104, 1,72, Off, Off, Off, Off, On, Off, On, Off, Off, Off, Off, Lean
149.578, 825, 1,17, 81, 0, 14, 13,9, 0,34, 2,54, 3, 33, 104, 1,75, Off, Off, Off, Off, On, Off, On, Off, Off, Off, Off, Lean
149.656, 812, 1,17, 81, 0, 14, 13,9, 0,34, 2,55, 3, 33, 104, 1,73, Off, Off, Off, Off, On, Off, On, Off, Off, Off, Off, Lean
149.703, 812, 1,18, 81, 0, 14, 13,9, 0,34, 2,56, 3, 33, 104, 1,73, Off, Off, Off, Off, On, Off, On, Off, Off, Off, Off, Lean
149.750, 812, 1,17, 81, 0, 14, 13,9, 0,34, 2,54, 3, 33, 104, 1,72, Off, Off, Off, Off, On, Off, On, Off, Off, Off, Off, Lean
149.812, 788, 1,16, 81, 0, 14, 13,9, 0,34, 2,56, 3, 33, 104, 1,68, Off, Off, Off, Off, On, Off, On, Off, Off, Off, Off, Lean
149.875, 788, 1,16, 81, 0, 14, 13,8, 0,34, 2,56, 3, 33, 104, 1,68, Off, Off, Off, Off, On, Off, On, Off, Off, Off, Off, Lean
149.921, 812, 1,18, 81, 0, 14, 13,8, 0,34, 2,55, 3, 33, 104, 1,73, Off, Off, Off, Off, On, Off, On, Off, Off, Off, Off, Lean
149.968, 788, 1,17, 81, 0, 14, 13,8, 0,34, 2,57, 3, 33, 104, 1,69, Off, Off, Off, Off, On, Off, On, Off, Off, Off, Off, Lean
150.031, 788, 1,16, 81, 0, 18, 13,9, 0,34, 2,58, 7, 33, 104, 1,69, Off, Off, Off, Off, On, Off, On, Off, Off, Off, Off, Lean
150.078, 825, 1,17, 81, 0, 18, 13,8, 0,34, 2,59, 13, 33, 104, 1,78, Off, Off, Off, Off, On, Off, On, Off, Off, Off, Off, Lean
150.140, 825, 1,17, 81, 0, 18, 13,5, 0,34, 2,61, 13, 33, 104, 1,79, Off, Off, Off, Off, On, Off, On, Off, Off, Off, Off, Lean
150.203, 862, 1,17, 81, 0, 18, 13,6, 0,34, 2,6, 13, 34, 104, 1,87, Off, Off, Off, Off, On, Off, On, Off, Off, Off, Off, Lean
150.250, 838, 1,16, 81, 0, 18, 13,7, 0,34, 2,59, 13, 34, 104, 1,81, Off, Off, Off, Off, On, Off, On, Off, Off, Off, Off, Lean
150.296, 862, 1,16, 81, 0, 18, 13,8, 0,34, 2,56, 13, 34, 104, 1,84, Off, Off, Off, Off, On, Off, On, Off, Off, Off, Off, Lean
150.359, 875, 1,18, 81, 0, 18, 13,8, 0,34, 2,56, 13, 34, 104, 1,87, Off, Off, Off, Off, On, Off, On, Off, Off, Off, Off, Lean
150.421, 888, 1,18, 81, 0, 18, 13,8, 0,34, 2,52, 13, 35, 104, 1,86, Off, Off, Off, Off, On, Off, On, Off, Off, Off, Off, Lean
150.468, 888, 1,18, 81, 0, 18, 13,8, 0,34, 2,54, 13, 35, 104, 1,88, Off, Off, Off, Off, On, Off, On, Off, Off, Off, Off, Lean
150.515, 888, 1,18, 81, 0, 18, 13,8, 0,34, 2,51, 13, 35, 104, 1,86, Off, Off, Off, Off, On, Off, On, Off, Off, Off, Off, Lean
150.562, 925, 1,18, 81, 0, 18, 13,8, 0,34, 2,5, 13, 35, 104, 1,93, Off, Off, Off, Off, On, Off, On, Off, Off, Off, Off, Lean
150.609, 900, 1,19, 81, 0, 18, 13,9, 0,34, 2,49, 13, 35, 104, 1,87, Off, Off, Off, Off, On, Off, On, Off, Off, Off, Off, Lean
150.656, 925, 1,18, 81, 0, 18, 13,8, 0,34, 2,48, 13, 35, 104, 1,91, Off, Off, Off, Off, On, Off, On, Off, Off, Off, Off, Lean
150.718, 925, 1,18, 81, 0, 16, 13,6, 0,34, 2,47, 13, 35, 104, 1,9, Off, Off, Off, Off, On, Off, On, Off, Off, Off, Off, Lean
150.765, 938, 1,18, 81, 0, 16, 13,8, 0,34, 2,46, 13, 35, 104, 1,92, Off, Off, Off, Off, On, Off, On, Off, Off, Off, Off, Lean
150.828, 925, 1,19, 81, 0, 16, 13,8, 0,34, 2,45, 13, 35, 104, 1,89, Off, Off, Off, Off, On, Off, On, Off, Off, Off, Off, Lean
150.875, 950, 1,2, 81, 0, 16, 13,8, 0,34, 2,46, 13, 36, 104, 1,95, Off, Off, Off, Off, On, Off, On, Off, Off, Off, Off, Lean
150.921, 938, 1,2, 81, 0, 16, 13,8, 0,34, 2,45, 13, 36, 104, 1,92, Off, Off, Off, Off, On, Off, On, Off, Off, Off, Off, Lean
150.968, 950, 1,2, 81, 0, 16, 13,7, 0,34, 2,43, 13, 36, 104, 1,92, Off, Off, Off, Off, On, Off, On, Off, Off, Off, Off, Lean
151.031, 938, 1,2, 81, 0, 16, 13,8, 0,34, 2,43, 13, 36, 104, 1,9, Off, Off, Off, Off, On, Off, On, Off, Off, Off, Off, Lean
151.078, 938, 1,2, 81, 0, 16, 13,8, 0,34, 2,44, 13, 36, 104, 1,91, Off, Off, Off, Off, On, Off, On, Off, Off, Off, Off, Lean
151.125, 950, 1,21, 81, 0, 16, 13,8, 0,34, 2,45, 13, 36, 104, 1,94, Off, Off, Off, Off, On, Off, On, Off, Off, Off, Off, Lean
151.187, 938, 1,2, 81, 0, 16, 13,8, 0,34, 2,46, 13, 36, 104, 1,92, Off, Off, Off, Off, On, Off, On, Off, Off, Off, Off, Lean
151.234, 938, 1,21, 81, 0, 16, 13,8, 0,34, 2,46, 13, 36, 104, 1,92, Off, Off, Off, Off, On, Off, On, Off, Off, Off, Off, Lean
151.281, 938, 1,2, 81, 0, 16, 13,8, 0,34, 2,46, 13, 36, 104, 1,92, Off, Off, Off, Off, On, Off, On, Off, Off, Off, Off, Lean
151.328, 938, 1,21, 81, 0, 16, 13,7, 0,34, 2,44, 13, 36, 104, 1,91, Off, Off, Off, Off, On, Off, On, Off, Off, Off, Off, Lean
151.375, 938, 1,22, 81, 0, 16, 13,8, 0,34, 2,45, 13, 36, 104, 1,92, Off, Off, Off, Off, On, Off, On, Off, Off, Off, Off, Lean
151.421, 900, 1,21, 81, 0, 18, 13,8, 0,34, 2,46, 13, 36, 104, 1,85, Off, Off, Off, Off, On, Off, On, Off, Off, Off, Off, Lean
151.484, 925, 1,22, 81, 0, 18, 13,8, 0,34, 2,48, 13, 37, 104, 1,91, Off, Off, Off, Off, On, Off, On, Off, Off, Off, Off, Lean
151.546, 900, 1,22, 81, 0, 18, 13,7, 0,34, 2,48, 13, 37, 104, 1,86, Off, Off, Off, Off, On, Off, On, Off, Off, Off, Off, Lean
151.609, 888, 1,22, 81, 0, 18, 13,8, 0,34, 2,48, 13, 37, 104, 1,84, Off, Off, Off, Off, On, Off, On, Off, Off, Off, Off, Lean
151.656, 888, 1,23, 81, 0, 18, 13,7, 0,34, 2,53, 13, 37, 104, 1,87, Off, Off, Off, Off, On, Off, On, Off, Off, Off, Off, Lean
151.703, 875, 1,23, 81, 0, 18, 13,8, 0,34, 2,52, 13, 37, 104, 1,84, Off, Off, Off, Off, On, Off, On, Off, Off, Off, Off, Lean
151.765, 900, 1,22, 81, 0, 18, 13,8, 0,34, 2,57, 13, 37, 104, 1,93, Off, Off, Off, Off, On, Off, On, Off, Off, Off, Off, Lean
151.812, 875, 1,22, 81, 0, 18, 13,8, 0,34, 2,57, 13, 37, 104, 1,87, Off, Off, Off, Off, On, Off, On, Off, Off, Off, Off, Lean
151.875, 875, 1,22, 81, 0, 18, 13,8, 0,34, 2,6, 13, 37, 104, 1,9, Off, Off, Off, Off, On, Off, On, Off, Off, Off, Off, Lean
151.921, 862, 1,23, 81, 0, 18, 13,8, 0,34, 2,61, 13, 38, 104, 1,87, Off, Off, Off, Off, On, Off, On, Off, Off, Off, Off, Lean
151.968, 862, 1,23, 81, 0, 18, 13,8, 0,34, 2,62, 13, 38, 104, 1,88, Off, Off, Off, Off, On, Off, On, Off, Off, Off, Off, Lean
152.031, 875, 1,22, 81, 0, 18, 13,8, 0,34, 2,66, 13, 38, 104, 1,94, Off, Off, Off, Off, On, Off, On, Off, Off, Off, Off, Lean
152.078, 862, 1,22, 81, 0, 18, 13,8, 0,34, 2,66, 13, 38, 104, 1,91, Off, Off, Off, Off, On, Off, On, Off, Off, Off, Off, Lean
152.125, 888, 1,23, 81, 0, 14, 13,8, 0,34, 2,67, 13, 38, 104, 1,98, Off, Off, Off, Off, On, Off, On, Off, Off, Off, Off, Lean
152.187, 875, 1,24, 81, 0, 14, 13,8, 0,34, 2,68, 13, 38, 104, 1,95, Off, Off, Off, Off, On, Off, On, Off, Off, Off, Off, Lean
152.250, 875, 1,24, 81, 0, 14, 13,8, 0,34, 2,71, 13, 38, 104, 1,98, Off, Off, Off, Off, On, Off, On, Off, Off, Off, Off, Lean
152.296, 875, 1,23, 81, 0, 14, 13,8, 0,34, 2,69, 13, 38, 104, 1,96, Off, Off, Off, Off, On, Off, On, Off, Off, Off, Off, Lean
152.359, 862, 1,24, 81, 0, 14, 13,8, 0,34, 2,72, 13, 38, 104, 1,95, Off, Off, Off, Off, On, Off, On, Off, Off, Off, Off, Lean
152.406, 875, 1,24, 81, 0, 14, 13,8, 0,34, 2,72, 13, 38, 104, 1,98, Off, Off, Off, Off, On, Off, On, Off, Off, Off, Off, Lean
152.453, 875, 1,24, 81, 0, 14, 13,8, 0,34, 2,74, 13, 38, 104, 2, Off, Off, Off, Off, On, Off, On, Off, Off, Off, Off, Lean
152.515, 875, 1,24, 81, 0, 14, 13,8, 0,34, 2,74, 13, 38, 104, 2, Off, Off, Off, Off, On, Off, On, Off, Off, Off, Off, Lean
152.562, 875, 1,23, 81, 0, 14, 13,8, 0,34, 2,75, 13, 38, 104, 2,01, Off, Off, Off, Off, On, Off, On, Off, Off, Off, Off, Lean
152.625, 875, 1,24, 81, 0, 14, 13,8, 0,34, 2,74, 13, 38, 104, 2, Off, Off, Off, Off, On, Off, On, Off, Off, Off, Off, Lean
152.671, 875, 1,24, 81, 0, 14, 13,8, 0,34, 2,76, 13, 38, 104, 2,01, Off, Off, Off, Off, On, Off, On, Off, Off, Off, Off, Lean
152.718, 875, 1,25, 81, 0, 14, 13,8, 0,34, 2,75, 13, 38, 104, 2,01, Off, Off, Off, Off, On, Off, On, Off, Off, Off, Off, Lean
152.781, 875, 1,24, 81, 0, 14, 13,8, 0,34, 2,76, 13, 38, 104, 2,01, Off, Off, Off, Off, On, Off, On, Off, Off, Off, Off, Lean
152.843, 888, 1,24, 81, 0, 14, 13,8, 0,34, 2,76, 13, 38, 104, 2,04, Off, Off, Off, Off, On, Off, On, Off, Off, Off, Off, Lean
152.890, 875, 1,24, 81, 16, 14, 13,8, 0,34, 2,77, 13, 38, 104, 2,02, Off, Off, Off, Off, On, Off, On, Off, Off, Off, Off, Lean
152.968, 875, 1,24, 81, 41, 14, 13,8, 0,34, 2,76, 10, 38, 104, 2,01, Off, Off, Off, Off, On, Off, On, Off, Off, Off, Off, Lean
153.015, 875, 1,25, 81, 54, 14, 13,8, 0,34, 2,78, 8, 38, 104, 2,03, Off, Off, Off, Off, On, Off, On, Off, Off, Off, Off, Lean
153.062, 875, 1,24, 81, 60, 14, 13,8, 0,34, 2,73, 5, 38, 105, 1,99, Off, Off, Off, Off, On, Off, On, Off, Off, Off, Off, Rich
153.125, 862, 1,24, 81, 60, 14, 13,8, 0,34, 2,73, 3, 38, 105, 1,96, Off, Off, Off, Off, On, Off, On, Off, Off, Off, Off, Rich
153.187, 862, 1,23, 81, 63, 14, 13,8, 0,34, 2,73, 3, 38, 105, 1,96, Off, Off, Off, Off, On, Off, On, Off, Off, Off, Off, Rich
153.234, 838, 1,24, 81, 65, 14, 13,8, 0,34, 2,73, 3, 38, 105, 1,91, Off, Off, Off, Off, On, Off, On, Off, Off, Off, Off, Rich
153.296, 838, 1,24, 81, 66, 14, 13,8, 0,34, 2,75, 3, 38, 105, 1,92, Off, Off, Off, Off, On, Off, On, Off, Off, Off, Off, Rich
153.343, 862, 1,24, 81, 67, 14, 13,8, 0,34, 2,75, 3, 38, 105, 1,98, Off, Off, Off, Off, On, Off, On, Off, Off, Off, Off, Rich
153.406, 838, 1,24, 81, 67, 14, 13,7, 0,34, 2,75, 3, 38, 105, 1,92, Off, Off, Off, Off, On, Off, On, Off, Off, Off, Off, Rich
153.453, 825, 1,23, 81, 67, 14, 13,8, 0,34, 2,76, 3, 38, 105, 1,9, Off, Off, Off, Off, On, Off, On, Off, Off, Off, Off, Rich
153.500, 825, 1,24, 81, 67, 14, 13,8, 0,34, 2,79, 3, 38, 105, 1,92, Off, Off, Off, Off, On, Off, On, Off, Off, Off, Off, Rich
153.562, 788, 1,24, 81, 67, 14, 13,8, 0,34, 2,79, 3, 38, 105, 1,83, Off, Off, Off, Off, On, Off, On, Off, Off, Off, Off, Rich
153.640, 825, 1,23, 81, 67, 14, 13,8, 0,34, 2,81, 3, 38, 105, 1,93, Off, Off, Off, Off, On, Off, On, Off, Off, Off, Off, Rich
153.687, 825, 1,24, 81, 66, 14, 13,8, 0,34, 2,82, 3, 38, 105, 1,94, Off, Off, Off, Off, On, Off, On, Off, Off, Off, Off, Rich
153.734, 812, 1,24, 81, 62, 14, 13,8, 0,34, 2,82, 3, 38, 105, 1,91, Off, Off, Off, Off, On, Off, On, Off, Off, Off, Off, Rich
153.781, 788, 1,24, 81, 62, 14, 13,8, 0,34, 2,84, 3, 38, 105, 1,86, Off, Off, Off, Off, On, Off, On, Off, Off, Off, Off, Rich
153.828, 788, 1,23, 81, 59, 14, 13,8, 0,34, 2,86, 3, 38, 105, 1,88, Off, Off, Off, Off, On, Off, On, Off, Off, Off, Off, Rich
153.875, 775, 1,23, 81, 57, 14, 13,8, 0,34, 2,86, 3, 38, 105, 1,85, Off, Off, Off, Off, On, Off, On, Off, Off, Off, Off, Rich
153.937, 788, 1,24, 81, 57, 14, 13,8, 0,34, 2,87, 3, 38, 105, 1,88, Off, Off, Off, Off, On, Off, On, Off, Off, Off, Off, Rich
153.984, 775, 1,24, 81, 54, 14, 13,8, 0,34, 2,88, 3, 38, 105, 1,86, Off, Off, Off, Off, On, Off, On, Off, Off, Off, Off, Rich
154.031, 775, 1,24, 81, 54, 14, 13,8, 0,34, 2,9, 3, 38, 105, 1,87, Off, Off, Off, Off, On, Off, On, Off, Off, Off, Off, Rich
154.093, 775, 1,24, 81, 54, 14, 13,8, 0,34, 2,91, 3, 38, 105, 1,88, Off, Off, Off, Off, On, Off, On, Off, Off, Off, Off, Rich
154.140, 762, 1,23, 81, 57, 14, 13,8, 0,34, 2,93, 3, 38, 105, 1,86, Off, Off, Off, Off, On, Off, On, Off, Off, Off, Off, Rich
154.187, 762, 1,23, 81, 62, 14, 13,8, 0,34, 2,93, 3, 38, 105, 1,86, Off, Off, Off, Off, On, Off, On, Off, Off, Off, Off, Rich
154.234, 762, 1,23, 81, 62, 12, 13,8, 0,34, 2,94, 3, 38, 105, 1,87, Off, Off, Off, Off, On, Off, On, Off, Off, Off, Off, Rich
154.281, 762, 1,23, 81, 64, 12, 13,8, 0,34, 2,97, 3, 38, 105, 1,89, Off, Off, Off, Off, On, Off, On, Off, Off, Off, Off, Rich
154.359, 762, 1,23, 81, 66, 12, 13,7, 0,34, 2,98, 3, 38, 105, 1,89, Off, Off, Off, Off, On, Off, On, Off, Off, Off, Off, Rich
154.406, 738, 1,24, 81, 67, 12, 13,7, 0,34, 3,01, 3, 38, 105, 1,85, Off, Off, Off, Off, On, Off, On, Off, Off, Off, Off, Rich
154.468, 762, 1,23, 81, 67, 12, 13,7, 0,34, 3,05, 3, 38, 105, 1,94, Off, Off, Off, Off, On, Off, On, Off, Off, Off, Off, Rich
154.515, 712, 1,23, 81, 67, 12, 13,7, 0,34, 3,14, 3, 38, 105, 1,86, Off, Off, Off, Off, On, Off, On, Off, Off, Off, Off, Rich
154.562, 738, 1,24, 81, 68, 12, 13,7, 0,34, 3,16, 5, 38, 105, 1,94, Off, Off, Off, Off, On, Off, On, Off, Off, Off, Off, Rich
154.625, 712, 1,23, 81, 68, 12, 13,7, 0,34, 3,17, 5, 38, 105, 1,88, Off, Off, Off, Off, On, Off, On, Off, Off, Off, Off, Rich
154.671, 712, 1,22, 81, 68, 12, 13,7, 0,34, 3,19, 4, 38, 105, 1,89, Off, Off, Off, Off, On, Off, On, Off, Off, Off, Off, Rich
154.718, 725, 1,23, 81, 68, 12, 13,8, 0,34, 3,17, 5, 38, 105, 1,92, Off, Off, Off, Off, On, Off, On, Off, Off, Off, Off, Rich
154.781, 712, 1,22, 81, 69, 12, 13,8, 0,34, 3,2, 5, 38, 105, 1,9, Off, Off, Off, Off, On, Off, On, Off, Off, Off, Off, Rich
154.828, 725, 1,23, 81, 69, 12, 13,8, 0,34, 3,2, 5, 38, 105, 1,93, Off, Off, Off, Off, On, Off, On, Off, Off, Off, Off, Rich
154.890, 712, 1,23, 81, 69, 12, 13,8, 0,34, 3,21, 5, 38, 105, 1,9, Off, Off, Off, Off, On, Off, On, Off, Off, Off, Off, Rich
154.937, 725, 1,23, 81, 70, 10, 13,8, 0,34, 3,21, 5, 38, 105, 1,94, Off, Off, Off, Off, On, Off, On, Off, Off, Off, Off, Rich
155.000, 712, 1,23, 81, 71, 10, 13,7, 0,34, 3,21, 5, 38, 105, 1,9, Off, Off, Off, Off, On, Off, On, Off, Off, Off, Off, Rich
155.062, 725, 1,23, 81, 71, 10, 13,6, 0,34, 3,2, 7, 38, 105, 1,93, Off, Off, Off, Off, On, Off, On, Off, Off, Off, Off, Rich
155.109, 712, 1,22, 81, 71, 10, 13,7, 0,34, 3,23, 5, 38, 105, 1,92, Off, Off, Off, Off, On, Off, On, Off, Off, Off, Off, Rich
155.171, 688, 1,22, 81, 71, 10, 13,8, 0,34, 3,23, 7, 38, 105, 1,85, Off, Off, Off, Off, On, Off, On, Off, Off, Off, Off, Rich
155.218, 688, 1,22, 81, 71, 10, 13,7, 0,34, 3,17, 6, 38, 105, 1,82, Off, Off, Off, Off, On, Off, On, Off, Off, Off, Off, Rich
155.265, 688, 1,21, 81, 71, 10, 13,8, 0,34, 3,24, 7, 38, 105, 1,86, Off, Off, Off, Off, On, Off, On, Off, Off, Off, Off, Rich
155.328, 712, 1,23, 81, 71, 10, 13,7, 0,34, 3,18, 6, 38, 105, 1,89, Off, Off, Off, Off, On, Off, On, Off, Off, Off, Off, Rich
155.375, 712, 1,22, 81, 71, 10, 13,8, 0,34, 3,17, 6, 38, 105, 1,88, Off, Off, Off, Off, On, Off, On, Off, Off, Off, Off, Rich
155.421, 712, 1,22, 81, 72, 10, 13,8, 0,34, 3,22, 7, 38, 105, 1,91, Off, Off, Off, Off, On, Off, On, Off, Off, Off, Off, Rich
155.468, 688, 1,22, 81, 72, 10, 13,8, 0,34, 3,22, 6, 38, 105, 1,85, Off, Off, Off, Off, On, Off, On, Off, Off, Off, Off, Rich
155.531, 725, 1,21, 81, 72, 10, 13,7, 0,34, 3,14, 7, 38, 105, 1,9, Off, Off, Off, Off, On, Off, On, Off, Off, Off, Off, Rich
155.578, 712, 1,22, 81, 72, 10, 13,7, 0,34, 3,21, 6, 38, 105, 1,9, Off, Off, Off, Off, On, Off, On, Off, Off, Off, Off, Rich
155.640, 738, 1,22, 81, 72, 6, 13,7, 0,34, 3,18, 5, 38, 105, 1,96, Off, Off, Off, Off, On, Off, On, Off, Off, Off, Off, Rich
155.687, 725, 1,2, 81, 72, 6, 13,8, 0,34, 3,14, 4, 38, 105, 1,9, Off, Off, Off, Off, On, Off, On, Off, Off, Off, Off, Rich
155.765, 738, 1,21, 81, 72, 6, 13,6, 0,34, 3,17, 5, 38, 105, 1,95, Off, Off, Off, Off, On, Off, On, Off, Off, Off, Off, Rich
155.812, 725, 1,22, 81, 72, 6, 13,8, 0,34, 3,13, 3, 37, 105, 1,89, Off, Off, Off, Off, On, Off, On, Off, Off, Off, Off, Rich
155.875, 738, 1,2, 81, 71, 6, 13,7, 0,34, 3,13, 5, 37, 105, 1,92, Off, Off, Off, Off, On, Off, On, Off, Off, Off, Off, Rich
155.921, 712, 1,21, 81, 71, 6, 13,8, 0,34, 3,14, 7, 37, 105, 1,86, Off, Off, Off, Off, On, Off, On, Off, Off, Off, Off, Rich
155.968, 725, 1,22, 81, 71, 6, 13,7, 0,34, 3,11, 6, 37, 105, 1,88, Off, Off, Off, Off, On, Off, On, Off, Off, Off, Off, Rich
156.031, 712, 1,2, 81, 71, 6, 13,8, 0,34, 3,18, 9, 37, 105, 1,89, Off, Off, Off, Off, On, Off, On, Off, Off, Off, Off, Rich
156.078, 712, 1,2, 81, 71, 6, 13,8, 0,34, 3,15, 7, 37, 105, 1,87, Off, Off, Off, Off, On, Off, On, Off, Off, Off, Off, Rich
156.125, 675, 1,22, 81, 71, 6, 13,8, 0,34, 3,17, 7, 37, 105, 1,78, Off, Off, Off, Off, On, Off, On, Off, Off, Off, Off, Rich
156.187, 688, 1,2, 81, 71, 6, 13,8, 0,34, 3,17, 10, 37, 105, 1,82, Off, Off, Off, Off, On, Off, On, Off, Off, Off, Off, Rich
156.234, 675, 1,22, 81, 71, 6, 13,8, 0,34, 3,19, 8, 37, 105, 1,79, Off, Off, Off, Off, On, Off, On, Off, Off, Off, Off, Rich
156.281, 712, 1,2, 81, 71, 6, 13,8, 0,34, 3,16, 7, 37, 105, 1,87, Off, Off, Off, Off, On, Off, On, Off, Off, Off, Off, Rich
156.343, 688, 1,21, 81, 71, 6, 13,8, 0,34, 3,17, 7, 37, 105, 1,82, Off, Off, Off, Off, On, Off, On, Off, Off, Off, Off, Rich
156.390, 712, 1,21, 81, 71, 4, 13,8, 0,34, 3,2, 11, 37, 105, 1,9, Off, Off, Off, Off, On, Off, On, Off, Off, Off, Off, Rich
156.453, 688, 1,2, 81, 71, 4, 13,8, 0,34, 3,2, 9, 37, 105, 1,83, Off, Off, Off, Off, On, Off, On, Off, Off, Off, Off, Rich
156.500, 712, 1,22, 81, 71, 4, 13,8, 0,34, 3,12, 8, 37, 105, 1,85, Off, Off, Off, Off, On, Off, On, Off, Off, Off, Off, Rich
156.546, 688, 1,2, 81, 71, 4, 13,8, 0,34, 3,15, 10, 37, 105, 1,81, Off, Off, Off, Off, On, Off, On, Off, Off, Off, Off, Rich
156.593, 688, 1,2, 81, 71, 4, 13,8, 0,34, 3,13, 9, 37, 105, 1,79, Off, Off, Off, Off, On, Off, On, Off, Off, Off, Off, Rich
156.656, 675, 1,2, 81, 71, 4, 13,8, 0,34, 3,09, 7, 37, 105, 1,74, Off, Off, Off, Off, On, Off, On, Off, Off, Off, Off, Rich
156.703, 675, 1,19, 81, 71, 4, 13,8, 0,34, 3,18, 11, 37, 105, 1,79, Off, Off, Off, Off, On, Off, On, Off, Off, Off, Off, Rich
156.765, 712, 1,2, 81, 71, 4, 13,6, 0,34, 3,07, 10, 37, 105, 1,82, Off, Off, Off, Off, On, Off, On, Off, Off, Off, Off, Rich
156.812, 675, 1,2, 81, 71, 4, 13,8, 0,34, 3,09, 7, 37, 105, 1,74, Off, Off, Off, Off, On, Off, On, Off, Off, Off, Off, Rich
156.859, 688, 1,2, 81, 71, 4, 13,7, 0,34, 3,12, 11, 37, 105, 1,79, Off, Off, Off, Off, On, Off, On, Off, Off, Off, Off, Rich
156.921, 688, 1,2, 81, 71, 4, 13,8, 0,34, 3,08, 10, 36, 105, 1,77, Off, Off, Off, Off, On, Off, On, Off, Off, Off, Off, Rich
156.968, 688, 1,2, 81, 70, 4, 13,8, 0,34, 3,1, 8, 36, 105, 1,78, Off, Off, Off, Off, On, Off, On, Off, Off, Off, Off, Rich
157.031, 688, 1,2, 81, 70, 4, 13,8, 0,34, 3,08, 10, 36, 105, 1,77, Off, Off, Off, Off, On, Off, On, Off, Off, Off, Off, Rich
157.078, 712, 1,2, 81, 70, 4, 13,8, 0,34, 3,06, 8, 36, 105, 1,82, Off, Off, Off, Off, On, Off, On, Off, Off, Off, Off, Rich
157.125, 688, 1,2, 81, 70, 4, 13,8, 0,34, 3,06, 6, 36, 105, 1,75, Off, Off, Off, Off, On, Off, On, Off, Off, Off, Off, Rich
157.187, 725, 1,2, 81, 70, 4, 13,8, 0,34, 3,07, 9, 36, 105, 1,85, Off, Off, Off, Off, On, Off, On, Off, Off, Off, Off, Rich
157.234, 688, 1,19, 81, 70, 4, 13,8, 0,34, 3,01, 7, 36, 105, 1,73, Off, Off, Off, Off, On, Off, On, Off, Off, Off, Off, Rich
157.296, 688, 1,2, 81, 70, 4, 13,8, 0,34, 3,07, 7, 36, 105, 1,76, Off, Off, Off, Off, On, Off, On, Off, Off, Off, Off, Rich
157.343, 712, 1,2, 81, 69, 4, 13,8, 0,34, 3,04, 9, 36, 105, 1,8, Off, Off, Off, Off, On, Off, On, Off, Off, Off, Off, Rich
157.406, 712, 1,18, 81, 69, 4, 13,8, 0,34, 2,99, 8, 36, 105, 1,77, Off, Off, Off, Off, On, Off, On, Off, Off, Off, Off, Rich
157.453, 688, 1,19, 81, 69, 4, 13,8, 0,34, 2,99, 6, 36, 105, 1,71, Off, Off, Off, Off, On, Off, On, Off, Off, Off, Off, Rich
157.515, 712, 1,2, 81, 68, 4, 13,8, 0,34, 3,05, 7, 36, 105, 1,81, Off, Off, Off, Off, On, Off, On, Off, Off, Off, Off, Rich
157.562, 688, 1,18, 81, 68, 4, 13,8, 0,34, 2,96, 10, 36, 105, 1,7, Off, Off, Off, Off, On, Off, On, Off, Off, Off, Off, Rich
157.625, 725, 1,19, 81, 68, 4, 13,8, 0,34, 3, 8, 36, 105, 1,81, Off, Off, Off, Off, On, Off, On, Off, Off, Off, Off, Rich
157.671, 688, 1,2, 81, 67, 4, 13,8, 0,34, 2,99, 6, 36, 105, 1,71, Off, Off, Off, Off, On, Off, On, Off, Off, Off, Off, Rich
157.734, 712, 1,18, 81, 67, 4, 13,8, 0,34, 2,98, 5, 36, 105, 1,77, Off, Off, Off, Off, On, Off, On, Off, Off, Off, Off, Rich
157.781, 675, 1,2, 81, 66, 2, 13,8, 0,34, 3,03, 7, 36, 105, 1,7, Off, Off, Off, Off, On, Off, On, Off, Off, Off, Off, Rich
157.828, 688, 1,2, 81, 66, 2, 13,8, 0,34, 2,99, 7, 36, 105, 1,71, Off, Off, Off, Off, On, Off, On, Off, Off, Off, Off, Rich
157.906, 675, 1,18, 81, 65, 2, 13,8, 0,34, 3,07, 11, 36, 105, 1,73, Off, Off, Off, Off, On, Off, On, Off, Off, Off, Off, Rich
157.953, 688, 1,2, 81, 65, 2, 13,8, 0,34, 3,01, 9, 36, 105, 1,73, Off, Off, Off, Off, On, Off, On, Off, Off, Off, Off, Rich
158.000, 712, 1,19, 81, 65, 2, 13,8, 0,34, 3,01, 8, 36, 105, 1,79, Off, Off, Off, Off, On, Off, On, Off, Off, Off, Off, Rich
158.062, 688, 1,19, 81, 65, 2, 13,8, 0,34, 3,02, 7, 36, 105, 1,73, Off, Off, Off, Off, On, Off, On, Off, Off, Off, Off, Rich
158.125, 712, 1,19, 81, 65, 2, 13,7, 0,34, 2,95, 10, 36, 105, 1,75, Off, Off, Off, Off, On, Off, On, Off, Off, Off, Off, Rich
158.171, 675, 1,19, 81, 66, 2, 13,8, 0,34, 3,04, 7, 36, 105, 1,71, Off, Off, Off, Off, On, Off, On, Off, Off, Off, Off, Rich
158.218, 688, 1,18, 81, 66, 2, 13,7, 0,34, 3,04, 7, 36, 105, 1,74, Off, Off, Off, Off, On, Off, On, Off, Off, Off, Off, Rich
158.281, 675, 1,18, 81, 66, 2, 13,8, 0,34, 3,01, 11, 36, 105, 1,69, Off, Off, Off, Off, On, Off, On, Off, Off, Off, Off, Rich
158.328, 688, 1,18, 81, 65, 2, 13,8, 0,34, 3,02, 13, 36, 105, 1,73, Off, Off, Off, Off, On, Off, On, Off, Off, Off, Off, Rich
158.375, 688, 1,2, 81, 65, 2, 13,8, 0,34, 3, 11, 36, 105, 1,72, Off, Off, Off, Off, On, Off, On, Off, Off, Off, Off, Rich
158.437, 688, 1,19, 81, 65, 2, 13,8, 0,34, 2,95, 9, 36, 105, 1,69, Off, Off, Off, Off, On, Off, On, Off, Off, Off, Off, Rich
158.484, 688, 1,18, 81, 66, 4, 13,8, 0,34, 3,03, 11, 36, 105, 1,74, Off, Off, Off, Off, On, Off, On, Off, Off, Off, Off, Rich
158.546, 675, 1,19, 81, 65, 4, 13,7, 0,34, 3, 10, 36, 105, 1,69, Off, Off, Off, Off, On, Off, On, Off, Off, Off, Off, Rich
158.609, 688, 1,18, 81, 65, 4, 13,8, 0,34, 2,99, 10, 36, 105, 1,71, Off, Off, Off, Off, On, Off, On, Off, Off, Off, Off, Rich
158.640, 675, 1,18, 81, 66, 4, 13,8, 0,34, 3,03, 10, 36, 105, 1,7, Off, Off, Off, Off, On, Off, On, Off, Off, Off, Off, Rich
158.718, 712, 1,2, 81, 66, 4, 13,8, 0,34, 2,95, 9, 36, 105, 1,75, Off, Off, Off, Off, On, Off, On, Off, Off, Off, Off, Rich
158.765, 712, 1,18, 81, 65, 4, 13,8, 0,34, 2,92, 11, 35, 105, 1,73, Off, Off, Off, Off, On, Off, On, Off, Off, Off, Off, Rich
158.812, 675, 1,18, 81, 65, 4, 13,8, 0,34, 3, 10, 35, 105, 1,69, Off, Off, Off, Off, On, Off, On, Off, Off, Off, Off, Rich
158.875, 675, 1,18, 81, 65, 4, 13,8, 0,34, 2,95, 10, 35, 105, 1,66, Off, Off, Off, Off, On, Off, On, Off, Off, Off, Off, Rich
158.921, 675, 1,18, 81, 62, 4, 13,8, 0,34, 3,01, 11, 35, 105, 1,69, Off, Off, Off, Off, On, Off, On, Off, Off, Off, Off, Rich
158.984, 712, 1,19, 81, 62, 4, 13,7, 0,34, 2,97, 10, 35, 105, 1,76, Off, Off, Off, Off, On, Off, On, Off, Off, Off, Off, Rich
159.031, 675, 1,18, 81, 61, 4, 13,8, 0,34, 2,94, 11, 35, 105, 1,65, Off, Off, Off, Off, On, Off, On, Off, Off, Off, Off, Rich
159.078, 712, 1,18, 81, 61, 4, 13,8, 0,34, 2,96, 11, 35, 105, 1,76, Off, Off, Off, Off, On, Off, On, Off, Off, Off, Off, Rich
159.140, 688, 1,18, 81, 61, 4, 13,8, 0,34, 2,89, 9, 35, 105, 1,66, Off, Off, Off, Off, On, Off, On, Off, Off, Off, Off, Rich
159.187, 712, 1,18, 81, 59, 0, 13,8, 0,34, 2,95, 11, 35, 105, 1,75, Off, Off, Off, Off, On, Off, On, Off, Off, Off, Off, Rich
159.250, 688, 1,18, 81, 59, 0, 13,8, 0,34, 2,92, 9, 35, 105, 1,67, Off, Off, Off, Off, On, Off, On, Off, Off, Off, Off, Rich
159.296, 688, 1,16, 81, 59, 0, 13,8, 0,34, 2,91, 8, 35, 105, 1,67, Off, Off, Off, Off, On, Off, On, Off, Off, Off, Off, Rich
159.343, 688, 1,17, 81, 60, 0, 13,8, 0,34, 2,96, 11, 35, 105, 1,7, Off, Off, Off, Off, On, Off, On, Off, Off, Off, Off, Rich
159.390, 675, 1,18, 81, 60, 0, 13,8, 0,34, 2,88, 10, 35, 105, 1,62, Off, Off, Off, Off, On, Off, On, Off, Off, Off, Off, Rich
159.437, 662, 1,17, 81, 56, 0, 13,8, 0,34, 2,91, 8, 35, 105, 1,61, Off, Off, Off, Off, On, Off, On, Off, Off, Off, Off, Rich
159.500, 675, 1,18, 81, 54, 0, 13,8, 0,34, 2,97, 11, 35, 105, 1,67, Off, Off, Off, Off, On, Off, On, Off, Off, Off, Off, Rich
159.562, 688, 1,18, 81, 54, 0, 13,7, 0,34, 2,97, 11, 35, 105, 1,7, Off, Off, Off, Off, On, Off, On, Off, Off, Off, Off, Rich
159.609, 675, 1,16, 81, 51, 0, 13,8, 0,34, 2,96, 11, 35, 105, 1,66, Off, Off, Off, Off, On, Off, On, Off, Off, Off, Off, Rich
159.656, 688, 1,18, 81, 51, 0, 13,8, 0,34, 2,92, 11, 35, 105, 1,67, Off, Off, Off, Off, On, Off, On, Off, Off, Off, Off, Rich
159.718, 662, 1,18, 81, 50, 0, 13,8, 0,34, 2,9, 10, 35, 105, 1,6, Off, Off, Off, Off, On, Off, On, Off, Off, Off, Off, Rich
159.765, 675, 1,18, 81, 49, 0, 13,8, 0,34, 2,93, 9, 35, 105, 1,65, Off, Off, Off, Off, On, Off, On, Off, Off, Off, Off, Rich
159.812, 675, 1,18, 81, 49, 0, 13,8, 0,34, 2,95, 12, 35, 105, 1,66, Off, Off, Off, Off, On, Off, On, Off, Off, Off, Off, Rich
159.875, 662, 1,17, 81, 51, 0, 13,8, 0,34, 2,97, 12, 35, 105, 1,64, Off, Off, Off, Off, On, Off, On, Off, Off, Off, Off, Rich
159.953, 675, 1,18, 81, 51, 0, 13,6, 0,34, 2,95, 13, 41, 105, 1,66, Off, On, Off, Off, On, Off, On, Off, Off, Off, Off, Rich
160.000, 650, 1,24, 81, 52, 0, 13,8, 0,34, 3,07, 13, 41, 105, 1,66, Off, On, Off, Off, On, Off, On, Off, Off, Off, Off, Rich
160.046, 650, 1,26, 81, 52, 0, 13,8, 0,34, 3,13, 13, 41, 105, 1,7, Off, On, Off, Off, On, Off, On, Off, Off, Off, Off, Rich
160.093, 625, 1,26, 81, 52, 0, 13,8, 0,34, 3,19, 13, 41, 105, 1,66, Off, On, Off, Off, On, Off, On, Off, Off, Off, Off, Rich
160.140, 650, 1,25, 81, 53, 0, 13,8, 0,34, 3,26, 13, 41, 105, 1,77, Off, On, Off, Off, On, Off, On, Off, Off, Off, Off, Rich
160.187, 662, 1,27, 81, 53, 0, 13,8, 0,34, 3,27, 13, 41, 105, 1,8, Off, On, Off, Off, On, Off, On, Off, Off, Off, Off, Rich
160.250, 625, 1,26, 81, 53, 0, 13,8, 0,34, 3,32, 13, 41, 105, 1,73, Off, On, Off, Off, On, Off, On, Off, Off, Off, Off, Rich
160.296, 650, 1,24, 81, 49, 0, 13,8, 0,34, 3,36, 13, 35, 105, 1,82, Off, On, Off, Off, On, Off, On, Off, Off, Off, Off, Rich
160.343, 662, 1,19, 81, 49, 0, 13,8, 0,34, 3,26, 13, 35, 105, 1,8, Off, On, Off, Off, On, Off, On, Off, Off, Off, Off, Rich
160.390, 662, 1,19, 81, 48, 0, 13,8, 0,34, 3,13, 13, 35, 105, 1,73, Off, On, Off, Off, On, Off, On, Off, Off, Off, Off, Rich
160.437, 662, 1,18, 81, 48, 0, 13,8, 0,34, 3,02, 12, 35, 105, 1,67, Off, On, Off, Off, On, Off, On, Off, Off, Off, Off, Rich
160.484, 688, 1,17, 81, 46, 0, 13,8, 0,34, 3,04, 11, 35, 105, 1,74, Off, On, Off, Off, On, Off, On, Off, Off, Off, Off, Rich
160.546, 675, 1,18, 81, 46, 0, 13,8, 0,34, 3, 11, 35, 105, 1,69, Off, On, Off, Off, On, Off, On, Off, Off, Off, Off, Rich
160.593, 675, 1,17, 81, 47, 0, 13,8, 0,34, 3,04, 11, 35, 105, 1,71, Off, On, Off, Off, On, Off, On, Off, Off, Off, Off, Rich
160.656, 675, 1,18, 81, 46, 0, 13,8, 0,34, 3,04, 12, 35, 105, 1,71, Off, On, Off, Off, On, Off, On, Off, Off, Off, Off, Rich
160.718, 688, 1,17, 81, 46, 0, 13,6, 0,34, 3, 11, 35, 105, 1,72, Off, On, Off, Off, On, Off, On, Off, Off, Off, Off, Rich
160.765, 688, 1,18, 81, 46, 0, 13,8, 0,34, 2,99, 11, 35, 105, 1,71, Off, On, Off, Off, On, Off, On, Off, Off, Off, Off, Rich
160.812, 662, 1,18, 81, 46, 0, 13,8, 0,34, 2,91, 13, 35, 105, 1,61, Off, Off, Off, Off, On, Off, On, Off, Off, Off, Off, Rich
160.859, 675, 1,17, 81, 46, 0, 13,8, 0,34, 2,98, 11, 35, 105, 1,68, Off, Off, Off, Off, On, Off, On, Off, Off, Off, Off, Rich
160.906, 675, 1,18, 81, 44, 0, 13,8, 0,34, 2,91, 9, 35, 105, 1,64, Off, Off, Off, Off, On, Off, On, Off, Off, Off, Off, Rich
160.953, 712, 1,17, 81, 44, 0, 13,8, 0,34, 2,91, 11, 35, 105, 1,73, Off, Off, Off, Off, On, Off, On, Off, Off, Off, Off, Rich
161.000, 688, 1,18, 81, 41, 0, 13,8, 0,34, 2,9, 9, 35, 105, 1,66, Off, Off, Off, Off, On, Off, On, Off, Off, Off, Off, Rich
161.062, 712, 1,18, 81, 41, 0, 13,8, 0,34, 2,89, 7, 35, 103, 1,71, Off, Off, Off, Off, On, Off, On, Off, Off, Off, Off, Lean
161.109, 688, 1,18, 81, 34, 0, 13,8, 0,34, 2,97, 7, 35, 103, 1,7, Off, Off, Off, Off, On, Off, On, Off, Off, Off, Off, Lean
161.156, 712, 1,18, 81, 34, 0, 13,8, 0,34, 2,9, 7, 35, 103, 1,72, Off, Off, Off, Off, On, Off, On, Off, Off, Off, Off, Lean
161.203, 675, 1,16, 81, 22, 0, 13,8, 0,34, 2,92, 11, 35, 103, 1,64, Off, Off, Off, Off, On, Off, On, Off, Off, Off, Off, Lean
161.250, 688, 1,18, 81, 12, 0, 13,8, 0,34, 2,91, 10, 35, 103, 1,67, Off, Off, Off, Off, On, Off, On, Off, Off, Off, Off, Lean
161.312, 688, 1,18, 81, 12, 0, 13,8, 0,34, 2,89, 8, 35, 103, 1,66, Off, Off, Off, Off, On, Off, On, Off, Off, Off, Off, Lean
161.375, 675, 1,16, 81, 6, 0, 13,8, 0,34, 2,91, 7, 35, 103, 1,64, Off, Off, Off, Off, On, Off, On, Off, Off, Off, Off, Lean
161.437, 712, 1,18, 81, 6, 0, 13,8, 0,34, 2,84, 6, 35, 103, 1,69, Off, Off, Off, Off, On, Off, On, Off, Off, Off, Off, Lean
161.484, 675, 1,18, 81, 2, 0, 13,8, 0,34, 2,87, 7, 35, 103, 1,61, Off, Off, Off, Off, On, Off, On, Off, Off, Off, Off, Lean
161.531, 712, 1,18, 81, 0, 0, 13,7, 0,34, 2,88, 6, 34, 103, 1,71, Off, Off, Off, Off, On, Off, On, Off, Off, Off, Off, Lean
161.593, 688, 1,18, 81, 0, 0, 13,8, 0,34, 2,87, 11, 34, 103, 1,65, Off, Off, Off, Off, On, Off, On, Off, Off, Off, Off, Lean
161.656, 725, 1,17, 81, 0, 0, 13,7, 0,34, 2,92, 10, 34, 103, 1,76, Off, Off, Off, Off, On, Off, On, Off, Off, Off, Off, Lean
161.703, 675, 1,16, 81, 0, 0, 13,8, 0,34, 2,89, 7, 34, 103, 1,63, Off, Off, Off, Off, On, Off, On, Off, Off, Off, Off, Lean
161.750, 725, 1,18, 81, 0, 0, 13,7, 0,34, 2,85, 7, 34, 103, 1,72, Off, Off, Off, Off, On, Off, On, Off, Off, Off, Off, Lean
161.812, 675, 1,17, 81, 0, 0, 13,8, 0,34, 2,86, 5, 34, 103, 1,61, Off, Off, Off, Off, On, Off, On, Off, Off, Off, Off, Lean
161.859, 712, 1,17, 81, 0, 0, 13,7, 0,34, 2,96, 11, 34, 103, 1,76, Off, Off, Off, Off, On, Off, On, Off, Off, Off, Off, Lean
161.906, 675, 1,17, 81, 0, 0, 13,8, 0,34, 2,87, 9, 34, 103, 1,61, Off, Off, Off, Off, On, Off, On, Off, Off, Off, Off, Lean
161.968, 688, 1,16, 81, 0, 0, 13,8, 0,34, 2,9, 11, 34, 103, 1,66, Off, Off, Off, Off, On, Off, On, Off, Off, Off, Off, Lean
162.015, 675, 1,18, 81, 0, 0, 13,8, 0,34, 2,97, 10, 34, 103, 1,67, Off, Off, Off, Off, On, Off, On, Off, Off, Off, Off, Lean
162.078, 675, 1,16, 81, 0, 0, 13,8, 0,34, 2,86, 8, 34, 103, 1,61, Off, Off, Off, Off, On, Off, On, Off, Off, Off, Off, Lean
162.140, 688, 1,16, 81, 0, 0, 13,8, 0,34, 2,96, 11, 34, 103, 1,7, Off, Off, Off, Off, On, Off, On, Off, Off, Off, Off, Lean
162.187, 675, 1,17, 81, 0, 0, 13,8, 0,34, 2,9, 10, 34, 103, 1,63, Off, Off, Off, Off, On, Off, On, Off, Off, Off, Off, Lean
162.250, 688, 1,16, 81, 0, 0, 13,8, 0,34, 2,89, 9, 34, 103, 1,66, Off, Off, Off, Off, On, Off, On, Off, Off, Off, Off, Lean
162.296, 688, 1,16, 81, 0, 0, 13,8, 0,34, 2,96, 12, 34, 103, 1,7, Off, Off, Off, Off, On, Off, On, Off, Off, Off, Off, Lean
162.343, 675, 1,17, 81, 0, 0, 13,8, 0,34, 2,96, 11, 34, 103, 1,66, Off, Off, Off, Off, On, Off, On, Off, Off, Off, Off, Lean
162.406, 675, 1,16, 81, 0, 0, 13,8, 0,34, 2,96, 11, 34, 103, 1,66, Off, Off, Off, Off, On, Off, On, Off, Off, Off, Off, Lean
162.453, 662, 1,18, 81, 0, 0, 13,8, 0,34, 2,97, 11, 34, 103, 1,64, Off, Off, Off, Off, On, Off, On, Off, Off, Off, Off, Lean
162.500, 712, 1,16, 81, 0, 0, 13,7, 0,34, 2,94, 11, 34, 103, 1,74, Off, Off, Off, Off, On, Off, On, Off, Off, Off, Off, Lean
162.562, 675, 1,17, 81, 0, 0, 13,8, 0,34, 2,96, 11, 34, 103, 1,66, Off, Off, Off, Off, On, Off, On, Off, Off, Off, Off, Lean
162.609, 675, 1,17, 81, 0, 0, 13,8, 0,34, 2,94, 11, 34, 103, 1,65, Off, Off, Off, Off, On, Off, On, Off, Off, Off, Off, Lean
162.656, 675, 1,16, 81, 0, 0, 13,8, 0,34, 2,97, 12, 34, 103, 1,67, Off, Off, Off, Off, On, Off, On, Off, Off, Off, Off, Lean
162.718, 675, 1,17, 81, 0, 0, 13,8, 0,34, 2,97, 11, 34, 103, 1,67, Off, Off, Off, Off, On, Off, On, Off, Off, Off, Off, Lean
162.781, 712, 1,16, 81, 0, 0, 13,8, 0,34, 2,9, 10, 34, 103, 1,72, Off, Off, Off, Off, On, Off, On, Off, Off, Off, Off, Lean
162.828, 675, 1,16, 81, 0, 0, 13,8, 0,34, 2,98, 12, 34, 103, 1,68, Off, Off, Off, Off, On, Off, On, Off, Off, Off, Off, Lean
162.890, 675, 1,17, 81, 0, 0, 13,8, 0,34, 2,98, 11, 34, 103, 1,68, Off, Off, Off, Off, On, Off, On, Off, Off, Off, Off, Lean
162.937, 688, 1,16, 81, 0, 0, 13,8, 0,34, 2,96, 11, 34, 103, 1,7, Off, Off, Off, Off, On, Off, On, Off, Off, Off, Off, Lean
162.968, 662, 1,18, 81, 0, 0, 13,8, 0,34, 3, 13, 34, 103, 1,65, Off, Off, Off, Off, On, Off, On, Off, Off, Off, Off, Lean
163.031, 688, 1,16, 81, 0, 0, 13,8, 0,34, 2,99, 13, 34, 103, 1,71, Off, Off, Off, Off, On, Off, On, Off, Off, Off, Off, Lean
163.078, 675, 1,16, 81, 0, 0, 13,8, 0,34, 2,98, 11, 34, 103, 1,68, Off, Off, Off, Off, On, Off, On, Off, Off, Off, Off, Lean
163.125, 688, 1,17, 81, 0, 0, 13,8, 0,34, 2,95, 11, 34, 103, 1,69, Off, Off, Off, Off, On, Off, On, Off, Off, Off, Off, Lean
163.171, 688, 1,16, 81, 0, 0, 13,8, 0,34, 2,99, 13, 34, 103, 1,71, Off, Off, Off, Off, On, Off, On, Off, Off, Off, Off, Lean
163.234, 662, 1,18, 81, 0, 0, 13,8, 0,34, 2,95, 12, 34, 103, 1,63, Off, Off, Off, Off, On, Off, On, Off, Off, Off, Off, Lean
163.281, 688, 1,16, 81, 15, 0, 13,8, 0,34, 2,99, 13, 34, 103, 1,71, Off, Off, Off, Off, On, Off, On, Off, Off, Off, Off, Lean
163.343, 662, 1,18, 81, 40, 0, 13,8, 0,34, 3,01, 11, 34, 103, 1,66, Off, Off, Off, Off, On, Off, On, Off, Off, Off, Off, Lean
163.390, 688, 1,18, 81, 40, 0, 13,8, 0,34, 2,96, 11, 34, 103, 1,7, Off, Off, Off, Off, On, Off, On, Off, Off, Off, Off, Lean
163.437, 662, 1,16, 81, 52, 0, 13,8, 0,34, 2,99, 11, 34, 100, 1,65, Off, Off, Off, Off, On, Off, On, Off, Off, Off, Off, Rich
163.515, 675, 1,17, 81, 52, 0, 13,8, 0,34, 2,9, 11, 34, 100, 1,63, Off, Off, Off, Off, On, Off, On, Off, Off, Off, Off, Rich
163.562, 675, 1,16, 81, 58, 0, 13,8, 0,34, 2,94, 11, 34, 100, 1,65, Off, Off, Off, Off, On, Off, On, Off, Off, Off, Off, Rich
163.609, 662, 1,17, 81, 60, 0, 13,8, 0,34, 2,95, 13, 34, 100, 1,63, Off, Off, Off, Off, On, Off, On, Off, Off, Off, Off, Rich
163.671, 688, 1,17, 81, 60, 0, 13,8, 0,34, 2,88, 11, 34, 100, 1,65, Off, Off, Off, Off, On, Off, On, Off, Off, Off, Off, Rich
163.718, 662, 1,16, 81, 62, 0, 13,8, 0,34, 2,95, 11, 34, 100, 1,63, Off, Off, Off, Off, On, Off, On, Off, Off, Off, Off, Rich
163.750, 662, 1,17, 81, 63, 0, 13,8, 0,34, 2,97, 13, 34, 100, 1,64, Off, Off, Off, Off, On, Off, On, Off, Off, Off, Off, Rich
163.828, 675, 1,16, 81, 63, 0, 13,8, 0,34, 2,92, 13, 34, 100, 1,64, Off, Off, Off, Off, On, Off, On, Off, Off, Off, Off, Rich
163.875, 662, 1,16, 81, 64, 0, 13,8, 0,34, 2,93, 12, 34, 100, 1,62, Off, Off, Off, Off, On, Off, On, Off, Off, Off, Off, Rich
163.921, 675, 1,17, 81, 64, 0, 13,8, 0,34, 2,9, 11, 34, 100, 1,63, Off, Off, Off, Off, On, Off, On, Off, Off, Off, Off, Rich
163.984, 650, 1,16, 81, 64, 0, 13,8, 0,34, 2,96, 13, 34, 100, 1,6, Off, Off, Off, Off, On, Off, On, Off, Off, Off, Off, Rich
164.031, 650, 1,17, 81, 64, 0, 13,8, 0,34, 2,95, 11, 34, 100, 1,6, Off, Off, Off, Off, On, Off, On, Off, Off, Off, Off, Rich
164.078, 688, 1,16, 81, 64, 0, 13,8, 0,34, 2,95, 13, 34, 100, 1,69, Off, Off, Off, Off, On, Off, On, Off, Off, Off, Off, Rich
164.125, 662, 1,16, 81, 62, 0, 13,8, 0,34, 2,92, 11, 34, 100, 1,61, Off, Off, Off, Off, On, Off, On, Off, Off, Off, Off, Rich
164.187, 675, 1,17, 81, 62, 0, 13,8, 0,34, 2,91, 13, 34, 100, 1,64, Off, Off, Off, Off, On, Off, On, Off, Off, Off, Off, Rich
164.234, 675, 1,16, 81, 62, 0, 13,8, 0,34, 2,96, 13, 34, 100, 1,66, Off, Off, Off, Off, On, Off, On, Off, Off, Off, Off, Rich
164.296, 688, 1,17, 81, 62, 0, 13,8, 0,34, 2,92, 12, 34, 100, 1,67, Off, Off, Off, Off, On, Off, On, Off, Off, Off, Off, Rich
164.343, 688, 1,16, 81, 61, 0, 13,7, 0,34, 2,95, 13, 34, 100, 1,69, Off, Off, Off, Off, On, Off, On, Off, Off, Off, Off, Rich
164.390, 662, 1,17, 81, 62, 0, 13,8, 0,34, 2,93, 13, 34, 100, 1,62, Off, Off, Off, Off, On, Off, On, Off, Off, Off, Off, Rich
164.453, 688, 1,16, 81, 62, 0, 13,8, 0,34, 2,95, 13, 34, 100, 1,69, Off, Off, Off, Off, On, Off, On, Off, Off, Off, Off, Rich
164.500, 675, 1,16, 81, 60, 0, 13,8, 0,34, 2,94, 13, 34, 100, 1,65, Off, Off, Off, Off, On, Off, On, Off, Off, Off, Off, Rich
164.546, 650, 1,16, 81, 60, 0, 13,8, 0,34, 2,91, 13, 34, 100, 1,58, Off, Off, Off, Off, On, Off, On, Off, Off, Off, Off, Rich
164.593, 662, 1,16, 81, 61, 0, 13,8, 0,34, 2,94, 11, 34, 100, 1,62, Off, Off, Off, Off, On, Off, On, Off, Off, Off, Off, Rich
164.640, 662, 1,17, 81, 58, 0, 13,8, 0,34, 2,93, 13, 34, 100, 1,62, Off, Off, Off, Off, On, Off, On, Off, Off, Off, Off, Rich
164.687, 662, 1,16, 81, 58, 0, 13,8, 0,34, 2,95, 13, 34, 100, 1,63, Off, Off, Off, Off, On, Off, On, Off, Off, Off, Off, Rich
164.750, 650, 1,17, 81, 55, 0, 13,8, 0,34, 2,92, 13, 34, 100, 1,58, Off, Off, Off, Off, On, Off, On, Off, Off, Off, Off, Rich
164.796, 662, 1,17, 81, 55, 0, 13,8, 0,34, 2,93, 13, 34, 100, 1,62, Off, Off, Off, Off, On, Off, On, Off, Off, Off, Off, Rich
164.843, 688, 1,16, 81, 52, 0, 13,6, 0,34, 2,95, 13, 34, 100, 1,69, Off, Off, Off, Off, On, Off, On, Off, Off, Off, Off, Rich
164.906, 675, 1,17, 81, 52, 0, 13,8, 0,34, 2,89, 13, 34, 100, 1,63, Off, Off, Off, Off, On, Off, On, Off, Off, Off, Off, Rich
164.937, 675, 1,16, 81, 50, 0, 13,8, 0,34, 2,94, 12, 34, 100, 1,65, Off, Off, Off, Off, On, Off, On, Off, Off, Off, Off, Rich
165.000, 688, 1,18, 81, 48, 0, 13,8, 0,34, 2,93, 13, 34, 100, 1,68, Off, Off, Off, Off, On, Off, On, Off, Off, Off, Off, Rich
165.062, 662, 1,16, 81, 48, 0, 13,8, 0,34, 2,92, 12, 34, 100, 1,61, Off, Off, Off, Off, On, Off, On, Off, Off, Off, Off, Rich
165.125, 688, 1,17, 81, 48, 0, 13,7, 0,34, 2,9, 12, 34, 100, 1,66, Off, Off, Off, Off, On, Off, On, Off, Off, Off, Off, Rich
165.171, 675, 1,17, 81, 48, 0, 13,8, 0,34, 2,88, 11, 34, 100, 1,62, Off, Off, Off, Off, On, Off, On, Off, Off, Off, Off, Rich
165.218, 688, 1,16, 81, 47, 0, 13,8, 0,34, 2,9, 13, 34, 100, 1,66, Off, Off, Off, Off, On, Off, On, Off, Off, Off, Off, Rich
165.281, 675, 1,18, 81, 46, 0, 13,8, 0,34, 2,94, 13, 34, 100, 1,65, Off, Off, Off, Off, On, Off, On, Off, Off, Off, Off, Rich
165.328, 662, 1,17, 81, 46, 0, 13,8, 0,34, 2,86, 12, 34, 100, 1,58, Off, Off, Off, Off, On, Off, On, Off, Off, Off, Off, Rich
165.375, 675, 1,16, 81, 46, 0, 13,8, 0,34, 2,91, 11, 34, 100, 1,64, Off, Off, Off, Off, On, Off, On, Off, Off, Off, Off, Rich
165.437, 662, 1,16, 81, 46, 0, 13,8, 0,34, 2,91, 13, 34, 100, 1,61, Off, Off, Off, Off, On, Off, On, Off, Off, Off, Off, Rich
165.484, 675, 1,16, 81, 45, 0, 13,8, 0,34, 2,93, 13, 34, 100, 1,65, Off, Off, Off, Off, On, Off, On, Off, Off, Off, Off, Rich
165.531, 662, 1,17, 81, 45, 0, 13,8, 0,34, 2,89, 12, 34, 100, 1,59, Off, Off, Off, Off, On, Off, On, Off, Off, Off, Off, Rich
165.593, 688, 1,16, 81, 45, 0, 13,8, 0,34, 2,92, 13, 34, 100, 1,67, Off, Off, Off, Off, On, Off, On, Off, Off, Off, Off, Rich
165.640, 675, 1,16, 81, 43, 0, 13,8, 0,34, 2,91, 11, 34, 100, 1,64, Off, Off, Off, Off, On, Off, On, Off, Off, Off, Off, Rich
165.703, 662, 1,17, 81, 43, 0, 13,8, 0,34, 2,92, 13, 34, 100, 1,61, Off, Off, Off, Off, On, Off, On, Off, Off, Off, Off, Rich
165.750, 675, 1,16, 81, 41, 0, 13,7, 0,34, 2,91, 13, 34, 100, 1,64, Off, Off, Off, Off, On, Off, On, Off, Off, Off, Off, Lean
165.796, 662, 1,17, 81, 37, 0, 13,7, 0,34, 2,96, 13, 34, 100, 1,63, Off, Off, Off, Off, On, Off, On, Off, Off, Off, Off, Lean
165.859, 675, 1,16, 81, 37, 0, 13,8, 0,34, 2,97, 13, 34, 100, 1,67, Off, Off, Off, Off, On, Off, On, Off, Off, Off, Off, Lean
165.906, 688, 1,16, 81, 31, 0, 13,8, 0,34, 2,97, 12, 34, 100, 1,7, Off, Off, Off, Off, On, Off, On, Off, Off, Off, Off, Lean
165.953, 662, 1,16, 81, 31, 0, 13,8, 0,34, 2,94, 13, 34, 100, 1,62, Off, Off, Off, Off, On, Off, On, Off, Off, Off, Off, Lean
166.000, 675, 1,17, 81, 25, 0, 13,8, 0,34, 2,99, 13, 34, 100, 1,68, Off, Off, Off, Off, On, Off, On, Off, Off, Off, Off, Lean
166.046, 662, 1,17, 81, 25, 0, 13,8, 0,34, 2,95, 13, 34, 100, 1,63, Off, Off, Off, Off, On, Off, On, Off, Off, Off, Off, Lean
166.093, 675, 1,16, 81, 18, 0, 13,8, 0,34, 2,98, 13, 34, 100, 1,68, Off, Off, Off, Off, On, Off, On, Off, Off, Off, Off, Lean
166.156, 675, 1,17, 81, 18, 0, 13,8, 0,36, 2,95, 13, 34, 100, 1,66, Off, Off, Off, Off, On, Off, On, Off, Off, Off, Off, Lean
166.203, 662, 1,17, 81, 14, 0, 13,8, 0,34, 2,94, 12, 34, 100, 1,62, Off, Off, Off, Off, On, Off, On, Off, Off, Off, Off, Lean
166.250, 675, 1,16, 81, 11, 0, 13,7, 0,34, 2,99, 13, 34, 100, 1,68, Off, Off, Off, Off, On, Off, On, Off, Off, Off, Off, Lean
166.328, 662, 1,16, 81, 11, 0, 13,8, 0,34, 2,91, 12, 34, 100, 1,61, Off, Off, Off, Off, On, Off, On, Off, Off, Off, Off, Lean
166.375, 688, 1,16, 81, 10, 0, 13,8, 0,34, 3, 13, 34, 100, 1,72, Off, Off, Off, Off, On, Off, On, Off, Off, Off, Off, Lean
166.421, 688, 1,17, 81, 10, 0, 13,8, 0,34, 2,96, 13, 34, 100, 1,7, Off, Off, Off, Off, On, Off, On, Off, Off, Off, Off, Lean
166.484, 662, 1,16, 81, 10, 0, 13,8, 0,34, 2,94, 12, 34, 100, 1,62, Off, Off, Off, Off, On, Off, On, Off, Off, Off, Off, Lean
166.531, 688, 1,16, 81, 13, 0, 13,8, 0,34, 2,95, 11, 34, 100, 1,69, Off, Off, Off, Off, On, Off, On, Off, Off, Off, Off, Lean
166.593, 662, 1,17, 81, 16, 0, 13,8, 0,34, 2,99, 11, 34, 100, 1,65, Off, Off, Off, Off, On, Off, On, Off, Off, Off, Off, Lean
166.640, 675, 1,16, 81, 16, 0, 13,8, 0,34, 2,93, 13, 34, 100, 1,65, Off, Off, Off, Off, On, Off, On, Off, Off, Off, Off, Lean
166.687, 675, 1,17, 81, 26, 0, 13,8, 0,34, 2,99, 12, 34, 100, 1,68, Off, Off, Off, Off, On, Off, On, Off, Off, Off, Off, Lean
166.734, 688, 1,16, 81, 26, 0, 13,6, 0,34, 2,95, 11, 34, 100, 1,69, Off, Off, Off, Off, On, Off, On, Off, Off, Off, Off, Lean
166.781, 675, 1,16, 81, 35, 0, 13,8, 0,34, 2,98, 11, 34, 100, 1,68, Off, Off, Off, Off, On, Off, On, Off, Off, Off, Off, Lean
166.828, 662, 1,16, 81, 35, 0, 13,8, 0,34, 2,97, 13, 34, 100, 1,64, Off, Off, Off, Off, On, Off, On, Off, Off, Off, Off, Lean
166.890, 675, 1,16, 81, 45, 0, 13,8, 0,34, 2,97, 11, 34, 100, 1,67, Off, Off, Off, Off, On, Off, On, Off, Off, Off, Off, Lean
166.937, 662, 1,17, 81, 50, 0, 13,8, 0,34, 2,96, 11, 34, 100, 1,63, Off, Off, Off, Off, On, Off, On, Off, Off, Off, Off, Lean
167.015, 675, 1,16, 81, 50, 0, 13,8, 0,34, 2,98, 13, 34, 100, 1,68, Off, Off, Off, Off, On, Off, On, Off, Off, Off, Off, Rich
167.062, 688, 1,16, 81, 56, 0, 13,8, 0,34, 2,93, 13, 34, 100, 1,68, Off, Off, Off, Off, On, Off, On, Off, Off, Off, Off, Rich
167.109, 662, 1,17, 81, 56, 0, 13,8, 0,34, 2,92, 12, 34, 100, 1,61, Off, Off, Off, Off, On, Off, On, Off, Off, Off, Off, Rich
167.156, 662, 1,16, 81, 59, 0, 13,8, 0,34, 2,92, 12, 34, 100, 1,61, Off, Off, Off, Off, On, Off, On, Off, Off, Off, Off, Rich
167.203, 662, 1,16, 81, 59, 0, 13,8, 0,34, 2,89, 13, 34, 100, 1,59, Off, Off, Off, Off, On, Off, On, Off, Off, Off, Off, Rich
167.250, 675, 1,16, 81, 61, 0, 13,8, 0,34, 2,93, 12, 34, 100, 1,65, Off, Off, Off, Off, On, Off, On, Off, Off, Off, Off, Rich
167.312, 662, 1,17, 81, 61, 0, 13,8, 0,34, 2,93, 13, 34, 100, 1,62, Off, Off, Off, Off, On, Off, On, Off, Off, Off, Off, Rich
167.359, 662, 1,16, 81, 61, 0, 13,8, 0,34, 2,89, 13, 34, 100, 1,59, Off, Off, Off, Off, On, Off, On, Off, Off, Off, Off, Rich
167.406, 688, 1,16, 81, 62, 0, 13,7, 0,34, 2,95, 13, 34, 100, 1,69, Off, Off, Off, Off, On, Off, On, Off, Off, Off, Off, Rich
167.468, 675, 1,17, 81, 62, 0, 13,8, 0,34, 2,91, 13, 34, 100, 1,64, Off, Off, Off, Off, On, Off, On, Off, Off, Off, Off, Rich
167.515, 675, 1,16, 81, 60, 0, 13,8, 0,34, 2,94, 13, 34, 100, 1,65, Off, Off, Off, Off, On, Off, On, Off, Off, Off, Off, Rich
167.562, 675, 1,17, 81, 58, 0, 13,8, 0,34, 2,95, 13, 34, 100, 1,66, Off, Off, Off, Off, On, Off, On, Off, Off, Off, Off, Rich
167.609, 675, 1,16, 81, 58, 0, 13,8, 0,34, 2,94, 13, 34, 100, 1,65, Off, Off, Off, Off, On, Off, On, Off, Off, Off, Off, Rich
167.671, 675, 1,16, 81, 56, 0, 13,7, 0,34, 2,95, 13, 34, 100, 1,66, Off, Off, Off, Off, On, Off, On, Off, Off, Off, Off, Rich
167.734, 675, 1,16, 81, 56, 0, 13,8, 0,34, 2,86, 12, 34, 100, 1,61, Off, Off, Off, Off, On, Off, On, Off, Off, Off, Off, Rich
167.781, 675, 1,16, 81, 54, 0, 13,8, 0,34, 2,95, 13, 34, 100, 1,66, Off, Off, Off, Off, On, Off, On, Off, Off, Off, Off, Rich
167.843, 675, 1,17, 81, 51, 0, 13,8, 0,34, 2,95, 13, 34, 100, 1,66, Off, Off, Off, Off, On, Off, On, Off, Off, Off, Off, Rich
167.890, 662, 1,16, 81, 51, 0, 13,8, 0,34, 2,92, 13, 34, 100, 1,61, Off, Off, Off, Off, On, Off, On, Off, Off, Off, Off, Rich
167.937, 688, 1,17, 81, 50, 0, 13,7, 0,34, 2,96, 13, 34, 100, 1,7, Off, Off, Off, Off, On, Off, On, Off, Off, Off, Off, Rich
168.000, 662, 1,17, 81, 50, 0, 13,8, 0,34, 2,9, 13, 34, 100, 1,6, Off, Off, Off, Off, On, Off, On, Off, Off, Off, Off, Rich
168.046, 675, 1,16, 81, 48, 0, 13,8, 0,34, 2,9, 11, 34, 100, 1,63, Off, Off, Off, Off, On, Off, On, Off, Off, Off, Off, Rich
168.078, 675, 1,17, 81, 48, 0, 13,8, 0,34, 2,94, 13, 34, 100, 1,65, Off, Off, Off, Off, On, Off, On, Off, Off, Off, Off, Rich
168.156, 675, 1,16, 81, 48, 0, 13,8, 0,34, 2,94, 13, 34, 100, 1,65, Off, Off, Off, Off, On, Off, On, Off, Off, Off, Off, Rich
168.203, 675, 1,16, 81, 47, 0, 13,7, 0,34, 2,95, 12, 34, 100, 1,66, Off, Off, Off, Off, On, Off, On, Off, Off, Off, Off, Rich
168.265, 662, 1,16, 81, 47, 0, 13,8, 0,34, 2,89, 13, 34, 100, 1,59, Off, Off, Off, Off, On, Off, On, Off, Off, Off, Off, Rich
168.312, 675, 1,16, 81, 48, 0, 13,8, 0,34, 2,93, 13, 34, 100, 1,65, Off, Off, Off, Off, On, Off, On, Off, Off, Off, Off, Rich
168.359, 675, 1,18, 81, 48, 0, 13,8, 0,34, 2,92, 13, 34, 100, 1,64, Off, Off, Off, Off, On, Off, On, Off, Off, Off, Off, Rich
168.437, 625, 1,16, 81, 47, 0, 13,8, 0,34, 2,9, 13, 34, 100, 1,51, Off, Off, Off, Off, On, Off, On, Off, Off, Off, Off, Rich
168.484, 662, 1,16, 81, 46, 0, 13,8, 0,34, 2,94, 13, 34, 100, 1,62, Off, Off, Off, Off, On, Off, On, Off, Off, Off, Off, Rich
168.531, 662, 1,17, 81, 46, 0, 13,8, 0,34, 2,93, 13, 34, 100, 1,62, Off, Off, Off, Off, On, Off, On, Off, Off, Off, Off, Rich
168.593, 650, 1,15, 81, 44, 0, 13,8, 0,34, 2,95, 13, 34, 100, 1,6, Off, Off, Off, Off, On, Off, On, Off, Off, Off, Off, Rich
168.640, 650, 1,17, 81, 44, 0, 13,8, 0,34, 2,95, 13, 34, 100, 1,6, Off, Off, Off, Off, On, Off, On, Off, Off, Off, Off, Rich
168.687, 675, 1,16, 81, 44, 0, 13,7, 0,34, 2,94, 13, 34, 100, 1,65, Off, Off, Off, Off, On, Off, On, Off, Off, Off, Off, Rich
168.750, 650, 1,16, 81, 41, 0, 13,8, 0,34, 2,95, 13, 34, 100, 1,6, Off, Off, Off, Off, On, Off, On, Off, Off, Off, Off, Rich
168.796, 650, 1,16, 81, 41, 0, 13,8, 0,34, 2,98, 13, 34, 100, 1,61, Off, Off, Off, Off, On, Off, On, Off, Off, Off, Off, Lean
168.859, 650, 1,16, 81, 38, 0, 13,8, 0,34, 3,01, 13, 34, 100, 1,63, Off, Off, Off, Off, On, Off, On, Off, Off, Off, Off, Lean
168.906, 625, 1,17, 81, 32, 0, 13,8, 0,34, 3,01, 13, 34, 100, 1,57, Off, Off, Off, Off, On, Off, On, Off, Off, Off, Off, Lean
168.953, 650, 1,15, 81, 32, 0, 13,8, 0,34, 3,01, 13, 34, 100, 1,63, Off, Off, Off, Off, On, Off, On, Off, Off, Off, Off, Lean
169.000, 650, 1,17, 81, 24, 0, 13,8, 0,34, 3,03, 13, 34, 100, 1,64, Off, Off, Off, Off, On, Off, On, Off, Off, Off, Off, Lean
169.046, 662, 1,16, 81, 24, 0, 13,8, 0,34, 3,01, 13, 34, 100, 1,66, Off, Off, Off, Off, On, Off, On, Off, Off, Off, Off, Lean
169.109, 662, 1,16, 81, 16, 0, 13,8, 0,34, 3,05, 13, 34, 100, 1,68, Off, Off, Off, Off, On, Off, On, Off, Off, Off, Off, Lean
169.171, 625, 1,16, 81, 16, 0, 13,8, 0,34, 2,95, 13, 34, 100, 1,54, Off, Off, Off, Off, On, Off, On, Off, Off, Off, Off, Lean
169.218, 625, 1,16, 81, 11, 0, 13,8, 0,34, 2,99, 13, 34, 100, 1,56, Off, Off, Off, Off, On, Off, On, Off, Off, Off, Off, Lean
169.265, 675, 1,17, 81, 11, 0, 13,7, 0,34, 3, 13, 34, 100, 1,69, Off, Off, Off, Off, On, Off, On, Off, Off, Off, Off, Lean
169.328, 650, 1,15, 81, 8, 0, 13,8, 0,34, 2,99, 13, 34, 100, 1,62, Off, Off, Off, Off, On, Off, On, Off, Off, Off, Off, Lean
169.390, 662, 1,16, 81, 8, 0, 13,8, 0,34, 2,98, 13, 34, 100, 1,64, Off, Off, Off, Off, On, Off, On, Off, Off, Off, Off, Lean
169.437, 675, 1,17, 81, 8, 0, 13,8, 0,34, 2,94, 12, 34, 100, 1,65, Off, Off, Off, Off, On, Off, On, Off, Off, Off, Off, Lean
169.484, 650, 1,16, 81, 10, 0, 13,8, 0,34, 2,99, 13, 34, 100, 1,62, Off, Off, Off, Off, On, Off, On, Off, Off, Off, Off, Lean
169.546, 675, 1,16, 81, 10, 0, 13,8, 0,34, 2,96, 13, 34, 100, 1,66, Off, Off, Off, Off, On, Off, On, Off, Off, Off, Off, Lean
169.593, 675, 1,16, 81, 17, 0, 13,8, 0,34, 2,98, 13, 34, 100, 1,68, Off, Off, Off, Off, On, Off, On, Off, Off, Off, Off, Lean
169.640, 650, 1,16, 81, 27, 0, 13,8, 0,34, 3,03, 13, 34, 100, 1,64, Off, Off, Off, Off, On, Off, On, Off, Off, Off, Off, Lean
169.703, 650, 1,16, 81, 27, 0, 13,8, 0,34, 2,99, 13, 34, 100, 1,62, Off, Off, Off, Off, On, Off, On, Off, Off, Off, Off, Lean
169.750, 650, 1,16, 81, 44, 0, 13,7, 0,34, 2,99, 13, 34, 100, 1,62, Off, Off, Off, Off, On, Off, On, Off, Off, Off, Off, Lean
169.828, 650, 1,16, 81, 51, 0, 13,8, 0,34, 3,01, 13, 34, 100, 1,63, Off, Off, Off, Off, On, Off, On, Off, Off, Off, Off, Lean
169.875, 675, 1,16, 81, 51, 0, 13,8, 0,34, 2,98, 13, 34, 100, 1,68, Off, Off, Off, Off, On, Off, On, Off, Off, Off, Off, Rich
169.921, 675, 1,16, 81, 57, 0, 13,8, 0,34, 2,98, 13, 34, 100, 1,68, Off, Off, Off, Off, On, Off, On, Off, Off, Off, Off, Rich
169.968, 650, 1,16, 81, 57, 0, 13,8, 0,34, 2,96, 13, 34, 100, 1,6, Off, Off, Off, Off, On, Off, On, Off, Off, Off, Off, Rich
170.031, 662, 1,15, 81, 59, 0, 13,8, 0,34, 2,95, 13, 34, 100, 1,63, Off, Off, Off, Off, On, Off, On, Off, Off, Off, Off, Rich
170.078, 662, 1,17, 81, 62, 0, 13,8, 0,34, 2,98, 13, 34, 100, 1,64, Off, Off, Off, Off, On, Off, On, Off, Off, Off, Off, Rich
170.140, 662, 1,16, 81, 62, 0, 13,8, 0,34, 2,95, 13, 34, 100, 1,63, Off, Off, Off, Off, On, Off, On, Off, Off, Off, Off, Rich
170.187, 675, 1,16, 81, 61, 0, 13,8, 0,34, 2,97, 13, 34, 100, 1,67, Off, Off, Off, Off, On, Off, On, Off, Off, Off, Off, Rich
170.234, 650, 1,16, 81, 61, 0, 13,8, 0,34, 2,94, 13, 34, 100, 1,59, Off, Off, Off, Off, On, Off, On, Off, Off, Off, Off, Rich
170.296, 675, 1,16, 81, 60, 0, 13,8, 0,34, 2,95, 13, 34, 100, 1,66, Off, Off, Off, Off, On, Off, On, Off, Off, Off, Off, Rich
170.343, 675, 1,17, 81, 54, 0, 13,8, 0,34, 2,96, 13, 34, 100, 1,66, Off, Off, Off, Off, On, Off, On, Off, Off, Off, Off, Rich
170.390, 650, 1,15, 81, 54, 0, 13,8, 0,34, 2,92, 13, 34, 100, 1,58, Off, Off, Off, Off, On, Off, On, Off, Off, Off, Off, Rich
170.453, 662, 1,16, 81, 50, 0, 13,8, 0,34, 2,96, 12, 34, 100, 1,63, Off, Off, Off, Off, On, Off, On, Off, Off, Off, Off, Rich
170.515, 688, 1,17, 81, 50, 0, 13,8, 0,34, 2,87, 11, 34, 100, 1,65, Off, Off, Off, Off, On, Off, On, Off, Off, Off, Off, Rich
170.562, 650, 1,15, 81, 48, 0, 13,8, 0,34, 2,89, 11, 34, 100, 1,57, Off, Off, Off, Off, On, Off, On, Off, Off, Off, Off, Rich
170.625, 688, 1,16, 81, 48, 0, 13,8, 0,34, 2,89, 11, 34, 100, 1,66, Off, Off, Off, Off, On, Off, On, Off, Off, Off, Off, Rich
170.671, 662, 1,16, 81, 46, 0, 13,8, 0,34, 2,87, 11, 34, 100, 1,58, Off, Off, Off, Off, On, Off, On, Off, Off, Off, Off, Rich
170.734, 675, 1,16, 81, 33, 0, 13,8, 0,34, 2,91, 11, 34, 100, 1,64, Off, Off, Off, Off, On, Off, On, Off, Off, Off, Off, Rich
170.781, 688, 1,17, 81, 33, 0, 13,8, 0,34, 2,93, 12, 34, 100, 1,68, Off, Off, Off, Off, On, Off, On, Off, Off, Off, Off, Lean
170.828, 650, 1,16, 81, 19, 0, 13,8, 0,34, 2,98, 11, 34, 100, 1,61, Off, Off, Off, Off, On, Off, On, Off, Off, Off, Off, Lean
170.890, 675, 1,17, 81, 10, 0, 13,8, 0,34, 3, 13, 34, 100, 1,69, Off, Off, Off, Off, On, Off, On, Off, Off, Off, Off, Lean
170.937, 662, 1,16, 81, 10, 0, 13,8, 0,34, 2,95, 13, 34, 100, 1,63, Off, Off, Off, Off, On, Off, On, Off, Off, Off, Off, Lean
170.984, 662, 1,17, 81, 5, 0, 13,8, 0,34, 3, 13, 34, 100, 1,65, Off, Off, Off, Off, On, Off, On, Off, Off, Off, Off, Lean
171.031, 650, 1,16, 81, 5, 0, 13,8, 0,34, 2,96, 11, 34, 100, 1,6, Off, Off, Off, Off, On, Off, On, Off, Off, Off, Off, Lean
171.078, 650, 1,16, 81, 2, 0, 13,8, 0,34, 2,99, 13, 34, 100, 1,62, Off, Off, Off, Off, On, Off, On, Off, Off, Off, Off, Lean
171.125, 675, 1,17, 81, 2, 0, 13,8, 0,34, 2,96, 13, 34, 100, 1,66, Off, Off, Off, Off, On, Off, On, Off, Off, Off, Off, Lean
171.203, 662, 1,16, 81, 0, 0, 13,8, 0,34, 3,02, 13, 34, 100, 1,67, Off, Off, Off, Off, On, Off, On, Off, Off, Off, Off, Lean
171.250, 675, 1,16, 81, 0, 2, 13,8, 0,34, 3,01, 13, 34, 100, 1,69, Off, Off, Off, Off, On, Off, On, Off, Off, Off, Off, Lean
171.312, 675, 1,17, 81, 0, 2, 13,8, 0,34, 2,96, 13, 34, 100, 1,66, Off, Off, Off, Off, On, Off, On, Off, Off, Off, Off, Lean
171.359, 650, 1,16, 81, 0, 2, 13,8, 0,34, 3,02, 13, 34, 100, 1,64, Off, Off, Off, Off, On, Off, On, Off, Off, Off, Off, Lean
171.421, 675, 1,17, 81, 0, 2, 13,8, 0,34, 3, 13, 34, 100, 1,69, Off, Off, Off, Off, On, Off, On, Off, Off, Off, Off, Lean
171.468, 662, 1,16, 81, 0, 2, 13,8, 0,34, 3, 13, 34, 100, 1,65, Off, Off, Off, Off, On, Off, On, Off, Off, Off, Off, Lean
171.515, 650, 1,17, 81, 0, 2, 13,8, 0,34, 3,01, 13, 34, 100, 1,63, Off, Off, Off, Off, On, Off, On, Off, Off, Off, Off, Lean
171.578, 662, 1,16, 81, 0, 2, 13,8, 0,34, 3,02, 13, 34, 100, 1,67, Off, Off, Off, Off, On, Off, On, Off, Off, Off, Off, Lean
171.625, 650, 1,16, 81, 0, 2, 13,8, 0,34, 2,99, 13, 34, 100, 1,62, Off, Off, Off, Off, On, Off, On, Off, Off, Off, Off, Lean
171.687, 675, 1,17, 81, 0, 2, 13,7, 0,34, 2,97, 13, 34, 100, 1,67, Off, Off, Off, Off, On, Off, On, Off, Off, Off, Off, Lean
171.734, 675, 1,16, 81, 0, 2, 13,8, 0,34, 3, 13, 34, 100, 1,69, Off, Off, Off, Off, On, Off, On, Off, Off, Off, Off, Lean
171.781, 650, 1,16, 81, 3, 2, 13,8, 0,34, 3,04, 13, 34, 100, 1,65, Off, Off, Off, Off, On, Off, On, Off, Off, Off, Off, Lean
171.828, 675, 1,16, 81, 3, 2, 13,8, 0,34, 2,98, 13, 34, 100, 1,68, Off, Off, Off, Off, On, Off, On, Off, Off, Off, Off, Lean
171.890, 662, 1,16, 81, 21, 2, 13,8, 0,34, 3,03, 13, 34, 100, 1,67, Off, Off, Off, Off, On, Off, On, Off, Off, Off, Off, Lean
171.953, 650, 1,17, 81, 21, 0, 13,8, 0,34, 3,01, 13, 34, 100, 1,63, Off, Off, Off, Off, On, Off, On, Off, Off, Off, Off, Lean
172.000, 675, 1,16, 81, 36, 0, 13,7, 0,34, 3,02, 13, 34, 100, 1,7, Off, Off, Off, Off, On, Off, On, Off, Off, Off, Off, Lean
172.062, 650, 1,17, 81, 48, 0, 13,8, 0,34, 3,01, 13, 34, 100, 1,63, Off, Off, Off, Off, On, Off, On, Off, Off, Off, Off, Lean
172.109, 662, 1,18, 81, 48, 0, 13,8, 0,34, 2,94, 13, 40, 101, 1,62, Off, On, Off, Off, On, Off, On, Off, Off, Off, Off, Rich
172.156, 662, 1,22, 81, 53, 0, 13,8, 0,34, 3,03, 13, 40, 101, 1,67, Off, On, Off, Off, On, Off, On, Off, Off, Off, Off, Rich
172.218, 662, 1,25, 81, 53, 0, 13,8, 0,34, 3,13, 13, 40, 101, 1,73, Off, On, Off, Off, On, Off, On, Off, Off, Off, Off, Rich
172.265, 662, 1,24, 81, 58, 0, 13,8, 0,34, 3,2, 13, 40, 101, 1,77, Off, On, Off, Off, On, Off, On, Off, Off, Off, Off, Rich
172.312, 662, 1,25, 81, 58, 0, 13,8, 0,34, 3,2, 13, 40, 101, 1,77, Off, On, Off, Off, On, Off, On, Off, Off, Off, Off, Rich
172.375, 662, 1,24, 81, 59, 0, 13,8, 0,34, 3,26, 13, 40, 101, 1,8, Off, On, Off, Off, On, Off, On, Off, Off, Off, Off, Rich
172.421, 662, 1,25, 81, 57, 0, 13,8, 0,34, 3,28, 13, 40, 101, 1,81, Off, On, Off, Off, On, Off, On, Off, Off, Off, Off, Rich
172.468, 662, 1,25, 81, 57, 0, 13,8, 0,34, 3,3, 13, 34, 101, 1,82, Off, On, Off, Off, On, Off, On, Off, Off, Off, Off, Rich
172.531, 675, 1,16, 81, 51, 0, 13,8, 0,34, 3,12, 11, 34, 101, 1,75, Off, On, Off, Off, On, Off, On, Off, Off, Off, Off, Rich
172.593, 688, 1,17, 81, 51, 0, 13,8, 0,34, 3,01, 11, 34, 101, 1,73, Off, On, Off, Off, On, Off, On, Off, Off, Off, Off, Rich
172.640, 712, 1,16, 81, 49, 2, 13,8, 0,34, 2,92, 13, 34, 101, 1,73, Off, On, Off, Off, On, Off, On, Off, Off, Off, Off, Rich
172.703, 662, 1,16, 81, 48, 2, 13,8, 0,34, 2,98, 12, 34, 101, 1,64, Off, On, Off, Off, On, Off, On, Off, Off, Off, Off, Rich
172.750, 688, 1,16, 81, 48, 2, 13,8, 0,34, 2,86, 10, 34, 101, 1,64, Off, On, Off, Off, On, Off, On, Off, Off, Off, Off, Rich
172.796, 662, 1,16, 81, 49, 2, 13,8, 0,34, 2,91, 13, 34, 101, 1,61, Off, Off, Off, Off, On, Off, On, Off, Off, Off, Off, Rich
172.843, 712, 1,17, 81, 49, 2, 13,8, 0,34, 2,85, 12, 34, 101, 1,69, Off, Off, Off, Off, On, Off, On, Off, Off, Off, Off, Rich
172.890, 688, 1,16, 81, 48, 2, 13,9, 0,34, 2,93, 11, 34, 101, 1,68, Off, Off, Off, Off, On, Off, On, Off, Off, Off, Off, Rich
172.937, 688, 1,17, 81, 46, 2, 13,8, 0,34, 2,89, 11, 34, 101, 1,66, Off, Off, Off, Off, On, Off, On, Off, Off, Off, Off, Rich
172.984, 688, 1,16, 81, 46, 2, 13,8, 0,34, 2,9, 11, 34, 101, 1,66, Off, Off, Off, Off, On, Off, On, Off, Off, Off, Off, Rich
173.046, 712, 1,16, 81, 42, 2, 13,8, 0,34, 2,89, 10, 34, 101, 1,71, Off, Off, Off, Off, On, Off, On, Off, Off, Off, Off, Rich
173.093, 688, 1,17, 81, 30, 2, 13,8, 0,34, 2,98, 11, 34, 101, 1,71, Off, Off, Off, Off, On, Off, On, Off, Off, Off, Off, Lean
173.140, 675, 1,16, 81, 30, 2, 13,8, 0,34, 3,01, 10, 34, 101, 1,69, Off, Off, Off, Off, On, Off, On, Off, Off, Off, Off, Lean
173.203, 675, 1,16, 81, 16, 2, 13,8, 0,34, 2,93, 10, 34, 101, 1,65, Off, Off, Off, Off, On, Off, On, Off, Off, Off, Off, Lean
173.250, 662, 1,16, 81, 16, 2, 13,8, 0,34, 2,94, 11, 34, 101, 1,62, Off, Off, Off, Off, On, Off, On, Off, Off, Off, Off, Lean
173.312, 688, 1,16, 81, 7, 2, 13,8, 0,34, 3, 13, 34, 101, 1,72, Off, Off, Off, Off, On, Off, On, Off, Off, Off, Off, Lean
173.359, 675, 1,16, 81, 7, 2, 13,8, 0,34, 2,91, 11, 34, 101, 1,64, Off, Off, Off, Off, On, Off, On, Off, Off, Off, Off, Lean
173.406, 675, 1,15, 81, 2, 2, 13,8, 0,34, 2,99, 11, 34, 101, 1,68, Off, Off, Off, Off, On, Off, On, Off, Off, Off, Off, Lean
173.453, 688, 1,18, 81, 0, 2, 13,8, 0,34, 2,99, 12, 34, 101, 1,71, Off, Off, Off, Off, On, Off, On, Off, Off, Off, Off, Lean
173.515, 675, 1,16, 81, 0, 2, 13,8, 0,34, 2,99, 11, 34, 101, 1,68, Off, Off, Off, Off, On, Off, On, Off, Off, Off, Off, Lean
173.562, 712, 1,16, 81, 0, 2, 13,8, 0,34, 2,94, 13, 34, 101, 1,74, Off, Off, Off, Off, On, Off, On, Off, Off, Off, Off, Lean
173.609, 675, 1,16, 81, 0, 2, 13,8, 0,34, 2,94, 12, 34, 101, 1,65, Off, Off, Off, Off, On, Off, On, Off, Off, Off, Off, Lean
173.671, 725, 1,16, 81, 0, 2, 13,8, 0,34, 2,95, 10, 34, 101, 1,78, Off, Off, Off, Off, On, Off, On, Off, Off, Off, Off, Lean
173.718, 675, 1,17, 81, 0, 2, 13,8, 0,34, 2,95, 8, 34, 101, 1,66, Off, Off, Off, Off, On, Off, On, Off, Off, Off, Off, Lean
173.781, 712, 1,16, 81, 0, 2, 13,9, 0,34, 2,86, 7, 34, 101, 1,7, Off, Off, Off, Off, On, Off, On, Off, Off, Off, Off, Lean
173.828, 675, 1,16, 81, 0, 2, 13,8, 0,34, 2,94, 11, 34, 101, 1,65, Off, Off, Off, Off, On, Off, On, Off, Off, Off, Off, Lean
173.875, 688, 1,16, 81, 0, 2, 13,8, 0,34, 2,9, 9, 34, 101, 1,66, Off, Off, Off, Off, On, Off, On, Off, Off, Off, Off, Lean
173.937, 712, 1,16, 81, 0, 2, 13,8, 0,34, 2,88, 7, 34, 101, 1,71, Off, Off, Off, Off, On, Off, On, Off, Off, Off, Off, Lean
173.984, 688, 1,16, 81, 0, 2, 13,8, 0,34, 2,93, 7, 33, 101, 1,68, Off, Off, Off, Off, On, Off, On, Off, Off, Off, Off, Lean
174.046, 712, 1,17, 81, 0, 4, 13,7, 0,34, 2,87, 7, 33, 101, 1,7, Off, Off, Off, Off, On, Off, On, Off, Off, Off, Off, Lean
174.109, 688, 1,15, 81, 0, 4, 13,7, 0,34, 2,95, 7, 33, 101, 1,69, Off, Off, Off, Off, On, Off, On, Off, Off, Off, Off, Lean
174.171, 712, 1,16, 81, 0, 4, 13,7, 0,34, 2,9, 10, 33, 101, 1,72, Off, Off, Off, Off, On, Off, On, Off, Off, Off, Off, Lean
174.218, 688, 1,16, 81, 0, 4, 13,8, 0,34, 2,87, 11, 33, 101, 1,65, Off, Off, Off, Off, On, Off, On, Off, Off, Off, Off, Lean
174.265, 712, 1,15, 81, 0, 4, 13,7, 0,34, 2,91, 10, 33, 101, 1,73, Off, Off, Off, Off, On, Off, On, Off, Off, Off, Off, Lean
174.328, 688, 1,16, 81, 0, 4, 13,8, 0,34, 2,92, 8, 33, 101, 1,67, Off, Off, Off, Off, On, Off, On, Off, Off, Off, Off, Lean
174.375, 712, 1,17, 81, 0, 4, 13,7, 0,34, 2,95, 11, 33, 101, 1,75, Off, Off, Off, Off, On, Off, On, Off, Off, Off, Off, Lean
174.421, 675, 1,15, 81, 0, 4, 13,8, 0,34, 2,9, 9, 33, 101, 1,63, Off, Off, Off, Off, On, Off, On, Off, Off, Off, Off, Lean
174.484, 688, 1,17, 81, 0, 4, 13,8, 0,34, 2,97, 11, 33, 101, 1,7, Off, Off, Off, Off, On, Off, On, Off, Off, Off, Off, Lean
174.531, 675, 1,16, 81, 0, 4, 13,7, 0,34, 2,9, 10, 33, 101, 1,63, Off, Off, Off, Off, On, Off, On, Off, Off, Off, Off, Lean
174.593, 712, 1,16, 81, 0, 4, 13,7, 0,34, 2,9, 8, 33, 101, 1,72, Off, Off, Off, Off, On, Off, On, Off, Off, Off, Off, Lean
174.640, 712, 1,16, 81, 0, 4, 13,7, 0,34, 2,88, 7, 33, 101, 1,71, Off, Off, Off, Off, On, Off, On, Off, Off, Off, Off, Lean
174.718, 725, 1,16, 81, 0, 4, 13,7, 0,34, 2,84, 7, 33, 101, 1,72, Off, Off, Off, Off, On, Off, On, Off, Off, Off, Off, Lean
174.765, 688, 1,15, 81, 0, 4, 13,8, 0,34, 2,84, 6, 33, 101, 1,63, Off, Off, Off, Off, On, Off, On, Off, Off, Off, Off, Lean
174.828, 688, 1,16, 81, 0, 4, 13,8, 0,34, 2,84, 7, 33, 101, 1,63, Off, Off, Off, Off, On, Off, On, Off, Off, Off, Off, Lean
174.875, 712, 1,16, 81, 9, 4, 13,8, 0,34, 2,84, 9, 33, 101, 1,69, Off, Off, Off, Off, On, Off, On, Off, Off, Off, Off, Lean
174.921, 725, 1,16, 81, 20, 4, 13,8, 0,34, 2,9, 8, 33, 101, 1,75, Off, Off, Off, Off, On, Off, On, Off, Off, Off, Off, Lean
174.968, 712, 1,17, 81, 20, 4, 13,8, 0,34, 2,85, 6, 33, 101, 1,69, Off, Off, Off, Off, On, Off, On, Off, Off, Off, Off, Lean
175.015, 725, 1,16, 81, 32, 4, 13,8, 0,34, 2,87, 5, 33, 101, 1,73, Off, Off, Off, Off, On, Off, On, Off, Off, Off, Off, Lean
175.062, 725, 1,17, 81, 36, 4, 13,7, 0,34, 2,88, 5, 33, 101, 1,74, Off, Off, Off, Off, On, Off, On, Off, Off, Off, Off, Lean
175.125, 725, 1,16, 81, 36, 4, 13,8, 0,34, 2,88, 7, 33, 101, 1,74, Off, Off, Off, Off, On, Off, On, Off, Off, Off, Off, Lean
175.171, 712, 1,16, 81, 36, 4, 13,7, 0,34, 2,84, 5, 33, 101, 1,69, Off, Off, Off, Off, On, Off, On, Off, Off, Off, Off, Lean
175.218, 738, 1,17, 81, 36, 4, 13,6, 0,34, 2,82, 5, 33, 101, 1,73, Off, Off, Off, Off, On, Off, On, Off, Off, Off, Off, Lean
175.281, 712, 1,15, 81, 36, 4, 13,7, 0,34, 2,86, 5, 33, 101, 1,7, Off, Off, Off, Off, On, Off, On, Off, Off, Off, Off, Lean
175.328, 738, 1,16, 81, 36, 4, 13,7, 0,34, 2,84, 5, 33, 101, 1,75, Off, Off, Off, Off, On, Off, On, Off, Off, Off, Off, Lean
175.375, 725, 1,16, 81, 36, 4, 13,8, 0,34, 2,84, 5, 33, 101, 1,72, Off, Off, Off, Off, On, Off, On, Off, Off, Off, Off, Lean
175.453, 738, 1,16, 81, 33, 6, 13,7, 0,34, 2,8, 4, 33, 101, 1,72, Off, Off, Off, Off, On, Off, On, Off, Off, Off, Off, Lean
175.500, 738, 1,17, 81, 27, 6, 13,8, 0,34, 2,77, 3, 33, 101, 1,7, Off, Off, Off, Off, On, Off, On, Off, Off, Off, Off, Lean
175.546, 762, 1,17, 81, 21, 6, 13,8, 0,34, 2,8, 5, 33, 101, 1,78, Off, Off, Off, Off, On, Off, On, Off, Off, Off, Off, Lean
175.609, 762, 1,16, 81, 21, 6, 13,7, 0,34, 2,86, 5, 33, 101, 1,82, Off, Off, Off, Off, On, Off, On, Off, Off, Off, Off, Lean
175.656, 738, 1,16, 81, 15, 6, 13,7, 0,34, 2,78, 3, 33, 101, 1,71, Off, Off, Off, Off, On, Off, On, Off, Off, Off, Off, Lean
175.718, 738, 1,17, 81, 11, 6, 13,8, 0,34, 2,85, 3, 33, 101, 1,75, Off, Off, Off, Off, On, Off, On, Off, Off, Off, Off, Lean
175.765, 725, 1,16, 81, 11, 6, 13,8, 0,34, 2,83, 3, 33, 101, 1,71, Off, Off, Off, Off, On, Off, On, Off, Off, Off, Off, Lean
175.828, 762, 1,16, 81, 9, 6, 13,8, 0,34, 2,78, 5, 33, 101, 1,77, Off, Off, Off, Off, On, Off, On, Off, Off, Off, Off, Lean
175.875, 762, 1,17, 81, 7, 6, 13,8, 0,34, 2,77, 3, 33, 101, 1,76, Off, Off, Off, Off, On, Off, On, Off, Off, Off, Off, Lean
175.921, 738, 1,16, 81, 7, 6, 13,8, 0,34, 2,76, 3, 33, 101, 1,7, Off, Off, Off, Off, On, Off, On, Off, Off, Off, Off, Lean
175.968, 738, 1,16, 81, 5, 6, 13,8, 0,34, 2,83, 3, 33, 101, 1,74, Off, Off, Off, Off, On, Off, On, Off, Off, Off, Off, Lean
176.031, 738, 1,17, 81, 3, 6, 13,8, 0,34, 2,79, 3, 33, 101, 1,72, Off, Off, Off, Off, On, Off, On, Off, Off, Off, Off, Lean
176.109, 762, 1,16, 81, 3, 6, 13,8, 0,34, 2,76, 3, 33, 101, 1,75, Off, Off, Off, Off, On, Off, On, Off, Off, Off, Off, Lean
176.156, 762, 1,17, 81, 1, 8, 13,8, 0,34, 2,79, 3, 33, 101, 1,77, Off, Off, Off, Off, On, Off, On, Off, Off, Off, Off, Lean
176.203, 762, 1,17, 81, 0, 8, 13,8, 0,34, 2,77, 3, 33, 101, 1,76, Off, Off, Off, Off, On, Off, On, Off, Off, Off, Off, Lean
176.265, 762, 1,17, 81, 0, 8, 13,8, 0,34, 2,68, 3, 33, 101, 1,7, Off, Off, Off, Off, On, Off, On, Off, Off, Off, Off, Lean
176.312, 738, 1,16, 81, 0, 8, 13,8, 0,34, 2,65, 3, 33, 101, 1,63, Off, Off, Off, Off, On, Off, On, Off, Off, Off, Off, Lean
176.375, 762, 1,17, 81, 0, 8, 13,8, 0,34, 2,67, 3, 33, 101, 1,7, Off, Off, Off, Off, On, Off, On, Off, Off, Off, Off, Lean
176.421, 738, 1,18, 81, 0, 8, 13,7, 0,34, 2,71, 3, 33, 101, 1,67, Off, Off, Off, Off, On, Off, On, Off, Off, Off, Off, Lean
176.468, 725, 1,17, 81, 0, 8, 13,8, 0,34, 2,72, 3, 33, 101, 1,64, Off, Off, Off, Off, On, Off, On, Off, Off, Off, Off, Lean
176.515, 725, 1,18, 81, 0, 8, 13,8, 0,34, 2,7, 3, 33, 101, 1,63, Off, Off, Off, Off, On, Off, On, Off, Off, Off, Off, Lean
176.578, 725, 1,18, 81, 0, 8, 13,9, 0,34, 2,72, 4, 33, 101, 1,64, Off, Off, Off, Off, On, Off, On, Off, Off, Off, Off, Lean
176.625, 762, 1,17, 81, 0, 8, 13,8, 0,34, 2,69, 3, 33, 101, 1,71, Off, Off, Off, Off, On, Off, On, Off, Off, Off, Off, Lean
176.671, 725, 1,18, 81, 0, 8, 13,8, 0,34, 2,74, 5, 33, 101, 1,66, Off, Off, Off, Off, On, Off, On, Off, Off, Off, Off, Lean
176.734, 725, 1,16, 81, 0, 8, 13,8, 0,34, 2,66, 3, 33, 101, 1,61, Off, Off, Off, Off, On, Off, On, Off, Off, Off, Off, Lean
176.781, 738, 1,16, 81, 0, 8, 13,8, 0,34, 2,7, 3, 33, 101, 1,66, Off, Off, Off, Off, On, Off, On, Off, Off, Off, Off, Lean
176.843, 738, 1,18, 81, 0, 8, 13,8, 0,34, 2,74, 3, 33, 101, 1,69, Off, Off, Off, Off, On, Off, On, Off, Off, Off, Off, Lean
176.890, 738, 1,16, 81, 0, 8, 13,8, 0,34, 2,75, 4, 33, 101, 1,69, Off, Off, Off, Off, On, Off, On, Off, Off, Off, Off, Lean
176.937, 725, 1,17, 81, 0, 8, 13,8, 0,34, 2,73, 3, 33, 101, 1,65, Off, Off, Off, Off, On, Off, On, Off, Off, Off, Off, Lean
176.984, 738, 1,18, 81, 0, 8, 13,8, 0,34, 2,74, 5, 33, 101, 1,69, Off, Off, Off, Off, On, Off, On, Off, Off, Off, Off, Lean
177.046, 725, 1,16, 81, 0, 8, 13,8, 0,34, 2,76, 3, 33, 101, 1,67, Off, Off, Off, Off, On, Off, On, Off, Off, Off, Off, Lean
177.093, 738, 1,17, 81, 0, 8, 13,8, 0,34, 2,77, 3, 33, 101, 1,7, Off, Off, Off, Off, On, Off, On, Off, Off, Off, Off, Lean
177.140, 725, 1,17, 81, 0, 8, 13,8, 0,34, 2,76, 3, 33, 101, 1,67, Off, Off, Off, Off, On, Off, On, Off, Off, Off, Off, Lean
177.203, 712, 1,16, 81, 0, 8, 13,8, 0,34, 2,79, 5, 33, 101, 1,66, Off, Off, Off, Off, On, Off, On, Off, Off, Off, Off, Lean
177.265, 738, 1,16, 81, 0, 8, 13,8, 0,34, 2,77, 3, 33, 101, 1,7, Off, Off, Off, Off, On, Off, On, Off, Off, Off, Off, Lean
177.312, 725, 1,18, 81, 0, 8, 13,8, 0,34, 2,79, 3, 33, 101, 1,69, Off, Off, Off, Off, On, Off, On, Off, Off, Off, Off, Lean
177.375, 738, 1,16, 81, 0, 8, 13,7, 0,34, 2,79, 3, 33, 101, 1,72, Off, Off, Off, Off, On, Off, On, Off, Off, Off, Off, Lean
177.421, 725, 1,16, 81, 0, 8, 13,8, 0,34, 2,77, 4, 33, 101, 1,67, Off, Off, Off, Off, On, Off, On, Off, Off, Off, Off, Lean
177.468, 738, 1,18, 81, 0, 8, 13,8, 0,34, 2,79, 5, 33, 101, 1,72, Off, Off, Off, Off, On, Off, On, Off, Off, Off, Off, Lean
177.546, 762, 1,16, 81, 0, 8, 13,6, 0,34, 2,77, 4, 33, 101, 1,76, Off, Off, Off, Off, On, Off, On, Off, Off, Off, Off, Lean
177.609, 725, 1,16, 81, 0, 10, 13,8, 0,34, 2,79, 4, 33, 101, 1,69, Off, Off, Off, Off, On, Off, On, Off, Off, Off, Off, Lean
177.656, 738, 1,16, 81, 0, 10, 13,8, 0,34, 2,81, 3, 33, 101, 1,73, Off, Off, Off, Off, On, Off, On, Off, Off, Off, Off, Lean
177.703, 725, 1,16, 81, 0, 10, 13,8, 0,34, 2,69, 5, 33, 101, 1,63, Off, Off, Off, Off, On, Off, On, Off, Off, Off, Off, Lean
177.765, 738, 1,17, 81, 0, 10, 13,7, 0,34, 2,8, 4, 33, 101, 1,72, Off, Off, Off, Off, On, Off, On, Off, Off, Off, Off, Lean
177.812, 738, 1,18, 81, 0, 10, 13,8, 0,34, 2,75, 3, 33, 101, 1,69, Off, Off, Off, Off, On, Off, On, Off, Off, Off, Off, Lean
177.859, 738, 1,16, 81, 0, 10, 13,8, 0,34, 2,76, 3, 33, 101, 1,7, Off, Off, Off, Off, On, Off, On, Off, Off, Off, Off, Lean
177.906, 738, 1,16, 81, 0, 10, 13,8, 0,34, 2,77, 5, 33, 101, 1,7, Off, Off, Off, Off, On, Off, On, Off, Off, Off, Off, Lean
177.937, 712, 1,18, 81, 0, 10, 13,8, 0,34, 2,78, 4, 33, 101, 1,65, Off, Off, Off, Off, On, Off, On, Off, Off, Off, Off, Lean
178.015, 725, 1,16, 81, 0, 10, 13,8, 0,34, 2,79, 3, 33, 101, 1,69, Off, Off, Off, Off, On, Off, On, Off, Off, Off, Off, Lean
178.062, 738, 1,16, 81, 0, 10, 13,7, 0,34, 2,8, 3, 33, 101, 1,72, Off, Off, Off, Off, On, Off, On, Off, Off, Off, Off, Lean
178.125, 738, 1,17, 81, 0, 10, 13,8, 0,34, 2,8, 3, 33, 101, 1,72, Off, Off, Off, Off, On, Off, On, Off, Off, Off, Off, Lean
178.171, 725, 1,16, 81, 0, 10, 13,8, 0,34, 2,8, 5, 33, 101, 1,69, Off, Off, Off, Off, On, Off, On, Off, Off, Off, Off, Lean
178.250, 738, 1,16, 81, 0, 10, 13,8, 0,34, 2,81, 5, 33, 101, 1,73, Off, Off, Off, Off, On, Off, On, Off, Off, Off, Off, Lean
178.296, 738, 1,18, 81, 0, 8, 13,8, 0,34, 2,78, 4, 33, 101, 1,71, Off, Off, Off, Off, On, Off, On, Off, Off, Off, Off, Lean
178.343, 725, 1,16, 81, 0, 8, 13,8, 0,34, 2,79, 5, 33, 101, 1,69, Off, Off, Off, Off, On, Off, On, Off, Off, Off, Off, Lean
178.390, 738, 1,17, 81, 0, 8, 13,8, 0,34, 2,8, 5, 33, 101, 1,72, Off, Off, Off, Off, On, Off, On, Off, Off, Off, Off, Lean
178.453, 725, 1,18, 81, 0, 8, 13,8, 0,34, 2,79, 3, 33, 101, 1,69, Off, Off, Off, Off, On, Off, On, Off, Off, Off, Off, Lean
178.500, 762, 1,16, 81, 0, 8, 13,7, 0,34, 2,81, 4, 33, 101, 1,78, Off, Off, Off, Off, On, Off, On, Off, Off, Off, Off, Lean
178.562, 725, 1,18, 81, 0, 8, 13,8, 0,34, 2,82, 5, 33, 101, 1,7, Off, Off, Off, Off, On, Off, On, Off, Off, Off, Off, Lean
178.609, 738, 1,18, 81, 0, 8, 13,8, 0,34, 2,85, 5, 33, 101, 1,75, Off, Off, Off, Off, On, Off, On, Off, Off, Off, Off, Lean
178.656, 712, 1,16, 81, 0, 8, 13,8, 0,34, 2,83, 7, 33, 101, 1,68, Off, Off, Off, Off, On, Off, On, Off, Off, Off, Off, Lean
178.718, 738, 1,16, 81, 0, 8, 13,7, 0,34, 2,81, 5, 33, 101, 1,73, Off, Off, Off, Off, On, Off, On, Off, Off, Off, Off, Lean
178.765, 712, 1,17, 81, 0, 8, 13,8, 0,34, 2,82, 5, 33, 101, 1,67, Off, Off, Off, Off, On, Off, On, Off, Off, Off, Off, Lean
178.812, 725, 1,16, 81, 0, 8, 13,7, 0,34, 2,83, 7, 33, 101, 1,71, Off, Off, Off, Off, On, Off, On, Off, Off, Off, Off, Lean
178.875, 725, 1,17, 81, 0, 8, 13,8, 0,34, 2,82, 5, 33, 101, 1,7, Off, Off, Off, Off, On, Off, On, Off, Off, Off, Off, Lean
178.953, 725, 1,18, 81, 0, 8, 13,7, 0,34, 2,83, 5, 33, 101, 1,71, Off, Off, Off, Off, On, Off, On, Off, Off, Off, Off, Lean
179.000, 725, 1,16, 81, 0, 8, 13,8, 0,34, 2,85, 7, 33, 101, 1,72, Off, Off, Off, Off, On, Off, On, Off, Off, Off, Off, Lean
179.062, 725, 1,17, 81, 0, 8, 13,8, 0,34, 2,85, 5, 33, 101, 1,72, Off, Off, Off, Off, On, Off, On, Off, Off, Off, Off, Lean
179.109, 712, 1,18, 81, 0, 8, 13,8, 0,34, 2,88, 7, 33, 101, 1,71, Off, Off, Off, Off, On, Off, On, Off, Off, Off, Off, Lean
179.156, 725, 1,16, 81, 0, 8, 13,8, 0,34, 2,87, 6, 33, 101, 1,73, Off, Off, Off, Off, On, Off, On, Off, Off, Off, Off, Lean
179.218, 675, 1,18, 81, 0, 8, 13,8, 0,34, 2,89, 9, 33, 101, 1,63, Off, Off, Off, Off, On, Off, On, Off, Off, Off, Off, Lean
179.265, 712, 1,18, 81, 0, 8, 13,7, 0,34, 2,89, 7, 33, 101, 1,71, Off, Off, Off, Off, On, Off, On, Off, Off, Off, Off, Lean
179.312, 675, 1,16, 81, 11, 8, 13,7, 0,34, 2,92, 11, 33, 101, 1,64, Off, Off, Off, Off, On, Off, On, Off, Off, Off, Off, Lean
179.375, 688, 1,17, 81, 36, 8, 13,7, 0,34, 2,9, 9, 33, 101, 1,66, Off, Off, Off, Off, On, Off, On, Off, Off, Off, Off, Lean
179.421, 675, 1,16, 81, 36, 8, 13,7, 0,34, 2,88, 7, 33, 101, 1,62, Off, Off, Off, Off, On, Off, On, Off, Off, Off, Off, Lean
179.468, 688, 1,16, 81, 51, 8, 13,8, 0,34, 2,91, 11, 33, 101, 1,67, Off, Off, Off, Off, On, Off, On, Off, Off, Off, Off, Lean
179.531, 675, 1,16, 81, 51, 8, 13,8, 0,34, 2,86, 11, 33, 102, 1,61, Off, Off, Off, Off, On, Off, On, Off, Off, Off, Off, Rich
179.578, 688, 1,16, 81, 59, 8, 13,4, 0,34, 2,92, 11, 33, 102, 1,67, Off, Off, Off, Off, On, Off, On, Off, Off, Off, Off, Rich
179.640, 688, 1,16, 81, 63, 8, 13,4, 0,34, 2,92, 11, 33, 102, 1,67, Off, Off, Off, Off, On, Off, On, Off, Off, Off, Off, Rich
179.703, 662, 1,16, 81, 63, 4, 13,5, 0,34, 2,88, 11, 33, 102, 1,59, Off, Off, Off, Off, On, Off, On, Off, Off, Off, Off, Rich
179.750, 675, 1,16, 81, 65, 4, 13,5, 0,34, 2,9, 11, 33, 102, 1,63, Off, Off, Off, Off, On, Off, On, Off, Off, Off, Off, Rich
179.796, 675, 1,16, 81, 66, 4, 13,5, 0,34, 2,95, 13, 33, 102, 1,66, Off, Off, Off, Off, On, Off, On, Off, Off, Off, Off, Rich
179.859, 662, 1,15, 81, 66, 4, 13,6, 0,34, 2,94, 13, 33, 102, 1,62, Off, Off, Off, Off, On, Off, On, Off, Off, Off, Off, Rich
179.906, 662, 1,16, 81, 67, 4, 13,7, 0,34, 2,96, 13, 33, 102, 1,63, Off, Off, Off, Off, On, Off, On, Off, Off, Off, Off, Rich
179.953, 662, 1,16, 81, 67, 4, 13,7, 0,34, 2,94, 13, 33, 102, 1,62, Off, Off, Off, Off, On, Off, On, Off, Off, Off, Off, Rich
180.015, 650, 1,16, 81, 67, 4, 13,7, 0,34, 2,97, 13, 33, 102, 1,61, Off, Off, Off, Off, On, Off, On, Off, Off, Off, Off, Rich
180.062, 662, 1,16, 81, 67, 4, 13,8, 0,34, 2,96, 13, 33, 102, 1,63, Off, Off, Off, Off, On, Off, On, Off, Off, Off, Off, Rich
180.109, 650, 1,16, 81, 68, 4, 13,7, 0,34, 2,98, 13, 33, 102, 1,61, Off, Off, Off, Off, On, Off, On, Off, Off, Off, Off, Rich
180.156, 675, 1,17, 81, 68, 4, 13,6, 0,34, 2,97, 13, 33, 102, 1,67, Off, Off, Off, Off, On, Off, On, Off, Off, Off, Off, Rich
180.203, 675, 1,16, 81, 68, 4, 13,6, 0,34, 2,98, 13, 33, 102, 1,68, Off, Off, Off, Off, On, Off, On, Off, Off, Off, Off, Rich
180.265, 650, 1,17, 81, 68, 4, 13,8, 0,34, 2,99, 13, 33, 102, 1,62, Off, Off, Off, Off, On, Off, On, Off, Off, Off, Off, Rich
180.312, 662, 1,16, 81, 68, 4, 13,4, 0,34, 2,99, 13, 33, 102, 1,65, Off, Off, Off, Off, On, Off, On, Off, Off, Off, Off, Rich
180.375, 650, 1,16, 81, 68, 4, 13,6, 0,34, 2,97, 13, 33, 102, 1,61, Off, Off, Off, Off, On, Off, On, Off, Off, Off, Off, Rich
180.421, 625, 1,16, 81, 68, 4, 13,6, 0,34, 2,95, 13, 33, 102, 1,54, Off, Off, Off, Off, On, Off, On, Off, Off, Off, Off, Rich
180.468, 662, 1,16, 81, 69, 4, 13,5, 0,34, 3, 13, 33, 102, 1,65, Off, Off, Off, Off, On, Off, On, Off, Off, Off, Off, Rich
180.531, 625, 1,16, 81, 69, 4, 13,7, 0,34, 2,97, 13, 33, 102, 1,55, Off, Off, Off, Off, On, Off, On, Off, Off, Off, Off, Rich
180.593, 612, 1,14, 81, 68, 4, 13,7, 0,34, 3,02, 13, 33, 102, 1,54, Off, Off, Off, Off, On, Off, On, Off, Off, Off, Off, Rich
180.640, 650, 1,16, 81, 69, 4, 13,8, 0,34, 3,05, 13, 33, 102, 1,65, Off, Off, Off, Off, On, Off, On, Off, Off, Off, Off, Rich
180.687, 612, 1,16, 81, 69, 4, 13,8, 0,34, 3,02, 13, 33, 102, 1,54, Off, Off, Off, Off, On, Off, On, Off, Off, Off, Off, Rich
180.750, 612, 1,14, 81, 68, 4, 13,8, 0,34, 3,01, 13, 33, 102, 1,54, Off, Off, Off, Off, On, Off, On, Off, Off, Off, Off, Rich
180.796, 650, 1,16, 81, 68, 4, 13,8, 0,34, 2,98, 13, 33, 102, 1,61, Off, Off, Off, Off, On, Off, On, Off, Off, Off, Off, Rich
180.859, 650, 1,16, 81, 68, 4, 13,8, 0,34, 3,03, 13, 33, 102, 1,64, Off, Off, Off, Off, On, Off, On, Off, Off, Off, Off, Rich
180.906, 625, 1,16, 81, 67, 4, 13,8, 0,34, 3,02, 13, 33, 102, 1,57, Off, Off, Off, Off, On, Off, On, Off, Off, Off, Off, Rich
180.953, 662, 1,15, 81, 67, 4, 13,8, 0,34, 2,96, 13, 33, 102, 1,63, Off, Off, Off, Off, On, Off, On, Off, Off, Off, Off, Rich
181.031, 675, 1,16, 81, 67, 4, 13,6, 0,34, 2,93, 13, 33, 102, 1,65, Off, Off, Off, Off, On, Off, On, Off, Off, Off, Off, Rich
181.078, 650, 1,16, 81, 67, 4, 13,7, 0,34, 2,96, 13, 33, 102, 1,6, Off, Off, Off, Off, On, Off, On, Off, Off, Off, Off, Rich
181.125, 662, 1,16, 81, 66, 2, 13,7, 0,34, 3, 13, 33, 102, 1,65, Off, Off, Off, Off, On, Off, On, Off, Off, Off, Off, Rich
181.187, 650, 1,16, 81, 67, 2, 13,6, 0,34, 3, 13, 33, 102, 1,62, Off, Off, Off, Off, On, Off, On, Off, Off, Off, Off, Rich
181.234, 650, 1,15, 81, 67, 2, 13,7, 0,34, 3,01, 13, 33, 102, 1,63, Off, Off, Off, Off, On, Off, On, Off, Off, Off, Off, Rich
181.296, 625, 1,16, 81, 67, 2, 13,7, 0,34, 3, 13, 33, 102, 1,56, Off, Off, Off, Off, On, Off, On, Off, Off, Off, Off, Rich
181.343, 625, 1,15, 81, 67, 2, 13,7, 0,34, 3,01, 13, 33, 102, 1,57, Off, Off, Off, Off, On, Off, On, Off, Off, Off, Off, Rich
181.406, 650, 1,16, 81, 68, 2, 13,8, 0,34, 2,99, 13, 33, 102, 1,62, Off, Off, Off, Off, On, Off, On, Off, Off, Off, Off, Rich
181.453, 662, 1,17, 81, 68, 2, 13,6, 0,34, 2,95, 13, 33, 102, 1,63, Off, Off, Off, Off, On, Off, On, Off, Off, Off, Off, Rich
181.500, 650, 1,15, 81, 67, 2, 13,8, 0,34, 2,96, 13, 33, 102, 1,6, Off, Off, Off, Off, On, Off, On, Off, Off, Off, Off, Rich
181.546, 650, 1,16, 81, 66, 2, 13,8, 0,34, 2,96, 13, 33, 102, 1,6, Off, Off, Off, Off, On, Off, On, Off, Off, Off, Off, Rich
181.593, 688, 1,16, 81, 66, 2, 13,8, 0,34, 2,91, 12, 33, 102, 1,67, Off, Off, Off, Off, On, Off, On, Off, Off, Off, Off, Rich
181.656, 662, 1,16, 81, 63, 2, 13,8, 0,34, 2,93, 11, 33, 102, 1,62, Off, Off, Off, Off, On, Off, On, Off, Off, Off, Off, Rich
181.703, 675, 1,16, 81, 63, 2, 13,7, 0,34, 2,9, 13, 33, 102, 1,63, Off, Off, Off, Off, On, Off, On, Off, Off, Off, Off, Rich
181.765, 675, 1,15, 81, 64, 2, 13,7, 0,34, 2,92, 13, 33, 102, 1,64, Off, Off, Off, Off, On, Off, On, Off, Off, Off, Off, Rich
181.828, 662, 1,16, 81, 64, 2, 13,7, 0,34, 2,91, 12, 33, 102, 1,61, Off, Off, Off, Off, On, Off, On, Off, Off, Off, Off, Rich
181.875, 662, 1,14, 81, 62, 2, 13,7, 0,34, 2,9, 13, 33, 102, 1,6, Off, Off, Off, Off, On, Off, On, Off, Off, Off, Off, Rich
181.921, 650, 1,16, 81, 62, 2, 13,7, 0,34, 2,95, 13, 33, 102, 1,6, Off, Off, Off, Off, On, Off, On, Off, Off, Off, Off, Rich
181.968, 662, 1,16, 81, 62, 2, 13,7, 0,34, 2,93, 13, 33, 102, 1,62, Off, Off, Off, Off, On, Off, On, Off, Off, Off, Off, Rich
182.015, 662, 1,15, 81, 59, 2, 13,7, 0,34, 2,95, 13, 33, 102, 1,63, Off, Off, Off, Off, On, Off, On, Off, Off, Off, Off, Rich
182.062, 625, 1,16, 81, 59, 2, 13,8, 0,34, 2,91, 13, 33, 102, 1,52, Off, Off, Off, Off, On, Off, On, Off, Off, Off, Off, Rich
182.125, 662, 1,16, 81, 58, 2, 13,8, 0,34, 2,95, 13, 33, 102, 1,63, Off, Off, Off, Off, On, Off, On, Off, Off, Off, Off, Rich
182.171, 662, 1,17, 81, 58, 2, 13,8, 0,34, 2,9, 13, 33, 102, 1,6, Off, Off, Off, Off, On, Off, On, Off, Off, Off, Off, Rich
182.218, 650, 1,15, 81, 54, 2, 13,8, 0,34, 2,94, 13, 33, 102, 1,59, Off, Off, Off, Off, On, Off, On, Off, Off, Off, Off, Rich
182.265, 675, 1,17, 81, 52, 2, 13,8, 0,34, 2,92, 13, 33, 102, 1,64, Off, Off, Off, Off, On, Off, On, Off, Off, Off, Off, Rich
182.312, 662, 1,16, 81, 52, 2, 13,8, 0,34, 2,92, 12, 33, 102, 1,61, Off, Off, Off, Off, On, Off, On, Off, Off, Off, Off, Rich
182.375, 688, 1,16, 81, 51, 2, 13,8, 0,34, 2,91, 13, 33, 102, 1,67, Off, Off, Off, Off, On, Off, On, Off, Off, Off, Off, Rich
182.437, 662, 1,16, 81, 51, 2, 13,7, 0,34, 2,84, 11, 33, 102, 1,57, Off, Off, Off, Off, On, Off, On, Off, Off, Off, Off, Rich
182.500, 662, 1,16, 81, 49, 2, 13,7, 0,34, 2,88, 11, 33, 102, 1,59, Off, Off, Off, Off, On, Off, On, Off, Off, Off, Off, Rich
182.546, 662, 1,16, 81, 48, 0, 13,7, 0,34, 2,93, 13, 33, 102, 1,62, Off, Off, Off, Off, On, Off, On, Off, Off, Off, Off, Rich
182.609, 662, 1,16, 81, 48, 0, 13,8, 0,34, 2,87, 13, 33, 102, 1,58, Off, Off, Off, Off, On, Off, On, Off, Off, Off, Off, Rich
182.656, 675, 1,16, 81, 46, 0, 13,7, 0,34, 2,88, 13, 33, 102, 1,62, Off, Off, Off, Off, On, Off, On, Off, Off, Off, Off, Rich
182.718, 675, 1,16, 81, 46, 0, 13,7, 0,34, 2,91, 13, 33, 102, 1,64, Off, Off, Off, Off, On, Off, On, Off, Off, Off, Off, Rich
182.765, 662, 1,15, 81, 41, 0, 13,8, 0,34, 2,91, 13, 33, 100, 1,61, Off, Off, Off, Off, On, Off, On, Off, Off, Off, Off, Lean
182.812, 650, 1,16, 81, 32, 0, 13,8, 0,34, 2,98, 13, 33, 100, 1,61, Off, Off, Off, Off, On, Off, On, Off, Off, Off, Off, Lean
182.875, 662, 1,16, 81, 32, 0, 13,8, 0,34, 2,98, 13, 33, 100, 1,64, Off, Off, Off, Off, On, Off, On, Off, Off, Off, Off, Lean
182.921, 650, 1,14, 81, 21, 0, 13,8, 0,34, 2,98, 13, 33, 100, 1,61, Off, Off, Off, Off, On, Off, On, Off, Off, Off, Off, Lean
182.968, 675, 1,16, 81, 21, 0, 13,8, 0,34, 2,94, 13, 33, 100, 1,65, Off, Off, Off, Off, On, Off, On, Off, Off, Off, Off, Lean
183.031, 650, 1,16, 81, 13, 0, 13,8, 0,34, 2,96, 13, 33, 100, 1,6, Off, Off, Off, Off, On, Off, On, Off, Off, Off, Off, Lean
183.093, 688, 1,16, 81, 8, 0, 13,6, 0,34, 2,92, 11, 33, 100, 1,67, Off, Off, Off, Off, On, Off, On, Off, Off, Off, Off, Lean
183.156, 688, 1,16, 81, 8, 0, 13,6, 0,34, 2,89, 11, 33, 100, 1,66, Off, Off, Off, Off, On, Off, On, Off, Off, Off, Off, Lean
183.218, 650, 1,15, 81, 4, 0, 13,6, 0,34, 2,93, 13, 33, 100, 1,59, Off, Off, Off, Off, On, Off, On, Off, Off, Off, Off, Lean
183.265, 675, 1,16, 81, 2, 0, 13,6, 0,34, 2,95, 11, 33, 100, 1,66, Off, Off, Off, Off, On, Off, On, Off, Off, Off, Off, Lean
183.312, 662, 1,16, 81, 2, 0, 13,7, 0,34, 2,92, 13, 33, 100, 1,61, Off, Off, Off, Off, On, Off, On, Off, Off, Off, Off, Lean
183.375, 675, 1,16, 81, 1, 0, 13,6, 0,34, 2,95, 13, 33, 100, 1,66, Off, Off, Off, Off, On, Off, On, Off, Off, Off, Off, Lean
183.421, 675, 1,16, 81, 1, 0, 13,7, 0,34, 2,95, 13, 33, 100, 1,66, Off, Off, Off, Off, On, Off, On, Off, Off, Off, Off, Lean
183.453, 650, 1,14, 81, 0, 0, 13,7, 0,34, 2,96, 13, 33, 100, 1,6, Off, Off, Off, Off, On, Off, On, Off, Off, Off, Off, Lean
183.531, 675, 1,16, 81, 0, 0, 13,8, 0,34, 2,98, 13, 33, 100, 1,68, Off, Off, Off, Off, On, Off, On, Off, Off, Off, Off, Lean
183.578, 675, 1,16, 81, 0, 0, 13,8, 0,34, 2,94, 13, 33, 100, 1,65, Off, Off, Off, Off, On, Off, On, Off, Off, Off, Off, Lean
183.640, 662, 1,16, 81, 0, 0, 13,8, 0,34, 2,99, 13, 33, 100, 1,65, Off, Off, Off, Off, On, Off, On, Off, Off, Off, Off, Lean
183.687, 688, 1,16, 81, 0, 0, 13,4, 0,34, 2,92, 13, 33, 100, 1,67, Off, Off, Off, Off, On, Off, On, Off, Off, Off, Off, Lean
183.750, 675, 1,16, 81, 0, 0, 13,8, 0,34, 2,94, 11, 33, 100, 1,65, Off, Off, Off, Off, On, Off, On, Off, Off, Off, Off, Lean
183.796, 688, 1,16, 81, 0, 0, 13,8, 0,34, 2,97, 11, 33, 100, 1,7, Off, Off, Off, Off, On, Off, On, Off, Off, Off, Off, Lean
183.859, 675, 1,16, 81, 0, 0, 13,8, 0,34, 2,91, 11, 33, 100, 1,64, Off, Off, Off, Off, On, Off, On, Off, Off, Off, Off, Lean
183.921, 675, 1,15, 81, 0, 0, 13,7, 0,34, 2,94, 11, 33, 100, 1,65, Off, Off, Off, Off, On, Off, On, Off, Off, Off, Off, Lean
183.968, 688, 1,16, 81, 0, 0, 13,7, 0,34, 2,85, 10, 33, 100, 1,63, Off, Off, Off, Off, On, Off, On, Off, Off, Off, Off, Lean
184.031, 675, 1,15, 81, 0, 0, 13,7, 0,34, 2,93, 13, 33, 100, 1,65, Off, Off, Off, Off, On, Off, On, Off, Off, Off, Off, Lean
184.078, 675, 1,16, 81, 0, 0, 13,7, 0,34, 2,98, 13, 33, 100, 1,68, Off, Off, Off, Off, On, Off, On, Off, Off, Off, Off, Lean
184.125, 662, 1,16, 81, 0, 0, 13,7, 0,34, 2,97, 13, 33, 100, 1,64, Off, Off, Off, Off, On, Off, On, Off, Off, Off, Off, Lean
184.187, 650, 1,15, 81, 0, 0, 13,7, 0,34, 2,99, 13, 33, 100, 1,62, Off, Off, Off, Off, On, Off, On, Off, Off, Off, Off, Lean
184.234, 650, 1,16, 81, 0, 0, 13,8, 0,34, 2,97, 13, 33, 100, 1,61, Off, Off, Off, Off, On, Off, On, Off, Off, Off, Off, Lean
184.296, 650, 1,16, 81, 0, 0, 13,8, 0,34, 2,94, 13, 33, 100, 1,59, Off, Off, Off, Off, On, Off, On, Off, Off, Off, Off, Lean
184.343, 650, 1,15, 81, 0, 0, 13,8, 0,34, 2,98, 13, 33, 100, 1,61, Off, Off, Off, Off, On, Off, On, Off, Off, Off, Off, Lean
184.406, 662, 1,16, 81, 0, 0, 13,8, 0,34, 2,95, 13, 33, 100, 1,63, Off, Off, Off, Off, On, Off, On, Off, Off, Off, Off, Lean
184.453, 675, 1,16, 81, 0, 0, 13,8, 0,34, 2,96, 13, 33, 100, 1,66, Off, Off, Off, Off, On, Off, On, Off, Off, Off, Off, Lean
184.500, 662, 1,16, 81, 4, 0, 13,8, 0,34, 3, 13, 33, 100, 1,65, Off, Off, Off, Off, On, Off, On, Off, Off, Off, Off, Lean
184.578, 675, 1,16, 81, 4, 0, 13,8, 0,34, 2,93, 13, 33, 100, 1,65, Off, Off, Off, Off, On, Off, On, Off, Off, Off, Off, Lean
184.625, 662, 1,16, 81, 24, 0, 13,6, 0,34, 2,96, 11, 33, 100, 1,63, Off, Off, Off, Off, On, Off, On, Off, Off, Off, Off, Lean
184.671, 675, 1,16, 81, 24, 0, 13,7, 0,34, 2,98, 13, 33, 100, 1,68, Off, Off, Off, Off, On, Off, On, Off, Off, Off, Off, Lean
184.734, 650, 1,15, 81, 40, 0, 13,7, 0,34, 2,97, 13, 33, 100, 1,61, Off, Off, Off, Off, On, Off, On, Off, Off, Off, Off, Lean
184.781, 650, 1,16, 81, 52, 0, 13,7, 0,34, 3, 13, 33, 100, 1,62, Off, Off, Off, Off, On, Off, On, Off, Off, Off, Off, Lean
184.828, 675, 1,16, 81, 52, 0, 13,6, 0,34, 3, 13, 33, 99, 1,69, Off, Off, Off, Off, On, Off, On, Off, Off, Off, Off, Rich
184.875, 650, 1,16, 81, 56, 0, 13,8, 0,34, 2,94, 13, 33, 99, 1,59, Off, Off, Off, Off, On, Off, On, Off, Off, Off, Off, Rich
184.937, 662, 1,16, 81, 56, 0, 13,6, 0,34, 2,89, 13, 33, 99, 1,59, Off, Off, Off, Off, On, Off, On, Off, Off, Off, Off, Rich
184.984, 650, 1,16, 81, 60, 0, 13,8, 0,34, 2,93, 13, 33, 99, 1,59, Off, Off, Off, Off, On, Off, On, Off, Off, Off, Off, Rich
185.046, 650, 1,16, 81, 62, 0, 13,8, 0,34, 2,94, 13, 33, 99, 1,59, Off, Off, Off, Off, On, Off, On, Off, Off, Off, Off, Rich
185.093, 675, 1,16, 81, 62, 0, 13,8, 0,34, 2,94, 13, 33, 99, 1,65, Off, Off, Off, Off, On, Off, On, Off, Off, Off, Off, Rich
185.140, 675, 1,16, 81, 63, 0, 13,8, 0,34, 2,93, 13, 33, 99, 1,65, Off, Off, Off, Off, On, Off, On, Off, Off, Off, Off, Rich
185.203, 650, 1,16, 81, 63, 0, 13,8, 0,34, 2,92, 13, 33, 99, 1,58, Off, Off, Off, Off, On, Off, On, Off, Off, Off, Off, Rich
185.281, 688, 1,15, 81, 64, 0, 13,7, 0,34, 2,91, 11, 33, 99, 1,67, Off, Off, Off, Off, On, Off, On, Off, Off, Off, Off, Rich
185.328, 675, 1,16, 81, 64, 0, 13,7, 0,34, 2,91, 11, 33, 99, 1,64, Off, Off, Off, Off, On, Off, On, Off, Off, Off, Off, Rich
185.375, 675, 1,16, 81, 64, 0, 13,7, 0,34, 2,91, 13, 33, 99, 1,64, Off, Off, Off, Off, On, Off, On, Off, Off, Off, Off, Rich
185.437, 662, 1,15, 81, 62, 0, 13,7, 0,34, 2,93, 13, 33, 99, 1,62, Off, Off, Off, Off, On, Off, On, Off, Off, Off, Off, Rich
185.484, 662, 1,16, 81, 62, 0, 13,7, 0,34, 2,92, 13, 33, 99, 1,61, Off, Off, Off, Off, On, Off, On, Off, Off, Off, Off, Rich
185.531, 675, 1,16, 81, 59, 0, 13,7, 0,34, 2,95, 13, 33, 99, 1,66, Off, Off, Off, Off, On, Off, On, Off, Off, Off, Off, Rich
185.593, 625, 1,16, 81, 54, 0, 13,7, 0,34, 2,95, 13, 33, 99, 1,54, Off, Off, Off, Off, On, Off, On, Off, Off, Off, Off, Rich
185.656, 625, 1,16, 81, 54, 0, 13,8, 0,34, 2,93, 13, 33, 99, 1,53, Off, Off, Off, Off, On, Off, On, Off, Off, Off, Off, Rich
185.703, 650, 1,16, 81, 52, 0, 13,8, 0,34, 2,94, 13, 33, 99, 1,59, Off, Off, Off, Off, On, Off, On, Off, Off, Off, Off, Rich
185.765, 650, 1,16, 81, 50, 0, 13,8, 0,34, 2,91, 13, 33, 99, 1,58, Off, Off, Off, Off, On, Off, On, Off, Off, Off, Off, Rich
185.812, 675, 1,16, 81, 50, 0, 13,6, 0,34, 2,91, 13, 33, 99, 1,64, Off, Off, Off, Off, On, Off, On, Off, Off, Off, Off, Rich
185.859, 662, 1,16, 81, 51, 0, 13,8, 0,34, 2,91, 13, 33, 99, 1,61, Off, Off, Off, Off, On, Off, On, Off, Off, Off, Off, Rich
185.906, 675, 1,16, 81, 51, 0, 13,8, 0,34, 2,88, 12, 33, 99, 1,62, Off, Off, Off, Off, On, Off, On, Off, Off, Off, Off, Rich
185.984, 675, 1,16, 81, 50, 0, 13,8, 0,34, 2,91, 13, 33, 99, 1,64, Off, Off, Off, Off, On, Off, On, Off, Off, Off, Off, Rich
186.031, 662, 1,16, 81, 52, 0, 13,7, 0,34, 2,92, 13, 33, 99, 1,61, Off, Off, Off, Off, On, Off, On, Off, Off, Off, Off, Rich
186.062, 688, 1,16, 81, 52, 0, 13,5, 0,34, 2,93, 13, 33, 99, 1,68, Off, Off, Off, Off, On, Off, On, Off, Off, Off, Off, Rich
186.140, 662, 1,16, 81, 49, 0, 13,7, 0,34, 2,9, 13, 33, 99, 1,6, Off, Off, Off, Off, On, Off, On, Off, Off, Off, Off, Rich
186.187, 662, 1,16, 81, 49, 0, 13,7, 0,34, 2,9, 13, 33, 99, 1,6, Off, Off, Off, Off, On, Off, On, Off, Off, Off, Off, Rich
186.218, 675, 1,16, 81, 48, 0, 13,7, 0,34, 2,92, 13, 33, 99, 1,64, Off, Off, Off, Off, On, Off, On, Off, Off, Off, Off, Rich
186.296, 662, 1,16, 81, 48, 0, 13,8, 0,34, 2,88, 13, 33, 99, 1,59, Off, Off, Off, Off, On, Off, On, Off, Off, Off, Off, Rich
186.343, 650, 1,15, 81, 47, 0, 13,8, 0,34, 2,91, 13, 33, 99, 1,58, Off, Off, Off, Off, On, Off, On, Off, Off, Off, Off, Rich
186.390, 662, 1,16, 81, 47, 0, 13,8, 0,34, 2,91, 13, 33, 99, 1,61, Off, Off, Off, Off, On, Off, On, Off, Off, Off, Off, Rich
186.437, 662, 1,16, 81, 47, 0, 13,8, 0,34, 2,92, 13, 33, 99, 1,61, Off, Off, Off, Off, On, Off, On, Off, Off, Off, Off, Rich
186.484, 662, 1,16, 81, 47, 0, 13,8, 0,34, 2,95, 13, 33, 99, 1,63, Off, Off, Off, Off, On, Off, On, Off, Off, Off, Off, Rich
186.531, 662, 1,16, 81, 47, 0, 13,8, 0,34, 2,89, 13, 33, 99, 1,59, Off, Off, Off, Off, On, Off, On, Off, Off, Off, Off, Rich
186.593, 650, 1,16, 81, 47, 0, 13,8, 0,34, 2,94, 13, 33, 99, 1,59, Off, Off, Off, Off, On, Off, On, Off, Off, Off, Off, Rich
186.656, 688, 1,17, 81, 47, 0, 13,7, 0,34, 2,84, 12, 33, 99, 1,63, Off, Off, Off, Off, On, Off, On, Off, Off, Off, Off, Rich
186.718, 675, 1,15, 81, 46, 0, 13,8, 0,34, 2,86, 11, 33, 99, 1,61, Off, Off, Off, Off, On, Off, On, Off, Off, Off, Off, Rich
186.765, 675, 1,16, 81, 45, 0, 13,7, 0,34, 2,92, 13, 33, 99, 1,64, Off, Off, Off, Off, On, Off, On, Off, Off, Off, Off, Rich
186.812, 662, 1,16, 81, 45, 0, 13,7, 0,34, 2,89, 12, 33, 99, 1,59, Off, Off, Off, Off, On, Off, On, Off, Off, Off, Off, Rich
186.875, 650, 1,15, 81, 42, 0, 13,7, 0,34, 2,9, 13, 33, 99, 1,57, Off, Off, Off, Off, On, Off, On, Off, Off, Off, Off, Lean
186.921, 662, 1,16, 81, 42, 0, 13,5, 0,34, 2,91, 13, 33, 99, 1,61, Off, Off, Off, Off, On, Off, On, Off, Off, Off, Off, Lean
186.984, 650, 1,15, 81, 40, 0, 13,8, 0,34, 2,98, 13, 33, 99, 1,61, Off, Off, Off, Off, On, Off, On, Off, Off, Off, Off, Lean
187.031, 650, 1,16, 81, 33, 0, 13,7, 0,34, 2,96, 13, 33, 99, 1,6, Off, Off, Off, Off, On, Off, On, Off, Off, Off, Off, Lean
187.078, 662, 1,15, 81, 33, 0, 13,7, 0,34, 2,94, 13, 33, 99, 1,62, Off, Off, Off, Off, On, Off, On, Off, Off, Off, Off, Lean
187.125, 650, 1,16, 81, 24, 0, 13,8, 0,34, 2,97, 13, 33, 99, 1,61, Off, Off, Off, Off, On, Off, On, Off, Off, Off, Off, Lean
187.171, 662, 1,16, 81, 24, 0, 13,8, 0,34, 2,93, 13, 33, 99, 1,62, Off, Off, Off, Off, On, Off, On, Off, Off, Off, Off, Lean
187.218, 675, 1,16, 81, 15, 0, 13,8, 0,34, 2,96, 13, 33, 99, 1,66, Off, Off, Off, Off, On, Off, On, Off, Off, Off, Off, Lean
187.281, 675, 1,16, 81, 15, 0, 13,8, 0,34, 2,92, 13, 33, 99, 1,64, Off, Off, Off, Off, On, Off, On, Off, Off, Off, Off, Lean
187.343, 688, 1,16, 81, 10, 0, 13,8, 0,34, 2,96, 13, 33, 99, 1,7, Off, Off, Off, Off, On, Off, On, Off, Off, Off, Off, Lean
187.390, 675, 1,16, 81, 6, 0, 13,8, 0,34, 2,94, 11, 33, 99, 1,65, Off, Off, Off, Off, On, Off, On, Off, Off, Off, Off, Lean
187.437, 688, 1,15, 81, 6, 0, 13,4, 0,34, 2,9, 11, 33, 99, 1,66, Off, Off, Off, Off, On, Off, On, Off, Off, Off, Off, Lean
187.484, 688, 1,16, 81, 4, 0, 13,8, 0,34, 2,93, 11, 33, 99, 1,68, Off, Off, Off, Off, On, Off, On, Off, Off, Off, Off, Lean
187.531, 662, 1,16, 81, 4, 0, 13,7, 0,34, 2,91, 13, 33, 99, 1,61, Off, Off, Off, Off, On, Off, On, Off, Off, Off, Off, Lean
187.593, 675, 1,15, 81, 2, 0, 13,7, 0,34, 2,93, 13, 33, 99, 1,65, Off, Off, Off, Off, On, Off, On, Off, Off, Off, Off, Lean
187.640, 662, 1,16, 81, 1, 0, 13,7, 0,34, 2,94, 13, 33, 99, 1,62, Off, Off, Off, Off, On, Off, On, Off, Off, Off, Off, Lean
187.703, 675, 1,16, 81, 1, 0, 13,6, 0,34, 2,94, 13, 33, 99, 1,65, Off, Off, Off, Off, On, Off, On, Off, Off, Off, Off, Lean
187.750, 662, 1,15, 81, 0, 0, 13,7, 0,34, 2,97, 13, 33, 99, 1,64, Off, Off, Off, Off, On, Off, On, Off, Off, Off, Off, Lean
187.796, 650, 1,16, 81, 0, 0, 13,8, 0,34, 2,95, 13, 33, 99, 1,6, Off, Off, Off, Off, On, Off, On, Off, Off, Off, Off, Lean
187.859, 675, 1,16, 81, 0, 0, 13,8, 0,34, 2,99, 13, 33, 99, 1,68, Off, Off, Off, Off, On, Off, On, Off, Off, Off, Off, Lean
187.906, 675, 1,16, 81, 0, 0, 13,8, 0,34, 2,98, 13, 33, 99, 1,68, Off, Off, Off, Off, On, Off, On, Off, Off, Off, Off, Lean
187.953, 662, 1,14, 81, 0, 0, 13,8, 0,34, 2,97, 13, 33, 99, 1,64, Off, Off, Off, Off, On, Off, On, Off, Off, Off, Off, Lean
188.000, 662, 1,16, 81, 0, 0, 13,7, 0,34, 2,98, 12, 33, 99, 1,64, Off, Off, Off, Off, On, Off, On, Off, Off, Off, Off, Lean
188.062, 662, 1,16, 81, 0, 0, 13,7, 0,34, 2,85, 10, 33, 99, 1,57, Off, Off, Off, Off, On, Off, On, Off, Off, Off, Off, Lean
188.109, 675, 1,16, 81, 0, 0, 13,8, 0,34, 2,95, 11, 33, 99, 1,66, Off, Off, Off, Off, On, Off, On, Off, Off, Off, Off, Lean
188.171, 662, 1,16, 81, 0, 2, 13,6, 0,34, 2,91, 13, 33, 99, 1,61, Off, Off, Off, Off, On, Off, On, Off, Off, Off, Off, Lean
188.218, 675, 1,15, 81, 0, 2, 13,7, 0,34, 2,94, 11, 33, 99, 1,65, Off, Off, Off, Off, On, Off, On, Off, Off, Off, Off, Lean
188.265, 688, 1,16, 81, 0, 2, 13,6, 0,34, 2,9, 11, 33, 99, 1,66, Off, Off, Off, Off, On, Off, On, Off, Off, Off, Off, Lean
188.328, 675, 1,14, 81, 0, 2, 13,7, 0,34, 2,95, 13, 33, 99, 1,66, Off, Off, Off, Off, On, Off, On, Off, Off, Off, Off, Lean
188.375, 675, 1,16, 81, 0, 2, 13,7, 0,34, 2,97, 13, 33, 99, 1,67, Off, Off, Off, Off, On, Off, On, Off, Off, Off, Off, Lean
188.421, 662, 1,16, 81, 0, 2, 13,7, 0,34, 2,98, 13, 33, 99, 1,64, Off, Off, Off, Off, On, Off, On, Off, Off, Off, Off, Lean
188.484, 650, 1,14, 81, 0, 2, 13,7, 0,34, 2,98, 13, 33, 99, 1,61, Off, Off, Off, Off, On, Off, On, Off, Off, Off, Off, Lean
188.531, 662, 1,16, 81, 0, 2, 13,6, 0,34, 2,95, 13, 33, 99, 1,63, Off, Off, Off, Off, On, Off, On, Off, Off, Off, Off, Lean
188.578, 662, 1,16, 81, 0, 2, 13,8, 0,34, 2,97, 13, 33, 99, 1,64, Off, Off, Off, Off, On, Off, On, Off, Off, Off, Off, Lean
188.625, 650, 1,16, 81, 0, 2, 13,8, 0,34, 2,98, 13, 33, 99, 1,61, Off, Off, Off, Off, On, Off, On, Off, Off, Off, Off, Lean
188.671, 675, 1,15, 81, 0, 2, 13,8, 0,34, 2,96, 13, 33, 99, 1,66, Off, Off, Off, Off, On, Off, On, Off, Off, Off, Off, Lean
188.750, 675, 1,16, 81, 0, 2, 13,8, 0,34, 2,98, 13, 33, 99, 1,68, Off, Off, Off, Off, On, Off, On, Off, Off, Off, Off, Lean
188.796, 688, 1,16, 81, 0, 2, 13,7, 0,34, 2,92, 13, 33, 99, 1,67, Off, Off, Off, Off, On, Off, On, Off, Off, Off, Off, Lean
188.859, 675, 1,15, 81, 0, 2, 13,8, 0,34, 2,97, 13, 33, 99, 1,67, Off, Off, Off, Off, On, Off, On, Off, Off, Off, Off, Lean
188.906, 675, 1,16, 81, 0, 0, 13,8, 0,34, 2,95, 11, 33, 99, 1,66, Off, Off, Off, Off, On, Off, On, Off, Off, Off, Off, Lean
188.953, 675, 1,16, 81, 0, 0, 13,7, 0,34, 2,96, 13, 33, 99, 1,66, Off, Off, Off, Off, On, Off, On, Off, Off, Off, Off, Lean
189.015, 650, 1,14, 81, 0, 0, 13,7, 0,34, 2,99, 13, 33, 99, 1,62, Off, Off, Off, Off, On, Off, On, Off, Off, Off, Off, Lean
189.062, 662, 1,16, 81, 0, 0, 13,6, 0,34, 2,96, 13, 33, 99, 1,63, Off, Off, Off, Off, On, Off, On, Off, Off, Off, Off, Lean
189.125, 662, 1,15, 81, 0, 0, 13,7, 0,34, 2,99, 13, 33, 99, 1,65, Off, Off, Off, Off, On, Off, On, Off, Off, Off, Off, Lean
189.171, 662, 1,16, 81, 0, 0, 13,7, 0,34, 3, 13, 33, 99, 1,65, Off, Off, Off, Off, On, Off, On, Off, Off, Off, Off, Lean
189.234, 662, 1,16, 81, 0, 0, 13,8, 0,34, 2,99, 13, 33, 99, 1,65, Off, Off, Off, Off, On, Off, On, Off, Off, Off, Off, Lean
189.281, 650, 1,16, 81, 0, 0, 13,8, 0,34, 3,01, 13, 33, 99, 1,63, Off, Off, Off, Off, On, Off, On, Off, Off, Off, Off, Lean
189.328, 650, 1,16, 81, 0, 0, 13,8, 0,34, 3,01, 13, 33, 99, 1,63, Off, Off, Off, Off, On, Off, On, Off, Off, Off, Off, Lean
189.359, 675, 1,15, 81, 0, 0, 13,8, 0,34, 3,01, 13, 33, 99, 1,69, Off, Off, Off, Off, On, Off, On, Off, Off, Off, Off, Lean
189.453, 662, 1,16, 81, 0, 0, 13,8, 0,34, 2,99, 13, 33, 99, 1,65, Off, Off, Off, Off, On, Off, On, Off, Off, Off, Off, Lean
189.515, 688, 1,17, 81, 0, 0, 13,8, 0,34, 2,97, 13, 33, 99, 1,7, Off, Off, Off, Off, On, Off, On, Off, Off, Off, Off, Lean
189.562, 662, 1,15, 81, 0, 0, 13,8, 0,34, 2,99, 13, 33, 99, 1,65, Off, Off, Off, Off, On, Off, On, Off, Off, Off, Off, Lean
189.609, 662, 1,16, 81, 0, 0, 13,6, 0,34, 3,01, 13, 33, 99, 1,66, Off, Off, Off, Off, On, Off, On, Off, Off, Off, Off, Lean
189.671, 662, 1,15, 81, 0, 0, 13,6, 0,34, 3, 13, 33, 99, 1,65, Off, Off, Off, Off, On, Off, On, Off, Off, Off, Off, Lean
189.718, 650, 1,14, 81, 2, 0, 13,7, 0,34, 2,98, 13, 33, 99, 1,61, Off, Off, Off, Off, On, Off, On, Off, Off, Off, Off, Lean
189.781, 675, 1,16, 81, 2, 0, 13,5, 0,34, 2,94, 13, 33, 99, 1,65, Off, Off, Off, Off, On, Off, On, Off, Off, Off, Off, Lean
189.828, 675, 1,16, 81, 11, 0, 13,7, 0,34, 3, 13, 33, 99, 1,69, Off, Off, Off, Off, On, Off, On, Off, Off, Off, Off, Lean
189.875, 650, 1,16, 81, 15, 0, 13,7, 0,34, 3,03, 13, 33, 99, 1,64, Off, Off, Off, Off, On, Off, On, Off, Off, Off, Off, Lean
189.937, 675, 1,15, 81, 15, 0, 13,8, 0,34, 3,02, 13, 33, 99, 1,7, Off, Off, Off, Off, On, Off, On, Off, Off, Off, Off, Lean
189.984, 688, 1,16, 81, 17, 0, 13,8, 0,34, 2,97, 13, 33, 99, 1,7, Off, Off, Off, Off, On, Off, On, Off, Off, Off, Off, Lean
190.031, 675, 1,16, 81, 17, 0, 13,9, 0,34, 2,95, 12, 33, 99, 1,66, Off, Off, Off, Off, On, Off, On, Off, Off, Off, Off, Lean
190.078, 688, 1,15, 81, 15, 0, 13,9, 0,34, 2,9, 10, 33, 99, 1,66, Off, Off, Off, Off, On, Off, On, Off, Off, Off, Off, Lean
190.125, 688, 1,17, 81, 11, 0, 13,8, 0,34, 2,88, 8, 33, 99, 1,65, Off, Off, Off, Off, On, Off, On, Off, Off, Off, Off, Lean
190.171, 712, 1,16, 81, 11, 0, 13,7, 0,34, 2,9, 7, 33, 99, 1,72, Off, Off, Off, Off, On, Off, On, Off, Off, Off, Off, Lean
190.250, 712, 1,16, 81, 6, 0, 13,9, 0,34, 2,88, 7, 33, 99, 1,71, Off, Off, Off, Off, On, Off, On, Off, Off, Off, Off, Lean
190.312, 725, 1,17, 81, 6, 4, 13,6, 0,34, 2,83, 6, 33, 99, 1,71, Off, Off, Off, Off, On, Off, On, Off, Off, Off, Off, Lean
190.359, 712, 1,16, 81, 2, 4, 13,8, 0,34, 2,9, 7, 33, 99, 1,72, Off, Off, Off, Off, On, Off, On, Off, Off, Off, Off, Lean
190.421, 688, 1,18, 81, 0, 4, 13,8, 0,36, 2,92, 6, 33, 99, 1,67, Off, Off, Off, Off, On, Off, On, Off, Off, Off, Off, Lean
190.468, 712, 1,24, 81, 0, 4, 13,8, 0,38, 2,98, 10, 33, 99, 1,77, Off, Off, Off, Off, On, Off, On, Off, Off, Off, Off, Lean
190.515, 738, 1,32, 81, 0, 4, 13,8, 0,42, 3,43, 17, 33, 99, 2,11, Off, Off, Off, Off, Off, Off, On, Off, Off, Off, Off, Lean
190.578, 725, 1,38, 81, 0, 4, 13,8, 0,44, 3,61, 20, 33, 99, 2,18, Off, Off, Off, Off, Off, Off, On, Off, Off, Off, Off, Lean
190.625, 762, 1,41, 81, 0, 4, 13,9, 0,44, 3,63, 20, 34, 99, 2,31, Off, Off, Off, Off, Off, Off, On, Off, Off, Off, Off, Lean
190.687, 812, 1,42, 81, 0, 4, 13,8, 0,44, 3,68, 19, 34, 99, 2,49, Off, Off, Off, Off, Off, Off, On, Off, Off, Off, Off, Lean
190.734, 862, 1,43, 81, 0, 4, 13,8, 0,44, 3,82, 21, 34, 99, 2,74, Off, Off, Off, Off, Off, Off, On, Off, Off, Off, Off, Lean
190.781, 875, 1,44, 81, 0, 4, 13,9, 0,46, 3,82, 22, 34, 99, 2,79, Off, Off, Off, Off, Off, Off, On, Off, Off, Off, Off, Lean
190.828, 888, 1,45, 81, 0, 4, 13,8, 0,46, 3,76, 22, 34, 99, 2,78, Off, Off, Off, Off, Off, Off, On, Off, Off, Off, Off, Lean
190.890, 950, 1,45, 81, 0, 4, 13,8, 0,46, 3,76, 23, 34, 99, 2,98, Off, Off, Off, Off, Off, Off, On, Off, Off, Off, Off, Lean
190.937, 1000, 1,45, 81, 1, 4, 13,9, 0,46, 3,75, 25, 35, 99, 3,12, Off, Off, Off, Off, Off, Off, On, Off, Off, Off, Off, Lean
191.000, 1025, 1,46, 81, 37, 6, 13,8, 0,46, 3,72, 25, 35, 99, 3,18, Off, Off, Off, Off, Off, Off, On, Off, Off, Off, Off, Lean
191.046, 1038, 1,48, 81, 55, 6, 13,8, 0,46, 3,69, 26, 35, 99, 3,19, Off, Off, Off, Off, Off, Off, On, Off, Off, Off, Off, Lean
191.093, 1062, 1,5, 81, 62, 6, 13,8, 0,46, 3,58, 27, 35, 101, 3,17, Off, Off, Off, Off, Off, Off, On, Off, Off, Off, Off, Rich
191.156, 1088, 1,5, 81, 65, 6, 13,8, 0,48, 3,56, 27, 35, 101, 3,23, Off, Off, Off, Off, Off, Off, On, Off, Off, Off, Off, Rich
191.203, 1112, 1,62, 81, 66, 6, 13,8, 0,54, 4,06, 26, 35, 101, 3,76, Off, Off, Off, Off, Off, Off, On, Off, Off, Off, Off, Rich
191.250, 1100, 1,68, 81, 67, 6, 13,8, 0,56, 4,27, 26, 35, 101, 3,91, Off, Off, Off, Off, Off, Off, On, Off, Off, Off, Off, Rich
191.312, 1150, 1,73, 81, 68, 6, 13,8, 0,58, 4,3, 26, 35, 101, 4,12, Off, Off, Off, Off, Off, Off, On, Off, Off, Off, Off, Rich
191.375, 1162, 1,76, 81, 68, 6, 13,8, 0,58, 4,32, 26, 36, 101, 4,18, Off, Off, Off, Off, Off, Off, On, Off, Off, Off, Off, Rich
191.421, 1225, 1,77, 81, 69, 6, 13,9, 0,58, 4,38, 27, 36, 101, 4,47, Off, Off, Off, Off, Off, Off, On, Off, Off, Off, Off, Rich
191.468, 1262, 1,78, 81, 70, 6, 13,8, 0,6, 4,37, 27, 36, 101, 4,6, Off, Off, Off, Off, Off, Off, On, Off, Off, Off, Off, Rich
191.531, 1275, 1,84, 81, 70, 6, 13,9, 0,64, 4,83, 26, 36, 101, 5,13, Off, Off, Off, Off, Off, Off, On, Off, Off, Off, Off, Rich
191.593, 1362, 1,92, 81, 70, 6, 13,9, 0,66, 4,91, 26, 36, 101, 5,57, Off, Off, Off, Off, Off, Off, On, Off, Off, Off, Off, Rich
191.656, 1375, 1,92, 81, 70, 6, 13,1, 0,66, 4,93, 26, 36, 101, 5,65, Off, Off, Off, Off, Off, Off, On, Off, Off, Off, Off, Rich
191.703, 1425, 1,94, 81, 70, 10, 13,8, 0,66, 4,91, 26, 36, 101, 5,83, Off, Off, Off, Off, Off, Off, On, Off, Off, Off, Off, Rich
191.734, 1462, 1,96, 81, 71, 10, 13,8, 0,66, 4,9, 26, 36, 101, 5,97, Off, Off, Off, Off, Off, Off, On, Off, Off, Off, Off, Rich
191.812, 1475, 1,96, 81, 71, 10, 13,8, 0,66, 4,88, 26, 36, 101, 6, Off, Off, Off, Off, Off, Off, On, Off, Off, Off, Off, Rich
191.859, 1512, 1,96, 81, 71, 10, 13,8, 0,66, 4,8, 27, 36, 101, 6,05, Off, Off, Off, Off, Off, Off, On, Off, Off, Off, Off, Rich
191.921, 1538, 1,96, 81, 71, 10, 13,9, 0,66, 4,76, 28, 36, 101, 6,1, Off, Off, Off, Off, Off, Off, On, Off, Off, Off, Off, Rich
191.984, 1562, 1,98, 81, 71, 10, 13,9, 0,68, 4,74, 28, 37, 101, 6,17, Off, Off, Off, Off, Off, Off, On, Off, Off, Off, Off, Rich
192.031, 1575, 2,08, 81, 71, 10, 13,8, 0,76, 4,98, 27, 37, 101, 6,54, Off, Off, Off, Off, Off, Off, On, Off, Off, Off, Off, Rich
192.093, 1600, 2,17, 81, 71, 10, 13,5, 0,8, 5,37, 26, 37, 101, 7,16, Off, Off, Off, Off, Off, Off, On, Off, Off, Off, Off, Rich
192.140, 1650, 2,24, 81, 70, 10, 13,9, 0,82, 5,62, 26, 37, 101, 7,73, Off, Off, Off, Off, Off, Off, On, Off, Off, Off, Off, Rich
192.187, 1700, 2,24, 81, 70, 10, 13,9, 0,82, 5,65, 26, 37, 101, 8, Off, Off, Off, Off, Off, Off, On, Off, Off, Off, Off, Rich
192.265, 1738, 2,25, 81, 69, 10, 14, 0,82, 5,74, 26, 37, 101, 8,31, Off, Off, Off, Off, Off, Off, On, Off, Off, Off, Off, Rich
192.312, 1800, 2,24, 81, 69, 10, 13,9, 0,82, 5,45, 27, 37, 101, 8,17, Off, Off, Off, Off, Off, Off, On, Off, Off, Off, Off, Rich
192.375, 1838, 2,26, 81, 68, 10, 14, 0,82, 5,41, 27, 38, 101, 8,29, Off, Off, Off, Off, Off, Off, On, Off, Off, Off, Off, Rich
192.421, 1888, 2,26, 81, 64, 12, 13,9, 0,84, 5,32, 28, 38, 101, 8,37, Off, Off, Off, Off, Off, Off, On, Off, Off, Off, Off, Rich
192.468, 1888, 2,28, 81, 61, 12, 13,7, 0,84, 5,28, 28, 38, 101, 8,31, Off, Off, Off, Off, Off, Off, On, Off, Off, Off, Off, Rich
192.515, 1900, 2,27, 81, 56, 12, 13,8, 0,84, 5,2, 28, 38, 101, 8,23, Off, Off, Off, Off, Off, Off, On, Off, Off, Off, Off, Rich
192.562, 1900, 2,27, 81, 53, 12, 13,8, 0,84, 5,12, 28, 38, 101, 8,11, Off, Off, Off, Off, Off, Off, On, Off, Off, Off, Off, Rich
192.625, 1888, 2,28, 81, 50, 12, 13,9, 0,84, 5,05, 28, 38, 101, 7,95, Off, Off, Off, Off, Off, Off, On, Off, Off, Off, Off, Rich
192.687, 1900, 2,26, 81, 37, 12, 13,9, 0,84, 5, 28, 38, 101, 7,92, Off, Off, Off, Off, Off, Off, On, Off, Off, Off, Off, Rich
192.734, 1900, 2,28, 81, 21, 12, 13,8, 0,84, 5,3, 28, 38, 99, 8,39, Off, Off, Off, Off, Off, Off, On, Off, Off, Off, Off, Lean
192.781, 1962, 2,28, 81, 15, 12, 13,9, 0,84, 5,3, 29, 38, 99, 8,67, Off, Off, Off, Off, Off, Off, On, Off, Off, Off, Off, Lean
192.828, 1975, 2,28, 81, 9, 12, 13,9, 0,84, 5,25, 29, 38, 99, 8,64, Off, Off, Off, Off, Off, Off, On, Off, Off, Off, Off, Lean
192.875, 2050, 2,29, 81, 6, 12, 13,9, 0,84, 5,23, 29, 40, 99, 8,93, Off, Off, Off, Off, Off, Off, On, Off, Off, Off, Off, Lean
192.953, 2012, 2,3, 81, 5, 12, 13,9, 0,84, 5,22, 30, 38, 99, 8,75, Off, Off, Off, Off, Off, Off, On, Off, Off, Off, Off, Lean
193.000, 2062, 2,3, 81, 3, 12, 13,9, 0,84, 5,21, 30, 40, 99, 8,95, Off, Off, Off, Off, Off, Off, On, Off, Off, Off, Off, Lean
193.046, 2088, 2,32, 81, 3, 12, 14, 0,84, 5,24, 31, 42, 99, 9,12, Off, Off, Off, Off, Off, Off, On, Off, Off, Off, Off, Lean
193.093, 2112, 2,3, 81, 3, 12, 14, 0,84, 5,22, 31, 42, 99, 9,19, Off, Off, Off, Off, Off, Off, On, Off, Off, Off, Off, Lean
193.140, 2012, 2,31, 81, 3, 16, 13,9, 0,84, 5,23, 30, 38, 99, 8,77, Off, Off, Off, Off, Off, Off, On, Off, Off, Off, Off, Lean
193.187, 1950, 2,29, 81, 12, 16, 13,8, 0,84, 5,24, 30, 38, 99, 8,51, Off, Off, Off, Off, Off, Off, On, Off, Off, Off, Off, Lean
193.250, 1850, 2,27, 81, 36, 16, 13,9, 0,84, 5,28, 29, 38, 99, 8,14, Off, Off, Off, Off, Off, Off, On, Off, Off, Off, Off, Lean
193.296, 1800, 2,28, 81, 47, 16, 13,9, 0,84, 5,38, 28, 38, 99, 8,07, Off, Off, Off, Off, Off, Off, On, Off, Off, Off, Off, Lean
193.343, 1788, 2,3, 81, 58, 16, 13,9, 0,84, 5,25, 27, 38, 99, 7,82, Off, Off, Off, Off, Off, Off, On, Off, Off, Off, Off, Rich
193.406, 1762, 2,28, 81, 60, 16, 13,9, 0,84, 5,32, 27, 38, 99, 7,81, Off, Off, Off, Off, Off, Off, On, Off, Off, Off, Off, Rich
193.453, 1762, 2,26, 81, 56, 16, 13,8, 0,84, 5,36, 27, 38, 99, 7,87, Off, Off, Off, Off, Off, Off, On, Off, Off, Off, Off, Rich
193.500, 1750, 2,26, 81, 53, 16, 14, 0,84, 5,4, 27, 38, 99, 7,88, Off, Off, Off, Off, Off, Off, On, Off, Off, Off, Off, Rich
193.562, 1762, 2,26, 81, 50, 16, 13,8, 0,84, 5,39, 27, 38, 99, 7,91, Off, Off, Off, Off, Off, Off, On, Off, Off, Off, Off, Rich
193.609, 1750, 2,26, 81, 34, 16, 13,9, 0,84, 5,41, 27, 38, 101, 7,89, Off, Off, Off, Off, Off, Off, On, Off, Off, Off, Off, Lean
193.687, 1762, 2,25, 81, 25, 16, 13,8, 0,84, 5,68, 27, 38, 101, 8,34, Off, Off, Off, Off, Off, Off, On, Off, Off, Off, Off, Lean
193.734, 1788, 2,27, 81, 12, 16, 13,9, 0,82, 5,72, 27, 38, 101, 8,52, Off, Off, Off, Off, Off, Off, On, Off, Off, Off, Off, Lean
193.796, 1788, 2,26, 81, 7, 16, 13,8, 0,84, 5,69, 27, 38, 101, 8,48, Off, Off, Off, Off, Off, Off, On, Off, Off, Off, Off, Lean
193.843, 1800, 2,24, 81, 7, 20, 14, 0,82, 5,69, 27, 38, 101, 8,53, Off, Off, Off, Off, Off, Off, On, Off, Off, Off, Off, Lean
193.906, 1800, 2,22, 81, 20, 20, 13,9, 0,78, 5,55, 27, 38, 101, 8,33, Off, Off, Off, Off, Off, Off, On, Off, Off, Off, Off, Lean
193.953, 1800, 2,2, 81, 52, 20, 13,8, 0,78, 5,39, 27, 38, 102, 8,09, Off, Off, Off, Off, Off, Off, On, Off, Off, Off, Off, Rich
194.015, 1800, 2,2, 81, 59, 20, 13,9, 0,78, 5,17, 28, 38, 102, 7,76, Off, Off, Off, Off, Off, Off, On, Off, Off, Off, Off, Rich
194.062, 1800, 2,19, 81, 64, 20, 13,8, 0,78, 5,09, 28, 38, 102, 7,64, Off, Off, Off, Off, Off, Off, On, Off, Off, Off, Off, Rich
194.109, 1762, 2,17, 81, 65, 20, 13,9, 0,78, 5,03, 28, 38, 102, 7,39, Off, Off, Off, Off, Off, Off, On, Off, Off, Off, Off, Rich
194.171, 1762, 2,2, 81, 65, 20, 13,8, 0,78, 4,96, 28, 38, 102, 7,28, Off, Off, Off, Off, Off, Off, On, Off, Off, Off, Off, Rich
194.218, 1762, 2,2, 81, 61, 20, 14, 0,78, 4,94, 28, 38, 102, 7,25, Off, Off, Off, Off, Off, Off, On, Off, Off, Off, Off, Rich
194.281, 1762, 2,2, 81, 58, 20, 13,9, 0,78, 4,92, 28, 38, 102, 7,22, Off, Off, Off, Off, Off, Off, On, Off, Off, Off, Off, Rich
194.328, 1788, 2,21, 81, 54, 20, 13,9, 0,8, 4,92, 28, 38, 102, 7,33, Off, Off, Off, Off, Off, Off, On, Off, Off, Off, Off, Rich
194.406, 1788, 2,21, 81, 54, 20, 13,9, 0,8, 4,97, 28, 38, 102, 7,41, Off, Off, Off, Off, Off, Off, On, Off, Off, Off, Off, Rich
194.453, 1800, 2,2, 81, 46, 20, 13,9, 0,8, 4,98, 28, 38, 102, 7,47, Off, Off, Off, Off, Off, Off, On, Off, Off, Off, Off, Rich
194.484, 1788, 2,22, 81, 37, 20, 14, 0,8, 4,97, 28, 38, 103, 7,41, Off, Off, Off, Off, Off, Off, On, Off, Off, Off, Off, Lean
194.546, 1812, 2,22, 81, 25, 24, 13,9, 0,8, 5,27, 28, 38, 103, 7,96, Off, Off, Off, Off, Off, Off, On, Off, Off, Off, Off, Lean
194.593, 1838, 2,41, 81, 11, 24, 13,8, 1, 5,88, 19, 38, 103, 9,01, Off, Off, Off, Off, Off, Off, On, Off, Off, Off, Off, Lean
194.656, 1838, 2,5, 81, 4, 24, 13,8, 1,02, 6,66, 23, 38, 103, 10,2, Off, Off, Off, Off, Off, Off, On, On, Off, Off, Off, Lean
194.703, 1912, 2,47, 81, 0, 24, 13,8, 1, 7,03, 22, 38, 103, 11,2, Off, Off, Off, Off, Off, Off, On, On, Off, Off, Off, Lean
194.750, 1962, 2,49, 81, 0, 24, 13,8, 1, 7,11, 23, 38, 103, 11,62, Off, Off, Off, Off, Off, Off, On, On, Off, Off, Off, Lean
194.812, 2025, 2,48, 81, 0, 24, 13,9, 1, 7,11, 23, 38, 103, 12, Off, Off, Off, Off, Off, Off, On, On, Off, Off, Off, Lean
194.859, 2062, 2,5, 81, 36, 24, 13,8, 1, 7,03, 28, 40, 103, 12,08, Off, Off, Off, Off, Off, Off, On, On, Off, Off, Off, Lean
194.921, 2088, 2,5, 81, 59, 24, 13,8, 1, 6,77, 28, 42, 104, 11,78, Off, Off, Off, Off, Off, Off, On, On, Off, Off, Off, Rich
194.968, 2088, 2,59, 81, 66, 24, 13,9, 1,1, 7,06, 27, 42, 104, 12,28, Off, Off, Off, Off, Off, Off, On, On, Off, Off, Off, Rich
195.031, 2112, 2,64, 81, 67, 24, 13,8, 1,14, 7,23, 26, 42, 104, 12,72, Off, Off, Off, Off, Off, Off, On, On, Off, Off, Off, Rich
195.093, 2162, 2,64, 81, 68, 24, 13,8, 1,16, 7,36, 27, 46, 104, 13,26, Off, Off, Off, Off, Off, Off, On, On, Off, Off, Off, Rich
195.140, 2188, 2,68, 81, 68, 24, 13,7, 1,22, 7,58, 26, 47, 104, 13,82, Off, Off, Off, Off, Off, Off, On, On, Off, Off, Off, Rich
195.203, 2225, 2,74, 81, 68, 24, 13,8, 1,28, 8,13, 27, 51, 101, 15,07, Off, Off, Off, Off, Off, Off, On, On, Off, Off, Off, Rich
195.265, 2300, 2,8, 81, 68, 28, 13,8, 1,4, 9,15, 26, 55, 100, 17,54, Off, Off, Off, Off, Off, Off, On, On, Off, Off, Off, Rich
195.312, 2325, 2,84, 81, 69, 28, 13,7, 1,44, 9,21, 27, 56, 100, 17,84, Off, Off, Off, Off, Off, Off, On, On, Off, Off, Off, Rich
195.375, 2425, 2,9, 81, 71, 28, 13,8, 1,6, 9,51, 26, 62, 100, 19,22, Off, Off, Off, Off, Off, Off, On, On, Off, Off, Off, Rich
195.421, 2388, 2,94, 81, 72, 28, 13,8, 1,72, 9,85, 26, 60, 100, 19,6, Off, Off, Off, Off, Off, Off, On, On, Off, Off, Off, Rich
195.468, 2462, 2,95, 81, 72, 28, 13,8, 1,74, 9,64, 26, 62, 100, 19,78, Off, Off, Off, Off, Off, Off, On, On, Off, Off, Off, Rich
195.531, 2512, 2,99, 81, 73, 28, 13,8, 1,84, 9,78, 26, 62, 100, 20,47, Off, Off, Off, Off, Off, Off, On, On, Off, Off, Off, Rich
195.578, 2588, 3,04, 81, 72, 28, 13,8, 2,04, 10,05, 24, 62, 100, 21,67, Off, Off, Off, Off, Off, Off, On, On, Off, Off, Off, Rich
195.625, 2588, 3,06, 81, 72, 28, 13,7, 2,1, 9,99, 25, 62, 100, 21,55, Off, Off, Off, Off, Off, Off, On, On, Off, Off, Off, Rich
195.656, 2588, 3,09, 81, 72, 28, 13,8, 2,38, 10,19, 17, 62, 100, 21,98, Off, Off, Off, Off, Off, Off, On, On, Off, Off, Off, Rich
195.718, 2600, 3,1, 81, 72, 28, 13,9, 2,56, 10,32, 17, 62, 100, 22,36, Off, Off, Off, Off, Off, Off, On, On, Off, Off, Off, Rich
195.796, 2625, 3,11, 81, 72, 28, 13,8, 2,62, 10,1, 21, 62, 100, 22,09, Off, Off, Off, Off, Off, Off, On, On, Off, Off, Off, Rich
195.843, 2662, 3,12, 81, 72, 28, 13,8, 2,62, 10,14, 21, 62, 100, 22,49, Off, Off, Off, Off, Off, Off, On, On, Off, Off, Off, Rich
195.906, 2700, 3,14, 81, 72, 28, 13,9, 2,7, 10,13, 25, 62, 100, 22,79, Off, Off, Off, Off, Off, Off, On, On, Off, Off, Off, Rich
195.953, 2750, 3,15, 81, 72, 34, 13,8, 2,72, 10,24, 26, 62, 100, 23,47, Off, Off, Off, Off, Off, Off, On, On, Off, Off, Off, Rich
196.015, 2725, 3,14, 81, 71, 34, 13,9, 2,72, 10,03, 27, 62, 100, 22,78, Off, Off, Off, Off, Off, Off, On, On, Off, Off, Off, Rich
196.062, 2750, 3,15, 81, 72, 34, 13,9, 2,72, 10,01, 27, 62, 100, 22,94, Off, Off, Off, Off, Off, Off, On, On, Off, Off, Off, Rich
196.109, 2750, 3,16, 81, 71, 34, 13,8, 2,72, 10,01, 27, 62, 100, 22,94, Off, Off, Off, Off, Off, Off, On, On, Off, Off, Off, Rich
196.171, 2788, 3,17, 81, 71, 34, 13,8, 2,72, 10,06, 27, 62, 100, 23,37, Off, Off, Off, Off, Off, Off, On, On, Off, Off, Off, Rich
196.218, 2750, 3,18, 81, 71, 34, 13,9, 2,72, 10,01, 27, 62, 100, 22,94, Off, Off, Off, Off, Off, Off, On, On, Off, Off, Off, Rich
196.281, 2750, 3,18, 81, 71, 34, 13,9, 2,72, 10,06, 27, 62, 100, 23,05, Off, Off, Off, Off, Off, Off, On, On, Off, Off, Off, Rich
196.328, 2788, 3,2, 81, 71, 34, 13,8, 2,7, 10,03, 27, 62, 100, 23,3, Off, Off, Off, Off, Off, Off, On, On, Off, Off, Off, Rich
196.390, 2788, 3,2, 81, 71, 34, 13,8, 2,7, 10, 26, 62, 100, 23,23, Off, Off, Off, Off, Off, Off, On, On, Off, Off, Off, Rich
196.453, 2838, 3,2, 81, 71, 34, 13,8, 2,7, 9,99, 26, 62, 100, 23,63, Off, Off, Off, Off, Off, Off, On, On, Off, Off, Off, Rich
196.515, 2838, 3,21, 81, 71, 34, 13,9, 2,68, 10, 26, 62, 100, 23,65, Off, Off, Off, Off, Off, Off, On, On, Off, Off, Off, Rich
196.562, 2875, 3,22, 81, 71, 34, 13,7, 2,68, 10, 26, 62, 100, 23,96, Off, Off, Off, Off, Off, Off, On, On, Off, Off, Off, Rich
196.609, 2888, 3,22, 81, 71, 34, 13,8, 2,66, 9,93, 26, 62, 100, 23,9, Off, Off, Off, Off, Off, Off, On, On, Off, Off, Off, Rich
196.656, 2888, 3,22, 81, 71, 40, 13,8, 2,66, 9,97, 26, 62, 100, 23,99, Off, Off, Off, Off, Off, Off, On, On, Off, Off, Off, Rich
196.703, 2912, 3,24, 81, 71, 40, 13,8, 2,66, 9,96, 25, 62, 100, 24,17, Off, Off, Off, Off, Off, Off, On, On, Off, Off, Off, Rich
196.765, 2912, 3,24, 81, 71, 40, 13,8, 2,66, 9,96, 25, 62, 100, 24,17, Off, Off, Off, Off, Off, Off, On, On, Off, Off, Off, Rich
196.812, 2950, 3,25, 81, 71, 40, 13,8, 2,66, 10,04, 25, 62, 100, 24,68, Off, Off, Off, Off, Off, Off, On, On, Off, Off, Off, Rich
196.843, 2988, 3,25, 81, 71, 40, 13,9, 2,66, 9,98, 25, 62, 100, 24,85, Off, Off, Off, Off, Off, Off, On, On, Off, Off, Off, Rich
196.906, 2950, 3,25, 81, 71, 40, 13,9, 2,64, 9,97, 25, 62, 100, 24,51, Off, Off, Off, Off, Off, Off, On, On, Off, Off, Off, Rich
196.953, 3038, 3,26, 81, 71, 40, 13,9, 2,64, 9,92, 25, 62, 100, 25,11, Off, Off, Off, Off, Off, Off, On, On, Off, Off, Off, Rich
197.000, 3038, 3,27, 81, 71, 40, 13,8, 2,64, 10, 25, 62, 100, 25,32, Off, Off, Off, Off, Off, Off, On, On, Off, Off, Off, Rich
197.046, 3050, 3,28, 81, 71, 40, 13,8, 2,64, 9,93, 24, 62, 100, 25,24, Off, Off, Off, Off, Off, Off, On, On, Off, Off, Off, Rich
197.109, 3050, 3,3, 81, 70, 40, 13,9, 2,6, 10,1, 24, 62, 100, 25,67, Off, Off, Off, Off, Off, Off, On, On, Off, Off, Off, Rich
197.156, 3088, 3,32, 81, 71, 40, 13,8, 2,6, 10,08, 23, 62, 100, 25,94, Off, Off, Off, Off, Off, Off, On, On, Off, Off, Off, Rich
197.218, 3100, 3,32, 81, 71, 40, 13,8, 2,56, 10,08, 23, 62, 100, 26,04, Off, Off, Off, Off, Off, Off, On, On, Off, Off, Off, Rich
197.281, 3100, 3,34, 81, 71, 40, 13,8, 2,56, 10,17, 23, 62, 100, 26,27, Off, Off, Off, Off, Off, Off, On, On, Off, Off, Off, Rich
197.343, 3188, 3,36, 81, 71, 40, 13,8, 2,56, 10,12, 23, 62, 100, 26,89, Off, Off, Off, Off, Off, Off, On, On, Off, Off, Off, Rich
197.390, 3188, 3,37, 81, 71, 46, 13,8, 2,56, 10,12, 22, 62, 100, 26,89, Off, Off, Off, Off, Off, Off, On, On, Off, Off, Off, Rich
197.437, 3200, 3,38, 81, 71, 46, 13,7, 2,56, 10,1, 22, 62, 100, 26,93, Off, Off, Off, Off, Off, Off, On, On, Off, Off, Off, Rich
197.500, 3200, 3,4, 81, 70, 46, 13,8, 2,54, 10,26, 22, 62, 100, 27,36, Off, Off, Off, Off, Off, Off, On, On, Off, Off, Off, Rich
197.546, 3288, 3,4, 81, 70, 46, 13,8, 2,54, 10,36, 22, 62, 100, 28,39, Off, Off, Off, Off, Off, Off, On, On, Off, Off, Off, Rich
197.593, 3300, 3,41, 81, 71, 46, 13,8, 2,54, 10,35, 22, 62, 100, 28,46, Off, Off, Off, Off, Off, Off, On, On, Off, Off, Off, Rich
197.656, 3325, 3,42, 81, 71, 46, 13,8, 2,54, 10,36, 22, 62, 100, 28,71, Off, Off, Off, Off, Off, Off, On, On, Off, Off, Off, Rich
197.718, 3325, 3,44, 81, 71, 46, 13,8, 2,52, 10,66, 22, 62, 100, 29,54, Off, Off, Off, Off, Off, Off, On, On, Off, Off, Off, Rich
197.765, 3350, 3,44, 82, 71, 46, 13,8, 2,52, 10,66, 22, 62, 100, 29,76, Off, Off, Off, Off, Off, Off, On, On, Off, Off, Off, Rich
197.812, 3400, 3,46, 82, 71, 46, 13,8, 2,52, 10,65, 22, 62, 100, 30,17, Off, Off, Off, Off, Off, Off, On, On, Off, Off, Off, Rich
197.890, 3375, 3,47, 82, 71, 46, 13,8, 2,52, 10,7, 22, 62, 100, 30,09, Off, Off, Off, Off, Off, Off, On, On, Off, Off, Off, Rich
197.937, 3425, 3,48, 82, 71, 46, 13,8, 2,52, 10,76, 21, 62, 100, 30,71, Off, Off, Off, Off, Off, Off, On, On, Off, Off, Off, Rich
197.984, 3450, 3,5, 82, 72, 46, 13,8, 2,52, 10,83, 22, 62, 100, 31,14, Off, Off, Off, Off, Off, Off, On, On, Off, Off, Off, Rich
198.031, 3462, 3,5, 82, 72, 46, 13,8, 2,5, 11,07, 22, 62, 100, 31,94, Off, Off, Off, Off, Off, Off, On, On, Off, Off, Off, Rich
198.109, 3488, 3,5, 82, 72, 52, 13,8, 2,48, 11,05, 22, 62, 100, 32,12, Off, Off, Off, Off, Off, Off, On, On, Off, Off, Off, Rich
198.156, 3525, 3,52, 82, 72, 52, 13,8, 2,46, 11,12, 22, 62, 100, 32,67, Off, Off, Off, Off, Off, Off, On, On, Off, Off, Off, Rich
198.203, 3538, 3,52, 82, 73, 52, 13,9, 2,4, 11,12, 22, 62, 100, 32,79, Off, Off, Off, Off, Off, Off, On, On, Off, Off, Off, Rich
198.265, 3538, 3,52, 82, 73, 52, 13,8, 2,36, 10,85, 22, 62, 100, 31,99, Off, Off, Off, Off, Off, Off, On, On, Off, Off, Off, Rich
198.312, 3575, 3,53, 82, 73, 52, 13,8, 2,32, 11,37, 21, 62, 100, 33,87, Off, Off, Off, Off, Off, Off, On, On, Off, Off, Off, Rich
198.359, 3575, 3,53, 82, 74, 52, 13,8, 2,32, 11,31, 21, 62, 100, 33,69, Off, Off, Off, Off, Off, Off, On, On, Off, Off, Off, Rich
198.421, 3625, 3,53, 82, 74, 52, 13,8, 2,3, 11,23, 21, 62, 100, 33,92, Off, Off, Off, Off, Off, Off, On, On, Off, Off, Off, Rich
198.468, 3675, 3,54, 82, 74, 52, 13,8, 2,3, 11,26, 21, 62, 100, 34,48, Off, Off, Off, Off, Off, Off, On, On, Off, Off, Off, Rich
198.531, 3688, 3,55, 82, 74, 52, 13,8, 2,3, 11,3, 21, 62, 100, 34,73, Off, Off, Off, Off, Off, Off, On, On, Off, Off, Off, Rich
198.609, 3688, 3,56, 82, 74, 52, 13,8, 2,3, 11,23, 21, 62, 100, 34,51, Off, Off, Off, Off, Off, Off, On, On, Off, Off, Off, Rich
198.656, 3725, 3,56, 82, 74, 52, 13,9, 2,3, 11,24, 21, 62, 100, 34,89, Off, Off, Off, Off, Off, Off, On, On, Off, Off, Off, Rich
198.718, 3750, 3,56, 82, 74, 52, 13,7, 2,3, 11,18, 21, 62, 100, 34,94, Off, Off, Off, Off, Off, Off, On, On, Off, Off, Off, Rich
198.765, 3775, 3,58, 82, 74, 58, 13,8, 2,3, 11,18, 21, 62, 100, 35,17, Off, Off, Off, Off, Off, Off, On, On, Off, Off, Off, Rich
198.828, 3800, 3,57, 82, 74, 58, 13,8, 2,3, 11,12, 21, 62, 100, 35,21, Off, Off, Off, Off, Off, Off, On, On, Off, Off, Off, Rich
198.875, 3812, 3,58, 82, 75, 58, 13,7, 2,3, 11,07, 21, 62, 100, 35,17, Off, Off, Off, Off, Off, Off, On, On, Off, Off, Off, Rich
198.921, 3812, 3,58, 82, 75, 58, 13,8, 2,3, 11,07, 21, 62, 100, 35,17, Off, Off, Off, Off, Off, Off, On, On, Off, Off, Off, Rich
198.968, 3838, 3,57, 82, 75, 58, 13,8, 2,26, 10,9, 21, 62, 100, 34,86, Off, Off, Off, Off, Off, Off, On, On, Off, Off, Off, Rich
199.031, 3900, 3,56, 82, 75, 58, 13,8, 2,26, 10,8, 21, 62, 100, 35,1, Off, Off, Off, Off, Off, Off, On, On, Off, Off, Off, Rich
199.078, 3888, 3,57, 82, 75, 58, 13,8, 2,24, 10,75, 21, 62, 100, 34,83, Off, Off, Off, Off, Off, Off, On, On, Off, Off, Off, Rich
199.125, 3912, 3,56, 82, 75, 58, 13,8, 2,18, 10,6, 21, 62, 100, 34,56, Off, Off, Off, Off, Off, Off, On, On, Off, Off, Off, Rich
199.187, 3912, 3,56, 82, 75, 58, 13,8, 2,18, 10,63, 21, 62, 100, 34,65, Off, Off, Off, Off, Off, Off, On, On, Off, Off, Off, Rich
199.234, 3938, 3,56, 82, 75, 58, 13,8, 2,16, 10,55, 21, 62, 100, 34,62, Off, Off, Off, Off, Off, Off, On, On, Off, Off, Off, Rich
199.312, 4000, 3,56, 82, 75, 58, 13,8, 2,16, 10,44, 21, 62, 100, 34,8, Off, Off, Off, Off, Off, Off, On, On, Off, Off, Off, Rich
199.359, 4000, 3,55, 82, 75, 58, 13,8, 2,12, 10,32, 21, 62, 100, 34,4, Off, Off, Off, Off, Off, Off, On, On, Off, Off, Off, Rich
199.406, 4012, 3,55, 82, 75, 58, 13,9, 2,06, 10,25, 21, 62, 100, 34,27, Off, Off, Off, Off, Off, Off, On, On, Off, Off, Off, Rich
199.468, 4062, 3,54, 82, 75, 58, 13,8, 2,04, 10,13, 21, 62, 100, 34,29, Off, Off, Off, Off, Off, Off, On, On, Off, Off, Off, Rich
199.515, 4062, 3,54, 82, 75, 64, 13,9, 2,02, 10,03, 21, 62, 100, 33,95, Off, Off, Off, Off, Off, Off, On, On, Off, Off, Off, Rich
199.578, 4075, 3,55, 82, 75, 64, 13,8, 2,02, 10,06, 21, 62, 100, 34,16, Off, Off, Off, Off, Off, Off, On, On, Off, Off, Off, Rich
199.609, 4112, 3,54, 82, 76, 64, 13,8, 2,02, 9,9, 21, 62, 100, 33,92, Off, Off, Off, Off, Off, Off, On, On, Off, Off, Off, Rich
199.671, 4150, 3,55, 82, 76, 64, 13,8, 2,02, 9,95, 21, 62, 100, 34,41, Off, Off, Off, Off, Off, Off, On, On, Off, Off, Off, Rich
199.734, 4150, 3,54, 82, 76, 64, 13,8, 2,02, 9,78, 21, 62, 100, 33,82, Off, Off, Off, Off, Off, Off, On, On, Off, Off, Off, Rich
199.781, 4162, 3,55, 82, 76, 64, 13,9, 2,02, 9,8, 21, 62, 100, 33,99, Off, Off, Off, Off, Off, Off, On, On, Off, Off, Off, Rich
199.843, 4225, 3,56, 82, 76, 64, 13,7, 2,02, 9,85, 21, 62, 100, 34,68, Off, Off, Off, Off, Off, Off, On, On, Off, Off, Off, Rich
199.890, 4238, 3,55, 82, 76, 64, 13,8, 2,02, 9,93, 22, 62, 100, 35,07, Off, Off, Off, Off, Off, Off, On, On, Off, Off, Off, Rich
199.953, 4238, 3,55, 82, 76, 64, 13,8, 2, 9,82, 22, 62, 100, 34,68, Off, Off, Off, Off, Off, Off, On, On, Off, Off, Off, Rich
200.015, 4312, 3,51, 82, 77, 64, 13,8, 1,82, 9,17, 23, 62, 100, 32,95, Off, Off, Off, Off, Off, Off, On, On, Off, Off, Off, Rich
200.078, 4275, 3,35, 82, 77, 64, 13,8, 1,42, 7,53, 27, 62, 100, 26,83, Off, Off, Off, Off, Off, Off, On, On, Off, Off, Off, Rich
200.140, 4225, 2,29, 82, 78, 64, 13,8, 0,34, 0,73, 34, 62, 100, 2,57, Off, Off, Off, Off, On, Off, On, Off, Off, Off, Off, Rich
200.187, 3962, 1,83, 82, 75, 70, 13,8, 0,34, 0,74, 28, 62, 100, 2,44, Off, Off, Off, Off, On, Off, On, Off, Off, Off, Off, Rich
200.234, 3888, 1,76, 82, 63, 70, 13,8, 0,34, 0,74, 28, 62, 99, 2,4, Off, Off, Off, Off, On, Off, On, Off, Off, Off, Off, Rich
200.281, 3800, 1,72, 82, 58, 70, 13,8, 0,34, 0,74, 28, 62, 100, 2,34, Off, Off, Off, Off, On, Off, On, Off, Off, Off, Off, Rich
200.328, 3638, 1,67, 82, 31, 70, 13,8, 0,34, 0,73, 28, 62, 100, 2,21, Off, Off, Off, Off, On, Off, On, Off, Off, Off, Off, Rich
200.375, 3450, 1,66, 82, 0, 70, 13,8, 0,34, 0,72, 28, 62, 100, 2,07, Off, Off, Off, Off, On, Off, On, Off, Off, Off, Off, Rich
200.437, 3312, 1,65, 82, 0, 70, 13,8, 0,34, 0,75, 28, 62, 100, 2,07, Off, Off, Off, Off, On, Off, On, Off, Off, Off, Off, Rich
200.484, 3050, 1,63, 82, 0, 70, 13,8, 0,34, 0,72, 28, 62, 94, 1,83, Off, Off, Off, Off, On, Off, On, Off, Off, Off, Off, Rich
200.546, 2862, 1,63, 82, 0, 70, 14, 0,34, 0,72, 28, 62, 94, 1,72, Off, Off, Off, Off, On, Off, On, Off, Off, Off, Off, Rich
200.593, 2600, 1,63, 82, 0, 70, 13,9, 0,34, 0,72, 28, 62, 94, 1,56, Off, Off, Off, Off, On, Off, On, Off, Off, Off, Off, Rich
200.656, 2450, 1,62, 82, 0, 70, 13,9, 0,34, 0,72, 28, 62, 94, 1,47, Off, Off, Off, Off, On, Off, On, Off, Off, Off, Off, Rich
200.718, 2325, 1,63, 82, 0, 70, 13,9, 0,34, 0,72, 28, 56, 94, 1,4, Off, Off, Off, Off, On, Off, On, Off, Off, Off, Off, Rich
200.781, 2088, 1,52, 82, 0, 70, 14, 0,34, 0,72, 28, 42, 94, 1,25, Off, Off, Off, Off, On, Off, On, Off, Off, Off, Off, Rich
200.828, 1912, 1,42, 82, 0, 70, 14, 0,34, 0,72, 26, 42, 94, 1,15, Off, Off, Off, Off, On, Off, On, Off, Off, Off, Off, Rich
200.875, 1762, 1,36, 82, 0, 72, 13,8, 0,34, 0,72, 23, 42, 94, 1,06, Off, Off, Off, Off, On, Off, On, Off, Off, Off, Off, Rich
200.937, 1700, 1,38, 82, 0, 72, 14, 0,34, 0,72, 23, 42, 94, 1,02, Off, Off, Off, Off, On, Off, On, Off, Off, Off, Off, Rich
200.984, 1638, 1,36, 82, 0, 72, 14, 0,34, 0,72, 23, 42, 94, 0,98, Off, Off, Off, Off, On, Off, On, Off, Off, Off, Off, Rich
201.031, 1588, 1,34, 82, 0, 72, 13,8, 0,34, 0,72, 22, 42, 94, 0,95, Off, Off, Off, Off, On, Off, On, Off, Off, Off, Off, Rich
201.093, 1538, 1,33, 82, 0, 72, 13,8, 0,34, 0,73, 22, 41, 94, 0,94, Off, Off, Off, Off, On, Off, On, Off, Off, Off, Off, Rich
201.140, 1525, 1,34, 82, 0, 72, 14, 0,34, 1,87, 20, 41, 94, 2,38, Off, Off, Off, Off, On, Off, On, Off, Off, Off, Off, Rich
201.187, 1488, 1,34, 82, 0, 72, 14, 0,34, 1,75, 20, 41, 94, 2,17, Off, Off, Off, Off, On, Off, On, Off, Off, Off, Off, Rich
201.250, 1575, 1,34, 82, 0, 72, 14, 0,34, 1,78, 21, 41, 94, 2,34, Off, Off, Off, Off, On, Off, On, Off, Off, Off, Off, Rich
201.296, 1600, 1,34, 82, 0, 72, 14, 0,34, 1,8, 23, 41, 94, 2,4, Off, Off, Off, Off, On, Off, On, Off, Off, Off, Off, Rich
201.343, 1650, 1,32, 82, 0, 72, 14, 0,34, 1,79, 23, 40, 94, 2,46, Off, Off, Off, Off, On, Off, On, Off, Off, Off, Off, Rich
201.421, 1688, 1,33, 82, 0, 72, 13,8, 0,34, 1,78, 23, 40, 94, 2,5, Off, Off, Off, Off, On, Off, On, Off, Off, Off, Off, Rich
201.484, 1688, 1,32, 82, 0, 72, 13,8, 0,34, 1,77, 23, 40, 94, 2,49, Off, Off, Off, Off, On, Off, On, Off, Off, Off, Off, Rich
201.531, 1725, 1,3, 82, 0, 72, 13,9, 0,34, 1,74, 23, 40, 94, 2,5, Off, Off, Off, Off, On, Off, On, Off, Off, Off, Off, Rich
201.578, 1700, 1,32, 82, 0, 72, 13,8, 0,34, 1,74, 23, 40, 94, 2,46, Off, Off, Off, Off, On, Off, On, Off, Off, Off, Off, Rich
201.656, 1700, 1,32, 82, 0, 70, 13,8, 0,34, 1,73, 23, 39, 94, 2,45, Off, Off, Off, Off, On, Off, On, Off, Off, Off, Off, Rich
201.703, 1700, 1,31, 82, 0, 70, 13,9, 0,34, 1,72, 23, 39, 94, 2,44, Off, Off, Off, Off, On, Off, On, Off, Off, Off, Off, Rich
201.765, 1688, 1,32, 82, 0, 70, 13,9, 0,34, 1,71, 23, 39, 94, 2,41, Off, Off, Off, Off, On, Off, On, Off, Off, Off, Off, Rich
201.812, 1688, 1,31, 82, 0, 70, 14, 0,34, 1,7, 23, 38, 94, 2,39, Off, Off, Off, Off, On, Off, On, Off, Off, Off, Off, Rich
201.859, 1688, 1,31, 82, 0, 70, 14, 0,34, 1,71, 23, 38, 94, 2,41, Off, Off, Off, Off, On, Off, On, Off, Off, Off, Off, Rich
201.921, 1688, 1,31, 82, 0, 70, 14, 0,34, 1,69, 23, 38, 94, 2,38, Off, Off, Off, Off, On, Off, On, Off, Off, Off, Off, Rich
201.968, 1650, 1,3, 82, 0, 70, 13,9, 0,34, 1,69, 23, 38, 94, 2,32, Off, Off, Off, Off, On, Off, On, Off, Off, Off, Off, Rich
202.015, 1650, 1,29, 82, 0, 70, 13,9, 0,34, 1,69, 23, 38, 94, 2,32, Off, Off, Off, Off, On, Off, On, Off, Off, Off, Off, Rich
202.062, 1675, 1,3, 82, 0, 70, 14, 0,34, 1,69, 23, 37, 94, 2,36, Off, Off, Off, Off, On, Off, On, Off, Off, Off, Off, Rich
202.125, 1650, 1,28, 82, 0, 70, 14, 0,34, 1,68, 23, 37, 94, 2,31, Off, Off, Off, Off, On, Off, On, Off, Off, Off, Off, Rich
202.171, 1650, 1,29, 82, 0, 70, 13,8, 0,34, 1,68, 23, 37, 94, 2,31, Off, Off, Off, Off, On, Off, On, Off, Off, Off, Off, Rich
202.234, 1650, 1,29, 82, 0, 70, 13,9, 0,34, 1,68, 23, 37, 94, 2,31, Off, Off, Off, Off, On, Off, On, Off, Off, Off, Off, Rich
202.281, 1638, 1,28, 82, 0, 70, 13,9, 0,34, 1,69, 23, 36, 94, 2,31, Off, Off, Off, Off, On, Off, On, Off, Off, Off, Off, Rich
202.328, 1625, 1,28, 82, 0, 70, 14, 0,34, 1,68, 23, 36, 94, 2,27, Off, Off, Off, Off, On, Off, On, Off, Off, Off, Off, Rich
202.390, 1625, 1,27, 82, 0, 70, 13,9, 0,34, 1,68, 23, 36, 94, 2,27, Off, Off, Off, Off, On, Off, On, Off, Off, Off, Off, Rich
202.453, 1625, 1,28, 82, 0, 70, 13,9, 0,34, 1,68, 23, 36, 94, 2,27, Off, Off, Off, Off, On, Off, On, Off, Off, Off, Off, Rich
202.500, 1600, 1,27, 82, 0, 70, 14, 0,34, 1,68, 23, 36, 94, 2,24, Off, Off, Off, Off, On, Off, On, Off, Off, Off, Off, Rich
202.546, 1600, 1,27, 82, 0, 70, 13,9, 0,34, 1,68, 22, 35, 94, 2,24, Off, Off, Off, Off, On, Off, On, Off, Off, Off, Off, Rich
202.609, 1588, 1,26, 82, 0, 70, 13,9, 0,34, 1,67, 22, 35, 94, 2,21, Off, Off, Off, Off, On, Off, On, Off, Off, Off, Off, Rich
202.656, 1575, 1,26, 82, 0, 70, 13,9, 0,34, 1,66, 22, 35, 94, 2,18, Off, Off, Off, Off, On, Off, On, Off, Off, Off, Off, Rich
202.718, 1575, 1,25, 82, 0, 70, 13,8, 0,34, 1,69, 22, 35, 94, 2,22, Off, Off, Off, Off, On, Off, On, Off, Off, Off, Off, Rich
202.765, 1562, 1,25, 82, 0, 70, 13,8, 0,34, 1,68, 22, 34, 94, 2,19, Off, Off, Off, Off, On, Off, On, Off, Off, Off, Off, Rich
202.843, 1538, 1,25, 82, 0, 70, 13,8, 0,34, 1,67, 21, 34, 94, 2,14, Off, Off, Off, Off, On, Off, On, Off, Off, Off, Off, Rich
202.890, 1525, 1,23, 82, 0, 70, 13,8, 0,34, 1,69, 21, 33, 94, 2,15, Off, Off, Off, Off, On, Off, On, Off, Off, Off, Off, Rich
202.953, 1525, 1,23, 82, 0, 70, 13,8, 0,34, 1,68, 21, 33, 94, 2,13, Off, Off, Off, Off, On, Off, On, Off, Off, Off, Off, Rich
203.000, 1512, 1,22, 82, 0, 70, 13,8, 0,34, 1,66, 21, 33, 94, 2,09, Off, Off, Off, Off, On, Off, On, Off, Off, Off, Off, Rich
203.062, 1525, 1,21, 82, 0, 70, 13,8, 0,34, 1,66, 20, 33, 94, 2,11, Off, Off, Off, Off, On, Off, On, Off, Off, Off, Off, Rich
203.125, 1488, 1,2, 82, 0, 70, 13,7, 0,34, 1,66, 20, 32, 94, 2,06, Off, Off, Off, Off, On, Off, On, Off, Off, Off, Off, Rich
203.156, 1488, 1,2, 82, 0, 70, 13,8, 0,34, 1,64, 19, 32, 94, 2,03, Off, Off, Off, Off, On, Off, On, Off, Off, Off, Off, Rich
203.234, 1475, 1,2, 82, 0, 70, 13,8, 0,34, 1,62, 20, 31, 94, 1,99, Off, Off, Off, Off, On, Off, On, Off, Off, Off, Off, Rich
203.281, 1462, 1,2, 82, 0, 70, 13,6, 0,34, 1,64, 19, 31, 94, 2, Off, Off, Off, Off, On, Off, On, Off, Off, Off, Off, Rich
203.328, 1438, 1,2, 82, 0, 70, 13,7, 0,34, 1,65, 19, 31, 94, 1,98, Off, Off, Off, Off, On, Off, On, Off, Off, Off, Off, Rich
203.390, 1438, 1,2, 82, 0, 70, 13,8, 0,34, 1,63, 18, 31, 94, 1,95, Off, Off, Off, Off, On, Off, On, Off, Off, Off, Off, Rich
203.437, 1438, 1,18, 82, 0, 70, 13,7, 0,34, 1,64, 19, 30, 94, 1,97, Off, Off, Off, Off, On, Off, On, Off, Off, Off, Off, Rich
203.515, 1425, 1,19, 82, 0, 70, 13,8, 0,34, 1,62, 18, 30, 94, 1,92, Off, Off, Off, Off, On, Off, On, Off, Off, Off, Off, Rich
203.562, 1412, 1,17, 82, 0, 70, 13,8, 0,34, 1,63, 18, 29, 94, 1,92, Off, Off, Off, Off, On, Off, On, Off, Off, Off, Off, Rich
203.625, 1412, 1,16, 82, 0, 70, 13,8, 0,34, 1,62, 18, 29, 94, 1,91, Off, Off, Off, Off, On, Off, On, Off, Off, Off, Off, Rich
203.671, 1388, 1,17, 82, 0, 70, 13,8, 0,34, 1,62, 17, 29, 94, 1,87, Off, Off, Off, Off, On, Off, On, Off, Off, Off, Off, Rich
203.734, 1388, 1,17, 82, 0, 68, 13,8, 0,34, 1,62, 17, 29, 94, 1,87, Off, Off, Off, Off, On, Off, On, Off, Off, Off, Off, Rich
203.796, 1375, 1,17, 82, 0, 68, 13,7, 0,34, 1,63, 17, 29, 94, 1,87, Off, Off, Off, Off, On, Off, On, Off, Off, Off, Off, Rich
203.843, 1362, 1,18, 82, 0, 68, 13,8, 0,34, 1,61, 17, 29, 94, 1,83, Off, Off, Off, Off, On, Off, On, Off, Off, Off, Off, Rich
203.890, 1350, 1,17, 82, 0, 68, 13,8, 0,34, 1,6, 17, 29, 94, 1,8, Off, Off, Off, Off, On, Off, On, Off, Off, Off, Off, Rich
203.937, 1362, 1,16, 82, 0, 68, 13,8, 0,34, 1,62, 16, 29, 94, 1,84, Off, Off, Off, Off, On, Off, On, Off, Off, Off, Off, Rich
204.000, 1325, 1,17, 82, 0, 68, 13,8, 0,34, 1,65, 16, 29, 94, 1,82, Off, Off, Off, Off, On, Off, On, Off, Off, Off, Off, Rich
204.046, 1325, 1,16, 82, 0, 68, 13,7, 0,34, 1,65, 16, 29, 94, 1,82, Off, Off, Off, Off, On, Off, On, Off, Off, Off, Off, Rich
204.109, 1312, 1,16, 82, 0, 68, 13,8, 0,34, 1,64, 15, 29, 94, 1,79, Off, Off, Off, Off, On, Off, On, Off, Off, Off, Off, Rich
204.156, 1312, 1,17, 82, 0, 68, 13,8, 0,34, 1,65, 16, 29, 94, 1,8, Off, Off, Off, Off, On, Off, On, Off, Off, Off, Off, Rich
204.218, 1300, 1,16, 82, 0, 68, 13,8, 0,34, 1,66, 15, 29, 94, 1,8, Off, Off, Off, Off, On, Off, On, Off, Off, Off, Off, Rich
204.265, 1312, 1,16, 82, 0, 68, 13,8, 0,34, 1,64, 15, 29, 94, 1,79, Off, Off, Off, Off, On, Off, On, Off, Off, Off, Off, Rich
204.312, 1312, 1,16, 82, 0, 68, 13,8, 0,34, 1,66, 15, 29, 94, 1,81, Off, Off, Off, Off, On, Off, On, Off, Off, Off, Off, Rich
204.343, 1275, 1,16, 82, 0, 68, 13,8, 0,34, 1,68, 15, 29, 94, 1,78, Off, Off, Off, Off, On, Off, On, Off, Off, Off, Off, Rich
204.421, 1300, 1,16, 82, 0, 64, 13,8, 0,34, 1,66, 14, 29, 94, 1,8, Off, Off, Off, Off, On, Off, On, Off, Off, Off, Off, Rich
204.468, 1262, 1,17, 82, 0, 64, 13,8, 0,34, 1,68, 14, 29, 94, 1,77, Off, Off, Off, Off, On, Off, On, Off, Off, Off, Off, Rich
204.515, 1250, 1,17, 82, 0, 64, 13,6, 0,34, 1,7, 14, 29, 94, 1,77, Off, Off, Off, Off, On, Off, On, Off, Off, Off, Off, Rich
204.578, 1250, 1,18, 82, 0, 64, 13,8, 0,34, 1,7, 14, 29, 94, 1,77, Off, Off, Off, Off, On, Off, On, Off, Off, Off, Off, Rich
204.625, 1250, 1,18, 82, 0, 64, 13,6, 0,34, 1,7, 14, 29, 94, 1,77, Off, Off, Off, Off, On, Off, On, Off, Off, Off, Off, Rich
204.687, 1225, 1,18, 82, 0, 64, 13,8, 0,34, 1,71, 13, 29, 94, 1,75, Off, Off, Off, Off, On, Off, On, Off, Off, Off, Off, Rich
204.734, 1200, 1,16, 82, 0, 64, 13,7, 0,34, 1,73, 13, 29, 94, 1,73, Off, Off, Off, Off, On, Off, On, Off, Off, Off, Off, Rich
204.781, 1212, 1,16, 82, 0, 64, 13,8, 0,34, 1,72, 13, 29, 94, 1,74, Off, Off, Off, Off, On, Off, On, Off, Off, Off, Off, Rich
204.828, 1200, 1,17, 82, 0, 64, 13,8, 0,34, 1,72, 13, 29, 94, 1,72, Off, Off, Off, Off, On, Off, On, Off, Off, Off, Off, Rich
204.875, 1200, 1,16, 82, 0, 64, 13,8, 0,34, 1,75, 13, 29, 94, 1,75, Off, Off, Off, Off, On, Off, On, Off, Off, Off, Off, Rich
204.937, 1188, 1,16, 82, 0, 64, 13,8, 0,34, 1,75, 13, 29, 94, 1,73, Off, Off, Off, Off, On, Off, On, Off, Off, Off, Off, Rich
205.000, 1162, 1,16, 82, 0, 64, 13,8, 0,34, 1,74, 13, 29, 94, 1,68, Off, Off, Off, Off, On, Off, On, Off, Off, Off, Off, Rich
205.062, 1162, 1,17, 82, 0, 64, 13,8, 0,34, 1,77, 13, 29, 94, 1,71, Off, Off, Off, Off, On, Off, On, Off, Off, Off, Off, Rich
205.109, 1150, 1,17, 82, 0, 58, 13,8, 0,34, 1,77, 13, 29, 94, 1,7, Off, Off, Off, Off, On, Off, On, Off, Off, Off, Off, Rich
205.156, 1138, 1,17, 82, 0, 58, 13,8, 0,34, 1,79, 13, 29, 94, 1,7, Off, Off, Off, Off, On, Off, On, Off, Off, Off, Off, Rich
205.218, 1138, 1,16, 82, 0, 58, 13,8, 0,34, 1,78, 13, 29, 94, 1,69, Off, Off, Off, Off, On, Off, On, Off, Off, Off, Off, Rich
205.265, 1112, 1,16, 82, 0, 58, 13,8, 0,34, 1,81, 13, 29, 94, 1,68, Off, Off, Off, Off, On, Off, On, Off, Off, Off, Off, Rich
205.328, 1138, 1,17, 82, 0, 58, 13,7, 0,34, 1,8, 13, 29, 94, 1,71, Off, Off, Off, Off, On, Off, On, Off, Off, Off, Off, Rich
205.375, 1112, 1,17, 82, 0, 58, 13,8, 0,34, 1,8, 13, 29, 94, 1,67, Off, Off, Off, Off, On, Off, On, Off, Off, Off, Off, Rich
205.437, 1100, 1,16, 82, 0, 58, 13,8, 0,34, 1,83, 13, 29, 94, 1,68, Off, Off, Off, Off, On, Off, On, Off, Off, Off, Off, Rich
205.484, 1062, 1,18, 82, 0, 58, 13,8, 0,34, 1,83, 13, 29, 94, 1,62, Off, Off, Off, Off, On, Off, On, Off, Off, Off, Off, Rich
205.546, 1050, 1,16, 82, 0, 58, 13,8, 0,34, 1,85, 13, 29, 94, 1,62, Off, Off, Off, Off, On, Off, On, Off, Off, Off, Off, Rich
205.609, 1050, 1,17, 82, 0, 58, 13,8, 0,34, 1,85, 13, 29, 94, 1,62, Off, Off, Off, Off, On, Off, On, Off, Off, Off, Off, Rich
205.671, 1038, 1,16, 82, 0, 58, 13,8, 0,34, 1,87, 13, 29, 94, 1,62, Off, Off, Off, Off, On, Off, On, Off, Off, Off, Off, Rich
205.718, 1038, 1,16, 82, 0, 58, 13,8, 0,34, 1,87, 13, 29, 94, 1,62, Off, Off, Off, Off, On, Off, On, Off, Off, Off, Off, Rich
205.765, 1025, 1,16, 82, 0, 58, 13,8, 0,34, 1,87, 13, 29, 94, 1,6, Off, Off, Off, Off, On, Off, On, Off, Off, Off, Off, Rich
205.828, 1038, 1,16, 82, 0, 58, 13,8, 0,34, 1,88, 13, 29, 94, 1,63, Off, Off, Off, Off, On, Off, On, Off, Off, Off, Off, Rich
205.875, 1025, 1,16, 82, 0, 54, 13,8, 0,34, 1,89, 13, 29, 94, 1,61, Off, Off, Off, Off, On, Off, On, Off, Off, Off, Off, Rich
205.906, 1000, 1,16, 82, 0, 54, 13,8, 0,34, 1,9, 13, 29, 94, 1,58, Off, Off, Off, Off, On, Off, On, Off, Off, Off, Off, Rich
205.968, 1000, 1,16, 82, 0, 54, 13,8, 0,34, 1,91, 13, 29, 94, 1,59, Off, Off, Off, Off, On, Off, On, Off, Off, Off, Off, Rich
206.015, 1000, 1,17, 82, 0, 54, 13,8, 0,34, 1,9, 13, 29, 94, 1,58, Off, Off, Off, Off, On, Off, On, Off, Off, Off, Off, Rich
206.062, 1000, 1,16, 82, 0, 54, 13,8, 0,34, 1,93, 13, 29, 94, 1,61, Off, Off, Off, Off, On, Off, On, Off, Off, Off, Off, Rich
206.125, 988, 1,16, 82, 0, 54, 13,8, 0,34, 1,93, 13, 29, 94, 1,59, Off, Off, Off, Off, On, Off, On, Off, Off, Off, Off, Rich
206.171, 975, 1,16, 82, 0, 54, 13,8, 0,34, 1,93, 13, 29, 94, 1,57, Off, Off, Off, Off, On, Off, On, Off, Off, Off, Off, Rich
206.218, 988, 1,16, 82, 0, 54, 13,8, 0,34, 1,94, 13, 29, 94, 1,6, Off, Off, Off, Off, On, Off, On, Off, Off, Off, Off, Rich
206.281, 988, 1,16, 82, 0, 54, 13,8, 0,34, 1,95, 13, 29, 94, 1,61, Off, Off, Off, Off, On, Off, On, Off, Off, Off, Off, Rich
206.343, 975, 1,16, 82, 0, 54, 13,8, 0,34, 1,95, 13, 29, 94, 1,58, Off, Off, Off, Off, On, Off, On, Off, Off, Off, Off, Rich
206.390, 975, 1,16, 82, 0, 54, 13,8, 0,34, 1,94, 13, 29, 94, 1,58, Off, Off, Off, Off, On, Off, On, Off, Off, Off, Off, Rich
206.437, 938, 1,16, 82, 0, 54, 13,8, 0,34, 1,95, 13, 29, 94, 1,52, Off, Off, Off, Off, On, Off, On, Off, Off, Off, Off, Rich
206.484, 938, 1,16, 82, 0, 54, 13,8, 0,34, 2,06, 13, 29, 100, 1,61, Off, Off, Off, Off, On, Off, On, Off, Off, Off, Off, Rich
206.531, 938, 1,15, 82, 0, 46, 13,8, 0,34, 2,07, 13, 29, 100, 1,62, Off, Off, Off, Off, On, Off, On, Off, Off, Off, Off, Rich
206.593, 938, 1,16, 82, 0, 46, 13,7, 0,34, 2,07, 13, 29, 100, 1,62, Off, Off, Off, Off, On, Off, On, Off, Off, Off, Off, Rich
206.640, 925, 1,16, 82, 0, 46, 13,8, 0,34, 2,07, 13, 29, 100, 1,6, Off, Off, Off, Off, On, Off, On, Off, Off, Off, Off, Rich
206.687, 925, 1,16, 82, 0, 46, 13,8, 0,34, 2,08, 13, 29, 100, 1,6, Off, Off, Off, Off, On, Off, On, Off, Off, Off, Off, Rich
206.750, 938, 1,15, 82, 0, 46, 13,8, 0,34, 2,1, 13, 29, 100, 1,64, Off, Off, Off, Off, On, Off, On, Off, Off, Off, Off, Rich
206.796, 925, 1,15, 82, 0, 46, 13,8, 0,34, 2,11, 13, 29, 100, 1,63, Off, Off, Off, Off, On, Off, On, Off, Off, Off, Off, Rich
206.843, 925, 1,15, 82, 0, 46, 13,7, 0,34, 2,09, 13, 29, 100, 1,61, Off, Off, Off, Off, On, Off, On, Off, Off, Off, Off, Rich
206.890, 925, 1,16, 82, 0, 46, 13,8, 0,34, 2,11, 13, 29, 100, 1,63, Off, Off, Off, Off, On, Off, On, Off, Off, Off, Off, Rich
206.937, 925, 1,16, 81, 0, 46, 13,8, 0,34, 2,13, 13, 29, 100, 1,64, Off, Off, Off, Off, On, Off, On, Off, Off, Off, Off, Rich
206.984, 900, 1,16, 81, 0, 46, 13,8, 0,34, 2,13, 13, 29, 100, 1,6, Off, Off, Off, Off, On, Off, On, Off, Off, Off, Off, Rich
207.062, 900, 1,14, 81, 0, 46, 13,8, 0,34, 2,13, 13, 29, 100, 1,6, Off, Off, Off, Off, On, Off, On, Off, Off, Off, Off, Rich
207.093, 900, 1,14, 81, 0, 46, 13,8, 0,34, 2,15, 13, 29, 100, 1,61, Off, Off, Off, Off, On, Off, On, Off, Off, Off, Off, Rich
207.156, 900, 1,16, 81, 0, 46, 13,6, 0,34, 2,14, 13, 29, 100, 1,61, Off, Off, Off, Off, On, Off, On, Off, Off, Off, Off, Rich
207.203, 888, 1,15, 81, 0, 46, 13,8, 0,34, 2,15, 13, 29, 100, 1,59, Off, Off, Off, Off, On, Off, On, Off, Off, Off, Off, Rich
207.250, 875, 1,14, 81, 0, 40, 13,6, 0,34, 2,16, 13, 33, 100, 1,58, Off, Off, Off, Off, On, Off, On, Off, Off, Off, Off, Rich
207.296, 862, 1,18, 81, 0, 40, 13,8, 0,34, 2,17, 13, 33, 100, 1,56, Off, Off, Off, Off, On, Off, On, Off, Off, Off, Off, Rich
207.359, 862, 1,2, 81, 0, 40, 13,7, 0,34, 2,2, 13, 33, 100, 1,58, Off, Off, Off, Off, On, Off, On, Off, Off, Off, Off, Rich
207.406, 838, 1,2, 81, 0, 40, 13,8, 0,34, 2,25, 13, 33, 100, 1,57, Off, Off, Off, Off, On, Off, On, Off, Off, Off, Off, Rich
207.453, 838, 1,19, 81, 0, 40, 13,8, 0,34, 2,26, 13, 33, 100, 1,58, Off, Off, Off, Off, On, Off, On, Off, Off, Off, Off, Rich
207.515, 838, 1,2, 81, 0, 40, 13,8, 0,34, 2,29, 13, 33, 100, 1,6, Off, Off, Off, Off, On, Off, On, Off, Off, Off, Off, Rich
207.562, 862, 1,2, 81, 0, 40, 13,8, 0,34, 2,33, 13, 33, 100, 1,67, Off, Off, Off, Off, On, Off, On, Off, Off, Off, Off, Rich
207.625, 838, 1,18, 81, 0, 40, 13,8, 0,34, 2,33, 13, 33, 100, 1,63, Off, Off, Off, Off, On, Off, On, Off, Off, Off, Off, Rich
207.671, 862, 1,19, 81, 0, 40, 13,8, 0,34, 2,36, 13, 33, 100, 1,7, Off, Off, Off, Off, On, Off, On, Off, Off, Off, Off, Rich
207.734, 825, 1,19, 81, 0, 40, 13,8, 0,34, 2,39, 13, 33, 100, 1,64, Off, Off, Off, Off, On, Off, On, Off, Off, Off, Off, Rich
207.781, 825, 1,2, 81, 0, 40, 13,8, 0,34, 2,4, 13, 33, 100, 1,65, Off, Off, Off, Off, On, Off, On, Off, Off, Off, Off, Rich
207.828, 838, 1,19, 81, 0, 40, 13,8, 0,34, 2,44, 13, 33, 100, 1,7, Off, Off, Off, Off, On, Off, On, Off, Off, Off, Off, Lean
207.890, 812, 1,18, 81, 0, 40, 13,8, 0,34, 2,48, 13, 33, 100, 1,68, Off, Off, Off, Off, On, Off, On, Off, Off, Off, Off, Lean
207.937, 825, 1,19, 81, 0, 32, 13,7, 0,34, 2,49, 13, 38, 100, 1,71, Off, Off, Off, Off, On, Off, On, Off, Off, Off, Off, Lean
208.000, 788, 1,23, 81, 0, 32, 13,8, 0,34, 2,51, 13, 38, 100, 1,65, Off, Off, Off, Off, On, Off, On, Off, Off, Off, Off, Lean
208.046, 775, 1,25, 81, 0, 32, 13,8, 0,34, 2,59, 13, 38, 100, 1,67, Off, Off, Off, Off, On, Off, On, Off, Off, Off, Off, Lean
208.109, 788, 1,25, 81, 0, 32, 13,8, 0,34, 2,6, 13, 38, 100, 1,71, Off, Off, Off, Off, On, Off, On, Off, Off, Off, Off, Lean
208.156, 788, 1,26, 81, 0, 32, 13,8, 0,34, 2,67, 13, 38, 100, 1,75, Off, Off, Off, Off, On, Off, On, Off, Off, Off, Off, Lean
208.203, 775, 1,26, 81, 0, 32, 13,8, 0,34, 2,74, 13, 38, 100, 1,77, Off, Off, Off, Off, On, Off, On, Off, Off, Off, Off, Lean
208.265, 775, 1,25, 81, 0, 32, 13,8, 0,34, 2,75, 13, 38, 100, 1,78, Off, Off, Off, Off, On, Off, On, Off, Off, Off, Off, Lean
208.312, 788, 1,26, 81, 0, 32, 13,8, 0,34, 2,81, 13, 38, 100, 1,85, Off, Off, Off, Off, On, Off, On, Off, Off, Off, Off, Lean
208.359, 775, 1,26, 81, 0, 32, 13,8, 0,34, 2,83, 13, 38, 100, 1,83, Off, Off, Off, Off, On, Off, On, Off, Off, Off, Off, Lean
208.437, 775, 1,25, 81, 0, 32, 13,8, 0,34, 2,87, 13, 38, 100, 1,85, Off, Off, Off, Off, On, Off, On, Off, Off, Off, Off, Lean
208.484, 788, 1,25, 81, 0, 32, 13,8, 0,34, 2,88, 13, 38, 100, 1,89, Off, Off, Off, Off, On, Off, On, Off, Off, Off, Off, Lean
208.531, 762, 1,25, 81, 0, 32, 13,8, 0,34, 2,9, 13, 38, 100, 1,84, Off, Off, Off, Off, On, Off, On, Off, Off, Off, Off, Lean
208.578, 775, 1,25, 81, 0, 32, 13,8, 0,34, 2,92, 13, 38, 100, 1,89, Off, Off, Off, Off, On, Off, On, Off, Off, Off, Off, Lean
208.625, 788, 1,25, 81, 0, 32, 13,8, 0,34, 2,97, 13, 38, 100, 1,95, Off, Off, Off, Off, On, Off, On, Off, Off, Off, Off, Lean
208.671, 775, 1,25, 81, 0, 26, 13,8, 0,34, 2,95, 13, 38, 100, 1,91, Off, Off, Off, Off, On, Off, On, Off, Off, Off, Off, Lean
208.734, 788, 1,25, 81, 0, 26, 13,8, 0,34, 2,97, 13, 38, 100, 1,95, Off, Off, Off, Off, On, Off, On, Off, Off, Off, Off, Lean
208.781, 788, 1,24, 81, 0, 26, 13,8, 0,34, 2,99, 13, 38, 100, 1,96, Off, Off, Off, Off, On, Off, On, Off, Off, Off, Off, Lean
208.843, 788, 1,25, 81, 0, 26, 13,8, 0,34, 2,98, 13, 38, 100, 1,96, Off, Off, Off, Off, On, Off, On, Off, Off, Off, Off, Lean
208.890, 812, 1,26, 81, 0, 26, 13,8, 0,34, 2,99, 13, 38, 100, 2,02, Off, Off, Off, Off, On, Off, On, Off, Off, Off, Off, Lean
208.953, 788, 1,24, 81, 0, 26, 13,8, 0,34, 2,99, 13, 38, 100, 1,96, Off, Off, Off, Off, On, Off, On, Off, Off, Off, Off, Lean
209.000, 812, 1,24, 81, 32, 26, 13,8, 0,34, 2,99, 13, 38, 100, 2,02, Off, Off, Off, Off, On, Off, On, Off, Off, Off, Off, Lean
209.046, 838, 1,25, 81, 32, 26, 13,8, 0,34, 2,99, 13, 38, 100, 2,09, Off, Off, Off, Off, On, Off, On, Off, Off, Off, Off, Lean
209.093, 838, 1,24, 81, 58, 26, 13,8, 0,34, 2,99, 13, 38, 102, 2,09, Off, Off, Off, Off, On, Off, On, Off, Off, Off, Off, Rich
209.156, 838, 1,25, 81, 69, 26, 13,8, 0,34, 2,94, 13, 38, 102, 2,05, Off, Off, Off, Off, On, Off, On, Off, Off, Off, Off, Rich
209.203, 825, 1,25, 81, 73, 26, 13,8, 0,34, 2,93, 13, 38, 102, 2,01, Off, Off, Off, Off, On, Off, On, Off, Off, Off, Off, Rich
209.250, 838, 1,24, 81, 73, 26, 13,8, 0,34, 2,89, 13, 38, 102, 2,02, Off, Off, Off, Off, On, Off, On, Off, Off, Off, Off, Rich
209.312, 825, 1,25, 81, 75, 26, 13,8, 0,34, 2,9, 13, 38, 102, 1,99, Off, Off, Off, Off, On, Off, On, Off, Off, Off, Off, Rich
209.359, 825, 1,25, 81, 76, 20, 13,8, 0,34, 2,91, 13, 38, 102, 2, Off, Off, Off, Off, On, Off, On, Off, Off, Off, Off, Rich
209.406, 812, 1,25, 81, 76, 20, 13,8, 0,34, 2,89, 13, 38, 102, 1,96, Off, Off, Off, Off, On, Off, On, Off, Off, Off, Off, Rich
209.453, 812, 1,25, 81, 77, 20, 13,8, 0,34, 2,89, 13, 38, 102, 1,96, Off, Off, Off, Off, On, Off, On, Off, Off, Off, Off, Rich
209.515, 812, 1,25, 81, 77, 20, 13,8, 0,34, 2,88, 13, 38, 102, 1,95, Off, Off, Off, Off, On, Off, On, Off, Off, Off, Off, Rich
209.562, 812, 1,26, 81, 77, 20, 13,8, 0,34, 2,88, 13, 38, 102, 1,95, Off, Off, Off, Off, On, Off, On, Off, Off, Off, Off, Rich
209.609, 812, 1,25, 81, 77, 20, 13,8, 0,34, 2,88, 13, 38, 102, 1,95, Off, Off, Off, Off, On, Off, On, Off, Off, Off, Off, Rich
209.671, 812, 1,25, 81, 75, 20, 13,8, 0,34, 2,89, 13, 38, 102, 1,96, Off, Off, Off, Off, On, Off, On, Off, Off, Off, Off, Rich
209.718, 812, 1,25, 81, 75, 20, 13,8, 0,34, 2,88, 13, 38, 102, 1,95, Off, Off, Off, Off, On, Off, On, Off, Off, Off, Off, Rich
209.781, 812, 1,25, 81, 73, 20, 13,8, 0,34, 2,89, 13, 38, 102, 1,96, Off, Off, Off, Off, On, Off, On, Off, Off, Off, Off, Rich
209.843, 825, 1,24, 81, 73, 20, 13,8, 0,34, 2,87, 13, 38, 102, 1,97, Off, Off, Off, Off, On, Off, On, Off, Off, Off, Off, Rich
209.890, 825, 1,25, 81, 73, 20, 13,8, 0,34, 2,86, 13, 38, 102, 1,97, Off, Off, Off, Off, On, Off, On, Off, Off, Off, Off, Rich
209.953, 825, 1,25, 81, 72, 20, 13,8, 0,34, 2,86, 13, 38, 102, 1,97, Off, Off, Off, Off, On, Off, On, Off, Off, Off, Off, Rich
210.000, 825, 1,25, 81, 73, 20, 13,8, 0,34, 2,85, 13, 38, 102, 1,96, Off, Off, Off, Off, On, Off, On, Off, Off, Off, Off, Rich
210.062, 838, 1,25, 81, 73, 20, 13,8, 0,34, 2,86, 13, 38, 102, 2, Off, Off, Off, Off, On, Off, On, Off, Off, Off, Off, Rich
210.109, 862, 1,24, 81, 72, 14, 13,8, 0,34, 2,84, 13, 38, 102, 2,04, Off, Off, Off, Off, On, Off, On, Off, Off, Off, Off, Rich
210.171, 825, 1,25, 81, 73, 14, 13,8, 0,34, 2,83, 13, 38, 102, 1,95, Off, Off, Off, Off, On, Off, On, Off, Off, Off, Off, Rich
210.218, 862, 1,25, 81, 73, 14, 13,8, 0,34, 2,83, 13, 38, 102, 2,03, Off, Off, Off, Off, On, Off, On, Off, Off, Off, Off, Rich
210.250, 825, 1,25, 81, 73, 14, 13,8, 0,34, 2,81, 13, 38, 102, 1,93, Off, Off, Off, Off, On, Off, On, Off, Off, Off, Off, Rich
210.328, 825, 1,25, 81, 73, 14, 13,8, 0,34, 2,81, 13, 38, 102, 1,93, Off, Off, Off, Off, On, Off, On, Off, Off, Off, Off, Rich
210.375, 788, 1,25, 81, 74, 14, 13,8, 0,34, 2,81, 13, 38, 102, 1,85, Off, Off, Off, Off, On, Off, On, Off, Off, Off, Off, Rich
210.437, 788, 1,26, 81, 73, 14, 13,8, 0,34, 2,83, 13, 38, 102, 1,86, Off, Off, Off, Off, On, Off, On, Off, Off, Off, Off, Rich
210.484, 788, 1,26, 81, 73, 14, 13,7, 0,34, 2,83, 13, 38, 102, 1,86, Off, Off, Off, Off, On, Off, On, Off, Off, Off, Off, Rich
210.546, 762, 1,24, 81, 71, 14, 13,8, 0,34, 2,82, 13, 38, 102, 1,79, Off, Off, Off, Off, On, Off, On, Off, Off, Off, Off, Rich
210.609, 738, 1,25, 81, 69, 14, 13,8, 0,34, 2,84, 13, 38, 102, 1,75, Off, Off, Off, Off, On, Off, On, Off, Off, Off, Off, Rich
210.671, 762, 1,26, 81, 69, 14, 13,8, 0,34, 2,86, 13, 38, 102, 1,82, Off, Off, Off, Off, On, Off, On, Off, Off, Off, Off, Rich
210.718, 738, 1,25, 81, 65, 14, 13,4, 0,34, 2,9, 13, 38, 102, 1,78, Off, Off, Off, Off, On, Off, On, Off, Off, Off, Off, Rich
210.765, 762, 1,24, 81, 64, 14, 13,7, 0,34, 2,91, 13, 38, 102, 1,85, Off, Off, Off, Off, On, Off, On, Off, Off, Off, Off, Rich
210.828, 725, 1,25, 81, 64, 10, 13,8, 0,34, 2,9, 13, 38, 102, 1,75, Off, Off, Off, Off, On, Off, On, Off, Off, Off, Off, Rich
210.875, 712, 1,24, 81, 60, 10, 13,7, 0,34, 3,04, 12, 38, 102, 1,8, Off, Off, Off, Off, On, Off, On, Off, Off, Off, Off, Rich
210.921, 712, 1,25, 80, 53, 10, 13,8, 0,34, 3,03, 11, 38, 102, 1,8, Off, Off, Off, Off, On, Off, On, Off, Off, Off, Off, Rich
210.984, 712, 1,25, 80, 32, 10, 13,8, 0,34, 3,07, 8, 38, 102, 1,82, Off, Off, Off, Off, On, Off, On, Off, Off, Off, Off, Rich
211.031, 688, 1,23, 80, 32, 10, 13,8, 0,34, 3,1, 7, 38, 101, 1,78, Off, Off, Off, Off, On, Off, On, Off, Off, Off, Off, Lean
211.078, 712, 1,24, 80, 15, 10, 13,8, 0,34, 3,18, 7, 38, 101, 1,89, Off, Off, Off, Off, On, Off, On, Off, Off, Off, Off, Lean
211.140, 688, 1,25, 80, 15, 10, 13,9, 0,34, 3,17, 7, 38, 101, 1,82, Off, Off, Off, Off, On, Off, On, Off, Off, Off, Off, Lean
211.187, 712, 1,24, 80, 5, 10, 13,8, 0,34, 3,24, 10, 38, 101, 1,92, Off, Off, Off, Off, On, Off, On, Off, Off, Off, Off, Lean
211.250, 712, 1,24, 80, 2, 10, 13,8, 0,34, 3,22, 8, 38, 101, 1,91, Off, Off, Off, Off, On, Off, On, Off, Off, Off, Off, Lean
211.312, 738, 1,24, 80, 2, 10, 13,8, 0,34, 3,23, 6, 38, 101, 1,99, Off, Off, Off, Off, On, Off, On, Off, Off, Off, Off, Lean
211.359, 738, 1,23, 80, 1, 10, 13,8, 0,34, 3,26, 4, 38, 101, 2, Off, Off, Off, Off, On, Off, On, Off, Off, Off, Off, Lean
211.421, 762, 1,24, 80, 1, 10, 13,8, 0,34, 3,23, 3, 38, 101, 2,05, Off, Off, Off, Off, On, Off, On, Off, Off, Off, Off, Lean
211.468, 762, 1,24, 80, 15, 10, 13,8, 0,34, 3,25, 3, 38, 101, 2,06, Off, Off, Off, Off, On, Off, On, Off, Off, Off, Off, Lean
211.515, 738, 1,23, 80, 57, 6, 13,7, 0,34, 3,23, 3, 38, 100, 1,99, Off, Off, Off, Off, On, Off, On, Off, Off, Off, Off, Rich
211.562, 725, 1,24, 80, 70, 6, 13,8, 0,34, 3,18, 3, 38, 100, 1,92, Off, Off, Off, Off, On, Off, On, Off, Off, Off, Off, Rich
211.609, 725, 1,24, 80, 70, 6, 13,8, 0,34, 3,18, 3, 38, 100, 1,92, Off, Off, Off, Off, On, Off, On, Off, Off, Off, Off, Rich
211.656, 725, 1,24, 80, 73, 6, 13,6, 0,34, 3,18, 5, 38, 100, 1,92, Off, Off, Off, Off, On, Off, On, Off, Off, Off, Off, Rich
211.718, 738, 1,24, 80, 73, 6, 13,8, 0,34, 3,18, 5, 38, 100, 1,96, Off, Off, Off, Off, On, Off, On, Off, Off, Off, Off, Rich
211.765, 738, 1,24, 80, 75, 6, 13,8, 0,34, 3,16, 7, 38, 100, 1,94, Off, Off, Off, Off, On, Off, On, Off, Off, Off, Off, Rich
211.828, 712, 1,24, 80, 76, 6, 13,8, 0,34, 3,17, 7, 38, 100, 1,88, Off, Off, Off, Off, On, Off, On, Off, Off, Off, Off, Rich
211.875, 725, 1,25, 80, 77, 6, 13,8, 0,34, 3,18, 5, 38, 100, 1,92, Off, Off, Off, Off, On, Off, On, Off, Off, Off, Off, Rich
211.937, 712, 1,24, 80, 77, 6, 13,8, 0,34, 3,16, 5, 38, 100, 1,87, Off, Off, Off, Off, On, Off, On, Off, Off, Off, Off, Rich
212.000, 738, 1,25, 80, 77, 6, 13,8, 0,34, 3,2, 5, 38, 100, 1,97, Off, Off, Off, Off, On, Off, On, Off, Off, Off, Off, Rich
212.046, 725, 1,24, 80, 77, 6, 13,8, 0,34, 3,17, 4, 38, 100, 1,92, Off, Off, Off, Off, On, Off, On, Off, Off, Off, Off, Rich
212.093, 725, 1,24, 80, 77, 6, 13,8, 0,34, 3,16, 4, 38, 100, 1,91, Off, Off, Off, Off, On, Off, On, Off, Off, Off, Off, Rich
212.156, 725, 1,24, 80, 77, 6, 13,8, 0,34, 3,2, 5, 38, 100, 1,93, Off, Off, Off, Off, On, Off, On, Off, Off, Off, Off, Rich
212.203, 712, 1,23, 80, 77, 4, 13,7, 0,34, 3,19, 5, 38, 100, 1,89, Off, Off, Off, Off, On, Off, On, Off, Off, Off, Off, Rich
212.234, 688, 1,23, 80, 77, 4, 13,7, 0,34, 3,2, 7, 38, 100, 1,83, Off, Off, Off, Off, On, Off, On, Off, Off, Off, Off, Rich
212.312, 688, 1,24, 80, 76, 4, 13,8, 0,34, 3,2, 5, 38, 100, 1,83, Off, Off, Off, Off, On, Off, On, Off, Off, Off, Off, Rich
212.359, 712, 1,23, 80, 76, 4, 13,7, 0,34, 3,15, 7, 38, 100, 1,87, Off, Off, Off, Off, On, Off, On, Off, Off, Off, Off, Rich
212.421, 725, 1,23, 80, 77, 4, 13,8, 0,34, 3,17, 7, 38, 100, 1,92, Off, Off, Off, Off, On, Off, On, Off, Off, Off, Off, Rich
212.468, 712, 1,24, 80, 77, 4, 13,8, 0,34, 3,19, 7, 38, 100, 1,89, Off, Off, Off, Off, On, Off, On, Off, Off, Off, Off, Rich
212.515, 712, 1,23, 80, 77, 4, 13,8, 0,34, 3,16, 7, 38, 100, 1,87, Off, Off, Off, Off, On, Off, On, Off, Off, Off, Off, Rich
212.578, 688, 1,24, 80, 77, 4, 13,8, 0,34, 3,18, 6, 38, 100, 1,82, Off, Off, Off, Off, On, Off, On, Off, Off, Off, Off, Rich
212.625, 725, 1,25, 80, 77, 4, 13,8, 0,34, 3,19, 5, 38, 100, 1,93, Off, Off, Off, Off, On, Off, On, Off, Off, Off, Off, Rich
212.687, 712, 1,22, 80, 77, 4, 13,7, 0,34, 3,13, 4, 38, 100, 1,86, Off, Off, Off, Off, On, Off, On, Off, Off, Off, Off, Rich
212.734, 688, 1,24, 80, 77, 4, 13,8, 0,34, 3,14, 5, 38, 100, 1,8, Off, Off, Off, Off, On, Off, On, Off, Off, Off, Off, Rich
212.781, 725, 1,24, 80, 77, 4, 13,7, 0,34, 3,16, 5, 38, 100, 1,91, Off, Off, Off, Off, On, Off, On, Off, Off, Off, Off, Rich
212.828, 725, 1,23, 80, 76, 4, 13,8, 0,34, 3,14, 6, 38, 100, 1,9, Off, Off, Off, Off, On, Off, On, Off, Off, Off, Off, Rich
212.890, 738, 1,24, 80, 76, 4, 13,7, 0,34, 3,1, 5, 38, 100, 1,91, Off, Off, Off, Off, On, Off, On, Off, Off, Off, Off, Rich
212.937, 725, 1,24, 80, 76, 2, 13,8, 0,34, 3,12, 5, 38, 100, 1,88, Off, Off, Off, Off, On, Off, On, Off, Off, Off, Off, Rich
213.000, 725, 1,23, 80, 76, 2, 13,8, 0,34, 3,14, 7, 38, 100, 1,9, Off, Off, Off, Off, On, Off, On, Off, Off, Off, Off, Rich
213.046, 712, 1,24, 80, 76, 2, 13,7, 0,34, 3,13, 5, 38, 100, 1,86, Off, Off, Off, Off, On, Off, On, Off, Off, Off, Off, Rich
213.109, 725, 1,23, 80, 76, 2, 13,8, 0,34, 3,11, 7, 38, 100, 1,88, Off, Off, Off, Off, On, Off, On, Off, Off, Off, Off, Rich
213.156, 712, 1,22, 80, 75, 2, 13,8, 0,34, 3,08, 5, 38, 100, 1,83, Off, Off, Off, Off, On, Off, On, Off, Off, Off, Off, Rich
213.218, 725, 1,23, 80, 75, 2, 13,8, 0,34, 3,06, 7, 38, 100, 1,85, Off, Off, Off, Off, On, Off, On, Off, Off, Off, Off, Rich
213.265, 712, 1,23, 80, 75, 2, 13,8, 0,34, 3,09, 5, 38, 100, 1,83, Off, Off, Off, Off, On, Off, On, Off, Off, Off, Off, Rich
213.328, 738, 1,23, 80, 75, 2, 13,6, 0,34, 3,08, 4, 38, 100, 1,89, Off, Off, Off, Off, On, Off, On, Off, Off, Off, Off, Rich
213.390, 712, 1,23, 80, 75, 2, 13,8, 0,34, 3,05, 7, 38, 100, 1,81, Off, Off, Off, Off, On, Off, On, Off, Off, Off, Off, Rich
213.437, 738, 1,23, 80, 74, 2, 13,8, 0,34, 3,03, 4, 38, 100, 1,86, Off, Off, Off, Off, On, Off, On, Off, Off, Off, Off, Rich
213.484, 725, 1,23, 80, 74, 2, 13,8, 0,34, 3,05, 3, 38, 100, 1,84, Off, Off, Off, Off, On, Off, On, Off, Off, Off, Off, Rich
213.546, 725, 1,24, 80, 73, 2, 13,8, 0,34, 3,08, 5, 38, 100, 1,86, Off, Off, Off, Off, On, Off, On, Off, Off, Off, Off, Rich
213.593, 725, 1,22, 80, 73, 2, 13,8, 0,34, 3,05, 5, 38, 100, 1,84, Off, Off, Off, Off, On, Off, On, Off, Off, Off, Off, Rich
213.640, 725, 1,22, 80, 70, 0, 13,7, 0,34, 3,08, 5, 38, 100, 1,86, Off, Off, Off, Off, On, Off, On, Off, Off, Off, Off, Rich
213.703, 725, 1,23, 80, 70, 0, 13,8, 0,34, 2,98, 4, 38, 100, 1,8, Off, Off, Off, Off, On, Off, On, Off, Off, Off, Off, Rich
213.765, 688, 1,22, 80, 70, 0, 13,7, 0,34, 3, 6, 37, 100, 1,72, Off, Off, Off, Off, On, Off, On, Off, Off, Off, Off, Rich
213.796, 712, 1,22, 80, 68, 0, 13,8, 0,34, 3,05, 7, 37, 100, 1,81, Off, Off, Off, Off, On, Off, On, Off, Off, Off, Off, Rich
213.859, 725, 1,22, 80, 68, 0, 13,7, 0,34, 2,96, 6, 37, 100, 1,79, Off, Off, Off, Off, On, Off, On, Off, Off, Off, Off, Rich
213.921, 712, 1,22, 80, 70, 0, 13,9, 0,34, 3,02, 7, 37, 100, 1,79, Off, Off, Off, Off, On, Off, On, Off, Off, Off, Off, Rich
213.968, 712, 1,22, 80, 68, 0, 13,8, 0,34, 3,05, 7, 37, 100, 1,81, Off, Off, Off, Off, On, Off, On, Off, Off, Off, Off, Rich
214.046, 675, 1,22, 80, 68, 0, 13,8, 0,34, 2,98, 7, 37, 100, 1,68, Off, Off, Off, Off, On, Off, On, Off, Off, Off, Off, Rich
214.093, 712, 1,22, 80, 68, 0, 13,8, 0,34, 3,01, 5, 37, 100, 1,79, Off, Off, Off, Off, On, Off, On, Off, Off, Off, Off, Rich
214.140, 712, 1,22, 80, 66, 0, 13,8, 0,34, 3,01, 7, 37, 100, 1,79, Off, Off, Off, Off, On, Off, On, Off, Off, Off, Off, Rich
214.203, 738, 1,21, 80, 66, 0, 13,8, 0,34, 2,98, 6, 37, 100, 1,83, Off, Off, Off, Off, On, Off, On, Off, Off, Off, Off, Rich
214.250, 712, 1,22, 80, 68, 0, 13,8, 0,34, 2,99, 5, 37, 100, 1,77, Off, Off, Off, Off, On, Off, On, Off, Off, Off, Off, Rich
214.296, 725, 1,23, 80, 65, 0, 13,7, 0,34, 3,03, 7, 37, 100, 1,83, Off, Off, Off, Off, On, Off, On, Off, Off, Off, Off, Rich
214.359, 688, 1,21, 80, 65, 0, 13,8, 0,34, 3, 7, 37, 100, 1,72, Off, Off, Off, Off, On, Off, On, Off, Off, Off, Off, Rich
214.406, 712, 1,22, 80, 63, 0, 13,8, 0,34, 3,03, 7, 37, 100, 1,8, Off, Off, Off, Off, On, Off, On, Off, Off, Off, Off, Rich
214.453, 688, 1,22, 80, 63, 0, 13,8, 0,34, 3,04, 7, 37, 100, 1,74, Off, Off, Off, Off, On, Off, On, Off, Off, Off, Off, Rich
214.515, 712, 1,2, 80, 62, 0, 13,8, 0,34, 2,97, 11, 37, 100, 1,76, Off, Off, Off, Off, On, Off, On, Off, Off, Off, Off, Rich
214.562, 675, 1,22, 80, 61, 0, 13,8, 0,34, 3,05, 11, 37, 100, 1,72, Off, Off, Off, Off, On, Off, On, Off, Off, Off, Off, Rich
214.625, 712, 1,22, 80, 61, 0, 13,8, 0,34, 2,95, 9, 37, 100, 1,75, Off, Off, Off, Off, On, Off, On, Off, Off, Off, Off, Rich
214.671, 688, 1,2, 80, 60, 0, 13,8, 0,34, 3, 7, 37, 100, 1,72, Off, Off, Off, Off, On, Off, On, Off, Off, Off, Off, Rich
214.750, 725, 1,21, 80, 59, 0, 13,8, 0,34, 3, 7, 37, 100, 1,81, Off, Off, Off, Off, On, Off, On, Off, Off, Off, Off, Rich
214.796, 688, 1,22, 80, 59, 0, 13,8, 0,34, 2,97, 7, 37, 100, 1,7, Off, Off, Off, Off, On, Off, On, Off, Off, Off, Off, Rich
214.859, 688, 1,2, 80, 59, 0, 13,8, 0,34, 2,94, 6, 36, 100, 1,69, Off, Off, Off, Off, On, Off, On, Off, Off, Off, Off, Rich
214.906, 688, 1,21, 80, 59, 0, 13,8, 0,34, 2,97, 7, 36, 100, 1,7, Off, Off, Off, Off, On, Off, On, Off, Off, Off, Off, Rich
214.968, 712, 1,22, 80, 59, 0, 13,8, 0,34, 2,9, 6, 36, 100, 1,72, Off, Off, Off, Off, On, Off, On, Off, Off, Off, Off, Rich
215.015, 688, 1,2, 80, 57, 0, 13,8, 0,34, 2,95, 7, 36, 100, 1,69, Off, Off, Off, Off, On, Off, On, Off, Off, Off, Off, Rich
215.078, 712, 1,2, 80, 54, 0, 13,8, 0,34, 2,94, 7, 36, 100, 1,74, Off, Off, Off, Off, On, Off, On, Off, Off, Off, Off, Rich
215.125, 675, 1,22, 80, 54, 0, 13,8, 0,34, 2,94, 7, 36, 100, 1,65, Off, Off, Off, Off, On, Off, On, Off, Off, Off, Off, Rich
215.187, 712, 1,21, 80, 46, 0, 13,7, 0,34, 2,94, 6, 36, 100, 1,74, Off, Off, Off, Off, On, Off, On, Off, Off, Off, Off, Rich
215.234, 675, 1,21, 80, 33, 0, 13,8, 0,34, 2,95, 7, 36, 100, 1,66, Off, Off, Off, Off, On, Off, On, Off, Off, Off, Off, Rich
215.296, 725, 1,2, 80, 33, 0, 13,6, 0,34, 2,96, 7, 36, 98, 1,79, Off, Off, Off, Off, On, Off, On, Off, Off, Off, Off, Lean
215.343, 675, 1,2, 80, 22, 0, 13,9, 0,34, 3,01, 7, 36, 98, 1,69, Off, Off, Off, Off, On, Off, On, Off, Off, Off, Off, Lean
215.406, 712, 1,22, 80, 22, 0, 13,7, 0,34, 2,95, 7, 36, 98, 1,75, Off, Off, Off, Off, On, Off, On, Off, Off, Off, Off, Lean
215.468, 712, 1,21, 80, 14, 0, 13,9, 0,34, 2,97, 7, 36, 98, 1,76, Off, Off, Off, Off, On, Off, On, Off, Off, Off, Off, Lean
215.531, 725, 1,2, 80, 8, 0, 13,8, 0,34, 2,98, 6, 36, 98, 1,8, Off, Off, Off, Off, On, Off, On, Off, Off, Off, Off, Lean
215.578, 688, 1,21, 80, 3, 0, 13,8, 0,34, 3, 7, 36, 98, 1,72, Off, Off, Off, Off, On, Off, On, Off, Off, Off, Off, Lean
215.640, 725, 1,2, 80, 3, 0, 13,8, 0,34, 2,96, 6, 36, 98, 1,79, Off, Off, Off, Off, On, Off, On, Off, Off, Off, Off, Lean
215.687, 712, 1,2, 80, 0, 0, 13,9, 0,34, 2,99, 7, 36, 98, 1,77, Off, Off, Off, Off, On, Off, On, Off, Off, Off, Off, Lean
215.734, 738, 1,22, 80, 0, 0, 13,5, 0,34, 2,97, 7, 36, 98, 1,83, Off, Off, Off, Off, On, Off, On, Off, Off, Off, Off, Lean
215.796, 688, 1,2, 80, 0, 0, 13,6, 0,34, 2,94, 6, 36, 98, 1,69, Off, Off, Off, Off, On, Off, On, Off, Off, Off, Off, Lean
215.843, 688, 1,2, 80, 0, 0, 13,6, 0,34, 3,02, 9, 36, 98, 1,73, Off, Off, Off, Off, On, Off, On, Off, Off, Off, Off, Lean
215.890, 688, 1,2, 80, 0, 0, 13,7, 0,34, 3,03, 11, 36, 98, 1,74, Off, Off, Off, Off, On, Off, On, Off, Off, Off, Off, Lean
215.953, 688, 1,2, 80, 0, 0, 13,7, 0,34, 3, 10, 36, 98, 1,72, Off, Off, Off, Off, On, Off, On, Off, Off, Off, Off, Lean
216.000, 688, 1,2, 80, 0, 0, 13,7, 0,34, 3,06, 13, 36, 98, 1,75, Off, Off, Off, Off, On, Off, On, Off, Off, Off, Off, Lean
216.046, 675, 1,2, 80, 0, 0, 13,8, 0,34, 3,02, 12, 36, 98, 1,7, Off, Off, Off, Off, On, Off, On, Off, Off, Off, Off, Lean
216.125, 675, 1,19, 80, 0, 0, 13,2, 0,34, 3,06, 10, 36, 98, 1,72, Off, Off, Off, Off, On, Off, On, Off, Off, Off, Off, Lean
216.171, 675, 1,2, 80, 0, 0, 13,7, 0,34, 3, 8, 36, 98, 1,69, Off, Off, Off, Off, On, Off, On, Off, Off, Off, Off, Lean
216.218, 688, 1,19, 80, 0, 0, 13,7, 0,34, 3,02, 11, 36, 98, 1,73, Off, Off, Off, Off, On, Off, On, Off, Off, Off, Off, Lean
216.281, 688, 1,2, 80, 0, 0, 13,8, 0,34, 2,98, 10, 36, 98, 1,71, Off, Off, Off, Off, On, Off, On, Off, Off, Off, Off, Lean
216.328, 712, 1,2, 80, 0, 0, 13,8, 0,34, 2,96, 11, 36, 98, 1,76, Off, Off, Off, Off, On, Off, On, Off, Off, Off, Off, Lean
216.375, 712, 1,19, 80, 0, 0, 13,8, 0,34, 2,96, 9, 36, 98, 1,76, Off, Off, Off, Off, On, Off, On, Off, Off, Off, Off, Lean
216.421, 712, 1,2, 80, 0, 0, 13,8, 0,34, 2,98, 7, 36, 98, 1,77, Off, Off, Off, Off, On, Off, On, Off, Off, Off, Off, Lean
216.468, 688, 1,19, 80, 0, 4, 13,7, 0,34, 2,93, 5, 36, 98, 1,68, Off, Off, Off, Off, On, Off, On, Off, Off, Off, Off, Lean
216.531, 688, 1,19, 80, 0, 4, 13,7, 0,34, 2,98, 7, 36, 98, 1,71, Off, Off, Off, Off, On, Off, On, Off, Off, Off, Off, Lean
216.578, 675, 1,2, 80, 0, 4, 13,7, 0,34, 2,97, 9, 36, 98, 1,67, Off, Off, Off, Off, On, Off, On, Off, Off, Off, Off, Lean
216.640, 688, 1,19, 80, 0, 4, 13,7, 0,34, 2,97, 8, 36, 98, 1,7, Off, Off, Off, Off, On, Off, On, Off, Off, Off, Off, Lean
216.687, 688, 1,18, 80, 0, 4, 13,7, 0,34, 3,01, 11, 36, 98, 1,73, Off, Off, Off, Off, On, Off, On, Off, Off, Off, Off, Lean
216.734, 675, 1,19, 80, 0, 4, 13,8, 0,34, 2,99, 11, 36, 98, 1,68, Off, Off, Off, Off, On, Off, On, Off, Off, Off, Off, Lean
216.796, 675, 1,19, 80, 0, 4, 13,8, 0,34, 3,03, 11, 36, 98, 1,7, Off, Off, Off, Off, On, Off, On, Off, Off, Off, Off, Lean
216.859, 675, 1,2, 80, 0, 4, 13,8, 0,34, 3, 9, 36, 98, 1,69, Off, Off, Off, Off, On, Off, On, Off, Off, Off, Off, Lean
216.921, 712, 1,19, 80, 0, 4, 13,7, 0,34, 2,98, 8, 36, 98, 1,77, Off, Off, Off, Off, On, Off, On, Off, Off, Off, Off, Lean
216.953, 688, 1,19, 80, 0, 4, 13,8, 0,34, 2,97, 10, 35, 98, 1,7, Off, Off, Off, Off, On, Off, On, Off, Off, Off, Off, Lean
217.015, 725, 1,2, 80, 0, 4, 13,8, 0,34, 2,94, 9, 35, 98, 1,78, Off, Off, Off, Off, On, Off, On, Off, Off, Off, Off, Lean
217.078, 725, 1,18, 80, 0, 4, 13,8, 0,34, 2,93, 7, 35, 98, 1,77, Off, Off, Off, Off, On, Off, On, Off, Off, Off, Off, Lean
217.125, 712, 1,2, 80, 0, 4, 13,8, 0,34, 2,96, 7, 35, 98, 1,76, Off, Off, Off, Off, On, Off, On, Off, Off, Off, Off, Lean
217.187, 688, 1,2, 80, 0, 2, 13,7, 0,34, 2,96, 11, 35, 98, 1,7, Off, Off, Off, Off, On, Off, On, Off, Off, Off, Off, Lean
217.234, 712, 1,18, 80, 0, 2, 13,6, 0,34, 3,01, 11, 35, 98, 1,79, Off, Off, Off, Off, On, Off, On, Off, Off, Off, Off, Lean
217.296, 688, 1,19, 80, 0, 2, 13,8, 0,34, 2,97, 9, 35, 98, 1,7, Off, Off, Off, Off, On, Off, On, Off, Off, Off, Off, Lean
217.343, 712, 1,19, 80, 0, 2, 13,6, 0,34, 3, 11, 35, 98, 1,78, Off, Off, Off, Off, On, Off, On, Off, Off, Off, Off, Lean
217.390, 675, 1,18, 80, 0, 2, 13,7, 0,34, 3, 11, 35, 98, 1,69, Off, Off, Off, Off, On, Off, On, Off, Off, Off, Off, Lean
217.437, 712, 1,2, 80, 0, 2, 13,7, 0,34, 3, 13, 35, 98, 1,78, Off, Off, Off, Off, On, Off, On, Off, Off, Off, Off, Lean
217.484, 675, 1,18, 80, 0, 2, 13,8, 0,34, 2,99, 11, 35, 98, 1,68, Off, Off, Off, Off, On, Off, On, Off, Off, Off, Off, Lean
217.562, 675, 1,18, 80, 0, 2, 13,8, 0,34, 2,96, 10, 35, 98, 1,66, Off, Off, Off, Off, On, Off, On, Off, Off, Off, Off, Lean
217.609, 712, 1,2, 80, 0, 2, 13,8, 0,34, 2,96, 11, 35, 98, 1,76, Off, Off, Off, Off, On, Off, On, Off, Off, Off, Off, Lean
217.656, 675, 1,18, 80, 0, 2, 13,8, 0,34, 3,01, 10, 35, 98, 1,69, Off, Off, Off, Off, On, Off, On, Off, Off, Off, Off, Lean
217.703, 712, 1,2, 80, 0, 2, 13,7, 0,34, 2,94, 9, 35, 98, 1,74, Off, Off, Off, Off, On, Off, On, Off, Off, Off, Off, Lean
217.750, 712, 1,18, 80, 0, 2, 13,8, 0,34, 2,96, 7, 35, 98, 1,76, Off, Off, Off, Off, On, Off, On, Off, Off, Off, Off, Lean
217.828, 712, 1,19, 80, 0, 2, 13,7, 0,34, 3,02, 11, 35, 98, 1,79, Off, Off, Off, Off, On, Off, On, Off, Off, Off, Off, Lean
217.875, 675, 1,19, 80, 0, 2, 13,7, 0,34, 2,96, 8, 35, 98, 1,66, Off, Off, Off, Off, On, Off, On, Off, Off, Off, Off, Lean
217.921, 712, 1,18, 80, 0, 2, 13,6, 0,34, 2,94, 7, 35, 98, 1,74, Off, Off, Off, Off, On, Off, On, Off, Off, Off, Off, Lean
217.984, 675, 1,19, 80, 0, 2, 13,6, 0,34, 2,96, 7, 35, 98, 1,66, Off, Off, Off, Off, On, Off, On, Off, Off, Off, Off, Lean
218.031, 712, 1,19, 80, 0, 2, 13,7, 0,34, 2,94, 11, 35, 98, 1,74, Off, Off, Off, Off, On, Off, On, Off, Off, Off, Off, Lean
218.078, 675, 1,17, 80, 0, 2, 13,7, 0,34, 3,02, 11, 35, 98, 1,7, Off, Off, Off, Off, On, Off, On, Off, Off, Off, Off, Lean
218.140, 688, 1,18, 80, 0, 2, 13,8, 0,34, 3, 11, 35, 98, 1,72, Off, Off, Off, Off, On, Off, On, Off, Off, Off, Off, Lean
218.187, 688, 1,18, 80, 0, 2, 13,7, 0,34, 2,98, 10, 35, 98, 1,71, Off, Off, Off, Off, On, Off, On, Off, Off, Off, Off, Lean
218.250, 675, 1,17, 80, 0, 2, 13,8, 0,34, 2,93, 10, 35, 98, 1,65, Off, Off, Off, Off, On, Off, On, Off, Off, Off, Off, Lean
218.312, 712, 1,18, 80, 0, 2, 13,8, 0,34, 2,96, 8, 35, 98, 1,76, Off, Off, Off, Off, On, Off, On, Off, Off, Off, Off, Lean
218.359, 688, 1,18, 80, 0, 2, 13,8, 0,34, 2,92, 7, 35, 98, 1,67, Off, Off, Off, Off, On, Off, On, Off, Off, Off, Off, Lean
218.421, 688, 1,18, 80, 0, 2, 13,8, 0,34, 2,96, 7, 35, 98, 1,7, Off, Off, Off, Off, On, Off, On, Off, Off, Off, Off, Lean
218.468, 688, 1,18, 80, 0, 2, 13,8, 0,34, 2,94, 10, 35, 98, 1,69, Off, Off, Off, Off, On, Off, On, Off, Off, Off, Off, Lean
218.531, 712, 1,18, 80, 0, 2, 13,8, 0,34, 2,92, 8, 35, 98, 1,73, Off, Off, Off, Off, On, Off, On, Off, Off, Off, Off, Lean
218.578, 688, 1,18, 80, 0, 0, 13,6, 0,34, 2,91, 6, 35, 98, 1,67, Off, Off, Off, Off, On, Off, On, Off, Off, Off, Off, Lean
218.640, 712, 1,18, 80, 0, 0, 13,6, 0,34, 2,94, 9, 35, 98, 1,74, Off, Off, Off, Off, On, Off, On, Off, Off, Off, Off, Lean
218.687, 688, 1,18, 80, 0, 0, 13,7, 0,34, 2,98, 11, 34, 98, 1,71, Off, Off, Off, Off, On, Off, On, Off, Off, Off, Off, Lean
218.750, 675, 1,18, 80, 0, 0, 13,7, 0,34, 2,95, 10, 34, 98, 1,66, Off, Off, Off, Off, On, Off, On, Off, Off, Off, Off, Lean
218.796, 688, 1,18, 80, 0, 0, 13,7, 0,34, 3, 11, 34, 98, 1,72, Off, Off, Off, Off, On, Off, On, Off, Off, Off, Off, Lean
218.843, 662, 1,17, 80, 0, 0, 13,7, 0,34, 2,99, 11, 34, 98, 1,65, Off, Off, Off, Off, On, Off, On, Off, Off, Off, Off, Lean
218.906, 688, 1,18, 80, 0, 0, 13,5, 0,34, 3, 11, 34, 98, 1,72, Off, Off, Off, Off, On, Off, On, Off, Off, Off, Off, Lean
218.968, 675, 1,18, 80, 1, 0, 13,8, 0,34, 2,99, 11, 34, 98, 1,68, Off, Off, Off, Off, On, Off, On, Off, Off, Off, Off, Lean
219.015, 675, 1,18, 80, 7, 0, 13,8, 0,34, 3,02, 13, 34, 98, 1,7, Off, Off, Off, Off, On, Off, On, Off, Off, Off, Off, Lean
219.078, 675, 1,18, 80, 13, 0, 13,8, 0,34, 2,94, 11, 34, 98, 1,65, Off, Off, Off, Off, On, Off, On, Off, Off, Off, Off, Lean
219.125, 688, 1,17, 80, 13, 0, 13,8, 0,34, 2,93, 10, 34, 98, 1,68, Off, Off, Off, Off, On, Off, On, Off, Off, Off, Off, Lean
219.171, 712, 1,18, 80, 29, 0, 13,8, 0,34, 2,95, 10, 34, 98, 1,75, Off, Off, Off, Off, On, Off, On, Off, Off, Off, Off, Lean
219.234, 712, 1,18, 80, 29, 0, 13,8, 0,34, 2,92, 8, 34, 98, 1,73, Off, Off, Off, Off, On, Off, On, Off, Off, Off, Off, Lean
219.281, 725, 1,17, 80, 50, 0, 13,6, 0,34, 2,93, 7, 34, 98, 1,77, Off, Off, Off, Off, On, Off, On, Off, Off, Off, Off, Rich
219.312, 688, 1,18, 80, 63, 0, 13,7, 0,34, 2,9, 7, 34, 98, 1,66, Off, Off, Off, Off, On, Off, On, Off, Off, Off, Off, Rich
219.390, 688, 1,17, 80, 63, 0, 13,7, 0,34, 2,94, 11, 34, 98, 1,69, Off, Off, Off, Off, On, Off, On, Off, Off, Off, Off, Rich
219.437, 675, 1,16, 80, 67, 0, 13,7, 0,34, 2,9, 9, 34, 98, 1,63, Off, Off, Off, Off, On, Off, On, Off, Off, Off, Off, Rich
219.500, 688, 1,18, 80, 67, 0, 13,7, 0,34, 2,84, 8, 34, 98, 1,63, Off, Off, Off, Off, On, Off, On, Off, Off, Off, Off, Rich
219.546, 675, 1,17, 80, 69, 0, 13,7, 0,34, 2,93, 12, 34, 98, 1,65, Off, Off, Off, Off, On, Off, On, Off, Off, Off, Off, Rich
219.593, 662, 1,18, 80, 69, 0, 13,7, 0,34, 2,94, 11, 34, 98, 1,62, Off, Off, Off, Off, On, Off, On, Off, Off, Off, Off, Rich
219.671, 662, 1,16, 80, 69, 0, 13,8, 0,34, 2,89, 11, 34, 98, 1,59, Off, Off, Off, Off, On, Off, On, Off, Off, Off, Off, Rich
219.703, 675, 1,16, 80, 69, 0, 13,8, 0,34, 2,94, 11, 34, 98, 1,65, Off, Off, Off, Off, On, Off, On, Off, Off, Off, Off, Rich
219.765, 688, 1,18, 80, 69, 0, 13,8, 0,34, 2,92, 13, 34, 98, 1,67, Off, Off, Off, Off, On, Off, On, Off, Off, Off, Off, Rich
219.812, 675, 1,16, 80, 69, 0, 13,8, 0,34, 2,93, 11, 34, 98, 1,65, Off, Off, Off, Off, On, Off, On, Off, Off, Off, Off, Rich
219.875, 688, 1,18, 80, 70, 0, 13,8, 0,34, 2,86, 10, 34, 98, 1,64, Off, Off, Off, Off, On, Off, On, Off, Off, Off, Off, Rich
219.921, 675, 1,18, 80, 70, 0, 13,8, 0,34, 2,92, 13, 34, 98, 1,64, Off, Off, Off, Off, On, Off, On, Off, Off, Off, Off, Rich
219.968, 675, 1,16, 80, 71, 0, 13,8, 0,34, 2,9, 11, 34, 98, 1,63, Off, Off, Off, Off, On, Off, On, Off, Off, Off, Off, Rich
220.031, 712, 1,18, 80, 71, 0, 13,6, 0,34, 2,81, 10, 34, 98, 1,67, Off, Off, Off, Off, On, Off, On, Off, Off, Off, Off, Rich
220.078, 662, 1,18, 80, 72, 0, 13,7, 0,34, 2,88, 11, 34, 98, 1,59, Off, Off, Off, Off, On, Off, On, Off, Off, Off, Off, Rich
220.125, 688, 1,17, 80, 69, 0, 13,6, 0,34, 2,94, 11, 34, 98, 1,69, Off, Off, Off, Off, On, Off, On, Off, Off, Off, Off, Rich
220.187, 675, 1,18, 80, 69, 0, 13,7, 0,34, 2,89, 11, 34, 98, 1,63, Off, Off, Off, Off, On, Off, On, Off, Off, Off, Off, Rich
220.234, 675, 1,17, 80, 69, 0, 13,7, 0,34, 2,93, 11, 34, 98, 1,65, Off, Off, Off, Off, On, Off, On, Off, Off, Off, Off, Rich
220.281, 688, 1,18, 80, 65, 0, 13,7, 0,34, 2,94, 13, 34, 98, 1,69, Off, Off, Off, Off, On, Off, On, Off, Off, Off, Off, Rich
220.359, 688, 1,16, 80, 65, 0, 13,7, 0,34, 2,94, 13, 34, 98, 1,69, Off, Off, Off, Off, On, Off, On, Off, Off, Off, Off, Rich
220.421, 688, 1,18, 80, 64, 0, 13,7, 0,34, 2,95, 13, 34, 98, 1,69, Off, Off, Off, Off, On, Off, On, Off, Off, Off, Off, Rich
220.468, 662, 1,18, 80, 63, 0, 13,8, 0,34, 2,94, 11, 34, 98, 1,62, Off, Off, Off, Off, On, Off, On, Off, Off, Off, Off, Rich
220.500, 688, 1,16, 80, 63, 0, 13,8, 0,34, 2,96, 13, 34, 98, 1,7, Off, Off, Off, Off, On, Off, On, Off, Off, Off, Off, Rich
220.578, 675, 1,18, 80, 65, 0, 13,8, 0,34, 2,95, 11, 34, 98, 1,66, Off, Off, Off, Off, On, Off, On, Off, Off, Off, Off, Rich
220.625, 675, 1,18, 80, 65, 0, 13,8, 0,34, 2,89, 11, 34, 98, 1,63, Off, Off, Off, Off, On, Off, On, Off, Off, Off, Off, Rich
220.671, 688, 1,17, 80, 65, 0, 13,8, 0,34, 2,93, 11, 34, 98, 1,68, Off, Off, Off, Off, On, Off, On, Off, Off, Off, Off, Rich
220.718, 688, 1,18, 80, 65, 0, 13,7, 0,34, 2,87, 11, 34, 98, 1,65, Off, Off, Off, Off, On, Off, On, Off, Off, Off, Off, Rich
220.781, 712, 1,16, 80, 66, 0, 13,5, 0,34, 2,95, 11, 34, 98, 1,75, Off, Off, Off, Off, On, Off, On, Off, Off, Off, Off, Rich
220.828, 675, 1,17, 80, 66, 0, 13,8, 0,34, 2,93, 11, 34, 98, 1,65, Off, Off, Off, Off, On, Off, On, Off, Off, Off, Off, Rich
220.875, 688, 1,18, 80, 66, 0, 13,8, 0,34, 2,88, 13, 34, 98, 1,65, Off, Off, Off, Off, On, Off, On, Off, Off, Off, Off, Rich
220.937, 675, 1,16, 80, 65, 0, 13,7, 0,34, 2,93, 11, 34, 98, 1,65, Off, Off, Off, Off, On, Off, On, Off, Off, Off, Off, Rich
220.984, 688, 1,18, 80, 65, 0, 13,5, 0,34, 2,89, 11, 34, 98, 1,66, Off, Off, Off, Off, On, Off, On, Off, Off, Off, Off, Rich
221.031, 675, 1,16, 80, 63, 0, 13,7, 0,34, 2,94, 13, 34, 98, 1,65, Off, Off, Off, Off, On, Off, On, Off, Off, Off, Off, Rich
221.109, 662, 1,18, 80, 62, 0, 13,7, 0,34, 2,94, 13, 34, 98, 1,62, Off, Off, Off, Off, On, Off, On, Off, Off, Off, Off, Rich
221.156, 675, 1,18, 80, 62, 0, 13,8, 0,34, 2,89, 13, 34, 98, 1,63, Off, Off, Off, Off, On, Off, On, Off, Off, Off, Off, Rich
221.203, 675, 1,16, 80, 62, 0, 13,7, 0,34, 2,91, 12, 34, 98, 1,64, Off, Off, Off, Off, On, Off, On, Off, Off, Off, Off, Rich
221.265, 675, 1,17, 80, 62, 0, 13,8, 0,34, 2,85, 11, 34, 98, 1,6, Off, Off, Off, Off, On, Off, On, Off, Off, Off, Off, Rich
221.312, 688, 1,17, 80, 65, 0, 13,8, 0,34, 2,89, 11, 34, 98, 1,66, Off, Off, Off, Off, On, Off, On, Off, Off, Off, Off, Rich
221.359, 675, 1,18, 80, 63, 0, 13,8, 0,34, 2,91, 11, 34, 98, 1,64, Off, Off, Off, Off, On, Off, On, Off, Off, Off, Off, Rich
221.421, 712, 1,18, 80, 63, 0, 13,8, 0,34, 2,82, 11, 34, 98, 1,67, Off, Off, Off, Off, On, Off, On, Off, Off, Off, Off, Rich
221.468, 675, 1,16, 80, 63, 0, 13,6, 0,34, 2,84, 11, 34, 98, 1,6, Off, Off, Off, Off, On, Off, On, Off, Off, Off, Off, Rich
221.515, 675, 1,17, 80, 61, 0, 13,7, 0,34, 2,91, 10, 34, 98, 1,64, Off, Off, Off, Off, On, Off, On, Off, Off, Off, Off, Rich
221.578, 662, 1,16, 80, 61, 0, 13,7, 0,34, 2,84, 11, 34, 98, 1,57, Off, Off, Off, Off, On, Off, On, Off, Off, Off, Off, Rich
221.625, 662, 1,16, 80, 58, 0, 13,7, 0,34, 2,91, 13, 34, 98, 1,61, Off, Off, Off, Off, On, Off, On, Off, Off, Off, Off, Rich
221.671, 675, 1,18, 80, 58, 0, 13,7, 0,34, 2,9, 13, 34, 98, 1,63, Off, Off, Off, Off, On, Off, On, Off, Off, Off, Off, Rich
221.734, 662, 1,16, 80, 47, 0, 13,7, 0,34, 2,91, 13, 34, 98, 1,61, Off, Off, Off, Off, On, Off, On, Off, Off, Off, Off, Rich
221.812, 650, 1,17, 80, 33, 0, 13,8, 0,34, 2,9, 13, 34, 98, 1,57, Off, Off, Off, Off, On, Off, On, Off, Off, Off, Off, Rich
221.859, 688, 1,18, 80, 33, 0, 13,8, 0,34, 2,94, 13, 34, 99, 1,69, Off, Off, Off, Off, On, Off, On, Off, Off, Off, Off, Lean
221.906, 662, 1,16, 80, 21, 0, 13,8, 0,34, 2,98, 13, 34, 99, 1,64, Off, Off, Off, Off, On, Off, On, Off, Off, Off, Off, Lean
221.968, 675, 1,18, 80, 21, 0, 13,8, 0,34, 2,96, 13, 34, 99, 1,66, Off, Off, Off, Off, On, Off, On, Off, Off, Off, Off, Lean
222.015, 688, 1,17, 80, 15, 0, 13,8, 0,34, 2,92, 11, 34, 99, 1,67, Off, Off, Off, Off, On, Off, On, Off, Off, Off, Off, Lean
222.062, 675, 1,18, 80, 10, 0, 13,8, 0,34, 2,89, 10, 34, 99, 1,63, Off, Off, Off, Off, On, Off, On, Off, Off, Off, Off, Lean
222.125, 688, 1,18, 80, 7, 0, 13,8, 0,34, 2,96, 11, 34, 99, 1,7, Off, Off, Off, Off, On, Off, On, Off, Off, Off, Off, Lean
222.171, 675, 1,16, 80, 7, 0, 13,7, 0,34, 2,94, 11, 34, 99, 1,65, Off, Off, Off, Off, On, Off, On, Off, Off, Off, Off, Lean
222.234, 688, 1,18, 80, 7, 0, 13,5, 0,34, 2,87, 10, 34, 99, 1,65, Off, Off, Off, Off, On, Off, On, Off, Off, Off, Off, Lean
222.281, 662, 1,16, 80, 5, 0, 13,7, 0,34, 2,9, 11, 34, 99, 1,6, Off, Off, Off, Off, On, Off, On, Off, Off, Off, Off, Lean
222.328, 712, 1,17, 80, 4, 0, 13,7, 0,34, 2,94, 11, 34, 99, 1,74, Off, Off, Off, Off, On, Off, On, Off, Off, Off, Off, Lean
222.375, 675, 1,17, 80, 4, 0, 13,7, 0,34, 2,93, 11, 34, 99, 1,65, Off, Off, Off, Off, On, Off, On, Off, Off, Off, Off, Lean
222.421, 675, 1,16, 80, 3, 0, 13,8, 0,34, 2,94, 11, 34, 99, 1,65, Off, Off, Off, Off, On, Off, On, Off, Off, Off, Off, Lean
222.468, 675, 1,18, 80, 3, 0, 13,7, 0,34, 2,98, 11, 34, 99, 1,68, Off, Off, Off, Off, On, Off, On, Off, Off, Off, Off, Lean
222.546, 675, 1,16, 80, 3, 0, 13,8, 0,34, 2,97, 13, 34, 99, 1,67, Off, Off, Off, Off, On, Off, On, Off, Off, Off, Off, Lean
222.609, 688, 1,17, 80, 2, 0, 13,7, 0,34, 2,96, 12, 34, 99, 1,7, Off, Off, Off, Off, On, Off, On, Off, Off, Off, Off, Lean
222.656, 662, 1,18, 80, 3, 0, 13,8, 0,34, 2,96, 11, 34, 99, 1,63, Off, Off, Off, Off, On, Off, On, Off, Off, Off, Off, Lean
222.703, 688, 1,16, 80, 3, 0, 13,8, 0,34, 2,94, 11, 34, 99, 1,69, Off, Off, Off, Off, On, Off, On, Off, Off, Off, Off, Lean
222.765, 688, 1,18, 80, 3, 0, 13,8, 0,34, 2,89, 10, 34, 99, 1,66, Off, Off, Off, Off, On, Off, On, Off, Off, Off, Off, Lean
222.812, 688, 1,18, 80, 3, 0, 13,8, 0,34, 2,85, 8, 34, 99, 1,63, Off, Off, Off, Off, On, Off, On, Off, Off, Off, Off, Lean
222.859, 688, 1,17, 80, 4, 0, 13,8, 0,34, 2,94, 10, 34, 99, 1,69, Off, Off, Off, Off, On, Off, On, Off, Off, Off, Off, Lean
222.921, 675, 1,17, 80, 8, 0, 13,7, 0,34, 2,91, 8, 34, 99, 1,64, Off, Off, Off, Off, On, Off, On, Off, Off, Off, Off, Lean
222.968, 688, 1,16, 80, 8, 0, 13,7, 0,34, 2,92, 11, 34, 99, 1,67, Off, Off, Off, Off, On, Off, On, Off, Off, Off, Off, Lean
223.015, 675, 1,16, 80, 19, 0, 13,7, 0,34, 2,96, 11, 34, 99, 1,66, Off, Off, Off, Off, On, Off, On, Off, Off, Off, Off, Lean
223.078, 688, 1,18, 80, 19, 0, 13,5, 0,34, 2,93, 11, 34, 99, 1,68, Off, Off, Off, Off, On, Off, On, Off, Off, Off, Off, Lean
223.125, 688, 1,16, 80, 28, 0, 13,7, 0,34, 2,97, 11, 34, 99, 1,7, Off, Off, Off, Off, On, Off, On, Off, Off, Off, Off, Lean
223.187, 662, 1,18, 80, 35, 0, 13,7, 0,34, 3, 13, 34, 99, 1,65, Off, Off, Off, Off, On, Off, On, Off, Off, Off, Off, Lean
223.250, 688, 1,16, 80, 35, 0, 13,8, 0,34, 2,93, 13, 34, 99, 1,68, Off, Off, Off, Off, On, Off, On, Off, Off, Off, Off, Lean
223.296, 662, 1,16, 80, 38, 0, 13,8, 0,34, 2,96, 11, 34, 99, 1,63, Off, Off, Off, Off, On, Off, On, Off, Off, Off, Off, Lean
223.359, 688, 1,18, 80, 38, 0, 13,8, 0,34, 2,93, 11, 34, 99, 1,68, Off, Off, Off, Off, On, Off, On, Off, Off, Off, Off, Lean
223.406, 712, 1,17, 80, 45, 0, 13,8, 0,34, 2,9, 13, 34, 99, 1,72, Off, Off, Off, Off, On, Off, On, Off, Off, Off, Off, Lean
223.468, 675, 1,18, 80, 54, 0, 13,8, 0,34, 2,97, 12, 34, 99, 1,67, Off, Off, Off, Off, On, Off, On, Off, Off, Off, Off, Lean
223.515, 712, 1,18, 80, 54, 0, 13,8, 0,34, 2,83, 10, 34, 98, 1,68, Off, Off, Off, Off, On, Off, On, Off, Off, Off, Off, Rich
223.562, 675, 1,17, 80, 63, 0, 13,8, 0,34, 2,92, 11, 34, 98, 1,64, Off, Off, Off, Off, On, Off, On, Off, Off, Off, Off, Rich
223.625, 712, 1,18, 80, 63, 0, 13,6, 0,34, 2,9, 10, 34, 98, 1,72, Off, Off, Off, Off, On, Off, On, Off, Off, Off, Off, Rich
223.671, 662, 1,16, 80, 66, 0, 13,7, 0,34, 2,83, 7, 34, 98, 1,56, Off, Off, Off, Off, On, Off, On, Off, Off, Off, Off, Rich
223.718, 675, 1,17, 80, 69, 0, 13,7, 0,34, 2,92, 11, 34, 98, 1,64, Off, Off, Off, Off, On, Off, On, Off, Off, Off, Off, Rich
223.781, 675, 1,18, 80, 69, 0, 13,7, 0,34, 2,91, 11, 34, 98, 1,64, Off, Off, Off, Off, On, Off, On, Off, Off, Off, Off, Rich
223.828, 675, 1,16, 80, 69, 0, 13,7, 0,34, 2,92, 11, 34, 98, 1,64, Off, Off, Off, Off, On, Off, On, Off, Off, Off, Off, Rich
223.890, 662, 1,18, 80, 69, 0, 13,8, 0,34, 2,94, 13, 34, 98, 1,62, Off, Off, Off, Off, On, Off, On, Off, Off, Off, Off, Rich
223.953, 675, 1,16, 80, 69, 0, 13,8, 0,34, 2,93, 13, 34, 98, 1,65, Off, Off, Off, Off, On, Off, On, Off, Off, Off, Off, Rich
224.000, 675, 1,16, 80, 66, 0, 13,8, 0,34, 2,92, 13, 34, 98, 1,64, Off, Off, Off, Off, On, Off, On, Off, Off, Off, Off, Rich
224.046, 688, 1,18, 80, 66, 0, 13,7, 0,34, 2,9, 13, 34, 98, 1,66, Off, Off, Off, Off, On, Off, On, Off, Off, Off, Off, Rich
224.109, 688, 1,17, 80, 65, 0, 13,8, 0,34, 2,86, 11, 34, 98, 1,64, Off, Off, Off, Off, On, Off, On, Off, Off, Off, Off, Rich
224.156, 688, 1,17, 80, 65, 0, 13,8, 0,34, 2,93, 11, 34, 98, 1,68, Off, Off, Off, Off, On, Off, On, Off, Off, Off, Off, Rich
224.203, 675, 1,16, 80, 65, 0, 13,8, 0,34, 2,8, 10, 34, 98, 1,57, Off, Off, Off, Off, On, Off, On, Off, Off, Off, Off, Rich
224.250, 712, 1,17, 80, 67, 0, 13,8, 0,34, 2,92, 11, 34, 98, 1,73, Off, Off, Off, Off, On, Off, On, Off, Off, Off, Off, Rich
224.296, 675, 1,17, 80, 67, 0, 13,8, 0,34, 2,89, 11, 34, 98, 1,63, Off, Off, Off, Off, On, Off, On, Off, Off, Off, Off, Rich
224.343, 675, 1,16, 80, 65, 0, 13,7, 0,34, 2,86, 9, 34, 98, 1,61, Off, Off, Off, Off, On, Off, On, Off, Off, Off, Off, Rich
224.406, 675, 1,17, 80, 64, 0, 13,6, 0,34, 2,9, 11, 34, 98, 1,63, Off, Off, Off, Off, On, Off, On, Off, Off, Off, Off, Rich
224.453, 662, 1,17, 80, 64, 0, 13,7, 0,34, 2,88, 13, 34, 98, 1,59, Off, Off, Off, Off, On, Off, On, Off, Off, Off, Off, Rich
224.500, 688, 1,16, 80, 62, 0, 13,6, 0,34, 2,9, 12, 34, 98, 1,66, Off, Off, Off, Off, On, Off, On, Off, Off, Off, Off, Rich
224.578, 675, 1,17, 80, 62, 0, 13,7, 0,34, 2,85, 11, 34, 98, 1,6, Off, Off, Off, Off, On, Off, On, Off, Off, Off, Off, Rich
224.625, 675, 1,16, 80, 60, 0, 13,8, 0,34, 2,9, 11, 34, 98, 1,63, Off, Off, Off, Off, On, Off, On, Off, Off, Off, Off, Rich
224.671, 675, 1,18, 80, 43, 0, 13,8, 0,34, 2,9, 13, 34, 98, 1,63, Off, Off, Off, Off, On, Off, On, Off, Off, Off, Off, Rich
224.734, 662, 1,18, 80, 43, 0, 13,9, 0,34, 2,87, 12, 34, 98, 1,58, Off, Off, Off, Off, On, Off, On, Off, Off, Off, Off, Rich
224.781, 712, 1,17, 80, 22, 0, 13,8, 0,34, 2,84, 11, 34, 98, 1,69, Off, Off, Off, Off, On, Off, On, Off, Off, Off, Off, Rich
224.828, 688, 1,18, 80, 9, 0, 13,8, 0,34, 2,91, 11, 34, 98, 1,67, Off, Off, Off, Off, On, Off, On, Off, Off, Off, Off, Lean
224.890, 725, 1,16, 80, 9, 0, 13,7, 0,34, 2,93, 10, 34, 98, 1,77, Off, Off, Off, Off, On, Off, On, Off, Off, Off, Off, Lean
224.937, 712, 1,17, 80, 4, 0, 13,8, 0,34, 2,89, 7, 34, 98, 1,71, Off, Off, Off, Off, On, Off, On, Off, Off, Off, Off, Lean
225.000, 712, 1,18, 80, 4, 0, 13,7, 0,34, 2,85, 7, 34, 98, 1,69, Off, Off, Off, Off, On, Off, On, Off, Off, Off, Off, Lean
225.046, 712, 1,16, 80, 1, 0, 13,7, 0,34, 2,86, 11, 34, 98, 1,7, Off, Off, Off, Off, On, Off, On, Off, Off, Off, Off, Lean
225.093, 688, 1,18, 80, 0, 0, 13,8, 0,34, 2,94, 10, 33, 98, 1,69, Off, Off, Off, Off, On, Off, On, Off, Off, Off, Off, Lean
225.156, 688, 1,17, 80, 0, 0, 13,8, 0,34, 2,85, 8, 33, 98, 1,63, Off, Off, Off, Off, On, Off, On, Off, Off, Off, Off, Lean
225.203, 675, 1,16, 80, 0, 0, 13,8, 0,34, 2,86, 11, 33, 98, 1,61, Off, Off, Off, Off, On, Off, On, Off, Off, Off, Off, Lean
225.281, 712, 1,18, 80, 0, 0, 13,7, 0,34, 2,84, 10, 33, 98, 1,69, Off, Off, Off, Off, On, Off, On, Off, Off, Off, Off, Lean
225.328, 675, 1,18, 80, 0, 0, 13,8, 0,34, 2,86, 11, 33, 98, 1,61, Off, Off, Off, Off, On, Off, On, Off, Off, Off, Off, Lean
225.375, 688, 1,16, 80, 0, 0, 13,7, 0,34, 2,94, 10, 33, 98, 1,69, Off, Off, Off, Off, On, Off, On, Off, Off, Off, Off, Lean
225.437, 675, 1,18, 80, 0, 0, 13,8, 0,34, 2,94, 11, 33, 98, 1,65, Off, Off, Off, Off, On, Off, On, Off, Off, Off, Off, Lean
225.484, 712, 1,16, 80, 0, 0, 13,8, 0,34, 2,92, 10, 33, 98, 1,73, Off, Off, Off, Off, On, Off, On, Off, Off, Off, Off, Lean
225.531, 712, 1,17, 80, 0, 0, 13,8, 0,34, 2,88, 8, 33, 98, 1,71, Off, Off, Off, Off, On, Off, On, Off, Off, Off, Off, Lean
225.593, 688, 1,18, 80, 0, 0, 13,9, 0,34, 2,85, 11, 33, 98, 1,63, Off, Off, Off, Off, On, Off, On, Off, Off, Off, Off, Lean
225.640, 688, 1,16, 80, 0, 2, 13,8, 0,34, 2,9, 10, 33, 98, 1,66, Off, Off, Off, Off, On, Off, On, Off, Off, Off, Off, Lean
225.703, 712, 1,17, 80, 0, 2, 13,9, 0,34, 2,88, 11, 33, 98, 1,71, Off, Off, Off, Off, On, Off, On, Off, Off, Off, Off, Lean
225.750, 688, 1,16, 80, 0, 2, 13,7, 0,34, 2,81, 9, 33, 98, 1,61, Off, Off, Off, Off, On, Off, On, Off, Off, Off, Off, Lean
225.796, 712, 1,16, 80, 0, 2, 13,8, 0,34, 2,88, 7, 33, 98, 1,71, Off, Off, Off, Off, On, Off, On, Off, Off, Off, Off, Lean
225.843, 688, 1,18, 80, 0, 2, 13,8, 0,34, 2,93, 11, 33, 98, 1,68, Off, Off, Off, Off, On, Off, On, Off, Off, Off, Off, Lean
225.906, 712, 1,16, 80, 0, 2, 13,5, 0,34, 2,88, 10, 33, 98, 1,71, Off, Off, Off, Off, On, Off, On, Off, Off, Off, Off, Lean
225.968, 688, 1,16, 80, 0, 2, 13,5, 0,34, 2,95, 11, 33, 98, 1,69, Off, Off, Off, Off, On, Off, On, Off, Off, Off, Off, Lean
226.015, 662, 1,16, 80, 0, 2, 13,6, 0,34, 2,94, 11, 33, 98, 1,62, Off, Off, Off, Off, On, Off, On, Off, Off, Off, Off, Lean
226.078, 675, 1,16, 80, 0, 2, 13,6, 0,34, 2,95, 13, 33, 98, 1,66, Off, Off, Off, Off, On, Off, On, Off, Off, Off, Off, Lean
226.140, 662, 1,17, 80, 0, 2, 13,8, 0,34, 2,95, 13, 33, 98, 1,63, Off, Off, Off, Off, On, Off, On, Off, Off, Off, Off, Lean
226.187, 675, 1,18, 80, 0, 2, 13,8, 0,34, 2,97, 13, 33, 98, 1,67, Off, Off, Off, Off, On, Off, On, Off, Off, Off, Off, Lean
226.234, 675, 1,16, 80, 0, 2, 13,8, 0,34, 2,96, 13, 33, 98, 1,66, Off, Off, Off, Off, On, Off, On, Off, Off, Off, Off, Lean
226.296, 662, 1,17, 80, 0, 2, 13,8, 0,34, 2,94, 13, 33, 98, 1,62, Off, Off, Off, Off, On, Off, On, Off, Off, Off, Off, Lean
226.343, 688, 1,16, 80, 0, 4, 13,8, 0,34, 2,95, 12, 33, 98, 1,69, Off, Off, Off, Off, On, Off, On, Off, Off, Off, Off, Lean
226.390, 662, 1,17, 80, 0, 4, 13,8, 0,34, 2,97, 11, 33, 98, 1,64, Off, Off, Off, Off, On, Off, On, Off, Off, Off, Off, Lean
226.453, 675, 1,16, 80, 0, 4, 13,6, 0,34, 2,94, 11, 33, 98, 1,65, Off, Off, Off, Off, On, Off, On, Off, Off, Off, Off, Lean
226.500, 675, 1,16, 80, 14, 4, 13,6, 0,34, 2,97, 11, 33, 98, 1,67, Off, Off, Off, Off, On, Off, On, Off, Off, Off, Off, Lean
226.546, 688, 1,17, 80, 14, 4, 13,7, 0,34, 2,87, 10, 33, 98, 1,65, Off, Off, Off, Off, On, Off, On, Off, Off, Off, Off, Lean
226.593, 662, 1,15, 80, 41, 4, 13,7, 0,34, 2,97, 13, 33, 98, 1,64, Off, Off, Off, Off, On, Off, On, Off, Off, Off, Off, Lean
226.656, 662, 1,17, 80, 57, 4, 13,7, 0,34, 2,98, 12, 33, 98, 1,64, Off, Off, Off, Off, On, Off, On, Off, Off, Off, Off, Lean
226.718, 688, 1,16, 80, 57, 4, 13,5, 0,34, 2,91, 11, 33, 99, 1,67, Off, Off, Off, Off, On, Off, On, Off, Off, Off, Off, Rich
226.765, 662, 1,15, 80, 61, 4, 13,7, 0,34, 2,94, 13, 33, 99, 1,62, Off, Off, Off, Off, On, Off, On, Off, Off, Off, Off, Rich
226.812, 688, 1,17, 80, 61, 4, 13,8, 0,34, 2,88, 12, 33, 99, 1,65, Off, Off, Off, Off, On, Off, On, Off, Off, Off, Off, Rich
226.875, 675, 1,16, 80, 65, 4, 13,8, 0,34, 2,92, 11, 33, 99, 1,64, Off, Off, Off, Off, On, Off, On, Off, Off, Off, Off, Rich
226.937, 688, 1,16, 80, 64, 4, 13,8, 0,34, 2,87, 10, 33, 99, 1,65, Off, Off, Off, Off, On, Off, On, Off, Off, Off, Off, Rich
226.984, 688, 1,17, 80, 63, 4, 13,8, 0,34, 2,9, 12, 33, 99, 1,66, Off, Off, Off, Off, On, Off, On, Off, Off, Off, Off, Rich
227.031, 688, 1,16, 80, 63, 4, 13,8, 0,34, 2,91, 11, 33, 99, 1,67, Off, Off, Off, Off, On, Off, On, Off, Off, Off, Off, Rich
227.093, 712, 1,18, 80, 63, 4, 13,8, 0,34, 2,81, 10, 33, 99, 1,67, Off, Off, Off, Off, On, Off, On, Off, Off, Off, Off, Rich
227.140, 675, 1,16, 80, 62, 4, 13,7, 0,34, 2,87, 11, 33, 99, 1,61, Off, Off, Off, Off, On, Off, On, Off, Off, Off, Off, Rich
227.203, 688, 1,16, 80, 61, 4, 13,5, 0,34, 2,85, 10, 33, 99, 1,63, Off, Off, Off, Off, On, Off, On, Off, Off, Off, Off, Rich
227.250, 662, 1,17, 80, 61, 4, 13,6, 0,34, 2,93, 11, 33, 99, 1,62, Off, Off, Off, Off, On, Off, On, Off, Off, Off, Off, Rich
227.296, 688, 1,16, 80, 61, 4, 13,7, 0,34, 2,88, 11, 33, 99, 1,65, Off, Off, Off, Off, On, Off, On, Off, Off, Off, Off, Rich
227.375, 675, 1,17, 80, 58, 4, 13,6, 0,34, 2,92, 13, 33, 99, 1,64, Off, Off, Off, Off, On, Off, On, Off, Off, Off, Off, Rich
227.421, 662, 1,17, 80, 58, 4, 13,7, 0,34, 2,88, 12, 33, 99, 1,59, Off, Off, Off, Off, On, Off, On, Off, Off, Off, Off, Rich
227.468, 688, 1,16, 80, 38, 4, 13,7, 0,34, 2,92, 11, 33, 99, 1,67, Off, Off, Off, Off, On, Off, On, Off, Off, Off, Off, Rich
227.531, 650, 1,17, 80, 20, 4, 13,8, 0,34, 3, 13, 33, 100, 1,62, Off, Off, Off, Off, On, Off, On, Off, Off, Off, Off, Lean
227.578, 688, 1,16, 80, 20, 4, 13,8, 0,34, 2,99, 13, 33, 100, 1,71, Off, Off, Off, Off, On, Off, On, Off, Off, Off, Off, Lean
227.625, 688, 1,16, 80, 9, 4, 13,6, 0,34, 3, 11, 33, 100, 1,72, Off, Off, Off, Off, On, Off, On, Off, Off, Off, Off, Lean
227.687, 675, 1,17, 80, 9, 4, 13,8, 0,34, 2,96, 13, 33, 100, 1,66, Off, Off, Off, Off, On, Off, On, Off, Off, Off, Off, Lean
227.734, 675, 1,16, 80, 4, 2, 13,8, 0,34, 2,92, 11, 33, 100, 1,64, Off, Off, Off, Off, On, Off, On, Off, Off, Off, Off, Lean
227.781, 675, 1,18, 80, 2, 2, 13,8, 0,34, 3, 12, 33, 100, 1,69, Off, Off, Off, Off, On, Off, On, Off, Off, Off, Off, Lean
227.843, 688, 1,16, 80, 2, 2, 13,5, 0,34, 2,98, 11, 33, 100, 1,71, Off, Off, Off, Off, On, Off, On, Off, Off, Off, Off, Lean
227.890, 688, 1,16, 80, 1, 2, 13,6, 0,34, 2,97, 11, 33, 100, 1,7, Off, Off, Off, Off, On, Off, On, Off, Off, Off, Off, Lean
227.937, 662, 1,16, 80, 1, 2, 13,6, 0,34, 2,94, 11, 33, 100, 1,62, Off, Off, Off, Off, On, Off, On, Off, Off, Off, Off, Lean
227.984, 675, 1,16, 80, 0, 2, 13,6, 0,34, 2,97, 11, 33, 100, 1,67, Off, Off, Off, Off, On, Off, On, Off, Off, Off, Off, Lean
228.031, 662, 1,17, 80, 0, 2, 13,6, 0,34, 2,99, 13, 33, 100, 1,65, Off, Off, Off, Off, On, Off, On, Off, Off, Off, Off, Lean
228.093, 675, 1,16, 80, 0, 2, 13,7, 0,34, 2,99, 12, 33, 100, 1,68, Off, Off, Off, Off, On, Off, On, Off, Off, Off, Off, Lean
228.156, 650, 1,17, 80, 0, 2, 13,7, 0,34, 3,02, 13, 33, 100, 1,64, Off, Off, Off, Off, On, Off, On, Off, Off, Off, Off, Lean
228.203, 650, 1,16, 80, 0, 2, 13,7, 0,34, 2,98, 13, 33, 100, 1,61, Off, Off, Off, Off, On, Off, On, Off, Off, Off, Off, Lean
228.250, 675, 1,17, 80, 3, 2, 13,7, 0,34, 3,02, 13, 33, 100, 1,7, Off, Off, Off, Off, On, Off, On, Off, Off, Off, Off, Lean
228.312, 662, 1,18, 80, 3, 2, 13,8, 0,34, 2,97, 12, 33, 100, 1,64, Off, Off, Off, Off, On, Off, On, Off, Off, Off, Off, Lean
228.359, 675, 1,16, 80, 13, 2, 13,8, 0,34, 3,02, 13, 33, 100, 1,7, Off, Off, Off, Off, On, Off, On, Off, Off, Off, Off, Lean
228.406, 675, 1,18, 80, 42, 2, 13,8, 0,34, 3,02, 11, 33, 100, 1,7, Off, Off, Off, Off, On, Off, On, Off, Off, Off, Off, Lean
228.468, 675, 1,17, 80, 42, 2, 13,8, 0,34, 2,96, 11, 33, 100, 1,66, Off, Off, Off, Off, On, Off, On, Off, Off, Off, Off, Lean
228.515, 688, 1,17, 80, 58, 2, 13,8, 0,34, 2,95, 10, 33, 100, 1,69, Off, Off, Off, Off, On, Off, On, Off, Off, Off, Off, Lean
228.562, 688, 1,18, 80, 58, 2, 13,8, 0,34, 2,92, 11, 33, 101, 1,67, Off, Off, Off, Off, On, Off, On, Off, Off, Off, Off, Rich
228.609, 712, 1,16, 80, 66, 2, 13,5, 0,34, 2,92, 10, 33, 101, 1,73, Off, Off, Off, Off, On, Off, On, Off, Off, Off, Off, Rich
228.656, 675, 1,17, 80, 69, 2, 13,6, 0,34, 2,9, 8, 33, 101, 1,63, Off, Off, Off, Off, On, Off, On, Off, Off, Off, Off, Rich
228.718, 688, 1,16, 80, 69, 2, 13,7, 0,34, 2,89, 11, 33, 101, 1,66, Off, Off, Off, Off, On, Off, On, Off, Off, Off, Off, Rich
228.765, 675, 1,16, 80, 71, 2, 13,6, 0,34, 2,95, 11, 33, 101, 1,66, Off, Off, Off, Off, On, Off, On, Off, Off, Off, Off, Rich
228.843, 688, 1,18, 80, 71, 2, 13,7, 0,34, 2,92, 11, 33, 101, 1,67, Off, Off, Off, Off, On, Off, On, Off, Off, Off, Off, Rich
228.890, 688, 1,16, 80, 71, 2, 13,7, 0,34, 2,92, 13, 33, 101, 1,67, Off, Off, Off, Off, On, Off, On, Off, Off, Off, Off, Rich
228.937, 662, 1,17, 80, 72, 2, 13,8, 0,34, 2,97, 13, 33, 101, 1,64, Off, Off, Off, Off, On, Off, On, Off, Off, Off, Off, Rich
229.000, 662, 1,16, 80, 72, 2, 13,7, 0,34, 2,9, 12, 33, 101, 1,6, Off, Off, Off, Off, On, Off, On, Off, Off, Off, Off, Rich
229.046, 662, 1,16, 80, 71, 2, 13,8, 0,34, 2,94, 11, 33, 101, 1,62, Off, Off, Off, Off, On, Off, On, Off, Off, Off, Off, Rich
229.109, 675, 1,17, 80, 71, 2, 13,8, 0,34, 2,92, 11, 33, 101, 1,64, Off, Off, Off, Off, On, Off, On, Off, Off, Off, Off, Rich
229.156, 675, 1,16, 80, 71, 0, 13,8, 0,34, 2,94, 12, 33, 101, 1,65, Off, Off, Off, Off, On, Off, On, Off, Off, Off, Off, Rich
229.203, 675, 1,17, 80, 71, 0, 13,8, 0,34, 2,88, 11, 33, 101, 1,62, Off, Off, Off, Off, On, Off, On, Off, Off, Off, Off, Rich
229.250, 662, 1,16, 80, 71, 0, 13,8, 0,34, 2,84, 9, 33, 101, 1,57, Off, Off, Off, Off, On, Off, On, Off, Off, Off, Off, Rich
229.296, 675, 1,16, 80, 72, 0, 13,7, 0,34, 2,92, 10, 33, 101, 1,64, Off, Off, Off, Off, On, Off, On, Off, Off, Off, Off, Rich
229.359, 712, 1,18, 80, 72, 0, 13,5, 0,34, 2,92, 11, 33, 101, 1,73, Off, Off, Off, Off, On, Off, On, Off, Off, Off, Off, Rich
229.406, 662, 1,16, 80, 71, 0, 13,7, 0,34, 2,9, 13, 33, 101, 1,6, Off, Off, Off, Off, On, Off, On, Off, Off, Off, Off, Rich
229.468, 688, 1,16, 80, 72, 0, 13,7, 0,34, 2,95, 12, 33, 101, 1,69, Off, Off, Off, Off, On, Off, On, Off, Off, Off, Off, Rich
229.531, 675, 1,16, 80, 72, 0, 13,7, 0,34, 2,91, 11, 33, 101, 1,64, Off, Off, Off, Off, On, Off, On, Off, Off, Off, Off, Rich
229.562, 662, 1,16, 80, 70, 0, 13,7, 0,34, 2,94, 11, 33, 101, 1,62, Off, Off, Off, Off, On, Off, On, Off, Off, Off, Off, Rich
229.625, 675, 1,17, 80, 70, 0, 13,7, 0,34, 2,89, 11, 33, 101, 1,63, Off, Off, Off, Off, On, Off, On, Off, Off, Off, Off, Rich
229.687, 675, 1,16, 80, 70, 0, 13,8, 0,34, 2,94, 13, 33, 101, 1,65, Off, Off, Off, Off, On, Off, On, Off, Off, Off, Off, Rich
229.734, 688, 1,16, 80, 68, 0, 13,8, 0,34, 2,96, 13, 33, 101, 1,7, Off, Off, Off, Off, On, Off, On, Off, Off, Off, Off, Rich
229.796, 688, 1,18, 80, 68, 0, 13,6, 0,34, 2,92, 13, 33, 101, 1,67, Off, Off, Off, Off, On, Off, On, Off, Off, Off, Off, Rich
229.843, 675, 1,16, 80, 69, 0, 13,8, 0,34, 2,96, 13, 33, 101, 1,66, Off, Off, Off, Off, On, Off, On, Off, Off, Off, Off, Rich
229.890, 675, 1,17, 80, 70, 0, 13,8, 0,34, 2,97, 11, 33, 101, 1,67, Off, Off, Off, Off, On, Off, On, Off, Off, Off, Off, Rich
229.953, 688, 1,16, 80, 70, 0, 13,8, 0,34, 2,89, 12, 33, 101, 1,66, Off, Off, Off, Off, On, Off, On, Off, Off, Off, Off, Rich
230.000, 688, 1,16, 80, 72, 0, 13,7, 0,34, 2,92, 11, 33, 101, 1,67, Off, Off, Off, Off, On, Off, On, Off, Off, Off, Off, Rich
230.046, 688, 1,17, 80, 72, 0, 13,6, 0,34, 2,96, 11, 33, 101, 1,7, Off, Off, Off, Off, On, Off, On, Off, Off, Off, Off, Rich
230.109, 675, 1,16, 80, 72, 0, 13,7, 0,34, 2,94, 11, 33, 101, 1,65, Off, Off, Off, Off, On, Off, On, Off, Off, Off, Off, Rich
230.187, 675, 1,16, 80, 73, 0, 13,5, 0,34, 2,94, 11, 33, 101, 1,65, Off, Off, Off, Off, On, Off, On, Off, Off, Off, Off, Rich
230.234, 675, 1,17, 80, 73, 0, 13,8, 0,34, 2,92, 12, 33, 101, 1,64, Off, Off, Off, Off, On, Off, On, Off, Off, Off, Off, Rich
230.281, 662, 1,16, 80, 72, 0, 13,8, 0,34, 2,96, 13, 33, 101, 1,63, Off, Off, Off, Off, On, Off, On, Off, Off, Off, Off, Rich
230.343, 675, 1,18, 80, 70, 0, 13,7, 0,34, 2,96, 13, 33, 101, 1,66, Off, Off, Off, Off, On, Off, On, Off, Off, Off, Off, Rich
230.390, 662, 1,17, 80, 70, 0, 13,8, 0,34, 2,96, 13, 33, 101, 1,63, Off, Off, Off, Off, On, Off, On, Off, Off, Off, Off, Rich
230.453, 675, 1,16, 80, 68, 0, 13,6, 0,34, 2,97, 13, 33, 101, 1,67, Off, Off, Off, Off, On, Off, On, Off, Off, Off, Off, Rich
230.500, 662, 1,18, 80, 70, 0, 13,7, 0,34, 2,93, 11, 33, 101, 1,62, Off, Off, Off, Off, On, Off, On, Off, Off, Off, Off, Rich
230.546, 675, 1,16, 80, 70, 0, 13,8, 0,34, 2,95, 11, 33, 101, 1,66, Off, Off, Off, Off, On, Off, On, Off, Off, Off, Off, Rich
230.609, 688, 1,18, 80, 71, 0, 13,8, 0,34, 2,95, 13, 33, 101, 1,69, Off, Off, Off, Off, On, Off, On, Off, Off, Off, Off, Rich
230.656, 675, 1,16, 80, 71, 0, 13,8, 0,34, 2,81, 11, 33, 101, 1,58, Off, Off, Off, Off, On, Off, On, Off, Off, Off, Off, Rich
230.703, 688, 1,16, 80, 72, 0, 13,8, 0,34, 2,92, 11, 33, 101, 1,67, Off, Off, Off, Off, On, Off, On, Off, Off, Off, Off, Rich
230.734, 688, 1,17, 80, 72, 0, 13,7, 0,34, 2,92, 11, 33, 101, 1,67, Off, Off, Off, Off, On, Off, On, Off, Off, Off, Off, Rich
230.796, 675, 1,16, 80, 71, 0, 13,6, 0,34, 2,87, 10, 33, 101, 1,61, Off, Off, Off, Off, On, Off, On, Off, Off, Off, Off, Rich
230.843, 688, 1,17, 80, 71, 0, 13,7, 0,34, 2,88, 11, 33, 101, 1,65, Off, Off, Off, Off, On, Off, On, Off, Off, Off, Off, Rich
230.906, 688, 1,16, 80, 71, 0, 13,7, 0,34, 2,91, 13, 33, 101, 1,67, Off, Off, Off, Off, On, Off, On, Off, Off, Off, Off, Rich
230.953, 662, 1,17, 80, 69, 0, 13,7, 0,34, 2,93, 13, 33, 101, 1,62, Off, Off, Off, Off, On, Off, On, Off, Off, Off, Off, Rich
231.015, 662, 1,16, 80, 69, 0, 13,7, 0,34, 2,92, 12, 33, 101, 1,61, Off, Off, Off, Off, On, Off, On, Off, Off, Off, Off, Rich
231.062, 662, 1,16, 80, 66, 0, 13,7, 0,34, 2,92, 11, 33, 101, 1,61, Off, Off, Off, Off, On, Off, On, Off, Off, Off, Off, Rich
231.109, 675, 1,17, 80, 66, 0, 13,8, 0,34, 2,88, 11, 33, 101, 1,62, Off, Off, Off, Off, On, Off, On, Off, Off, Off, Off, Rich
231.140, 662, 1,16, 80, 64, 0, 13,8, 0,34, 2,94, 13, 33, 101, 1,62, Off, Off, Off, Off, On, Off, On, Off, Off, Off, Off, Rich
231.203, 662, 1,18, 80, 64, 0, 13,8, 0,34, 2,94, 13, 33, 101, 1,62, Off, Off, Off, Off, On, Off, On, Off, Off, Off, Off, Rich
231.265, 688, 1,16, 80, 64, 0, 13,6, 0,34, 2,92, 12, 33, 101, 1,67, Off, Off, Off, Off, On, Off, On, Off, Off, Off, Off, Rich
231.312, 675, 1,17, 80, 64, 0, 13,8, 0,34, 2,87, 10, 33, 101, 1,61, Off, Off, Off, Off, On, Off, On, Off, Off, Off, Off, Rich
231.359, 688, 1,17, 80, 64, 0, 13,8, 0,34, 2,87, 11, 33, 101, 1,65, Off, Off, Off, Off, On, Off, On, Off, Off, Off, Off, Rich
231.421, 675, 1,16, 80, 66, 0, 13,8, 0,34, 2,92, 11, 33, 101, 1,64, Off, Off, Off, Off, On, Off, On, Off, Off, Off, Off, Rich
231.468, 675, 1,17, 80, 62, 0, 13,7, 0,34, 2,88, 9, 33, 101, 1,62, Off, Off, Off, Off, On, Off, On, Off, Off, Off, Off, Rich
231.515, 675, 1,16, 80, 62, 0, 13,6, 0,34, 2,9, 11, 33, 101, 1,63, Off, Off, Off, Off, On, Off, On, Off, Off, Off, Off, Rich
231.593, 675, 1,17, 80, 63, 0, 13,6, 0,34, 2,93, 13, 33, 101, 1,65, Off, Off, Off, Off, On, Off, On, Off, Off, Off, Off, Rich
231.656, 675, 1,18, 80, 63, 0, 13,5, 0,34, 2,92, 12, 33, 101, 1,64, Off, Off, Off, Off, On, Off, On, Off, Off, Off, Off, Rich
231.703, 650, 1,16, 80, 61, 0, 13,7, 0,34, 2,9, 13, 33, 101, 1,57, Off, Off, Off, Off, On, Off, On, Off, Off, Off, Off, Rich
231.750, 675, 1,17, 80, 60, 0, 13,7, 0,34, 2,94, 13, 33, 101, 1,65, Off, Off, Off, Off, On, Off, On, Off, Off, Off, Off, Rich
231.812, 675, 1,16, 80, 60, 0, 13,7, 0,34, 2,93, 13, 33, 101, 1,65, Off, Off, Off, Off, On, Off, On, Off, Off, Off, Off, Rich
231.859, 650, 1,16, 80, 59, 0, 13,8, 0,34, 2,94, 13, 33, 101, 1,59, Off, Off, Off, Off, On, Off, On, Off, Off, Off, Off, Rich
231.906, 688, 1,18, 80, 59, 0, 13,7, 0,34, 2,89, 13, 33, 101, 1,66, Off, Off, Off, Off, On, Off, On, Off, Off, Off, Off, Rich
231.953, 662, 1,16, 80, 59, 0, 13,8, 0,34, 2,9, 11, 33, 101, 1,6, Off, Off, Off, Off, On, Off, On, Off, Off, Off, Off, Rich
232.000, 675, 1,17, 80, 59, 0, 13,8, 0,34, 2,93, 11, 33, 101, 1,65, Off, Off, Off, Off, On, Off, On, Off, Off, Off, Off, Rich
232.062, 688, 1,16, 80, 59, 0, 13,8, 0,34, 2,88, 13, 33, 101, 1,65, Off, Off, Off, Off, On, Off, On, Off, Off, Off, Off, Rich
232.109, 688, 1,17, 80, 61, 0, 13,8, 0,34, 2,92, 13, 33, 101, 1,67, Off, Off, Off, Off, On, Off, On, Off, Off, Off, Off, Rich
232.171, 688, 1,18, 80, 61, 0, 13,5, 0,34, 2,89, 11, 33, 101, 1,66, Off, Off, Off, Off, On, Off, On, Off, Off, Off, Off, Rich
232.218, 675, 1,16, 80, 62, 0, 13,7, 0,34, 2,9, 11, 33, 101, 1,63, Off, Off, Off, Off, On, Off, On, Off, Off, Off, Off, Rich
232.265, 688, 1,16, 80, 63, 0, 13,6, 0,34, 2,89, 12, 33, 101, 1,66, Off, Off, Off, Off, On, Off, On, Off, Off, Off, Off, Rich
232.343, 662, 1,16, 80, 63, 0, 13,7, 0,34, 2,88, 11, 33, 101, 1,59, Off, Off, Off, Off, On, Off, On, Off, Off, Off, Off, Rich
232.390, 675, 1,16, 80, 61, 0, 13,7, 0,34, 2,89, 11, 33, 101, 1,63, Off, Off, Off, Off, On, Off, On, Off, Off, Off, Off, Rich
232.437, 688, 1,17, 80, 61, 0, 13,7, 0,34, 2,89, 13, 33, 101, 1,66, Off, Off, Off, Off, On, Off, On, Off, Off, Off, Off, Rich
232.500, 650, 1,16, 80, 60, 0, 13,7, 0,34, 2,92, 13, 33, 101, 1,58, Off, Off, Off, Off, On, Off, On, Off, Off, Off, Off, Rich
232.546, 675, 1,16, 80, 59, 0, 13,7, 0,34, 2,92, 13, 33, 101, 1,64, Off, Off, Off, Off, On, Off, On, Off, Off, Off, Off, Rich
232.609, 662, 1,16, 80, 59, 0, 13,7, 0,34, 2,84, 12, 33, 101, 1,57, Off, Off, Off, Off, On, Off, On, Off, Off, Off, Off, Rich
232.656, 675, 1,16, 80, 57, 0, 13,8, 0,34, 2,9, 12, 33, 101, 1,63, Off, Off, Off, Off, On, Off, On, Off, Off, Off, Off, Rich
232.703, 688, 1,18, 80, 57, 0, 13,7, 0,34, 2,93, 13, 33, 101, 1,68, Off, Off, Off, Off, On, Off, On, Off, Off, Off, Off, Rich
232.765, 662, 1,16, 80, 57, 0, 13,8, 0,34, 2,86, 13, 33, 101, 1,58, Off, Off, Off, Off, On, Off, On, Off, Off, Off, Off, Rich
232.828, 688, 1,16, 80, 57, 0, 13,7, 0,34, 2,89, 12, 33, 101, 1,66, Off, Off, Off, Off, On, Off, On, Off, Off, Off, Off, Rich
232.875, 662, 1,18, 80, 56, 0, 13,5, 0,34, 2,86, 13, 33, 101, 1,58, Off, Off, Off, Off, On, Off, On, Off, Off, Off, Off, Rich
232.921, 688, 1,16, 80, 56, 0, 13,6, 0,34, 2,89, 12, 33, 101, 1,66, Off, Off, Off, Off, On, Off, On, Off, Off, Off, Off, Rich
233.000, 675, 1,16, 80, 56, 0, 13,6, 0,34, 2,89, 11, 33, 101, 1,63, Off, Off, Off, Off, On, Off, On, Off, Off, Off, Off, Rich
233.046, 675, 1,17, 80, 56, 0, 13,7, 0,34, 2,9, 13, 33, 101, 1,63, Off, Off, Off, Off, On, Off, On, Off, Off, Off, Off, Rich
233.093, 675, 1,16, 80, 54, 0, 13,7, 0,34, 2,89, 13, 33, 101, 1,63, Off, Off, Off, Off, On, Off, On, Off, Off, Off, Off, Rich
233.156, 662, 1,17, 80, 53, 0, 13,7, 0,34, 2,92, 13, 33, 101, 1,61, Off, Off, Off, Off, On, Off, On, Off, Off, Off, Off, Rich
233.218, 688, 1,16, 80, 53, 0, 13,5, 0,34, 2,9, 13, 33, 101, 1,66, Off, Off, Off, Off, On, Off, On, Off, Off, Off, Off, Rich
233.265, 650, 1,16, 80, 49, 0, 13,7, 0,34, 2,9, 13, 33, 101, 1,57, Off, Off, Off, Off, On, Off, On, Off, Off, Off, Off, Rich
233.312, 675, 1,17, 80, 49, 0, 13,8, 0,34, 2,87, 13, 33, 101, 1,61, Off, Off, Off, Off, On, Off, On, Off, Off, Off, Off, Rich
233.375, 675, 1,16, 80, 44, 0, 13,8, 0,34, 2,91, 13, 33, 101, 1,64, Off, Off, Off, Off, On, Off, On, Off, Off, Off, Off, Rich
233.421, 662, 1,17, 80, 37, 0, 13,8, 0,34, 2,91, 12, 33, 101, 1,61, Off, Off, Off, Off, On, Off, On, Off, Off, Off, Off, Rich
233.484, 688, 1,18, 80, 37, 0, 13,7, 0,34, 2,9, 11, 33, 100, 1,66, Off, Off, Off, Off, On, Off, On, Off, Off, Off, Off, Lean
233.531, 662, 1,16, 80, 33, 0, 13,8, 0,34, 2,96, 11, 33, 100, 1,63, Off, Off, Off, Off, On, Off, On, Off, Off, Off, Off, Lean
233.593, 675, 1,17, 80, 28, 0, 13,6, 0,34, 2,96, 13, 33, 100, 1,66, Off, Off, Off, Off, On, Off, On, Off, Off, Off, Off, Lean
233.640, 675, 1,16, 80, 28, 0, 13,6, 0,34, 2,91, 11, 33, 100, 1,64, Off, Off, Off, Off, On, Off, On, Off, Off, Off, Off, Lean
233.718, 675, 1,16, 80, 27, 0, 13,7, 0,34, 2,94, 11, 33, 100, 1,65, Off, Off, Off, Off, On, Off, On, Off, Off, Off, Off, Lean
233.765, 688, 1,18, 80, 24, 0, 13,7, 0,34, 2,97, 13, 33, 100, 1,7, Off, Off, Off, Off, On, Off, On, Off, Off, Off, Off, Lean
233.812, 675, 1,16, 80, 24, 0, 13,6, 0,34, 2,92, 12, 33, 100, 1,64, Off, Off, Off, Off, On, Off, On, Off, Off, Off, Off, Lean
233.875, 688, 1,16, 80, 22, 0, 13,6, 0,34, 2,95, 11, 33, 100, 1,69, Off, Off, Off, Off, On, Off, On, Off, Off, Off, Off, Lean
233.921, 688, 1,18, 80, 22, 0, 13,6, 0,34, 2,96, 13, 33, 100, 1,7, Off, Off, Off, Off, On, Off, On, Off, Off, Off, Off, Lean
233.968, 662, 1,16, 80, 22, 0, 13,8, 0,34, 2,98, 13, 33, 100, 1,64, Off, Off, Off, Off, On, Off, On, Off, Off, Off, Off, Lean
234.031, 675, 1,18, 80, 22, 0, 13,7, 0,34, 2,98, 13, 33, 100, 1,68, Off, Off, Off, Off, On, Off, On, Off, Off, Off, Off, Lean
234.078, 675, 1,16, 80, 22, 0, 13,8, 0,34, 2,91, 11, 33, 100, 1,64, Off, Off, Off, Off, On, Off, On, Off, Off, Off, Off, Lean
234.140, 675, 1,16, 80, 23, 0, 13,8, 0,34, 2,95, 11, 33, 100, 1,66, Off, Off, Off, Off, On, Off, On, Off, Off, Off, Off, Lean
234.187, 688, 1,17, 80, 26, 0, 13,8, 0,34, 2,95, 11, 33, 100, 1,69, Off, Off, Off, Off, On, Off, On, Off, Off, Off, Off, Lean
234.234, 675, 1,16, 80, 26, 0, 13,8, 0,34, 2,96, 11, 33, 100, 1,66, Off, Off, Off, Off, On, Off, On, Off, Off, Off, Off, Lean
234.296, 688, 1,16, 80, 31, 0, 13,6, 0,36, 2,94, 11, 33, 100, 1,69, Off, Off, Off, Off, On, Off, On, Off, Off, Off, Off, Lean
234.343, 662, 1,16, 80, 31, 0, 13,6, 0,34, 2,92, 11, 33, 100, 1,61, Off, Off, Off, Off, On, Off, On, Off, Off, Off, Off, Lean
234.406, 688, 1,16, 80, 51, 0, 13,5, 0,34, 2,96, 10, 33, 100, 1,7, Off, Off, Off, Off, On, Off, On, Off, Off, Off, Off, Lean
234.453, 675, 1,17, 80, 51, 0, 13,7, 0,34, 2,83, 10, 33, 99, 1,59, Off, Off, Off, Off, On, Off, On, Off, Off, Off, Off, Rich
234.500, 675, 1,16, 80, 63, 0, 13,7, 0,34, 2,94, 13, 33, 99, 1,65, Off, Off, Off, Off, On, Off, On, Off, Off, Off, Off, Rich
234.546, 675, 1,17, 80, 68, 0, 13,7, 0,34, 2,94, 13, 33, 99, 1,65, Off, Off, Off, Off, On, Off, On, Off, Off, Off, Off, Rich
234.609, 650, 1,16, 80, 68, 0, 13,7, 0,34, 2,93, 13, 33, 99, 1,59, Off, Off, Off, Off, On, Off, On, Off, Off, Off, Off, Rich
234.671, 675, 1,16, 80, 68, 0, 13,5, 0,34, 2,92, 11, 33, 99, 1,64, Off, Off, Off, Off, On, Off, On, Off, Off, Off, Off, Rich
234.718, 650, 1,18, 80, 69, 0, 13,8, 0,34, 2,94, 13, 33, 99, 1,59, Off, Off, Off, Off, On, Off, On, Off, Off, Off, Off, Rich
234.765, 675, 1,16, 80, 69, 0, 13,8, 0,34, 2,94, 13, 33, 99, 1,65, Off, Off, Off, Off, On, Off, On, Off, Off, Off, Off, Rich
234.828, 675, 1,18, 80, 70, 0, 13,8, 0,34, 2,95, 13, 33, 99, 1,66, Off, Off, Off, Off, On, Off, On, Off, Off, Off, Off, Rich
234.875, 662, 1,17, 80, 70, 0, 13,8, 0,34, 2,89, 12, 33, 99, 1,59, Off, Off, Off, Off, On, Off, On, Off, Off, Off, Off, Rich
234.937, 675, 1,17, 80, 71, 0, 13,6, 0,34, 2,91, 11, 33, 99, 1,64, Off, Off, Off, Off, On, Off, On, Off, Off, Off, Off, Rich
234.984, 662, 1,17, 80, 69, 0, 13,7, 0,34, 2,94, 11, 33, 99, 1,62, Off, Off, Off, Off, On, Off, On, Off, Off, Off, Off, Rich
235.031, 688, 1,16, 80, 69, 0, 13,6, 0,34, 2,89, 11, 33, 99, 1,66, Off, Off, Off, Off, On, Off, On, Off, Off, Off, Off, Rich
235.109, 662, 1,16, 80, 70, 0, 13,6, 0,34, 2,86, 10, 33, 99, 1,58, Off, Off, Off, Off, On, Off, On, Off, Off, Off, Off, Rich
235.156, 675, 1,17, 80, 70, 0, 13,7, 0,34, 2,89, 11, 33, 99, 1,63, Off, Off, Off, Off, On, Off, On, Off, Off, Off, Off, Rich
235.203, 662, 1,16, 80, 67, 0, 13,7, 0,34, 2,94, 13, 33, 99, 1,62, Off, Off, Off, Off, On, Off, On, Off, Off, Off, Off, Rich
235.265, 650, 1,17, 80, 67, 0, 13,7, 0,34, 2,94, 13, 33, 99, 1,59, Off, Off, Off, Off, On, Off, On, Off, Off, Off, Off, Rich
235.312, 675, 1,16, 80, 67, 0, 13,7, 0,34, 2,95, 13, 33, 99, 1,66, Off, Off, Off, Off, On, Off, On, Off, Off, Off, Off, Rich
235.359, 675, 1,16, 80, 65, 0, 13,5, 0,34, 2,96, 13, 33, 99, 1,66, Off, Off, Off, Off, On, Off, On, Off, Off, Off, Off, Rich
235.421, 650, 1,17, 80, 65, 0, 13,8, 0,34, 2,89, 13, 33, 99, 1,57, Off, Off, Off, Off, On, Off, On, Off, Off, Off, Off, Rich
235.468, 675, 1,16, 80, 66, 0, 13,8, 0,34, 2,94, 13, 33, 99, 1,65, Off, Off, Off, Off, On, Off, On, Off, Off, Off, Off, Rich
235.515, 688, 1,18, 80, 66, 0, 13,8, 0,34, 2,92, 13, 33, 99, 1,67, Off, Off, Off, Off, On, Off, On, Off, Off, Off, Off, Rich
235.578, 675, 1,16, 80, 63, 0, 13,8, 0,34, 2,95, 13, 33, 99, 1,66, Off, Off, Off, Off, On, Off, On, Off, Off, Off, Off, Rich
235.625, 712, 1,16, 80, 64, 0, 13,7, 0,34, 2,93, 12, 33, 99, 1,74, Off, Off, Off, Off, On, Off, On, Off, Off, Off, Off, Rich
235.671, 662, 1,16, 80, 64, 0, 13,7, 0,34, 2,82, 10, 33, 99, 1,56, Off, Off, Off, Off, On, Off, On, Off, Off, Off, Off, Rich
235.718, 688, 1,16, 80, 63, 0, 13,8, 0,34, 2,9, 11, 33, 99, 1,66, Off, Off, Off, Off, On, Off, On, Off, Off, Off, Off, Rich
235.765, 675, 1,17, 80, 66, 0, 13,6, 0,34, 2,92, 11, 33, 99, 1,64, Off, Off, Off, Off, On, Off, On, Off, Off, Off, Off, Rich
235.828, 675, 1,16, 80, 66, 0, 13,7, 0,34, 2,91, 11, 33, 99, 1,64, Off, Off, Off, Off, On, Off, On, Off, Off, Off, Off, Rich
235.890, 662, 1,17, 80, 62, 0, 13,6, 0,34, 2,92, 11, 33, 99, 1,61, Off, Off, Off, Off, On, Off, On, Off, Off, Off, Off, Rich
235.937, 650, 1,16, 80, 62, 0, 13,7, 0,34, 2,91, 13, 33, 99, 1,58, Off, Off, Off, Off, On, Off, On, Off, Off, Off, Off, Rich
235.984, 675, 1,16, 80, 61, 0, 13,7, 0,34, 2,93, 13, 33, 99, 1,65, Off, Off, Off, Off, On, Off, On, Off, Off, Off, Off, Rich
236.046, 650, 1,16, 80, 61, 0, 13,7, 0,34, 2,91, 13, 33, 99, 1,58, Off, Off, Off, Off, On, Off, On, Off, Off, Off, Off, Rich
236.109, 675, 1,16, 80, 59, 0, 13,5, 0,34, 2,92, 13, 33, 99, 1,64, Off, Off, Off, Off, On, Off, On, Off, Off, Off, Off, Rich
236.156, 675, 1,16, 80, 58, 0, 13,8, 0,34, 2,91, 13, 33, 99, 1,64, Off, Off, Off, Off, On, Off, On, Off, Off, Off, Off, Rich
236.203, 650, 1,16, 80, 58, 0, 13,7, 0,34, 2,89, 12, 33, 99, 1,57, Off, Off, Off, Off, On, Off, On, Off, Off, Off, Off, Rich
236.265, 675, 1,16, 80, 57, 0, 13,8, 0,34, 2,93, 13, 33, 99, 1,65, Off, Off, Off, Off, On, Off, On, Off, Off, Off, Off, Rich
236.312, 675, 1,18, 80, 58, 0, 13,8, 0,34, 2,93, 12, 33, 99, 1,65, Off, Off, Off, Off, On, Off, On, Off, Off, Off, Off, Rich
236.375, 675, 1,16, 80, 58, 0, 13,8, 0,34, 2,91, 11, 33, 99, 1,64, Off, Off, Off, Off, On, Off, On, Off, Off, Off, Off, Rich
236.421, 712, 1,16, 80, 57, 0, 13,8, 0,34, 2,84, 13, 33, 99, 1,69, Off, Off, Off, Off, On, Off, On, Off, Off, Off, Off, Rich
236.468, 675, 1,16, 80, 57, 0, 13,6, 0,34, 2,86, 12, 33, 99, 1,61, Off, Off, Off, Off, On, Off, On, Off, Off, Off, Off, Rich
236.546, 688, 1,16, 80, 58, 0, 13,6, 0,34, 2,89, 11, 33, 99, 1,66, Off, Off, Off, Off, On, Off, On, Off, Off, Off, Off, Rich
236.593, 675, 1,17, 80, 58, 0, 13,7, 0,34, 2,92, 11, 33, 99, 1,64, Off, Off, Off, Off, On, Off, On, Off, Off, Off, Off, Rich
236.640, 650, 1,16, 80, 58, 0, 13,7, 0,34, 2,87, 12, 33, 99, 1,55, Off, Off, Off, Off, On, Off, On, Off, Off, Off, Off, Rich
236.703, 662, 1,16, 80, 57, 0, 13,7, 0,34, 2,9, 11, 33, 99, 1,6, Off, Off, Off, Off, On, Off, On, Off, Off, Off, Off, Rich
236.750, 662, 1,18, 80, 56, 0, 13,6, 0,34, 2,92, 13, 33, 99, 1,61, Off, Off, Off, Off, On, Off, On, Off, Off, Off, Off, Rich
236.796, 662, 1,16, 80, 56, 0, 13,7, 0,34, 2,92, 13, 33, 99, 1,61, Off, Off, Off, Off, On, Off, On, Off, Off, Off, Off, Rich
236.859, 650, 1,18, 80, 54, 0, 13,7, 0,34, 2,92, 13, 33, 99, 1,58, Off, Off, Off, Off, On, Off, On, Off, Off, Off, Off, Rich
236.906, 650, 1,17, 80, 54, 0, 13,8, 0,34, 2,89, 13, 33, 99, 1,57, Off, Off, Off, Off, On, Off, On, Off, Off, Off, Off, Rich
236.953, 675, 1,17, 80, 47, 0, 13,8, 0,34, 2,93, 13, 33, 99, 1,65, Off, Off, Off, Off, On, Off, On, Off, Off, Off, Off, Rich
237.000, 675, 1,17, 80, 47, 0, 13,8, 0,34, 2,9, 12, 33, 99, 1,63, Off, Off, Off, Off, On, Off, On, Off, Off, Off, Off, Rich
237.046, 688, 1,16, 80, 39, 0, 13,8, 0,34, 2,89, 12, 33, 99, 1,66, Off, Off, Off, Off, On, Off, On, Off, Off, Off, Off, Lean
237.109, 712, 1,18, 80, 35, 0, 13,8, 0,34, 2,92, 13, 33, 99, 1,73, Off, Off, Off, Off, On, Off, On, Off, Off, Off, Off, Lean
237.156, 675, 1,16, 80, 35, 0, 13,6, 0,34, 2,93, 11, 33, 99, 1,65, Off, Off, Off, Off, On, Off, On, Off, Off, Off, Off, Lean
237.234, 712, 1,16, 80, 33, 0, 13,5, 0,34, 2,95, 11, 33, 99, 1,75, Off, Off, Off, Off, On, Off, On, Off, Off, Off, Off, Lean
237.281, 675, 1,17, 80, 33, 0, 13,7, 0,34, 2,93, 11, 33, 99, 1,65, Off, Off, Off, Off, On, Off, On, Off, Off, Off, Off, Lean
237.328, 688, 1,16, 80, 29, 0, 13,6, 0,34, 2,94, 12, 33, 99, 1,69, Off, Off, Off, Off, On, Off, On, Off, Off, Off, Off, Lean
237.390, 675, 1,17, 80, 27, 0, 13,7, 0,34, 2,94, 11, 33, 99, 1,65, Off, Off, Off, Off, On, Off, On, Off, Off, Off, Off, Lean
237.437, 675, 1,17, 80, 27, 0, 13,7, 0,34, 2,93, 12, 33, 99, 1,65, Off, Off, Off, Off, On, Off, On, Off, Off, Off, Off, Lean
237.484, 675, 1,16, 80, 25, 0, 13,7, 0,34, 2,97, 11, 33, 99, 1,67, Off, Off, Off, Off, On, Off, On, Off, Off, Off, Off, Lean
237.546, 650, 1,16, 80, 25, 0, 13,7, 0,34, 2,94, 13, 33, 99, 1,59, Off, Off, Off, Off, On, Off, On, Off, Off, Off, Off, Lean
237.593, 675, 1,16, 80, 25, 0, 13,8, 0,34, 2,97, 13, 33, 99, 1,67, Off, Off, Off, Off, On, Off, On, Off, Off, Off, Off, Lean
237.640, 675, 1,17, 80, 26, 0, 13,7, 0,34, 2,98, 13, 33, 99, 1,68, Off, Off, Off, Off, On, Off, On, Off, Off, Off, Off, Lean
237.687, 688, 1,16, 80, 26, 0, 13,7, 0,34, 2,94, 12, 33, 99, 1,69, Off, Off, Off, Off, On, Off, On, Off, Off, Off, Off, Lean
237.734, 688, 1,17, 80, 30, 0, 13,8, 0,34, 2,97, 11, 33, 99, 1,7, Off, Off, Off, Off, On, Off, On, Off, Off, Off, Off, Lean
237.796, 662, 1,17, 80, 30, 0, 13,8, 0,34, 2,92, 11, 33, 99, 1,61, Off, Off, Off, Off, On, Off, On, Off, Off, Off, Off, Lean
237.859, 712, 1,16, 80, 35, 0, 13,7, 0,34, 2,96, 11, 33, 99, 1,76, Off, Off, Off, Off, On, Off, On, Off, Off, Off, Off, Lean
237.921, 675, 1,17, 80, 58, 0, 13,6, 0,34, 2,96, 11, 33, 99, 1,66, Off, Off, Off, Off, On, Off, On, Off, Off, Off, Off, Lean
237.968, 688, 1,18, 80, 58, 0, 13,7, 0,34, 2,88, 12, 33, 99, 1,65, Off, Off, Off, Off, On, Off, On, Off, Off, Off, Off, Rich
238.031, 675, 1,16, 80, 66, 0, 13,7, 0,34, 2,92, 11, 33, 99, 1,64, Off, Off, Off, Off, On, Off, On, Off, Off, Off, Off, Rich
238.078, 688, 1,18, 80, 66, 0, 13,7, 0,34, 2,87, 11, 33, 99, 1,65, Off, Off, Off, Off, On, Off, On, Off, Off, Off, Off, Rich
238.125, 675, 1,16, 80, 69, 0, 13,6, 0,34, 2,93, 13, 33, 99, 1,65, Off, Off, Off, Off, On, Off, On, Off, Off, Off, Off, Rich
238.187, 675, 1,16, 80, 70, 0, 13,7, 0,34, 2,95, 13, 33, 99, 1,66, Off, Off, Off, Off, On, Off, On, Off, Off, Off, Off, Rich
238.234, 675, 1,17, 80, 70, 0, 13,6, 0,34, 2,92, 12, 33, 99, 1,64, Off, Off, Off, Off, On, Off, On, Off, Off, Off, Off, Rich
238.296, 662, 1,16, 80, 70, 0, 13,8, 0,34, 2,91, 12, 33, 99, 1,61, Off, Off, Off, Off, On, Off, On, Off, Off, Off, Off, Rich
238.343, 675, 1,17, 80, 69, 0, 13,8, 0,34, 2,93, 11, 33, 99, 1,65, Off, Off, Off, Off, On, Off, On, Off, Off, Off, Off, Rich
238.406, 675, 1,16, 80, 69, 0, 13,8, 0,34, 2,89, 12, 33, 99, 1,63, Off, Off, Off, Off, On, Off, On, Off, Off, Off, Off, Rich
238.453, 662, 1,16, 80, 69, 0, 13,8, 0,34, 2,92, 11, 33, 99, 1,61, Off, Off, Off, Off, On, Off, On, Off, Off, Off, Off, Rich
238.500, 712, 1,18, 80, 69, 0, 13,8, 0,34, 2,89, 11, 33, 99, 1,71, Off, Off, Off, Off, On, Off, On, Off, Off, Off, Off, Rich
238.562, 675, 1,16, 80, 68, 0, 13,8, 0,34, 2,91, 11, 33, 99, 1,64, Off, Off, Off, Off, On, Off, On, Off, Off, Off, Off, Rich
238.625, 688, 1,17, 80, 69, 0, 13,5, 0,34, 2,93, 13, 33, 99, 1,68, Off, Off, Off, Off, On, Off, On, Off, Off, Off, Off, Rich
238.671, 675, 1,16, 80, 69, 0, 13,6, 0,34, 2,82, 11, 33, 99, 1,59, Off, Off, Off, Off, On, Off, On, Off, Off, Off, Off, Rich
238.718, 688, 1,16, 80, 68, 0, 13,6, 0,34, 2,88, 11, 33, 99, 1,65, Off, Off, Off, Off, On, Off, On, Off, Off, Off, Off, Rich
238.765, 675, 1,17, 80, 68, 0, 13,7, 0,34, 2,92, 13, 33, 99, 1,64, Off, Off, Off, Off, On, Off, On, Off, Off, Off, Off, Rich
238.828, 662, 1,16, 80, 68, 0, 13,7, 0,34, 2,92, 12, 33, 99, 1,61, Off, Off, Off, Off, On, Off, On, Off, Off, Off, Off, Rich
238.875, 675, 1,16, 80, 65, 0, 13,6, 0,34, 2,93, 13, 33, 99, 1,65, Off, Off, Off, Off, On, Off, On, Off, Off, Off, Off, Rich
238.921, 650, 1,16, 80, 65, 0, 13,6, 0,34, 2,89, 13, 33, 99, 1,57, Off, Off, Off, Off, On, Off, On, Off, Off, Off, Off, Rich
238.984, 662, 1,17, 80, 63, 0, 13,8, 0,34, 2,94, 13, 33, 99, 1,62, Off, Off, Off, Off, On, Off, On, Off, Off, Off, Off, Rich
239.031, 675, 1,18, 80, 61, 0, 13,8, 0,34, 2,94, 13, 33, 99, 1,65, Off, Off, Off, Off, On, Off, On, Off, Off, Off, Off, Rich
239.078, 650, 1,16, 80, 61, 0, 13,8, 0,34, 2,93, 13, 33, 99, 1,59, Off, Off, Off, Off, On, Off, On, Off, Off, Off, Off, Rich
239.140, 688, 1,18, 80, 61, 0, 13,6, 0,34, 2,93, 12, 33, 99, 1,68, Off, Off, Off, Off, On, Off, On, Off, Off, Off, Off, Rich
239.187, 662, 1,17, 80, 62, 0, 13,8, 0,34, 2,88, 11, 33, 99, 1,59, Off, Off, Off, Off, On, Off, On, Off, Off, Off, Off, Rich
239.234, 675, 1,17, 80, 61, 0, 13,8, 0,34, 2,93, 11, 33, 99, 1,65, Off, Off, Off, Off, On, Off, On, Off, Off, Off, Off, Rich
239.296, 662, 1,16, 80, 61, 0, 13,8, 0,34, 2,86, 12, 33, 99, 1,58, Off, Off, Off, Off, On, Off, On, Off, Off, Off, Off, Rich
239.359, 712, 1,16, 80, 64, 0, 13,5, 0,34, 2,92, 11, 33, 99, 1,73, Off, Off, Off, Off, On, Off, On, Off, Off, Off, Off, Rich
239.406, 662, 1,17, 80, 61, 0, 13,6, 0,34, 2,91, 11, 33, 99, 1,61, Off, Off, Off, Off, On, Off, On, Off, Off, Off, Off, Rich
239.453, 650, 1,16, 80, 61, 0, 13,7, 0,34, 2,86, 13, 33, 99, 1,55, Off, Off, Off, Off, On, Off, On, Off, Off, Off, Off, Rich
239.515, 662, 1,16, 80, 61, 0, 13,7, 0,34, 2,9, 11, 33, 99, 1,6, Off, Off, Off, Off, On, Off, On, Off, Off, Off, Off, Rich
239.562, 662, 1,17, 80, 60, 0, 13,6, 0,34, 2,9, 11, 33, 99, 1,6, Off, Off, Off, Off, On, Off, On, Off, Off, Off, Off, Rich
239.609, 675, 1,16, 80, 60, 0, 13,7, 0,34, 2,92, 13, 33, 99, 1,64, Off, Off, Off, Off, On, Off, On, Off, Off, Off, Off, Rich
239.671, 650, 1,17, 80, 59, 0, 13,7, 0,34, 2,93, 13, 33, 99, 1,59, Off, Off, Off, Off, On, Off, On, Off, Off, Off, Off, Rich
239.718, 650, 1,17, 80, 59, 0, 13,8, 0,34, 2,91, 13, 33, 99, 1,58, Off, Off, Off, Off, On, Off, On, Off, Off, Off, Off, Rich
239.765, 675, 1,16, 80, 58, 0, 13,8, 0,34, 2,93, 13, 33, 99, 1,65, Off, Off, Off, Off, On, Off, On, Off, Off, Off, Off, Rich
239.812, 662, 1,17, 80, 58, 0, 13,8, 0,34, 2,89, 13, 33, 99, 1,59, Off, Off, Off, Off, On, Off, On, Off, Off, Off, Off, Rich
239.890, 675, 1,16, 80, 57, 0, 13,8, 0,34, 2,93, 13, 33, 99, 1,65, Off, Off, Off, Off, On, Off, On, Off, Off, Off, Off, Rich
239.937, 688, 1,16, 80, 57, 0, 13,8, 0,34, 2,89, 11, 33, 99, 1,66, Off, Off, Off, Off, On, Off, On, Off, Off, Off, Off, Rich
240.000, 662, 1,17, 80, 57, 0, 13,8, 0,34, 2,85, 11, 33, 99, 1,57, Off, Off, Off, Off, On, Off, On, Off, Off, Off, Off, Rich
240.062, 688, 1,17, 80, 58, 0, 13,4, 0,34, 2,87, 11, 33, 99, 1,65, Off, Off, Off, Off, On, Off, On, Off, Off, Off, Off, Rich
240.109, 675, 1,17, 80, 58, 0, 13,6, 0,34, 2,92, 11, 33, 99, 1,64, Off, Off, Off, Off, On, Off, On, Off, Off, Off, Off, Rich
240.156, 688, 1,16, 80, 58, 0, 13,7, 0,34, 2,9, 11, 33, 99, 1,66, Off, Off, Off, Off, On, Off, On, Off, Off, Off, Off, Rich
240.218, 662, 1,16, 80, 59, 0, 13,7, 0,34, 2,9, 12, 33, 99, 1,6, Off, Off, Off, Off, On, Off, On, Off, Off, Off, Off, Rich
240.265, 675, 1,17, 80, 59, 0, 13,7, 0,34, 2,89, 13, 33, 99, 1,63, Off, Off, Off, Off, On, Off, On, Off, Off, Off, Off, Rich
240.312, 662, 1,16, 80, 58, 0, 13,7, 0,34, 2,9, 12, 33, 99, 1,6, Off, Off, Off, Off, On, Off, On, Off, Off, Off, Off, Rich
240.375, 675, 1,18, 80, 57, 0, 13,7, 0,34, 2,94, 13, 33, 99, 1,65, Off, Off, Off, Off, On, Off, On, Off, Off, Off, Off, Rich
240.421, 650, 1,17, 80, 57, 0, 13,8, 0,34, 2,91, 13, 33, 99, 1,58, Off, Off, Off, Off, On, Off, On, Off, Off, Off, Off, Rich
240.468, 675, 1,16, 80, 54, 0, 13,7, 0,34, 2,93, 12, 33, 99, 1,65, Off, Off, Off, Off, On, Off, On, Off, Off, Off, Off, Rich
240.531, 675, 1,17, 80, 54, 0, 13,8, 0,34, 2,87, 13, 33, 99, 1,61, Off, Off, Off, Off, On, Off, On, Off, Off, Off, Off, Rich
240.578, 675, 1,16, 80, 50, 0, 13,8, 0,34, 2,89, 12, 33, 99, 1,63, Off, Off, Off, Off, On, Off, On, Off, Off, Off, Off, Rich
240.625, 688, 1,18, 80, 41, 0, 13,8, 0,34, 2,91, 11, 33, 99, 1,67, Off, Off, Off, Off, On, Off, On, Off, Off, Off, Off, Rich
240.703, 662, 1,17, 80, 41, 0, 13,8, 0,34, 2,91, 10, 33, 99, 1,61, Off, Off, Off, Off, On, Off, On, Off, Off, Off, Off, Lean
240.750, 712, 1,17, 80, 35, 0, 13,8, 0,34, 2,95, 11, 33, 99, 1,75, Off, Off, Off, Off, On, Off, On, Off, Off, Off, Off, Lean
240.796, 688, 1,17, 81, 35, 0, 13,7, 0,34, 2,92, 11, 33, 99, 1,67, Off, Off, Off, Off, On, Off, On, Off, Off, Off, Off, Lean
240.843, 688, 1,16, 81, 31, 0, 13,6, 0,34, 2,92, 13, 33, 99, 1,67, Off, Off, Off, Off, On, Off, On, Off, Off, Off, Off, Lean
240.890, 662, 1,17, 81, 28, 0, 13,6, 0,34, 2,98, 12, 33, 99, 1,64, Off, Off, Off, Off, On, Off, On, Off, Off, Off, Off, Lean
240.953, 688, 1,16, 81, 28, 0, 13,6, 0,34, 2,96, 13, 33, 99, 1,7, Off, Off, Off, Off, On, Off, On, Off, Off, Off, Off, Lean
241.000, 675, 1,16, 81, 24, 0, 13,7, 0,34, 2,96, 11, 33, 99, 1,66, Off, Off, Off, Off, On, Off, On, Off, Off, Off, Off, Lean
241.046, 650, 1,16, 81, 24, 0, 13,7, 0,34, 2,94, 13, 33, 99, 1,59, Off, Off, Off, Off, On, Off, On, Off, Off, Off, Off, Lean
241.109, 675, 1,16, 81, 21, 0, 13,8, 0,34, 2,96, 13, 33, 99, 1,66, Off, Off, Off, Off, On, Off, On, Off, Off, Off, Off, Lean
241.156, 675, 1,18, 81, 19, 0, 13,7, 0,34, 2,98, 13, 33, 99, 1,68, Off, Off, Off, Off, On, Off, On, Off, Off, Off, Off, Lean
241.218, 662, 1,16, 81, 19, 0, 13,8, 0,34, 2,95, 12, 33, 99, 1,63, Off, Off, Off, Off, On, Off, On, Off, Off, Off, Off, Lean
241.265, 688, 1,17, 81, 20, 0, 13,7, 0,34, 2,96, 11, 33, 99, 1,7, Off, Off, Off, Off, On, Off, On, Off, Off, Off, Off, Lean
241.312, 662, 1,17, 81, 20, 0, 13,8, 0,34, 2,96, 13, 33, 99, 1,63, Off, Off, Off, Off, On, Off, On, Off, Off, Off, Off, Lean
241.375, 675, 1,16, 81, 23, 0, 13,8, 0,34, 2,93, 11, 33, 99, 1,65, Off, Off, Off, Off, On, Off, On, Off, Off, Off, Off, Lean
241.437, 675, 1,18, 81, 30, 0, 13,8, 0,34, 2,9, 10, 33, 99, 1,63, Off, Off, Off, Off, On, Off, On, Off, Off, Off, Off, Lean
241.484, 675, 1,17, 81, 30, 0, 13,6, 0,34, 2,88, 11, 33, 99, 1,62, Off, Off, Off, Off, On, Off, On, Off, Off, Off, Off, Lean
241.546, 688, 1,16, 81, 47, 0, 13,5, 0,34, 2,96, 11, 33, 99, 1,7, Off, Off, Off, Off, On, Off, On, Off, Off, Off, Off, Lean
241.593, 675, 1,17, 81, 62, 0, 13,6, 0,34, 2,95, 11, 33, 99, 1,66, Off, Off, Off, Off, On, Off, On, Off, Off, Off, Off, Lean
241.640, 675, 1,16, 81, 62, 0, 13,7, 0,34, 2,97, 11, 33, 98, 1,67, Off, Off, Off, Off, On, Off, On, Off, Off, Off, Off, Rich
241.703, 675, 1,18, 81, 66, 0, 13,6, 0,34, 2,94, 13, 33, 98, 1,65, Off, Off, Off, Off, On, Off, On, Off, Off, Off, Off, Rich
241.750, 662, 1,17, 81, 66, 0, 13,7, 0,34, 2,88, 13, 33, 98, 1,59, Off, Off, Off, Off, On, Off, On, Off, Off, Off, Off, Rich
241.781, 688, 1,16, 81, 67, 0, 13,6, 0,34, 2,93, 13, 33, 98, 1,68, Off, Off, Off, Off, On, Off, On, Off, Off, Off, Off, Rich
241.859, 650, 1,18, 81, 67, 0, 13,7, 0,34, 2,93, 12, 33, 98, 1,59, Off, Off, Off, Off, On, Off, On, Off, Off, Off, Off, Rich
241.906, 675, 1,16, 81, 67, 0, 13,8, 0,34, 2,94, 13, 33, 98, 1,65, Off, Off, Off, Off, On, Off, On, Off, Off, Off, Off, Rich
241.953, 688, 1,17, 81, 68, 0, 13,7, 0,34, 2,92, 12, 33, 98, 1,67, Off, Off, Off, Off, On, Off, On, Off, Off, Off, Off, Rich
242.015, 675, 1,18, 81, 68, 0, 13,8, 0,34, 2,88, 11, 33, 98, 1,62, Off, Off, Off, Off, On, Off, On, Off, Off, Off, Off, Rich
242.062, 688, 1,16, 81, 68, 0, 13,8, 0,34, 2,93, 13, 33, 98, 1,68, Off, Off, Off, Off, On, Off, On, Off, Off, Off, Off, Rich
242.125, 675, 1,18, 81, 69, 0, 13,8, 0,34, 2,93, 12, 33, 98, 1,65, Off, Off, Off, Off, On, Off, On, Off, Off, Off, Off, Rich
242.187, 662, 1,16, 81, 69, 0, 13,8, 0,34, 2,88, 11, 33, 98, 1,59, Off, Off, Off, Off, On, Off, On, Off, Off, Off, Off, Rich
242.234, 688, 1,16, 81, 67, 0, 13,6, 0,34, 2,92, 11, 33, 98, 1,67, Off, Off, Off, Off, On, Off, On, Off, Off, Off, Off, Rich
242.296, 675, 1,17, 81, 67, 0, 13,7, 0,34, 2,87, 11, 33, 98, 1,61, Off, Off, Off, Off, On, Off, On, Off, Off, Off, Off, Rich
242.343, 675, 1,16, 81, 67, 0, 13,7, 0,34, 2,93, 13, 33, 98, 1,65, Off, Off, Off, Off, On, Off, On, Off, Off, Off, Off, Rich
242.390, 662, 1,17, 81, 66, 0, 13,6, 0,34, 2,95, 13, 33, 98, 1,63, Off, Off, Off, Off, On, Off, On, Off, Off, Off, Off, Rich
242.453, 662, 1,16, 81, 66, 0, 13,7, 0,34, 2,93, 13, 33, 98, 1,62, Off, Off, Off, Off, On, Off, On, Off, Off, Off, Off, Rich
242.500, 675, 1,16, 81, 65, 0, 13,6, 0,34, 2,94, 13, 33, 98, 1,65, Off, Off, Off, Off, On, Off, On, Off, Off, Off, Off, Rich
242.546, 650, 1,16, 81, 65, 0, 13,7, 0,34, 2,88, 12, 33, 98, 1,56, Off, Off, Off, Off, On, Off, On, Off, Off, Off, Off, Rich
242.609, 675, 1,16, 81, 62, 0, 13,8, 0,34, 2,94, 13, 33, 98, 1,65, Off, Off, Off, Off, On, Off, On, Off, Off, Off, Off, Rich
242.656, 675, 1,18, 81, 62, 0, 13,8, 0,34, 2,94, 13, 33, 98, 1,65, Off, Off, Off, Off, On, Off, On, Off, Off, Off, Off, Rich
242.718, 675, 1,16, 81, 62, 0, 13,8, 0,34, 2,89, 12, 33, 98, 1,63, Off, Off, Off, Off, On, Off, On, Off, Off, Off, Off, Rich
242.765, 688, 1,16, 81, 62, 0, 13,7, 0,34, 2,9, 11, 33, 98, 1,66, Off, Off, Off, Off, On, Off, On, Off, Off, Off, Off, Rich
242.828, 675, 1,18, 81, 62, 0, 13,8, 0,34, 2,87, 11, 33, 98, 1,61, Off, Off, Off, Off, On, Off, On, Off, Off, Off, Off, Rich
242.890, 662, 1,16, 81, 63, 0, 13,8, 0,34, 2,9, 13, 33, 98, 1,6, Off, Off, Off, Off, On, Off, On, Off, Off, Off, Off, Rich
242.953, 712, 1,16, 81, 62, 0, 13,5, 0,34, 2,86, 11, 33, 98, 1,7, Off, Off, Off, Off, On, Off, On, Off, Off, Off, Off, Rich
243.000, 675, 1,17, 81, 62, 0, 13,7, 0,34, 2,79, 9, 33, 98, 1,57, Off, Off, Off, Off, On, Off, On, Off, Off, Off, Off, Rich
243.046, 675, 1,16, 81, 63, 0, 13,6, 0,34, 2,89, 13, 33, 98, 1,63, Off, Off, Off, Off, On, Off, On, Off, Off, Off, Off, Rich
243.109, 675, 1,17, 81, 60, 0, 13,6, 0,34, 2,91, 12, 33, 98, 1,64, Off, Off, Off, Off, On, Off, On, Off, Off, Off, Off, Rich
243.156, 662, 1,17, 81, 60, 0, 13,7, 0,34, 2,87, 13, 33, 98, 1,58, Off, Off, Off, Off, On, Off, On, Off, Off, Off, Off, Rich
243.203, 675, 1,16, 81, 59, 0, 13,6, 0,34, 2,92, 13, 33, 98, 1,64, Off, Off, Off, Off, On, Off, On, Off, Off, Off, Off, Rich
243.265, 675, 1,17, 81, 59, 0, 13,8, 0,34, 2,91, 13, 33, 98, 1,64, Off, Off, Off, Off, On, Off, On, Off, Off, Off, Off, Rich
243.312, 675, 1,16, 81, 57, 0, 13,8, 0,34, 2,93, 13, 33, 98, 1,65, Off, Off, Off, Off, On, Off, On, Off, Off, Off, Off, Rich
243.359, 675, 1,18, 81, 56, 0, 13,8, 0,34, 2,92, 13, 33, 98, 1,64, Off, Off, Off, Off, On, Off, On, Off, Off, Off, Off, Rich
243.421, 662, 1,16, 81, 56, 0, 13,8, 0,34, 2,93, 12, 33, 98, 1,62, Off, Off, Off, Off, On, Off, On, Off, Off, Off, Off, Rich
243.468, 675, 1,16, 81, 55, 0, 13,7, 0,34, 2,91, 12, 33, 98, 1,64, Off, Off, Off, Off, On, Off, On, Off, Off, Off, Off, Rich
243.531, 662, 1,16, 81, 55, 0, 13,7, 0,34, 2,86, 12, 33, 98, 1,58, Off, Off, Off, Off, On, Off, On, Off, Off, Off, Off, Rich
243.578, 675, 1,16, 81, 53, 0, 13,7, 0,34, 2,9, 12, 33, 98, 1,63, Off, Off, Off, Off, On, Off, On, Off, Off, Off, Off, Rich
243.625, 675, 1,17, 81, 51, 0, 13,6, 0,34, 2,89, 11, 33, 98, 1,63, Off, Off, Off, Off, On, Off, On, Off, Off, Off, Off, Rich
243.687, 675, 1,16, 81, 51, 0, 13,6, 0,34, 2,89, 11, 33, 98, 1,63, Off, Off, Off, Off, On, Off, On, Off, Off, Off, Off, Rich
243.734, 675, 1,16, 81, 52, 0, 13,6, 0,34, 2,92, 13, 33, 98, 1,64, Off, Off, Off, Off, On, Off, On, Off, Off, Off, Off, Rich
243.781, 650, 1,17, 81, 52, 0, 13,7, 0,34, 2,88, 13, 33, 98, 1,56, Off, Off, Off, Off, On, Off, On, Off, Off, Off, Off, Rich
243.843, 662, 1,16, 81, 49, 0, 13,6, 0,34, 2,92, 13, 33, 98, 1,61, Off, Off, Off, Off, On, Off, On, Off, Off, Off, Off, Rich
243.890, 662, 1,18, 81, 41, 0, 13,6, 0,34, 2,92, 13, 33, 98, 1,61, Off, Off, Off, Off, On, Off, On, Off, Off, Off, Off, Rich
243.953, 650, 1,16, 81, 41, 0, 13,7, 0,34, 2,92, 13, 33, 98, 1,58, Off, Off, Off, Off, On, Off, On, Off, Off, Off, Off, Lean
244.000, 675, 1,16, 81, 31, 0, 13,7, 0,34, 2,98, 13, 33, 98, 1,68, Off, Off, Off, Off, On, Off, On, Off, Off, Off, Off, Lean
244.046, 650, 1,16, 81, 31, 0, 13,8, 0,34, 2,94, 13, 33, 98, 1,59, Off, Off, Off, Off, On, Off, On, Off, Off, Off, Off, Lean
244.109, 675, 1,16, 81, 25, 0, 13,8, 0,34, 2,99, 13, 33, 98, 1,68, Off, Off, Off, Off, On, Off, On, Off, Off, Off, Off, Lean
244.156, 675, 1,18, 81, 20, 0, 13,7, 0,34, 2,97, 12, 33, 98, 1,67, Off, Off, Off, Off, On, Off, On, Off, Off, Off, Off, Lean
244.218, 662, 1,16, 81, 20, 0, 13,7, 0,34, 2,91, 11, 33, 98, 1,61, Off, Off, Off, Off, On, Off, On, Off, Off, Off, Off, Lean
244.281, 688, 1,16, 81, 18, 0, 13,8, 0,34, 2,89, 10, 33, 98, 1,66, Off, Off, Off, Off, On, Off, On, Off, Off, Off, Off, Lean
244.328, 688, 1,18, 81, 17, 0, 13,6, 0,34, 2,95, 10, 33, 98, 1,69, Off, Off, Off, Off, On, Off, On, Off, Off, Off, Off, Lean
244.375, 675, 1,16, 81, 17, 0, 13,7, 0,34, 2,89, 9, 33, 98, 1,63, Off, Off, Off, Off, On, Off, On, Off, Off, Off, Off, Lean
244.437, 675, 1,17, 81, 19, 0, 13,6, 0,34, 2,97, 13, 33, 98, 1,67, Off, Off, Off, Off, On, Off, On, Off, Off, Off, Off, Lean
244.484, 662, 1,16, 81, 19, 0, 13,7, 0,34, 2,93, 13, 33, 98, 1,62, Off, Off, Off, Off, On, Off, On, Off, Off, Off, Off, Lean
244.531, 688, 1,16, 81, 20, 0, 13,6, 0,34, 2,98, 13, 33, 98, 1,71, Off, Off, Off, Off, On, Off, On, Off, Off, Off, Off, Lean
244.593, 662, 1,16, 81, 20, 0, 13,7, 0,34, 2,91, 11, 33, 98, 1,61, Off, Off, Off, Off, On, Off, On, Off, Off, Off, Off, Lean
244.640, 675, 1,16, 81, 23, 0, 13,7, 0,34, 2,98, 13, 33, 98, 1,68, Off, Off, Off, Off, On, Off, On, Off, Off, Off, Off, Lean
244.687, 688, 1,18, 81, 23, 0, 13,8, 0,34, 2,95, 13, 33, 98, 1,69, Off, Off, Off, Off, On, Off, On, Off, Off, Off, Off, Lean
244.734, 675, 1,16, 81, 26, 0, 13,8, 0,34, 2,99, 13, 33, 98, 1,68, Off, Off, Off, Off, On, Off, On, Off, Off, Off, Off, Lean
244.781, 688, 1,17, 81, 35, 0, 13,7, 0,34, 2,99, 13, 33, 98, 1,71, Off, Off, Off, Off, On, Off, On, Off, Off, Off, Off, Lean
244.828, 662, 1,16, 81, 35, 0, 13,7, 0,34, 2,93, 11, 33, 98, 1,62, Off, Off, Off, Off, On, Off, On, Off, Off, Off, Off, Lean
244.890, 688, 1,16, 81, 47, 0, 13,7, 0,34, 2,91, 10, 33, 98, 1,67, Off, Off, Off, Off, On, Off, On, Off, Off, Off, Off, Lean
244.937, 688, 1,17, 81, 60, 0, 13,7, 0,34, 2,95, 12, 33, 98, 1,69, Off, Off, Off, Off, On, Off, On, Off, Off, Off, Off, Lean
245.000, 675, 1,16, 81, 60, 0, 13,8, 0,34, 2,93, 11, 33, 98, 1,65, Off, Off, Off, Off, On, Off, On, Off, Off, Off, Off, Rich
245.046, 675, 1,18, 81, 65, 0, 13,5, 0,34, 2,91, 11, 33, 98, 1,64, Off, Off, Off, Off, On, Off, On, Off, Off, Off, Off, Rich
245.093, 688, 1,16, 81, 65, 0, 13,6, 0,34, 2,92, 11, 33, 98, 1,67, Off, Off, Off, Off, On, Off, On, Off, Off, Off, Off, Rich
245.140, 688, 1,16, 81, 68, 0, 13,6, 0,34, 2,9, 11, 33, 98, 1,66, Off, Off, Off, Off, On, Off, On, Off, Off, Off, Off, Rich
245.203, 675, 1,17, 81, 68, 0, 13,7, 0,34, 2,89, 11, 33, 98, 1,63, Off, Off, Off, Off, On, Off, On, Off, Off, Off, Off, Rich
245.250, 675, 1,16, 81, 69, 0, 13,7, 0,34, 2,91, 12, 33, 98, 1,64, Off, Off, Off, Off, On, Off, On, Off, Off, Off, Off, Rich
245.312, 675, 1,17, 81, 69, 0, 13,6, 0,34, 2,95, 13, 33, 98, 1,66, Off, Off, Off, Off, On, Off, On, Off, Off, Off, Off, Rich
245.359, 650, 1,17, 81, 69, 0, 13,7, 0,34, 2,93, 13, 33, 98, 1,59, Off, Off, Off, Off, On, Off, On, Off, Off, Off, Off, Rich
245.406, 675, 1,16, 81, 67, 0, 13,6, 0,34, 2,95, 13, 33, 98, 1,66, Off, Off, Off, Off, On, Off, On, Off, Off, Off, Off, Rich
245.468, 662, 1,17, 81, 67, 0, 13,8, 0,34, 2,9, 13, 33, 98, 1,6, Off, Off, Off, Off, On, Off, On, Off, Off, Off, Off, Rich
245.515, 662, 1,16, 81, 68, 0, 13,8, 0,34, 2,93, 13, 33, 98, 1,62, Off, Off, Off, Off, On, Off, On, Off, Off, Off, Off, Rich
245.562, 688, 1,18, 81, 68, 0, 13,8, 0,34, 2,9, 12, 33, 98, 1,66, Off, Off, Off, Off, On, Off, On, Off, Off, Off, Off, Rich
245.625, 688, 1,16, 81, 66, 0, 13,8, 0,34, 2,9, 13, 33, 98, 1,66, Off, Off, Off, Off, On, Off, On, Off, Off, Off, Off, Rich
245.671, 688, 1,17, 81, 68, 0, 13,7, 0,34, 2,94, 11, 33, 98, 1,69, Off, Off, Off, Off, On, Off, On, Off, Off, Off, Off, Rich
245.718, 662, 1,16, 81, 68, 0, 13,7, 0,34, 2,89, 11, 33, 98, 1,59, Off, Off, Off, Off, On, Off, On, Off, Off, Off, Off, Rich
245.781, 675, 1,16, 81, 67, 0, 13,6, 0,34, 2,91, 11, 33, 98, 1,64, Off, Off, Off, Off, On, Off, On, Off, Off, Off, Off, Rich
245.828, 675, 1,17, 81, 67, 0, 13,6, 0,34, 2,94, 13, 33, 98, 1,65, Off, Off, Off, Off, On, Off, On, Off, Off, Off, Off, Rich
245.890, 662, 1,16, 81, 67, 0, 13,7, 0,34, 2,91, 12, 33, 98, 1,61, Off, Off, Off, Off, On, Off, On, Off, Off, Off, Off, Rich
245.937, 675, 1,16, 81, 65, 0, 13,6, 0,34, 2,91, 11, 33, 98, 1,64, Off, Off, Off, Off, On, Off, On, Off, Off, Off, Off, Rich
245.984, 662, 1,16, 81, 65, 0, 13,6, 0,34, 2,88, 13, 33, 98, 1,59, Off, Off, Off, Off, On, Off, On, Off, Off, Off, Off, Rich
246.046, 675, 1,16, 81, 64, 0, 13,6, 0,34, 2,93, 13, 33, 98, 1,65, Off, Off, Off, Off, On, Off, On, Off, Off, Off, Off, Rich
246.093, 662, 1,17, 81, 63, 0, 13,7, 0,34, 2,95, 13, 33, 98, 1,63, Off, Off, Off, Off, On, Off, On, Off, Off, Off, Off, Rich
246.156, 650, 1,16, 81, 63, 0, 13,8, 0,34, 2,94, 13, 33, 98, 1,59, Off, Off, Off, Off, On, Off, On, Off, Off, Off, Off, Rich
246.218, 675, 1,17, 81, 62, 0, 13,6, 0,34, 2,95, 13, 33, 98, 1,66, Off, Off, Off, Off, On, Off, On, Off, Off, Off, Off, Rich
246.265, 662, 1,18, 81, 60, 0, 13,8, 0,34, 2,92, 12, 33, 98, 1,61, Off, Off, Off, Off, On, Off, On, Off, Off, Off, Off, Rich
246.328, 675, 1,16, 81, 60, 0, 13,8, 0,34, 2,93, 13, 33, 98, 1,65, Off, Off, Off, Off, On, Off, On, Off, Off, Off, Off, Rich
246.390, 675, 1,18, 81, 62, 0, 13,8, 0,34, 2,93, 12, 33, 98, 1,65, Off, Off, Off, Off, On, Off, On, Off, Off, Off, Off, Rich
246.437, 675, 1,17, 81, 62, 0, 13,8, 0,34, 2,82, 10, 33, 98, 1,59, Off, Off, Off, Off, On, Off, On, Off, Off, Off, Off, Rich
246.484, 688, 1,16, 81, 61, 0, 13,6, 0,34, 2,84, 9, 33, 98, 1,63, Off, Off, Off, Off, On, Off, On, Off, Off, Off, Off, Rich
246.531, 688, 1,17, 81, 61, 0, 13,6, 0,34, 2,9, 13, 33, 98, 1,66, Off, Off, Off, Off, On, Off, On, Off, Off, Off, Off, Rich
246.578, 675, 1,16, 81, 62, 0, 13,5, 0,34, 2,89, 11, 33, 98, 1,63, Off, Off, Off, Off, On, Off, On, Off, Off, Off, Off, Rich
246.625, 662, 1,17, 81, 59, 0, 13,6, 0,34, 2,92, 13, 33, 98, 1,61, Off, Off, Off, Off, On, Off, On, Off, Off, Off, Off, Rich
246.687, 675, 1,16, 81, 59, 0, 13,6, 0,34, 2,92, 13, 33, 98, 1,64, Off, Off, Off, Off, On, Off, On, Off, Off, Off, Off, Rich
246.734, 675, 1,16, 81, 57, 0, 13,7, 0,34, 2,93, 13, 33, 98, 1,65, Off, Off, Off, Off, On, Off, On, Off, Off, Off, Off, Rich
246.781, 650, 1,16, 81, 57, 0, 13,6, 0,34, 2,93, 13, 33, 98, 1,59, Off, Off, Off, Off, On, Off, On, Off, Off, Off, Off, Rich
246.843, 662, 1,16, 81, 56, 0, 13,8, 0,34, 2,93, 13, 33, 98, 1,62, Off, Off, Off, Off, On, Off, On, Off, Off, Off, Off, Rich
246.890, 662, 1,18, 81, 55, 0, 13,7, 0,34, 2,95, 13, 33, 98, 1,63, Off, Off, Off, Off, On, Off, On, Off, Off, Off, Off, Rich
246.937, 650, 1,16, 81, 55, 0, 13,8, 0,34, 2,92, 13, 33, 98, 1,58, Off, Off, Off, Off, On, Off, On, Off, Off, Off, Off, Rich
246.984, 662, 1,18, 81, 52, 0, 13,7, 0,34, 2,9, 12, 33, 98, 1,6, Off, Off, Off, Off, On, Off, On, Off, Off, Off, Off, Rich
247.046, 662, 1,16, 81, 52, 0, 13,7, 0,34, 2,89, 13, 33, 98, 1,59, Off, Off, Off, Off, On, Off, On, Off, Off, Off, Off, Rich
247.093, 675, 1,17, 81, 49, 0, 13,8, 0,34, 2,9, 12, 33, 98, 1,63, Off, Off, Off, Off, On, Off, On, Off, Off, Off, Off, Rich
247.156, 675, 1,17, 81, 49, 0, 13,8, 0,34, 2,87, 12, 33, 98, 1,61, Off, Off, Off, Off, On, Off, On, Off, Off, Off, Off, Rich
247.203, 675, 1,16, 81, 41, 0, 13,7, 0,34, 2,83, 10, 33, 98, 1,59, Off, Off, Off, Off, On, Off, On, Off, Off, Off, Off, Lean
247.250, 688, 1,17, 81, 41, 0, 13,6, 0,34, 2,9, 11, 33, 98, 1,66, Off, Off, Off, Off, On, Off, On, Off, Off, Off, Off, Lean
247.296, 688, 1,16, 81, 37, 0, 13,7, 0,34, 2,96, 11, 33, 98, 1,7, Off, Off, Off, Off, On, Off, On, Off, Off, Off, Off, Lean
247.343, 675, 1,18, 81, 31, 0, 13,7, 0,34, 2,97, 11, 33, 98, 1,67, Off, Off, Off, Off, On, Off, On, Off, Off, Off, Off, Lean
247.390, 662, 1,16, 81, 31, 0, 13,6, 0,34, 2,9, 11, 33, 98, 1,6, Off, Off, Off, Off, On, Off, On, Off, Off, Off, Off, Lean
247.453, 675, 1,16, 81, 27, 0, 13,6, 0,34, 2,97, 13, 33, 98, 1,67, Off, Off, Off, Off, On, Off, On, Off, Off, Off, Off, Lean
247.500, 675, 1,18, 81, 27, 0, 13,6, 0,34, 2,93, 12, 33, 98, 1,65, Off, Off, Off, Off, On, Off, On, Off, Off, Off, Off, Lean
247.546, 650, 1,16, 81, 21, 0, 13,7, 0,34, 2,97, 13, 33, 98, 1,61, Off, Off, Off, Off, On, Off, On, Off, Off, Off, Off, Lean
247.609, 675, 1,17, 81, 17, 0, 13,7, 0,34, 2,98, 13, 33, 98, 1,68, Off, Off, Off, Off, On, Off, On, Off, Off, Off, Off, Lean
247.656, 675, 1,16, 81, 17, 0, 13,7, 0,34, 2,93, 11, 33, 98, 1,65, Off, Off, Off, Off, On, Off, On, Off, Off, Off, Off, Lean
247.734, 688, 1,16, 81, 15, 0, 13,7, 0,34, 2,96, 11, 33, 98, 1,7, Off, Off, Off, Off, On, Off, On, Off, Off, Off, Off, Lean
247.781, 675, 1,18, 81, 16, 0, 13,7, 0,34, 2,99, 13, 33, 98, 1,68, Off, Off, Off, Off, On, Off, On, Off, Off, Off, Off, Lean
247.828, 662, 1,16, 81, 16, 0, 13,8, 0,34, 2,98, 12, 33, 98, 1,64, Off, Off, Off, Off, On, Off, On, Off, Off, Off, Off, Lean
247.875, 675, 1,18, 81, 19, 0, 13,7, 0,34, 2,97, 11, 33, 98, 1,67, Off, Off, Off, Off, On, Off, On, Off, Off, Off, Off, Lean
247.921, 675, 1,16, 81, 19, 0, 13,6, 0,34, 2,94, 11, 33, 98, 1,65, Off, Off, Off, Off, On, Off, On, Off, Off, Off, Off, Lean
247.968, 688, 1,17, 81, 28, 0, 13,7, 0,34, 2,97, 11, 33, 98, 1,7, Off, Off, Off, Off, On, Off, On, Off, Off, Off, Off, Lean
248.031, 675, 1,17, 81, 28, 0, 13,7, 0,34, 2,94, 10, 33, 98, 1,65, Off, Off, Off, Off, On, Off, On, Off, Off, Off, Off, Lean
248.078, 675, 1,16, 81, 47, 0, 13,6, 0,34, 2,96, 11, 33, 98, 1,66, Off, Off, Off, Off, On, Off, On, Off, Off, Off, Off, Lean
248.140, 662, 1,17, 81, 60, 0, 13,6, 0,34, 2,99, 13, 33, 98, 1,65, Off, Off, Off, Off, On, Off, On, Off, Off, Off, Off, Lean
248.187, 662, 1,16, 81, 60, 0, 13,7, 0,34, 2,93, 13, 33, 99, 1,62, Off, Off, Off, Off, On, Off, On, Off, Off, Off, Off, Rich
248.234, 675, 1,16, 81, 65, 0, 13,6, 0,34, 2,95, 13, 33, 99, 1,66, Off, Off, Off, Off, On, Off, On, Off, Off, Off, Off, Rich
248.296, 662, 1,16, 81, 65, 0, 13,8, 0,34, 2,89, 13, 33, 99, 1,59, Off, Off, Off, Off, On, Off, On, Off, Off, Off, Off, Rich
248.343, 662, 1,16, 81, 67, 0, 13,8, 0,34, 2,92, 12, 33, 99, 1,61, Off, Off, Off, Off, On, Off, On, Off, Off, Off, Off, Rich
248.421, 688, 1,18, 81, 67, 0, 13,8, 0,34, 2,91, 11, 33, 99, 1,67, Off, Off, Off, Off, On, Off, On, Off, Off, Off, Off, Rich
248.468, 662, 1,17, 81, 67, 0, 13,8, 0,34, 2,88, 13, 33, 99, 1,59, Off, Off, Off, Off, On, Off, On, Off, Off, Off, Off, Rich
248.515, 688, 1,17, 81, 69, 0, 13,6, 0,34, 2,95, 13, 33, 99, 1,69, Off, Off, Off, Off, On, Off, On, Off, Off, Off, Off, Rich
248.578, 675, 1,18, 81, 69, 0, 13,8, 0,34, 2,92, 11, 33, 99, 1,64, Off, Off, Off, Off, On, Off, On, Off, Off, Off, Off, Rich
248.625, 688, 1,16, 81, 69, 0, 13,6, 0,34, 2,9, 11, 33, 99, 1,66, Off, Off, Off, Off, On, Off, On, Off, Off, Off, Off, Rich
248.687, 688, 1,17, 81, 69, 0, 13,5, 0,34, 2,92, 11, 33, 99, 1,67, Off, Off, Off, Off, On, Off, On, Off, Off, Off, Off, Rich
248.734, 675, 1,17, 81, 69, 0, 13,7, 0,34, 2,88, 11, 33, 99, 1,62, Off, Off, Off, Off, On, Off, On, Off, Off, Off, Off, Rich
248.781, 675, 1,16, 81, 66, 0, 13,7, 0,34, 2,91, 11, 33, 99, 1,64, Off, Off, Off, Off, On, Off, On, Off, Off, Off, Off, Rich
248.828, 675, 1,18, 81, 65, 0, 13,6, 0,34, 2,93, 13, 33, 99, 1,65, Off, Off, Off, Off, On, Off, On, Off, Off, Off, Off, Rich
248.890, 675, 1,16, 81, 65, 0, 13,6, 0,34, 2,93, 13, 33, 99, 1,65, Off, Off, Off, Off, On, Off, On, Off, Off, Off, Off, Rich
248.953, 675, 1,16, 81, 62, 0, 13,5, 0,34, 2,92, 12, 33, 99, 1,64, Off, Off, Off, Off, On, Off, On, Off, Off, Off, Off, Rich
249.000, 662, 1,18, 81, 62, 0, 13,7, 0,34, 2,94, 13, 33, 99, 1,62, Off, Off, Off, Off, On, Off, On, Off, Off, Off, Off, Rich
249.046, 675, 1,16, 81, 62, 0, 13,8, 0,34, 2,94, 13, 33, 99, 1,65, Off, Off, Off, Off, On, Off, On, Off, Off, Off, Off, Rich
249.125, 688, 1,18, 81, 62, 0, 13,7, 0,34, 2,94, 13, 33, 99, 1,69, Off, Off, Off, Off, On, Off, On, Off, Off, Off, Off, Rich
249.171, 662, 1,16, 81, 63, 0, 13,8, 0,34, 2,9, 13, 33, 99, 1,6, Off, Off, Off, Off, On, Off, On, Off, Off, Off, Off, Rich
249.234, 688, 1,17, 81, 65, 0, 13,6, 0,34, 2,95, 12, 33, 99, 1,69, Off, Off, Off, Off, On, Off, On, Off, Off, Off, Off, Rich
249.281, 675, 1,18, 81, 65, 0, 13,7, 0,34, 2,94, 11, 33, 99, 1,65, Off, Off, Off, Off, On, Off, On, Off, Off, Off, Off, Rich
249.328, 675, 1,16, 81, 65, 0, 13,8, 0,34, 2,9, 11, 33, 99, 1,63, Off, Off, Off, Off, On, Off, On, Off, Off, Off, Off, Rich
249.390, 688, 1,18, 81, 67, 0, 13,6, 0,34, 2,92, 13, 33, 99, 1,67, Off, Off, Off, Off, On, Off, On, Off, Off, Off, Off, Rich
249.437, 675, 1,17, 81, 67, 0, 13,7, 0,34, 2,81, 11, 33, 99, 1,58, Off, Off, Off, Off, On, Off, On, Off, Off, Off, Off, Rich
249.484, 688, 1,16, 81, 63, 0, 13,6, 0,34, 2,91, 11, 33, 99, 1,67, Off, Off, Off, Off, On, Off, On, Off, Off, Off, Off, Rich
249.546, 650, 1,17, 81, 62, 0, 13,7, 0,34, 2,93, 13, 33, 99, 1,59, Off, Off, Off, Off, On, Off, On, Off, Off, Off, Off, Rich
249.593, 688, 1,16, 81, 62, 0, 13,6, 0,34, 2,92, 13, 33, 99, 1,67, Off, Off, Off, Off, On, Off, On, Off, Off, Off, Off, Rich
249.640, 675, 1,16, 81, 58, 0, 13,4, 0,34, 2,93, 13, 33, 99, 1,65, Off, Off, Off, Off, On, Off, On, Off, Off, Off, Off, Rich
249.703, 662, 1,17, 81, 58, 0, 13,8, 0,34, 2,89, 13, 33, 99, 1,59, Off, Off, Off, Off, On, Off, On, Off, Off, Off, Off, Rich
249.750, 662, 1,16, 81, 57, 0, 13,8, 0,34, 2,94, 13, 33, 99, 1,62, Off, Off, Off, Off, On, Off, On, Off, Off, Off, Off, Rich
249.796, 675, 1,18, 81, 57, 0, 13,7, 0,34, 2,91, 13, 33, 99, 1,64, Off, Off, Off, Off, On, Off, On, Off, Off, Off, Off, Rich
249.875, 688, 1,16, 81, 57, 0, 13,8, 0,34, 2,93, 13, 33, 99, 1,68, Off, Off, Off, Off, On, Off, On, Off, Off, Off, Off, Rich
249.921, 675, 1,17, 81, 57, 0, 13,7, 0,34, 2,93, 11, 33, 99, 1,65, Off, Off, Off, Off, On, Off, On, Off, Off, Off, Off, Rich
249.968, 675, 1,16, 81, 57, 0, 13,8, 0,34, 2,87, 12, 33, 99, 1,61, Off, Off, Off, Off, On, Off, On, Off, Off, Off, Off, Rich
250.015, 688, 1,16, 81, 56, 0, 13,7, 0,34, 2,91, 11, 33, 99, 1,67, Off, Off, Off, Off, On, Off, On, Off, Off, Off, Off, Rich
250.062, 675, 1,17, 81, 57, 0, 13,6, 0,34, 2,89, 12, 33, 99, 1,63, Off, Off, Off, Off, On, Off, On, Off, Off, Off, Off, Rich
250.109, 675, 1,16, 81, 57, 0, 13,6, 0,34, 2,9, 11, 33, 99, 1,63, Off, Off, Off, Off, On, Off, On, Off, Off, Off, Off, Rich
250.171, 662, 1,17, 81, 56, 0, 13,6, 0,34, 2,91, 11, 33, 99, 1,61, Off, Off, Off, Off, On, Off, On, Off, Off, Off, Off, Rich
250.218, 650, 1,16, 81, 56, 0, 13,7, 0,34, 2,86, 11, 33, 99, 1,55, Off, Off, Off, Off, On, Off, On, Off, Off, Off, Off, Rich
250.265, 675, 1,17, 81, 56, 0, 13,7, 0,34, 2,93, 13, 33, 99, 1,65, Off, Off, Off, Off, On, Off, On, Off, Off, Off, Off, Rich
250.328, 650, 1,17, 81, 56, 0, 13,7, 0,34, 2,9, 13, 33, 99, 1,57, Off, Off, Off, Off, On, Off, On, Off, Off, Off, Off, Rich
250.375, 650, 1,16, 81, 54, 0, 13,7, 0,34, 2,92, 13, 33, 99, 1,58, Off, Off, Off, Off, On, Off, On, Off, Off, Off, Off, Rich
250.437, 675, 1,17, 81, 54, 0, 13,5, 0,34, 2,87, 13, 33, 99, 1,61, Off, Off, Off, Off, On, Off, On, Off, Off, Off, Off, Rich
250.484, 662, 1,17, 81, 52, 0, 13,7, 0,34, 2,9, 13, 33, 99, 1,6, Off, Off, Off, Off, On, Off, On, Off, Off, Off, Off, Rich
250.546, 662, 1,17, 81, 48, 0, 13,8, 0,34, 2,93, 13, 33, 99, 1,62, Off, Off, Off, Off, On, Off, On, Off, Off, Off, Off, Rich
250.609, 675, 1,18, 81, 48, 0, 13,8, 0,34, 2,87, 12, 33, 99, 1,61, Off, Off, Off, Off, On, Off, On, Off, Off, Off, Off, Rich
250.656, 662, 1,16, 81, 43, 0, 13,8, 0,34, 2,92, 13, 33, 99, 1,61, Off, Off, Off, Off, On, Off, On, Off, Off, Off, Off, Rich
250.703, 675, 1,17, 81, 36, 0, 13,8, 0,34, 2,9, 11, 33, 99, 1,63, Off, Off, Off, Off, On, Off, On, Off, Off, Off, Off, Rich
250.765, 688, 1,16, 81, 36, 0, 13,7, 0,34, 2,88, 11, 33, 99, 1,65, Off, Off, Off, Off, On, Off, On, Off, Off, Off, Off, Lean
250.812, 662, 1,16, 81, 32, 0, 13,7, 0,34, 2,95, 13, 33, 99, 1,63, Off, Off, Off, Off, On, Off, On, Off, Off, Off, Off, Lean
250.843, 688, 1,18, 81, 32, 0, 13,5, 0,34, 2,94, 12, 33, 99, 1,69, Off, Off, Off, Off, On, Off, On, Off, Off, Off, Off, Lean
250.921, 675, 1,16, 81, 27, 0, 13,6, 0,34, 2,97, 13, 33, 99, 1,67, Off, Off, Off, Off, On, Off, On, Off, Off, Off, Off, Lean
250.968, 662, 1,17, 81, 22, 0, 13,7, 0,34, 2,94, 11, 33, 99, 1,62, Off, Off, Off, Off, On, Off, On, Off, Off, Off, Off, Lean
251.015, 688, 1,16, 81, 22, 0, 13,6, 0,34, 2,96, 13, 33, 99, 1,7, Off, Off, Off, Off, On, Off, On, Off, Off, Off, Off, Lean
251.078, 650, 1,16, 81, 18, 0, 13,7, 0,34, 2,96, 13, 33, 99, 1,6, Off, Off, Off, Off, On, Off, On, Off, Off, Off, Off, Lean
251.125, 675, 1,17, 81, 18, 0, 13,7, 0,34, 2,96, 13, 33, 99, 1,66, Off, Off, Off, Off, On, Off, On, Off, Off, Off, Off, Lean
251.171, 675, 1,16, 81, 15, 0, 13,5, 0,34, 2,97, 13, 33, 99, 1,67, Off, Off, Off, Off, On, Off, On, Off, Off, Off, Off, Lean
251.250, 675, 1,17, 81, 13, 0, 13,8, 0,34, 2,98, 13, 33, 99, 1,68, Off, Off, Off, Off, On, Off, On, Off, Off, Off, Off, Lean
251.296, 688, 1,18, 81, 13, 0, 13,8, 0,34, 2,92, 11, 33, 99, 1,67, Off, Off, Off, Off, On, Off, On, Off, Off, Off, Off, Lean
251.359, 675, 1,16, 81, 14, 0, 13,8, 0,34, 2,97, 11, 33, 99, 1,67, Off, Off, Off, Off, On, Off, On, Off, Off, Off, Off, Lean
251.406, 675, 1,17, 81, 16, 0, 13,8, 0,34, 2,91, 9, 33, 99, 1,64, Off, Off, Off, Off, On, Off, On, Off, Off, Off, Off, Lean
251.453, 688, 1,16, 81, 16, 0, 13,7, 0,34, 2,88, 8, 33, 99, 1,65, Off, Off, Off, Off, On, Off, On, Off, Off, Off, Off, Lean
251.515, 662, 1,18, 81, 21, 0, 13,6, 0,34, 2,99, 13, 33, 99, 1,65, Off, Off, Off, Off, On, Off, On, Off, Off, Off, Off, Lean
251.578, 712, 1,18, 81, 21, 0, 13,4, 0,34, 2,95, 11, 33, 99, 1,75, Off, Off, Off, Off, On, Off, On, Off, Off, Off, Off, Lean
251.625, 662, 1,16, 81, 36, 0, 13,6, 0,34, 2,92, 11, 33, 99, 1,61, Off, Off, Off, Off, On, Off, On, Off, Off, Off, Off, Lean
251.671, 688, 1,17, 81, 54, 0, 13,7, 0,34, 2,96, 11, 33, 99, 1,7, Off, Off, Off, Off, On, Off, On, Off, Off, Off, Off, Lean
251.734, 675, 1,16, 81, 54, 0, 13,6, 0,34, 2,91, 11, 33, 98, 1,64, Off, Off, Off, Off, On, Off, On, Off, Off, Off, Off, Rich
251.781, 662, 1,16, 81, 62, 0, 13,7, 0,34, 2,94, 13, 33, 98, 1,62, Off, Off, Off, Off, On, Off, On, Off, Off, Off, Off, Rich
251.828, 675, 1,18, 81, 62, 0, 13,7, 0,34, 2,87, 12, 33, 98, 1,61, Off, Off, Off, Off, On, Off, On, Off, Off, Off, Off, Rich
251.890, 675, 1,16, 81, 66, 0, 13,8, 0,34, 2,94, 13, 33, 98, 1,65, Off, Off, Off, Off, On, Off, On, Off, Off, Off, Off, Rich
251.953, 675, 1,17, 81, 66, 0, 13,8, 0,34, 2,95, 13, 33, 98, 1,66, Off, Off, Off, Off, On, Off, On, Off, Off, Off, Off, Rich
252.000, 675, 1,16, 81, 66, 0, 13,7, 0,34, 2,91, 13, 33, 98, 1,64, Off, Off, Off, Off, On, Off, On, Off, Off, Off, Off, Rich
252.031, 688, 1,17, 81, 67, 0, 13,7, 0,34, 2,91, 12, 33, 98, 1,67, Off, Off, Off, Off, On, Off, On, Off, Off, Off, Off, Rich
252.093, 688, 1,18, 81, 67, 0, 13,7, 0,34, 2,88, 11, 33, 98, 1,65, Off, Off, Off, Off, On, Off, On, Off, Off, Off, Off, Rich
252.140, 662, 1,16, 81, 67, 0, 13,8, 0,34, 2,91, 13, 33, 98, 1,61, Off, Off, Off, Off, On, Off, On, Off, Off, Off, Off, Rich
252.203, 675, 1,18, 81, 68, 0, 13,7, 0,34, 2,92, 11, 33, 98, 1,64, Off, Off, Off, Off, On, Off, On, Off, Off, Off, Off, Rich
252.250, 662, 1,16, 81, 68, 0, 13,6, 0,34, 2,86, 11, 33, 98, 1,58, Off, Off, Off, Off, On, Off, On, Off, Off, Off, Off, Rich
252.296, 675, 1,16, 81, 66, 0, 13,7, 0,34, 2,92, 11, 33, 98, 1,64, Off, Off, Off, Off, On, Off, On, Off, Off, Off, Off, Rich
252.343, 650, 1,16, 81, 66, 0, 13,7, 0,34, 2,9, 13, 33, 98, 1,57, Off, Off, Off, Off, On, Off, On, Off, Off, Off, Off, Rich
252.390, 662, 1,16, 81, 67, 0, 13,7, 0,34, 2,93, 11, 33, 98, 1,62, Off, Off, Off, Off, On, Off, On, Off, Off, Off, Off, Rich
252.453, 688, 1,18, 81, 67, 0, 13,4, 0,34, 2,9, 13, 33, 98, 1,66, Off, Off, Off, Off, On, Off, On, Off, Off, Off, Off, Rich
252.500, 662, 1,16, 81, 63, 0, 13,7, 0,34, 2,93, 13, 33, 98, 1,62, Off, Off, Off, Off, On, Off, On, Off, Off, Off, Off, Rich
252.546, 662, 1,17, 81, 63, 0, 13,8, 0,34, 2,95, 13, 33, 98, 1,63, Off, Off, Off, Off, On, Off, On, Off, Off, Off, Off, Rich
252.625, 675, 1,16, 81, 63, 0, 13,7, 0,34, 2,94, 13, 33, 98, 1,65, Off, Off, Off, Off, On, Off, On, Off, Off, Off, Off, Rich
252.671, 650, 1,16, 81, 63, 0, 13,8, 0,34, 2,94, 13, 33, 98, 1,59, Off, Off, Off, Off, On, Off, On, Off, Off, Off, Off, Rich
252.718, 688, 1,18, 81, 63, 0, 13,7, 0,34, 2,91, 13, 33, 98, 1,67, Off, Off, Off, Off, On, Off, On, Off, Off, Off, Off, Rich
252.781, 662, 1,16, 81, 63, 0, 13,8, 0,34, 2,91, 11, 33, 98, 1,61, Off, Off, Off, Off, On, Off, On, Off, Off, Off, Off, Rich
252.828, 675, 1,17, 81, 62, 0, 13,8, 0,34, 2,92, 11, 33, 98, 1,64, Off, Off, Off, Off, On, Off, On, Off, Off, Off, Off, Rich
252.875, 688, 1,16, 81, 62, 0, 13,7, 0,34, 2,87, 13, 33, 98, 1,65, Off, Off, Off, Off, On, Off, On, Off, Off, Off, Off, Rich
252.937, 675, 1,16, 81, 63, 0, 13,6, 0,34, 2,91, 12, 33, 98, 1,64, Off, Off, Off, Off, On, Off, On, Off, Off, Off, Off, Rich
252.984, 712, 1,17, 81, 63, 0, 13,6, 0,34, 2,81, 11, 33, 98, 1,67, Off, Off, Off, Off, On, Off, On, Off, Off, Off, Off, Rich
253.046, 688, 1,16, 81, 64, 0, 13,6, 0,34, 2,88, 13, 33, 98, 1,65, Off, Off, Off, Off, On, Off, On, Off, Off, Off, Off, Rich
253.093, 675, 1,17, 81, 65, 0, 13,7, 0,34, 2,93, 13, 33, 98, 1,65, Off, Off, Off, Off, On, Off, On, Off, Off, Off, Off, Rich
253.140, 675, 1,18, 81, 65, 0, 13,5, 0,34, 2,93, 13, 33, 98, 1,65, Off, Off, Off, Off, On, Off, On, Off, Off, Off, Off, Rich
253.203, 662, 1,16, 81, 61, 0, 13,7, 0,34, 2,89, 12, 33, 98, 1,59, Off, Off, Off, Off, On, Off, On, Off, Off, Off, Off, Rich
253.250, 662, 1,17, 81, 58, 0, 13,8, 0,34, 2,93, 13, 33, 98, 1,62, Off, Off, Off, Off, On, Off, On, Off, Off, Off, Off, Rich
253.328, 675, 1,16, 81, 58, 0, 13,8, 0,34, 2,92, 13, 33, 98, 1,64, Off, Off, Off, Off, On, Off, On, Off, Off, Off, Off, Rich
253.375, 675, 1,16, 81, 57, 0, 13,8, 0,34, 2,87, 11, 33, 98, 1,61, Off, Off, Off, Off, On, Off, On, Off, Off, Off, Off, Rich
253.437, 712, 1,17, 81, 57, 0, 13,6, 0,34, 2,79, 10, 33, 98, 1,66, Off, Off, Off, Off, On, Off, On, Off, Off, Off, Off, Rich
253.484, 688, 1,18, 81, 56, 0, 13,8, 0,34, 2,8, 7, 33, 98, 1,61, Off, Off, Off, Off, On, Off, On, Off, Off, Off, Off, Rich
253.531, 712, 1,16, 81, 53, 0, 13,7, 0,34, 2,83, 7, 33, 98, 1,68, Off, Off, Off, Off, On, Off, On, Off, Off, Off, Off, Rich
253.593, 688, 1,17, 81, 53, 0, 13,8, 0,34, 2,77, 7, 33, 98, 1,59, Off, Off, Off, Off, On, Off, On, Off, Off, Off, Off, Rich
253.640, 712, 1,2, 81, 42, 0, 13,6, 0,36, 2,86, 11, 33, 98, 1,7, Off, Off, Off, Off, On, Off, On, Off, Off, Off, Off, Lean
253.687, 688, 1,21, 81, 23, 0, 13,8, 0,36, 2,96, 9, 33, 98, 1,7, Off, Off, Off, Off, On, Off, On, Off, Off, Off, Off, Lean
253.750, 688, 1,22, 81, 23, 0, 13,8, 0,38, 2,99, 8, 33, 98, 1,71, Off, Off, Off, Off, On, Off, On, Off, Off, Off, Off, Lean
253.796, 675, 1,26, 81, 11, 0, 13,8, 0,38, 3,07, 9, 33, 98, 1,73, Off, Off, Off, Off, On, Off, On, Off, Off, Off, Off, Lean
253.843, 712, 1,28, 81, 11, 0, 13,8, 0,4, 3,11, 8, 33, 98, 1,85, Off, Off, Off, Off, Off, Off, On, Off, Off, Off, Off, Lean
253.890, 688, 1,32, 81, 5, 0, 13,8, 0,44, 3,43, 16, 33, 98, 1,97, Off, Off, Off, Off, Off, Off, On, Off, Off, Off, Off, Lean
253.937, 725, 1,42, 81, 2, 0, 13,8, 0,46, 3,74, 19, 33, 98, 2,26, Off, Off, Off, Off, Off, Off, On, Off, Off, Off, Off, Lean
253.984, 725, 1,44, 81, 2, 0, 13,8, 0,46, 3,8, 18, 34, 98, 2,3, Off, Off, Off, Off, Off, Off, On, Off, Off, Off, Off, Lean
254.062, 762, 1,46, 81, 0, 0, 13,8, 0,46, 3,91, 19, 34, 98, 2,48, Off, Off, Off, Off, Off, Off, On, Off, Off, Off, Off, Lean
254.109, 825, 1,49, 81, 0, 0, 13,8, 0,48, 3,94, 19, 34, 98, 2,71, Off, Off, Off, Off, Off, Off, On, Off, Off, Off, Off, Lean
254.156, 825, 1,5, 81, 0, 0, 13,8, 0,48, 4,05, 20, 34, 98, 2,78, Off, Off, Off, Off, Off, Off, On, Off, Off, Off, Off, Lean
254.203, 888, 1,52, 81, 0, 0, 13,8, 0,48, 4,09, 20, 34, 98, 3,03, Off, Off, Off, Off, Off, Off, On, Off, Off, Off, Off, Lean
254.250, 900, 1,54, 81, 0, 0, 13,8, 0,5, 4,01, 20, 34, 98, 3,01, Off, Off, Off, Off, Off, Off, On, Off, Off, Off, Off, Lean
254.296, 938, 1,56, 81, 38, 0, 13,8, 0,5, 4,1, 21, 35, 98, 3,2, Off, Off, Off, Off, Off, Off, On, Off, Off, Off, Off, Lean
254.343, 975, 1,55, 81, 38, 0, 13,8, 0,5, 4,11, 22, 35, 98, 3,34, Off, Off, Off, Off, Off, Off, On, Off, Off, Off, Off, Lean
254.390, 1025, 1,56, 81, 62, 0, 13,8, 0,5, 3,96, 23, 35, 99, 3,38, Off, Off, Off, Off, Off, Off, On, Off, Off, Off, Off, Rich
254.453, 1050, 1,56, 81, 67, 0, 13,8, 0,5, 3,91, 24, 35, 99, 3,42, Off, Off, Off, Off, Off, Off, On, Off, Off, Off, Off, Rich
254.500, 1050, 1,56, 81, 70, 0, 13,8, 0,5, 3,88, 25, 35, 99, 3,39, Off, Off, Off, Off, Off, Off, On, Off, Off, Off, Off, Rich
254.546, 1088, 1,57, 81, 70, 0, 13,8, 0,5, 3,8, 25, 35, 99, 3,45, Off, Off, Off, Off, Off, Off, On, Off, Off, Off, Off, Rich
254.593, 1088, 1,57, 81, 70, 2, 13,8, 0,5, 3,77, 26, 35, 99, 3,42, Off, Off, Off, Off, Off, Off, On, Off, Off, Off, Off, Rich
254.656, 1088, 1,58, 81, 70, 2, 13,8, 0,5, 3,71, 27, 35, 99, 3,36, Off, Off, Off, Off, Off, Off, On, Off, Off, Off, Off, Rich
254.734, 1100, 1,57, 81, 69, 2, 13,8, 0,5, 3,67, 26, 36, 99, 3,36, Off, Off, Off, Off, Off, Off, On, Off, Off, Off, Off, Rich
254.781, 1088, 1,58, 81, 66, 2, 13,8, 0,5, 3,62, 26, 36, 99, 3,28, Off, Off, Off, Off, Off, Off, On, Off, Off, Off, Off, Rich
254.843, 1088, 1,58, 81, 65, 2, 13,8, 0,5, 3,59, 27, 36, 99, 3,25, Off, Off, Off, Off, Off, Off, On, Off, Off, Off, Off, Rich
254.890, 1100, 1,56, 81, 63, 2, 13,8, 0,5, 3,57, 27, 36, 99, 3,27, Off, Off, Off, Off, Off, Off, On, Off, Off, Off, Off, Rich
254.953, 1100, 1,58, 81, 62, 2, 13,8, 0,5, 3,54, 27, 36, 99, 3,24, Off, Off, Off, Off, Off, Off, On, Off, Off, Off, Off, Rich
255.000, 1100, 1,58, 81, 59, 2, 13,8, 0,5, 3,54, 27, 36, 99, 3,24, Off, Off, Off, Off, Off, Off, On, Off, Off, Off, Off, Rich
255.046, 1088, 1,59, 81, 58, 2, 13,8, 0,5, 3,53, 27, 36, 99, 3,2, Off, Off, Off, Off, Off, Off, On, Off, Off, Off, Off, Rich
255.109, 1088, 1,58, 81, 57, 2, 13,6, 0,5, 3,52, 27, 36, 99, 3,19, Off, Off, Off, Off, Off, Off, On, Off, Off, Off, Off, Rich
255.156, 1062, 1,56, 81, 52, 2, 13,8, 0,5, 3,52, 27, 36, 99, 3,12, Off, Off, Off, Off, Off, Off, On, Off, Off, Off, Off, Rich
255.218, 1088, 1,56, 81, 38, 2, 13,8, 0,5, 3,61, 27, 36, 97, 3,27, Off, Off, Off, Off, Off, Off, On, Off, Off, Off, Off, Lean
255.281, 1088, 1,56, 81, 23, 2, 13,7, 0,5, 3,6, 27, 36, 97, 3,26, Off, Off, Off, Off, Off, Off, On, Off, Off, Off, Off, Lean
255.328, 1088, 1,56, 81, 12, 6, 13,8, 0,48, 3,59, 27, 37, 97, 3,25, Off, Off, Off, Off, Off, Off, On, Off, Off, Off, Off, Lean
255.390, 1100, 1,56, 81, 7, 6, 13,8, 0,48, 3,61, 27, 37, 97, 3,31, Off, Off, Off, Off, Off, Off, On, Off, Off, Off, Off, Lean
255.468, 1100, 1,6, 81, 2, 6, 13,8, 0,48, 3,59, 27, 37, 97, 3,29, Off, Off, Off, Off, Off, Off, On, Off, Off, Off, Off, Lean
255.531, 1100, 1,54, 81, 0, 6, 13,8, 0,42, 3,5, 28, 37, 97, 3,21, Off, Off, Off, Off, Off, Off, On, Off, Off, Off, Off, Lean
255.578, 1112, 1,46, 81, 0, 6, 13,8, 0,38, 3,41, 29, 37, 97, 3,16, Off, Off, Off, Off, Off, Off, On, Off, Off, Off, Off, Lean
255.640, 1112, 1,37, 81, 0, 6, 13,7, 0,36, 3,16, 28, 46, 97, 2,93, Off, Off, Off, Off, On, Off, On, Off, Off, Off, Off, Lean
255.687, 1112, 1,39, 81, 0, 6, 13,8, 0,34, 3,08, 24, 46, 97, 2,85, Off, Off, Off, Off, On, Off, On, Off, Off, Off, Off, Lean
255.750, 1100, 1,34, 81, 0, 6, 13,8, 0,34, 2,93, 20, 46, 97, 2,69, Off, Off, Off, Off, On, Off, On, Off, Off, Off, Off, Lean
255.796, 1088, 1,38, 81, 0, 6, 13,7, 0,34, 2,97, 18, 46, 97, 2,69, Off, Off, Off, Off, On, Off, On, Off, Off, Off, Off, Lean
255.843, 1062, 1,38, 81, 16, 6, 13,8, 0,34, 2,91, 16, 46, 97, 2,58, Off, Off, Off, Off, On, Off, On, Off, Off, Off, Off, Lean
255.890, 1050, 1,38, 81, 42, 6, 13,8, 0,34, 2,89, 13, 45, 97, 2,53, Off, Off, Off, Off, On, Off, On, Off, Off, Off, Off, Lean
255.937, 1025, 1,37, 81, 52, 6, 13,8, 0,34, 2,84, 13, 45, 97, 2,43, Off, Off, Off, Off, On, Off, On, Off, Off, Off, Off, Lean
256.000, 1000, 1,34, 81, 52, 6, 13,8, 0,34, 2,77, 13, 45, 97, 2,31, Off, Off, Off, Off, On, Off, On, Off, Off, Off, Off, Rich
256.046, 1025, 1,36, 81, 52, 6, 13,8, 0,34, 2,75, 13, 45, 97, 2,35, Off, Off, Off, Off, On, Off, On, Off, Off, Off, Off, Rich
256.093, 988, 1,35, 81, 52, 6, 13,8, 0,34, 2,75, 13, 45, 97, 2,26, Off, Off, Off, Off, On, Off, On, Off, Off, Off, Off, Rich
256.171, 988, 1,34, 81, 51, 6, 13,7, 0,34, 2,75, 13, 45, 97, 2,26, Off, Off, Off, Off, On, Off, On, Off, Off, Off, Off, Rich
256.218, 988, 1,34, 81, 37, 6, 13,6, 0,34, 2,73, 13, 45, 98, 2,25, Off, Off, Off, Off, On, Off, On, Off, Off, Off, Off, Lean
256.281, 1000, 1,36, 81, 16, 6, 13,8, 0,34, 2,78, 13, 45, 98, 2,32, Off, Off, Off, Off, On, Off, On, Off, Off, Off, Off, Lean
256.343, 1000, 1,34, 81, 6, 6, 13,7, 0,34, 2,78, 13, 44, 98, 2,32, Off, Off, Off, Off, On, Off, On, Off, Off, Off, Off, Lean
256.390, 1000, 1,34, 81, 2, 6, 13,8, 0,34, 2,77, 10, 44, 98, 2,31, Off, Off, Off, Off, On, Off, On, Off, Off, Off, Off, Lean
256.437, 1000, 1,34, 81, 0, 6, 13,8, 0,34, 2,77, 8, 44, 98, 2,31, Off, Off, Off, Off, On, Off, On, Off, Off, Off, Off, Lean
256.500, 975, 1,34, 81, 0, 6, 13,6, 0,34, 2,77, 6, 44, 98, 2,25, Off, Off, Off, Off, On, Off, On, Off, Off, Off, Off, Lean
256.546, 950, 1,33, 81, 0, 6, 13,6, 0,34, 2,77, 3, 44, 98, 2,19, Off, Off, Off, Off, On, Off, On, Off, Off, Off, Off, Lean
256.593, 938, 1,32, 81, 0, 6, 13,6, 0,34, 2,77, 3, 43, 98, 2,17, Off, Off, Off, Off, On, Off, On, Off, Off, Off, Off, Lean
256.656, 938, 1,32, 81, 0, 6, 13,6, 0,34, 2,78, 3, 43, 98, 2,17, Off, Off, Off, Off, On, Off, On, Off, Off, Off, Off, Lean
256.703, 900, 1,31, 81, 0, 10, 13,5, 0,34, 2,78, 3, 42, 98, 2,09, Off, Off, Off, Off, On, Off, On, Off, Off, Off, Off, Lean
256.750, 875, 1,32, 81, 0, 10, 13,7, 0,34, 2,79, 3, 42, 98, 2,03, Off, Off, Off, Off, On, Off, On, Off, Off, Off, Off, Lean
256.812, 875, 1,32, 81, 0, 10, 13,5, 0,34, 2,81, 3, 42, 98, 2,05, Off, Off, Off, Off, On, Off, On, Off, Off, Off, Off, Lean
256.875, 862, 1,3, 81, 0, 10, 13,7, 0,34, 2,82, 3, 42, 98, 2,03, Off, Off, Off, Off, On, Off, On, Off, Off, Off, Off, Lean
256.921, 838, 1,3, 81, 0, 10, 13,7, 0,34, 2,83, 3, 42, 98, 1,98, Off, Off, Off, Off, On, Off, On, Off, Off, Off, Off, Lean
256.984, 825, 1,3, 81, 0, 10, 13,7, 0,34, 2,86, 3, 42, 98, 1,97, Off, Off, Off, Off, On, Off, On, Off, Off, Off, Off, Lean
257.031, 812, 1,3, 81, 0, 10, 13,6, 0,34, 2,88, 3, 42, 98, 1,95, Off, Off, Off, Off, On, Off, On, Off, Off, Off, Off, Lean
257.078, 788, 1,3, 81, 0, 10, 13,7, 0,34, 2,9, 3, 42, 98, 1,9, Off, Off, Off, Off, On, Off, On, Off, Off, Off, Off, Lean
257.140, 775, 1,29, 81, 0, 10, 13,7, 0,34, 2,91, 3, 41, 98, 1,88, Off, Off, Off, Off, On, Off, On, Off, Off, Off, Off, Lean
257.187, 762, 1,3, 81, 0, 10, 13,6, 0,34, 2,94, 3, 41, 98, 1,87, Off, Off, Off, Off, On, Off, On, Off, Off, Off, Off, Lean
257.234, 725, 1,3, 81, 0, 10, 13,6, 0,34, 3, 3, 41, 98, 1,81, Off, Off, Off, Off, On, Off, On, Off, Off, Off, Off, Lean
257.281, 712, 1,28, 81, 0, 10, 13,6, 0,34, 3,03, 3, 41, 98, 1,8, Off, Off, Off, Off, On, Off, On, Off, Off, Off, Off, Lean
257.328, 712, 1,28, 81, 0, 10, 13,6, 0,34, 3,12, 5, 41, 98, 1,85, Off, Off, Off, Off, On, Off, On, Off, Off, Off, Off, Lean
257.390, 712, 1,28, 81, 0, 10, 13,5, 0,34, 3,17, 6, 41, 98, 1,88, Off, Off, Off, Off, On, Off, On, Off, Off, Off, Off, Lean
257.437, 725, 1,27, 81, 0, 6, 13,6, 0,34, 3,21, 5, 40, 98, 1,94, Off, Off, Off, Off, On, Off, On, Off, Off, Off, Off, Lean
257.484, 688, 1,28, 81, 0, 6, 13,5, 0,34, 3,21, 4, 40, 98, 1,84, Off, Off, Off, Off, On, Off, On, Off, Off, Off, Off, Lean
257.531, 712, 1,26, 81, 0, 6, 13,6, 0,34, 3,23, 5, 40, 98, 1,92, Off, Off, Off, Off, On, Off, On, Off, Off, Off, Off, Lean
257.609, 712, 1,26, 81, 0, 6, 13,7, 0,34, 3,25, 6, 40, 98, 1,93, Off, Off, Off, Off, On, Off, On, Off, Off, Off, Off, Lean
257.656, 725, 1,26, 81, 0, 6, 13,7, 0,34, 3,27, 7, 40, 98, 1,98, Off, Off, Off, Off, On, Off, On, Off, Off, Off, Off, Lean
257.703, 712, 1,26, 81, 0, 6, 13,7, 0,34, 3,27, 5, 39, 98, 1,94, Off, Off, Off, Off, On, Off, On, Off, Off, Off, Off, Lean
257.750, 738, 1,27, 81, 0, 6, 13,7, 0,34, 3,29, 5, 39, 98, 2,02, Off, Off, Off, Off, On, Off, On, Off, Off, Off, Off, Lean
257.796, 712, 1,25, 81, 0, 6, 13,7, 0,34, 3,22, 5, 39, 98, 1,91, Off, Off, Off, Off, On, Off, On, Off, Off, Off, Off, Lean
257.843, 738, 1,26, 81, 0, 6, 13,5, 0,34, 3,29, 4, 39, 98, 2,02, Off, Off, Off, Off, On, Off, On, Off, Off, Off, Off, Lean
257.906, 738, 1,26, 81, 0, 6, 13,7, 0,34, 3,18, 5, 39, 98, 1,96, Off, Off, Off, Off, On, Off, On, Off, Off, Off, Off, Lean
257.937, 738, 1,25, 81, 0, 6, 13,5, 0,34, 3,25, 5, 39, 98, 2, Off, Off, Off, Off, On, Off, On, Off, Off, Off, Off, Lean
258.000, 712, 1,25, 81, 8, 6, 13,6, 0,34, 3,23, 4, 39, 98, 1,92, Off, Off, Off, Off, On, Off, On, Off, Off, Off, Off, Lean
258.046, 712, 1,25, 81, 8, 6, 13,6, 0,34, 3,26, 5, 39, 98, 1,93, Off, Off, Off, Off, On, Off, On, Off, Off, Off, Off, Lean
258.109, 725, 1,24, 81, 47, 6, 13,4, 0,34, 3,26, 4, 39, 98, 1,97, Off, Off, Off, Off, On, Off, On, Off, Off, Off, Off, Lean
258.156, 712, 1,25, 81, 62, 2, 13,7, 0,34, 3,29, 5, 38, 98, 1,95, Off, Off, Off, Off, On, Off, On, Off, Off, Off, Off, Lean
258.203, 725, 1,25, 81, 62, 2, 13,6, 0,34, 3,2, 5, 38, 100, 1,93, Off, Off, Off, Off, On, Off, On, Off, Off, Off, Off, Rich
258.281, 725, 1,23, 81, 68, 2, 13,7, 0,34, 3,21, 5, 38, 100, 1,94, Off, Off, Off, Off, On, Off, On, Off, Off, Off, Off, Rich
258.328, 725, 1,25, 81, 70, 2, 13,7, 0,34, 3,2, 5, 38, 100, 1,93, Off, Off, Off, Off, On, Off, On, Off, Off, Off, Off, Rich
258.390, 712, 1,25, 81, 70, 2, 13,7, 0,34, 3,16, 4, 38, 100, 1,87, Off, Off, Off, Off, On, Off, On, Off, Off, Off, Off, Rich
258.437, 725, 1,24, 81, 71, 2, 13,7, 0,34, 3,17, 4, 38, 100, 1,92, Off, Off, Off, Off, On, Off, On, Off, Off, Off, Off, Rich
258.484, 725, 1,25, 81, 72, 2, 13,7, 0,34, 3,21, 5, 38, 100, 1,94, Off, Off, Off, Off, On, Off, On, Off, Off, Off, Off, Rich
258.531, 712, 1,25, 81, 72, 2, 13,7, 0,34, 3,15, 4, 38, 100, 1,87, Off, Off, Off, Off, On, Off, On, Off, Off, Off, Off, Rich
258.593, 725, 1,25, 81, 72, 2, 13,6, 0,34, 3,21, 3, 38, 100, 1,94, Off, Off, Off, Off, On, Off, On, Off, Off, Off, Off, Rich
258.640, 712, 1,25, 81, 72, 2, 13,6, 0,34, 3,2, 3, 38, 100, 1,9, Off, Off, Off, Off, On, Off, On, Off, Off, Off, Off, Rich
258.687, 738, 1,25, 81, 72, 2, 13,5, 0,34, 3,13, 5, 38, 100, 1,92, Off, Off, Off, Off, On, Off, On, Off, Off, Off, Off, Rich
258.750, 712, 1,25, 81, 73, 2, 13,6, 0,34, 3,19, 5, 38, 100, 1,89, Off, Off, Off, Off, On, Off, On, Off, Off, Off, Off, Rich
258.796, 725, 1,24, 81, 73, 2, 13,6, 0,34, 3,18, 5, 38, 100, 1,92, Off, Off, Off, Off, On, Off, On, Off, Off, Off, Off, Rich
258.843, 712, 1,24, 81, 73, 2, 13,7, 0,34, 3,13, 4, 38, 100, 1,86, Off, Off, Off, Off, On, Off, On, Off, Off, Off, Off, Rich
258.906, 725, 1,25, 81, 73, 2, 13,6, 0,34, 3,19, 7, 38, 100, 1,93, Off, Off, Off, Off, On, Off, On, Off, Off, Off, Off, Rich
258.968, 712, 1,24, 81, 73, 2, 13,7, 0,34, 3,15, 7, 38, 100, 1,87, Off, Off, Off, Off, On, Off, On, Off, Off, Off, Off, Rich
259.015, 725, 1,24, 81, 73, 2, 13,7, 0,34, 3,14, 7, 38, 100, 1,9, Off, Off, Off, Off, On, Off, On, Off, Off, Off, Off, Rich
259.078, 712, 1,24, 81, 72, 2, 13,8, 0,34, 3,12, 5, 38, 100, 1,85, Off, Off, Off, Off, On, Off, On, Off, Off, Off, Off, Rich
259.125, 725, 1,24, 81, 72, 2, 13,7, 0,34, 3,1, 6, 38, 100, 1,87, Off, Off, Off, Off, On, Off, On, Off, Off, Off, Off, Rich
259.187, 738, 1,24, 81, 73, 2, 13,8, 0,34, 3,12, 5, 38, 100, 1,92, Off, Off, Off, Off, On, Off, On, Off, Off, Off, Off, Rich
259.234, 712, 1,25, 81, 73, 2, 13,7, 0,34, 3,07, 3, 38, 100, 1,82, Off, Off, Off, Off, On, Off, On, Off, Off, Off, Off, Rich
259.281, 725, 1,23, 81, 73, 2, 13,7, 0,34, 3,06, 3, 38, 100, 1,85, Off, Off, Off, Off, On, Off, On, Off, Off, Off, Off, Rich
259.328, 712, 1,23, 81, 73, 2, 13,8, 0,34, 3,09, 5, 38, 100, 1,83, Off, Off, Off, Off, On, Off, On, Off, Off, Off, Off, Rich
259.375, 738, 1,24, 81, 73, 2, 13,4, 0,34, 3,06, 4, 38, 100, 1,88, Off, Off, Off, Off, On, Off, On, Off, Off, Off, Off, Rich
259.437, 712, 1,22, 81, 72, 2, 13,6, 0,34, 3,1, 3, 38, 100, 1,84, Off, Off, Off, Off, On, Off, On, Off, Off, Off, Off, Rich
259.484, 725, 1,23, 81, 72, 2, 13,6, 0,34, 3,1, 7, 38, 100, 1,87, Off, Off, Off, Off, On, Off, On, Off, Off, Off, Off, Rich
259.531, 688, 1,23, 81, 72, 0, 13,7, 0,34, 3,09, 6, 38, 100, 1,77, Off, Off, Off, Off, On, Off, On, Off, Off, Off, Off, Rich
259.593, 688, 1,22, 81, 71, 0, 13,6, 0,34, 3,09, 5, 37, 100, 1,77, Off, Off, Off, Off, On, Off, On, Off, Off, Off, Off, Rich
259.656, 688, 1,24, 81, 71, 0, 13,6, 0,34, 3,11, 7, 37, 100, 1,78, Off, Off, Off, Off, On, Off, On, Off, Off, Off, Off, Rich
259.703, 712, 1,23, 81, 71, 0, 13,6, 0,34, 3,12, 7, 37, 100, 1,85, Off, Off, Off, Off, On, Off, On, Off, Off, Off, Off, Rich
259.765, 688, 1,22, 81, 70, 0, 13,8, 0,34, 3,11, 7, 37, 100, 1,78, Off, Off, Off, Off, On, Off, On, Off, Off, Off, Off, Rich
259.812, 725, 1,24, 81, 70, 0, 13,7, 0,34, 3,1, 7, 37, 100, 1,87, Off, Off, Off, Off, On, Off, On, Off, Off, Off, Off, Rich
259.859, 725, 1,23, 81, 70, 0, 13,7, 0,34, 3,05, 5, 37, 100, 1,84, Off, Off, Off, Off, On, Off, On, Off, Off, Off, Off, Rich
259.906, 725, 1,22, 81, 69, 0, 13,7, 0,34, 3,06, 5, 37, 100, 1,85, Off, Off, Off, Off, On, Off, On, Off, Off, Off, Off, Rich
259.968, 712, 1,24, 81, 70, 0, 13,8, 0,34, 3,04, 4, 37, 100, 1,8, Off, Off, Off, Off, On, Off, On, Off, Off, Off, Off, Rich
260.031, 725, 1,23, 81, 70, 0, 13,8, 0,34, 3,08, 7, 37, 100, 1,86, Off, Off, Off, Off, On, Off, On, Off, Off, Off, Off, Rich
260.078, 712, 1,22, 81, 69, 0, 13,6, 0,34, 3,05, 5, 37, 100, 1,81, Off, Off, Off, Off, On, Off, On, Off, Off, Off, Off, Rich
260.125, 725, 1,23, 81, 69, 0, 13,5, 0,34, 3,03, 7, 37, 100, 1,83, Off, Off, Off, Off, On, Off, On, Off, Off, Off, Off, Rich
260.187, 688, 1,22, 81, 69, 0, 13,6, 0,34, 3,06, 5, 37, 100, 1,75, Off, Off, Off, Off, On, Off, On, Off, Off, Off, Off, Rich
260.234, 725, 1,23, 81, 67, 0, 13,5, 0,34, 3,09, 7, 37, 100, 1,87, Off, Off, Off, Off, On, Off, On, Off, Off, Off, Off, Rich
260.281, 675, 1,22, 81, 67, 0, 13,7, 0,34, 3,02, 5, 37, 100, 1,7, Off, Off, Off, Off, On, Off, On, Off, Off, Off, Off, Rich
260.359, 688, 1,22, 81, 68, 0, 13,7, 0,34, 3,1, 7, 37, 100, 1,78, Off, Off, Off, Off, On, Off, On, Off, Off, Off, Off, Rich
260.406, 688, 1,23, 81, 65, 0, 13,7, 0,34, 3,03, 5, 37, 100, 1,74, Off, Off, Off, Off, On, Off, On, Off, Off, Off, Off, Rich
260.453, 688, 1,23, 81, 65, 0, 13,7, 0,34, 3,07, 7, 37, 100, 1,76, Off, Off, Off, Off, On, Off, On, Off, Off, Off, Off, Rich
260.515, 725, 1,22, 81, 64, 0, 13,7, 0,34, 3, 6, 37, 100, 1,81, Off, Off, Off, Off, On, Off, On, Off, Off, Off, Off, Rich
260.562, 688, 1,23, 81, 64, 0, 13,8, 0,34, 3,03, 6, 37, 100, 1,74, Off, Off, Off, Off, On, Off, On, Off, Off, Off, Off, Rich
260.609, 725, 1,22, 81, 64, 0, 13,7, 0,34, 2,99, 7, 37, 100, 1,81, Off, Off, Off, Off, On, Off, On, Off, Off, Off, Off, Rich
260.671, 712, 1,23, 81, 67, 0, 13,7, 0,34, 3,07, 7, 36, 100, 1,82, Off, Off, Off, Off, On, Off, On, Off, Off, Off, Off, Rich
260.703, 738, 1,23, 81, 66, 0, 13,7, 0,34, 3,02, 7, 36, 100, 1,86, Off, Off, Off, Off, On, Off, On, Off, Off, Off, Off, Rich
260.765, 712, 1,21, 81, 66, 0, 13,8, 0,34, 3, 6, 36, 100, 1,78, Off, Off, Off, Off, On, Off, On, Off, Off, Off, Off, Rich
260.828, 712, 1,21, 81, 63, 0, 13,6, 0,34, 3,01, 6, 36, 100, 1,79, Off, Off, Off, Off, On, Off, On, Off, Off, Off, Off, Rich
260.875, 712, 1,22, 81, 63, 0, 13,7, 0,34, 2,95, 5, 36, 100, 1,75, Off, Off, Off, Off, On, Off, On, Off, Off, Off, Off, Rich
260.921, 712, 1,2, 81, 61, 0, 13,7, 0,34, 3,01, 7, 36, 100, 1,79, Off, Off, Off, Off, On, Off, On, Off, Off, Off, Off, Rich
260.984, 688, 1,22, 81, 60, 0, 13,7, 0,34, 3,02, 7, 36, 100, 1,73, Off, Off, Off, Off, On, Off, On, Off, Off, Off, Off, Rich
261.031, 688, 1,22, 81, 60, 0, 13,7, 0,34, 3,03, 11, 36, 100, 1,74, Off, Off, Off, Off, On, Off, On, Off, Off, Off, Off, Rich
261.093, 688, 1,2, 81, 59, 0, 13,7, 0,34, 3,01, 10, 36, 100, 1,73, Off, Off, Off, Off, On, Off, On, Off, Off, Off, Off, Rich
261.156, 712, 1,22, 81, 58, 0, 13,8, 0,34, 2,99, 8, 36, 100, 1,77, Off, Off, Off, Off, On, Off, On, Off, Off, Off, Off, Rich
261.203, 712, 1,21, 81, 58, 0, 13,7, 0,34, 2,96, 7, 36, 100, 1,76, Off, Off, Off, Off, On, Off, On, Off, Off, Off, Off, Rich
261.265, 712, 1,21, 81, 57, 0, 13,8, 0,34, 2,99, 7, 36, 100, 1,77, Off, Off, Off, Off, On, Off, On, Off, Off, Off, Off, Rich
261.312, 688, 1,22, 81, 56, 0, 13,7, 0,34, 2,95, 6, 36, 100, 1,69, Off, Off, Off, Off, On, Off, On, Off, Off, Off, Off, Rich
261.375, 725, 1,22, 81, 56, 0, 13,7, 0,34, 2,96, 5, 36, 100, 1,79, Off, Off, Off, Off, On, Off, On, Off, Off, Off, Off, Rich
261.421, 688, 1,2, 81, 55, 0, 13,7, 0,34, 2,99, 7, 36, 100, 1,71, Off, Off, Off, Off, On, Off, On, Off, Off, Off, Off, Rich
261.484, 712, 1,22, 81, 55, 0, 13,7, 0,34, 2,96, 7, 36, 100, 1,76, Off, Off, Off, Off, On, Off, On, Off, Off, Off, Off, Rich
261.531, 688, 1,21, 81, 54, 0, 13,6, 0,34, 2,95, 6, 36, 100, 1,69, Off, Off, Off, Off, On, Off, On, Off, Off, Off, Off, Rich
261.593, 712, 1,2, 81, 52, 0, 13,6, 0,34, 2,97, 7, 36, 100, 1,76, Off, Off, Off, Off, On, Off, On, Off, Off, Off, Off, Rich
261.640, 688, 1,22, 81, 49, 0, 13,5, 0,34, 3,02, 11, 36, 100, 1,73, Off, Off, Off, Off, On, Off, On, Off, Off, Off, Off, Rich
261.687, 675, 1,2, 81, 49, 0, 13,6, 0,34, 3,03, 11, 36, 100, 1,7, Off, Off, Off, Off, On, Off, On, Off, Off, Off, Off, Rich
261.765, 675, 1,22, 81, 45, 0, 13,6, 0,34, 3,02, 11, 36, 100, 1,7, Off, Off, Off, Off, On, Off, On, Off, Off, Off, Off, Rich
261.812, 675, 1,2, 81, 45, 0, 13,7, 0,34, 2,97, 11, 36, 100, 1,67, Off, Off, Off, Off, On, Off, On, Off, Off, Off, Off, Rich
261.875, 712, 1,2, 81, 42, 0, 13,6, 0,34, 3,03, 10, 36, 100, 1,8, Off, Off, Off, Off, On, Off, On, Off, Off, Off, Off, Rich
261.921, 675, 1,21, 81, 37, 0, 13,8, 0,34, 3,04, 11, 36, 99, 1,71, Off, Off, Off, Off, On, Off, On, Off, Off, Off, Off, Lean
261.968, 725, 1,2, 81, 37, 0, 13,6, 0,34, 2,99, 10, 36, 99, 1,81, Off, Off, Off, Off, On, Off, On, Off, Off, Off, Off, Lean
262.031, 725, 1,2, 81, 32, 0, 13,7, 0,34, 3, 11, 36, 99, 1,81, Off, Off, Off, Off, On, Off, On, Off, Off, Off, Off, Lean
262.078, 725, 1,22, 81, 32, 0, 13,6, 0,34, 2,96, 10, 35, 99, 1,79, Off, Off, Off, Off, On, Off, On, Off, Off, Off, Off, Lean
262.125, 725, 1,2, 81, 26, 0, 13,7, 0,34, 2,94, 7, 35, 99, 1,78, Off, Off, Off, Off, On, Off, On, Off, Off, Off, Off, Lean
262.187, 712, 1,21, 81, 21, 0, 13,8, 0,34, 2,97, 6, 35, 99, 1,76, Off, Off, Off, Off, On, Off, On, Off, Off, Off, Off, Lean
262.234, 725, 1,21, 81, 15, 0, 13,6, 0,34, 2,98, 5, 35, 99, 1,8, Off, Off, Off, Off, On, Off, On, Off, Off, Off, Off, Lean
262.265, 688, 1,19, 81, 15, 0, 13,6, 0,34, 2,96, 5, 35, 99, 1,7, Off, Off, Off, Off, On, Off, On, Off, Off, Off, Off, Lean
262.343, 688, 1,21, 81, 11, 0, 13,6, 0,34, 3,05, 7, 35, 99, 1,75, Off, Off, Off, Off, On, Off, On, Off, Off, Off, Off, Lean
262.390, 688, 1,2, 81, 11, 0, 13,7, 0,34, 2,97, 7, 35, 99, 1,7, Off, Off, Off, Off, On, Off, On, Off, Off, Off, Off, Lean
262.437, 712, 1,2, 81, 8, 0, 13,6, 0,34, 2,99, 11, 35, 99, 1,77, Off, Off, Off, Off, On, Off, On, Off, Off, Off, Off, Lean
262.515, 662, 1,2, 81, 8, 0, 13,6, 0,34, 3,01, 11, 35, 99, 1,66, Off, Off, Off, Off, On, Off, On, Off, Off, Off, Off, Lean
262.562, 712, 1,2, 81, 6, 0, 13,6, 0,34, 2,98, 10, 35, 99, 1,77, Off, Off, Off, Off, On, Off, On, Off, Off, Off, Off, Lean
262.625, 688, 1,2, 81, 4, 0, 13,8, 0,34, 3,03, 11, 35, 99, 1,74, Off, Off, Off, Off, On, Off, On, Off, Off, Off, Off, Lean
262.671, 712, 1,2, 81, 4, 0, 13,6, 0,34, 3,01, 11, 35, 99, 1,79, Off, Off, Off, Off, On, Off, On, Off, Off, Off, Off, Lean
262.718, 688, 1,2, 81, 3, 0, 13,7, 0,34, 2,99, 9, 35, 99, 1,71, Off, Off, Off, Off, On, Off, On, Off, Off, Off, Off, Lean
262.765, 712, 1,2, 81, 2, 0, 13,7, 0,34, 2,99, 7, 35, 99, 1,77, Off, Off, Off, Off, On, Off, On, Off, Off, Off, Off, Lean
262.812, 688, 1,2, 81, 2, 0, 13,8, 0,34, 2,91, 5, 35, 99, 1,67, Off, Off, Off, Off, On, Off, On, Off, Off, Off, Off, Lean
262.859, 712, 1,2, 81, 2, 0, 13,8, 0,34, 2,99, 7, 35, 99, 1,77, Off, Off, Off, Off, On, Off, On, Off, Off, Off, Off, Lean
262.921, 688, 1,2, 81, 2, 0, 13,8, 0,34, 2,95, 7, 35, 99, 1,69, Off, Off, Off, Off, On, Off, On, Off, Off, Off, Off, Lean
262.968, 712, 1,18, 81, 3, 0, 13,6, 0,34, 2,96, 7, 35, 99, 1,76, Off, Off, Off, Off, On, Off, On, Off, Off, Off, Off, Lean
263.015, 688, 1,2, 81, 7, 0, 13,6, 0,34, 2,96, 7, 35, 99, 1,7, Off, Off, Off, Off, On, Off, On, Off, Off, Off, Off, Lean
263.062, 688, 1,19, 81, 7, 0, 13,6, 0,34, 2,98, 7, 35, 99, 1,71, Off, Off, Off, Off, On, Off, On, Off, Off, Off, Off, Lean
263.109, 662, 1,2, 81, 16, 0, 13,6, 0,34, 3,04, 11, 35, 99, 1,68, Off, Off, Off, Off, On, Off, On, Off, Off, Off, Off, Lean
263.171, 675, 1,19, 81, 16, 0, 13,7, 0,34, 2,99, 11, 35, 99, 1,68, Off, Off, Off, Off, On, Off, On, Off, Off, Off, Off, Lean
263.234, 662, 1,18, 81, 26, 0, 13,6, 0,34, 2,98, 10, 35, 99, 1,64, Off, Off, Off, Off, On, Off, On, Off, Off, Off, Off, Lean
263.281, 662, 1,19, 81, 36, 0, 13,8, 0,34, 3, 13, 35, 99, 1,65, Off, Off, Off, Off, On, Off, On, Off, Off, Off, Off, Lean
263.328, 688, 1,18, 81, 36, 0, 13,5, 0,34, 3, 12, 35, 99, 1,72, Off, Off, Off, Off, On, Off, On, Off, Off, Off, Off, Lean
263.390, 675, 1,2, 81, 51, 0, 13,8, 0,34, 3,02, 11, 35, 99, 1,7, Off, Off, Off, Off, On, Off, On, Off, Off, Off, Off, Lean
263.437, 688, 1,2, 81, 51, 0, 13,8, 0,34, 2,91, 11, 35, 97, 1,67, Off, Off, Off, Off, On, Off, On, Off, Off, Off, Off, Rich
263.484, 688, 1,18, 81, 59, 0, 13,7, 0,34, 2,93, 10, 35, 97, 1,68, Off, Off, Off, Off, On, Off, On, Off, Off, Off, Off, Rich
263.531, 712, 1,2, 81, 59, 0, 13,7, 0,34, 2,87, 9, 35, 97, 1,7, Off, Off, Off, Off, On, Off, On, Off, Off, Off, Off, Rich
263.578, 712, 1,19, 81, 65, 0, 13,7, 0,34, 2,88, 7, 35, 97, 1,71, Off, Off, Off, Off, On, Off, On, Off, Off, Off, Off, Rich
263.640, 712, 1,19, 81, 67, 0, 13,7, 0,34, 2,89, 6, 35, 97, 1,71, Off, Off, Off, Off, On, Off, On, Off, Off, Off, Off, Rich
263.687, 688, 1,2, 81, 68, 0, 13,5, 0,34, 2,96, 7, 34, 97, 1,7, Off, Off, Off, Off, On, Off, On, Off, Off, Off, Off, Rich
263.750, 688, 1,18, 81, 68, 0, 13,5, 0,34, 2,91, 7, 34, 97, 1,67, Off, Off, Off, Off, On, Off, On, Off, Off, Off, Off, Rich
263.796, 688, 1,18, 81, 66, 0, 13,6, 0,34, 2,94, 11, 34, 97, 1,69, Off, Off, Off, Off, On, Off, On, Off, Off, Off, Off, Rich
263.843, 662, 1,19, 81, 66, 0, 13,6, 0,34, 2,92, 13, 34, 97, 1,61, Off, Off, Off, Off, On, Off, On, Off, Off, Off, Off, Rich
263.921, 662, 1,18, 81, 63, 0, 13,6, 0,34, 2,9, 12, 34, 97, 1,6, Off, Off, Off, Off, On, Off, On, Off, Off, Off, Off, Rich
263.968, 662, 1,19, 81, 60, 0, 13,6, 0,34, 2,95, 11, 34, 97, 1,63, Off, Off, Off, Off, On, Off, On, Off, Off, Off, Off, Rich
264.031, 675, 1,18, 81, 60, 0, 13,8, 0,34, 2,96, 13, 34, 97, 1,66, Off, Off, Off, Off, On, Off, On, Off, Off, Off, Off, Rich
264.078, 675, 1,18, 81, 59, 0, 13,7, 0,34, 2,95, 11, 34, 97, 1,66, Off, Off, Off, Off, On, Off, On, Off, Off, Off, Off, Rich
264.140, 712, 1,2, 81, 59, 0, 13,7, 0,34, 2,91, 11, 34, 97, 1,73, Off, Off, Off, Off, On, Off, On, Off, Off, Off, Off, Rich
264.187, 688, 1,18, 81, 59, 0, 13,8, 0,34, 2,91, 13, 34, 97, 1,67, Off, Off, Off, Off, On, Off, On, Off, Off, Off, Off, Rich
264.234, 675, 1,2, 81, 59, 0, 13,8, 0,34, 2,94, 12, 34, 97, 1,65, Off, Off, Off, Off, On, Off, On, Off, Off, Off, Off, Rich
264.296, 675, 1,18, 81, 59, 0, 13,7, 0,34, 2,85, 10, 34, 97, 1,6, Off, Off, Off, Off, On, Off, On, Off, Off, Off, Off, Rich
264.343, 675, 1,18, 81, 58, 0, 13,7, 0,34, 2,87, 8, 34, 97, 1,61, Off, Off, Off, Off, On, Off, On, Off, Off, Off, Off, Rich
264.390, 712, 1,19, 81, 58, 0, 13,4, 0,34, 2,85, 11, 34, 97, 1,69, Off, Off, Off, Off, On, Off, On, Off, Off, Off, Off, Rich
264.437, 688, 1,18, 81, 57, 0, 13,6, 0,34, 2,88, 9, 34, 97, 1,65, Off, Off, Off, Off, On, Off, On, Off, Off, Off, Off, Rich
264.484, 688, 1,18, 81, 55, 0, 13,6, 0,34, 2,93, 11, 34, 97, 1,68, Off, Off, Off, Off, On, Off, On, Off, Off, Off, Off, Rich
264.531, 662, 1,18, 81, 55, 0, 13,6, 0,34, 2,83, 10, 34, 97, 1,56, Off, Off, Off, Off, On, Off, On, Off, Off, Off, Off, Rich
264.609, 688, 1,18, 81, 50, 0, 13,6, 0,34, 2,93, 11, 34, 97, 1,68, Off, Off, Off, Off, On, Off, On, Off, Off, Off, Off, Rich
264.656, 675, 1,19, 81, 37, 0, 13,6, 0,34, 2,95, 12, 34, 97, 1,66, Off, Off, Off, Off, On, Off, On, Off, Off, Off, Off, Rich
264.703, 662, 1,18, 81, 37, 0, 13,6, 0,34, 2,92, 11, 34, 98, 1,61, Off, Off, Off, Off, On, Off, On, Off, Off, Off, Off, Lean
264.765, 662, 1,19, 81, 27, 0, 13,7, 0,34, 2,97, 11, 34, 98, 1,64, Off, Off, Off, Off, On, Off, On, Off, Off, Off, Off, Lean
264.812, 662, 1,18, 81, 27, 0, 13,7, 0,34, 2,98, 11, 34, 98, 1,64, Off, Off, Off, Off, On, Off, On, Off, Off, Off, Off, Lean
264.859, 675, 1,19, 81, 16, 0, 13,8, 0,34, 3, 13, 34, 98, 1,69, Off, Off, Off, Off, On, Off, On, Off, Off, Off, Off, Lean
264.906, 675, 1,19, 81, 16, 0, 13,8, 0,34, 2,97, 12, 34, 98, 1,67, Off, Off, Off, Off, On, Off, On, Off, Off, Off, Off, Lean
264.968, 712, 1,18, 81, 10, 0, 13,7, 0,34, 2,94, 10, 34, 98, 1,74, Off, Off, Off, Off, On, Off, On, Off, Off, Off, Off, Lean
265.015, 675, 1,2, 81, 5, 0, 13,8, 0,34, 3, 8, 34, 98, 1,69, Off, Off, Off, Off, On, Off, On, Off, Off, Off, Off, Lean
265.062, 675, 1,19, 81, 5, 0, 13,7, 0,34, 2,87, 7, 34, 98, 1,61, Off, Off, Off, Off, On, Off, On, Off, Off, Off, Off, Lean
265.125, 662, 1,18, 81, 3, 0, 13,6, 0,34, 2,93, 7, 34, 98, 1,62, Off, Off, Off, Off, On, Off, On, Off, Off, Off, Off, Lean
265.171, 675, 1,18, 81, 1, 0, 13,6, 0,34, 3, 7, 34, 98, 1,69, Off, Off, Off, Off, On, Off, On, Off, Off, Off, Off, Lean
265.234, 688, 1,18, 81, 1, 0, 13,4, 0,34, 2,99, 11, 34, 98, 1,71, Off, Off, Off, Off, On, Off, On, Off, Off, Off, Off, Lean
265.296, 662, 1,18, 81, 1, 0, 13,6, 0,34, 2,99, 11, 34, 98, 1,65, Off, Off, Off, Off, On, Off, On, Off, Off, Off, Off, Lean
265.343, 688, 1,19, 81, 1, 0, 13,7, 0,34, 3,01, 11, 34, 98, 1,73, Off, Off, Off, Off, On, Off, On, Off, Off, Off, Off, Lean
265.406, 675, 1,18, 81, 0, 0, 13,6, 0,34, 3, 11, 34, 98, 1,69, Off, Off, Off, Off, On, Off, On, Off, Off, Off, Off, Lean
265.437, 675, 1,19, 81, 0, 0, 13,8, 0,34, 2,99, 11, 34, 98, 1,68, Off, Off, Off, Off, On, Off, On, Off, Off, Off, Off, Lean
265.500, 688, 1,18, 81, 0, 0, 13,7, 0,34, 3, 11, 34, 98, 1,72, Off, Off, Off, Off, On, Off, On, Off, Off, Off, Off, Lean
265.562, 675, 1,18, 81, 0, 0, 13,8, 0,34, 2,98, 11, 34, 98, 1,68, Off, Off, Off, Off, On, Off, On, Off, Off, Off, Off, Lean
265.625, 712, 1,2, 81, 0, 0, 13,6, 0,34, 2,96, 11, 34, 98, 1,76, Off, Off, Off, Off, On, Off, On, Off, Off, Off, Off, Lean
265.671, 675, 1,19, 81, 1, 0, 13,7, 0,34, 2,92, 11, 34, 98, 1,64, Off, Off, Off, Off, On, Off, On, Off, Off, Off, Off, Lean
265.718, 712, 1,18, 81, 6, 0, 13,6, 0,34, 2,96, 10, 34, 98, 1,76, Off, Off, Off, Off, On, Off, On, Off, Off, Off, Off, Lean
265.781, 688, 1,18, 81, 6, 0, 13,7, 0,34, 2,89, 8, 34, 98, 1,66, Off, Off, Off, Off, On, Off, On, Off, Off, Off, Off, Lean
265.828, 712, 1,18, 81, 28, 0, 13,5, 0,34, 2,94, 7, 34, 98, 1,74, Off, Off, Off, Off, On, Off, On, Off, Off, Off, Off, Lean
265.875, 675, 1,19, 81, 44, 0, 13,6, 0,34, 2,94, 7, 34, 98, 1,65, Off, Off, Off, Off, On, Off, On, Off, Off, Off, Off, Lean
265.937, 675, 1,18, 81, 44, 0, 13,6, 0,34, 2,98, 11, 34, 98, 1,68, Off, Off, Off, Off, On, Off, On, Off, Off, Off, Off, Lean
266.000, 675, 1,18, 81, 50, 0, 13,6, 0,34, 2,99, 12, 34, 98, 1,68, Off, Off, Off, Off, On, Off, On, Off, Off, Off, Off, Rich
266.046, 662, 1,18, 81, 51, 0, 13,6, 0,34, 2,88, 10, 34, 98, 1,59, Off, Off, Off, Off, On, Off, On, Off, Off, Off, Off, Rich
266.109, 688, 1,17, 81, 51, 0, 13,6, 0,34, 2,91, 11, 34, 98, 1,67, Off, Off, Off, Off, On, Off, On, Off, Off, Off, Off, Rich
266.156, 675, 1,18, 81, 54, 0, 13,7, 0,34, 2,95, 11, 34, 98, 1,66, Off, Off, Off, Off, On, Off, On, Off, Off, Off, Off, Rich
266.218, 675, 1,18, 81, 54, 0, 13,8, 0,34, 2,91, 11, 34, 98, 1,64, Off, Off, Off, Off, On, Off, On, Off, Off, Off, Off, Rich
266.265, 688, 1,18, 81, 54, 0, 13,7, 0,34, 2,94, 11, 34, 98, 1,69, Off, Off, Off, Off, On, Off, On, Off, Off, Off, Off, Rich
266.312, 662, 1,19, 81, 60, 0, 13,7, 0,34, 2,95, 11, 34, 98, 1,63, Off, Off, Off, Off, On, Off, On, Off, Off, Off, Off, Rich
266.375, 688, 1,18, 81, 60, 0, 13,6, 0,34, 2,93, 11, 34, 98, 1,68, Off, Off, Off, Off, On, Off, On, Off, Off, Off, Off, Rich
266.421, 675, 1,17, 81, 61, 0, 13,7, 0,34, 2,85, 9, 34, 98, 1,6, Off, Off, Off, Off, On, Off, On, Off, Off, Off, Off, Rich
266.468, 712, 1,18, 81, 61, 0, 13,7, 0,34, 2,83, 11, 34, 98, 1,68, Off, Off, Off, Off, On, Off, On, Off, Off, Off, Off, Rich
266.531, 675, 1,18, 81, 65, 0, 13,5, 0,34, 2,83, 8, 34, 98, 1,59, Off, Off, Off, Off, On, Off, On, Off, Off, Off, Off, Rich
266.578, 688, 1,18, 81, 65, 0, 13,7, 0,34, 2,87, 7, 34, 98, 1,65, Off, Off, Off, Off, On, Off, On, Off, Off, Off, Off, Rich
266.625, 688, 1,18, 81, 65, 0, 13,5, 0,34, 2,87, 11, 34, 98, 1,65, Off, Off, Off, Off, On, Off, On, Off, Off, Off, Off, Rich
266.703, 675, 1,17, 81, 62, 0, 13,6, 0,34, 2,92, 11, 34, 98, 1,64, Off, Off, Off, Off, On, Off, On, Off, Off, Off, Off, Rich
266.750, 675, 1,18, 81, 60, 0, 13,6, 0,34, 2,93, 11, 34, 98, 1,65, Off, Off, Off, Off, On, Off, On, Off, Off, Off, Off, Rich
266.796, 675, 1,17, 81, 60, 0, 13,6, 0,34, 2,89, 12, 34, 98, 1,63, Off, Off, Off, Off, On, Off, On, Off, Off, Off, Off, Rich
266.859, 662, 1,18, 81, 58, 0, 13,6, 0,34, 2,93, 13, 34, 98, 1,62, Off, Off, Off, Off, On, Off, On, Off, Off, Off, Off, Rich
266.906, 675, 1,19, 81, 58, 0, 13,5, 0,34, 2,89, 11, 34, 98, 1,63, Off, Off, Off, Off, On, Off, On, Off, Off, Off, Off, Rich
266.968, 675, 1,17, 81, 58, 0, 13,8, 0,34, 2,93, 12, 34, 98, 1,65, Off, Off, Off, Off, On, Off, On, Off, Off, Off, Off, Rich
267.015, 688, 1,18, 81, 57, 0, 13,8, 0,34, 2,91, 11, 34, 98, 1,67, Off, Off, Off, Off, On, Off, On, Off, Off, Off, Off, Rich
267.062, 675, 1,18, 81, 57, 0, 13,7, 0,34, 2,91, 11, 34, 98, 1,64, Off, Off, Off, Off, On, Off, On, Off, Off, Off, Off, Rich
267.125, 688, 1,18, 81, 56, 0, 13,7, 0,34, 2,86, 10, 34, 98, 1,64, Off, Off, Off, Off, On, Off, On, Off, Off, Off, Off, Rich
267.171, 688, 1,18, 81, 55, 0, 13,7, 0,34, 2,91, 11, 34, 98, 1,67, Off, Off, Off, Off, On, Off, On, Off, Off, Off, Off, Rich
267.218, 675, 1,18, 81, 55, 0, 13,8, 0,34, 2,91, 11, 34, 98, 1,64, Off, Off, Off, Off, On, Off, On, Off, Off, Off, Off, Rich
267.265, 688, 1,18, 81, 48, 0, 13,5, 0,34, 2,88, 10, 34, 98, 1,65, Off, Off, Off, Off, On, Off, On, Off, Off, Off, Off, Rich
267.312, 675, 1,18, 81, 48, 0, 13,5, 0,34, 2,88, 11, 34, 98, 1,62, Off, Off, Off, Off, On, Off, On, Off, Off, Off, Off, Rich
267.375, 688, 1,18, 81, 40, 0, 13,5, 0,34, 2,92, 13, 34, 98, 1,67, Off, Off, Off, Off, On, Off, On, Off, Off, Off, Off, Rich
267.437, 662, 1,18, 81, 40, 0, 13,6, 0,34, 2,93, 11, 34, 98, 1,62, Off, Off, Off, Off, On, Off, On, Off, Off, Off, Off, Lean
267.484, 675, 1,17, 81, 28, 0, 13,7, 0,34, 2,95, 11, 34, 98, 1,66, Off, Off, Off, Off, On, Off, On, Off, Off, Off, Off, Lean
267.531, 675, 1,19, 81, 18, 0, 13,6, 0,34, 3, 13, 34, 98, 1,69, Off, Off, Off, Off, On, Off, On, Off, Off, Off, Off, Lean
267.578, 675, 1,18, 81, 18, 0, 13,7, 0,34, 2,98, 13, 34, 98, 1,68, Off, Off, Off, Off, On, Off, On, Off, Off, Off, Off, Lean
267.625, 675, 1,18, 81, 10, 0, 13,6, 0,34, 2,99, 13, 34, 98, 1,68, Off, Off, Off, Off, On, Off, On, Off, Off, Off, Off, Lean
267.671, 662, 1,18, 81, 10, 0, 13,7, 0,34, 2,95, 13, 34, 98, 1,63, Off, Off, Off, Off, On, Off, On, Off, Off, Off, Off, Lean
267.734, 688, 1,18, 81, 5, 0, 13,7, 0,34, 2,97, 12, 34, 98, 1,7, Off, Off, Off, Off, On, Off, On, Off, Off, Off, Off, Lean
267.781, 688, 1,18, 81, 2, 0, 13,7, 0,34, 2,98, 11, 34, 98, 1,71, Off, Off, Off, Off, On, Off, On, Off, Off, Off, Off, Lean
267.828, 675, 1,16, 81, 2, 0, 13,7, 0,34, 2,95, 11, 34, 98, 1,66, Off, Off, Off, Off, On, Off, On, Off, Off, Off, Off, Lean
267.890, 675, 1,18, 81, 1, 0, 13,7, 0,34, 2,91, 10, 34, 98, 1,64, Off, Off, Off, Off, On, Off, On, Off, Off, Off, Off, Lean
267.937, 675, 1,18, 81, 1, 0, 13,6, 0,34, 2,95, 8, 34, 98, 1,66, Off, Off, Off, Off, On, Off, On, Off, Off, Off, Off, Lean
267.984, 688, 1,18, 81, 0, 0, 13,4, 0,34, 2,98, 7, 34, 98, 1,71, Off, Off, Off, Off, On, Off, On, Off, Off, Off, Off, Lean
268.031, 675, 1,18, 81, 0, 0, 13,7, 0,34, 2,93, 11, 34, 98, 1,65, Off, Off, Off, Off, On, Off, On, Off, Off, Off, Off, Lean
268.093, 688, 1,18, 81, 0, 0, 13,6, 0,34, 2,96, 11, 34, 98, 1,7, Off, Off, Off, Off, On, Off, On, Off, Off, Off, Off, Lean
268.140, 688, 1,18, 81, 0, 0, 13,5, 0,34, 2,98, 11, 34, 98, 1,71, Off, Off, Off, Off, On, Off, On, Off, Off, Off, Off, Lean
268.203, 688, 1,17, 81, 0, 0, 13,5, 0,34, 2,98, 11, 34, 98, 1,71, Off, Off, Off, Off, On, Off, On, Off, Off, Off, Off, Lean
268.250, 688, 1,18, 81, 0, 0, 13,6, 0,34, 2,99, 11, 34, 98, 1,71, Off, Off, Off, Off, On, Off, On, Off, Off, Off, Off, Lean
268.296, 662, 1,18, 81, 0, 0, 13,7, 0,34, 2,97, 13, 34, 98, 1,64, Off, Off, Off, Off, On, Off, On, Off, Off, Off, Off, Lean
268.343, 675, 1,17, 81, 0, 0, 13,6, 0,34, 2,96, 12, 34, 98, 1,66, Off, Off, Off, Off, On, Off, On, Off, Off, Off, Off, Lean
268.390, 662, 1,18, 81, 0, 0, 13,7, 0,34, 2,96, 13, 34, 98, 1,63, Off, Off, Off, Off, On, Off, On, Off, Off, Off, Off, Lean
268.437, 688, 1,18, 81, 0, 0, 13,8, 0,34, 2,98, 11, 34, 98, 1,71, Off, Off, Off, Off, On, Off, On, Off, Off, Off, Off, Lean
268.500, 675, 1,18, 81, 0, 0, 13,8, 0,34, 2,98, 11, 34, 98, 1,68, Off, Off, Off, Off, On, Off, On, Off, Off, Off, Off, Lean
268.546, 675, 1,18, 81, 0, 0, 13,8, 0,34, 2,86, 10, 34, 98, 1,61, Off, Off, Off, Off, On, Off, On, Off, Off, Off, Off, Lean
268.578, 712, 1,18, 81, 1, 0, 13,7, 0,34, 2,92, 9, 34, 98, 1,73, Off, Off, Off, Off, On, Off, On, Off, Off, Off, Off, Lean
268.656, 688, 1,18, 81, 1, 0, 13,8, 0,34, 2,9, 11, 34, 98, 1,66, Off, Off, Off, Off, On, Off, On, Off, Off, Off, Off, Lean
268.703, 712, 1,17, 81, 3, 0, 13,5, 0,34, 2,92, 10, 34, 98, 1,73, Off, Off, Off, Off, On, Off, On, Off, Off, Off, Off, Lean
268.781, 688, 1,18, 81, 14, 0, 13,7, 0,34, 2,93, 8, 34, 98, 1,68, Off, Off, Off, Off, On, Off, On, Off, Off, Off, Off, Lean
268.828, 688, 1,18, 81, 14, 0, 13,6, 0,34, 2,98, 11, 34, 98, 1,71, Off, Off, Off, Off, On, Off, On, Off, Off, Off, Off, Lean
268.875, 675, 1,17, 81, 26, 0, 13,6, 0,34, 2,99, 13, 34, 98, 1,68, Off, Off, Off, Off, On, Off, On, Off, Off, Off, Off, Lean
268.921, 688, 1,18, 81, 26, 0, 13,6, 0,34, 2,93, 12, 34, 98, 1,68, Off, Off, Off, Off, On, Off, On, Off, Off, Off, Off, Lean
268.968, 675, 1,18, 81, 40, 0, 13,6, 0,34, 3,01, 13, 34, 98, 1,69, Off, Off, Off, Off, On, Off, On, Off, Off, Off, Off, Lean
269.015, 662, 1,18, 81, 43, 0, 13,7, 0,34, 3, 12, 34, 98, 1,65, Off, Off, Off, Off, On, Off, On, Off, Off, Off, Off, Lean
269.078, 675, 1,17, 81, 43, 0, 13,6, 0,34, 2,96, 12, 34, 98, 1,66, Off, Off, Off, Off, On, Off, On, Off, Off, Off, Off, Lean
269.125, 675, 1,18, 81, 51, 0, 13,7, 0,34, 2,99, 11, 34, 97, 1,68, Off, Off, Off, Off, On, Off, On, Off, Off, Off, Off, Rich
269.171, 688, 1,19, 81, 51, 0, 13,8, 0,34, 2,93, 11, 34, 97, 1,68, Off, Off, Off, Off, On, Off, On, Off, Off, Off, Off, Rich
269.234, 675, 1,17, 81, 58, 0, 13,8, 0,34, 2,93, 11, 34, 97, 1,65, Off, Off, Off, Off, On, Off, On, Off, Off, Off, Off, Rich
269.296, 712, 1,18, 81, 63, 0, 13,6, 0,34, 2,94, 11, 34, 97, 1,74, Off, Off, Off, Off, On, Off, On, Off, Off, Off, Off, Rich
269.343, 688, 1,19, 81, 64, 0, 13,7, 0,34, 2,95, 10, 34, 97, 1,69, Off, Off, Off, Off, On, Off, On, Off, Off, Off, Off, Rich
269.390, 688, 1,17, 81, 64, 0, 13,6, 0,34, 2,93, 11, 34, 97, 1,68, Off, Off, Off, Off, On, Off, On, Off, Off, Off, Off, Rich
269.468, 712, 1,18, 81, 64, 0, 13,5, 0,34, 2,84, 10, 34, 97, 1,69, Off, Off, Off, Off, On, Off, On, Off, Off, Off, Off, Rich
269.515, 662, 1,18, 81, 65, 0, 13,6, 0,34, 2,9, 11, 33, 97, 1,6, Off, Off, Off, Off, On, Off, On, Off, Off, Off, Off, Rich
269.578, 688, 1,17, 81, 64, 0, 13,4, 0,34, 2,93, 11, 33, 97, 1,68, Off, Off, Off, Off, On, Off, On, Off, Off, Off, Off, Rich
269.625, 662, 1,18, 81, 63, 0, 13,6, 0,34, 2,95, 11, 33, 97, 1,63, Off, Off, Off, Off, On, Off, On, Off, Off, Off, Off, Rich
269.671, 675, 1,17, 81, 63, 0, 13,6, 0,34, 2,95, 13, 33, 97, 1,66, Off, Off, Off, Off, On, Off, On, Off, Off, Off, Off, Rich
269.734, 675, 1,16, 81, 59, 0, 13,7, 0,34, 2,93, 12, 33, 97, 1,65, Off, Off, Off, Off, On, Off, On, Off, Off, Off, Off, Rich
269.781, 662, 1,18, 81, 59, 0, 13,7, 0,34, 2,87, 11, 33, 97, 1,58, Off, Off, Off, Off, On, Off, On, Off, Off, Off, Off, Rich
269.828, 688, 1,18, 81, 58, 0, 13,8, 0,34, 2,95, 13, 33, 97, 1,69, Off, Off, Off, Off, On, Off, On, Off, Off, Off, Off, Rich
269.890, 675, 1,18, 81, 58, 0, 13,7, 0,34, 2,94, 11, 33, 97, 1,65, Off, Off, Off, Off, On, Off, On, Off, Off, Off, Off, Rich
269.937, 675, 1,18, 81, 58, 0, 13,7, 0,34, 2,87, 12, 33, 97, 1,61, Off, Off, Off, Off, On, Off, On, Off, Off, Off, Off, Rich
269.984, 712, 1,18, 81, 58, 0, 13,7, 0,34, 2,91, 11, 33, 97, 1,73, Off, Off, Off, Off, On, Off, On, Off, Off, Off, Off, Rich
270.046, 688, 1,18, 81, 58, 0, 13,8, 0,34, 2,83, 11, 33, 97, 1,62, Off, Off, Off, Off, On, Off, On, Off, Off, Off, Off, Rich
270.093, 688, 1,16, 81, 58, 0, 13,4, 0,34, 2,89, 11, 33, 97, 1,66, Off, Off, Off, Off, On, Off, On, Off, Off, Off, Off, Rich
270.140, 675, 1,18, 81, 58, 0, 13,5, 0,34, 2,85, 10, 33, 97, 1,6, Off, Off, Off, Off, On, Off, On, Off, Off, Off, Off, Rich
270.218, 688, 1,17, 81, 58, 0, 13,6, 0,34, 2,92, 13, 33, 97, 1,67, Off, Off, Off, Off, On, Off, On, Off, Off, Off, Off, Rich
270.265, 675, 1,16, 81, 56, 0, 13,6, 0,34, 2,92, 13, 33, 97, 1,64, Off, Off, Off, Off, On, Off, On, Off, Off, Off, Off, Rich
270.328, 662, 1,18, 81, 54, 0, 13,7, 0,34, 2,92, 12, 33, 97, 1,61, Off, Off, Off, Off, On, Off, On, Off, Off, Off, Off, Rich
270.375, 688, 1,17, 81, 54, 0, 13,6, 0,34, 2,92, 13, 33, 97, 1,67, Off, Off, Off, Off, On, Off, On, Off, Off, Off, Off, Rich
270.421, 675, 1,16, 81, 47, 0, 13,6, 0,34, 2,93, 13, 33, 97, 1,65, Off, Off, Off, Off, On, Off, On, Off, Off, Off, Off, Rich
270.484, 675, 1,18, 81, 47, 0, 13,8, 0,34, 2,9, 13, 33, 97, 1,63, Off, Off, Off, Off, On, Off, On, Off, Off, Off, Off, Rich
270.531, 675, 1,17, 81, 38, 0, 13,7, 0,34, 2,93, 13, 33, 97, 1,65, Off, Off, Off, Off, On, Off, On, Off, Off, Off, Off, Lean
270.593, 662, 1,18, 81, 29, 0, 13,7, 0,34, 2,98, 12, 33, 97, 1,64, Off, Off, Off, Off, On, Off, On, Off, Off, Off, Off, Lean
270.640, 688, 1,16, 81, 29, 0, 13,7, 0,34, 2,97, 11, 33, 97, 1,7, Off, Off, Off, Off, On, Off, On, Off, Off, Off, Off, Lean
270.687, 688, 1,17, 81, 26, 0, 13,7, 0,34, 2,97, 13, 33, 97, 1,7, Off, Off, Off, Off, On, Off, On, Off, Off, Off, Off, Lean
270.750, 675, 1,18, 81, 26, 0, 13,8, 0,34, 2,97, 12, 33, 97, 1,67, Off, Off, Off, Off, On, Off, On, Off, Off, Off, Off, Lean
270.796, 712, 1,16, 81, 22, 0, 13,5, 0,34, 2,9, 10, 33, 97, 1,72, Off, Off, Off, Off, On, Off, On, Off, Off, Off, Off, Lean
270.843, 662, 1,18, 81, 21, 0, 13,5, 0,34, 2,99, 11, 33, 97, 1,65, Off, Off, Off, Off, On, Off, On, Off, Off, Off, Off, Lean
270.921, 675, 1,17, 81, 21, 0, 13,6, 0,34, 2,88, 9, 33, 97, 1,62, Off, Off, Off, Off, On, Off, On, Off, Off, Off, Off, Lean
270.968, 675, 1,16, 81, 22, 0, 13,6, 0,34, 2,96, 11, 33, 97, 1,66, Off, Off, Off, Off, On, Off, On, Off, Off, Off, Off, Lean
271.015, 675, 1,18, 81, 22, 0, 13,6, 0,34, 2,94, 11, 33, 97, 1,65, Off, Off, Off, Off, On, Off, On, Off, Off, Off, Off, Lean
271.078, 675, 1,17, 81, 23, 0, 13,6, 0,34, 2,96, 12, 33, 97, 1,66, Off, Off, Off, Off, On, Off, On, Off, Off, Off, Off, Lean
271.125, 662, 1,18, 81, 25, 0, 13,7, 0,34, 3, 11, 33, 97, 1,65, Off, Off, Off, Off, On, Off, On, Off, Off, Off, Off, Lean
271.187, 662, 1,18, 81, 25, 0, 13,8, 0,34, 2,95, 13, 33, 97, 1,63, Off, Off, Off, Off, On, Off, On, Off, Off, Off, Off, Lean
271.234, 662, 1,17, 81, 32, 0, 13,7, 0,34, 2,98, 11, 33, 97, 1,64, Off, Off, Off, Off, On, Off, On, Off, Off, Off, Off, Lean
271.281, 662, 1,18, 81, 37, 0, 13,7, 0,34, 2,99, 12, 33, 97, 1,65, Off, Off, Off, Off, On, Off, On, Off, Off, Off, Off, Lean
271.343, 688, 1,17, 81, 37, 0, 13,5, 0,34, 2,98, 11, 33, 97, 1,71, Off, Off, Off, Off, On, Off, On, Off, Off, Off, Off, Lean
271.390, 675, 1,17, 81, 52, 0, 13,7, 0,34, 2,98, 11, 33, 98, 1,68, Off, Off, Off, Off, On, Off, On, Off, Off, Off, Off, Rich
271.437, 688, 1,18, 81, 52, 0, 13,7, 0,34, 2,9, 10, 33, 98, 1,66, Off, Off, Off, Off, On, Off, On, Off, Off, Off, Off, Rich
271.500, 675, 1,17, 81, 61, 0, 13,7, 0,34, 2,89, 10, 33, 98, 1,63, Off, Off, Off, Off, On, Off, On, Off, Off, Off, Off, Rich
271.546, 688, 1,18, 81, 66, 0, 13,6, 0,34, 2,88, 8, 33, 98, 1,65, Off, Off, Off, Off, On, Off, On, Off, Off, Off, Off, Rich
271.609, 675, 1,17, 81, 66, 0, 13,6, 0,34, 2,92, 11, 33, 98, 1,64, Off, Off, Off, Off, On, Off, On, Off, Off, Off, Off, Rich
271.671, 675, 1,16, 81, 67, 0, 13,7, 0,34, 2,92, 11, 33, 98, 1,64, Off, Off, Off, Off, On, Off, On, Off, Off, Off, Off, Rich
271.718, 688, 1,18, 81, 67, 0, 13,6, 0,34, 2,89, 11, 33, 98, 1,66, Off, Off, Off, Off, On, Off, On, Off, Off, Off, Off, Rich
271.765, 675, 1,17, 81, 68, 0, 13,6, 0,34, 2,94, 13, 33, 98, 1,65, Off, Off, Off, Off, On, Off, On, Off, Off, Off, Off, Rich
271.828, 650, 1,18, 81, 67, 0, 13,6, 0,34, 2,95, 12, 33, 98, 1,6, Off, Off, Off, Off, On, Off, On, Off, Off, Off, Off, Rich
271.875, 662, 1,16, 81, 67, 0, 13,5, 0,34, 2,87, 11, 33, 98, 1,58, Off, Off, Off, Off, On, Off, On, Off, Off, Off, Off, Rich
271.937, 675, 1,17, 81, 67, 0, 13,8, 0,34, 2,95, 13, 33, 98, 1,66, Off, Off, Off, Off, On, Off, On, Off, Off, Off, Off, Rich
271.984, 688, 1,18, 81, 67, 0, 13,6, 0,34, 2,94, 13, 33, 98, 1,69, Off, Off, Off, Off, On, Off, On, Off, Off, Off, Off, Rich
272.031, 688, 1,17, 81, 65, 0, 13,6, 0,34, 2,89, 13, 33, 98, 1,66, Off, Off, Off, Off, On, Off, On, Off, Off, Off, Off, Rich
272.093, 662, 1,18, 81, 64, 0, 13,8, 0,34, 2,94, 12, 33, 98, 1,62, Off, Off, Off, Off, On, Off, On, Off, Off, Off, Off, Rich
272.140, 688, 1,18, 81, 64, 0, 13,6, 0,34, 2,88, 11, 33, 98, 1,65, Off, Off, Off, Off, On, Off, On, Off, Off, Off, Off, Rich
272.187, 662, 1,16, 81, 64, 0, 13,7, 0,34, 2,91, 11, 33, 98, 1,61, Off, Off, Off, Off, On, Off, On, Off, Off, Off, Off, Rich
272.250, 688, 1,18, 81, 64, 0, 13,5, 0,34, 2,87, 11, 33, 98, 1,65, Off, Off, Off, Off, On, Off, On, Off, Off, Off, Off, Rich
272.296, 662, 1,17, 81, 65, 0, 13,5, 0,34, 2,85, 9, 33, 98, 1,57, Off, Off, Off, Off, On, Off, On, Off, Off, Off, Off, Rich
272.359, 688, 1,18, 81, 62, 0, 13,6, 0,34, 2,88, 11, 33, 98, 1,65, Off, Off, Off, Off, On, Off, On, Off, Off, Off, Off, Rich
272.406, 662, 1,18, 81, 62, 0, 13,6, 0,34, 2,89, 11, 33, 98, 1,59, Off, Off, Off, Off, On, Off, On, Off, Off, Off, Off, Rich
272.468, 675, 1,17, 81, 61, 0, 13,5, 0,34, 2,92, 11, 33, 98, 1,64, Off, Off, Off, Off, On, Off, On, Off, Off, Off, Off, Rich
272.515, 662, 1,18, 81, 58, 0, 13,5, 0,34, 2,96, 13, 33, 98, 1,63, Off, Off, Off, Off, On, Off, On, Off, Off, Off, Off, Rich
272.562, 650, 1,17, 81, 58, 0, 13,6, 0,34, 2,93, 13, 33, 98, 1,59, Off, Off, Off, Off, On, Off, On, Off, Off, Off, Off, Rich
272.625, 675, 1,18, 81, 58, 0, 13,7, 0,34, 2,96, 13, 33, 98, 1,66, Off, Off, Off, Off, On, Off, On, Off, Off, Off, Off, Rich
272.671, 675, 1,18, 81, 57, 0, 13,7, 0,34, 2,95, 13, 33, 98, 1,66, Off, Off, Off, Off, On, Off, On, Off, Off, Off, Off, Rich
272.718, 662, 1,16, 81, 57, 0, 13,8, 0,34, 2,94, 12, 33, 98, 1,62, Off, Off, Off, Off, On, Off, On, Off, Off, Off, Off, Rich
272.781, 675, 1,18, 81, 57, 0, 13,5, 0,34, 2,88, 11, 33, 98, 1,62, Off, Off, Off, Off, On, Off, On, Off, Off, Off, Off, Rich
272.828, 662, 1,18, 81, 57, 0, 13,7, 0,34, 2,91, 11, 33, 98, 1,61, Off, Off, Off, Off, On, Off, On, Off, Off, Off, Off, Rich
272.875, 688, 1,18, 81, 56, 0, 13,7, 0,34, 2,92, 11, 33, 98, 1,67, Off, Off, Off, Off, On, Off, On, Off, Off, Off, Off, Rich
272.937, 688, 1,17, 81, 56, 0, 13,6, 0,34, 2,87, 11, 33, 98, 1,65, Off, Off, Off, Off, On, Off, On, Off, Off, Off, Off, Rich
272.984, 688, 1,17, 81, 57, 0, 13,6, 0,34, 2,87, 10, 33, 98, 1,65, Off, Off, Off, Off, On, Off, On, Off, Off, Off, Off, Rich
273.046, 688, 1,18, 81, 57, 0, 13,5, 0,34, 2,93, 11, 33, 98, 1,68, Off, Off, Off, Off, On, Off, On, Off, Off, Off, Off, Rich
273.093, 675, 1,17, 81, 57, 0, 13,7, 0,34, 2,86, 11, 33, 98, 1,61, Off, Off, Off, Off, On, Off, On, Off, Off, Off, Off, Rich
273.156, 688, 1,18, 81, 59, 0, 13,5, 0,34, 2,9, 11, 33, 98, 1,66, Off, Off, Off, Off, On, Off, On, Off, Off, Off, Off, Rich
273.203, 688, 1,18, 81, 57, 0, 13,6, 0,34, 2,95, 13, 33, 98, 1,69, Off, Off, Off, Off, On, Off, On, Off, Off, Off, Off, Rich
273.265, 675, 1,16, 81, 57, 0, 13,6, 0,34, 2,9, 12, 33, 98, 1,63, Off, Off, Off, Off, On, Off, On, Off, Off, Off, Off, Rich
273.312, 675, 1,18, 81, 55, 0, 13,5, 0,34, 2,93, 13, 33, 98, 1,65, Off, Off, Off, Off, On, Off, On, Off, Off, Off, Off, Rich
273.375, 675, 1,18, 81, 55, 0, 13,7, 0,34, 2,89, 12, 33, 98, 1,63, Off, Off, Off, Off, On, Off, On, Off, Off, Off, Off, Rich
273.421, 675, 1,16, 81, 52, 0, 13,8, 0,34, 2,91, 12, 33, 98, 1,64, Off, Off, Off, Off, On, Off, On, Off, Off, Off, Off, Rich
273.468, 675, 1,18, 81, 46, 0, 13,7, 0,34, 2,95, 13, 33, 98, 1,66, Off, Off, Off, Off, On, Off, On, Off, Off, Off, Off, Rich
273.531, 688, 1,18, 81, 46, 0, 13,7, 0,34, 2,92, 13, 33, 98, 1,67, Off, Off, Off, Off, On, Off, On, Off, Off, Off, Off, Rich
273.593, 688, 1,17, 81, 38, 0, 13,4, 0,34, 2,91, 11, 33, 98, 1,67, Off, Off, Off, Off, On, Off, On, Off, Off, Off, Off, Rich
273.640, 662, 1,18, 81, 36, 0, 13,7, 0,34, 2,98, 11, 33, 98, 1,64, Off, Off, Off, Off, On, Off, On, Off, Off, Off, Off, Lean
273.703, 688, 1,17, 81, 36, 0, 13,5, 0,34, 2,97, 11, 33, 98, 1,7, Off, Off, Off, Off, On, Off, On, Off, Off, Off, Off, Lean
273.765, 675, 1,18, 81, 34, 0, 13,6, 0,34, 2,98, 11, 33, 98, 1,68, Off, Off, Off, Off, On, Off, On, Off, Off, Off, Off, Lean
273.812, 675, 1,18, 81, 34, 0, 13,6, 0,34, 2,93, 11, 33, 98, 1,65, Off, Off, Off, Off, On, Off, On, Off, Off, Off, Off, Lean
273.859, 675, 1,17, 81, 32, 0, 13,5, 0,34, 3, 13, 33, 98, 1,69, Off, Off, Off, Off, On, Off, On, Off, Off, Off, Off, Lean
273.921, 662, 1,18, 81, 27, 0, 13,6, 0,34, 3,01, 11, 33, 98, 1,66, Off, Off, Off, Off, On, Off, On, Off, Off, Off, Off, Lean
273.984, 688, 1,16, 81, 27, 0, 13,4, 0,34, 2,96, 11, 33, 98, 1,7, Off, Off, Off, Off, On, Off, On, Off, Off, Off, Off, Lean
274.031, 662, 1,17, 81, 23, 0, 13,7, 0,34, 3, 13, 33, 98, 1,65, Off, Off, Off, Off, On, Off, On, Off, Off, Off, Off, Lean
274.078, 688, 1,18, 81, 23, 0, 13,8, 0,34, 3, 13, 33, 98, 1,72, Off, Off, Off, Off, On, Off, On, Off, Off, Off, Off, Lean
274.140, 675, 1,17, 81, 19, 0, 13,7, 0,34, 2,98, 11, 33, 98, 1,68, Off, Off, Off, Off, On, Off, On, Off, Off, Off, Off, Lean
274.187, 675, 1,18, 81, 20, 0, 13,7, 0,34, 2,92, 10, 33, 98, 1,64, Off, Off, Off, Off, On, Off, On, Off, Off, Off, Off, Lean
274.234, 688, 1,18, 81, 20, 0, 13,7, 0,34, 2,92, 9, 33, 98, 1,67, Off, Off, Off, Off, On, Off, On, Off, Off, Off, Off, Lean
274.281, 688, 1,17, 81, 22, 0, 13,7, 0,34, 3,01, 11, 33, 98, 1,73, Off, Off, Off, Off, On, Off, On, Off, Off, Off, Off, Lean
274.343, 688, 1,18, 81, 22, 0, 13,5, 0,34, 2,96, 11, 33, 98, 1,7, Off, Off, Off, Off, On, Off, On, Off, Off, Off, Off, Lean
274.406, 688, 1,17, 81, 30, 0, 13,6, 0,34, 2,93, 10, 33, 98, 1,68, Off, Off, Off, Off, On, Off, On, Off, Off, Off, Off, Lean
274.453, 688, 1,17, 81, 44, 0, 13,6, 0,34, 2,99, 11, 33, 98, 1,71, Off, Off, Off, Off, On, Off, On, Off, Off, Off, Off, Lean
274.500, 675, 1,16, 81, 44, 0, 13,5, 0,34, 2,92, 11, 33, 98, 1,64, Off, Off, Off, Off, On, Off, On, Off, Off, Off, Off, Lean
274.562, 675, 1,16, 81, 61, 0, 13,7, 0,34, 2,99, 11, 33, 98, 1,68, Off, Off, Off, Off, On, Off, On, Off, Off, Off, Off, Rich
274.609, 688, 1,18, 81, 65, 0, 13,6, 0,34, 2,97, 13, 33, 98, 1,7, Off, Off, Off, Off, On, Off, On, Off, Off, Off, Off, Rich
274.671, 650, 1,16, 81, 65, 0, 13,6, 0,34, 2,94, 12, 33, 98, 1,59, Off, Off, Off, Off, On, Off, On, Off, Off, Off, Off, Rich
274.734, 688, 1,17, 81, 67, 0, 13,4, 0,34, 2,94, 11, 33, 98, 1,69, Off, Off, Off, Off, On, Off, On, Off, Off, Off, Off, Rich
274.781, 650, 1,18, 81, 67, 0, 13,6, 0,34, 2,94, 12, 33, 98, 1,59, Off, Off, Off, Off, On, Off, On, Off, Off, Off, Off, Rich
274.828, 675, 1,16, 81, 67, 0, 13,7, 0,34, 2,96, 13, 33, 98, 1,66, Off, Off, Off, Off, On, Off, On, Off, Off, Off, Off, Rich
274.890, 688, 1,18, 81, 68, 0, 13,7, 0,34, 2,94, 13, 33, 98, 1,69, Off, Off, Off, Off, On, Off, On, Off, Off, Off, Off, Rich
274.937, 662, 1,18, 81, 68, 0, 13,8, 0,34, 2,92, 12, 33, 98, 1,61, Off, Off, Off, Off, On, Off, On, Off, Off, Off, Off, Rich
274.984, 688, 1,17, 81, 67, 0, 13,7, 0,34, 2,89, 11, 33, 98, 1,66, Off, Off, Off, Off, On, Off, On, Off, Off, Off, Off, Rich
275.046, 662, 1,17, 81, 67, 0, 13,7, 0,34, 2,88, 11, 33, 98, 1,59, Off, Off, Off, Off, On, Off, On, Off, Off, Off, Off, Rich
275.109, 712, 1,17, 81, 68, 0, 13,4, 0,34, 2,91, 11, 33, 98, 1,73, Off, Off, Off, Off, On, Off, On, Off, Off, Off, Off, Rich
275.156, 675, 1,18, 81, 68, 0, 13,5, 0,34, 2,93, 11, 33, 98, 1,65, Off, Off, Off, Off, On, Off, On, Off, Off, Off, Off, Rich
275.218, 675, 1,18, 81, 68, 0, 13,6, 0,34, 2,89, 11, 33, 98, 1,63, Off, Off, Off, Off, On, Off, On, Off, Off, Off, Off, Rich
275.265, 675, 1,16, 81, 68, 0, 13,6, 0,34, 2,93, 12, 33, 98, 1,65, Off, Off, Off, Off, On, Off, On, Off, Off, Off, Off, Rich
275.296, 662, 1,18, 81, 65, 0, 13,5, 0,34, 2,93, 11, 33, 98, 1,62, Off, Off, Off, Off, On, Off, On, Off, Off, Off, Off, Rich
275.375, 688, 1,16, 81, 65, 0, 13,5, 0,34, 2,94, 13, 33, 98, 1,69, Off, Off, Off, Off, On, Off, On, Off, Off, Off, Off, Rich
275.421, 675, 1,17, 81, 64, 0, 13,5, 0,34, 2,95, 13, 33, 98, 1,66, Off, Off, Off, Off, On, Off, On, Off, Off, Off, Off, Rich
275.468, 662, 1,18, 81, 64, 0, 13,6, 0,34, 2,93, 13, 33, 98, 1,62, Off, Off, Off, Off, On, Off, On, Off, Off, Off, Off, Rich
275.531, 662, 1,16, 81, 61, 0, 13,6, 0,34, 2,95, 13, 33, 98, 1,63, Off, Off, Off, Off, On, Off, On, Off, Off, Off, Off, Rich
275.578, 662, 1,18, 81, 60, 0, 13,6, 0,34, 2,93, 12, 33, 98, 1,62, Off, Off, Off, Off, On, Off, On, Off, Off, Off, Off, Rich
275.625, 675, 1,17, 81, 60, 0, 13,8, 0,34, 2,95, 13, 33, 98, 1,66, Off, Off, Off, Off, On, Off, On, Off, Off, Off, Off, Rich
275.671, 662, 1,18, 81, 58, 0, 13,7, 0,34, 2,96, 11, 33, 98, 1,63, Off, Off, Off, Off, On, Off, On, Off, Off, Off, Off, Rich
275.718, 675, 1,18, 81, 58, 0, 13,7, 0,34, 2,9, 11, 33, 98, 1,63, Off, Off, Off, Off, On, Off, On, Off, Off, Off, Off, Rich
275.796, 688, 1,18, 81, 59, 0, 13,5, 0,34, 2,95, 11, 33, 98, 1,69, Off, Off, Off, Off, On, Off, On, Off, Off, Off, Off, Rich
275.843, 662, 1,18, 81, 57, 0, 13,6, 0,34, 2,88, 9, 33, 98, 1,59, Off, Off, Off, Off, On, Off, On, Off, Off, Off, Off, Rich
275.890, 688, 1,16, 81, 57, 0, 13,6, 0,34, 2,92, 11, 33, 98, 1,67, Off, Off, Off, Off, On, Off, On, Off, Off, Off, Off, Rich
275.953, 675, 1,18, 81, 57, 0, 13,5, 0,34, 2,95, 13, 33, 98, 1,66, Off, Off, Off, Off, On, Off, On, Off, Off, Off, Off, Rich
276.000, 675, 1,18, 81, 57, 0, 13,6, 0,34, 2,9, 11, 33, 98, 1,63, Off, Off, Off, Off, On, Off, On, Off, Off, Off, Off, Rich
276.046, 688, 1,16, 81, 56, 0, 13,6, 0,34, 2,95, 13, 33, 98, 1,69, Off, Off, Off, Off, On, Off, On, Off, Off, Off, Off, Rich
276.109, 662, 1,17, 81, 56, 0, 13,6, 0,34, 2,93, 13, 33, 98, 1,62, Off, Off, Off, Off, On, Off, On, Off, Off, Off, Off, Rich
276.156, 688, 1,17, 81, 56, 0, 13,5, 0,34, 2,94, 13, 33, 98, 1,69, Off, Off, Off, Off, On, Off, On, Off, Off, Off, Off, Rich
276.203, 662, 1,18, 81, 54, 0, 13,6, 0,34, 2,94, 13, 33, 98, 1,62, Off, Off, Off, Off, On, Off, On, Off, Off, Off, Off, Rich
276.250, 675, 1,16, 81, 54, 0, 13,6, 0,34, 2,91, 12, 33, 98, 1,64, Off, Off, Off, Off, On, Off, On, Off, Off, Off, Off, Rich
276.296, 675, 1,17, 81, 52, 0, 13,6, 0,34, 2,95, 13, 33, 98, 1,66, Off, Off, Off, Off, On, Off, On, Off, Off, Off, Off, Rich
276.343, 675, 1,18, 81, 52, 0, 13,7, 0,34, 2,91, 12, 33, 98, 1,64, Off, Off, Off, Off, On, Off, On, Off, Off, Off, Off, Rich
276.406, 675, 1,16, 81, 47, 0, 13,6, 0,34, 2,91, 12, 33, 98, 1,64, Off, Off, Off, Off, On, Off, On, Off, Off, Off, Off, Rich
276.453, 675, 1,18, 81, 47, 0, 13,7, 0,34, 2,92, 11, 33, 98, 1,64, Off, Off, Off, Off, On, Off, On, Off, Off, Off, Off, Rich
276.531, 688, 1,17, 81, 47, 0, 13,8, 0,34, 2,91, 11, 33, 98, 1,67, Off, Off, Off, Off, On, Off, On, Off, Off, Off, Off, Rich
276.578, 675, 1,16, 81, 46, 0, 13,5, 0,34, 2,84, 10, 33, 98, 1,6, Off, Off, Off, Off, On, Off, On, Off, Off, Off, Off, Rich
276.640, 688, 1,18, 81, 46, 0, 13,5, 0,34, 2,8, 9, 33, 98, 1,61, Off, Off, Off, Off, On, Off, On, Off, Off, Off, Off, Rich
276.687, 688, 1,17, 81, 46, 0, 13,6, 0,34, 2,88, 12, 33, 98, 1,65, Off, Off, Off, Off, On, Off, On, Off, Off, Off, Off, Rich
276.734, 662, 1,18, 81, 39, 0, 13,6, 0,34, 2,93, 11, 33, 98, 1,62, Off, Off, Off, Off, On, Off, On, Off, Off, Off, Off, Rich
276.796, 662, 1,16, 81, 39, 0, 13,6, 0,34, 2,91, 11, 33, 98, 1,61, Off, Off, Off, Off, On, Off, On, Off, Off, Off, Off, Lean
276.843, 662, 1,16, 81, 34, 0, 13,6, 0,34, 3, 13, 33, 98, 1,65, Off, Off, Off, Off, On, Off, On, Off, Off, Off, Off, Lean
276.875, 675, 1,18, 81, 34, 0, 13,8, 0,34, 3, 13, 33, 98, 1,69, Off, Off, Off, Off, On, Off, On, Off, Off, Off, Off, Lean
276.953, 675, 1,16, 81, 27, 0, 13,7, 0,34, 2,96, 13, 33, 98, 1,66, Off, Off, Off, Off, On, Off, On, Off, Off, Off, Off, Lean
277.000, 675, 1,18, 81, 21, 0, 13,7, 0,34, 3, 12, 33, 98, 1,69, Off, Off, Off, Off, On, Off, On, Off, Off, Off, Off, Lean
277.062, 688, 1,18, 81, 21, 0, 13,6, 0,34, 2,95, 12, 33, 98, 1,69, Off, Off, Off, Off, On, Off, On, Off, Off, Off, Off, Lean
277.109, 675, 1,16, 81, 15, 0, 13,7, 0,34, 2,98, 13, 33, 98, 1,68, Off, Off, Off, Off, On, Off, On, Off, Off, Off, Off, Lean
277.171, 675, 1,18, 81, 13, 0, 13,7, 0,34, 2,97, 12, 33, 98, 1,67, Off, Off, Off, Off, On, Off, On, Off, Off, Off, Off, Lean
277.234, 675, 1,18, 81, 13, 0, 13,7, 0,34, 2,9, 10, 33, 98, 1,63, Off, Off, Off, Off, On, Off, On, Off, Off, Off, Off, Lean
277.281, 675, 1,16, 81, 11, 0, 13,6, 0,34, 2,95, 8, 33, 98, 1,66, Off, Off, Off, Off, On, Off, On, Off, Off, Off, Off, Lean
277.343, 688, 1,18, 81, 11, 0, 13,5, 0,34, 2,91, 7, 33, 98, 1,67, Off, Off, Off, Off, On, Off, On, Off, Off, Off, Off, Lean
277.390, 675, 1,18, 81, 13, 0, 13,5, 0,34, 2,96, 11, 33, 98, 1,66, Off, Off, Off, Off, On, Off, On, Off, Off, Off, Off, Lean
277.437, 675, 1,17, 81, 16, 0, 13,7, 0,34, 3,01, 13, 33, 98, 1,69, Off, Off, Off, Off, On, Off, On, Off, Off, Off, Off, Lean
277.500, 675, 1,16, 81, 16, 0, 13,6, 0,34, 2,96, 13, 33, 98, 1,66, Off, Off, Off, Off, On, Off, On, Off, Off, Off, Off, Lean
277.546, 662, 1,16, 81, 25, 0, 13,6, 0,34, 2,99, 13, 33, 98, 1,65, Off, Off, Off, Off, On, Off, On, Off, Off, Off, Off, Lean
277.593, 688, 1,18, 81, 25, 0, 13,5, 0,34, 2,95, 12, 33, 98, 1,69, Off, Off, Off, Off, On, Off, On, Off, Off, Off, Off, Lean
277.656, 650, 1,18, 81, 36, 0, 13,7, 0,34, 2,95, 12, 33, 98, 1,6, Off, Off, Off, Off, On, Off, On, Off, Off, Off, Off, Lean
277.703, 675, 1,18, 81, 50, 0, 13,7, 0,34, 3,01, 13, 33, 98, 1,69, Off, Off, Off, Off, On, Off, On, Off, Off, Off, Off, Lean
277.750, 688, 1,18, 81, 50, 0, 13,5, 0,34, 2,93, 13, 33, 98, 1,68, Off, Off, Off, Off, On, Off, On, Off, Off, Off, Off, Rich
277.812, 675, 1,16, 81, 60, 0, 13,8, 0,34, 2,94, 11, 33, 98, 1,65, Off, Off, Off, Off, On, Off, On, Off, Off, Off, Off, Rich
277.875, 688, 1,18, 81, 66, 0, 13,7, 0,34, 2,89, 10, 33, 98, 1,66, Off, Off, Off, Off, On, Off, On, Off, Off, Off, Off, Rich
277.921, 688, 1,17, 81, 66, 0, 13,7, 0,34, 2,9, 11, 33, 98, 1,66, Off, Off, Off, Off, On, Off, On, Off, Off, Off, Off, Rich
277.984, 688, 1,17, 81, 67, 0, 13,4, 0,34, 2,95, 11, 33, 98, 1,69, Off, Off, Off, Off, On, Off, On, Off, Off, Off, Off, Rich
278.031, 712, 1,18, 81, 67, 0, 13,5, 0,34, 2,91, 13, 33, 98, 1,73, Off, Off, Off, Off, On, Off, On, Off, Off, Off, Off, Rich
278.093, 662, 1,16, 81, 67, 0, 13,6, 0,34, 2,93, 12, 33, 98, 1,62, Off, Off, Off, Off, On, Off, On, Off, Off, Off, Off, Rich
278.156, 688, 1,17, 81, 67, 0, 13,5, 0,34, 2,93, 11, 33, 98, 1,68, Off, Off, Off, Off, On, Off, On, Off, Off, Off, Off, Rich
278.203, 662, 1,18, 81, 66, 0, 13,6, 0,34, 2,94, 11, 33, 98, 1,62, Off, Off, Off, Off, On, Off, On, Off, Off, Off, Off, Rich
278.250, 688, 1,17, 81, 66, 0, 13,7, 0,34, 2,96, 13, 33, 98, 1,7, Off, Off, Off, Off, On, Off, On, Off, Off, Off, Off, Rich
278.312, 662, 1,18, 81, 65, 0, 13,6, 0,34, 2,96, 11, 33, 98, 1,63, Off, Off, Off, Off, On, Off, On, Off, Off, Off, Off, Rich
278.359, 662, 1,18, 81, 65, 0, 13,7, 0,34, 2,92, 13, 33, 98, 1,61, Off, Off, Off, Off, On, Off, On, Off, Off, Off, Off, Rich
278.406, 688, 1,18, 81, 64, 0, 13,6, 0,34, 2,94, 13, 33, 98, 1,69, Off, Off, Off, Off, On, Off, On, Off, Off, Off, Off, Rich
278.468, 662, 1,18, 81, 64, 0, 13,7, 0,34, 2,92, 11, 33, 98, 1,61, Off, Off, Off, Off, On, Off, On, Off, Off, Off, Off, Rich
278.515, 688, 1,16, 81, 62, 0, 13,7, 0,34, 2,92, 13, 33, 98, 1,67, Off, Off, Off, Off, On, Off, On, Off, Off, Off, Off, Rich
278.562, 675, 1,18, 81, 63, 0, 13,7, 0,34, 2,95, 11, 33, 98, 1,66, Off, Off, Off, Off, On, Off, On, Off, Off, Off, Off, Rich
278.625, 688, 1,17, 81, 63, 0, 13,7, 0,34, 2,94, 11, 33, 98, 1,69, Off, Off, Off, Off, On, Off, On, Off, Off, Off, Off, Rich
278.671, 712, 1,17, 81, 64, 0, 13,7, 0,34, 2,84, 11, 33, 98, 1,69, Off, Off, Off, Off, On, Off, On, Off, Off, Off, Off, Rich
278.718, 662, 1,17, 81, 64, 0, 13,6, 0,34, 2,88, 10, 33, 98, 1,59, Off, Off, Off, Off, On, Off, On, Off, Off, Off, Off, Rich
278.781, 675, 1,16, 81, 65, 0, 13,6, 0,34, 2,93, 11, 33, 98, 1,65, Off, Off, Off, Off, On, Off, On, Off, Off, Off, Off, Rich
278.828, 662, 1,18, 81, 60, 0, 13,6, 0,34, 2,95, 11, 33, 98, 1,63, Off, Off, Off, Off, On, Off, On, Off, Off, Off, Off, Rich
278.875, 675, 1,16, 81, 60, 0, 13,6, 0,34, 2,94, 13, 33, 98, 1,65, Off, Off, Off, Off, On, Off, On, Off, Off, Off, Off, Rich
278.937, 662, 1,18, 81, 58, 0, 13,6, 0,34, 2,96, 13, 33, 98, 1,63, Off, Off, Off, Off, On, Off, On, Off, Off, Off, Off, Rich
279.000, 688, 1,18, 81, 58, 0, 13,5, 0,34, 2,93, 13, 33, 98, 1,68, Off, Off, Off, Off, On, Off, On, Off, Off, Off, Off, Rich
279.046, 675, 1,16, 81, 57, 0, 13,7, 0,34, 2,94, 13, 33, 98, 1,65, Off, Off, Off, Off, On, Off, On, Off, Off, Off, Off, Rich
279.093, 662, 1,18, 81, 56, 0, 13,7, 0,34, 2,96, 13, 33, 98, 1,63, Off, Off, Off, Off, On, Off, On, Off, Off, Off, Off, Rich
279.156, 675, 1,17, 81, 56, 0, 13,7, 0,34, 2,94, 13, 33, 98, 1,65, Off, Off, Off, Off, On, Off, On, Off, Off, Off, Off, Rich
279.203, 662, 1,16, 81, 55, 0, 13,7, 0,34, 2,92, 11, 33, 98, 1,61, Off, Off, Off, Off, On, Off, On, Off, Off, Off, Off, Rich
279.281, 688, 1,18, 81, 55, 0, 13,7, 0,34, 2,82, 10, 33, 98, 1,62, Off, Off, Off, Off, On, Off, On, Off, Off, Off, Off, Rich
279.328, 688, 1,18, 81, 55, 0, 13,7, 0,34, 2,89, 11, 33, 98, 1,66, Off, Off, Off, Off, On, Off, On, Off, Off, Off, Off, Rich
279.375, 675, 1,18, 81, 54, 0, 13,8, 0,34, 2,93, 11, 33, 98, 1,65, Off, Off, Off, Off, On, Off, On, Off, Off, Off, Off, Rich
279.421, 675, 1,17, 81, 54, 0, 13,5, 0,34, 2,88, 11, 33, 98, 1,62, Off, Off, Off, Off, On, Off, On, Off, Off, Off, Off, Rich
279.468, 662, 1,16, 81, 53, 0, 13,6, 0,34, 2,9, 11, 33, 98, 1,6, Off, Off, Off, Off, On, Off, On, Off, Off, Off, Off, Rich
279.515, 688, 1,18, 81, 53, 0, 13,6, 0,34, 2,91, 11, 33, 98, 1,67, Off, Off, Off, Off, On, Off, On, Off, Off, Off, Off, Rich
279.578, 675, 1,16, 81, 50, 0, 13,6, 0,34, 2,91, 11, 33, 98, 1,64, Off, Off, Off, Off, On, Off, On, Off, Off, Off, Off, Rich
279.625, 662, 1,18, 81, 47, 0, 13,6, 0,34, 2,93, 13, 33, 98, 1,62, Off, Off, Off, Off, On, Off, On, Off, Off, Off, Off, Rich
279.671, 675, 1,17, 81, 47, 0, 13,5, 0,34, 2,92, 12, 33, 98, 1,64, Off, Off, Off, Off, On, Off, On, Off, Off, Off, Off, Rich
279.734, 675, 1,17, 81, 39, 0, 13,6, 0,34, 2,97, 13, 33, 98, 1,67, Off, Off, Off, Off, On, Off, On, Off, Off, Off, Off, Rich
279.781, 675, 1,18, 81, 39, 0, 13,6, 0,34, 2,98, 13, 33, 98, 1,68, Off, Off, Off, Off, On, Off, On, Off, Off, Off, Off, Lean
279.843, 688, 1,17, 81, 31, 0, 13,4, 0,34, 2,99, 13, 33, 98, 1,71, Off, Off, Off, Off, On, Off, On, Off, Off, Off, Off, Lean
279.890, 662, 1,18, 81, 23, 0, 13,8, 0,34, 3,01, 13, 33, 98, 1,66, Off, Off, Off, Off, On, Off, On, Off, Off, Off, Off, Lean
279.937, 688, 1,18, 81, 23, 0, 13,7, 0,34, 2,95, 11, 33, 98, 1,69, Off, Off, Off, Off, On, Off, On, Off, Off, Off, Off, Lean
280.015, 688, 1,17, 81, 21, 0, 13,7, 0,34, 2,95, 11, 33, 98, 1,69, Off, Off, Off, Off, On, Off, On, Off, Off, Off, Off, Lean
280.062, 688, 1,18, 81, 18, 0, 13,8, 0,34, 2,99, 11, 33, 98, 1,71, Off, Off, Off, Off, On, Off, On, Off, Off, Off, Off, Lean
280.109, 712, 1,17, 81, 18, 0, 13,7, 0,34, 2,97, 11, 33, 98, 1,76, Off, Off, Off, Off, On, Off, On, Off, Off, Off, Off, Lean
280.171, 675, 1,18, 81, 19, 0, 13,5, 0,34, 3,01, 11, 33, 98, 1,69, Off, Off, Off, Off, On, Off, On, Off, Off, Off, Off, Lean
280.218, 688, 1,18, 81, 19, 0, 13,5, 0,34, 2,95, 11, 33, 98, 1,69, Off, Off, Off, Off, On, Off, On, Off, Off, Off, Off, Lean
280.281, 688, 1,16, 81, 22, 0, 13,6, 0,34, 2,96, 11, 33, 98, 1,7, Off, Off, Off, Off, On, Off, On, Off, Off, Off, Off, Lean
280.328, 688, 1,18, 81, 28, 0, 13,6, 0,34, 2,97, 11, 33, 98, 1,7, Off, Off, Off, Off, On, Off, On, Off, Off, Off, Off, Lean
280.375, 675, 1,17, 81, 28, 0, 13,6, 0,34, 2,95, 11, 33, 98, 1,66, Off, Off, Off, Off, On, Off, On, Off, Off, Off, Off, Lean
280.437, 688, 1,16, 81, 37, 0, 13,5, 0,34, 2,99, 11, 33, 98, 1,71, Off, Off, Off, Off, On, Off, On, Off, Off, Off, Off, Lean
280.484, 688, 1,18, 81, 48, 0, 13,7, 0,34, 2,99, 13, 33, 98, 1,71, Off, Off, Off, Off, On, Off, On, Off, Off, Off, Off, Lean
280.531, 650, 1,17, 81, 48, 0, 13,7, 0,34, 2,96, 12, 33, 98, 1,6, Off, Off, Off, Off, On, Off, On, Off, Off, Off, Off, Rich
280.578, 662, 1,18, 81, 52, 0, 13,7, 0,34, 2,9, 10, 33, 98, 1,6, Off, Off, Off, Off, On, Off, On, Off, Off, Off, Off, Rich
280.625, 675, 1,18, 81, 52, 0, 13,7, 0,34, 2,91, 11, 33, 98, 1,64, Off, Off, Off, Off, On, Off, On, Off, Off, Off, Off, Rich
280.687, 688, 1,18, 81, 59, 0, 13,8, 0,34, 2,96, 13, 33, 98, 1,7, Off, Off, Off, Off, On, Off, On, Off, Off, Off, Off, Rich
280.750, 675, 1,18, 81, 59, 0, 13,7, 0,34, 2,91, 11, 33, 98, 1,64, Off, Off, Off, Off, On, Off, On, Off, Off, Off, Off, Rich
280.812, 688, 1,16, 81, 65, 0, 13,8, 0,34, 2,87, 9, 33, 98, 1,65, Off, Off, Off, Off, On, Off, On, Off, Off, Off, Off, Rich
280.859, 688, 1,17, 81, 67, 0, 13,5, 0,34, 2,92, 10, 33, 98, 1,67, Off, Off, Off, Off, On, Off, On, Off, Off, Off, Off, Rich
280.906, 675, 1,18, 81, 67, 0, 13,5, 0,34, 2,92, 11, 33, 98, 1,64, Off, Off, Off, Off, On, Off, On, Off, Off, Off, Off, Rich
280.968, 688, 1,17, 81, 68, 0, 13,5, 0,34, 2,94, 11, 33, 98, 1,69, Off, Off, Off, Off, On, Off, On, Off, Off, Off, Off, Rich
281.015, 662, 1,18, 81, 68, 0, 13,6, 0,34, 2,95, 11, 33, 98, 1,63, Off, Off, Off, Off, On, Off, On, Off, Off, Off, Off, Rich
281.062, 688, 1,17, 81, 68, 0, 13,5, 0,34, 2,94, 13, 33, 98, 1,69, Off, Off, Off, Off, On, Off, On, Off, Off, Off, Off, Rich
281.125, 675, 1,18, 81, 65, 0, 13,6, 0,34, 2,93, 11, 33, 98, 1,65, Off, Off, Off, Off, On, Off, On, Off, Off, Off, Off, Rich
281.171, 662, 1,18, 81, 65, 0, 13,6, 0,34, 2,92, 13, 33, 98, 1,61, Off, Off, Off, Off, On, Off, On, Off, Off, Off, Off, Rich
281.234, 675, 1,17, 81, 63, 0, 13,7, 0,34, 2,95, 13, 33, 98, 1,66, Off, Off, Off, Off, On, Off, On, Off, Off, Off, Off, Rich
281.281, 650, 1,18, 81, 62, 0, 13,7, 0,34, 2,95, 13, 33, 98, 1,6, Off, Off, Off, Off, On, Off, On, Off, Off, Off, Off, Rich
281.328, 688, 1,16, 81, 62, 0, 13,6, 0,34, 2,93, 12, 33, 98, 1,68, Off, Off, Off, Off, On, Off, On, Off, Off, Off, Off, Rich
281.406, 662, 1,17, 81, 60, 0, 13,7, 0,34, 2,89, 10, 33, 98, 1,59, Off, Off, Off, Off, On, Off, On, Off, Off, Off, Off, Rich
281.453, 688, 1,18, 81, 60, 0, 13,8, 0,34, 2,91, 11, 33, 98, 1,67, Off, Off, Off, Off, On, Off, On, Off, Off, Off, Off, Rich
281.500, 688, 1,16, 81, 59, 0, 13,7, 0,34, 2,9, 11, 33, 98, 1,66, Off, Off, Off, Off, On, Off, On, Off, Off, Off, Off, Rich
281.562, 675, 1,18, 81, 62, 0, 13,6, 0,34, 2,92, 11, 33, 98, 1,64, Off, Off, Off, Off, On, Off, On, Off, Off, Off, Off, Rich
281.609, 675, 1,18, 81, 62, 0, 13,6, 0,34, 2,9, 11, 33, 98, 1,63, Off, Off, Off, Off, On, Off, On, Off, Off, Off, Off, Rich
281.656, 688, 1,16, 81, 62, 0, 13,6, 0,34, 2,91, 13, 33, 98, 1,67, Off, Off, Off, Off, On, Off, On, Off, Off, Off, Off, Rich
281.718, 662, 1,17, 81, 62, 0, 13,6, 0,34, 2,92, 13, 33, 98, 1,61, Off, Off, Off, Off, On, Off, On, Off, Off, Off, Off, Rich
281.765, 688, 1,17, 81, 63, 0, 13,5, 0,34, 2,92, 11, 33, 98, 1,67, Off, Off, Off, Off, On, Off, On, Off, Off, Off, Off, Rich
281.828, 662, 1,17, 81, 59, 0, 13,6, 0,34, 2,96, 13, 33, 98, 1,63, Off, Off, Off, Off, On, Off, On, Off, Off, Off, Off, Rich
281.875, 675, 1,18, 81, 59, 0, 13,6, 0,34, 2,91, 13, 33, 98, 1,64, Off, Off, Off, Off, On, Off, On, Off, Off, Off, Off, Rich
281.921, 662, 1,17, 81, 58, 0, 13,7, 0,34, 2,96, 13, 33, 98, 1,63, Off, Off, Off, Off, On, Off, On, Off, Off, Off, Off, Rich
281.984, 662, 1,18, 81, 56, 0, 13,8, 0,34, 2,93, 12, 33, 98, 1,62, Off, Off, Off, Off, On, Off, On, Off, Off, Off, Off, Rich
282.031, 688, 1,16, 81, 56, 0, 13,7, 0,34, 2,93, 11, 33, 98, 1,68, Off, Off, Off, Off, On, Off, On, Off, Off, Off, Off, Rich
282.093, 675, 1,18, 81, 55, 0, 13,7, 0,34, 2,95, 12, 33, 98, 1,66, Off, Off, Off, Off, On, Off, On, Off, Off, Off, Off, Rich
282.156, 662, 1,18, 81, 55, 0, 13,7, 0,34, 2,89, 11, 33, 98, 1,59, Off, Off, Off, Off, On, Off, On, Off, Off, Off, Off, Rich
282.203, 675, 1,16, 81, 55, 0, 13,7, 0,34, 2,93, 11, 33, 98, 1,65, Off, Off, Off, Off, On, Off, On, Off, Off, Off, Off, Rich
282.250, 688, 1,18, 81, 55, 0, 13,7, 0,34, 2,83, 10, 33, 98, 1,62, Off, Off, Off, Off, On, Off, On, Off, Off, Off, Off, Rich
282.296, 688, 1,17, 81, 55, 0, 13,5, 0,34, 2,89, 12, 33, 98, 1,66, Off, Off, Off, Off, On, Off, On, Off, Off, Off, Off, Rich
282.359, 675, 1,18, 81, 54, 0, 13,6, 0,34, 2,87, 11, 33, 98, 1,61, Off, Off, Off, Off, On, Off, On, Off, Off, Off, Off, Rich
282.390, 688, 1,18, 81, 54, 0, 13,6, 0,34, 2,93, 13, 33, 98, 1,68, Off, Off, Off, Off, On, Off, On, Off, Off, Off, Off, Rich
282.453, 662, 1,16, 81, 54, 0, 13,6, 0,34, 2,91, 12, 33, 98, 1,61, Off, Off, Off, Off, On, Off, On, Off, Off, Off, Off, Rich
282.500, 688, 1,18, 81, 54, 0, 13,5, 0,34, 2,9, 11, 33, 98, 1,66, Off, Off, Off, Off, On, Off, On, Off, Off, Off, Off, Rich
282.546, 662, 1,16, 81, 53, 0, 13,6, 0,34, 2,91, 11, 33, 98, 1,61, Off, Off, Off, Off, On, Off, On, Off, Off, Off, Off, Rich
282.593, 662, 1,18, 81, 51, 0, 13,7, 0,34, 2,93, 13, 33, 98, 1,62, Off, Off, Off, Off, On, Off, On, Off, Off, Off, Off, Rich
282.656, 688, 1,17, 81, 51, 0, 13,7, 0,34, 2,92, 13, 33, 98, 1,67, Off, Off, Off, Off, On, Off, On, Off, Off, Off, Off, Rich
282.703, 650, 1,16, 81, 45, 0, 13,8, 0,34, 2,93, 13, 33, 98, 1,59, Off, Off, Off, Off, On, Off, On, Off, Off, Off, Off, Rich
282.750, 675, 1,18, 81, 45, 0, 13,7, 0,34, 2,91, 13, 33, 98, 1,64, Off, Off, Off, Off, On, Off, On, Off, Off, Off, Off, Rich
282.828, 662, 1,17, 81, 38, 0, 13,7, 0,34, 2,92, 12, 33, 98, 1,61, Off, Off, Off, Off, On, Off, On, Off, Off, Off, Off, Lean
282.875, 675, 1,18, 81, 29, 0, 13,8, 0,34, 3, 11, 33, 98, 1,69, Off, Off, Off, Off, On, Off, On, Off, Off, Off, Off, Lean
282.921, 688, 1,17, 81, 29, 0, 13,7, 0,34, 2,95, 13, 33, 98, 1,69, Off, Off, Off, Off, On, Off, On, Off, Off, Off, Off, Lean
282.984, 662, 1,18, 81, 25, 0, 13,7, 0,34, 2,97, 12, 33, 98, 1,64, Off, Off, Off, Off, On, Off, On, Off, Off, Off, Off, Lean
283.031, 688, 1,18, 81, 25, 0, 13,5, 0,34, 2,95, 11, 33, 98, 1,69, Off, Off, Off, Off, On, Off, On, Off, Off, Off, Off, Lean
283.093, 688, 1,16, 81, 20, 0, 13,6, 0,34, 2,95, 11, 33, 98, 1,69, Off, Off, Off, Off, On, Off, On, Off, Off, Off, Off, Lean
283.140, 675, 1,18, 81, 16, 0, 13,6, 0,34, 2,97, 13, 33, 98, 1,67, Off, Off, Off, Off, On, Off, On, Off, Off, Off, Off, Lean
283.187, 662, 1,17, 81, 16, 0, 13,6, 0,34, 2,95, 12, 33, 98, 1,63, Off, Off, Off, Off, On, Off, On, Off, Off, Off, Off, Lean
283.234, 688, 1,17, 81, 12, 0, 13,6, 0,34, 2,98, 11, 33, 98, 1,71, Off, Off, Off, Off, On, Off, On, Off, Off, Off, Off, Lean
283.281, 675, 1,18, 81, 11, 0, 13,6, 0,34, 3,01, 13, 33, 98, 1,69, Off, Off, Off, Off, On, Off, On, Off, Off, Off, Off, Lean
283.343, 650, 1,16, 81, 11, 0, 13,7, 0,34, 2,99, 13, 33, 98, 1,62, Off, Off, Off, Off, On, Off, On, Off, Off, Off, Off, Lean
283.406, 688, 1,17, 81, 11, 0, 13,5, 0,34, 2,99, 11, 33, 98, 1,71, Off, Off, Off, Off, On, Off, On, Off, Off, Off, Off, Lean
283.453, 675, 1,18, 81, 11, 0, 13,8, 0,34, 2,94, 11, 33, 98, 1,65, Off, Off, Off, Off, On, Off, On, Off, Off, Off, Off, Lean
283.515, 688, 1,18, 81, 12, 0, 13,7, 0,34, 2,99, 11, 33, 98, 1,71, Off, Off, Off, Off, On, Off, On, Off, Off, Off, Off, Lean
283.578, 675, 1,18, 81, 14, 0, 13,7, 0,34, 3,01, 12, 33, 98, 1,69, Off, Off, Off, Off, On, Off, On, Off, Off, Off, Off, Lean
283.625, 688, 1,16, 81, 14, 0, 13,5, 0,34, 2,97, 11, 33, 98, 1,7, Off, Off, Off, Off, On, Off, On, Off, Off, Off, Off, Lean
283.671, 712, 1,18, 81, 19, 0, 13,7, 0,34, 2,91, 11, 33, 98, 1,73, Off, Off, Off, Off, On, Off, On, Off, Off, Off, Off, Lean
283.734, 675, 1,18, 81, 19, 0, 13,5, 0,34, 2,91, 11, 33, 98, 1,64, Off, Off, Off, Off, On, Off, On, Off, Off, Off, Off, Lean
283.781, 688, 1,16, 81, 30, 0, 13,6, 0,34, 2,97, 11, 33, 98, 1,7, Off, Off, Off, Off, On, Off, On, Off, Off, Off, Off, Lean
283.828, 675, 1,18, 81, 46, 0, 13,6, 0,34, 2,98, 11, 33, 98, 1,68, Off, Off, Off, Off, On, Off, On, Off, Off, Off, Off, Lean
283.875, 712, 1,17, 81, 46, 0, 13,5, 0,34, 2,96, 11, 33, 98, 1,76, Off, Off, Off, Off, On, Off, On, Off, Off, Off, Off, Lean
283.921, 675, 1,18, 81, 55, 0, 13,6, 0,34, 2,99, 11, 33, 98, 1,68, Off, Off, Off, Off, On, Off, On, Off, Off, Off, Off, Lean
283.968, 688, 1,18, 81, 55, 0, 13,6, 0,34, 2,91, 11, 33, 98, 1,67, Off, Off, Off, Off, On, Off, On, Off, Off, Off, Off, Rich
284.015, 675, 1,16, 81, 61, 0, 13,6, 0,34, 2,95, 11, 33, 98, 1,66, Off, Off, Off, Off, On, Off, On, Off, Off, Off, Off, Rich
284.078, 662, 1,18, 81, 61, 0, 13,7, 0,34, 2,94, 13, 33, 98, 1,62, Off, Off, Off, Off, On, Off, On, Off, Off, Off, Off, Rich
284.125, 688, 1,17, 81, 62, 0, 13,6, 0,34, 2,93, 11, 33, 98, 1,68, Off, Off, Off, Off, On, Off, On, Off, Off, Off, Off, Rich
284.187, 662, 1,18, 81, 65, 0, 13,7, 0,34, 2,94, 11, 33, 98, 1,62, Off, Off, Off, Off, On, Off, On, Off, Off, Off, Off, Rich
284.234, 688, 1,18, 81, 65, 0, 13,7, 0,34, 2,9, 13, 33, 98, 1,66, Off, Off, Off, Off, On, Off, On, Off, Off, Off, Off, Rich
284.281, 675, 1,18, 81, 66, 0, 13,8, 0,34, 2,96, 12, 33, 98, 1,66, Off, Off, Off, Off, On, Off, On, Off, Off, Off, Off, Rich
284.343, 688, 1,18, 81, 66, 0, 13,7, 0,34, 2,9, 11, 33, 98, 1,66, Off, Off, Off, Off, On, Off, On, Off, Off, Off, Off, Rich
284.390, 675, 1,17, 81, 67, 0, 13,7, 0,34, 2,92, 11, 33, 98, 1,64, Off, Off, Off, Off, On, Off, On, Off, Off, Off, Off, Rich
284.437, 675, 1,18, 81, 67, 0, 13,6, 0,34, 2,95, 12, 33, 98, 1,66, Off, Off, Off, Off, On, Off, On, Off, Off, Off, Off, Rich
284.500, 662, 1,17, 81, 67, 0, 13,6, 0,34, 2,84, 10, 33, 98, 1,57, Off, Off, Off, Off, On, Off, On, Off, Off, Off, Off, Rich
284.546, 662, 1,17, 81, 67, 0, 13,6, 0,34, 2,94, 13, 33, 98, 1,62, Off, Off, Off, Off, On, Off, On, Off, Off, Off, Off, Rich
284.593, 688, 1,18, 81, 67, 0, 13,5, 0,34, 2,93, 12, 33, 98, 1,68, Off, Off, Off, Off, On, Off, On, Off, Off, Off, Off, Rich
284.656, 662, 1,16, 81, 64, 0, 13,6, 0,34, 2,93, 11, 33, 98, 1,62, Off, Off, Off, Off, On, Off, On, Off, Off, Off, Off, Rich
284.703, 675, 1,18, 81, 63, 0, 13,7, 0,34, 2,93, 11, 33, 98, 1,65, Off, Off, Off, Off, On, Off, On, Off, Off, Off, Off, Rich
284.750, 675, 1,17, 81, 63, 0, 13,5, 0,34, 2,95, 13, 33, 98, 1,66, Off, Off, Off, Off, On, Off, On, Off, Off, Off, Off, Rich
284.796, 675, 1,17, 81, 59, 0, 13,7, 0,34, 2,95, 13, 33, 98, 1,66, Off, Off, Off, Off, On, Off, On, Off, Off, Off, Off, Rich
284.843, 688, 1,18, 81, 59, 0, 13,6, 0,34, 2,93, 13, 33, 98, 1,68, Off, Off, Off, Off, On, Off, On, Off, Off, Off, Off, Rich
284.921, 675, 1,17, 81, 57, 0, 13,7, 0,34, 2,94, 11, 33, 98, 1,65, Off, Off, Off, Off, On, Off, On, Off, Off, Off, Off, Rich
284.968, 688, 1,18, 81, 57, 0, 13,7, 0,34, 2,94, 11, 33, 98, 1,69, Off, Off, Off, Off, On, Off, On, Off, Off, Off, Off, Rich
285.015, 688, 1,17, 81, 57, 0, 13,7, 0,34, 2,9, 13, 33, 98, 1,66, Off, Off, Off, Off, On, Off, On, Off, Off, Off, Off, Rich
285.078, 662, 1,18, 81, 56, 0, 13,7, 0,34, 2,93, 12, 33, 98, 1,62, Off, Off, Off, Off, On, Off, On, Off, Off, Off, Off, Rich
285.125, 712, 1,18, 81, 56, 0, 13,5, 0,34, 2,85, 10, 33, 98, 1,69, Off, Off, Off, Off, On, Off, On, Off, Off, Off, Off, Rich
285.156, 662, 1,16, 81, 57, 0, 13,5, 0,34, 2,88, 13, 33, 98, 1,59, Off, Off, Off, Off, On, Off, On, Off, Off, Off, Off, Rich
285.218, 688, 1,18, 81, 57, 0, 13,5, 0,34, 2,88, 12, 33, 98, 1,65, Off, Off, Off, Off, On, Off, On, Off, Off, Off, Off, Rich
285.265, 675, 1,16, 81, 57, 0, 13,6, 0,34, 2,93, 11, 33, 98, 1,65, Off, Off, Off, Off, On, Off, On, Off, Off, Off, Off, Rich
285.312, 675, 1,17, 81, 55, 0, 13,6, 0,34, 2,94, 13, 33, 98, 1,65, Off, Off, Off, Off, On, Off, On, Off, Off, Off, Off, Rich
285.359, 675, 1,16, 81, 55, 0, 13,6, 0,34, 2,95, 13, 33, 98, 1,66, Off, Off, Off, Off, On, Off, On, Off, Off, Off, Off, Rich
285.421, 675, 1,18, 81, 55, 0, 13,7, 0,34, 2,95, 13, 33, 98, 1,66, Off, Off, Off, Off, On, Off, On, Off, Off, Off, Off, Rich
285.468, 675, 1,18, 81, 55, 0, 13,6, 0,34, 2,95, 13, 33, 98, 1,66, Off, Off, Off, Off, On, Off, On, Off, Off, Off, Off, Rich
285.531, 662, 1,16, 81, 53, 0, 13,7, 0,34, 2,94, 13, 33, 98, 1,62, Off, Off, Off, Off, On, Off, On, Off, Off, Off, Off, Rich
285.578, 662, 1,18, 81, 53, 0, 13,8, 0,34, 2,92, 11, 33, 98, 1,61, Off, Off, Off, Off, On, Off, On, Off, Off, Off, Off, Rich
285.640, 688, 1,18, 81, 53, 0, 13,7, 0,34, 2,93, 11, 33, 98, 1,68, Off, Off, Off, Off, On, Off, On, Off, Off, Off, Off, Rich
285.703, 650, 1,16, 81, 49, 0, 13,7, 0,34, 2,9, 13, 33, 98, 1,57, Off, Off, Off, Off, On, Off, On, Off, Off, Off, Off, Rich
285.750, 688, 1,18, 81, 49, 0, 13,6, 0,34, 2,88, 12, 33, 98, 1,65, Off, Off, Off, Off, On, Off, On, Off, Off, Off, Off, Rich
285.796, 712, 1,17, 81, 48, 0, 13,7, 0,34, 2,93, 11, 33, 98, 1,74, Off, Off, Off, Off, On, Off, On, Off, Off, Off, Off, Rich
285.859, 712, 1,17, 81, 47, 0, 13,5, 0,34, 2,88, 11, 33, 98, 1,71, Off, Off, Off, Off, On, Off, On, Off, Off, Off, Off, Rich
285.906, 675, 1,16, 81, 47, 0, 13,5, 0,34, 2,89, 9, 33, 98, 1,63, Off, Off, Off, Off, On, Off, On, Off, Off, Off, Off, Rich
285.968, 675, 1,17, 81, 47, 0, 13,6, 0,34, 2,91, 11, 33, 98, 1,64, Off, Off, Off, Off, On, Off, On, Off, Off, Off, Off, Rich
286.015, 675, 1,18, 81, 46, 0, 13,6, 0,34, 2,95, 11, 33, 98, 1,66, Off, Off, Off, Off, On, Off, On, Off, Off, Off, Off, Rich
286.062, 675, 1,16, 81, 46, 0, 13,6, 0,34, 2,9, 13, 33, 98, 1,63, Off, Off, Off, Off, On, Off, On, Off, Off, Off, Off, Rich
286.125, 662, 1,18, 81, 44, 0, 13,6, 0,34, 2,94, 12, 33, 98, 1,62, Off, Off, Off, Off, On, Off, On, Off, Off, Off, Off, Rich
286.171, 688, 1,18, 81, 44, 0, 13,6, 0,34, 2,91, 13, 33, 98, 1,67, Off, Off, Off, Off, On, Off, On, Off, Off, Off, Off, Rich
286.218, 650, 1,16, 81, 38, 0, 13,7, 0,34, 2,93, 13, 33, 98, 1,59, Off, Off, Off, Off, On, Off, On, Off, Off, Off, Off, Lean
286.296, 675, 1,18, 81, 32, 0, 13,7, 0,34, 3, 13, 33, 98, 1,69, Off, Off, Off, Off, On, Off, On, Off, Off, Off, Off, Lean
286.343, 675, 1,18, 81, 32, 0, 13,6, 0,34, 2,97, 12, 33, 98, 1,67, Off, Off, Off, Off, On, Off, On, Off, Off, Off, Off, Lean
286.406, 675, 1,18, 81, 25, 0, 13,8, 0,34, 2,97, 11, 33, 98, 1,67, Off, Off, Off, Off, On, Off, On, Off, Off, Off, Off, Lean
286.453, 712, 1,18, 81, 25, 0, 13,7, 0,34, 2,88, 10, 33, 98, 1,71, Off, Off, Off, Off, On, Off, On, Off, Off, Off, Off, Lean
286.500, 675, 1,17, 81, 21, 0, 13,7, 0,34, 2,97, 11, 33, 98, 1,67, Off, Off, Off, Off, On, Off, On, Off, Off, Off, Off, Lean
286.562, 712, 1,18, 81, 16, 0, 13,5, 0,34, 2,99, 11, 33, 98, 1,77, Off, Off, Off, Off, On, Off, On, Off, Off, Off, Off, Lean
286.609, 675, 1,16, 81, 16, 0, 13,6, 0,34, 2,92, 11, 33, 98, 1,64, Off, Off, Off, Off, On, Off, On, Off, Off, Off, Off, Lean
286.656, 675, 1,16, 81, 14, 0, 13,6, 0,34, 2,95, 11, 33, 98, 1,66, Off, Off, Off, Off, On, Off, On, Off, Off, Off, Off, Lean
286.718, 675, 1,18, 81, 14, 0, 13,6, 0,34, 2,91, 10, 33, 98, 1,64, Off, Off, Off, Off, On, Off, On, Off, Off, Off, Off, Lean
286.765, 662, 1,17, 81, 14, 0, 13,6, 0,34, 2,91, 11, 33, 98, 1,61, Off, Off, Off, Off, On, Off, On, Off, Off, Off, Off, Lean
286.812, 675, 1,17, 81, 15, 0, 13,7, 0,34, 3, 13, 33, 98, 1,69, Off, Off, Off, Off, On, Off, On, Off, Off, Off, Off, Lean
286.875, 675, 1,18, 81, 15, 0, 13,8, 0,34, 2,96, 12, 33, 98, 1,66, Off, Off, Off, Off, On, Off, On, Off, Off, Off, Off, Lean
286.937, 688, 1,16, 81, 17, 0, 13,8, 0,34, 2,89, 10, 33, 98, 1,66, Off, Off, Off, Off, On, Off, On, Off, Off, Off, Off, Lean
286.984, 712, 1,17, 81, 18, 0, 13,8, 0,34, 2,88, 10, 33, 98, 1,71, Off, Off, Off, Off, On, Off, On, Off, Off, Off, Off, Lean
287.046, 712, 1,19, 81, 18, 0, 13,8, 0,36, 2,86, 9, 33, 98, 1,7, Off, Off, Off, Off, On, Off, On, Off, Off, Off, Off, Lean
287.109, 725, 1,28, 81, 17, 0, 13,8, 0,44, 3,42, 12, 33, 98, 2,07, Off, Off, Off, Off, Off, Off, On, Off, Off, Off, Off, Lean
287.156, 725, 1,46, 81, 12, 0, 13,8, 0,5, 3,8, 14, 33, 98, 2,3, Off, Off, Off, Off, Off, Off, On, Off, Off, Off, Off, Lean
287.203, 725, 1,56, 81, 12, 0, 13,8, 0,54, 4,5, 12, 33, 98, 2,72, Off, Off, Off, Off, Off, Off, On, Off, Off, Off, Off, Lean
287.265, 775, 1,7, 81, 7, 0, 13,8, 0,6, 5,1, 11, 34, 98, 3,29, Off, Off, Off, Off, Off, Off, On, Off, Off, Off, Off, Lean
287.312, 825, 1,78, 81, 3, 0, 13,8, 0,6, 5,19, 12, 34, 98, 3,57, Off, Off, Off, Off, Off, Off, On, Off, Off, Off, Off, Lean
287.359, 875, 1,8, 81, 3, 0, 13,8, 0,6, 5,34, 15, 34, 98, 3,89, Off, Off, Off, Off, Off, Off, On, Off, Off, Off, Off, Lean
287.406, 975, 1,79, 81, 1, 0, 13,7, 0,6, 5,5, 17, 34, 98, 4,47, Off, Off, Off, Off, Off, Off, On, Off, Off, Off, Off, Lean
287.453, 1062, 1,73, 81, 14, 0, 13,8, 0,46, 5,16, 20, 34, 98, 4,57, Off, Off, Off, Off, Off, Off, On, Off, Off, Off, Off, Lean
287.500, 1112, 1,44, 81, 55, 0, 13,8, 0,34, 4,94, 18, 44, 98, 4,58, Off, Off, Off, Off, On, Off, On, Off, Off, Off, Off, Rich
287.562, 1188, 1,33, 81, 67, 0, 13,8, 0,34, 4,54, 15, 44, 98, 4,49, Off, Off, Off, Off, On, Off, On, Off, Off, Off, Off, Rich
287.625, 1162, 1,32, 81, 71, 0, 13,7, 0,34, 3,98, 13, 43, 98, 3,85, Off, Off, Off, Off, On, Off, On, Off, Off, Off, Off, Rich
287.671, 1188, 1,31, 81, 74, 0, 13,8, 0,34, 3,5, 13, 43, 98, 3,46, Off, Off, Off, Off, On, Off, On, Off, Off, Off, Off, Rich
287.734, 1138, 1,32, 81, 74, 0, 13,6, 0,34, 3,26, 13, 43, 98, 3,09, Off, Off, Off, Off, On, Off, On, Off, Off, Off, Off, Rich
287.796, 1100, 1,32, 81, 75, 0, 13,7, 0,34, 3,31, 13, 43, 98, 3,03, Off, Off, Off, Off, On, Off, On, Off, Off, Off, Off, Rich
287.843, 1038, 1,32, 81, 76, 2, 13,7, 0,34, 3, 13, 43, 98, 2,6, Off, Off, Off, Off, On, Off, On, Off, Off, Off, Off, Rich
287.906, 1038, 1,3, 81, 77, 2, 13,7, 0,34, 2,94, 13, 42, 98, 2,54, Off, Off, Off, Off, On, Off, On, Off, Off, Off, Off, Rich
287.953, 988, 1,3, 81, 77, 2, 13,8, 0,34, 2,84, 13, 42, 98, 2,34, Off, Off, Off, Off, On, Off, On, Off, Off, Off, Off, Rich
288.000, 975, 1,32, 81, 77, 2, 13,6, 0,34, 2,87, 13, 42, 98, 2,33, Off, Off, Off, Off, On, Off, On, Off, Off, Off, Off, Rich
288.062, 925, 1,32, 81, 76, 2, 13,7, 0,34, 2,82, 13, 42, 98, 2,17, Off, Off, Off, Off, On, Off, On, Off, Off, Off, Off, Rich
288.109, 888, 1,32, 81, 75, 2, 13,7, 0,34, 2,81, 13, 42, 98, 2,08, Off, Off, Off, Off, On, Off, On, Off, Off, Off, Off, Rich
288.171, 875, 1,3, 81, 75, 2, 13,7, 0,36, 2,79, 13, 42, 98, 2,03, Off, Off, Off, Off, On, Off, On, Off, Off, Off, Off, Rich
288.218, 838, 1,39, 81, 70, 2, 13,7, 0,38, 2,84, 13, 42, 98, 1,98, Off, Off, Off, Off, On, Off, On, Off, Off, Off, Off, Rich
288.265, 838, 1,4, 81, 64, 2, 13,7, 0,42, 2,86, 21, 36, 98, 2, Off, Off, Off, Off, Off, Off, On, Off, Off, Off, Off, Rich
288.312, 825, 1,51, 81, 47, 2, 13,7, 0,5, 3,41, 22, 36, 98, 2,34, Off, Off, Off, Off, Off, Off, On, Off, Off, Off, Off, Rich
288.359, 838, 1,68, 81, 47, 2, 13,7, 0,56, 4,3, 18, 36, 98, 3, Off, Off, Off, Off, Off, Off, On, Off, Off, Off, Off, Rich
288.437, 875, 1,73, 81, 17, 2, 13,8, 0,56, 4,41, 18, 36, 97, 3,22, Off, Off, Off, Off, Off, Off, On, Off, Off, Off, Off, Lean
288.484, 950, 1,75, 81, 7, 2, 13,8, 0,56, 4,99, 18, 36, 97, 3,95, Off, Off, Off, Off, Off, Off, On, Off, Off, Off, Off, Lean
288.531, 1025, 1,76, 81, 3, 4, 13,8, 0,56, 5,03, 19, 37, 97, 4,3, Off, Off, Off, Off, Off, Off, On, Off, Off, Off, Off, Lean
288.578, 1050, 1,76, 81, 1, 4, 13,8, 0,58, 5,09, 21, 37, 97, 4,45, Off, Off, Off, Off, Off, Off, On, Off, Off, Off, Off, Lean
288.625, 1112, 1,76, 81, 1, 4, 13,8, 0,56, 5,12, 22, 37, 97, 4,74, Off, Off, Off, Off, Off, Off, On, Off, Off, Off, Off, Lean
288.671, 1150, 1,75, 81, 15, 4, 13,8, 0,56, 5,07, 23, 37, 97, 4,86, Off, Off, Off, Off, Off, Off, On, Off, Off, Off, Off, Lean
288.734, 1212, 1,74, 81, 52, 4, 13,8, 0,56, 4,79, 25, 37, 98, 4,84, Off, Off, Off, Off, Off, Off, On, Off, Off, Off, Off, Rich
288.781, 1250, 1,7, 81, 69, 4, 13,8, 0,5, 4,35, 26, 37, 98, 4,53, Off, Off, Off, Off, Off, Off, On, Off, Off, Off, Off, Rich
288.843, 1262, 1,56, 81, 71, 4, 13,8, 0,44, 4,02, 27, 37, 98, 4,23, Off, Off, Off, Off, Off, Off, On, Off, Off, Off, Off, Rich
288.890, 1275, 1,38, 81, 72, 4, 13,8, 0,34, 3,64, 26, 46, 98, 3,87, Off, Off, Off, Off, On, Off, On, Off, Off, Off, Off, Rich
288.937, 1250, 1,36, 81, 73, 4, 13,8, 0,34, 3,39, 22, 46, 98, 3,53, Off, Off, Off, Off, On, Off, On, Off, Off, Off, Off, Rich
289.000, 1212, 1,36, 81, 73, 4, 13,8, 0,34, 3,17, 20, 46, 98, 3,2, Off, Off, Off, Off, On, Off, On, Off, Off, Off, Off, Rich
289.062, 1188, 1,37, 81, 73, 4, 13,7, 0,34, 3,11, 16, 46, 98, 3,08, Off, Off, Off, Off, On, Off, On, Off, Off, Off, Off, Rich
289.109, 1138, 1,36, 81, 73, 4, 13,6, 0,34, 2,92, 13, 46, 98, 2,77, Off, Off, Off, Off, On, Off, On, Off, Off, Off, Off, Rich
289.171, 1100, 1,39, 81, 74, 4, 13,8, 0,34, 2,85, 13, 46, 98, 2,61, Off, Off, Off, Off, On, Off, On, Off, Off, Off, Off, Rich
289.234, 1062, 1,36, 81, 74, 8, 13,8, 0,34, 2,79, 13, 45, 98, 2,47, Off, Off, Off, Off, On, Off, On, Off, Off, Off, Off, Rich
289.281, 1050, 1,38, 81, 74, 8, 13,8, 0,34, 2,77, 13, 45, 98, 2,42, Off, Off, Off, Off, On, Off, On, Off, Off, Off, Off, Rich
289.328, 1038, 1,36, 81, 74, 8, 13,8, 0,34, 2,76, 13, 45, 98, 2,39, Off, Off, Off, Off, On, Off, On, Off, Off, Off, Off, Rich
289.390, 1038, 1,35, 81, 74, 8, 13,8, 0,34, 2,75, 13, 45, 98, 2,38, Off, Off, Off, Off, On, Off, On, Off, Off, Off, Off, Rich
289.437, 1025, 1,36, 81, 73, 8, 13,4, 0,34, 2,75, 13, 45, 98, 2,35, Off, Off, Off, Off, On, Off, On, Off, Off, Off, Off, Rich
289.484, 1000, 1,35, 81, 71, 8, 13,5, 0,34, 2,76, 13, 45, 98, 2,3, Off, Off, Off, Off, On, Off, On, Off, Off, Off, Off, Rich
289.546, 1000, 1,34, 81, 64, 8, 13,6, 0,34, 2,75, 13, 45, 98, 2,29, Off, Off, Off, Off, On, Off, On, Off, Off, Off, Off, Rich
289.593, 1000, 1,35, 81, 60, 8, 13,6, 0,34, 2,74, 13, 44, 98, 2,28, Off, Off, Off, Off, On, Off, On, Off, Off, Off, Off, Rich
289.640, 1000, 1,34, 81, 43, 8, 13,6, 0,34, 2,73, 11, 44, 98, 2,28, Off, Off, Off, Off, On, Off, On, Off, Off, Off, Off, Rich
289.703, 975, 1,34, 81, 18, 8, 13,6, 0,34, 2,71, 9, 44, 98, 2,2, Off, Off, Off, Off, On, Off, On, Off, Off, Off, Off, Rich
289.750, 950, 1,34, 81, 8, 8, 13,6, 0,34, 2,75, 6, 44, 100, 2,18, Off, Off, Off, Off, On, Off, On, Off, Off, Off, Off, Lean
289.812, 950, 1,32, 81, 8, 8, 13,7, 0,34, 2,75, 4, 44, 100, 2,18, Off, Off, Off, Off, On, Off, On, Off, Off, Off, Off, Lean
289.875, 938, 1,33, 81, 3, 8, 13,8, 0,34, 2,75, 3, 43, 100, 2,15, Off, Off, Off, Off, On, Off, On, Off, Off, Off, Off, Lean
289.921, 938, 1,32, 81, 1, 8, 13,6, 0,34, 2,74, 3, 43, 100, 2,14, Off, Off, Off, Off, On, Off, On, Off, Off, Off, Off, Lean
289.968, 925, 1,33, 81, 0, 8, 13,7, 0,34, 2,76, 3, 43, 100, 2,13, Off, Off, Off, Off, On, Off, On, Off, Off, Off, Off, Lean
290.031, 925, 1,33, 81, 0, 8, 13,8, 0,34, 2,76, 3, 42, 100, 2,13, Off, Off, Off, Off, On, Off, On, Off, Off, Off, Off, Lean
290.078, 925, 1,32, 81, 0, 8, 13,8, 0,34, 2,79, 3, 42, 100, 2,15, Off, Off, Off, Off, On, Off, On, Off, Off, Off, Off, Lean
290.125, 938, 1,32, 81, 0, 8, 13,8, 0,34, 2,79, 3, 42, 100, 2,18, Off, Off, Off, Off, On, Off, On, Off, Off, Off, Off, Lean
290.171, 925, 1,32, 81, 0, 8, 13,7, 0,34, 2,8, 3, 42, 100, 2,16, Off, Off, Off, Off, On, Off, On, Off, Off, Off, Off, Lean
290.234, 925, 1,32, 81, 0, 8, 13,7, 0,36, 2,8, 3, 42, 100, 2,16, Off, Off, Off, Off, On, Off, On, Off, Off, Off, Off, Lean
290.281, 900, 1,36, 81, 0, 8, 13,7, 0,38, 2,8, 3, 42, 100, 2,1, Off, Off, Off, Off, On, Off, On, Off, Off, Off, Off, Lean
290.328, 900, 1,4, 81, 0, 8, 13,7, 0,4, 2,87, 11, 38, 100, 2,15, Off, Off, Off, Off, Off, Off, On, Off, Off, Off, Off, Lean
290.390, 938, 1,39, 81, 0, 8, 13,7, 0,4, 2,92, 19, 38, 100, 2,28, Off, Off, Off, Off, Off, Off, On, Off, Off, Off, Off, Lean
290.437, 988, 1,4, 81, 0, 8, 13,7, 0,4, 2,97, 28, 38, 100, 2,45, Off, Off, Off, Off, Off, Off, On, Off, Off, Off, Off, Lean
290.484, 1025, 1,39, 81, 0, 8, 13,8, 0,4, 2,98, 28, 38, 100, 2,55, Off, Off, Off, Off, Off, Off, On, Off, Off, Off, Off, Lean
290.562, 1025, 1,4, 81, 0, 8, 13,8, 0,4, 3, 28, 38, 100, 2,56, Off, Off, Off, Off, Off, Off, On, Off, Off, Off, Off, Lean
290.609, 1038, 1,39, 81, 0, 8, 13,6, 0,4, 2,98, 28, 38, 100, 2,58, Off, Off, Off, Off, Off, Off, On, Off, Off, Off, Off, Lean
290.656, 1062, 1,4, 81, 0, 8, 13,8, 0,4, 2,98, 29, 38, 100, 2,64, Off, Off, Off, Off, Off, Off, On, Off, Off, Off, Off, Lean
290.718, 1050, 1,38, 81, 0, 8, 13,8, 0,38, 2,95, 30, 38, 100, 2,58, Off, Off, Off, Off, Off, Off, On, Off, Off, Off, Off, Lean
290.765, 1088, 1,38, 81, 0, 8, 13,8, 0,38, 2,94, 30, 38, 100, 2,67, Off, Off, Off, Off, Off, Off, On, Off, Off, Off, Off, Lean
290.812, 1088, 1,39, 81, 0, 8, 13,8, 0,38, 2,92, 30, 38, 100, 2,65, Off, Off, Off, Off, Off, Off, On, Off, Off, Off, Off, Lean
290.875, 1062, 1,38, 81, 0, 8, 13,7, 0,4, 2,91, 31, 38, 100, 2,58, Off, Off, Off, Off, Off, Off, On, Off, Off, Off, Off, Lean
290.921, 1062, 1,4, 81, 0, 8, 13,8, 0,4, 2,89, 30, 44, 100, 2,56, Off, On, Off, Off, Off, Off, On, Off, Off, Off, Off, Lean
290.968, 1062, 1,47, 81, 0, 8, 13,8, 0,42, 2,94, 30, 44, 100, 2,6, Off, On, Off, Off, Off, Off, On, Off, Off, Off, Off, Lean
291.031, 1062, 1,58, 81, 0, 8, 13,8, 0,48, 3,33, 28, 44, 100, 2,95, Off, On, Off, Off, Off, Off, On, Off, Off, Off, Off, Lean
291.078, 1062, 1,67, 81, 0, 8, 13,8, 0,52, 3,79, 27, 44, 100, 3,35, Off, Off, Off, Off, Off, Off, On, Off, Off, Off, Off, Lean
291.140, 1100, 1,72, 81, 0, 8, 13,8, 0,52, 3,86, 27, 44, 100, 3,54, Off, Off, Off, Off, Off, Off, On, Off, Off, Off, Off, Lean
291.218, 1150, 1,76, 81, 0, 8, 14, 0,54, 4,08, 28, 44, 100, 3,91, Off, Off, Off, Off, Off, Off, On, Off, Off, Off, Off, Lean
291.265, 1200, 1,77, 81, 0, 8, 13,9, 0,54, 4,18, 28, 44, 100, 4,18, Off, Off, Off, Off, Off, Off, On, Off, Off, Off, Off, Lean
291.328, 1225, 1,74, 81, 0, 8, 13,9, 0,54, 4,27, 28, 38, 100, 4,36, Off, Off, Off, Off, Off, Off, On, Off, Off, Off, Off, Lean
291.375, 1262, 1,73, 81, 10, 10, 13,9, 0,54, 4,27, 28, 38, 100, 4,49, Off, Off, Off, Off, Off, Off, On, Off, Off, Off, Off, Lean
291.421, 1275, 1,73, 81, 42, 10, 13,9, 0,54, 4,22, 29, 38, 100, 4,48, Off, Off, Off, Off, Off, Off, On, Off, Off, Off, Off, Lean
291.484, 1325, 1,72, 81, 63, 10, 13,9, 0,54, 4,02, 29, 38, 101, 4,44, Off, Off, Off, Off, Off, Off, On, Off, Off, Off, Off, Rich
291.531, 1325, 1,72, 81, 67, 10, 13,9, 0,54, 3,96, 29, 44, 101, 4,37, Off, On, Off, Off, Off, Off, On, Off, Off, Off, Off, Rich
291.578, 1325, 1,75, 81, 69, 10, 13,8, 0,54, 3,93, 30, 44, 101, 4,34, Off, On, Off, Off, Off, Off, On, Off, Off, Off, Off, Rich
291.640, 1312, 1,76, 81, 70, 10, 13,8, 0,54, 3,91, 30, 44, 101, 4,27, Off, Off, Off, Off, Off, Off, On, Off, Off, Off, Off, Rich
291.703, 1312, 1,76, 81, 71, 10, 13,8, 0,54, 3,9, 30, 44, 101, 4,26, Off, Off, Off, Off, Off, Off, On, Off, Off, Off, Off, Rich
291.750, 1350, 1,76, 81, 70, 10, 13,8, 0,54, 3,9, 30, 44, 101, 4,39, Off, Off, Off, Off, Off, Off, On, Off, Off, Off, Off, Rich
291.796, 1362, 1,76, 81, 70, 10, 13,8, 0,54, 3,88, 30, 44, 101, 4,4, Off, Off, Off, Off, Off, Off, On, Off, Off, Off, Off, Rich
291.843, 1362, 1,77, 81, 68, 10, 13,8, 0,54, 3,86, 30, 44, 101, 4,38, Off, Off, Off, Off, Off, Off, On, Off, Off, Off, Off, Rich
291.921, 1362, 1,76, 81, 67, 10, 13,8, 0,54, 3,83, 30, 38, 101, 4,35, Off, Off, Off, Off, Off, Off, On, Off, Off, Off, Off, Rich
291.968, 1362, 1,74, 81, 67, 10, 13,8, 0,54, 3,76, 30, 44, 101, 4,27, Off, On, Off, Off, Off, Off, On, Off, Off, Off, Off, Rich
292.031, 1362, 1,74, 81, 66, 10, 13,8, 0,54, 3,71, 30, 44, 101, 4,21, Off, On, Off, Off, Off, Off, On, Off, Off, Off, Off, Rich
292.078, 1388, 1,76, 81, 64, 12, 13,8, 0,54, 3,69, 30, 44, 101, 4,27, Off, On, Off, Off, Off, Off, On, Off, Off, Off, Off, Rich
292.140, 1388, 1,77, 81, 62, 12, 13,8, 0,54, 3,7, 30, 44, 101, 4,28, Off, On, Off, Off, Off, Off, On, Off, Off, Off, Off, Rich
292.187, 1388, 1,78, 81, 59, 12, 13,8, 0,54, 3,68, 30, 44, 101, 4,26, Off, Off, Off, Off, Off, Off, On, Off, Off, Off, Off, Rich
292.234, 1388, 1,78, 81, 57, 12, 13,8, 0,54, 3,72, 30, 44, 101, 4,3, Off, Off, Off, Off, Off, Off, On, Off, Off, Off, Off, Rich
292.296, 1412, 1,78, 81, 56, 12, 13,8, 0,54, 3,7, 30, 44, 101, 4,35, Off, Off, Off, Off, Off, Off, On, Off, Off, Off, Off, Rich
292.343, 1412, 1,78, 81, 56, 12, 13,8, 0,54, 3,71, 30, 38, 101, 4,37, Off, Off, Off, Off, Off, Off, On, Off, Off, Off, Off, Rich
292.406, 1425, 1,76, 81, 51, 12, 13,8, 0,56, 3,67, 30, 38, 101, 4,36, Off, Off, Off, Off, Off, Off, On, Off, Off, Off, Off, Rich
292.453, 1425, 1,76, 81, 42, 12, 13,8, 0,56, 3,63, 30, 38, 101, 4,31, Off, Off, Off, Off, Off, Off, On, Off, Off, Off, Off, Rich
292.515, 1425, 1,76, 81, 29, 12, 13,8, 0,56, 3,78, 30, 38, 100, 4,49, Off, Off, Off, Off, Off, Off, On, Off, Off, Off, Off, Lean
292.562, 1425, 1,78, 81, 11, 12, 13,8, 0,56, 3,78, 31, 38, 100, 4,49, Off, Off, Off, Off, Off, Off, On, Off, Off, Off, Off, Lean
292.625, 1438, 1,8, 81, 7, 12, 13,8, 0,58, 3,77, 31, 38, 100, 4,52, Off, Off, Off, Off, Off, Off, On, Off, Off, Off, Off, Lean
292.656, 1438, 1,86, 81, 5, 12, 13,8, 0,62, 4,03, 30, 38, 100, 4,83, Off, Off, Off, Off, Off, Off, On, Off, Off, Off, Off, Lean
292.734, 1462, 1,91, 81, 4, 12, 13,8, 0,64, 4,36, 29, 38, 100, 5,31, Off, Off, Off, Off, Off, Off, On, Off, Off, Off, Off, Lean
292.781, 1488, 1,94, 81, 3, 12, 13,7, 0,64, 4,44, 29, 38, 100, 5,51, Off, Off, Off, Off, Off, Off, On, Off, Off, Off, Off, Lean
292.828, 1488, 1,94, 81, 5, 12, 13,8, 0,64, 4,5, 29, 38, 100, 5,58, Off, Off, Off, Off, Off, Off, On, Off, Off, Off, Off, Lean
292.890, 1525, 1,94, 81, 46, 12, 13,9, 0,64, 4,52, 29, 38, 100, 5,74, Off, Off, Off, Off, Off, Off, On, Off, Off, Off, Off, Lean
292.937, 1562, 1,94, 81, 59, 12, 13,8, 0,64, 4,54, 29, 38, 100, 5,91, Off, Off, Off, Off, Off, Off, On, Off, Off, Off, Off, Lean
293.000, 1575, 1,94, 81, 64, 12, 13,9, 0,64, 4,37, 29, 38, 100, 5,74, Off, Off, Off, Off, Off, Off, On, Off, Off, Off, Off, Rich
293.046, 1575, 1,96, 81, 69, 12, 13,8, 0,66, 4,35, 29, 38, 100, 5,71, Off, Off, Off, Off, Off, Off, On, Off, Off, Off, Off, Rich
293.093, 1575, 1,98, 81, 69, 12, 13,8, 0,66, 4,52, 29, 38, 100, 5,93, Off, Off, Off, Off, Off, Off, On, Off, Off, Off, Off, Rich
293.156, 1575, 1,99, 81, 69, 12, 13,8, 0,66, 4,48, 28, 38, 100, 5,88, Off, Off, Off, Off, Off, Off, On, Off, Off, Off, Off, Rich
293.203, 1588, 2,01, 81, 69, 12, 13,8, 0,68, 4,53, 28, 38, 100, 5,99, Off, Off, Off, Off, Off, Off, On, Off, Off, Off, Off, Rich
293.265, 1588, 2,02, 81, 68, 12, 13,8, 0,68, 4,56, 28, 38, 100, 6,03, Off, Off, Off, Off, Off, Off, On, Off, Off, Off, Off, Rich
293.328, 1625, 2,01, 81, 67, 12, 13,8, 0,68, 4,56, 28, 38, 100, 6,17, Off, Off, Off, Off, Off, Off, On, Off, Off, Off, Off, Rich
293.390, 1588, 2,03, 81, 64, 12, 13,9, 0,7, 4,54, 28, 38, 100, 6,01, Off, Off, Off, Off, Off, Off, On, Off, Off, Off, Off, Rich
293.437, 1575, 2,03, 81, 62, 12, 13,8, 0,7, 4,54, 28, 38, 100, 5,96, Off, Off, Off, Off, Off, Off, On, Off, Off, Off, Off, Rich
293.500, 1488, 2,04, 81, 60, 12, 13,9, 0,7, 4,63, 28, 38, 100, 5,74, Off, Off, Off, Off, Off, Off, On, Off, Off, Off, Off, Rich
293.546, 1488, 2,04, 81, 57, 12, 13,9, 0,7, 4,67, 26, 38, 100, 5,79, Off, Off, Off, Off, Off, Off, On, Off, Off, Off, Off, Rich
293.609, 1475, 2,03, 81, 57, 12, 13,8, 0,7, 4,73, 26, 38, 100, 5,81, Off, Off, Off, Off, Off, Off, On, Off, Off, Off, Off, Rich
293.656, 1488, 2,03, 81, 56, 12, 13,9, 0,7, 4,77, 26, 38, 100, 5,91, Off, Off, Off, Off, Off, Off, On, Off, Off, Off, Off, Rich
293.703, 1475, 2,04, 81, 43, 12, 13,8, 0,7, 4,81, 26, 38, 100, 5,91, Off, Off, Off, Off, Off, Off, On, Off, Off, Off, Off, Rich
293.750, 1475, 2,03, 81, 31, 12, 13,8, 0,7, 4,83, 26, 38, 100, 5,94, Off, Off, Off, Off, Off, Off, On, Off, Off, Off, Off, Rich
293.812, 1475, 2,02, 81, 21, 12, 13,7, 0,7, 5,06, 26, 38, 100, 6,22, Off, Off, Off, Off, Off, Off, On, Off, Off, Off, Off, Lean
293.859, 1512, 2,04, 81, 9, 12, 13,8, 0,7, 5,08, 26, 38, 100, 6,4, Off, Off, Off, Off, Off, Off, On, Off, Off, Off, Off, Lean
293.906, 1512, 2,03, 81, 6, 12, 13,8, 0,7, 5,11, 26, 38, 100, 6,44, Off, Off, Off, Off, Off, Off, On, Off, Off, Off, Off, Lean
293.968, 1512, 2,02, 81, 4, 12, 13,8, 0,68, 5,14, 27, 38, 100, 6,48, Off, Off, Off, Off, Off, Off, On, Off, Off, Off, Off, Lean
294.031, 1512, 2,02, 81, 8, 12, 13,8, 0,68, 5,08, 27, 38, 100, 6,4, Off, Off, Off, Off, Off, Off, On, Off, Off, Off, Off, Lean
294.093, 1525, 2,02, 81, 35, 12, 13,7, 0,68, 5,08, 27, 38, 100, 6,46, Off, Off, Off, Off, Off, Off, On, Off, Off, Off, Off, Lean
294.140, 1525, 2,01, 81, 55, 12, 13,8, 0,68, 4,89, 27, 38, 100, 6,21, Off, Off, Off, Off, Off, Off, On, Off, Off, Off, Off, Rich
294.203, 1525, 2,02, 81, 66, 14, 13,8, 0,68, 4,86, 27, 38, 100, 6,18, Off, Off, Off, Off, Off, Off, On, Off, Off, Off, Off, Rich
294.250, 1538, 2,02, 81, 68, 14, 13,8, 0,68, 4,85, 27, 38, 100, 6,22, Off, Off, Off, Off, Off, Off, On, Off, Off, Off, Off, Rich
294.312, 1512, 2, 81, 69, 14, 13,8, 0,66, 4,74, 27, 38, 100, 5,97, Off, Off, Off, Off, Off, Off, On, Off, Off, Off, Off, Rich
294.359, 1525, 2, 81, 69, 14, 13,7, 0,68, 4,71, 27, 38, 100, 5,99, Off, Off, Off, Off, Off, Off, On, Off, Off, Off, Off, Rich
294.406, 1538, 1,99, 81, 69, 14, 13,8, 0,68, 4,68, 27, 38, 100, 6, Off, Off, Off, Off, Off, Off, On, Off, Off, Off, Off, Rich
294.468, 1525, 2, 81, 68, 14, 13,8, 0,68, 4,65, 27, 38, 100, 5,91, Off, Off, Off, Off, Off, Off, On, Off, Off, Off, Off, Rich
294.515, 1525, 1,98, 81, 66, 14, 13,8, 0,66, 4,62, 27, 38, 100, 5,87, Off, Off, Off, Off, Off, Off, On, Off, Off, Off, Off, Rich
294.578, 1512, 1,98, 81, 64, 14, 13,8, 0,66, 4,59, 27, 38, 100, 5,78, Off, Off, Off, Off, Off, Off, On, Off, Off, Off, Off, Rich
294.609, 1512, 2, 81, 62, 14, 13,8, 0,66, 4,56, 28, 38, 100, 5,75, Off, Off, Off, Off, Off, Off, On, Off, Off, Off, Off, Rich
294.687, 1525, 1,96, 81, 58, 14, 13,8, 0,64, 4,47, 28, 38, 100, 5,68, Off, Off, Off, Off, Off, Off, On, Off, Off, Off, Off, Rich
294.765, 1512, 1,92, 81, 57, 14, 13,8, 0,62, 4,17, 28, 38, 100, 5,25, Off, Off, Off, Off, Off, Off, On, Off, Off, Off, Off, Rich
294.812, 1512, 1,9, 81, 57, 14, 13,8, 0,62, 4,15, 29, 38, 100, 5,23, Off, Off, Off, Off, Off, Off, On, Off, Off, Off, Off, Rich
294.875, 1488, 1,84, 81, 56, 14, 13,8, 0,54, 3,99, 28, 38, 100, 4,95, Off, Off, Off, Off, Off, Off, On, Off, Off, Off, Off, Rich
294.921, 1475, 1,6, 81, 53, 18, 13,8, 0,46, 3,37, 30, 38, 100, 4,14, Off, Off, Off, Off, Off, Off, On, Off, Off, Off, Off, Rich
294.984, 1438, 1,54, 81, 43, 18, 13,8, 0,4, 3,35, 31, 38, 100, 4,01, Off, Off, Off, Off, Off, Off, On, Off, Off, Off, Off, Rich
295.015, 1388, 1,44, 81, 17, 18, 13,8, 0,34, 3,21, 27, 47, 102, 3,71, Off, Off, Off, Off, On, Off, On, Off, Off, Off, Off, Lean
295.093, 1362, 1,45, 81, 9, 18, 13,8, 0,34, 2,93, 24, 47, 102, 3,33, Off, Off, Off, Off, On, Off, On, Off, Off, Off, Off, Lean
295.140, 1275, 1,38, 81, 4, 18, 13,8, 0,34, 2,88, 20, 47, 102, 3,06, Off, Off, Off, Off, On, Off, On, Off, Off, Off, Off, Lean
295.187, 1250, 1,38, 81, 2, 18, 13,8, 0,34, 2,72, 17, 46, 102, 2,83, Off, Off, Off, Off, On, Off, On, Off, Off, Off, Off, Lean
295.250, 1200, 1,44, 81, 27, 18, 13,8, 0,34, 2,7, 13, 46, 102, 2,7, Off, Off, Off, Off, On, Off, On, Off, Off, Off, Off, Lean
295.296, 1162, 1,41, 81, 57, 18, 13,8, 0,34, 2,69, 13, 46, 102, 2,6, Off, Off, Off, Off, On, Off, On, Off, Off, Off, Off, Lean
295.343, 1150, 1,42, 81, 66, 18, 13,6, 0,34, 2,59, 13, 46, 101, 2,48, Off, Off, Off, Off, On, Off, On, Off, Off, Off, Off, Rich
295.421, 1112, 1,42, 81, 69, 18, 13,7, 0,34, 2,59, 13, 45, 101, 2,4, Off, Off, Off, Off, On, Off, On, Off, Off, Off, Off, Rich
295.468, 1138, 1,4, 81, 70, 18, 13,7, 0,34, 2,6, 13, 45, 101, 2,47, Off, Off, Off, Off, On, Off, On, Off, Off, Off, Off, Rich
295.515, 1100, 1,38, 81, 71, 18, 13,7, 0,34, 2,59, 13, 45, 101, 2,37, Off, Off, Off, Off, On, Off, On, Off, Off, Off, Off, Rich
295.578, 1100, 1,38, 81, 71, 18, 13,7, 0,34, 2,59, 13, 45, 101, 2,37, Off, Off, Off, Off, On, Off, On, Off, Off, Off, Off, Rich
295.625, 1100, 1,36, 81, 70, 18, 13,7, 0,34, 2,57, 13, 45, 101, 2,36, Off, Off, Off, Off, On, Off, On, Off, Off, Off, Off, Rich
295.687, 1100, 1,37, 81, 67, 18, 13,7, 0,34, 2,56, 13, 44, 101, 2,35, Off, Off, Off, Off, On, Off, On, Off, Off, Off, Off, Rich
295.734, 1088, 1,36, 81, 64, 18, 13,7, 0,34, 2,56, 13, 44, 101, 2,32, Off, Off, Off, Off, On, Off, On, Off, Off, Off, Off, Rich
295.781, 1088, 1,36, 81, 59, 18, 13,8, 0,34, 2,55, 13, 44, 101, 2,31, Off, Off, Off, Off, On, Off, On, Off, Off, Off, Off, Rich
295.843, 1062, 1,35, 81, 59, 18, 13,7, 0,34, 2,54, 13, 44, 101, 2,25, Off, Off, Off, Off, On, Off, On, Off, Off, Off, Off, Rich
295.890, 1062, 1,34, 81, 13, 18, 13,8, 0,34, 2,58, 13, 44, 101, 2,28, Off, Off, Off, Off, On, Off, On, Off, Off, Off, Off, Lean
296.234, 1038, 1,34, 81, 13, 18, 13,8, 0,34, 2,58, 13, 44, 101, 2,23, Off, Off, Off, Off, On, Off, On, Off, Off, Off, Off, Lean
296.281, 975, 1,32, 81, 0, 16, 13,5, 0,34, 2,62, 13, 42, 101, 2,13, Off, Off, Off, Off, On, Off, On, Off, Off, Off, Off, Lean
296.343, 950, 1,32, 81, 0, 16, 13,7, 0,34, 2,65, 13, 42, 101, 2,1, Off, Off, Off, Off, On, Off, On, Off, Off, Off, Off, Lean
296.390, 938, 1,32, 81, 0, 16, 13,8, 0,34, 2,68, 13, 42, 101, 2,09, Off, Off, Off, Off, On, Off, On, Off, Off, Off, Off, Lean
296.437, 938, 1,32, 81, 0, 16, 13,8, 0,34, 2,69, 13, 42, 101, 2,1, Off, Off, Off, Off, On, Off, On, Off, Off, Off, Off, Lean
296.500, 925, 1,32, 81, 0, 16, 13,7, 0,34, 2,71, 13, 42, 101, 2,09, Off, Off, Off, Off, On, Off, On, Off, Off, Off, Off, Lean
296.546, 888, 1,31, 81, 0, 16, 13,8, 0,34, 2,72, 13, 41, 101, 2,01, Off, Off, Off, Off, On, Off, On, Off, Off, Off, Off, Lean
296.593, 900, 1,32, 81, 0, 16, 13,7, 0,34, 2,74, 13, 41, 101, 2,06, Off, Off, Off, Off, On, Off, On, Off, Off, Off, Off, Lean
296.640, 875, 1,32, 81, 0, 16, 13,7, 0,34, 2,76, 13, 41, 101, 2,01, Off, Off, Off, Off, On, Off, On, Off, Off, Off, Off, Lean
296.687, 875, 1,3, 81, 0, 16, 13,7, 0,34, 2,8, 13, 41, 101, 2,04, Off, Off, Off, Off, On, Off, On, Off, Off, Off, Off, Lean
296.734, 875, 1,3, 81, 0, 16, 13,6, 0,34, 2,79, 13, 41, 101, 2,03, Off, Off, Off, Off, On, Off, On, Off, Off, Off, Off, Lean
296.796, 875, 1,3, 81, 0, 16, 13,7, 0,34, 2,83, 13, 40, 101, 2,06, Off, Off, Off, Off, On, Off, On, Off, Off, Off, Off, Lean
296.859, 838, 1,3, 81, 0, 16, 13,8, 0,34, 2,84, 13, 40, 101, 1,98, Off, Off, Off, Off, On, Off, On, Off, Off, Off, Off, Lean
296.921, 825, 1,3, 81, 0, 16, 13,8, 0,34, 2,85, 13, 40, 101, 1,96, Off, Off, Off, Off, On, Off, On, Off, Off, Off, Off, Lean
296.968, 812, 1,28, 81, 0, 16, 13,7, 0,34, 2,86, 13, 40, 101, 1,94, Off, Off, Off, Off, On, Off, On, Off, Off, Off, Off, Lean
297.031, 838, 1,28, 81, 0, 14, 13,7, 0,34, 2,88, 13, 40, 101, 2,01, Off, Off, Off, Off, On, Off, On, Off, Off, Off, Off, Lean
297.078, 825, 1,28, 81, 0, 14, 13,7, 0,34, 2,89, 13, 39, 101, 1,99, Off, Off, Off, Off, On, Off, On, Off, Off, Off, Off, Lean
297.125, 812, 1,28, 81, 0, 14, 13,7, 0,34, 2,9, 13, 39, 101, 1,96, Off, Off, Off, Off, On, Off, On, Off, Off, Off, Off, Lean
297.187, 812, 1,27, 81, 0, 14, 13,8, 0,34, 2,91, 13, 39, 101, 1,97, Off, Off, Off, Off, On, Off, On, Off, Off, Off, Off, Lean
297.234, 812, 1,27, 81, 0, 14, 13,7, 0,34, 2,93, 13, 38, 101, 1,98, Off, Off, Off, Off, On, Off, On, Off, Off, Off, Off, Lean
297.281, 788, 1,27, 81, 0, 14, 13,6, 0,34, 2,94, 13, 38, 101, 1,93, Off, Off, Off, Off, On, Off, On, Off, Off, Off, Off, Lean
297.328, 788, 1,27, 81, 0, 14, 13,5, 0,34, 2,95, 13, 38, 101, 1,94, Off, Off, Off, Off, On, Off, On, Off, Off, Off, Off, Lean
297.375, 775, 1,26, 81, 0, 14, 13,8, 0,34, 2,93, 13, 38, 101, 1,89, Off, Off, Off, Off, On, Off, On, Off, Off, Off, Off, Lean
297.437, 788, 1,27, 81, 0, 14, 13,8, 0,34, 2,95, 13, 38, 101, 1,94, Off, Off, Off, Off, On, Off, On, Off, Off, Off, Off, Lean
297.484, 812, 1,27, 81, 0, 14, 13,7, 0,34, 2,95, 13, 38, 101, 2, Off, Off, Off, Off, On, Off, On, Off, Off, Off, Off, Lean
297.546, 788, 1,26, 81, 0, 14, 13,8, 0,34, 2,97, 13, 38, 101, 1,95, Off, Off, Off, Off, On, Off, On, Off, Off, Off, Off, Lean
297.609, 788, 1,26, 81, 0, 14, 13,8, 0,34, 2,97, 13, 38, 101, 1,95, Off, Off, Off, Off, On, Off, On, Off, Off, Off, Off, Lean
297.671, 825, 1,28, 81, 0, 14, 13,8, 0,34, 2,97, 13, 38, 101, 2,04, Off, Off, Off, Off, On, Off, On, Off, Off, Off, Off, Lean
297.718, 812, 1,27, 81, 0, 10, 13,8, 0,34, 2,97, 13, 38, 101, 2,01, Off, Off, Off, Off, On, Off, On, Off, Off, Off, Off, Lean
297.765, 788, 1,26, 81, 0, 10, 13,8, 0,34, 3,01, 11, 38, 101, 1,98, Off, Off, Off, Off, On, Off, On, Off, Off, Off, Off, Lean
297.828, 812, 1,27, 81, 0, 10, 13,9, 0,34, 2,95, 9, 38, 101, 2, Off, Off, Off, Off, On, Off, On, Off, Off, Off, Off, Lean
297.890, 812, 1,27, 81, 0, 10, 13,9, 0,34, 2,95, 6, 38, 101, 2, Off, Off, Off, Off, On, Off, On, Off, Off, Off, Off, Lean
297.937, 812, 1,4, 81, 0, 10, 13,8, 0,52, 3,15, 4, 38, 101, 2,13, Off, Off, Off, Off, Off, Off, On, Off, Off, Off, Off, Lean
297.984, 788, 1,7, 81, 0, 10, 13,9, 0,62, 4,8, 9, 38, 101, 3,15, Off, Off, Off, Off, Off, Off, On, Off, Off, Off, Off, Lean
298.046, 788, 1,85, 81, 0, 10, 13,8, 0,64, 5,2, 11, 38, 101, 3,41, Off, Off, Off, Off, Off, Off, On, Off, Off, Off, Off, Lean
298.093, 875, 1,92, 81, 0, 10, 13,8, 0,66, 5,82, 12, 38, 101, 4,24, Off, Off, Off, Off, Off, Off, On, Off, Off, Off, Off, Lean
298.156, 950, 1,96, 81, 0, 10, 13,8, 0,68, 6,35, 12, 38, 101, 5,03, Off, Off, Off, Off, Off, Off, On, Off, Off, Off, Off, Lean
298.203, 1062, 1,94, 81, 41, 10, 13,8, 0,64, 6,27, 18, 38, 101, 5,55, Off, Off, Off, Off, Off, Off, On, Off, Off, Off, Off, Lean
298.265, 1162, 1,88, 81, 64, 10, 13,9, 0,62, 6,05, 20, 38, 102, 5,86, Off, Off, Off, Off, Off, Off, On, Off, Off, Off, Off, Rich
298.328, 1212, 1,86, 81, 70, 10, 13,8, 0,62, 5,91, 21, 38, 102, 5,97, Off, Off, Off, Off, Off, Off, On, Off, Off, Off, Off, Rich
298.375, 1325, 1,88, 81, 75, 10, 13,9, 0,62, 5,59, 24, 38, 102, 6,17, Off, Off, Off, Off, Off, Off, On, Off, Off, Off, Off, Rich
298.421, 1362, 1,88, 81, 75, 8, 13,9, 0,62, 5,28, 24, 38, 102, 5,99, Off, Off, Off, Off, Off, Off, On, Off, Off, Off, Off, Rich
298.484, 1412, 1,88, 81, 76, 8, 13,8, 0,62, 4,99, 25, 38, 102, 5,87, Off, Off, Off, Off, Off, Off, On, Off, Off, Off, Off, Rich
298.531, 1412, 1,88, 81, 76, 8, 13,8, 0,62, 4,74, 25, 38, 102, 5,58, Off, Off, Off, Off, Off, Off, On, Off, Off, Off, Off, Rich
298.593, 1425, 1,88, 81, 76, 8, 13,8, 0,62, 4,61, 26, 38, 102, 5,47, Off, Off, Off, Off, Off, Off, On, Off, Off, Off, Off, Rich
298.640, 1425, 1,9, 81, 75, 8, 13,8, 0,64, 4,83, 26, 38, 102, 5,74, Off, Off, Off, Off, Off, Off, On, Off, Off, Off, Off, Rich
298.703, 1412, 2, 81, 75, 8, 13,8, 0,68, 5,11, 25, 38, 102, 6,01, Off, Off, Off, Off, Off, Off, On, Off, Off, Off, Off, Rich
298.750, 1425, 2,02, 81, 74, 8, 13,9, 0,68, 5,07, 25, 38, 102, 6,02, Off, Off, Off, Off, Off, Off, On, Off, Off, Off, Off, Rich
298.796, 1425, 1,99, 81, 74, 8, 13,8, 0,68, 5,03, 25, 38, 102, 5,97, Off, Off, Off, Off, Off, Off, On, Off, Off, Off, Off, Rich
298.859, 1438, 1,99, 81, 74, 8, 13,8, 0,66, 4,99, 25, 38, 102, 5,98, Off, Off, Off, Off, Off, Off, On, Off, Off, Off, Off, Rich
298.906, 1438, 2,01, 81, 75, 8, 13,8, 0,68, 4,92, 26, 38, 102, 5,9, Off, Off, Off, Off, Off, Off, On, Off, Off, Off, Off, Rich
298.968, 1438, 2,04, 81, 75, 8, 13,8, 0,7, 4,98, 25, 38, 102, 5,97, Off, Off, Off, Off, Off, Off, On, Off, Off, Off, Off, Rich
299.031, 1438, 2,06, 81, 74, 8, 13,8, 0,7, 5, 25, 38, 102, 5,99, Off, Off, Off, Off, Off, Off, On, Off, Off, Off, Off, Rich
299.078, 1475, 2,04, 81, 74, 8, 13,8, 0,72, 5,04, 25, 38, 102, 6,2, Off, Off, Off, Off, Off, Off, On, Off, Off, Off, Off, Rich
299.125, 1475, 2,1, 81, 71, 12, 13,8, 0,78, 5,25, 25, 38, 102, 6,45, Off, Off, Off, Off, Off, Off, On, Off, Off, Off, Off, Rich
299.187, 1512, 2,25, 81, 69, 12, 13,6, 0,86, 5,65, 24, 38, 102, 7,12, Off, Off, Off, Off, Off, Off, On, Off, Off, Off, Off, Rich
299.234, 1525, 2,28, 81, 66, 12, 13,8, 0,86, 5,69, 24, 38, 102, 7,23, Off, Off, Off, Off, Off, Off, On, Off, Off, Off, Off, Rich
299.281, 1562, 2,27, 81, 62, 12, 13,8, 0,88, 5,88, 24, 38, 102, 7,65, Off, Off, Off, Off, Off, Off, On, On, Off, Off, Off, Rich
299.328, 1600, 2,29, 81, 59, 12, 13,7, 0,9, 5,96, 23, 38, 102, 7,95, Off, Off, Off, Off, Off, Off, On, On, Off, Off, Off, Rich
299.390, 1675, 2,31, 81, 49, 12, 13,8, 0,9, 5,98, 23, 38, 102, 8,35, Off, Off, Off, Off, Off, Off, On, On, Off, Off, Off, Rich
299.437, 1700, 2,33, 81, 38, 12, 13,9, 0,92, 6,04, 24, 38, 100, 8,56, Off, Off, Off, Off, Off, Off, On, On, Off, Off, Off, Lean
299.484, 1738, 2,36, 81, 26, 12, 13,8, 0,94, 6,48, 23, 38, 100, 9,39, Off, Off, Off, Off, Off, Off, On, On, Off, Off, Off, Lean
299.531, 1762, 2,38, 81, 9, 12, 13,8, 0,94, 6,58, 24, 38, 100, 9,66, Off, Off, Off, Off, Off, Off, On, On, Off, Off, Off, Lean
299.593, 1812, 2,41, 81, 3, 12, 13,7, 0,94, 6,68, 24, 38, 100, 10,09, Off, Off, Off, Off, Off, Off, On, On, Off, Off, Off, Lean
299.656, 1838, 2,42, 81, 1, 12, 13,8, 0,94, 6,68, 24, 38, 100, 10,23, Off, Off, Off, Off, Off, Off, On, On, Off, Off, Off, Lean
299.718, 1850, 2,43, 81, 1, 12, 13,8, 0,94, 6,73, 25, 38, 100, 10,38, Off, Off, Off, Off, Off, Off, On, On, Off, Off, Off, Lean
299.765, 1850, 2,41, 81, 25, 12, 13,8, 0,94, 6,71, 25, 38, 100, 10,34, Off, Off, Off, Off, Off, Off, On, On, Off, Off, Off, Lean
299.812, 1850, 2,43, 81, 45, 14, 13,8, 0,94, 6,68, 25, 38, 100, 10,3, Off, Off, Off, Off, Off, Off, On, On, Off, Off, Off, Lean
299.859, 1888, 2,41, 81, 63, 14, 13,8, 0,94, 6,48, 25, 38, 99, 10,2, Off, Off, Off, Off, Off, Off, On, On, Off, Off, Off, Rich
299.921, 1850, 2,43, 82, 66, 14, 13,9, 0,94, 6,41, 26, 38, 99, 9,88, Off, Off, Off, Off, Off, Off, On, On, Off, Off, Off, Rich
299.968, 1862, 2,44, 82, 69, 14, 13,8, 0,94, 6,34, 26, 38, 99, 9,84, Off, Off, Off, Off, Off, Off, On, On, Off, Off, Off, Rich
300.015, 1862, 2,42, 82, 69, 14, 13,8, 0,94, 6,32, 26, 38, 99, 9,81, Off, Off, Off, Off, Off, Off, On, On, Off, Off, Off, Rich
300.062, 1862, 2,42, 82, 68, 14, 13,8, 0,94, 6,29, 26, 38, 99, 9,76, Off, Off, Off, Off, Off, Off, On, On, Off, Off, Off, Rich
300.109, 1888, 2,43, 82, 66, 14, 13,8, 0,94, 6,24, 26, 38, 99, 9,82, Off, Off, Off, Off, Off, Off, On, On, Off, Off, Off, Rich
300.171, 1888, 2,44, 82, 63, 14, 13,9, 0,94, 6,19, 26, 38, 99, 9,74, Off, Off, Off, Off, Off, Off, On, On, Off, Off, Off, Rich
300.218, 1888, 2,41, 82, 61, 14, 13,8, 0,94, 6,1, 26, 38, 99, 9,6, Off, Off, Off, Off, Off, Off, On, On, Off, Off, Off, Rich
300.265, 1888, 2,42, 82, 60, 14, 13,9, 0,94, 6,04, 26, 38, 99, 9,5, Off, Off, Off, Off, Off, Off, On, On, Off, Off, Off, Rich
300.328, 1888, 2,38, 82, 60, 14, 13,6, 0,88, 5,96, 26, 38, 99, 9,38, Off, Off, Off, Off, Off, Off, On, On, Off, Off, Off, Rich
300.390, 1888, 2,27, 82, 53, 14, 13,8, 0,82, 5,32, 27, 38, 99, 8,37, Off, Off, Off, Off, Off, Off, On, On, Off, Off, Off, Rich
300.437, 1862, 2,24, 82, 38, 14, 13,8, 0,82, 5,2, 28, 38, 99, 8,07, Off, Off, Off, Off, Off, Off, On, On, Off, Off, Off, Rich
300.500, 1850, 2,25, 82, 32, 14, 13,8, 0,82, 5,39, 27, 38, 99, 8,31, Off, Off, Off, Off, Off, Off, On, On, Off, Off, Off, Lean
300.546, 1812, 2,28, 82, 16, 20, 13,7, 0,82, 5,32, 27, 38, 99, 8,03, Off, Off, Off, Off, Off, Off, On, On, Off, Off, Off, Lean
300.609, 1812, 2,26, 82, 9, 20, 13,8, 0,82, 5,29, 27, 38, 99, 7,99, Off, Off, Off, Off, Off, Off, On, On, Off, Off, Off, Lean
300.656, 1800, 2,18, 82, 0, 20, 13,8, 0,74, 5,16, 27, 38, 99, 7,74, Off, Off, Off, Off, Off, Off, On, On, Off, Off, Off, Lean
300.703, 1800, 2,12, 82, 0, 20, 13,8, 0,72, 4,89, 28, 38, 99, 7,34, Off, Off, Off, Off, Off, Off, On, On, Off, Off, Off, Lean
300.765, 1762, 2,1, 82, 0, 20, 13,8, 0,72, 4,63, 28, 38, 99, 6,8, Off, Off, Off, Off, Off, Off, On, On, Off, Off, Off, Lean
300.812, 1750, 2,12, 82, 0, 20, 13,8, 0,72, 4,64, 28, 38, 99, 6,77, Off, Off, Off, Off, Off, Off, On, On, Off, Off, Off, Lean
300.875, 1725, 2,01, 82, 0, 20, 13,8, 0,64, 4,22, 29, 38, 99, 6,07, Off, Off, Off, Off, Off, Off, On, On, Off, Off, Off, Lean
300.921, 1700, 1,96, 82, 0, 20, 13,8, 0,62, 4,02, 30, 38, 99, 5,7, Off, Off, Off, Off, Off, Off, On, On, Off, Off, Off, Lean
300.968, 1650, 1,9, 82, 0, 20, 13,8, 0,56, 3,83, 30, 38, 99, 5,27, Off, Off, Off, Off, Off, Off, On, Off, Off, Off, Off, Lean
301.015, 1638, 1,74, 82, 0, 20, 13,8, 0,44, 3,42, 31, 38, 99, 4,67, Off, Off, Off, Off, Off, Off, On, Off, Off, Off, Off, Lean
301.093, 1588, 1,5, 82, 0, 20, 13,8, 0,4, 3,28, 32, 38, 99, 4,34, Off, Off, Off, Off, Off, Off, On, Off, Off, Off, Off, Lean
301.140, 1525, 1,44, 82, 0, 20, 13,8, 0,34, 2,77, 30, 47, 99, 3,52, Off, Off, Off, Off, On, Off, On, Off, Off, Off, Off, Lean
301.203, 1462, 1,4, 82, 0, 20, 13,9, 0,34, 2,62, 26, 47, 99, 3,19, Off, Off, Off, Off, On, Off, On, Off, Off, Off, Off, Lean
301.250, 1388, 1,44, 82, 0, 22, 13,9, 0,34, 2,51, 21, 47, 99, 2,9, Off, Off, Off, Off, On, Off, On, Off, Off, Off, Off, Lean
301.312, 1375, 1,42, 82, 0, 22, 13,7, 0,34, 2,46, 19, 47, 99, 2,82, Off, Off, Off, Off, On, Off, On, Off, Off, Off, Off, Lean
301.359, 1350, 1,38, 82, 11, 22, 13,8, 0,34, 2,42, 16, 46, 99, 2,72, Off, Off, Off, Off, On, Off, On, Off, Off, Off, Off, Lean
301.406, 1312, 1,38, 82, 34, 22, 13,9, 0,34, 2,35, 16, 46, 99, 2,57, Off, Off, Off, Off, On, Off, On, Off, Off, Off, Off, Lean
301.468, 1312, 1,42, 82, 55, 22, 13,9, 0,34, 2,3, 15, 46, 97, 2,51, Off, Off, Off, Off, On, Off, On, Off, Off, Off, Off, Rich
301.515, 1300, 1,44, 82, 57, 22, 13,8, 0,34, 2,3, 15, 45, 97, 2,49, Off, Off, Off, Off, On, Off, On, Off, Off, Off, Off, Rich
301.578, 1300, 1,37, 82, 55, 22, 13,8, 0,34, 2,27, 15, 45, 97, 2,46, Off, Off, Off, Off, On, Off, On, Off, Off, Off, Off, Rich
301.625, 1312, 1,37, 82, 49, 22, 13,8, 0,34, 2,26, 15, 45, 97, 2,47, Off, Off, Off, Off, On, Off, On, Off, Off, Off, Off, Rich
301.671, 1312, 1,39, 82, 5, 22, 13,9, 0,34, 2,3, 15, 45, 98, 2,51, Off, Off, Off, Off, On, Off, On, Off, Off, Off, Off, Lean
301.750, 1300, 1,4, 82, 0, 22, 13,8, 0,34, 2,29, 15, 45, 98, 2,48, Off, Off, Off, Off, On, Off, On, Off, Off, Off, Off, Lean
301.796, 1300, 1,4, 82, 0, 22, 13,9, 0,34, 2,29, 15, 44, 98, 2,48, Off, Off, Off, Off, On, Off, On, Off, Off, Off, Off, Lean
301.843, 1275, 1,4, 82, 0, 22, 13,9, 0,34, 2,27, 15, 44, 98, 2,41, Off, Off, Off, Off, On, Off, On, Off, Off, Off, Off, Lean
301.906, 1275, 1,38, 82, 0, 22, 13,8, 0,34, 2,27, 15, 44, 98, 2,41, Off, Off, Off, Off, On, Off, On, Off, Off, Off, Off, Lean
301.953, 1300, 1,36, 82, 0, 22, 13,8, 0,34, 2,27, 14, 44, 98, 2,46, Off, Off, Off, Off, On, Off, On, Off, Off, Off, Off, Lean
302.000, 1300, 1,36, 82, 0, 22, 13,9, 0,34, 2,28, 14, 44, 98, 2,47, Off, Off, Off, Off, On, Off, On, Off, Off, Off, Off, Lean
302.062, 1275, 1,36, 82, 0, 22, 13,8, 0,34, 2,26, 14, 44, 98, 2,4, Off, Off, Off, Off, On, Off, On, Off, Off, Off, Off, Lean
302.109, 1262, 1,36, 82, 0, 22, 13,8, 0,34, 2,29, 14, 43, 98, 2,41, Off, Off, Off, Off, On, Off, On, Off, Off, Off, Off, Lean
302.171, 1250, 1,36, 82, 0, 22, 13,7, 0,34, 2,29, 14, 43, 98, 2,39, Off, Off, Off, Off, On, Off, On, Off, Off, Off, Off, Lean
302.218, 1250, 1,35, 82, 0, 22, 13,8, 0,34, 2,27, 14, 42, 98, 2,36, Off, Off, Off, Off, On, Off, On, Off, Off, Off, Off, Lean
302.265, 1250, 1,35, 82, 0, 22, 13,8, 0,34, 2,28, 14, 42, 98, 2,38, Off, Off, Off, Off, On, Off, On, Off, Off, Off, Off, Lean
302.312, 1250, 1,35, 82, 0, 22, 13,8, 0,34, 2,26, 13, 42, 98, 2,35, Off, Off, Off, Off, On, Off, On, Off, Off, Off, Off, Lean
302.359, 1250, 1,34, 82, 0, 22, 13,8, 0,34, 2,27, 13, 42, 98, 2,36, Off, Off, Off, Off, On, Off, On, Off, Off, Off, Off, Lean
302.437, 1225, 1,34, 82, 0, 22, 13,8, 0,34, 2,27, 13, 42, 98, 2,32, Off, Off, Off, Off, On, Off, On, Off, Off, Off, Off, Lean
302.484, 1225, 1,34, 82, 0, 22, 13,8, 0,34, 2,27, 13, 42, 98, 2,32, Off, Off, Off, Off, On, Off, On, Off, Off, Off, Off, Lean
302.531, 1200, 1,33, 82, 0, 22, 13,8, 0,34, 2,26, 13, 42, 98, 2,26, Off, Off, Off, Off, On, Off, On, Off, Off, Off, Off, Lean
302.593, 1200, 1,33, 82, 0, 22, 13,8, 0,34, 2,28, 13, 42, 98, 2,28, Off, Off, Off, Off, On, Off, On, Off, Off, Off, Off, Lean
302.640, 1200, 1,34, 82, 0, 22, 13,8, 0,34, 2,27, 13, 41, 98, 2,27, Off, Off, Off, Off, On, Off, On, Off, Off, Off, Off, Lean
302.687, 1162, 1,32, 82, 0, 22, 13,6, 0,34, 2,28, 13, 41, 98, 2,21, Off, Off, Off, Off, On, Off, On, Off, Off, Off, Off, Lean
302.734, 1200, 1,32, 82, 0, 22, 13,8, 0,34, 2,29, 13, 41, 98, 2,29, Off, Off, Off, Off, On, Off, On, Off, Off, Off, Off, Lean
302.781, 1188, 1,32, 82, 0, 22, 13,8, 0,34, 2,29, 13, 41, 98, 2,27, Off, Off, Off, Off, On, Off, On, Off, Off, Off, Off, Lean
302.828, 1150, 1,32, 82, 0, 22, 13,5, 0,34, 2,28, 13, 41, 98, 2,18, Off, Off, Off, Off, On, Off, On, Off, Off, Off, Off, Lean
302.890, 1138, 1,32, 82, 0, 22, 13,6, 0,34, 2,29, 13, 41, 98, 2,17, Off, Off, Off, Off, On, Off, On, Off, Off, Off, Off, Lean
302.937, 1138, 1,32, 82, 0, 22, 13,8, 0,34, 2,3, 13, 40, 98, 2,18, Off, Off, Off, Off, On, Off, On, Off, Off, Off, Off, Lean
302.984, 1138, 1,32, 82, 0, 22, 13,8, 0,34, 2,32, 13, 40, 98, 2,2, Off, Off, Off, Off, On, Off, On, Off, Off, Off, Off, Lean
303.046, 1138, 1,3, 82, 0, 22, 13,8, 0,34, 2,3, 13, 40, 98, 2,18, Off, Off, Off, Off, On, Off, On, Off, Off, Off, Off, Lean
303.093, 1138, 1,31, 82, 0, 22, 13,8, 0,34, 2,32, 13, 40, 98, 2,2, Off, Off, Off, Off, On, Off, On, Off, Off, Off, Off, Lean
303.156, 1138, 1,3, 82, 0, 22, 13,8, 0,34, 2,3, 13, 40, 98, 2,18, Off, Off, Off, Off, On, Off, On, Off, Off, Off, Off, Lean
303.203, 1138, 1,3, 82, 0, 22, 13,8, 0,34, 2,31, 13, 39, 98, 2,19, Off, Off, Off, Off, On, Off, On, Off, Off, Off, Off, Lean
303.250, 1100, 1,3, 82, 0, 22, 13,8, 0,34, 2,31, 13, 39, 98, 2,12, Off, Off, Off, Off, On, Off, On, Off, Off, Off, Off, Lean
303.312, 1112, 1,3, 82, 0, 22, 13,8, 0,34, 2,32, 13, 38, 98, 2,15, Off, Off, Off, Off, On, Off, On, Off, Off, Off, Off, Lean
303.359, 1100, 1,32, 82, 0, 20, 13,7, 0,38, 2,32, 13, 38, 98, 2,13, Off, Off, Off, Off, On, Off, On, Off, Off, Off, Off, Lean
303.421, 1112, 1,47, 82, 0, 20, 13,8, 0,44, 2,57, 25, 38, 98, 2,38, Off, Off, Off, Off, Off, Off, On, Off, Off, Off, Off, Lean
303.468, 1138, 1,48, 82, 0, 20, 13,9, 0,44, 2,67, 28, 38, 98, 2,53, Off, Off, Off, Off, Off, Off, On, Off, Off, Off, Off, Lean
303.531, 1150, 1,48, 82, 0, 20, 13,8, 0,44, 2,72, 30, 38, 98, 2,61, Off, Off, Off, Off, Off, Off, On, Off, Off, Off, Off, Lean
303.578, 1162, 1,59, 82, 0, 20, 13,7, 0,58, 3,01, 32, 38, 98, 2,91, Off, Off, Off, Off, Off, Off, On, Off, Off, Off, Off, Lean
303.625, 1162, 2,04, 82, 0, 20, 13,8, 0,78, 5,12, 13, 38, 98, 4,96, Off, Off, Off, Off, Off, Off, On, Off, Off, Off, Off, Lean
303.671, 1225, 2,04, 82, 0, 20, 13,9, 0,62, 5,36, 20, 38, 98, 5,47, Off, Off, Off, Off, Off, Off, On, Off, Off, Off, Off, Lean
303.718, 1312, 1,93, 82, 0, 20, 13,9, 0,6, 5,34, 20, 38, 98, 5,84, Off, Off, Off, Off, Off, Off, On, Off, Off, Off, Off, Lean
303.781, 1350, 1,91, 82, 20, 20, 13,9, 0,66, 5,32, 21, 38, 98, 5,99, Off, Off, Off, Off, Off, Off, On, Off, Off, Off, Off, Lean
303.843, 1388, 2,06, 82, 59, 20, 13,7, 0,74, 5,85, 25, 38, 101, 6,77, Off, Off, Off, Off, Off, Off, On, Off, Off, Off, Off, Rich
303.906, 1438, 2,11, 82, 70, 20, 13,9, 0,74, 5,7, 24, 38, 101, 6,83, Off, Off, Off, Off, Off, Off, On, Off, Off, Off, Off, Rich
303.968, 1512, 2,14, 82, 76, 20, 13,9, 0,78, 5,85, 24, 38, 101, 7,37, Off, Off, Off, Off, Off, Off, On, Off, Off, Off, Off, Rich
304.015, 1562, 2,2, 82, 77, 20, 13,9, 0,8, 6,03, 25, 38, 101, 7,85, Off, Off, Off, Off, Off, Off, On, Off, Off, Off, Off, Rich
304.062, 1588, 2,2, 82, 77, 18, 13,9, 0,8, 6,06, 25, 38, 101, 8,02, Off, Off, Off, Off, Off, Off, On, Off, Off, Off, Off, Rich
304.109, 1650, 2,35, 82, 77, 18, 13,9, 1, 6,49, 23, 38, 101, 8,92, Off, Off, Off, Off, Off, Off, On, On, Off, Off, Off, Rich
304.171, 1688, 2,48, 82, 77, 18, 13,8, 1,06, 7,05, 23, 38, 101, 9,92, Off, Off, Off, Off, Off, Off, On, On, Off, Off, Off, Rich
304.218, 1800, 2,49, 82, 76, 18, 13,8, 1,06, 7,29, 22, 38, 101, 10,93, Off, Off, Off, Off, Off, Off, On, On, Off, Off, Off, Rich
304.265, 1862, 2,49, 82, 75, 18, 13,9, 1,06, 7,27, 23, 38, 101, 11,28, Off, Off, Off, Off, Off, Off, On, On, Off, Off, Off, Rich
304.312, 1925, 2,5, 82, 75, 18, 13,8, 1,06, 7,2, 23, 38, 101, 11,55, Off, Off, Off, Off, Off, Off, On, On, Off, Off, Off, Rich
304.375, 1962, 2,52, 82, 74, 18, 13,9, 1,06, 7,06, 24, 38, 101, 11,54, Off, Off, Off, Off, Off, Off, On, On, Off, Off, Off, Rich
304.421, 2000, 2,52, 82, 73, 18, 13,8, 1,06, 6,92, 24, 38, 101, 11,53, Off, Off, Off, Off, Off, Off, On, On, Off, Off, Off, Rich
304.468, 2000, 2,54, 82, 74, 18, 13,8, 1,08, 6,82, 24, 38, 101, 11,37, Off, Off, Off, Off, Off, Off, On, On, Off, Off, Off, Rich
304.531, 2012, 2,55, 82, 73, 18, 13,8, 1,08, 6,71, 24, 38, 101, 11,25, Off, Off, Off, Off, Off, Off, On, On, Off, Off, Off, Rich
304.593, 2025, 2,55, 82, 65, 18, 13,8, 1,1, 6,65, 25, 38, 101, 11,22, Off, Off, Off, Off, Off, Off, On, On, Off, Off, Off, Rich
304.640, 2025, 2,59, 82, 64, 18, 13,8, 1,12, 6,63, 26, 38, 101, 11,19, Off, Off, Off, Off, Off, Off, On, On, Off, Off, Off, Rich
304.703, 2050, 2,58, 82, 62, 18, 13,7, 1,12, 6,63, 26, 40, 101, 11,33, Off, Off, Off, Off, Off, Off, On, On, Off, Off, Off, Rich
304.750, 2050, 2,6, 82, 50, 18, 13,8, 1,16, 6,69, 26, 40, 101, 11,43, Off, Off, Off, Off, Off, Off, On, On, Off, Off, Off, Rich
304.796, 2062, 2,62, 82, 32, 22, 13,8, 1,16, 7,07, 26, 40, 98, 12,15, Off, Off, Off, Off, Off, Off, On, On, Off, Off, Off, Lean
304.843, 2050, 2,6, 82, 9, 22, 13,8, 1,16, 7,07, 26, 40, 98, 12,08, Off, Off, Off, Off, Off, Off, On, On, Off, Off, Off, Lean
304.890, 2075, 2,62, 82, 4, 22, 13,7, 1,2, 7,16, 26, 42, 98, 12,38, Off, Off, Off, Off, Off, Off, On, On, Off, Off, Off, Lean
304.937, 2112, 2,63, 82, 0, 22, 13,9, 1,2, 7,29, 26, 42, 98, 12,83, Off, Off, Off, Off, Off, Off, On, On, Off, Off, Off, Lean
305.000, 2112, 2,64, 82, 0, 22, 13,8, 1,2, 7,28, 26, 42, 98, 12,81, Off, Off, Off, Off, Off, Off, On, On, Off, Off, Off, Lean
305.046, 2138, 2,65, 82, 0, 22, 13,8, 1,2, 7,34, 27, 44, 98, 13,08, Off, Off, Off, Off, Off, Off, On, On, Off, Off, Off, Lean
305.093, 2162, 2,67, 82, 0, 22, 13,7, 1,2, 7,36, 27, 46, 98, 13,26, Off, Off, Off, Off, Off, Off, On, On, Off, Off, Off, Lean
305.156, 2175, 2,68, 82, 0, 22, 13,9, 1,22, 7,45, 25, 47, 98, 13,5, Off, Off, Off, Off, Off, Off, On, On, Off, Off, Off, Lean
305.234, 2212, 2,7, 82, 0, 22, 13,8, 1,22, 7,58, 24, 49, 98, 13,97, Off, Off, Off, Off, Off, Off, On, On, Off, Off, Off, Lean
305.296, 2188, 2,7, 82, 3, 22, 13,9, 1,22, 7,64, 24, 47, 98, 13,93, Off, Off, Off, Off, Off, Off, On, On, Off, Off, Off, Lean
305.343, 2238, 2,7, 82, 33, 22, 13,8, 1,22, 7,72, 24, 51, 98, 14,4, Off, Off, Off, Off, Off, Off, On, On, Off, Off, Off, Lean
305.390, 2238, 2,72, 82, 58, 22, 13,8, 1,22, 7,5, 25, 51, 98, 13,99, Off, Off, Off, Off, Off, Off, On, On, Off, Off, Off, Rich
305.453, 2275, 2,71, 82, 67, 22, 13,8, 1,22, 7,47, 25, 54, 98, 14,16, Off, Off, Off, Off, Off, Off, On, On, Off, Off, Off, Rich
305.500, 2250, 2,72, 82, 69, 26, 13,8, 1,22, 7,36, 25, 52, 98, 13,8, Off, Off, Off, Off, Off, Off, On, On, Off, Off, Off, Rich
305.562, 2212, 2,74, 82, 69, 26, 13,8, 1,22, 7,32, 26, 49, 98, 13,49, Off, Off, Off, Off, Off, Off, On, On, Off, Off, Off, Rich
305.609, 2250, 2,72, 82, 66, 26, 13,8, 1,22, 7,3, 26, 52, 98, 13,69, Off, Off, Off, Off, Off, Off, On, On, Off, Off, Off, Rich
305.671, 2250, 2,72, 82, 63, 26, 13,8, 1,22, 7,23, 26, 52, 98, 13,56, Off, Off, Off, Off, Off, Off, On, On, Off, Off, Off, Rich
305.718, 2238, 2,73, 82, 63, 26, 13,8, 1,24, 7,19, 26, 51, 98, 13,41, Off, Off, Off, Off, Off, Off, On, On, Off, Off, Off, Rich
305.765, 2275, 2,75, 82, 62, 26, 13,8, 1,24, 7,15, 26, 54, 98, 13,56, Off, Off, Off, Off, Off, Off, On, On, Off, Off, Off, Rich
305.828, 2275, 2,75, 82, 57, 26, 13,8, 1,24, 7,11, 26, 54, 98, 13,48, Off, Off, Off, Off, Off, Off, On, On, Off, Off, Off, Rich
305.875, 2288, 2,74, 82, 21, 26, 13,9, 1,24, 7,44, 26, 54, 99, 14,19, Off, Off, Off, Off, Off, Off, On, On, Off, Off, Off, Lean
305.953, 2288, 2,75, 82, 6, 26, 13,9, 1,24, 7,46, 26, 54, 99, 14,22, Off, Off, Off, Off, Off, Off, On, On, Off, Off, Off, Lean
306.000, 2325, 2,76, 82, 0, 26, 13,8, 1,24, 7,56, 26, 56, 99, 14,65, Off, Off, Off, Off, Off, Off, On, On, Off, Off, Off, Lean
306.062, 2325, 2,76, 82, 0, 26, 13,8, 1,24, 7,6, 26, 56, 99, 14,72, Off, Off, Off, Off, Off, Off, On, On, Off, Off, Off, Lean
306.125, 2325, 2,78, 82, 0, 26, 13,8, 1,24, 7,67, 27, 56, 99, 14,86, Off, Off, Off, Off, Off, Off, On, On, Off, Off, Off, Lean
306.171, 2338, 2,78, 82, 0, 26, 13,8, 1,24, 7,74, 27, 56, 99, 15,08, Off, Off, Off, Off, Off, Off, On, On, Off, Off, Off, Lean
306.234, 2388, 2,78, 82, 16, 30, 13,8, 1,24, 7,78, 27, 60, 99, 15,48, Off, Off, Off, Off, Off, Off, On, On, Off, Off, Off, Lean
306.281, 2388, 2,78, 82, 47, 30, 13,8, 1,24, 7,83, 27, 60, 99, 15,58, Off, Off, Off, Off, Off, Off, On, On, Off, Off, Off, Lean
306.328, 2350, 2,8, 82, 63, 30, 13,8, 1,24, 7,56, 27, 58, 100, 14,81, Off, Off, Off, Off, Off, Off, On, On, Off, Off, Off, Rich
306.375, 2350, 2,79, 82, 68, 30, 13,8, 1,24, 7,53, 27, 58, 100, 14,75, Off, Off, Off, Off, Off, Off, On, On, Off, Off, Off, Rich
306.437, 2375, 2,8, 82, 70, 30, 13,8, 1,24, 7,5, 27, 60, 100, 14,84, Off, Off, Off, Off, Off, Off, On, On, Off, Off, Off, Rich
306.484, 2400, 2,8, 82, 69, 30, 13,8, 1,22, 7,44, 27, 62, 100, 14,88, Off, Off, Off, Off, Off, Off, On, On, Off, Off, Off, Rich
306.546, 2400, 2,78, 82, 67, 30, 13,8, 1,22, 7,35, 27, 62, 100, 14,7, Off, Off, Off, Off, Off, Off, On, On, Off, Off, Off, Rich
306.593, 2375, 2,78, 82, 65, 30, 13,9, 1,2, 7,13, 27, 60, 100, 14,11, Off, Off, Off, Off, Off, Off, On, On, Off, Off, Off, Rich
306.656, 2388, 2,78, 82, 63, 30, 13,8, 1,2, 7,08, 27, 60, 100, 14,09, Off, Off, Off, Off, Off, Off, On, On, Off, Off, Off, Rich
306.718, 2388, 2,79, 82, 62, 30, 13,8, 1,2, 7,06, 27, 60, 100, 14,05, Off, Off, Off, Off, Off, Off, On, On, Off, Off, Off, Rich
306.765, 2400, 2,79, 82, 45, 30, 13,8, 1,2, 7,02, 27, 62, 100, 14,04, Off, Off, Off, Off, Off, Off, On, On, Off, Off, Off, Rich
306.812, 2438, 2,78, 82, 18, 30, 13,8, 1,2, 7,39, 27, 62, 100, 15,01, Off, Off, Off, Off, Off, Off, On, On, Off, Off, Off, Lean
306.875, 2425, 2,79, 82, 1, 30, 13,8, 1,2, 7,44, 27, 62, 100, 15,03, Off, Off, Off, Off, Off, Off, On, On, Off, Off, Off, Lean
306.921, 2425, 2,8, 82, 0, 32, 13,8, 1,2, 7,47, 27, 62, 100, 15,1, Off, Off, Off, Off, Off, Off, On, On, Off, Off, Off, Lean
306.968, 2450, 2,79, 82, 0, 32, 13,7, 1,2, 7,5, 27, 62, 100, 15,31, Off, Off, Off, Off, Off, Off, On, On, Off, Off, Off, Lean
307.031, 2425, 2,8, 82, 0, 32, 13,8, 1,2, 7,55, 27, 62, 100, 15,26, Off, Off, Off, Off, Off, Off, On, On, Off, Off, Off, Lean
307.078, 2488, 2,8, 82, 0, 32, 13,8, 1,2, 7,26, 27, 62, 100, 15,05, Off, Off, Off, Off, Off, Off, On, On, Off, Off, Off, Lean
307.140, 2488, 2,8, 82, 7, 32, 13,8, 1,2, 7,26, 27, 62, 100, 15,05, Off, Off, Off, Off, Off, Off, On, On, Off, Off, Off, Lean
307.187, 2500, 2,8, 82, 37, 32, 13,8, 1,18, 7,23, 27, 62, 100, 15,06, Off, Off, Off, Off, Off, Off, On, On, Off, Off, Off, Lean
307.250, 2500, 2,8, 82, 43, 32, 13,9, 1,18, 7,2, 27, 62, 100, 15, Off, Off, Off, Off, Off, Off, On, On, Off, Off, Off, Lean
307.296, 2438, 2,8, 82, 45, 32, 13,9, 1,18, 7,21, 27, 62, 100, 14,65, Off, Off, Off, Off, Off, Off, On, On, Off, Off, Off, Lean
307.375, 2512, 2,8, 82, 45, 32, 13,8, 1,18, 7,17, 27, 62, 100, 15,01, Off, Off, Off, Off, Off, Off, On, On, Off, Off, Off, Lean
307.421, 2500, 2,82, 82, 35, 32, 13,9, 1,18, 7,2, 27, 62, 100, 15, Off, Off, Off, Off, Off, Off, On, On, Off, Off, Off, Lean
307.468, 2488, 2,8, 82, 24, 32, 13,9, 1,18, 7,24, 28, 62, 100, 15,01, Off, Off, Off, Off, Off, Off, On, On, Off, Off, Off, Lean
307.531, 2462, 2,81, 82, 14, 32, 13,8, 1,18, 7,19, 28, 62, 100, 14,75, Off, Off, Off, Off, Off, Off, On, On, Off, Off, Off, Lean
307.593, 2512, 2,81, 82, 3, 32, 13,8, 1,18, 7,19, 29, 62, 100, 15,05, Off, Off, Off, Off, Off, Off, On, On, Off, Off, Off, Lean
307.640, 2538, 2,82, 82, 0, 36, 13,8, 1,18, 7,25, 28, 62, 100, 15,33, Off, Off, Off, Off, Off, Off, On, On, Off, Off, Off, Lean
307.703, 2550, 2,82, 82, 0, 36, 13,8, 1,18, 7,19, 29, 62, 100, 15,28, Off, Off, Off, Off, Off, Off, On, On, Off, Off, Off, Lean
307.750, 2462, 2,82, 82, 0, 36, 13,8, 1,18, 7,23, 29, 62, 100, 14,83, Off, Off, Off, Off, Off, Off, On, On, Off, Off, Off, Lean
307.796, 2550, 2,81, 82, 0, 36, 13,8, 1,18, 7,2, 29, 62, 100, 15,3, Off, Off, Off, Off, Off, Off, On, On, Off, Off, Off, Lean
307.859, 2500, 2,82, 82, 0, 36, 13,8, 1,18, 7,16, 29, 62, 100, 14,92, Off, Off, Off, Off, Off, Off, On, On, Off, Off, Off, Lean
307.906, 2512, 2,82, 82, 0, 36, 13,6, 1,18, 7,16, 29, 62, 100, 14,99, Off, Off, Off, Off, Off, Off, On, On, Off, Off, Off, Lean
307.968, 2588, 2,81, 82, 0, 36, 13,8, 1,16, 7,16, 29, 62, 100, 15,44, Off, Off, Off, Off, Off, Off, On, On, Off, Off, Off, Lean
308.031, 2488, 2,81, 82, 0, 36, 13,9, 1,16, 7,09, 30, 62, 100, 14,7, Off, Off, Off, Off, Off, Off, On, On, Off, Off, Off, Lean
308.093, 2600, 2,81, 82, 0, 36, 13,8, 1,16, 7,01, 30, 62, 100, 15,19, Off, Off, Off, Off, Off, Off, On, On, Off, Off, Off, Lean
308.140, 2550, 2,8, 82, 0, 36, 13,8, 1,16, 6,97, 30, 62, 100, 14,81, Off, Off, Off, Off, Off, Off, On, On, Off, Off, Off, Lean
308.203, 2512, 2,81, 82, 0, 36, 13,8, 1,14, 7,01, 30, 62, 100, 14,67, Off, Off, Off, Off, Off, Off, On, On, Off, Off, Off, Lean
308.250, 2588, 2,8, 82, 0, 36, 13,8, 1,14, 6,89, 30, 62, 100, 14,86, Off, Off, Off, Off, Off, Off, On, On, Off, Off, Off, Lean
308.312, 2612, 2,8, 82, 0, 40, 13,8, 1,14, 6,9, 30, 62, 100, 15,02, Off, Off, Off, Off, Off, Off, On, On, Off, Off, Off, Lean
308.375, 2562, 2,8, 82, 0, 40, 13,8, 1,14, 6,88, 30, 62, 100, 14,69, Off, Off, Off, Off, Off, Off, On, On, Off, Off, Off, Lean
308.421, 2625, 2,79, 82, 0, 40, 13,8, 1,12, 6,8, 30, 62, 100, 14,88, Off, Off, Off, Off, Off, Off, On, On, Off, Off, Off, Lean
308.484, 2588, 2,79, 82, 0, 40, 13,9, 1,12, 6,81, 30, 62, 100, 14,69, Off, Off, Off, Off, Off, Off, On, On, Off, Off, Off, Lean
308.531, 2562, 2,8, 82, 0, 40, 13,9, 1,12, 6,84, 30, 62, 100, 14,6, Off, Off, Off, Off, Off, Off, On, On, Off, Off, Off, Lean
308.593, 2588, 2,79, 82, 0, 40, 13,8, 1,12, 6,87, 30, 62, 100, 14,82, Off, Off, Off, Off, Off, Off, On, On, Off, Off, Off, Lean
308.640, 2612, 2,79, 82, 0, 40, 13,9, 1,12, 6,89, 31, 62, 100, 15, Off, Off, Off, Off, Off, Off, On, On, Off, Off, Off, Lean
308.703, 2600, 2,79, 82, 0, 40, 13,8, 1,12, 6,94, 31, 62, 100, 15,04, Off, Off, Off, Off, Off, Off, On, On, Off, Off, Off, Lean
308.765, 2650, 2,78, 82, 0, 40, 13,9, 1,12, 6,91, 31, 62, 100, 15,26, Off, Off, Off, Off, Off, Off, On, On, Off, Off, Off, Lean
308.828, 2650, 2,78, 82, 1, 40, 13,9, 1,1, 6,95, 32, 62, 100, 15,35, Off, Off, Off, Off, Off, Off, On, On, Off, Off, Off, Lean
308.875, 2662, 2,78, 82, 40, 40, 13,6, 1,1, 6,91, 32, 62, 100, 15,33, Off, Off, Off, Off, Off, Off, On, On, Off, Off, Off, Lean
308.937, 2625, 2,78, 82, 60, 40, 13,9, 1,1, 6,78, 32, 62, 103, 14,83, Off, Off, Off, Off, Off, Off, On, On, Off, Off, Off, Rich
309.000, 2612, 2,78, 82, 71, 40, 13,8, 1,1, 6,72, 32, 62, 103, 14,63, Off, Off, Off, Off, Off, Off, On, On, Off, Off, Off, Rich
309.046, 2675, 2,78, 82, 72, 40, 13,8, 1,1, 6,66, 32, 62, 103, 14,85, Off, Off, Off, Off, Off, Off, On, On, Off, Off, Off, Rich
309.093, 2712, 2,78, 82, 72, 40, 13,8, 1,1, 6,58, 32, 62, 103, 14,87, Off, Off, Off, Off, Off, Off, On, On, Off, Off, Off, Rich
309.156, 2650, 2,78, 82, 72, 40, 13,8, 1,1, 6,56, 32, 62, 103, 14,49, Off, Off, Off, Off, Off, Off, On, On, Off, Off, Off, Rich
309.203, 2662, 2,77, 82, 70, 40, 13,9, 1,04, 6,44, 32, 62, 103, 14,29, Off, Off, Off, Off, Off, Off, On, On, Off, Off, Off, Rich
309.250, 2662, 2,7, 82, 68, 40, 13,9, 1, 6,02, 33, 62, 103, 13,35, Off, Off, Off, Off, Off, Off, On, On, Off, Off, Off, Rich
309.296, 2625, 2,7, 82, 69, 40, 13,9, 1,02, 5,98, 34, 62, 103, 13,08, Off, Off, Off, Off, Off, Off, On, On, Off, Off, Off, Rich
309.359, 2650, 2,7, 82, 67, 40, 13,9, 1,02, 5,9, 34, 62, 103, 13,03, Off, Off, Off, Off, Off, Off, On, On, Off, Off, Off, Rich
309.406, 2650, 2,72, 82, 64, 40, 13,8, 1,02, 5,93, 34, 62, 103, 13,1, Off, Off, Off, Off, Off, Off, On, On, Off, Off, Off, Rich
309.484, 2650, 2,72, 82, 52, 40, 13,8, 1,02, 5,92, 33, 62, 103, 13,07, Off, Off, Off, Off, Off, Off, On, On, Off, Off, Off, Rich
309.546, 2600, 2,72, 82, 13, 40, 13,8, 1,02, 6,17, 33, 62, 101, 13,37, Off, Off, Off, Off, Off, Off, On, On, Off, Off, Off, Lean
309.593, 2612, 2,72, 82, 2, 40, 13,8, 1,02, 6,22, 33, 62, 101, 13,54, Off, Off, Off, Off, Off, Off, On, On, Off, Off, Off, Lean
309.640, 2650, 2,72, 82, 0, 40, 13,8, 1,02, 6,25, 33, 62, 101, 13,8, Off, Off, Off, Off, Off, Off, On, On, Off, Off, Off, Lean
309.703, 2612, 2,72, 82, 0, 40, 13,8, 1,04, 6,29, 33, 62, 101, 13,69, Off, Off, Off, Off, Off, Off, On, On, Off, Off, Off, Lean
309.750, 2562, 2,72, 82, 0, 42, 13,8, 1,02, 6,36, 33, 62, 101, 13,58, Off, Off, Off, Off, Off, Off, On, On, Off, Off, Off, Lean
309.812, 2550, 2,72, 82, 0, 42, 13,8, 1,02, 6,42, 32, 62, 101, 13,64, Off, Off, Off, Off, Off, Off, On, On, Off, Off, Off, Lean
309.875, 2588, 2,72, 82, 0, 42, 13,7, 1,02, 6,44, 32, 62, 101, 13,89, Off, Off, Off, Off, Off, Off, On, On, Off, Off, Off, Lean
309.921, 2538, 2,72, 82, 0, 42, 13,7, 1,02, 6,51, 32, 62, 101, 13,77, Off, Off, Off, Off, Off, Off, On, On, Off, Off, Off, Lean
309.968, 2462, 2,72, 82, 4, 42, 13,8, 1,02, 6,62, 31, 62, 101, 13,58, Off, Off, Off, Off, Off, Off, On, On, Off, Off, Off, Lean
310.015, 2400, 2,7, 82, 17, 42, 13,8, 1, 6,72, 31, 62, 101, 13,44, Off, Off, Off, Off, Off, Off, On, On, Off, Off, Off, Lean
310.062, 2388, 2,64, 82, 56, 42, 13,8, 0,98, 6,7, 28, 60, 101, 13,33, Off, Off, Off, Off, Off, Off, On, On, Off, Off, Off, Lean
310.140, 2288, 2,54, 82, 70, 42, 13,9, 0,88, 6,14, 28, 54, 102, 11,71, Off, Off, Off, Off, Off, Off, On, On, Off, Off, Off, Rich
310.187, 2175, 2,3, 82, 75, 42, 13,8, 0,72, 4,97, 31, 47, 102, 9,01, Off, Off, Off, Off, Off, Off, On, On, Off, Off, Off, Rich
310.234, 2075, 2,16, 82, 77, 42, 13,8, 0,68, 4,61, 31, 42, 102, 7,97, Off, Off, Off, Off, Off, Off, On, On, Off, Off, Off, Rich
310.296, 2000, 2,08, 82, 79, 42, 13,8, 0,66, 4,48, 31, 38, 102, 7,47, Off, Off, Off, Off, Off, Off, On, On, Off, Off, Off, Rich
310.343, 1888, 1,91, 82, 80, 42, 13,8, 0,52, 3,75, 32, 38, 102, 5,9, Off, Off, Off, Off, Off, Off, On, On, Off, Off, Off, Rich
310.406, 1838, 1,68, 82, 80, 42, 13,9, 0,38, 2,87, 32, 38, 102, 4,4, Off, Off, Off, Off, Off, Off, On, Off, Off, Off, Off, Rich
310.453, 1738, 1,43, 83, 81, 44, 13,8, 0,34, 2,62, 27, 45, 102, 3,79, Off, Off, Off, Off, On, Off, On, Off, Off, Off, Off, Rich
310.500, 1688, 1,4, 83, 81, 44, 13,8, 0,34, 2,44, 23, 44, 102, 3,43, Off, Off, Off, Off, On, Off, On, Off, Off, Off, Off, Rich
310.562, 1650, 1,42, 83, 80, 44, 13,9, 0,34, 2,34, 23, 42, 102, 3,22, Off, Off, Off, Off, On, Off, On, Off, Off, Off, Off, Rich
310.625, 1600, 1,33, 83, 80, 44, 13,8, 0,34, 2,25, 23, 41, 102, 3, Off, Off, Off, Off, On, Off, On, Off, Off, Off, Off, Rich
310.671, 1575, 1,32, 83, 79, 44, 13,8, 0,34, 2,08, 22, 40, 102, 2,73, Off, Off, Off, Off, On, Off, On, Off, Off, Off, Off, Rich
310.718, 1575, 1,33, 83, 79, 44, 13,8, 0,34, 1,98, 22, 40, 102, 2,6, Off, Off, Off, Off, On, Off, On, Off, Off, Off, Off, Rich
310.781, 1562, 1,35, 83, 80, 44, 13,8, 0,34, 1,94, 21, 40, 102, 2,53, Off, Off, Off, Off, On, Off, On, Off, Off, Off, Off, Rich
310.843, 1525, 1,31, 83, 80, 44, 13,8, 0,34, 1,9, 21, 40, 102, 2,41, Off, Off, Off, Off, On, Off, On, Off, Off, Off, Off, Rich
310.906, 1512, 1,32, 83, 80, 44, 13,8, 0,34, 1,85, 21, 40, 102, 2,33, Off, Off, Off, Off, On, Off, On, Off, Off, Off, Off, Rich
310.953, 1488, 1,3, 83, 79, 44, 13,8, 0,34, 1,84, 20, 39, 102, 2,28, Off, Off, Off, Off, On, Off, On, Off, Off, Off, Off, Rich
311.015, 1488, 1,31, 83, 78, 44, 13,8, 0,34, 1,83, 20, 39, 102, 2,27, Off, Off, Off, Off, On, Off, On, Off, Off, Off, Off, Rich
311.062, 1438, 1,32, 83, 75, 44, 13,8, 0,34, 1,82, 19, 38, 102, 2,18, Off, Off, Off, Off, On, Off, On, Off, Off, Off, Off, Rich
311.125, 1438, 1,31, 83, 74, 44, 13,8, 0,34, 1,82, 18, 38, 102, 2,18, Off, Off, Off, Off, On, Off, On, Off, Off, Off, Off, Rich
311.171, 1425, 1,34, 83, 70, 40, 13,8, 0,34, 1,84, 18, 40, 94, 2,18, Off, Off, Off, Off, On, Off, On, Off, Off, Off, Off, Rich
311.218, 1438, 1,34, 83, 68, 40, 13,8, 0,34, 1,78, 19, 40, 94, 2,13, Off, Off, Off, Off, On, Off, On, Off, Off, Off, Off, Rich
311.265, 1462, 1,32, 83, 67, 40, 13,8, 0,34, 1,79, 19, 40, 94, 2,18, Off, Off, Off, Off, On, Off, On, Off, Off, Off, Off, Rich
311.312, 1462, 1,32, 83, 66, 40, 13,8, 0,34, 1,8, 19, 40, 94, 2,19, Off, Off, Off, Off, On, Off, On, Off, Off, Off, Off, Rich
311.359, 1425, 1,32, 83, 60, 40, 13,9, 0,34, 1,78, 18, 39, 94, 2,11, Off, Off, Off, Off, On, Off, On, Off, Off, Off, Off, Rich
311.421, 1425, 1,32, 83, 49, 40, 13,8, 0,34, 1,78, 18, 39, 94, 2,11, Off, Off, Off, Off, On, Off, On, Off, Off, Off, Off, Rich
311.484, 1425, 1,32, 83, 27, 40, 13,8, 0,34, 1,78, 18, 39, 94, 2,11, Off, Off, Off, Off, On, Off, On, Off, Off, Off, Off, Rich
311.546, 1412, 1,32, 83, 9, 40, 13,8, 0,34, 1,81, 18, 38, 94, 2,13, Off, Off, Off, Off, On, Off, On, Off, Off, Off, Off, Rich
311.593, 1388, 1,32, 83, 0, 40, 13,8, 0,34, 1,8, 17, 38, 94, 2,08, Off, Off, Off, Off, On, Off, On, Off, Off, Off, Off, Rich
311.640, 1362, 1,3, 83, 0, 40, 13,7, 0,34, 1,82, 17, 38, 94, 2,07, Off, Off, Off, Off, On, Off, On, Off, Off, Off, Off, Rich
311.703, 1375, 1,3, 83, 0, 40, 13,8, 0,34, 1,8, 17, 38, 94, 2,06, Off, Off, Off, Off, On, Off, On, Off, Off, Off, Off, Rich
311.750, 1362, 1,3, 83, 0, 40, 13,8, 0,34, 1,81, 17, 38, 94, 2,05, Off, Off, Off, Off, On, Off, On, Off, Off, Off, Off, Rich
311.812, 1362, 1,3, 83, 0, 40, 13,8, 0,34, 1,8, 17, 37, 94, 2,04, Off, Off, Off, Off, On, Off, On, Off, Off, Off, Off, Rich
311.859, 1325, 1,3, 83, 0, 40, 13,8, 0,34, 1,83, 16, 37, 94, 2,02, Off, Off, Off, Off, On, Off, On, Off, Off, Off, Off, Rich
311.921, 1350, 1,3, 83, 0, 40, 13,8, 0,34, 1,82, 16, 37, 94, 2,05, Off, Off, Off, Off, On, Off, On, Off, Off, Off, Off, Rich
311.968, 1350, 1,29, 83, 0, 40, 13,8, 0,34, 1,82, 16, 37, 94, 2,05, Off, Off, Off, Off, On, Off, On, Off, Off, Off, Off, Rich
312.015, 1275, 1,29, 83, 0, 40, 13,9, 0,34, 1,82, 15, 36, 94, 1,93, Off, Off, Off, Off, On, Off, On, Off, Off, Off, Off, Rich
312.078, 1312, 1,29, 83, 0, 40, 13,8, 0,34, 1,84, 15, 36, 94, 2,01, Off, Off, Off, Off, On, Off, On, Off, Off, Off, Off, Rich
312.125, 1300, 1,28, 83, 0, 40, 13,8, 0,34, 1,85, 15, 36, 94, 2, Off, Off, Off, Off, On, Off, On, Off, Off, Off, Off, Rich
312.187, 1262, 1,28, 83, 0, 40, 13,9, 0,34, 1,85, 14, 36, 94, 1,95, Off, Off, Off, Off, On, Off, On, Off, Off, Off, Off, Rich
312.250, 1262, 1,28, 83, 0, 40, 13,8, 0,34, 1,83, 14, 36, 94, 1,92, Off, Off, Off, Off, On, Off, On, Off, Off, Off, Off, Rich
312.312, 1262, 1,27, 83, 0, 40, 13,8, 0,34, 1,84, 14, 35, 94, 1,94, Off, Off, Off, Off, On, Off, On, Off, Off, Off, Off, Rich
312.359, 1250, 1,27, 83, 0, 40, 13,9, 0,34, 1,86, 14, 35, 94, 1,94, Off, Off, Off, Off, On, Off, On, Off, Off, Off, Off, Rich
312.421, 1250, 1,27, 83, 0, 40, 13,9, 0,34, 1,85, 13, 35, 94, 1,93, Off, Off, Off, Off, On, Off, On, Off, Off, Off, Off, Rich
312.484, 1212, 1,25, 83, 0, 40, 13,8, 0,34, 1,86, 13, 34, 94, 1,88, Off, Off, Off, Off, On, Off, On, Off, Off, Off, Off, Rich
312.531, 1225, 1,24, 83, 0, 40, 13,9, 0,34, 1,88, 13, 34, 94, 1,92, Off, Off, Off, Off, On, Off, On, Off, Off, Off, Off, Rich
312.578, 1200, 1,28, 83, 0, 34, 13,8, 0,34, 1,86, 13, 39, 94, 1,86, Off, Off, Off, Off, On, Off, On, Off, Off, Off, Off, Rich
312.640, 1162, 1,3, 83, 0, 34, 13,8, 0,34, 1,87, 13, 38, 94, 1,81, Off, Off, Off, Off, On, Off, On, Off, Off, Off, Off, Rich
312.687, 1162, 1,3, 83, 0, 34, 13,8, 0,34, 1,89, 13, 38, 94, 1,83, Off, Off, Off, Off, On, Off, On, Off, Off, Off, Off, Rich
312.734, 1188, 1,3, 83, 0, 34, 13,8, 0,34, 1,92, 13, 38, 94, 1,9, Off, Off, Off, Off, On, Off, On, Off, Off, Off, Off, Rich
312.796, 1162, 1,3, 83, 0, 34, 13,8, 0,34, 1,93, 13, 38, 94, 1,87, Off, Off, Off, Off, On, Off, On, Off, Off, Off, Off, Rich
312.843, 1138, 1,3, 83, 0, 34, 13,8, 0,34, 1,97, 13, 38, 94, 1,87, Off, Off, Off, Off, On, Off, On, Off, Off, Off, Off, Rich
312.906, 1112, 1,3, 83, 0, 34, 13,8, 0,34, 1,98, 13, 38, 94, 1,83, Off, Off, Off, Off, On, Off, On, Off, Off, Off, Off, Rich
312.968, 1138, 1,3, 83, 0, 34, 13,7, 0,34, 2,01, 13, 38, 94, 1,91, Off, Off, Off, Off, On, Off, On, Off, Off, Off, Off, Rich
313.015, 1112, 1,3, 83, 0, 34, 13,9, 0,34, 2,04, 13, 38, 94, 1,89, Off, Off, Off, Off, On, Off, On, Off, Off, Off, Off, Rich
313.078, 1100, 1,29, 83, 0, 34, 13,8, 0,34, 2,05, 13, 38, 94, 1,88, Off, Off, Off, Off, On, Off, On, Off, Off, Off, Off, Rich
313.125, 1100, 1,3, 83, 0, 34, 13,8, 0,34, 2,06, 13, 38, 94, 1,89, Off, Off, Off, Off, On, Off, On, Off, Off, Off, Off, Rich
313.187, 1100, 1,3, 83, 0, 34, 13,8, 0,34, 2,08, 13, 38, 94, 1,91, Off, Off, Off, Off, On, Off, On, Off, Off, Off, Off, Rich
313.250, 1062, 1,3, 83, 0, 34, 13,8, 0,34, 2,12, 13, 38, 94, 1,88, Off, Off, Off, Off, On, Off, On, Off, Off, Off, Off, Rich
313.296, 1062, 1,28, 83, 0, 30, 13,9, 0,34, 2,12, 13, 38, 94, 1,88, Off, Off, Off, Off, On, Off, On, Off, Off, Off, Off, Rich
313.359, 1062, 1,29, 83, 0, 30, 13,9, 0,34, 2,13, 13, 38, 94, 1,89, Off, Off, Off, Off, On, Off, On, Off, Off, Off, Off, Rich
313.406, 1050, 1,3, 83, 0, 30, 13,9, 0,34, 2,15, 13, 38, 94, 1,88, Off, Off, Off, Off, On, Off, On, Off, Off, Off, Off, Rich
313.453, 1038, 1,3, 83, 0, 30, 13,8, 0,34, 2,18, 13, 38, 94, 1,89, Off, Off, Off, Off, On, Off, On, Off, Off, Off, Off, Rich
313.515, 1038, 1,3, 83, 0, 30, 13,9, 0,34, 2,19, 13, 38, 94, 1,89, Off, Off, Off, Off, On, Off, On, Off, Off, Off, Off, Rich
313.562, 1000, 1,29, 83, 0, 30, 13,8, 0,34, 2,19, 13, 38, 94, 1,83, Off, Off, Off, Off, On, Off, On, Off, Off, Off, Off, Rich
313.625, 1025, 1,28, 83, 0, 30, 13,8, 0,34, 2,22, 13, 38, 94, 1,9, Off, Off, Off, Off, On, Off, On, Off, Off, Off, Off, Rich
313.687, 1000, 1,4, 83, 0, 30, 13,9, 0,44, 2,5, 17, 38, 94, 2,08, Off, Off, Off, Off, Off, Off, On, Off, Off, Off, Off, Rich
313.734, 1025, 1,47, 83, 0, 30, 13,9, 0,44, 2,69, 22, 38, 100, 2,3, Off, Off, Off, Off, Off, Off, On, Off, Off, Off, Off, Rich
313.781, 1000, 1,48, 83, 0, 30, 13,8, 0,42, 2,76, 23, 38, 100, 2,3, Off, Off, Off, Off, Off, Off, On, Off, Off, Off, Off, Rich
313.828, 1025, 1,49, 83, 0, 30, 13,9, 0,44, 2,78, 25, 38, 100, 2,37, Off, Off, Off, Off, Off, Off, On, Off, Off, Off, Off, Rich
313.875, 1025, 1,6, 83, 0, 30, 13,9, 0,5, 3,46, 21, 38, 100, 2,96, Off, Off, Off, Off, Off, Off, On, Off, Off, Off, Off, Rich
313.937, 988, 1,62, 83, 0, 30, 13,8, 0,5, 3,48, 25, 38, 100, 2,87, Off, Off, Off, Off, Off, Off, On, Off, Off, Off, Off, Rich
313.984, 1000, 1,64, 83, 0, 28, 13,8, 0,5, 3,59, 24, 38, 100, 2,99, Off, Off, Off, Off, Off, Off, On, Off, Off, Off, Off, Rich
314.046, 1038, 1,65, 83, 0, 28, 13,7, 0,5, 3,66, 26, 38, 100, 3,17, Off, Off, Off, Off, Off, Off, On, Off, Off, Off, Off, Rich
314.109, 1100, 1,71, 83, 0, 28, 13,8, 0,54, 4,01, 25, 38, 100, 3,68, Off, Off, Off, Off, Off, Off, On, Off, Off, Off, Off, Rich
314.156, 1112, 1,74, 83, 0, 28, 13,8, 0,54, 4,07, 26, 38, 100, 3,77, Off, Off, Off, Off, Off, Off, On, Off, Off, Off, Off, Rich
314.203, 1188, 1,74, 83, 0, 28, 13,9, 0,54, 4,13, 26, 38, 100, 4,09, Off, Off, Off, Off, Off, Off, On, Off, Off, Off, Off, Rich
314.265, 1188, 1,74, 83, 40, 28, 13,9, 0,54, 4,16, 27, 38, 100, 4,12, Off, Off, Off, Off, Off, Off, On, Off, Off, Off, Off, Rich
314.328, 1225, 2, 83, 63, 28, 13,8, 0,8, 5,44, 24, 38, 100, 5,55, Off, Off, Off, Off, Off, Off, On, Off, Off, Off, Off, Rich
314.390, 1300, 2,19, 83, 71, 28, 13,9, 0,8, 5,89, 23, 38, 100, 6,38, Off, Off, Off, Off, Off, Off, On, Off, Off, Off, Off, Rich
314.437, 1375, 2,14, 83, 75, 28, 13,9, 0,74, 6,08, 23, 38, 100, 6,97, Off, Off, Off, Off, Off, Off, On, Off, Off, Off, Off, Rich
314.500, 1438, 2,13, 83, 76, 28, 13,9, 0,78, 5,96, 23, 38, 100, 7,14, Off, Off, Off, Off, Off, Off, On, Off, Off, Off, Off, Rich
314.562, 1512, 2,22, 83, 79, 28, 13,9, 0,84, 6,17, 22, 38, 100, 7,77, Off, Off, Off, Off, Off, Off, On, On, Off, Off, Off, Rich
314.609, 1562, 2,22, 83, 80, 28, 13,9, 0,82, 6,21, 23, 38, 100, 8,08, Off, Off, Off, Off, Off, Off, On, On, Off, Off, Off, Rich
314.656, 1600, 2,22, 83, 80, 28, 13,8, 0,82, 6,17, 23, 38, 100, 8,23, Off, Off, Off, Off, Off, Off, On, On, Off, Off, Off, Rich
314.703, 1650, 2,22, 83, 80, 24, 13,9, 0,82, 5,86, 24, 38, 100, 8,06, Off, Off, Off, Off, Off, Off, On, On, Off, Off, Off, Rich
314.750, 1725, 2,24, 83, 80, 24, 13,9, 0,84, 5,78, 25, 38, 100, 8,31, Off, Off, Off, Off, Off, Off, On, On, Off, Off, Off, Rich
314.812, 1738, 2,28, 83, 79, 24, 13,8, 0,84, 5,71, 25, 38, 100, 8,27, Off, Off, Off, Off, Off, Off, On, On, Off, Off, Off, Rich
314.875, 1738, 2,3, 83, 73, 24, 13,9, 0,86, 5,72, 26, 38, 100, 8,28, Off, Off, Off, Off, Off, Off, On, On, Off, Off, Off, Rich
314.921, 1750, 2,36, 83, 68, 24, 13,9, 0,92, 5,95, 24, 38, 100, 8,68, Off, Off, Off, Off, Off, Off, On, On, Off, Off, Off, Rich
314.984, 1750, 2,38, 83, 47, 24, 13,7, 0,9, 6,01, 24, 38, 100, 8,76, Off, Off, Off, Off, Off, Off, On, On, Off, Off, Off, Rich
315.031, 1750, 2,38, 83, 24, 24, 13,9, 0,9, 6,04, 25, 38, 97, 8,81, Off, Off, Off, Off, Off, Off, On, On, Off, Off, Off, Lean
315.109, 1788, 2,36, 83, 3, 24, 13,8, 0,9, 6,38, 25, 38, 97, 9,51, Off, Off, Off, Off, Off, Off, On, On, Off, Off, Off, Lean
315.156, 1788, 2,36, 83, 0, 24, 13,9, 0,9, 6,4, 25, 38, 97, 9,54, Off, Off, Off, Off, Off, Off, On, On, Off, Off, Off, Lean
315.218, 1800, 2,39, 83, 0, 24, 13,8, 0,92, 6,45, 25, 38, 97, 9,67, Off, Off, Off, Off, Off, Off, On, On, Off, Off, Off, Lean
315.265, 1812, 2,39, 83, 0, 24, 13,8, 0,94, 6,49, 25, 38, 97, 9,8, Off, Off, Off, Off, Off, Off, On, On, Off, Off, Off, Lean
315.312, 1838, 2,42, 83, 0, 24, 13,9, 0,94, 6,53, 25, 38, 97, 10, Off, Off, Off, Off, Off, Off, On, On, Off, Off, Off, Lean
315.359, 1838, 2,39, 83, 0, 24, 13,9, 0,94, 6,58, 25, 38, 97, 10,08, Off, Off, Off, Off, Off, Off, On, On, Off, Off, Off, Lean
315.406, 1838, 2,39, 83, 2, 26, 13,7, 0,94, 6,58, 26, 38, 97, 10,08, Off, Off, Off, Off, Off, Off, On, On, Off, Off, Off, Lean
315.453, 1850, 2,4, 83, 38, 26, 13,9, 0,94, 6,58, 26, 38, 97, 10,14, Off, Off, Off, Off, Off, Off, On, On, Off, Off, Off, Lean
315.515, 1850, 2,41, 83, 56, 26, 13,9, 0,94, 6,38, 26, 38, 99, 9,84, Off, Off, Off, Off, Off, Off, On, On, Off, Off, Off, Rich
315.562, 1850, 2,41, 83, 71, 26, 13,9, 0,94, 6,32, 25, 38, 99, 9,74, Off, Off, Off, Off, Off, Off, On, On, Off, Off, Off, Rich
315.609, 1850, 2,39, 83, 74, 26, 13,7, 0,92, 6,29, 26, 38, 99, 9,7, Off, Off, Off, Off, Off, Off, On, On, Off, Off, Off, Rich
315.671, 1850, 2,39, 83, 74, 26, 13,8, 0,92, 6,17, 26, 38, 99, 9,51, Off, Off, Off, Off, Off, Off, On, On, Off, Off, Off, Rich
315.718, 1850, 2,44, 83, 73, 26, 13,9, 0,98, 6,41, 26, 38, 99, 9,88, Off, Off, Off, Off, Off, Off, On, On, Off, Off, Off, Rich
315.781, 1850, 2,45, 83, 70, 26, 13,8, 0,98, 6,39, 25, 38, 99, 9,85, Off, Off, Off, Off, Off, Off, On, On, Off, Off, Off, Rich
315.828, 1850, 2,46, 83, 69, 26, 13,7, 0,98, 6,4, 26, 38, 99, 9,87, Off, Off, Off, Off, Off, Off, On, On, Off, Off, Off, Rich
315.875, 1850, 2,45, 83, 66, 26, 13,8, 0,98, 6,39, 26, 38, 99, 9,85, Off, Off, Off, Off, Off, Off, On, On, Off, Off, Off, Rich
315.921, 1862, 2,44, 83, 43, 26, 13,9, 0,98, 6,37, 26, 38, 99, 9,88, Off, Off, Off, Off, Off, Off, On, On, Off, Off, Off, Rich
315.968, 1862, 2,44, 83, 19, 26, 13,9, 0,96, 6,68, 26, 38, 100, 10,37, Off, Off, Off, Off, Off, Off, On, On, Off, Off, Off, Lean
316.015, 1862, 2,46, 83, 11, 26, 13,8, 0,96, 6,68, 26, 38, 100, 10,37, Off, Off, Off, Off, Off, Off, On, On, Off, Off, Off, Lean
316.078, 1862, 2,44, 83, 5, 24, 13,8, 0,98, 6,69, 26, 38, 100, 10,38, Off, Off, Off, Off, Off, Off, On, On, Off, Off, Off, Lean
316.125, 1888, 2,44, 83, 7, 24, 13,9, 0,98, 6,72, 26, 38, 100, 10,57, Off, Off, Off, Off, Off, Off, On, On, Off, Off, Off, Lean
316.171, 1888, 2,44, 83, 34, 24, 13,8, 0,96, 6,69, 26, 38, 100, 10,53, Off, Off, Off, Off, Off, Off, On, On, Off, Off, Off, Lean
316.234, 1888, 2,43, 83, 69, 24, 13,9, 0,98, 6,47, 26, 38, 100, 10,18, Off, Off, Off, Off, Off, Off, On, On, Off, Off, Off, Rich
316.281, 1888, 2,44, 83, 74, 24, 13,9, 0,98, 6,4, 26, 38, 100, 10,07, Off, Off, Off, Off, Off, Off, On, On, Off, Off, Off, Rich
316.328, 1888, 2,44, 83, 74, 24, 13,8, 0,98, 6,4, 26, 38, 100, 10,07, Off, Off, Off, Off, Off, Off, On, On, Off, Off, Off, Rich
316.375, 1888, 2,43, 83, 74, 24, 13,7, 0,98, 6,34, 26, 38, 100, 9,97, Off, Off, Off, Off, Off, Off, On, On, Off, Off, Off, Rich
316.421, 1888, 2,44, 83, 72, 24, 13,8, 0,98, 6,24, 26, 38, 100, 9,82, Off, Off, Off, Off, Off, Off, On, On, Off, Off, Off, Rich
316.484, 1888, 2,43, 83, 69, 24, 13,9, 0,98, 6,24, 26, 38, 100, 9,82, Off, Off, Off, Off, Off, Off, On, On, Off, Off, Off, Rich
316.546, 1888, 2,46, 83, 68, 24, 13,9, 0,98, 6,22, 26, 38, 100, 9,79, Off, Off, Off, Off, Off, Off, On, On, Off, Off, Off, Rich
316.593, 1888, 2,46, 83, 60, 24, 13,9, 0,98, 6,18, 26, 38, 100, 9,72, Off, Off, Off, Off, Off, Off, On, On, Off, Off, Off, Rich
316.640, 1888, 2,44, 83, 46, 24, 13,8, 0,98, 6,19, 26, 38, 100, 9,74, Off, Off, Off, Off, Off, Off, On, On, Off, Off, Off, Rich
316.703, 1888, 2,46, 83, 13, 24, 13,8, 0,96, 6,53, 26, 38, 100, 10,27, Off, Off, Off, Off, Off, Off, On, On, Off, Off, Off, Lean
316.750, 1888, 2,41, 83, 1, 24, 13,9, 0,96, 6,5, 26, 38, 100, 10,23, Off, Off, Off, Off, Off, Off, On, On, Off, Off, Off, Lean
316.812, 1888, 2,43, 83, 0, 26, 13,9, 0,94, 6,45, 26, 38, 100, 10,15, Off, Off, Off, Off, Off, Off, On, On, Off, Off, Off, Lean
316.859, 1888, 2,42, 83, 2, 26, 13,9, 0,94, 6,44, 26, 38, 100, 10,13, Off, Off, Off, Off, Off, Off, On, On, Off, Off, Off, Lean
316.906, 1862, 2,42, 83, 17, 26, 13,8, 0,94, 6,47, 26, 38, 100, 10,04, Off, Off, Off, Off, Off, Off, On, On, Off, Off, Off, Lean
316.968, 1862, 2,42, 83, 56, 26, 13,8, 0,94, 6,46, 26, 38, 100, 10,02, Off, Off, Off, Off, Off, Off, On, On, Off, Off, Off, Rich
317.015, 1888, 2,42, 83, 65, 26, 13,8, 0,94, 6,21, 26, 38, 100, 9,77, Off, Off, Off, Off, Off, Off, On, On, Off, Off, Off, Rich
317.078, 1862, 2,41, 83, 72, 26, 13,9, 0,94, 6,2, 26, 38, 100, 9,62, Off, Off, Off, Off, Off, Off, On, On, Off, Off, Off, Rich
317.125, 1862, 2,4, 83, 72, 26, 13,9, 0,94, 6,11, 26, 38, 100, 9,48, Off, Off, Off, Off, Off, Off, On, On, Off, Off, Off, Rich
317.187, 1888, 2,39, 83, 71, 26, 13,7, 0,94, 6,07, 26, 38, 100, 9,55, Off, Off, Off, Off, Off, Off, On, On, Off, Off, Off, Rich
317.234, 1862, 2,39, 83, 70, 26, 13,8, 0,92, 6,03, 27, 38, 100, 9,36, Off, Off, Off, Off, Off, Off, On, On, Off, Off, Off, Rich
317.296, 1862, 2,38, 83, 69, 26, 13,8, 0,9, 5,91, 27, 38, 100, 9,17, Off, Off, Off, Off, Off, Off, On, On, Off, Off, Off, Rich
317.343, 1838, 2,35, 83, 48, 26, 13,9, 0,9, 5,82, 27, 38, 100, 8,91, Off, Off, Off, Off, Off, Off, On, On, Off, Off, Off, Rich
317.390, 1850, 2,36, 83, 31, 26, 13,8, 0,9, 5,74, 26, 38, 100, 8,85, Off, Off, Off, Off, Off, Off, On, On, Off, Off, Off, Rich
317.437, 1838, 2,33, 83, 7, 26, 13,9, 0,88, 6, 26, 38, 101, 9,19, Off, Off, Off, Off, Off, Off, On, On, Off, Off, Off, Lean
317.500, 1812, 2,32, 83, 2, 28, 13,8, 0,84, 5,89, 26, 38, 101, 8,89, Off, Off, Off, Off, Off, Off, On, On, Off, Off, Off, Lean
317.546, 1812, 2,18, 83, 0, 28, 13,7, 0,72, 5,49, 27, 38, 101, 8,29, Off, Off, Off, Off, Off, Off, On, On, Off, Off, Off, Lean
317.593, 1800, 2,06, 83, 0, 28, 13,8, 0,66, 4,75, 28, 38, 101, 7,12, Off, Off, Off, Off, Off, Off, On, On, Off, Off, Off, Lean
317.656, 1750, 2, 83, 12, 28, 13,8, 0,66, 4,47, 28, 38, 101, 6,52, Off, Off, Off, Off, Off, Off, On, On, Off, Off, Off, Lean
317.703, 1688, 1,96, 83, 59, 28, 13,8, 0,66, 4,34, 29, 38, 101, 6,1, Off, Off, Off, Off, Off, Off, On, On, Off, Off, Off, Lean
317.750, 1650, 1,96, 83, 65, 28, 13,7, 0,64, 4,19, 28, 38, 101, 5,76, Off, Off, Off, Off, Off, Off, On, On, Off, Off, Off, Rich
317.796, 1588, 1,96, 83, 68, 28, 13,8, 0,64, 4,01, 29, 38, 101, 5,31, Off, Off, Off, Off, Off, Off, On, On, Off, Off, Off, Rich
317.859, 1538, 1,94, 83, 70, 28, 13,7, 0,62, 4,13, 29, 38, 101, 5,29, Off, Off, Off, Off, Off, Off, On, On, Off, Off, Off, Rich
317.921, 1512, 1,84, 83, 69, 28, 13,8, 0,54, 3,83, 30, 38, 101, 4,83, Off, Off, Off, Off, Off, Off, On, Off, Off, Off, Off, Rich
317.968, 1475, 1,64, 83, 69, 28, 13,8, 0,48, 3,46, 31, 38, 101, 4,25, Off, Off, Off, Off, Off, Off, On, Off, Off, Off, Off, Rich
318.031, 1438, 1,6, 83, 73, 28, 13,8, 0,48, 3,27, 31, 38, 101, 3,92, Off, Off, Off, Off, Off, Off, On, Off, Off, Off, Off, Rich
318.078, 1388, 1,6, 83, 74, 28, 13,8, 0,48, 3,26, 31, 38, 101, 3,77, Off, Off, Off, Off, Off, Off, On, Off, Off, Off, Off, Rich
318.125, 1350, 1,63, 83, 76, 28, 13,8, 0,48, 3,08, 32, 38, 101, 3,46, Off, Off, Off, Off, Off, Off, On, Off, Off, Off, Off, Rich
318.171, 1312, 1,59, 83, 76, 28, 13,8, 0,48, 3,05, 32, 38, 101, 3,33, Off, Off, Off, Off, Off, Off, On, Off, Off, Off, Off, Rich
318.218, 1300, 1,6, 83, 77, 26, 13,8, 0,48, 3,02, 32, 38, 101, 3,27, Off, Off, Off, Off, Off, Off, On, Off, Off, Off, Off, Rich
318.281, 1262, 1,58, 83, 77, 26, 13,8, 0,48, 3,04, 32, 38, 101, 3,2, Off, Off, Off, Off, Off, Off, On, Off, Off, Off, Off, Rich
318.328, 1225, 1,62, 83, 74, 26, 13,8, 0,5, 3,05, 32, 38, 101, 3,11, Off, Off, Off, Off, Off, Off, On, Off, Off, Off, Off, Rich
318.375, 1212, 1,62, 83, 74, 26, 13,7, 0,5, 3,07, 32, 38, 101, 3,1, Off, Off, Off, Off, Off, Off, On, Off, Off, Off, Off, Rich
318.421, 1200, 1,63, 83, 70, 26, 13,8, 0,5, 3,12, 32, 38, 101, 3,12, Off, Off, Off, Off, Off, Off, On, Off, Off, Off, Off, Rich
318.468, 1212, 1,62, 83, 59, 26, 13,8, 0,5, 3,16, 31, 38, 101, 3,19, Off, Off, Off, Off, Off, Off, On, Off, Off, Off, Off, Rich
318.531, 1200, 1,68, 83, 5, 26, 13,8, 0,52, 3,33, 31, 38, 102, 3,33, Off, Off, Off, Off, Off, Off, On, Off, Off, Off, Off, Lean
318.593, 1212, 1,76, 83, 0, 26, 13,8, 0,58, 3,94, 29, 38, 102, 3,98, Off, Off, Off, Off, Off, Off, On, Off, Off, Off, Off, Lean
318.640, 1200, 1,84, 83, 0, 26, 13,8, 0,58, 3,98, 28, 38, 102, 3,98, Off, Off, Off, Off, Off, Off, On, Off, Off, Off, Off, Lean
318.703, 1225, 1,84, 83, 0, 26, 13,8, 0,6, 4,13, 27, 38, 102, 4,22, Off, Off, Off, Off, Off, Off, On, Off, Off, Off, Off, Lean
318.750, 1262, 1,86, 83, 0, 26, 13,8, 0,6, 4,31, 27, 38, 102, 4,53, Off, Off, Off, Off, Off, Off, On, Off, Off, Off, Off, Lean
318.796, 1275, 1,86, 83, 0, 26, 13,8, 0,6, 4,38, 27, 38, 102, 4,65, Off, Off, Off, Off, Off, Off, On, Off, Off, Off, Off, Lean
318.859, 1300, 2,08, 83, 0, 26, 13,7, 0,84, 5,18, 18, 38, 102, 5,61, Off, Off, Off, Off, Off, Off, On, Off, Off, Off, Off, Lean
318.906, 1362, 2,32, 83, 0, 26, 13,8, 0,88, 6,3, 19, 38, 102, 7,15, Off, Off, Off, Off, Off, Off, On, Off, Off, Off, Off, Lean
318.953, 1425, 2,3, 83, 0, 26, 13,8, 0,88, 6,39, 18, 38, 102, 7,59, Off, Off, Off, Off, Off, Off, On, On, Off, Off, Off, Lean
319.015, 1538, 2,28, 83, 0, 26, 13,8, 0,88, 6,66, 17, 38, 102, 8,54, Off, Off, Off, Off, Off, Off, On, On, Off, Off, Off, Lean
319.062, 1600, 2,26, 83, 13, 26, 13,8, 0,88, 6,75, 23, 38, 102, 9, Off, Off, Off, Off, Off, Off, On, On, Off, Off, Off, Lean
319.109, 1688, 2,28, 83, 68, 26, 13,7, 0,86, 6,34, 24, 38, 101, 8,92, Off, Off, Off, Off, Off, Off, On, On, Off, Off, Off, Rich
319.171, 1750, 2,28, 83, 78, 26, 13,9, 0,86, 6,16, 24, 38, 101, 8,98, Off, Off, Off, Off, Off, Off, On, On, Off, Off, Off, Rich
319.218, 1788, 2,31, 83, 78, 26, 13,8, 0,88, 6,09, 26, 38, 101, 9,07, Off, Off, Off, Off, Off, Off, On, On, Off, Off, Off, Rich
319.296, 1800, 2,32, 83, 77, 26, 13,8, 0,88, 6,03, 26, 38, 101, 9,05, Off, Off, Off, Off, Off, Off, On, On, Off, Off, Off, Rich
319.343, 1800, 2,33, 83, 73, 26, 13,8, 0,88, 5,93, 26, 38, 101, 8,89, Off, Off, Off, Off, Off, Off, On, On, Off, Off, Off, Rich
319.390, 1800, 2,35, 83, 71, 26, 13,8, 0,88, 5,84, 26, 38, 101, 8,76, Off, Off, Off, Off, Off, Off, On, On, Off, Off, Off, Rich
319.453, 1788, 2,32, 83, 68, 26, 13,9, 0,88, 5,8, 26, 38, 101, 8,64, Off, Off, Off, Off, Off, Off, On, On, Off, Off, Off, Rich
319.500, 1762, 2,33, 83, 57, 26, 13,8, 0,88, 5,74, 26, 38, 101, 8,43, Off, Off, Off, Off, Off, Off, On, On, Off, Off, Off, Rich
319.546, 1762, 2,32, 83, 19, 26, 13,9, 0,88, 6,04, 26, 38, 101, 8,87, Off, Off, Off, Off, Off, Off, On, On, Off, Off, Off, Lean
319.609, 1788, 2,35, 83, 8, 26, 13,8, 0,88, 6,02, 26, 38, 101, 8,97, Off, Off, Off, Off, Off, Off, On, On, Off, Off, Off, Lean
319.656, 1788, 2,35, 83, 0, 24, 13,9, 0,88, 6,07, 26, 38, 101, 9,04, Off, Off, Off, Off, Off, Off, On, On, Off, Off, Off, Lean
319.718, 1788, 2,33, 83, 0, 24, 13,7, 0,88, 6,1, 26, 38, 101, 9,09, Off, Off, Off, Off, Off, Off, On, On, Off, Off, Off, Lean
319.765, 1788, 2,34, 83, 0, 24, 13,8, 0,88, 6,12, 26, 38, 101, 9,12, Off, Off, Off, Off, Off, Off, On, On, Off, Off, Off, Lean
319.828, 1788, 2,34, 83, 1, 24, 13,8, 0,88, 6,14, 26, 38, 101, 9,15, Off, Off, Off, Off, Off, Off, On, On, Off, Off, Off, Lean
319.875, 1800, 2,33, 83, 9, 24, 13,9, 0,88, 6,18, 26, 38, 101, 9,27, Off, Off, Off, Off, Off, Off, On, On, Off, Off, Off, Lean
319.921, 1800, 2,34, 83, 33, 24, 13,9, 0,88, 6,2, 26, 38, 101, 9,3, Off, Off, Off, Off, Off, Off, On, On, Off, Off, Off, Lean
319.984, 1788, 2,41, 83, 52, 24, 13,7, 0,96, 6,25, 26, 38, 102, 9,31, Off, Off, Off, Off, Off, Off, On, On, Off, Off, Off, Rich
320.031, 1812, 2,44, 83, 69, 24, 13,8, 0,96, 6,48, 25, 38, 102, 9,78, Off, Off, Off, Off, Off, Off, On, On, Off, Off, Off, Rich
320.093, 1812, 2,43, 83, 71, 24, 13,9, 0,94, 6,52, 25, 38, 102, 9,85, Off, Off, Off, Off, Off, Off, On, On, Off, Off, Off, Rich
320.140, 1838, 2,41, 83, 72, 24, 13,8, 0,94, 6,45, 25, 38, 102, 9,88, Off, Off, Off, Off, Off, Off, On, On, Off, Off, Off, Rich
320.187, 1862, 2,41, 83, 73, 24, 13,8, 0,94, 6,39, 26, 38, 102, 9,92, Off, Off, Off, Off, Off, Off, On, On, Off, Off, Off, Rich
320.250, 1862, 2,41, 83, 74, 24, 13,9, 0,94, 6,34, 26, 38, 102, 9,84, Off, Off, Off, Off, Off, Off, On, On, Off, Off, Off, Rich
320.296, 1850, 2,41, 83, 74, 24, 13,8, 0,94, 6,28, 26, 38, 102, 9,68, Off, Off, Off, Off, Off, Off, On, On, Off, Off, Off, Rich
320.359, 1850, 2,45, 83, 72, 26, 13,7, 1, 6,35, 26, 38, 102, 9,79, Off, Off, Off, Off, Off, Off, On, On, Off, Off, Off, Rich
320.406, 1888, 2,4, 83, 71, 26, 13,9, 0,86, 6,38, 26, 38, 102, 10,04, Off, Off, Off, Off, Off, Off, On, On, Off, Off, Off, Rich
320.468, 1862, 2,24, 83, 69, 26, 13,9, 0,8, 5,6, 27, 38, 102, 8,69, Off, Off, Off, Off, Off, Off, On, On, Off, Off, Off, Rich
320.515, 1812, 2,26, 83, 72, 26, 13,8, 0,9, 5,32, 27, 38, 102, 8,03, Off, Off, Off, Off, Off, Off, On, On, Off, Off, Off, Rich
320.562, 1800, 2,37, 83, 76, 26, 13,8, 0,92, 5,8, 26, 38, 102, 8,7, Off, Off, Off, Off, Off, Off, On, On, Off, Off, Off, Rich
320.625, 1788, 2,39, 83, 73, 26, 13,8, 0,88, 5,78, 26, 38, 102, 8,61, Off, Off, Off, Off, Off, Off, On, On, Off, Off, Off, Rich
320.687, 1788, 2,28, 83, 45, 26, 13,7, 0,82, 5,46, 26, 38, 102, 8,14, Off, Off, Off, Off, Off, Off, On, On, Off, Off, Off, Rich
320.750, 1788, 2,26, 83, 22, 26, 13,9, 0,84, 5,53, 26, 38, 101, 8,24, Off, Off, Off, Off, Off, Off, On, On, Off, Off, Off, Lean
320.796, 1750, 2,28, 83, 3, 26, 13,7, 0,84, 5,57, 27, 38, 101, 8,12, Off, Off, Off, Off, Off, Off, On, On, Off, Off, Off, Lean
320.843, 1762, 2,26, 83, 0, 26, 13,9, 0,84, 5,58, 27, 38, 101, 8,19, Off, Off, Off, Off, Off, Off, On, On, Off, Off, Off, Lean
320.906, 1750, 2,28, 83, 0, 26, 13,7, 0,84, 5,62, 27, 38, 101, 8,2, Off, Off, Off, Off, Off, Off, On, On, Off, Off, Off, Lean
320.953, 1750, 2,28, 83, 0, 26, 13,8, 0,84, 5,63, 27, 38, 101, 8,21, Off, Off, Off, Off, Off, Off, On, On, Off, Off, Off, Lean
321.000, 1738, 2,26, 83, 0, 26, 13,7, 0,84, 5,66, 27, 38, 101, 8,2, Off, Off, Off, Off, Off, Off, On, On, Off, Off, Off, Lean
321.046, 1750, 2,29, 83, 0, 26, 13,9, 0,84, 5,7, 27, 38, 101, 8,31, Off, Off, Off, Off, Off, Off, On, On, Off, Off, Off, Lean
321.109, 1750, 2,26, 83, 0, 26, 13,8, 0,82, 5,71, 27, 38, 101, 8,33, Off, Off, Off, Off, Off, Off, On, On, Off, Off, Off, Lean
321.171, 1738, 2,24, 83, 0, 26, 13,8, 0,82, 5,64, 27, 38, 101, 8,17, Off, Off, Off, Off, Off, Off, On, On, Off, Off, Off, Lean
321.218, 1738, 2,26, 83, 1, 26, 13,9, 0,82, 5,64, 26, 38, 101, 8,17, Off, Off, Off, Off, Off, Off, On, On, Off, Off, Off, Lean
321.281, 1750, 2,28, 83, 1, 26, 13,8, 0,82, 5,65, 26, 38, 101, 8,24, Off, Off, Off, Off, Off, Off, On, On, Off, Off, Off, Lean
321.328, 1738, 2,26, 83, 14, 26, 13,9, 0,82, 5,68, 27, 38, 101, 8,23, Off, Off, Off, Off, Off, Off, On, On, Off, Off, Off, Lean
321.406, 1738, 2,24, 83, 32, 26, 13,8, 0,8, 5,7, 26, 38, 101, 8,26, Off, Off, Off, Off, Off, Off, On, On, Off, Off, Off, Lean
321.453, 1738, 1,96, 83, 67, 26, 13,8, 0,58, 4,19, 27, 38, 102, 6,07, Off, Off, Off, Off, Off, Off, On, On, Off, Off, Off, Rich
321.515, 1700, 1,78, 83, 73, 26, 13,8, 0,52, 4,14, 30, 38, 102, 5,86, Off, Off, Off, Off, Off, Off, On, On, Off, Off, Off, Rich
321.562, 1588, 1,68, 83, 75, 26, 13,8, 0,52, 3,64, 31, 38, 102, 4,82, Off, Off, Off, Off, Off, Off, On, Off, Off, Off, Off, Rich
321.609, 1538, 1,68, 83, 73, 26, 13,8, 0,48, 3,49, 31, 38, 102, 4,47, Off, Off, Off, Off, Off, Off, On, Off, Off, Off, Off, Rich
321.656, 1475, 1,5, 83, 66, 26, 13,8, 0,34, 3,24, 30, 47, 102, 3,98, Off, Off, Off, Off, On, Off, On, Off, Off, Off, Off, Rich
321.703, 1388, 1,4, 83, 13, 26, 13,8, 0,34, 2,95, 25, 47, 103, 3,41, Off, Off, Off, Off, On, Off, On, Off, Off, Off, Off, Lean
321.750, 1325, 1,4, 83, 13, 28, 13,7, 0,34, 2,8, 23, 47, 103, 3,09, Off, Off, Off, Off, On, Off, On, Off, Off, Off, Off, Lean
321.812, 1275, 1,41, 83, 5, 28, 13,8, 0,34, 2,64, 20, 47, 103, 2,81, Off, Off, Off, Off, On, Off, On, Off, Off, Off, Off, Lean
321.859, 1200, 1,54, 83, 28, 28, 13,6, 0,34, 2,61, 16, 64, 103, 2,61, Off, Off, Off, Off, On, Off, On, Off, Off, Off, Off, Lean
321.906, 1162, 1,58, 83, 69, 28, 13,8, 0,34, 2,68, 13, 64, 103, 2,6, Off, Off, Off, Off, On, Off, On, Off, Off, Off, Off, Lean
321.968, 1112, 1,62, 83, 77, 28, 13,8, 0,34, 2,77, 13, 64, 100, 2,57, Off, Off, Off, Off, On, Off, On, Off, Off, Off, Off, Rich
322.015, 1088, 1,62, 83, 79, 28, 13,8, 0,34, 2,84, 13, 64, 100, 2,57, Off, Off, Off, Off, On, Off, On, Off, Off, Off, Off, Rich
322.078, 1100, 1,58, 83, 79, 28, 13,8, 0,34, 2,9, 13, 64, 100, 2,66, Off, Off, Off, Off, On, Off, On, Off, Off, Off, Off, Rich
322.125, 1062, 1,6, 83, 78, 28, 13,8, 0,34, 3,04, 13, 64, 100, 2,69, Off, Off, Off, Off, On, Off, On, Off, Off, Off, Off, Rich
322.171, 1100, 1,48, 83, 49, 28, 13,8, 0,34, 3,1, 13, 45, 100, 2,84, Off, Off, Off, Off, On, Off, On, Off, Off, Off, Off, Rich
322.218, 1100, 1,39, 83, 49, 28, 13,8, 0,34, 3,07, 13, 45, 100, 2,81, Off, Off, Off, Off, On, Off, On, Off, Off, Off, Off, Rich
322.281, 1112, 1,37, 83, 11, 28, 13,8, 0,34, 3,03, 13, 45, 100, 2,81, Off, Off, Off, Off, On, Off, On, Off, Off, Off, Off, Lean
322.328, 1088, 1,36, 83, 0, 28, 13,8, 0,34, 2,92, 13, 45, 100, 2,65, Off, Off, Off, Off, On, Off, On, Off, Off, Off, Off, Lean
322.375, 1062, 1,37, 83, 0, 28, 13,8, 0,34, 2,92, 13, 44, 100, 2,58, Off, Off, Off, Off, On, Off, On, Off, Off, Off, Off, Lean
322.421, 1062, 1,37, 83, 0, 28, 13,8, 0,34, 2,84, 13, 44, 100, 2,51, Off, Off, Off, Off, On, Off, On, Off, Off, Off, Off, Lean
322.484, 1050, 1,36, 83, 0, 26, 13,8, 0,34, 2,83, 13, 44, 100, 2,48, Off, Off, Off, Off, On, Off, On, Off, Off, Off, Off, Lean
322.531, 1050, 1,36, 83, 0, 26, 13,8, 0,34, 2,78, 13, 44, 100, 2,43, Off, Off, Off, Off, On, Off, On, Off, Off, Off, Off, Lean
322.593, 1025, 1,38, 83, 0, 26, 13,8, 0,34, 2,78, 13, 44, 100, 2,37, Off, Off, Off, Off, On, Off, On, Off, Off, Off, Off, Lean
322.640, 1025, 1,36, 83, 17, 26, 13,8, 0,34, 2,74, 13, 43, 100, 2,34, Off, Off, Off, Off, On, Off, On, Off, Off, Off, Off, Lean
322.687, 1025, 1,36, 83, 57, 26, 13,8, 0,34, 2,75, 13, 43, 100, 2,35, Off, Off, Off, Off, On, Off, On, Off, Off, Off, Off, Lean
322.734, 1025, 1,36, 83, 71, 26, 13,8, 0,34, 2,7, 13, 43, 101, 2,31, Off, Off, Off, Off, On, Off, On, Off, Off, Off, Off, Rich
322.796, 1025, 1,35, 83, 76, 26, 13,8, 0,34, 2,67, 13, 42, 101, 2,28, Off, Off, Off, Off, On, Off, On, Off, Off, Off, Off, Rich
322.843, 1000, 1,34, 83, 76, 26, 13,8, 0,34, 2,66, 13, 42, 101, 2,22, Off, Off, Off, Off, On, Off, On, Off, Off, Off, Off, Rich
322.906, 1000, 1,34, 83, 76, 26, 13,3, 0,36, 2,66, 13, 42, 101, 2,22, Off, Off, Off, Off, On, Off, On, Off, Off, Off, Off, Rich
322.953, 1000, 1,34, 83, 77, 26, 13,8, 0,36, 2,65, 13, 42, 101, 2,21, Off, Off, Off, Off, On, Off, On, Off, Off, Off, Off, Rich
323.000, 988, 1,36, 83, 76, 26, 13,8, 0,36, 2,66, 13, 42, 101, 2,19, Off, Off, Off, Off, On, Off, On, Off, Off, Off, Off, Rich
323.046, 975, 1,36, 83, 76, 26, 13,8, 0,36, 2,67, 13, 42, 101, 2,17, Off, Off, Off, Off, On, Off, On, Off, Off, Off, Off, Rich
323.093, 975, 1,36, 83, 76, 26, 13,8, 0,36, 2,68, 13, 42, 101, 2,18, Off, Off, Off, Off, On, Off, On, Off, Off, Off, Off, Rich
323.140, 950, 1,4, 83, 73, 24, 13,8, 0,46, 2,75, 13, 38, 101, 2,18, Off, Off, Off, Off, Off, Off, On, Off, Off, Off, Off, Rich
323.187, 938, 1,59, 83, 71, 24, 13,8, 0,52, 3,57, 20, 38, 101, 2,79, Off, Off, Off, Off, Off, Off, On, Off, Off, Off, Off, Rich
323.250, 975, 1,6, 83, 61, 24, 13,8, 0,44, 3,73, 19, 38, 101, 3,03, Off, Off, Off, Off, Off, Off, On, Off, Off, Off, Off, Rich
323.296, 1025, 1,5, 83, 39, 24, 13,9, 0,44, 3,42, 21, 38, 101, 2,92, Off, Off, Off, Off, Off, Off, On, Off, Off, Off, Off, Rich
323.343, 1038, 1,56, 83, 16, 24, 13,9, 0,48, 3,84, 21, 38, 101, 3,32, Off, Off, Off, Off, Off, Off, On, Off, Off, Off, Off, Lean
323.390, 1038, 1,58, 83, 16, 24, 13,7, 0,46, 3,85, 24, 38, 101, 3,33, Off, Off, Off, Off, Off, Off, On, Off, Off, Off, Off, Lean
323.437, 1062, 1,53, 83, 58, 24, 13,8, 0,44, 3,62, 26, 38, 101, 3,2, Off, Off, Off, Off, Off, Off, On, Off, Off, Off, Off, Lean
323.500, 1088, 1,51, 83, 58, 24, 13,9, 0,44, 3,52, 26, 38, 101, 3,19, Off, Off, Off, Off, Off, Off, On, Off, Off, Off, Off, Rich
323.562, 1062, 1,51, 83, 76, 24, 13,8, 0,44, 3,55, 27, 38, 101, 3,14, Off, Off, Off, Off, Off, Off, On, Off, Off, Off, Off, Rich
323.609, 1088, 1,52, 83, 80, 24, 13,8, 0,46, 3,47, 27, 38, 101, 3,15, Off, Off, Off, Off, Off, Off, On, Off, Off, Off, Off, Rich
323.671, 1100, 1,52, 83, 82, 24, 13,8, 0,42, 3,48, 27, 38, 101, 3,19, Off, Off, Off, Off, Off, Off, On, Off, Off, Off, Off, Rich
323.718, 1088, 1,4, 83, 83, 24, 13,8, 0,34, 3,26, 25, 47, 101, 2,96, Off, Off, Off, Off, On, Off, On, Off, Off, Off, Off, Rich
323.765, 1100, 1,42, 83, 83, 24, 13,9, 0,4, 3,25, 23, 38, 101, 2,98, Off, Off, Off, Off, Off, Off, On, Off, Off, Off, Off, Rich
323.828, 1088, 1,54, 83, 83, 24, 13,8, 0,46, 3,35, 23, 38, 101, 3,04, Off, Off, Off, Off, Off, Off, On, Off, Off, Off, Off, Rich
323.875, 1100, 1,56, 83, 83, 22, 13,8, 0,46, 3,36, 23, 38, 101, 3,08, Off, Off, Off, Off, Off, Off, On, Off, Off, Off, Off, Rich
323.921, 1088, 1,56, 83, 83, 22, 13,9, 0,48, 3,34, 24, 38, 101, 3,03, Off, Off, Off, Off, Off, Off, On, Off, Off, Off, Off, Rich
323.984, 1100, 1,58, 83, 83, 22, 13,8, 0,48, 3,36, 23, 38, 101, 3,08, Off, Off, Off, Off, Off, Off, On, Off, Off, Off, Off, Rich
324.031, 1088, 1,58, 83, 82, 22, 13,8, 0,48, 3,39, 28, 38, 101, 3,07, Off, Off, Off, Off, Off, Off, On, Off, Off, Off, Off, Rich
324.093, 1100, 1,6, 83, 82, 22, 13,8, 0,48, 3,39, 28, 38, 101, 3,11, Off, Off, Off, Off, Off, Off, On, Off, Off, Off, Off, Rich
324.171, 1088, 1,62, 83, 80, 22, 13,8, 0,5, 3,42, 28, 38, 101, 3,1, Off, Off, Off, Off, Off, Off, On, Off, Off, Off, Off, Rich
324.218, 1112, 1,73, 83, 78, 22, 13,8, 0,58, 4,02, 26, 38, 101, 3,73, Off, Off, Off, Off, Off, Off, On, Off, Off, Off, Off, Rich
324.281, 1112, 1,85, 83, 75, 22, 13,8, 0,62, 4,52, 24, 38, 101, 4,19, Off, Off, Off, Off, Off, Off, On, Off, Off, Off, Off, Rich
324.328, 1162, 1,9, 83, 70, 22, 13,8, 0,62, 4,57, 25, 38, 101, 4,43, Off, Off, Off, Off, Off, Off, On, Off, Off, Off, Off, Rich
324.375, 1188, 1,9, 83, 70, 22, 13,8, 0,62, 4,68, 25, 38, 101, 4,63, Off, Off, Off, Off, Off, Off, On, Off, Off, Off, Off, Rich
324.421, 1250, 1,9, 83, 70, 22, 13,7, 0,62, 4,71, 25, 38, 101, 4,91, Off, Off, Off, Off, Off, Off, On, Off, Off, Off, Off, Rich
324.468, 1275, 1,9, 83, 77, 22, 13,8, 0,62, 4,75, 25, 38, 101, 5,05, Off, Off, Off, Off, Off, Off, On, Off, Off, Off, Off, Rich
324.531, 1325, 1,91, 83, 77, 22, 13,8, 0,62, 4,72, 26, 38, 101, 5,21, Off, Off, Off, Off, Off, Off, On, Off, Off, Off, Off, Rich
324.578, 1350, 1,92, 83, 76, 20, 13,8, 0,64, 4,69, 26, 38, 101, 5,28, Off, Off, Off, Off, Off, Off, On, Off, Off, Off, Off, Rich
324.625, 1375, 1,92, 83, 75, 20, 13,9, 0,64, 4,61, 26, 38, 101, 5,28, Off, Off, Off, Off, Off, Off, On, Off, Off, Off, Off, Rich
324.671, 1388, 1,92, 83, 75, 20, 13,8, 0,64, 4,56, 26, 38, 101, 5,27, Off, Off, Off, Off, Off, Off, On, Off, Off, Off, Off, Rich
324.718, 1388, 1,93, 83, 73, 20, 13,8, 0,64, 4,51, 26, 38, 101, 5,22, Off, Off, Off, Off, Off, Off, On, Off, Off, Off, Off, Rich
324.781, 1412, 1,94, 83, 71, 20, 13,8, 0,64, 4,5, 26, 38, 101, 5,3, Off, Off, Off, Off, Off, Off, On, Off, Off, Off, Off, Rich
324.843, 1412, 1,97, 83, 69, 20, 13,8, 0,68, 4,51, 26, 38, 101, 5,31, Off, Off, Off, Off, Off, Off, On, Off, Off, Off, Off, Rich
324.906, 1412, 2,02, 83, 52, 20, 13,8, 0,68, 4,59, 26, 38, 101, 5,4, Off, Off, Off, Off, Off, Off, On, Off, Off, Off, Off, Rich
324.968, 1425, 2,02, 83, 32, 20, 13,8, 0,68, 4,64, 26, 38, 101, 5,51, Off, Off, Off, Off, Off, Off, On, Off, Off, Off, Off, Rich
325.015, 1425, 2,02, 83, 14, 20, 13,8, 0,68, 4,94, 25, 38, 98, 5,87, Off, Off, Off, Off, Off, Off, On, Off, Off, Off, Off, Lean
325.062, 1438, 2,01, 83, 4, 20, 13,8, 0,68, 4,96, 25, 38, 98, 5,94, Off, Off, Off, Off, Off, Off, On, Off, Off, Off, Off, Lean
325.125, 1462, 2,01, 83, 0, 20, 13,8, 0,68, 4,98, 25, 38, 98, 6,07, Off, Off, Off, Off, Off, Off, On, Off, Off, Off, Off, Lean
325.171, 1462, 2,02, 83, 0, 20, 13,8, 0,68, 4,99, 25, 38, 98, 6,08, Off, Off, Off, Off, Off, Off, On, Off, Off, Off, Off, Lean
325.218, 1475, 2,02, 83, 0, 20, 13,8, 0,68, 5,01, 25, 38, 98, 6,16, Off, Off, Off, Off, Off, Off, On, Off, Off, Off, Off, Lean
325.281, 1512, 2,02, 83, 1, 22, 13,8, 0,68, 4,99, 25, 38, 98, 6,29, Off, Off, Off, Off, Off, Off, On, Off, Off, Off, Off, Lean
325.328, 1512, 2,04, 83, 3, 22, 13,9, 0,7, 4,98, 25, 38, 98, 6,27, Off, Off, Off, Off, Off, Off, On, Off, Off, Off, Off, Lean
325.375, 1488, 2,02, 83, 19, 22, 13,8, 0,68, 4,98, 27, 38, 98, 6,18, Off, Off, Off, Off, Off, Off, On, Off, Off, Off, Off, Lean
325.437, 1488, 2,02, 83, 61, 22, 13,9, 0,7, 5,01, 27, 38, 98, 6,21, Off, Off, Off, Off, Off, Off, On, Off, Off, Off, Off, Lean
325.484, 1512, 2,01, 83, 69, 22, 13,8, 0,7, 4,79, 26, 38, 98, 6,04, Off, Off, Off, Off, Off, Off, On, Off, Off, Off, Off, Rich
325.531, 1512, 2,02, 83, 73, 22, 13,8, 0,7, 4,76, 26, 38, 98, 6, Off, Off, Off, Off, Off, Off, On, Off, Off, Off, Off, Rich
325.609, 1512, 2,05, 83, 75, 22, 13,9, 0,7, 4,77, 27, 38, 98, 6,01, Off, Off, Off, Off, Off, Off, On, Off, Off, Off, Off, Rich
325.671, 1488, 2,04, 83, 74, 22, 13,9, 0,7, 4,81, 27, 38, 98, 5,96, Off, Off, Off, Off, Off, Off, On, Off, Off, Off, Off, Rich
325.718, 1512, 2,04, 83, 72, 22, 13,8, 0,7, 4,81, 26, 38, 98, 6,06, Off, Off, Off, Off, Off, Off, On, Off, Off, Off, Off, Rich
325.765, 1512, 2,06, 83, 65, 22, 13,8, 0,7, 4,8, 25, 38, 98, 6,05, Off, Off, Off, Off, Off, Off, On, Off, Off, Off, Off, Rich
325.828, 1512, 2,04, 83, 48, 22, 13,8, 0,7, 4,78, 26, 38, 98, 6,02, Off, Off, Off, Off, Off, Off, On, Off, Off, Off, Off, Rich
325.890, 1512, 2,06, 83, 12, 22, 13,9, 0,7, 5,05, 26, 38, 99, 6,36, Off, Off, Off, Off, Off, Off, On, Off, Off, Off, Off, Lean
325.937, 1512, 2,06, 83, 5, 22, 13,9, 0,7, 5,07, 26, 38, 99, 6,39, Off, Off, Off, Off, Off, Off, On, Off, Off, Off, Off, Lean
326.000, 1525, 2,06, 83, 0, 20, 13,8, 0,72, 5,07, 26, 38, 99, 6,44, Off, Off, Off, Off, Off, Off, On, Off, Off, Off, Off, Lean
326.062, 1525, 2,1, 83, 0, 20, 13,8, 0,74, 5,22, 26, 38, 99, 6,63, Off, Off, Off, Off, Off, Off, On, Off, Off, Off, Off, Lean
326.109, 1538, 2,12, 83, 2, 20, 13,9, 0,74, 5,36, 26, 38, 99, 6,87, Off, Off, Off, Off, Off, Off, On, Off, Off, Off, Off, Lean
326.171, 1538, 2,12, 83, 5, 20, 13,9, 0,74, 5,43, 26, 38, 99, 6,96, Off, Off, Off, Off, Off, Off, On, Off, Off, Off, Off, Lean
326.218, 1562, 2,13, 83, 57, 20, 13,7, 0,76, 5,47, 26, 38, 99, 7,12, Off, Off, Off, Off, Off, Off, On, Off, Off, Off, Off, Lean
326.296, 1562, 2,13, 83, 70, 20, 13,9, 0,74, 5,3, 26, 38, 100, 6,9, Off, Off, Off, Off, Off, Off, On, Off, Off, Off, Off, Rich
326.359, 1575, 2,12, 83, 77, 20, 13,8, 0,76, 5,26, 26, 38, 100, 6,9, Off, Off, Off, Off, Off, Off, On, Off, Off, Off, Off, Rich
326.406, 1575, 2,17, 83, 78, 20, 13,8, 0,78, 5,28, 26, 38, 100, 6,93, Off, Off, Off, Off, Off, Off, On, Off, Off, Off, Off, Rich
326.468, 1588, 2,16, 83, 78, 20, 13,9, 0,78, 5,33, 25, 38, 100, 7,05, Off, Off, Off, Off, Off, Off, On, Off, Off, Off, Off, Rich
326.515, 1588, 2,18, 83, 77, 20, 13,7, 0,78, 5,37, 25, 38, 100, 7,11, Off, Off, Off, Off, Off, Off, On, Off, Off, Off, Off, Rich
326.578, 1600, 2,16, 83, 76, 20, 13,9, 0,78, 5,37, 25, 38, 100, 7,16, Off, Off, Off, Off, Off, Off, On, Off, Off, Off, Off, Rich
326.625, 1600, 2,18, 83, 76, 20, 13,7, 0,8, 5,36, 25, 38, 100, 7,15, Off, Off, Off, Off, Off, Off, On, Off, Off, Off, Off, Rich
326.671, 1625, 2,19, 83, 75, 20, 13,8, 0,8, 5,39, 25, 38, 100, 7,3, Off, Off, Off, Off, Off, Off, On, Off, Off, Off, Off, Rich
326.734, 1625, 2,2, 83, 75, 20, 13,8, 0,8, 5,42, 25, 38, 100, 7,34, Off, Off, Off, Off, Off, Off, On, Off, Off, Off, Off, Rich
326.781, 1625, 2,19, 83, 74, 20, 13,9, 0,8, 5,42, 25, 38, 100, 7,34, Off, Off, Off, Off, Off, Off, On, Off, Off, Off, Off, Rich
326.828, 1650, 2,21, 83, 73, 20, 13,9, 0,82, 5,41, 26, 38, 100, 7,44, Off, Off, Off, Off, Off, Off, On, Off, Off, Off, Off, Rich
326.890, 1638, 2,2, 83, 72, 20, 13,9, 0,82, 5,4, 25, 38, 100, 7,37, Off, Off, Off, Off, Off, Off, On, Off, Off, Off, Off, Rich
326.968, 1638, 2,22, 83, 71, 20, 13,9, 0,82, 5,4, 25, 38, 100, 7,37, Off, Off, Off, Off, Off, Off, On, Off, Off, Off, Off, Rich
327.015, 1650, 2,22, 83, 69, 20, 13,9, 0,82, 5,38, 26, 38, 100, 7,4, Off, Off, Off, Off, Off, Off, On, Off, Off, Off, Off, Rich
327.062, 1650, 2,22, 83, 67, 20, 13,9, 0,8, 5,37, 26, 38, 100, 7,38, Off, Off, Off, Off, Off, Off, On, Off, Off, Off, Off, Rich
327.125, 1675, 2,21, 83, 64, 20, 13,8, 0,82, 5,32, 26, 38, 100, 7,43, Off, Off, Off, Off, Off, Off, On, Off, Off, Off, Off, Rich
327.171, 1688, 2,21, 83, 51, 20, 13,8, 0,82, 5,3, 26, 38, 100, 7,46, Off, Off, Off, Off, Off, Off, On, Off, Off, Off, Off, Rich
327.218, 1650, 2,21, 83, 38, 20, 13,8, 0,82, 5,58, 26, 38, 99, 7,67, Off, Off, Off, Off, Off, Off, On, Off, Off, Off, Off, Lean
327.281, 1675, 2,22, 83, 12, 20, 13,8, 0,82, 5,63, 26, 38, 99, 7,86, Off, Off, Off, Off, Off, Off, On, Off, Off, Off, Off, Lean
327.328, 1675, 2,2, 83, 3, 20, 13,8, 0,82, 5,64, 26, 38, 99, 7,87, Off, Off, Off, Off, Off, Off, On, Off, Off, Off, Off, Lean
327.390, 1688, 2,22, 83, 3, 22, 13,9, 0,82, 5,65, 26, 38, 99, 7,95, Off, Off, Off, Off, Off, Off, On, Off, Off, Off, Off, Lean
327.453, 1688, 2,23, 83, 14, 22, 13,8, 0,82, 5,66, 26, 38, 99, 7,96, Off, Off, Off, Off, Off, Off, On, Off, Off, Off, Off, Lean
327.500, 1675, 2,2, 83, 63, 22, 13,8, 0,82, 5,68, 26, 38, 99, 7,93, Off, Off, Off, Off, Off, Off, On, Off, Off, Off, Off, Lean
327.562, 1675, 2,23, 83, 71, 22, 13,9, 0,82, 5,47, 26, 38, 98, 7,64, Off, Off, Off, Off, Off, Off, On, Off, Off, Off, Off, Rich
327.609, 1675, 2,22, 83, 76, 22, 13,8, 0,82, 5,5, 26, 38, 98, 7,68, Off, Off, Off, Off, Off, Off, On, Off, Off, Off, Off, Rich
327.687, 1688, 2,24, 83, 76, 22, 13,8, 0,82, 5,45, 26, 38, 98, 7,67, Off, Off, Off, Off, Off, Off, On, Off, Off, Off, Off, Rich
327.734, 1688, 2,23, 83, 75, 22, 13,9, 0,82, 5,44, 26, 38, 98, 7,65, Off, Off, Off, Off, Off, Off, On, Off, Off, Off, Off, Rich
327.781, 1650, 2,23, 83, 75, 22, 13,9, 0,82, 5,42, 26, 38, 98, 7,45, Off, Off, Off, Off, Off, Off, On, Off, Off, Off, Off, Rich
327.843, 1688, 2,22, 83, 74, 22, 13,9, 0,82, 5,41, 26, 38, 98, 7,61, Off, Off, Off, Off, Off, Off, On, Off, Off, Off, Off, Rich
327.890, 1688, 2,18, 83, 71, 22, 13,8, 0,78, 5,32, 26, 38, 98, 7,48, Off, Off, Off, Off, Off, Off, On, Off, Off, Off, Off, Rich
327.953, 1650, 2,16, 83, 70, 22, 13,8, 0,78, 5,22, 26, 38, 98, 7,18, Off, Off, Off, Off, Off, Off, On, Off, Off, Off, Off, Rich
328.000, 1638, 2,08, 83, 68, 22, 13,8, 0,68, 4,83, 27, 38, 98, 6,59, Off, Off, Off, Off, Off, Off, On, Off, Off, Off, Off, Rich
328.062, 1638, 1,92, 83, 63, 22, 13,9, 0,56, 3,87, 27, 38, 98, 5,28, Off, Off, Off, Off, Off, Off, On, Off, Off, Off, Off, Rich
328.125, 1588, 1,7, 83, 50, 22, 13,8, 0,48, 3,54, 30, 38, 98, 4,68, Off, Off, Off, Off, Off, Off, On, Off, Off, Off, Off, Rich
328.187, 1475, 1,53, 83, 31, 22, 13,8, 0,4, 3,42, 31, 38, 97, 4,2, Off, Off, Off, Off, Off, Off, On, Off, Off, Off, Off, Lean
328.234, 1425, 1,4, 83, 2, 22, 13,9, 0,34, 3,15, 28, 47, 97, 3,74, Off, Off, Off, Off, On, Off, On, Off, Off, Off, Off, Lean
328.281, 1325, 1,46, 83, 0, 22, 13,8, 0,34, 2,86, 24, 47, 97, 3,16, Off, Off, Off, Off, On, Off, On, Off, Off, Off, Off, Lean
328.343, 1262, 1,43, 83, 0, 22, 13,8, 0,34, 2,82, 22, 47, 97, 2,97, Off, Off, Off, Off, On, Off, On, Off, Off, Off, Off, Lean
328.406, 1188, 1,52, 83, 0, 22, 13,8, 0,34, 2,67, 17, 64, 97, 2,64, Off, Off, Off, Off, On, Off, On, Off, Off, Off, Off, Lean
328.453, 1150, 1,57, 83, 0, 22, 13,8, 0,34, 2,78, 15, 64, 97, 2,66, Off, Off, Off, Off, On, Off, On, Off, Off, Off, Off, Lean
328.515, 1138, 1,62, 83, 0, 22, 13,8, 0,34, 2,86, 13, 64, 97, 2,71, Off, Off, Off, Off, On, Off, On, Off, Off, Off, Off, Lean
328.562, 1100, 1,58, 83, 0, 22, 13,8, 0,34, 2,98, 13, 64, 97, 2,73, Off, Off, Off, Off, On, Off, On, Off, Off, Off, Off, Lean
328.609, 1062, 1,62, 83, 0, 22, 13,8, 0,34, 3,09, 13, 64, 97, 2,73, Off, Off, Off, Off, On, Off, On, Off, Off, Off, Off, Lean
328.656, 1038, 1,62, 83, 0, 22, 13,8, 0,34, 3,1, 13, 64, 97, 2,68, Off, Off, Off, Off, On, Off, On, Off, Off, Off, Off, Lean
328.703, 1050, 1,52, 83, 0, 22, 13,8, 0,34, 3,22, 13, 45, 97, 2,82, Off, Off, Off, Off, On, Off, On, Off, Off, Off, Off, Lean
328.750, 1050, 1,42, 83, 0, 22, 13,8, 0,34, 3,16, 13, 45, 97, 2,77, Off, Off, Off, Off, On, Off, On, Off, Off, Off, Off, Lean
328.796, 1050, 1,36, 83, 0, 20, 13,8, 0,34, 3,1, 13, 45, 97, 2,71, Off, Off, Off, Off, On, Off, On, Off, Off, Off, Off, Lean
328.859, 1050, 1,38, 83, 0, 20, 13,8, 0,34, 3,03, 13, 45, 97, 2,65, Off, Off, Off, Off, On, Off, On, Off, Off, Off, Off, Lean
328.906, 1038, 1,36, 83, 0, 20, 13,8, 0,34, 2,98, 13, 44, 97, 2,58, Off, Off, Off, Off, On, Off, On, Off, Off, Off, Off, Lean
328.953, 1025, 1,36, 83, 0, 20, 13,8, 0,34, 2,93, 13, 44, 97, 2,5, Off, Off, Off, Off, On, Off, On, Off, Off, Off, Off, Lean
329.000, 1038, 1,38, 83, 0, 20, 13,8, 0,34, 2,9, 13, 44, 97, 2,51, Off, Off, Off, Off, On, Off, On, Off, Off, Off, Off, Lean
329.046, 988, 1,36, 83, 0, 20, 13,8, 0,34, 2,86, 13, 44, 97, 2,35, Off, Off, Off, Off, On, Off, On, Off, Off, Off, Off, Lean
329.109, 988, 1,36, 83, 0, 20, 13,8, 0,34, 2,87, 13, 44, 97, 2,36, Off, Off, Off, Off, On, Off, On, Off, Off, Off, Off, Lean
329.171, 988, 1,36, 83, 0, 20, 13,7, 0,34, 2,84, 13, 44, 97, 2,34, Off, Off, Off, Off, On, Off, On, Off, Off, Off, Off, Lean
329.218, 975, 1,35, 83, 1, 20, 13,7, 0,34, 2,82, 13, 43, 97, 2,29, Off, Off, Off, Off, On, Off, On, Off, Off, Off, Off, Lean
329.265, 950, 1,34, 83, 8, 20, 13,5, 0,34, 2,83, 13, 43, 97, 2,24, Off, Off, Off, Off, On, Off, On, Off, Off, Off, Off, Lean
329.328, 938, 1,34, 83, 29, 20, 13,7, 0,34, 2,82, 13, 42, 97, 2,2, Off, Off, Off, Off, On, Off, On, Off, Off, Off, Off, Lean
329.375, 938, 1,33, 83, 53, 20, 13,7, 0,34, 2,83, 13, 42, 97, 2,21, Off, Off, Off, Off, On, Off, On, Off, Off, Off, Off, Rich
329.421, 900, 1,34, 83, 53, 20, 13,7, 0,34, 2,79, 13, 42, 97, 2,09, Off, Off, Off, Off, On, Off, On, Off, Off, Off, Off, Rich
329.468, 900, 1,32, 83, 60, 20, 13,8, 0,34, 2,78, 13, 42, 97, 2,09, Off, Off, Off, Off, On, Off, On, Off, Off, Off, Off, Rich
329.515, 888, 1,32, 83, 66, 20, 13,7, 0,34, 2,8, 13, 42, 97, 2,07, Off, Off, Off, Off, On, Off, On, Off, Off, Off, Off, Rich
329.562, 875, 1,32, 83, 68, 20, 13,6, 0,34, 2,79, 13, 42, 97, 2,03, Off, Off, Off, Off, On, Off, On, Off, Off, Off, Off, Rich
329.625, 875, 1,32, 83, 72, 20, 13,7, 0,34, 2,82, 13, 42, 97, 2,06, Off, Off, Off, Off, On, Off, On, Off, Off, Off, Off, Rich
329.671, 862, 1,32, 83, 72, 20, 13,8, 0,34, 2,81, 13, 42, 97, 2,02, Off, Off, Off, Off, On, Off, On, Off, Off, Off, Off, Rich
329.734, 838, 1,32, 83, 73, 20, 13,8, 0,34, 2,84, 13, 41, 97, 1,98, Off, Off, Off, Off, On, Off, On, Off, Off, Off, Off, Rich
329.796, 838, 1,31, 83, 75, 20, 13,8, 0,34, 2,84, 13, 41, 97, 1,98, Off, Off, Off, Off, On, Off, On, Off, Off, Off, Off, Rich
329.843, 838, 1,32, 83, 76, 20, 13,8, 0,34, 2,83, 13, 41, 97, 1,98, Off, Off, Off, Off, On, Off, On, Off, Off, Off, Off, Rich
329.906, 838, 1,3, 83, 76, 20, 13,8, 0,34, 2,85, 13, 41, 97, 1,99, Off, Off, Off, Off, On, Off, On, Off, Off, Off, Off, Rich
329.953, 875, 1,3, 83, 76, 20, 13,8, 0,34, 2,83, 13, 41, 97, 2,06, Off, Off, Off, Off, On, Off, On, Off, Off, Off, Off, Rich
330.015, 888, 1,3, 83, 74, 20, 13,8, 0,34, 2,84, 13, 41, 97, 2,1, Off, Off, Off, Off, On, Off, On, Off, Off, Off, Off, Rich
330.062, 875, 1,3, 83, 72, 20, 13,8, 0,34, 2,82, 13, 40, 97, 2,06, Off, Off, Off, Off, On, Off, On, Off, Off, Off, Off, Rich
330.109, 888, 1,3, 83, 72, 20, 13,7, 0,34, 2,84, 13, 40, 97, 2,1, Off, Off, Off, Off, On, Off, On, Off, Off, Off, Off, Rich
330.156, 888, 1,28, 83, 67, 20, 13,8, 0,34, 2,81, 13, 40, 97, 2,08, Off, Off, Off, Off, On, Off, On, Off, Off, Off, Off, Rich
330.203, 900, 1,29, 83, 55, 16, 13,8, 0,34, 2,81, 13, 40, 97, 2,11, Off, Off, Off, Off, On, Off, On, Off, Off, Off, Off, Rich
330.250, 900, 1,3, 83, 31, 16, 13,6, 0,34, 2,78, 13, 40, 97, 2,09, Off, Off, Off, Off, On, Off, On, Off, Off, Off, Off, Rich
330.312, 888, 1,29, 83, 16, 16, 13,7, 0,34, 2,82, 13, 39, 100, 2,09, Off, Off, Off, Off, On, Off, On, Off, Off, Off, Off, Lean
330.359, 900, 1,29, 83, 16, 16, 13,7, 0,34, 2,81, 13, 39, 100, 2,11, Off, Off, Off, Off, On, Off, On, Off, Off, Off, Off, Lean
330.421, 888, 1,28, 83, 6, 16, 13,8, 0,34, 2,78, 13, 38, 100, 2,06, Off, Off, Off, Off, On, Off, On, Off, Off, Off, Off, Lean
330.484, 888, 1,28, 83, 2, 16, 13,7, 0,34, 2,79, 13, 38, 100, 2,06, Off, Off, Off, Off, On, Off, On, Off, Off, Off, Off, Lean
330.531, 875, 1,28, 83, 0, 16, 13,8, 0,34, 2,76, 13, 38, 100, 2,01, Off, Off, Off, Off, On, Off, On, Off, Off, Off, Off, Lean
330.593, 875, 1,28, 83, 0, 16, 13,8, 0,34, 2,76, 13, 38, 100, 2,01, Off, Off, Off, Off, On, Off, On, Off, Off, Off, Off, Lean
330.640, 862, 1,28, 83, 0, 16, 13,8, 0,34, 2,75, 13, 38, 100, 1,98, Off, Off, Off, Off, On, Off, On, Off, Off, Off, Off, Lean
330.703, 838, 1,27, 83, 0, 16, 13,8, 0,34, 2,75, 13, 38, 100, 1,92, Off, Off, Off, Off, On, Off, On, Off, Off, Off, Off, Lean
330.750, 838, 1,28, 83, 0, 16, 13,8, 0,34, 2,76, 13, 38, 100, 1,93, Off, Off, Off, Off, On, Off, On, Off, Off, Off, Off, Lean
330.796, 862, 1,28, 83, 0, 16, 13,8, 0,34, 2,77, 13, 38, 100, 1,99, Off, Off, Off, Off, On, Off, On, Off, Off, Off, Off, Lean
330.859, 838, 1,29, 83, 0, 16, 13,8, 0,36, 2,76, 13, 38, 100, 1,93, Off, Off, Off, Off, On, Off, On, Off, Off, Off, Off, Lean
330.906, 825, 1,51, 83, 1, 12, 13,7, 0,5, 3,35, 18, 38, 100, 2,3, Off, Off, Off, Off, Off, Off, On, Off, Off, Off, Off, Lean
330.953, 825, 1,62, 83, 1, 12, 13,8, 0,52, 4,25, 15, 38, 100, 2,92, Off, Off, Off, Off, Off, Off, On, Off, Off, Off, Off, Lean
331.015, 838, 1,69, 83, 2, 12, 13,8, 0,54, 4,19, 14, 38, 100, 2,93, Off, Off, Off, Off, Off, Off, On, Off, Off, Off, Off, Lean
331.062, 875, 1,74, 83, 2, 12, 13,8, 0,56, 4,5, 15, 38, 100, 3,28, Off, Off, Off, Off, Off, Off, On, Off, Off, Off, Off, Lean
331.125, 938, 1,76, 83, 2, 12, 13,8, 0,58, 4,68, 19, 38, 100, 3,66, Off, Off, Off, Off, Off, Off, On, Off, Off, Off, Off, Lean
331.187, 1000, 1,81, 83, 2, 12, 13,6, 0,6, 4,84, 20, 38, 100, 4,03, Off, Off, Off, Off, Off, Off, On, Off, Off, Off, Off, Lean
331.234, 1062, 1,9, 83, 39, 12, 13,8, 0,7, 5,15, 20, 38, 100, 4,56, Off, Off, Off, Off, Off, Off, On, Off, Off, Off, Off, Lean
331.296, 1112, 2,12, 83, 73, 12, 13,7, 0,84, 6,06, 20, 38, 100, 5,62, Off, Off, Off, Off, Off, Off, On, Off, Off, Off, Off, Rich
331.343, 1225, 2,22, 83, 80, 12, 13,8, 0,84, 6,36, 19, 38, 100, 6,49, Off, Off, Off, Off, Off, Off, On, On, Off, Off, Off, Rich
331.390, 1350, 2,2, 83, 80, 12, 13,8, 0,84, 6,67, 19, 38, 100, 7,5, Off, Off, Off, Off, Off, Off, On, On, Off, Off, Off, Rich
331.437, 1412, 2,19, 83, 81, 12, 13,8, 0,84, 6,74, 21, 38, 100, 7,93, Off, Off, Off, Off, Off, Off, On, On, Off, Off, Off, Rich
331.484, 1562, 2,2, 83, 82, 12, 13,9, 0,84, 6,49, 22, 38, 100, 8,45, Off, Off, Off, Off, Off, Off, On, On, Off, Off, Off, Rich
331.531, 1625, 2,2, 83, 83, 12, 13,8, 0,84, 6,35, 23, 38, 100, 8,6, Off, Off, Off, Off, Off, Off, On, On, Off, Off, Off, Rich
331.593, 1688, 2,23, 83, 83, 12, 13,8, 0,84, 6,06, 24, 38, 100, 8,52, Off, Off, Off, Off, Off, Off, On, On, Off, Off, Off, Rich
331.640, 1738, 2,25, 83, 81, 10, 13,9, 0,84, 5,81, 25, 38, 100, 8,41, Off, Off, Off, Off, Off, Off, On, On, Off, Off, Off, Rich
331.687, 1750, 2,26, 83, 80, 10, 13,7, 0,84, 5,78, 25, 38, 100, 8,43, Off, Off, Off, Off, Off, Off, On, On, Off, Off, Off, Rich
331.750, 1750, 2,26, 83, 76, 10, 13,8, 0,84, 5,68, 26, 38, 100, 8,28, Off, Off, Off, Off, Off, Off, On, On, Off, Off, Off, Rich
331.796, 1738, 2,28, 83, 72, 10, 13,8, 0,84, 5,54, 26, 38, 100, 8,02, Off, Off, Off, Off, Off, Off, On, On, Off, Off, Off, Rich
331.859, 1738, 2,29, 83, 71, 10, 13,9, 0,84, 5,47, 25, 38, 100, 7,92, Off, Off, Off, Off, Off, Off, On, On, Off, Off, Off, Rich
331.906, 1725, 2,26, 83, 60, 10, 13,8, 0,84, 5,43, 25, 38, 100, 7,81, Off, Off, Off, Off, Off, Off, On, On, Off, Off, Off, Rich
331.968, 1725, 2,28, 83, 16, 10, 13,9, 0,84, 5,72, 25, 38, 98, 8,22, Off, Off, Off, Off, Off, Off, On, On, Off, Off, Off, Lean
332.015, 1725, 2,27, 83, 2, 10, 13,9, 0,84, 5,72, 25, 38, 98, 8,22, Off, Off, Off, Off, Off, Off, On, On, Off, Off, Off, Lean
332.078, 1725, 2,27, 83, 0, 10, 13,9, 0,84, 5,77, 25, 38, 98, 8,29, Off, Off, Off, Off, Off, Off, On, On, Off, Off, Off, Lean
332.125, 1725, 2,28, 83, 0, 10, 13,9, 0,84, 5,77, 25, 38, 98, 8,29, Off, Off, Off, Off, Off, Off, On, On, Off, Off, Off, Lean
332.187, 1738, 2,26, 83, 0, 10, 13,8, 0,84, 5,78, 25, 38, 98, 8,37, Off, Off, Off, Off, Off, Off, On, On, Off, Off, Off, Lean
332.234, 1725, 2,29, 83, 0, 10, 13,8, 0,84, 5,78, 25, 38, 98, 8,31, Off, Off, Off, Off, Off, Off, On, On, Off, Off, Off, Lean
332.281, 1738, 2,29, 83, 0, 10, 13,9, 0,84, 5,83, 25, 38, 98, 8,44, Off, Off, Off, Off, Off, Off, On, On, Off, Off, Off, Lean
332.343, 1738, 2,28, 83, 1, 12, 13,8, 0,84, 5,84, 25, 38, 98, 8,46, Off, Off, Off, Off, Off, Off, On, On, Off, Off, Off, Lean
332.390, 1738, 2,28, 83, 2, 12, 13,9, 0,84, 5,86, 25, 38, 98, 8,49, Off, Off, Off, Off, Off, Off, On, On, Off, Off, Off, Lean
332.453, 1725, 2,28, 83, 3, 12, 13,8, 0,84, 5,87, 25, 38, 98, 8,44, Off, Off, Off, Off, Off, Off, On, On, Off, Off, Off, Lean
332.500, 1738, 2,26, 83, 10, 12, 13,7, 0,84, 5,88, 26, 38, 98, 8,52, Off, Off, Off, Off, Off, Off, On, On, Off, Off, Off, Lean
332.562, 1738, 2,28, 83, 41, 12, 13,8, 0,84, 5,88, 26, 38, 98, 8,52, Off, Off, Off, Off, Off, Off, On, On, Off, Off, Off, Lean
332.625, 1738, 2,28, 83, 56, 12, 13,8, 0,84, 5,91, 26, 38, 98, 8,56, Off, Off, Off, Off, Off, Off, On, On, Off, Off, Off, Lean
332.671, 1738, 2,2, 83, 68, 12, 13,9, 0,76, 5,44, 26, 38, 99, 7,88, Off, Off, Off, Off, Off, Off, On, On, Off, Off, Off, Rich
332.734, 1725, 2,16, 83, 72, 12, 13,8, 0,76, 5,27, 26, 38, 99, 7,58, Off, Off, Off, Off, Off, Off, On, On, Off, Off, Off, Rich
332.781, 1688, 2,34, 83, 75, 12, 13,6, 0,9, 5,78, 25, 38, 99, 8,13, Off, Off, Off, Off, Off, Off, On, On, Off, Off, Off, Rich
332.843, 1688, 2,26, 83, 73, 12, 13,8, 0,74, 5,67, 25, 38, 99, 7,98, Off, Off, Off, Off, Off, Off, On, On, Off, Off, Off, Rich
332.890, 1700, 2,02, 83, 71, 12, 13,9, 0,66, 4,59, 26, 38, 99, 6,5, Off, Off, Off, Off, Off, Off, On, On, Off, Off, Off, Rich
332.937, 1675, 2, 83, 67, 12, 13,6, 0,7, 4,79, 27, 38, 99, 6,69, Off, Off, Off, Off, Off, Off, On, On, Off, Off, Off, Rich
333.000, 1625, 2,1, 83, 74, 12, 13,8, 0,74, 5,09, 25, 38, 99, 6,89, Off, Off, Off, Off, Off, Off, On, On, Off, Off, Off, Rich
333.046, 1588, 2,1, 83, 71, 14, 13,9, 0,74, 4,89, 26, 38, 99, 6,47, Off, Off, Off, Off, Off, Off, On, On, Off, Off, Off, Rich
333.109, 1588, 2,12, 83, 72, 14, 13,8, 0,74, 4,79, 26, 38, 99, 6,34, Off, Off, Off, Off, Off, Off, On, On, Off, Off, Off, Rich
333.156, 1575, 2,14, 83, 74, 14, 13,8, 0,76, 4,81, 26, 38, 99, 6,31, Off, Off, Off, Off, Off, Off, On, On, Off, Off, Off, Rich
333.218, 1562, 2,14, 83, 71, 14, 13,8, 0,76, 4,84, 26, 38, 99, 6,3, Off, Off, Off, Off, Off, Off, On, On, Off, Off, Off, Rich
333.296, 1538, 2,12, 83, 58, 14, 13,8, 0,76, 4,83, 26, 38, 99, 6,19, Off, Off, Off, Off, Off, Off, On, On, Off, Off, Off, Rich
333.343, 1562, 2,14, 83, 9, 14, 13,9, 0,76, 5,13, 26, 38, 100, 6,68, Off, Off, Off, Off, Off, Off, On, On, Off, Off, Off, Lean
333.390, 1575, 2,15, 83, 2, 14, 13,9, 0,76, 5,15, 25, 38, 100, 6,76, Off, Off, Off, Off, Off, Off, On, On, Off, Off, Off, Lean
333.437, 1562, 2,18, 83, 0, 14, 13,8, 0,84, 5,25, 25, 38, 100, 6,83, Off, Off, Off, Off, Off, Off, On, On, Off, Off, Off, Lean
333.500, 1588, 2,39, 83, 0, 14, 13,7, 0,96, 6,07, 20, 38, 100, 8,03, Off, Off, Off, Off, Off, Off, On, On, Off, Off, Off, Lean
333.546, 1625, 2,34, 83, 0, 14, 13,7, 0,88, 6,47, 19, 38, 100, 8,76, Off, Off, Off, Off, Off, Off, On, On, Off, Off, Off, Lean
333.609, 1688, 2,3, 83, 0, 14, 13,9, 0,88, 6,4, 20, 38, 100, 9, Off, Off, Off, Off, Off, Off, On, On, Off, Off, Off, Lean
333.656, 1750, 2,3, 83, 0, 14, 13,9, 0,88, 6,37, 21, 38, 100, 9,29, Off, Off, Off, Off, Off, Off, On, On, Off, Off, Off, Lean
333.718, 1788, 2,33, 83, 0, 14, 13,9, 0,88, 6,32, 26, 38, 100, 9,42, Off, Off, Off, Off, Off, Off, On, On, Off, Off, Off, Lean
333.765, 1800, 2,33, 83, 20, 16, 13,9, 0,88, 6,28, 26, 38, 100, 9,42, Off, Off, Off, Off, Off, Off, On, On, Off, Off, Off, Lean
333.828, 1788, 2,34, 83, 63, 16, 13,9, 0,88, 6,04, 26, 38, 101, 9, Off, Off, Off, Off, Off, Off, On, On, Off, Off, Off, Rich
333.875, 1800, 2,34, 83, 71, 16, 13,8, 0,88, 6, 26, 38, 101, 9, Off, Off, Off, Off, Off, Off, On, On, Off, Off, Off, Rich
333.937, 1812, 2,33, 83, 75, 16, 13,9, 0,88, 5,94, 26, 38, 101, 8,97, Off, Off, Off, Off, Off, Off, On, On, Off, Off, Off, Rich
334.000, 1800, 2,33, 83, 75, 16, 13,8, 0,88, 5,89, 26, 38, 101, 8,84, Off, Off, Off, Off, Off, Off, On, On, Off, Off, Off, Rich
334.046, 1788, 2,34, 83, 75, 16, 13,9, 0,88, 5,85, 26, 38, 101, 8,72, Off, Off, Off, Off, Off, Off, On, On, Off, Off, Off, Rich
334.093, 1800, 2,33, 83, 72, 16, 13,9, 0,88, 5,83, 26, 38, 101, 8,74, Off, Off, Off, Off, Off, Off, On, On, Off, Off, Off, Rich
334.140, 1800, 2,35, 83, 69, 16, 13,9, 0,88, 5,75, 26, 38, 101, 8,62, Off, Off, Off, Off, Off, Off, On, On, Off, Off, Off, Rich
334.203, 1788, 2,33, 83, 47, 16, 13,9, 0,88, 5,74, 26, 38, 101, 8,55, Off, Off, Off, Off, Off, Off, On, On, Off, Off, Off, Rich
334.250, 1788, 2,33, 83, 17, 16, 13,8, 0,88, 6,04, 26, 38, 102, 9, Off, Off, Off, Off, Off, Off, On, On, Off, Off, Off, Lean
334.296, 1800, 2,35, 83, 9, 16, 13,8, 0,88, 6,04, 26, 38, 102, 9,06, Off, Off, Off, Off, Off, Off, On, On, Off, Off, Off, Lean
334.359, 1812, 2,34, 83, 3, 16, 13,9, 0,88, 6,11, 26, 38, 102, 9,23, Off, Off, Off, Off, Off, Off, On, On, Off, Off, Off, Lean
334.406, 1800, 2,34, 83, 2, 16, 13,8, 0,88, 6,12, 26, 38, 102, 9,18, Off, Off, Off, Off, Off, Off, On, On, Off, Off, Off, Lean
334.453, 1812, 2,33, 83, 4, 18, 13,9, 0,88, 6,11, 26, 38, 102, 9,23, Off, Off, Off, Off, Off, Off, On, On, Off, Off, Off, Lean
334.515, 1812, 2,35, 83, 15, 18, 13,8, 0,88, 6,15, 26, 38, 102, 9,29, Off, Off, Off, Off, Off, Off, On, On, Off, Off, Off, Lean
334.562, 1838, 2,36, 83, 59, 18, 13,9, 0,88, 6,14, 26, 38, 103, 9,4, Off, Off, Off, Off, Off, Off, On, On, Off, Off, Off, Rich
334.625, 1838, 2,34, 83, 69, 18, 13,9, 0,88, 5,93, 26, 38, 103, 9,08, Off, Off, Off, Off, Off, Off, On, On, Off, Off, Off, Rich
334.687, 1812, 2,34, 83, 76, 18, 13,8, 0,88, 5,87, 26, 38, 103, 8,86, Off, Off, Off, Off, Off, Off, On, On, Off, Off, Off, Rich
334.734, 1812, 2,33, 83, 76, 18, 13,8, 0,88, 5,85, 26, 38, 103, 8,83, Off, Off, Off, Off, Off, Off, On, On, Off, Off, Off, Rich
334.796, 1812, 2,35, 83, 74, 18, 13,9, 0,88, 5,8, 26, 38, 103, 8,76, Off, Off, Off, Off, Off, Off, On, On, Off, Off, Off, Rich
334.843, 1812, 2,35, 83, 73, 18, 13,8, 0,88, 5,77, 26, 38, 103, 8,71, Off, Off, Off, Off, Off, Off, On, On, Off, Off, Off, Rich
334.890, 1812, 2,35, 83, 70, 18, 13,8, 0,88, 5,75, 27, 38, 103, 8,68, Off, Off, Off, Off, Off, Off, On, On, Off, Off, Off, Rich
334.953, 1838, 2,35, 83, 64, 18, 13,8, 0,88, 5,74, 26, 38, 103, 8,79, Off, Off, Off, Off, Off, Off, On, On, Off, Off, Off, Rich
335.000, 1812, 2,34, 83, 25, 18, 13,9, 0,88, 5,98, 26, 38, 103, 9,03, Off, Off, Off, Off, Off, Off, On, On, Off, Off, Off, Lean
335.062, 1812, 2,35, 83, 15, 18, 13,7, 0,88, 6,01, 26, 38, 103, 9,08, Off, Off, Off, Off, Off, Off, On, On, Off, Off, Off, Lean
335.109, 1838, 2,33, 83, 6, 18, 13,8, 0,88, 6, 27, 38, 103, 9,19, Off, Off, Off, Off, Off, Off, On, On, Off, Off, Off, Lean
335.171, 1850, 2,35, 83, 6, 18, 13,9, 0,88, 6,05, 26, 38, 103, 9,33, Off, Off, Off, Off, Off, Off, On, On, Off, Off, Off, Lean
335.218, 1838, 2,35, 83, 18, 18, 13,8, 0,88, 6,07, 27, 38, 103, 9,3, Off, Off, Off, Off, Off, Off, On, On, Off, Off, Off, Lean
335.265, 1850, 2,34, 83, 63, 18, 13,8, 0,88, 6,09, 27, 38, 103, 9,39, Off, Off, Off, Off, Off, Off, On, On, Off, Off, Off, Lean
335.328, 1850, 2,34, 83, 72, 18, 13,9, 0,88, 5,87, 27, 38, 104, 9,05, Off, Off, Off, Off, Off, Off, On, On, Off, Off, Off, Rich
335.390, 1850, 2,35, 83, 77, 18, 13,9, 0,88, 5,82, 27, 38, 104, 8,97, Off, Off, Off, Off, Off, Off, On, On, Off, Off, Off, Rich
335.437, 1850, 2,33, 83, 78, 18, 13,7, 0,88, 5,78, 27, 38, 104, 8,91, Off, Off, Off, Off, Off, Off, On, On, Off, Off, Off, Rich
335.500, 1850, 2,34, 83, 78, 18, 13,8, 0,88, 5,76, 27, 38, 104, 8,88, Off, Off, Off, Off, Off, Off, On, On, Off, Off, Off, Rich
335.562, 1850, 2,33, 83, 77, 18, 13,9, 0,86, 5,71, 27, 38, 104, 8,8, Off, Off, Off, Off, Off, Off, On, On, Off, Off, Off, Rich
335.609, 1850, 2,34, 83, 75, 18, 13,9, 0,86, 5,64, 27, 38, 104, 8,69, Off, Off, Off, Off, Off, Off, On, On, Off, Off, Off, Rich
335.671, 1850, 2,32, 83, 73, 18, 13,8, 0,86, 5,61, 27, 38, 104, 8,65, Off, Off, Off, Off, Off, Off, On, On, Off, Off, Off, Rich
335.734, 1862, 2,32, 83, 70, 18, 13,8, 0,86, 5,59, 27, 38, 104, 8,67, Off, Off, Off, Off, Off, Off, On, On, Off, Off, Off, Rich
335.781, 1850, 2,33, 83, 67, 18, 13,9, 0,86, 5,57, 27, 38, 104, 8,59, Off, Off, Off, Off, Off, Off, On, On, Off, Off, Off, Rich
335.828, 1850, 2,34, 83, 44, 18, 13,7, 0,86, 5,53, 27, 38, 104, 8,53, Off, Off, Off, Off, Off, Off, On, On, Off, Off, Off, Rich
335.875, 1850, 2,32, 83, 30, 22, 13,8, 0,86, 5,8, 26, 38, 103, 8,94, Off, Off, Off, Off, Off, Off, On, On, Off, Off, Off, Lean
335.937, 1850, 2,28, 83, 11, 22, 13,9, 0,82, 5,71, 28, 38, 103, 8,8, Off, Off, Off, Off, Off, Off, On, On, Off, Off, Off, Lean
335.984, 1850, 2,23, 83, 4, 22, 13,9, 0,8, 5,5, 28, 38, 103, 8,48, Off, Off, Off, Off, Off, Off, On, On, Off, Off, Off, Lean
336.031, 1838, 2,24, 83, 4, 22, 13,7, 0,8, 5,48, 27, 38, 103, 8,39, Off, Off, Off, Off, Off, Off, On, On, Off, Off, Off, Lean
336.109, 1838, 2,24, 83, 34, 22, 13,8, 0,8, 5,4, 27, 38, 103, 8,27, Off, Off, Off, Off, Off, Off, On, On, Off, Off, Off, Lean
336.156, 1800, 2,24, 83, 69, 22, 13,8, 0,8, 5,21, 27, 38, 103, 7,82, Off, Off, Off, Off, Off, Off, On, On, Off, Off, Off, Rich
336.203, 1812, 2,24, 83, 74, 22, 13,8, 0,8, 5,16, 27, 38, 103, 7,79, Off, Off, Off, Off, Off, Off, On, On, Off, Off, Off, Rich
336.265, 1800, 2,22, 83, 74, 22, 13,9, 0,8, 5,13, 27, 38, 103, 7,7, Off, Off, Off, Off, Off, Off, On, On, Off, Off, Off, Rich
336.312, 1788, 2,22, 83, 72, 22, 13,8, 0,8, 5,09, 27, 38, 103, 7,58, Off, Off, Off, Off, Off, Off, On, On, Off, Off, Off, Rich
336.359, 1788, 2,24, 83, 70, 22, 13,8, 0,8, 5,06, 27, 38, 103, 7,54, Off, Off, Off, Off, Off, Off, On, On, Off, Off, Off, Rich
336.421, 1762, 2,21, 83, 54, 22, 13,9, 0,78, 5,06, 27, 38, 103, 7,43, Off, Off, Off, Off, Off, Off, On, On, Off, Off, Off, Rich
336.468, 1788, 2,19, 83, 41, 22, 13,8, 0,78, 5,24, 28, 38, 104, 7,81, Off, Off, Off, Off, Off, Off, On, On, Off, Off, Off, Lean
336.515, 1788, 2,18, 83, 17, 22, 13,9, 0,76, 5,13, 28, 38, 104, 7,64, Off, Off, Off, Off, Off, Off, On, On, Off, Off, Off, Lean
336.562, 1788, 2,17, 83, 10, 22, 13,7, 0,76, 5,11, 28, 38, 104, 7,61, Off, Off, Off, Off, Off, Off, On, On, Off, Off, Off, Lean
336.609, 1762, 2,16, 83, 7, 22, 13,8, 0,76, 5,06, 28, 38, 104, 7,43, Off, Off, Off, Off, Off, Off, On, On, Off, Off, Off, Lean
336.671, 1762, 2,12, 83, 7, 22, 13,7, 0,74, 5, 28, 38, 104, 7,34, Off, Off, Off, Off, Off, Off, On, On, Off, Off, Off, Lean
336.718, 1762, 2,12, 83, 28, 22, 13,8, 0,74, 4,95, 28, 38, 104, 7,27, Off, Off, Off, Off, Off, Off, On, On, Off, Off, Off, Lean
336.796, 1750, 2,12, 83, 67, 22, 13,8, 0,74, 4,74, 28, 38, 105, 6,91, Off, Off, Off, Off, Off, Off, On, On, Off, Off, Off, Rich
336.843, 1738, 2,12, 83, 74, 22, 13,9, 0,72, 4,71, 28, 38, 105, 6,82, Off, Off, Off, Off, Off, Off, On, On, Off, Off, Off, Rich
336.890, 1725, 2,11, 83, 77, 22, 13,8, 0,72, 4,67, 28, 38, 105, 6,71, Off, Off, Off, Off, Off, Off, On, On, Off, Off, Off, Rich
336.953, 1725, 2,1, 83, 77, 22, 13,8, 0,7, 4,51, 28, 38, 105, 6,48, Off, Off, Off, Off, Off, Off, On, On, Off, Off, Off, Rich
337.000, 1725, 1,96, 83, 75, 22, 13,9, 0,62, 4,14, 29, 38, 105, 5,95, Off, Off, Off, Off, Off, Off, On, On, Off, Off, Off, Rich
337.062, 1675, 1,86, 83, 73, 22, 13,8, 0,56, 3,74, 31, 38, 105, 5,22, Off, Off, Off, Off, Off, Off, On, On, Off, Off, Off, Rich
337.109, 1650, 1,71, 83, 71, 22, 13,8, 0,44, 3,52, 31, 38, 105, 4,84, Off, Off, Off, Off, Off, Off, On, Off, Off, Off, Off, Rich
337.171, 1588, 1,48, 83, 55, 22, 13,8, 0,34, 2,95, 28, 47, 105, 3,9, Off, Off, Off, Off, On, Off, On, Off, Off, Off, Off, Rich
337.218, 1512, 1,44, 83, 8, 22, 13,7, 0,34, 2,84, 24, 47, 104, 3,58, Off, Off, Off, Off, On, Off, On, Off, Off, Off, Off, Lean
337.281, 1462, 1,43, 83, 2, 22, 13,8, 0,34, 2,8, 21, 47, 104, 3,41, Off, Off, Off, Off, On, Off, On, Off, Off, Off, Off, Lean
337.328, 1362, 1,4, 83, 0, 24, 13,8, 0,34, 2,54, 17, 47, 104, 2,88, Off, Off, Off, Off, On, Off, On, Off, Off, Off, Off, Lean
337.390, 1325, 1,38, 83, 0, 24, 13,8, 0,34, 2,5, 16, 46, 104, 2,76, Off, Off, Off, Off, On, Off, On, Off, Off, Off, Off, Lean
337.437, 1300, 1,44, 83, 3, 24, 13,8, 0,34, 2,44, 15, 46, 104, 2,64, Off, Off, Off, Off, On, Off, On, Off, Off, Off, Off, Lean
337.500, 1312, 1,44, 83, 40, 24, 13,8, 0,34, 2,39, 15, 46, 104, 2,61, Off, Off, Off, Off, On, Off, On, Off, Off, Off, Off, Lean
337.546, 1300, 1,44, 83, 69, 24, 13,8, 0,34, 2,4, 14, 46, 101, 2,6, Off, Off, Off, Off, On, Off, On, Off, Off, Off, Off, Rich
337.593, 1275, 1,37, 83, 77, 24, 13,8, 0,34, 2,34, 15, 45, 101, 2,49, Off, Off, Off, Off, On, Off, On, Off, Off, Off, Off, Rich
337.640, 1275, 1,38, 83, 80, 24, 13,8, 0,34, 2,33, 14, 45, 101, 2,48, Off, Off, Off, Off, On, Off, On, Off, Off, Off, Off, Rich
337.703, 1275, 1,36, 83, 79, 24, 13,9, 0,34, 2,33, 14, 45, 101, 2,48, Off, Off, Off, Off, On, Off, On, Off, Off, Off, Off, Rich
337.750, 1262, 1,38, 83, 74, 24, 13,8, 0,34, 2,33, 14, 45, 101, 2,45, Off, Off, Off, Off, On, Off, On, Off, Off, Off, Off, Rich
337.812, 1262, 1,4, 83, 67, 24, 13,8, 0,34, 2,32, 13, 45, 101, 2,44, Off, Off, Off, Off, On, Off, On, Off, Off, Off, Off, Rich
337.859, 1250, 1,42, 83, 32, 24, 13,8, 0,34, 2,33, 13, 44, 101, 2,43, Off, Off, Off, Off, On, Off, On, Off, Off, Off, Off, Lean
337.906, 1212, 1,41, 83, 10, 24, 13,8, 0,34, 2,37, 13, 44, 101, 2,39, Off, Off, Off, Off, On, Off, On, Off, Off, Off, Off, Lean
337.968, 1212, 1,4, 83, 2, 24, 13,7, 0,34, 2,36, 13, 44, 101, 2,38, Off, Off, Off, Off, On, Off, On, Off, Off, Off, Off, Lean
338.015, 1200, 1,38, 83, 0, 22, 13,8, 0,34, 2,36, 13, 44, 101, 2,36, Off, Off, Off, Off, On, Off, On, Off, Off, Off, Off, Lean
338.078, 1212, 1,39, 83, 0, 22, 13,8, 0,34, 2,39, 13, 44, 101, 2,41, Off, Off, Off, Off, On, Off, On, Off, Off, Off, Off, Lean
338.125, 1212, 1,36, 83, 0, 22, 13,8, 0,34, 2,38, 13, 43, 101, 2,4, Off, Off, Off, Off, On, Off, On, Off, Off, Off, Off, Lean
338.203, 1200, 1,36, 83, 0, 22, 13,8, 0,34, 2,37, 13, 43, 101, 2,37, Off, Off, Off, Off, On, Off, On, Off, Off, Off, Off, Lean
338.250, 1188, 1,36, 83, 0, 22, 13,8, 0,34, 2,37, 13, 42, 101, 2,35, Off, Off, Off, Off, On, Off, On, Off, Off, Off, Off, Lean
338.296, 1162, 1,35, 83, 0, 22, 13,8, 0,34, 2,38, 13, 42, 101, 2,3, Off, Off, Off, Off, On, Off, On, Off, Off, Off, Off, Lean
338.343, 1150, 1,34, 83, 0, 22, 13,8, 0,34, 2,38, 13, 42, 101, 2,28, Off, Off, Off, Off, On, Off, On, Off, Off, Off, Off, Lean
338.390, 1162, 1,35, 83, 2, 22, 13,8, 0,34, 2,38, 13, 42, 101, 2,3, Off, Off, Off, Off, On, Off, On, Off, Off, Off, Off, Lean
338.437, 1150, 1,34, 83, 2, 22, 13,8, 0,34, 2,39, 13, 42, 101, 2,29, Off, Off, Off, Off, On, Off, On, Off, Off, Off, Off, Lean
338.500, 1138, 1,34, 83, 4, 22, 13,8, 0,34, 2,38, 13, 42, 101, 2,26, Off, Off, Off, Off, On, Off, On, Off, Off, Off, Off, Lean
338.562, 1138, 1,34, 83, 23, 22, 13,8, 0,34, 2,4, 13, 42, 101, 2,28, Off, Off, Off, Off, On, Off, On, Off, Off, Off, Off, Lean
338.609, 1112, 1,34, 83, 47, 22, 13,8, 0,34, 2,4, 13, 42, 101, 2,22, Off, Off, Off, Off, On, Off, On, Off, Off, Off, Off, Lean
338.656, 1112, 1,34, 83, 60, 22, 13,8, 0,34, 2,39, 13, 41, 101, 2,21, Off, Off, Off, Off, On, Off, On, Off, Off, Off, Off, Lean
338.718, 1088, 1,33, 83, 60, 18, 13,8, 0,34, 2,37, 13, 41, 101, 2,15, Off, Off, Off, Off, On, Off, On, Off, Off, Off, Off, Rich
338.765, 1100, 1,34, 83, 74, 18, 13,8, 0,34, 2,38, 13, 41, 101, 2,18, Off, Off, Off, Off, On, Off, On, Off, Off, Off, Off, Rich
338.828, 1062, 1,34, 83, 77, 18, 13,8, 0,34, 2,37, 13, 41, 101, 2,1, Off, Off, Off, Off, On, Off, On, Off, Off, Off, Off, Rich
338.906, 1050, 1,34, 83, 78, 18, 13,8, 0,34, 2,39, 13, 41, 101, 2,09, Off, Off, Off, Off, On, Off, On, Off, Off, Off, Off, Rich
338.953, 1050, 1,33, 83, 79, 18, 13,8, 0,34, 2,38, 13, 40, 101, 2,08, Off, Off, Off, Off, On, Off, On, Off, Off, Off, Off, Rich
339.000, 1050, 1,32, 83, 76, 18, 13,8, 0,34, 2,39, 13, 40, 101, 2,09, Off, Off, Off, Off, On, Off, On, Off, Off, Off, Off, Rich
339.062, 1038, 1,32, 83, 76, 18, 13,8, 0,34, 2,4, 13, 40, 101, 2,08, Off, Off, Off, Off, On, Off, On, Off, Off, Off, Off, Rich
339.125, 1038, 1,32, 83, 70, 18, 13,8, 0,36, 2,42, 13, 40, 101, 2,09, Off, Off, Off, Off, On, Off, On, Off, Off, Off, Off, Rich
339.171, 1025, 1,35, 83, 52, 18, 13,8, 0,38, 2,42, 13, 40, 101, 2,07, Off, Off, Off, Off, On, Off, On, Off, Off, Off, Off, Rich
339.218, 1025, 1,4, 83, 24, 18, 13,8, 0,38, 2,46, 13, 39, 101, 2,1, Off, Off, Off, Off, On, Off, On, Off, Off, Off, Off, Rich
339.265, 1000, 1,4, 83, 24, 18, 13,8, 0,4, 2,57, 17, 38, 101, 2,14, Off, Off, Off, Off, Off, Off, On, Off, Off, Off, Off, Lean
339.328, 1025, 1,41, 83, 9, 18, 13,8, 0,4, 2,64, 26, 38, 101, 2,26, Off, Off, Off, Off, Off, Off, On, Off, Off, Off, Off, Lean
339.375, 1025, 1,42, 83, 3, 18, 13,8, 0,4, 2,71, 27, 38, 101, 2,31, Off, Off, Off, Off, Off, Off, On, Off, Off, Off, Off, Lean
339.421, 1025, 1,46, 83, 0, 18, 13,8, 0,44, 2,81, 29, 38, 101, 2,4, Off, Off, Off, Off, Off, Off, On, Off, Off, Off, Off, Lean
339.484, 1025, 1,6, 83, 0, 18, 13,8, 0,52, 3,43, 27, 38, 101, 2,93, Off, Off, Off, Off, Off, Off, On, Off, Off, Off, Off, Lean
339.531, 1038, 1,68, 83, 0, 18, 13,8, 0,54, 3,81, 25, 38, 101, 3,3, Off, Off, Off, Off, Off, Off, On, Off, Off, Off, Off, Lean
339.593, 1050, 1,72, 83, 0, 18, 13,8, 0,54, 3,97, 25, 38, 101, 3,47, Off, Off, Off, Off, Off, Off, On, Off, Off, Off, Off, Lean
339.656, 1100, 1,73, 83, 0, 18, 13,8, 0,54, 4,03, 25, 38, 101, 3,69, Off, Off, Off, Off, Off, Off, On, Off, Off, Off, Off, Lean
339.703, 1138, 1,76, 83, 0, 18, 13,7, 0,56, 4,19, 26, 38, 101, 3,97, Off, Off, Off, Off, Off, Off, On, Off, Off, Off, Off, Lean
339.765, 1162, 1,76, 83, 8, 18, 13,8, 0,56, 4,25, 26, 38, 101, 4,12, Off, Off, Off, Off, Off, Off, On, Off, Off, Off, Off, Lean
339.812, 1200, 1,78, 83, 59, 18, 13,8, 0,58, 4,25, 27, 38, 102, 4,25, Off, Off, Off, Off, Off, Off, On, Off, Off, Off, Off, Rich
339.859, 1212, 1,82, 83, 75, 18, 13,8, 0,6, 4,45, 26, 38, 102, 4,49, Off, Off, Off, Off, Off, Off, On, Off, Off, Off, Off, Rich
339.921, 1250, 1,84, 83, 80, 18, 13,8, 0,6, 4,48, 26, 38, 102, 4,67, Off, Off, Off, Off, Off, Off, On, Off, Off, Off, Off, Rich
339.968, 1300, 1,87, 83, 82, 18, 13,8, 0,6, 4,52, 27, 38, 102, 4,9, Off, Off, Off, Off, Off, Off, On, Off, Off, Off, Off, Rich
340.015, 1312, 1,87, 83, 82, 18, 13,7, 0,62, 4,53, 27, 38, 102, 4,95, Off, Off, Off, Off, Off, Off, On, Off, Off, Off, Off, Rich
340.078, 1325, 1,88, 83, 81, 18, 13,8, 0,62, 4,52, 27, 38, 102, 4,99, Off, Off, Off, Off, Off, Off, On, Off, Off, Off, Off, Rich
340.125, 1375, 1,9, 83, 80, 16, 13,8, 0,62, 4,52, 27, 38, 102, 5,18, Off, Off, Off, Off, Off, Off, On, Off, Off, Off, Off, Rich
340.187, 1375, 1,9, 83, 79, 16, 13,8, 0,62, 4,51, 27, 38, 102, 5,17, Off, Off, Off, Off, Off, Off, On, Off, Off, Off, Off, Rich
340.234, 1412, 1,91, 83, 77, 16, 13,9, 0,62, 4,49, 27, 38, 102, 5,28, Off, Off, Off, Off, Off, Off, On, Off, Off, Off, Off, Rich
340.296, 1388, 1,91, 83, 76, 16, 13,9, 0,62, 4,48, 27, 38, 102, 5,18, Off, Off, Off, Off, Off, Off, On, Off, Off, Off, Off, Rich
340.343, 1388, 1,92, 83, 76, 16, 13,8, 0,62, 4,45, 27, 38, 102, 5,15, Off, Off, Off, Off, Off, Off, On, Off, Off, Off, Off, Rich
340.390, 1425, 1,92, 83, 75, 16, 13,8, 0,62, 4,44, 27, 38, 102, 5,27, Off, Off, Off, Off, Off, Off, On, Off, Off, Off, Off, Rich
340.437, 1412, 1,92, 83, 75, 16, 13,8, 0,62, 4,41, 27, 38, 102, 5,19, Off, Off, Off, Off, Off, Off, On, Off, Off, Off, Off, Rich
340.500, 1412, 1,92, 83, 74, 16, 13,8, 0,64, 4,38, 27, 38, 102, 5,15, Off, Off, Off, Off, Off, Off, On, Off, Off, Off, Off, Rich
340.546, 1425, 1,93, 83, 72, 16, 13,9, 0,62, 4,37, 27, 38, 102, 5,19, Off, Off, Off, Off, Off, Off, On, Off, Off, Off, Off, Rich
340.609, 1412, 1,92, 83, 71, 16, 13,8, 0,64, 4,34, 27, 38, 102, 5,11, Off, Off, Off, Off, Off, Off, On, Off, Off, Off, Off, Rich
340.656, 1438, 1,92, 83, 57, 16, 13,9, 0,64, 4,32, 27, 38, 102, 5,18, Off, Off, Off, Off, Off, Off, On, Off, Off, Off, Off, Rich
340.703, 1425, 1,91, 83, 40, 16, 13,9, 0,64, 4,3, 27, 38, 102, 5,11, Off, Off, Off, Off, Off, Off, On, Off, Off, Off, Off, Rich
340.765, 1425, 1,92, 83, 22, 16, 13,8, 0,64, 4,5, 27, 38, 100, 5,34, Off, Off, Off, Off, Off, Off, On, Off, Off, Off, Off, Lean
340.812, 1425, 1,9, 83, 11, 14, 13,8, 0,64, 4,52, 27, 38, 100, 5,37, Off, Off, Off, Off, Off, Off, On, Off, Off, Off, Off, Lean
340.859, 1425, 1,9, 83, 5, 14, 13,8, 0,64, 4,52, 27, 38, 100, 5,37, Off, Off, Off, Off, Off, Off, On, Off, Off, Off, Off, Lean
340.906, 1425, 1,9, 83, 3, 14, 13,7, 0,64, 4,51, 28, 38, 100, 5,36, Off, Off, Off, Off, Off, Off, On, Off, Off, Off, Off, Lean
340.953, 1438, 1,94, 83, 3, 14, 13,8, 0,64, 4,49, 28, 38, 100, 5,38, Off, Off, Off, Off, Off, Off, On, Off, Off, Off, Off, Lean
341.015, 1438, 1,94, 83, 3, 14, 13,9, 0,64, 4,49, 28, 38, 100, 5,38, Off, Off, Off, Off, Off, Off, On, Off, Off, Off, Off, Lean
341.078, 1438, 1,92, 83, 4, 14, 13,8, 0,64, 4,51, 28, 38, 100, 5,4, Off, Off, Off, Off, Off, Off, On, Off, Off, Off, Off, Lean
341.125, 1462, 1,92, 83, 7, 14, 13,8, 0,64, 4,53, 28, 38, 100, 5,52, Off, Off, Off, Off, Off, Off, On, Off, Off, Off, Off, Lean
341.171, 1462, 1,92, 83, 22, 14, 13,8, 0,64, 4,52, 28, 38, 100, 5,51, Off, Off, Off, Off, Off, Off, On, Off, Off, Off, Off, Lean
341.218, 1438, 1,94, 83, 51, 14, 13,8, 0,64, 4,53, 28, 38, 100, 5,43, Off, Off, Off, Off, Off, Off, On, Off, Off, Off, Off, Lean
341.281, 1438, 1,91, 83, 66, 14, 13,8, 0,64, 4,39, 28, 38, 100, 5,26, Off, Off, Off, Off, Off, Off, On, Off, Off, Off, Off, Rich
341.328, 1438, 1,92, 83, 76, 14, 13,9, 0,64, 4,36, 28, 38, 100, 5,22, Off, Off, Off, Off, Off, Off, On, Off, Off, Off, Off, Rich
341.375, 1425, 1,93, 83, 76, 14, 13,8, 0,64, 4,35, 28, 38, 100, 5,17, Off, Off, Off, Off, Off, Off, On, Off, Off, Off, Off, Rich
341.437, 1438, 1,94, 83, 76, 14, 13,8, 0,64, 4,34, 28, 38, 100, 5,2, Off, Off, Off, Off, Off, Off, On, Off, Off, Off, Off, Rich
341.484, 1462, 1,91, 83, 75, 14, 13,8, 0,64, 4,33, 28, 38, 100, 5,28, Off, Off, Off, Off, Off, Off, On, Off, Off, Off, Off, Rich
341.531, 1438, 1,92, 83, 73, 16, 13,8, 0,64, 4,32, 28, 38, 100, 5,18, Off, Off, Off, Off, Off, Off, On, Off, Off, Off, Off, Rich
341.593, 1438, 1,93, 83, 71, 16, 13,8, 0,64, 4,3, 28, 38, 100, 5,15, Off, Off, Off, Off, Off, Off, On, Off, Off, Off, Off, Rich
341.640, 1438, 1,91, 83, 63, 16, 13,9, 0,64, 4,29, 28, 38, 100, 5,14, Off, Off, Off, Off, Off, Off, On, Off, Off, Off, Off, Rich
341.718, 1425, 1,93, 83, 53, 16, 13,8, 0,64, 4,26, 28, 38, 100, 5,06, Off, Off, Off, Off, Off, Off, On, Off, Off, Off, Off, Rich
341.765, 1438, 1,92, 83, 36, 16, 13,8, 0,64, 4,47, 28, 38, 100, 5,36, Off, Off, Off, Off, Off, Off, On, Off, Off, Off, Off, Lean
341.812, 1438, 1,92, 83, 19, 16, 13,9, 0,64, 4,49, 28, 38, 100, 5,38, Off, Off, Off, Off, Off, Off, On, Off, Off, Off, Off, Lean
341.859, 1438, 1,92, 83, 9, 16, 13,9, 0,64, 4,48, 28, 38, 100, 5,37, Off, Off, Off, Off, Off, Off, On, Off, Off, Off, Off, Lean
341.906, 1438, 1,91, 83, 4, 16, 13,7, 0,64, 4,5, 28, 38, 100, 5,39, Off, Off, Off, Off, Off, Off, On, Off, Off, Off, Off, Lean
341.953, 1462, 1,94, 83, 3, 16, 13,9, 0,62, 4,48, 28, 38, 100, 5,46, Off, Off, Off, Off, Off, Off, On, Off, Off, Off, Off, Lean
342.015, 1462, 1,94, 83, 3, 16, 13,9, 0,62, 4,48, 28, 38, 100, 5,46, Off, Off, Off, Off, Off, Off, On, Off, Off, Off, Off, Lean
342.062, 1462, 1,91, 83, 20, 16, 13,8, 0,62, 4,49, 28, 38, 100, 5,47, Off, Off, Off, Off, Off, Off, On, Off, Off, Off, Off, Lean
342.125, 1462, 1,91, 83, 52, 16, 13,8, 0,62, 4,49, 28, 38, 100, 5,47, Off, Off, Off, Off, Off, Off, On, Off, Off, Off, Off, Lean
342.171, 1438, 1,9, 83, 67, 16, 13,7, 0,62, 4,35, 28, 38, 101, 5,21, Off, Off, Off, Off, Off, Off, On, Off, Off, Off, Off, Rich
342.218, 1462, 1,9, 83, 73, 18, 13,8, 0,62, 4,33, 28, 38, 101, 5,28, Off, Off, Off, Off, Off, Off, On, Off, Off, Off, Off, Rich
342.281, 1438, 1,9, 83, 76, 18, 13,8, 0,62, 4,32, 28, 38, 101, 5,18, Off, Off, Off, Off, Off, Off, On, Off, Off, Off, Off, Rich
342.328, 1462, 1,92, 83, 77, 18, 13,8, 0,62, 4,3, 28, 38, 101, 5,24, Off, Off, Off, Off, Off, Off, On, Off, Off, Off, Off, Rich
342.406, 1462, 1,9, 83, 76, 18, 13,8, 0,62, 4,3, 28, 38, 101, 5,24, Off, Off, Off, Off, Off, Off, On, Off, Off, Off, Off, Rich
342.453, 1462, 1,94, 83, 74, 18, 13,9, 0,62, 4,27, 28, 38, 101, 5,2, Off, Off, Off, Off, Off, Off, On, Off, Off, Off, Off, Rich
342.500, 1462, 1,94, 83, 73, 18, 13,9, 0,62, 4,26, 28, 38, 101, 5,19, Off, Off, Off, Off, Off, Off, On, Off, Off, Off, Off, Rich
342.562, 1438, 1,92, 83, 71, 18, 13,8, 0,62, 4,26, 28, 38, 101, 5,1, Off, Off, Off, Off, Off, Off, On, Off, Off, Off, Off, Rich
342.625, 1462, 1,92, 83, 61, 18, 13,8, 0,62, 4,22, 28, 38, 101, 5,14, Off, Off, Off, Off, Off, Off, On, Off, Off, Off, Off, Rich
342.671, 1438, 1,89, 83, 45, 18, 13,8, 0,62, 4,2, 28, 38, 101, 5,03, Off, Off, Off, Off, Off, Off, On, Off, Off, Off, Off, Rich
342.718, 1462, 1,89, 83, 27, 18, 13,8, 0,62, 4,4, 28, 38, 101, 5,36, Off, Off, Off, Off, Off, Off, On, Off, Off, Off, Off, Lean
342.781, 1462, 1,9, 83, 9, 18, 13,9, 0,62, 4,39, 28, 38, 101, 5,35, Off, Off, Off, Off, Off, Off, On, Off, Off, Off, Off, Lean
342.828, 1462, 1,92, 83, 5, 18, 13,9, 0,62, 4,42, 28, 38, 101, 5,39, Off, Off, Off, Off, Off, Off, On, Off, Off, Off, Off, Lean
342.890, 1438, 1,9, 83, 3, 18, 13,8, 0,6, 4,41, 28, 38, 101, 5,28, Off, Off, Off, Off, Off, Off, On, Off, Off, Off, Off, Lean
342.937, 1438, 1,86, 83, 3, 16, 13,9, 0,58, 4,29, 29, 38, 101, 5,14, Off, Off, Off, Off, Off, Off, On, Off, Off, Off, Off, Lean
342.984, 1462, 1,86, 83, 6, 16, 13,9, 0,58, 4,22, 29, 38, 101, 5,14, Off, Off, Off, Off, Off, Off, On, Off, Off, Off, Off, Lean
343.031, 1438, 1,84, 83, 37, 16, 13,8, 0,58, 4,21, 29, 38, 101, 5,04, Off, Off, Off, Off, Off, Off, On, Off, Off, Off, Off, Lean
343.093, 1438, 1,81, 83, 73, 16, 13,9, 0,58, 4,02, 30, 38, 102, 4,82, Off, Off, Off, Off, Off, Off, On, Off, Off, Off, Off, Rich
343.140, 1425, 1,78, 83, 77, 16, 13,9, 0,56, 3,87, 30, 38, 102, 4,6, Off, Off, Off, Off, Off, Off, On, Off, Off, Off, Off, Rich
343.187, 1412, 1,76, 83, 79, 16, 13,8, 0,56, 3,9, 30, 38, 102, 4,59, Off, Off, Off, Off, Off, Off, On, Off, Off, Off, Off, Rich
343.250, 1388, 1,78, 83, 79, 16, 13,8, 0,56, 3,83, 30, 38, 102, 4,43, Off, Off, Off, Off, Off, Off, On, Off, Off, Off, Off, Rich
343.296, 1388, 1,76, 83, 79, 16, 13,8, 0,56, 3,78, 30, 38, 102, 4,37, Off, Off, Off, Off, Off, Off, On, Off, Off, Off, Off, Rich
343.343, 1375, 1,76, 83, 78, 16, 13,8, 0,56, 3,73, 30, 38, 102, 4,27, Off, Off, Off, Off, Off, Off, On, Off, Off, Off, Off, Rich
343.390, 1375, 1,72, 83, 76, 16, 13,8, 0,52, 3,66, 30, 38, 102, 4,19, Off, Off, Off, Off, Off, Off, On, Off, Off, Off, Off, Rich
343.437, 1362, 1,7, 83, 74, 16, 13,9, 0,52, 3,6, 30, 38, 102, 4,09, Off, Off, Off, Off, Off, Off, On, Off, Off, Off, Off, Rich
343.500, 1362, 1,7, 83, 73, 16, 13,8, 0,52, 3,55, 30, 38, 102, 4,03, Off, Off, Off, Off, Off, Off, On, Off, Off, Off, Off, Rich
343.546, 1362, 1,62, 83, 71, 16, 13,8, 0,48, 3,37, 31, 38, 102, 3,82, Off, Off, Off, Off, Off, Off, On, Off, Off, Off, Off, Rich
343.609, 1312, 1,6, 83, 71, 16, 13,8, 0,48, 3,33, 31, 38, 102, 3,64, Off, Off, Off, Off, Off, Off, On, Off, Off, Off, Off, Rich
343.656, 1300, 1,58, 83, 58, 18, 13,8, 0,46, 3,27, 31, 38, 102, 3,54, Off, Off, Off, Off, Off, Off, On, Off, Off, Off, Off, Rich
343.703, 1300, 1,54, 83, 39, 18, 13,9, 0,44, 3,17, 32, 38, 102, 3,43, Off, Off, Off, Off, Off, Off, On, Off, Off, Off, Off, Rich
343.781, 1262, 1,55, 83, 21, 18, 13,8, 0,44, 3,16, 32, 38, 102, 3,32, Off, Off, Off, Off, Off, Off, On, Off, Off, Off, Off, Lean
343.828, 1225, 1,52, 83, 11, 18, 13,8, 0,44, 3,11, 33, 38, 102, 3,17, Off, Off, Off, Off, Off, Off, On, Off, Off, Off, Off, Lean
343.890, 1225, 1,53, 83, 6, 18, 13,8, 0,44, 3,06, 33, 38, 102, 3,12, Off, Off, Off, Off, Off, Off, On, Off, Off, Off, Off, Lean
343.937, 1200, 1,43, 83, 4, 18, 13,8, 0,36, 3, 33, 47, 102, 3, Off, Off, Off, Off, On, Off, On, Off, Off, Off, Off, Lean
343.984, 1188, 1,38, 83, 2, 18, 13,8, 0,34, 2,84, 31, 47, 102, 2,81, Off, Off, Off, Off, On, Off, On, Off, Off, Off, Off, Lean
344.046, 1162, 1,4, 83, 3, 18, 13,8, 0,34, 2,8, 28, 47, 102, 2,71, Off, Off, Off, Off, On, Off, On, Off, Off, Off, Off, Lean
344.093, 1150, 1,4, 83, 3, 18, 13,8, 0,34, 2,73, 24, 47, 102, 2,62, Off, Off, Off, Off, On, Off, On, Off, Off, Off, Off, Lean
344.140, 1112, 1,4, 83, 6, 18, 13,7, 0,34, 2,74, 22, 47, 102, 2,54, Off, Off, Off, Off, On, Off, On, Off, Off, Off, Off, Lean
344.187, 1112, 1,4, 83, 39, 18, 13,8, 0,34, 2,72, 19, 46, 102, 2,52, Off, Off, Off, Off, On, Off, On, Off, Off, Off, Off, Lean
344.234, 1112, 1,38, 83, 67, 18, 13,8, 0,34, 2,68, 15, 46, 99, 2,48, Off, Off, Off, Off, On, Off, On, Off, Off, Off, Off, Rich
344.281, 1100, 1,4, 83, 75, 18, 13,8, 0,34, 2,64, 13, 46, 99, 2,42, Off, Off, Off, Off, On, Off, On, Off, Off, Off, Off, Rich
344.343, 1100, 1,4, 83, 78, 18, 13,8, 0,34, 2,64, 13, 46, 99, 2,42, Off, Off, Off, Off, On, Off, On, Off, Off, Off, Off, Rich
344.390, 1062, 1,38, 83, 80, 18, 13,8, 0,34, 2,64, 13, 45, 99, 2,34, Off, Off, Off, Off, On, Off, On, Off, Off, Off, Off, Rich
344.437, 1050, 1,4, 83, 80, 18, 13,8, 0,34, 2,66, 13, 45, 99, 2,33, Off, Off, Off, Off, On, Off, On, Off, Off, Off, Off, Rich
344.500, 1062, 1,39, 83, 80, 18, 13,8, 0,34, 2,63, 13, 45, 99, 2,33, Off, Off, Off, Off, On, Off, On, Off, Off, Off, Off, Rich
344.546, 1050, 1,37, 83, 80, 18, 13,8, 0,34, 2,66, 13, 45, 99, 2,33, Off, Off, Off, Off, On, Off, On, Off, Off, Off, Off, Rich
344.593, 1050, 1,36, 83, 79, 18, 13,8, 0,34, 2,64, 13, 45, 99, 2,31, Off, Off, Off, Off, On, Off, On, Off, Off, Off, Off, Rich
344.640, 1038, 1,36, 83, 77, 18, 13,8, 0,34, 2,65, 13, 44, 99, 2,29, Off, Off, Off, Off, On, Off, On, Off, Off, Off, Off, Rich
344.703, 1050, 1,36, 83, 75, 18, 13,8, 0,34, 2,63, 13, 44, 99, 2,3, Off, Off, Off, Off, On, Off, On, Off, Off, Off, Off, Rich
344.750, 1038, 1,36, 83, 73, 18, 13,8, 0,34, 2,62, 13, 44, 99, 2,27, Off, Off, Off, Off, On, Off, On, Off, Off, Off, Off, Rich
344.812, 1038, 1,36, 83, 68, 18, 13,8, 0,34, 2,63, 13, 44, 99, 2,27, Off, Off, Off, Off, On, Off, On, Off, Off, Off, Off, Rich
344.859, 1038, 1,35, 83, 47, 18, 13,8, 0,34, 2,62, 13, 44, 99, 2,27, Off, Off, Off, Off, On, Off, On, Off, Off, Off, Off, Rich
344.906, 1025, 1,35, 83, 24, 18, 13,8, 0,34, 2,61, 13, 43, 98, 2,23, Off, Off, Off, Off, On, Off, On, Off, Off, Off, Off, Lean
344.968, 1025, 1,36, 83, 10, 18, 13,8, 0,34, 2,67, 13, 43, 98, 2,28, Off, Off, Off, Off, On, Off, On, Off, Off, Off, Off, Lean
345.015, 1025, 1,34, 83, 5, 18, 13,8, 0,34, 2,65, 13, 43, 98, 2,26, Off, Off, Off, Off, On, Off, On, Off, Off, Off, Off, Lean
345.062, 1025, 1,34, 83, 2, 16, 13,8, 0,34, 2,65, 13, 42, 98, 2,26, Off, Off, Off, Off, On, Off, On, Off, Off, Off, Off, Lean
345.125, 1000, 1,34, 83, 2, 16, 13,6, 0,34, 2,67, 13, 42, 98, 2,23, Off, Off, Off, Off, On, Off, On, Off, Off, Off, Off, Lean
345.187, 1000, 1,34, 83, 0, 16, 13,7, 0,34, 2,66, 13, 42, 98, 2,22, Off, Off, Off, Off, On, Off, On, Off, Off, Off, Off, Lean
345.250, 1000, 1,34, 83, 0, 16, 13,8, 0,34, 2,66, 13, 42, 98, 2,22, Off, Off, Off, Off, On, Off, On, Off, Off, Off, Off, Lean
345.296, 975, 1,32, 83, 0, 16, 13,8, 0,34, 2,66, 13, 42, 98, 2,16, Off, Off, Off, Off, On, Off, On, Off, Off, Off, Off, Lean
345.343, 950, 1,33, 83, 0, 16, 13,8, 0,34, 2,67, 13, 42, 98, 2,11, Off, Off, Off, Off, On, Off, On, Off, Off, Off, Off, Lean
345.406, 950, 1,32, 83, 1, 16, 13,7, 0,34, 2,66, 13, 42, 98, 2,11, Off, Off, Off, Off, On, Off, On, Off, Off, Off, Off, Lean
345.453, 975, 1,32, 83, 0, 16, 13,8, 0,34, 2,68, 13, 42, 98, 2,18, Off, Off, Off, Off, On, Off, On, Off, Off, Off, Off, Lean
345.500, 975, 1,32, 83, 1, 16, 13,8, 0,34, 2,68, 13, 41, 98, 2,18, Off, Off, Off, Off, On, Off, On, Off, Off, Off, Off, Lean
345.562, 975, 1,32, 83, 1, 16, 13,8, 0,34, 2,68, 13, 41, 98, 2,18, Off, Off, Off, Off, On, Off, On, Off, Off, Off, Off, Lean
345.609, 938, 1,32, 83, 2, 16, 13,8, 0,34, 2,69, 13, 41, 98, 2,1, Off, Off, Off, Off, On, Off, On, Off, Off, Off, Off, Lean
345.656, 938, 1,31, 83, 2, 16, 13,8, 0,34, 2,68, 13, 41, 98, 2,09, Off, Off, Off, Off, On, Off, On, Off, Off, Off, Off, Lean
345.718, 938, 1,31, 83, 2, 16, 13,8, 0,34, 2,68, 13, 41, 98, 2,09, Off, Off, Off, Off, On, Off, On, Off, Off, Off, Off, Lean
345.765, 938, 1,3, 83, 2, 16, 13,5, 0,34, 2,68, 13, 40, 98, 2,09, Off, Off, Off, Off, On, Off, On, Off, Off, Off, Off, Lean
345.812, 925, 1,3, 83, 0, 16, 13,7, 0,34, 2,69, 13, 40, 98, 2,07, Off, Off, Off, Off, On, Off, On, Off, Off, Off, Off, Lean
345.890, 938, 1,3, 83, 0, 16, 13,8, 0,34, 2,7, 13, 40, 98, 2,11, Off, Off, Off, Off, On, Off, On, Off, Off, Off, Off, Lean
345.937, 925, 1,3, 83, 0, 16, 13,8, 0,34, 2,7, 13, 40, 98, 2,08, Off, Off, Off, Off, On, Off, On, Off, Off, Off, Off, Lean
346.000, 900, 1,3, 83, 0, 16, 13,8, 0,34, 2,69, 13, 40, 98, 2,02, Off, Off, Off, Off, On, Off, On, Off, Off, Off, Off, Lean
346.046, 900, 1,29, 83, 0, 16, 13,8, 0,34, 2,72, 13, 39, 98, 2,04, Off, Off, Off, Off, On, Off, On, Off, Off, Off, Off, Lean
346.093, 900, 1,28, 83, 0, 16, 13,7, 0,34, 2,7, 13, 39, 98, 2,03, Off, Off, Off, Off, On, Off, On, Off, Off, Off, Off, Lean
346.156, 888, 1,29, 83, 0, 16, 13,8, 0,34, 2,71, 13, 39, 98, 2,01, Off, Off, Off, Off, On, Off, On, Off, Off, Off, Off, Lean
346.203, 888, 1,28, 83, 0, 16, 13,8, 0,34, 2,72, 13, 38, 98, 2,01, Off, Off, Off, Off, On, Off, On, Off, Off, Off, Off, Lean
346.250, 888, 1,28, 83, 0, 16, 13,9, 0,34, 2,71, 13, 38, 98, 2,01, Off, Off, Off, Off, On, Off, On, Off, Off, Off, Off, Lean
346.296, 875, 1,28, 83, 0, 16, 13,8, 0,36, 2,71, 13, 38, 98, 1,98, Off, Off, Off, Off, On, Off, On, Off, Off, Off, Off, Lean
346.343, 888, 1,34, 83, 0, 16, 13,8, 0,38, 2,72, 13, 38, 98, 2,01, Off, Off, Off, Off, On, Off, On, Off, Off, Off, Off, Lean
346.390, 875, 1,38, 83, 1, 16, 13,9, 0,38, 2,79, 13, 38, 98, 2,03, Off, Off, Off, Off, On, Off, On, Off, Off, Off, Off, Lean
346.437, 888, 1,42, 83, 1, 16, 13,9, 0,46, 2,92, 17, 38, 98, 2,16, Off, Off, Off, Off, Off, Off, On, Off, Off, Off, Off, Lean
346.500, 900, 1,72, 83, 0, 14, 13,8, 0,64, 4,27, 12, 38, 98, 3,2, Off, Off, Off, Off, Off, Off, On, Off, Off, Off, Off, Lean
346.546, 925, 1,91, 83, 1, 14, 13,8, 0,64, 5,03, 13, 38, 98, 3,88, Off, Off, Off, Off, Off, Off, On, Off, Off, Off, Off, Lean
346.609, 975, 1,93, 83, 0, 14, 13,8, 0,64, 5,38, 13, 38, 98, 4,37, Off, Off, Off, Off, Off, Off, On, Off, Off, Off, Off, Lean
346.671, 1062, 1,93, 83, 2, 14, 13,8, 0,64, 5,66, 16, 38, 98, 5,01, Off, Off, Off, Off, Off, Off, On, Off, Off, Off, Off, Lean
346.718, 1150, 1,82, 83, 50, 14, 13,8, 0,56, 5,57, 22, 38, 98, 5,34, Off, Off, Off, Off, Off, Off, On, Off, Off, Off, Off, Lean
346.781, 1225, 1,78, 83, 75, 14, 13,9, 0,58, 5,25, 24, 38, 99, 5,36, Off, Off, Off, Off, Off, Off, On, Off, Off, Off, Off, Rich
346.828, 1300, 1,86, 83, 82, 14, 13,9, 0,62, 5,44, 23, 38, 99, 5,89, Off, Off, Off, Off, Off, Off, On, Off, Off, Off, Off, Rich
346.875, 1325, 1,88, 83, 84, 14, 13,8, 0,6, 5,27, 25, 38, 99, 5,82, Off, Off, Off, Off, Off, Off, On, Off, Off, Off, Off, Rich
346.937, 1362, 1,68, 83, 85, 14, 13,9, 0,46, 4,21, 27, 38, 99, 4,78, Off, Off, Off, Off, Off, Off, On, Off, Off, Off, Off, Rich
346.984, 1362, 1,63, 83, 87, 14, 13,9, 0,54, 4,26, 28, 38, 99, 4,84, Off, Off, Off, Off, Off, Off, On, Off, Off, Off, Off, Rich
347.046, 1362, 1,94, 83, 87, 14, 13,8, 0,68, 5,25, 25, 38, 99, 5,96, Off, Off, Off, Off, Off, Off, On, Off, Off, Off, Off, Rich
347.093, 1362, 1,84, 83, 86, 14, 13,8, 0,5, 4,72, 25, 38, 99, 5,36, Off, Off, Off, Off, Off, Off, On, Off, Off, Off, Off, Rich
347.140, 1362, 1,63, 83, 85, 14, 13,9, 0,5, 4,13, 27, 38, 99, 4,69, Off, Off, Off, Off, Off, Off, On, Off, Off, Off, Off, Rich
347.203, 1350, 1,84, 83, 87, 14, 13,9, 0,68, 4,98, 25, 38, 99, 5,6, Off, Off, Off, Off, Off, Off, On, Off, Off, Off, Off, Rich
347.250, 1325, 1,97, 83, 87, 14, 13,8, 0,64, 5,16, 25, 38, 99, 5,7, Off, Off, Off, Off, Off, Off, On, Off, Off, Off, Off, Rich
347.312, 1362, 1,94, 83, 87, 14, 13,9, 0,64, 4,94, 25, 38, 99, 5,61, Off, Off, Off, Off, Off, Off, On, Off, Off, Off, Off, Rich
347.375, 1362, 1,96, 83, 87, 14, 13,8, 0,68, 5,02, 25, 38, 99, 5,7, Off, Off, Off, Off, Off, Off, On, Off, Off, Off, Off, Rich
347.421, 1375, 2, 83, 87, 14, 13,8, 0,68, 5,01, 25, 38, 99, 5,74, Off, Off, Off, Off, Off, Off, On, Off, Off, Off, Off, Rich
347.484, 1388, 2,01, 83, 87, 14, 13,8, 0,68, 5,01, 25, 38, 99, 5,79, Off, Off, Off, Off, Off, Off, On, Off, Off, Off, Off, Rich
347.531, 1438, 2, 83, 86, 14, 13,8, 0,68, 4,96, 25, 38, 99, 5,94, Off, Off, Off, Off, Off, Off, On, Off, Off, Off, Off, Rich
347.593, 1438, 2, 83, 86, 14, 13,8, 0,68, 4,9, 25, 38, 99, 5,87, Off, Off, Off, Off, Off, Off, On, Off, Off, Off, Off, Rich
347.640, 1475, 2,02, 83, 85, 14, 13,9, 0,68, 4,82, 25, 38, 99, 5,92, Off, Off, Off, Off, Off, Off, On, Off, Off, Off, Off, Rich
347.703, 1488, 2,02, 83, 84, 14, 13,9, 0,68, 4,75, 25, 38, 99, 5,89, Off, Off, Off, Off, Off, Off, On, Off, Off, Off, Off, Rich
347.750, 1488, 2,02, 83, 81, 14, 13,8, 0,68, 4,72, 25, 38, 99, 5,85, Off, Off, Off, Off, Off, Off, On, Off, Off, Off, Off, Rich
347.812, 1512, 2,02, 83, 79, 14, 13,9, 0,68, 4,66, 26, 38, 99, 5,87, Off, Off, Off, Off, Off, Off, On, Off, Off, Off, Off, Rich
347.875, 1512, 2, 83, 75, 14, 13,9, 0,68, 4,62, 27, 38, 99, 5,82, Off, Off, Off, Off, Off, Off, On, Off, Off, Off, Off, Rich
347.921, 1512, 2,02, 83, 74, 14, 13,8, 0,68, 4,55, 27, 38, 99, 5,73, Off, Off, Off, Off, Off, Off, On, Off, Off, Off, Off, Rich
348.000, 1525, 2,01, 83, 71, 14, 13,8, 0,68, 4,51, 26, 38, 99, 5,73, Off, Off, Off, Off, Off, Off, On, Off, Off, Off, Off, Rich
348.062, 1512, 2,02, 83, 66, 14, 13,8, 0,68, 4,49, 26, 38, 99, 5,66, Off, Off, Off, Off, Off, Off, On, Off, Off, Off, Off, Rich
348.109, 1512, 2, 83, 47, 14, 13,8, 0,68, 4,48, 27, 38, 99, 5,64, Off, Off, Off, Off, Off, Off, On, Off, Off, Off, Off, Rich
348.156, 1488, 2, 83, 9, 14, 13,8, 0,68, 4,69, 27, 38, 96, 5,82, Off, Off, Off, Off, Off, Off, On, Off, Off, Off, Off, Lean
348.218, 1512, 2, 83, 4, 14, 13,8, 0,68, 4,68, 26, 38, 96, 5,9, Off, Off, Off, Off, Off, Off, On, Off, Off, Off, Off, Lean
348.265, 1512, 2, 83, 1, 14, 13,9, 0,68, 4,69, 26, 38, 96, 5,91, Off, Off, Off, Off, Off, Off, On, Off, Off, Off, Off, Lean
348.312, 1525, 2,01, 83, 0, 14, 13,8, 0,68, 4,69, 27, 38, 96, 5,96, Off, Off, Off, Off, Off, Off, On, Off, Off, Off, Off, Lean
348.359, 1525, 2, 83, 0, 14, 13,8, 0,68, 4,71, 27, 38, 96, 5,99, Off, Off, Off, Off, Off, Off, On, Off, Off, Off, Off, Lean
348.421, 1525, 2,01, 83, 0, 14, 13,9, 0,68, 4,74, 27, 38, 96, 6,02, Off, Off, Off, Off, Off, Off, On, Off, Off, Off, Off, Lean
348.468, 1525, 2, 83, 1, 14, 13,9, 0,68, 4,75, 27, 38, 96, 6,04, Off, Off, Off, Off, Off, Off, On, Off, Off, Off, Off, Lean
348.531, 1525, 1,99, 83, 1, 14, 13,8, 0,68, 4,72, 27, 38, 96, 6, Off, Off, Off, Off, Off, Off, On, Off, Off, Off, Off, Lean
348.578, 1525, 2, 83, 2, 16, 13,8, 0,68, 4,69, 27, 38, 96, 5,96, Off, Off, Off, Off, Off, Off, On, Off, Off, Off, Off, Lean
348.625, 1538, 2,04, 83, 3, 16, 13,8, 0,68, 4,7, 27, 38, 96, 6,02, Off, Off, Off, Off, Off, Off, On, Off, Off, Off, Off, Lean
348.687, 1538, 2,01, 83, 4, 16, 13,8, 0,68, 4,73, 27, 38, 96, 6,06, Off, Off, Off, Off, Off, Off, On, Off, Off, Off, Off, Lean
348.765, 1538, 2,02, 83, 4, 16, 13,9, 0,68, 4,73, 27, 38, 96, 6,06, Off, Off, Off, Off, Off, Off, On, Off, Off, Off, Off, Lean
348.812, 1538, 2,02, 83, 5, 16, 13,9, 0,68, 4,77, 27, 38, 96, 6,11, Off, Off, Off, Off, Off, Off, On, Off, Off, Off, Off, Lean
348.875, 1525, 2,02, 83, 6, 16, 13,8, 0,68, 4,74, 27, 38, 96, 6,02, Off, Off, Off, Off, Off, Off, On, Off, Off, Off, Off, Lean
348.921, 1538, 2,02, 83, 11, 16, 13,7, 0,68, 4,74, 27, 38, 96, 6,08, Off, Off, Off, Off, Off, Off, On, Off, Off, Off, Off, Lean
348.968, 1538, 2, 83, 42, 16, 13,8, 0,68, 4,74, 27, 38, 96, 6,08, Off, Off, Off, Off, Off, Off, On, Off, Off, Off, Off, Lean
349.031, 1562, 2,02, 83, 56, 16, 13,9, 0,68, 4,71, 27, 38, 96, 6,13, Off, Off, Off, Off, Off, Off, On, Off, Off, Off, Off, Rich
349.093, 1562, 2,02, 83, 70, 16, 13,9, 0,68, 4,57, 27, 38, 96, 5,95, Off, Off, Off, Off, Off, Off, On, Off, Off, Off, Off, Rich
349.140, 1562, 2,02, 83, 73, 16, 13,9, 0,68, 4,53, 27, 38, 96, 5,9, Off, Off, Off, Off, Off, Off, On, Off, Off, Off, Off, Rich
349.187, 1538, 2,02, 83, 73, 16, 13,9, 0,68, 4,53, 27, 38, 96, 5,81, Off, Off, Off, Off, Off, Off, On, Off, Off, Off, Off, Rich
349.250, 1562, 2,03, 83, 72, 16, 13,8, 0,68, 4,54, 27, 38, 96, 5,91, Off, Off, Off, Off, Off, Off, On, Off, Off, Off, Off, Rich
349.296, 1562, 2,02, 83, 70, 18, 13,8, 0,66, 4,5, 27, 38, 96, 5,86, Off, Off, Off, Off, Off, Off, On, Off, Off, Off, Off, Rich
349.359, 1538, 1,53, 83, 38, 18, 13,8, 0,34, 4,03, 29, 47, 96, 5,17, Off, Off, Off, Off, On, Off, On, Off, Off, Off, Off, Rich
349.421, 1512, 1,48, 83, 22, 18, 13,9, 0,34, 3,63, 26, 47, 101, 4,57, Off, Off, Off, Off, On, Off, On, Off, Off, Off, Off, Lean
349.484, 1462, 1,44, 83, 15, 18, 13,8, 0,34, 3,29, 21, 47, 101, 4,01, Off, Off, Off, Off, On, Off, On, Off, Off, Off, Off, Lean
349.531, 1412, 1,4, 83, 23, 18, 13,9, 0,34, 3,09, 18, 47, 101, 3,64, Off, Off, Off, Off, On, Off, On, Off, Off, Off, Off, Lean
349.578, 1350, 1,44, 83, 60, 18, 13,8, 0,34, 2,83, 16, 46, 101, 3,18, Off, Off, Off, Off, On, Off, On, Off, Off, Off, Off, Rich
349.640, 1275, 1,42, 83, 73, 18, 13,8, 0,34, 2,72, 15, 46, 101, 2,89, Off, Off, Off, Off, On, Off, On, Off, Off, Off, Off, Rich
349.687, 1212, 1,38, 83, 77, 18, 13,8, 0,34, 2,57, 13, 46, 101, 2,6, Off, Off, Off, Off, On, Off, On, Off, Off, Off, Off, Rich
349.750, 1200, 1,37, 83, 80, 18, 13,7, 0,34, 2,63, 13, 46, 101, 2,63, Off, Off, Off, Off, On, Off, On, Off, Off, Off, Off, Rich
349.796, 1150, 1,38, 83, 82, 18, 13,8, 0,34, 2,56, 13, 45, 101, 2,45, Off, Off, Off, Off, On, Off, On, Off, Off, Off, Off, Rich
349.843, 1112, 1,36, 83, 82, 18, 13,8, 0,34, 2,56, 13, 45, 101, 2,37, Off, Off, Off, Off, On, Off, On, Off, Off, Off, Off, Rich
349.906, 1112, 1,38, 83, 82, 18, 13,8, 0,34, 2,56, 13, 45, 101, 2,37, Off, Off, Off, Off, On, Off, On, Off, Off, Off, Off, Rich
349.968, 1088, 1,34, 83, 82, 18, 13,8, 0,34, 2,56, 13, 45, 101, 2,32, Off, Off, Off, Off, On, Off, On, Off, Off, Off, Off, Rich
350.015, 1062, 1,42, 83, 77, 18, 13,8, 0,34, 2,55, 13, 45, 101, 2,26, Off, Off, Off, Off, On, Off, On, Off, Off, Off, Off, Rich
350.093, 1062, 1,36, 83, 77, 18, 13,6, 0,34, 2,55, 13, 44, 101, 2,26, Off, Off, Off, Off, On, Off, On, Off, Off, Off, Off, Rich
350.156, 1038, 1,38, 83, 53, 18, 13,8, 0,34, 2,58, 13, 44, 101, 2,23, Off, Off, Off, Off, On, Off, On, Off, Off, Off, Off, Rich
350.203, 1025, 1,37, 83, 15, 18, 13,8, 0,34, 2,57, 13, 44, 101, 2,2, Off, Off, Off, Off, On, Off, On, Off, Off, Off, Off, Rich
350.250, 1000, 1,36, 83, 4, 18, 13,8, 0,34, 2,62, 13, 44, 100, 2,18, Off, Off, Off, Off, On, Off, On, Off, Off, Off, Off, Lean
350.312, 988, 1,34, 83, 4, 18, 13,8, 0,34, 2,64, 13, 44, 100, 2,17, Off, Off, Off, Off, On, Off, On, Off, Off, Off, Off, Lean
350.359, 1000, 1,34, 83, 1, 18, 13,8, 0,34, 2,66, 13, 43, 100, 2,22, Off, Off, Off, Off, On, Off, On, Off, Off, Off, Off, Lean
350.406, 1000, 1,34, 83, 0, 18, 13,8, 0,34, 2,68, 13, 43, 100, 2,23, Off, Off, Off, Off, On, Off, On, Off, Off, Off, Off, Lean
350.468, 988, 1,34, 83, 0, 18, 13,8, 0,34, 2,67, 13, 42, 100, 2,2, Off, Off, Off, Off, On, Off, On, Off, Off, Off, Off, Lean
350.515, 938, 1,33, 83, 0, 18, 13,8, 0,34, 2,68, 13, 42, 100, 2,09, Off, Off, Off, Off, On, Off, On, Off, Off, Off, Off, Lean
350.562, 925, 1,34, 83, 0, 18, 13,9, 0,34, 2,7, 13, 42, 100, 2,08, Off, Off, Off, Off, On, Off, On, Off, Off, Off, Off, Lean
350.625, 925, 1,33, 83, 0, 18, 13,8, 0,34, 2,71, 13, 42, 100, 2,09, Off, Off, Off, Off, On, Off, On, Off, Off, Off, Off, Lean
350.671, 900, 1,33, 83, 0, 18, 13,8, 0,34, 2,71, 13, 42, 100, 2,03, Off, Off, Off, Off, On, Off, On, Off, Off, Off, Off, Lean
350.718, 888, 1,32, 83, 0, 16, 13,9, 0,34, 2,75, 13, 42, 100, 2,04, Off, Off, Off, Off, On, Off, On, Off, Off, Off, Off, Lean
350.781, 888, 1,32, 83, 0, 16, 13,7, 0,34, 2,77, 13, 42, 100, 2,05, Off, Off, Off, Off, On, Off, On, Off, Off, Off, Off, Lean
350.843, 875, 1,32, 83, 0, 16, 13,8, 0,34, 2,8, 13, 42, 100, 2,04, Off, Off, Off, Off, On, Off, On, Off, Off, Off, Off, Lean
350.890, 862, 1,32, 83, 0, 16, 13,8, 0,34, 2,8, 13, 41, 100, 2,01, Off, Off, Off, Off, On, Off, On, Off, Off, Off, Off, Lean
350.953, 838, 1,32, 83, 0, 16, 13,8, 0,34, 2,83, 13, 41, 100, 1,98, Off, Off, Off, Off, On, Off, On, Off, Off, Off, Off, Lean
351.000, 838, 1,3, 83, 0, 16, 13,8, 0,34, 2,85, 13, 41, 100, 1,99, Off, Off, Off, Off, On, Off, On, Off, Off, Off, Off, Lean
351.062, 862, 1,31, 83, 0, 16, 13,8, 0,34, 2,88, 13, 41, 100, 2,07, Off, Off, Off, Off, On, Off, On, Off, Off, Off, Off, Lean
351.109, 862, 1,31, 83, 1, 16, 13,8, 0,34, 2,91, 13, 41, 100, 2,09, Off, Off, Off, Off, On, Off, On, Off, Off, Off, Off, Lean
351.156, 825, 1,31, 83, 1, 16, 13,8, 0,34, 2,91, 13, 40, 100, 2, Off, Off, Off, Off, On, Off, On, Off, Off, Off, Off, Lean
351.218, 812, 1,3, 83, 3, 16, 13,8, 0,34, 2,91, 13, 40, 100, 1,97, Off, Off, Off, Off, On, Off, On, Off, Off, Off, Off, Lean
351.265, 812, 1,3, 83, 4, 16, 13,8, 0,34, 2,93, 13, 40, 100, 1,98, Off, Off, Off, Off, On, Off, On, Off, Off, Off, Off, Lean
351.328, 812, 1,3, 83, 5, 16, 13,8, 0,34, 2,97, 13, 40, 100, 2,01, Off, Off, Off, Off, On, Off, On, Off, Off, Off, Off, Lean
351.375, 812, 1,3, 83, 5, 16, 13,6, 0,34, 2,98, 13, 40, 100, 2,02, Off, Off, Off, Off, On, Off, On, Off, Off, Off, Off, Lean
351.421, 775, 1,28, 83, 6, 10, 13,8, 0,34, 2,97, 13, 39, 100, 1,92, Off, Off, Off, Off, On, Off, On, Off, Off, Off, Off, Lean
351.484, 775, 1,29, 83, 6, 10, 13,8, 0,34, 2,99, 13, 39, 100, 1,93, Off, Off, Off, Off, On, Off, On, Off, Off, Off, Off, Lean
351.546, 812, 1,28, 83, 6, 10, 13,8, 0,34, 3,01, 13, 39, 100, 2,04, Off, Off, Off, Off, On, Off, On, Off, Off, Off, Off, Lean
351.609, 775, 1,27, 83, 5, 10, 13,8, 0,34, 3, 13, 38, 100, 1,94, Off, Off, Off, Off, On, Off, On, Off, Off, Off, Off, Lean
351.656, 762, 1,27, 83, 4, 10, 13,8, 0,34, 3,02, 13, 38, 100, 1,92, Off, Off, Off, Off, On, Off, On, Off, Off, Off, Off, Lean
351.703, 788, 1,27, 83, 3, 10, 13,8, 0,34, 3,03, 13, 38, 100, 1,99, Off, Off, Off, Off, On, Off, On, Off, Off, Off, Off, Lean
351.765, 775, 1,27, 83, 3, 10, 13,7, 0,34, 3,03, 13, 38, 100, 1,96, Off, Off, Off, Off, On, Off, On, Off, Off, Off, Off, Lean
351.812, 762, 1,26, 83, 4, 10, 13,8, 0,34, 3,03, 13, 38, 100, 1,92, Off, Off, Off, Off, On, Off, On, Off, Off, Off, Off, Lean
351.859, 775, 1,27, 83, 5, 10, 13,7, 0,34, 3,03, 13, 38, 100, 1,96, Off, Off, Off, Off, On, Off, On, Off, Off, Off, Off, Lean
351.921, 788, 1,27, 83, 5, 10, 13,7, 0,34, 3,04, 13, 38, 100, 2, Off, Off, Off, Off, On, Off, On, Off, Off, Off, Off, Lean
351.968, 775, 1,27, 83, 14, 10, 13,8, 0,34, 3,03, 13, 38, 100, 1,96, Off, Off, Off, Off, On, Off, On, Off, Off, Off, Off, Lean
352.031, 775, 1,26, 83, 42, 10, 13,8, 0,34, 3,04, 13, 38, 100, 1,96, Off, Off, Off, Off, On, Off, On, Off, Off, Off, Off, Lean
352.078, 788, 1,27, 83, 63, 10, 13,8, 0,34, 3,04, 13, 38, 100, 2, Off, Off, Off, Off, On, Off, On, Off, Off, Off, Off, Lean
352.125, 775, 1,27, 83, 63, 6, 13,8, 0,34, 2,99, 13, 38, 101, 1,93, Off, Off, Off, Off, On, Off, On, Off, Off, Off, Off, Rich
352.187, 775, 1,26, 83, 71, 6, 13,8, 0,34, 3, 13, 38, 101, 1,94, Off, Off, Off, Off, On, Off, On, Off, Off, Off, Off, Rich
352.250, 788, 1,27, 83, 76, 6, 13,8, 0,34, 3, 12, 38, 101, 1,97, Off, Off, Off, Off, On, Off, On, Off, Off, Off, Off, Rich
352.296, 762, 1,27, 83, 76, 6, 13,8, 0,34, 3, 10, 38, 101, 1,9, Off, Off, Off, Off, On, Off, On, Off, Off, Off, Off, Rich
352.343, 775, 1,26, 83, 78, 6, 13,8, 0,34, 3, 8, 38, 101, 1,94, Off, Off, Off, Off, On, Off, On, Off, Off, Off, Off, Rich
352.406, 775, 1,27, 83, 80, 6, 13,7, 0,34, 3, 6, 38, 101, 1,94, Off, Off, Off, Off, On, Off, On, Off, Off, Off, Off, Rich
352.453, 775, 1,27, 83, 80, 6, 13,8, 0,34, 3, 4, 38, 101, 1,94, Off, Off, Off, Off, On, Off, On, Off, Off, Off, Off, Rich
352.500, 738, 1,26, 83, 79, 6, 13,8, 0,34, 2,98, 3, 38, 101, 1,83, Off, Off, Off, Off, On, Off, On, Off, Off, Off, Off, Rich
352.562, 762, 1,27, 83, 79, 6, 13,8, 0,34, 3, 3, 38, 101, 1,9, Off, Off, Off, Off, On, Off, On, Off, Off, Off, Off, Rich
352.609, 738, 1,27, 83, 79, 6, 13,9, 0,34, 3, 3, 38, 101, 1,85, Off, Off, Off, Off, On, Off, On, Off, Off, Off, Off, Rich
352.656, 762, 1,26, 83, 76, 6, 13,6, 0,34, 3, 3, 38, 101, 1,9, Off, Off, Off, Off, On, Off, On, Off, Off, Off, Off, Rich
352.718, 725, 1,28, 83, 75, 6, 13,8, 0,34, 3,11, 3, 38, 101, 1,88, Off, Off, Off, Off, On, Off, On, Off, Off, Off, Off, Rich
352.765, 738, 1,28, 83, 72, 6, 13,8, 0,34, 3,13, 3, 38, 101, 1,92, Off, Off, Off, Off, On, Off, On, Off, Off, Off, Off, Rich
352.812, 738, 1,26, 83, 72, 4, 13,9, 0,34, 3,12, 3, 38, 101, 1,92, Off, Off, Off, Off, On, Off, On, Off, Off, Off, Off, Rich
352.875, 738, 1,27, 83, 58, 4, 13,8, 0,34, 3,13, 3, 38, 101, 1,92, Off, Off, Off, Off, On, Off, On, Off, Off, Off, Off, Rich
352.937, 762, 1,28, 83, 58, 4, 13,9, 0,34, 3,16, 3, 38, 101, 2,01, Off, Off, Off, Off, On, Off, On, Off, Off, Off, Off, Rich
352.984, 725, 1,26, 83, 34, 4, 13,9, 0,34, 3,16, 3, 38, 102, 1,91, Off, Off, Off, Off, On, Off, On, Off, Off, Off, Off, Lean
353.046, 762, 1,27, 83, 20, 4, 13,8, 0,34, 3,24, 3, 38, 102, 2,06, Off, Off, Off, Off, On, Off, On, Off, Off, Off, Off, Lean
353.093, 762, 1,28, 83, 20, 4, 13,9, 0,34, 3,22, 3, 38, 102, 2,04, Off, Off, Off, Off, On, Off, On, Off, Off, Off, Off, Lean
353.156, 738, 1,27, 83, 14, 4, 13,8, 0,34, 3,23, 3, 38, 102, 1,99, Off, Off, Off, Off, On, Off, On, Off, Off, Off, Off, Lean
353.203, 762, 1,27, 83, 20, 4, 13,8, 0,34, 3,26, 3, 38, 102, 2,07, Off, Off, Off, Off, On, Off, On, Off, Off, Off, Off, Lean
353.250, 775, 1,27, 83, 48, 4, 13,9, 0,34, 3,23, 3, 38, 102, 2,09, Off, Off, Off, Off, On, Off, On, Off, Off, Off, Off, Lean
353.312, 762, 1,27, 83, 48, 4, 13,8, 0,36, 3,17, 3, 38, 102, 2,01, Off, Off, Off, Off, On, Off, On, Off, Off, Off, Off, Rich
353.359, 762, 1,28, 83, 75, 4, 13,9, 0,36, 3,17, 3, 38, 102, 2,01, Off, Off, Off, Off, On, Off, On, Off, Off, Off, Off, Rich
353.406, 775, 1,31, 83, 80, 4, 13,9, 0,38, 3,19, 3, 38, 102, 2,06, Off, Off, Off, Off, On, Off, On, Off, Off, Off, Off, Rich
353.468, 775, 1,36, 83, 80, 4, 13,8, 0,4, 3,41, 7, 38, 102, 2,2, Off, Off, Off, Off, Off, Off, On, Off, Off, Off, Off, Rich
353.515, 762, 1,45, 83, 82, 4, 13,8, 0,44, 3,78, 15, 38, 102, 2,4, Off, Off, Off, Off, Off, Off, On, Off, Off, Off, Off, Rich
353.562, 812, 1,52, 83, 83, 4, 13,8, 0,48, 4,35, 18, 38, 102, 2,94, Off, Off, Off, Off, Off, Off, On, Off, Off, Off, Off, Rich
353.625, 825, 1,62, 83, 83, 4, 13,8, 0,54, 4,67, 18, 38, 102, 3,21, Off, Off, Off, Off, Off, Off, On, Off, Off, Off, Off, Rich
353.671, 875, 1,7, 83, 83, 4, 13,8, 0,56, 4,85, 17, 38, 102, 3,54, Off, Off, Off, Off, Off, Off, On, Off, Off, Off, Off, Rich
353.718, 925, 1,77, 83, 83, 4, 13,8, 0,58, 4,83, 18, 38, 102, 3,72, Off, Off, Off, Off, Off, Off, On, Off, Off, Off, Off, Rich
353.781, 975, 1,78, 83, 84, 4, 13,8, 0,58, 4,99, 19, 38, 102, 4,05, Off, Off, Off, Off, Off, Off, On, Off, Off, Off, Off, Rich
353.828, 1050, 1,8, 83, 86, 4, 13,9, 0,58, 5,13, 20, 38, 102, 4,49, Off, Off, Off, Off, Off, Off, On, Off, Off, Off, Off, Rich
353.890, 1100, 1,8, 83, 86, 4, 13,8, 0,58, 5,17, 21, 38, 102, 4,74, Off, Off, Off, Off, Off, Off, On, Off, Off, Off, Off, Rich
353.937, 1200, 1,84, 83, 86, 4, 13,8, 0,6, 5,11, 23, 38, 102, 5,11, Off, Off, Off, Off, Off, Off, On, Off, Off, Off, Off, Rich
354.000, 1262, 1,86, 83, 86, 4, 13,9, 0,62, 5,05, 24, 38, 102, 5,31, Off, Off, Off, Off, Off, Off, On, Off, Off, Off, Off, Rich
354.046, 1312, 1,86, 83, 86, 4, 13,9, 0,62, 4,92, 26, 38, 102, 5,38, Off, Off, Off, Off, Off, Off, On, Off, Off, Off, Off, Rich
354.109, 1325, 1,87, 83, 86, 4, 13,7, 0,62, 4,91, 26, 38, 102, 5,42, Off, Off, Off, Off, Off, Off, On, Off, Off, Off, Off, Rich
354.156, 1362, 1,9, 83, 85, 4, 13,8, 0,62, 4,79, 26, 38, 102, 5,44, Off, Off, Off, Off, Off, Off, On, Off, Off, Off, Off, Rich
354.203, 1375, 1,9, 83, 84, 4, 13,9, 0,62, 4,68, 26, 38, 102, 5,36, Off, Off, Off, Off, Off, Off, On, Off, Off, Off, Off, Rich
354.265, 1388, 1,88, 83, 84, 4, 13,9, 0,62, 4,6, 26, 38, 102, 5,32, Off, Off, Off, Off, Off, Off, On, Off, Off, Off, Off, Rich
354.328, 1412, 1,89, 83, 83, 4, 13,9, 0,62, 4,5, 27, 38, 102, 5,3, Off, Off, Off, Off, Off, Off, On, Off, Off, Off, Off, Rich
354.390, 1388, 1,88, 83, 82, 4, 13,8, 0,62, 4,47, 27, 38, 102, 5,17, Off, Off, Off, Off, Off, Off, On, Off, Off, Off, Off, Rich
354.437, 1412, 1,92, 83, 79, 4, 13,9, 0,62, 4,41, 27, 38, 102, 5,19, Off, Off, Off, Off, Off, Off, On, Off, Off, Off, Off, Rich
354.484, 1412, 1,92, 83, 78, 4, 13,8, 0,62, 4,38, 27, 38, 102, 5,15, Off, Off, Off, Off, Off, Off, On, Off, Off, Off, Off, Rich
354.546, 1388, 1,93, 83, 77, 4, 13,8, 0,64, 4,37, 27, 38, 102, 5,05, Off, Off, Off, Off, Off, Off, On, Off, Off, Off, Off, Rich
354.593, 1388, 1,92, 83, 73, 4, 13,9, 0,64, 4,46, 27, 38, 102, 5,16, Off, Off, Off, Off, Off, Off, On, Off, Off, Off, Off, Rich
354.656, 1412, 1,96, 83, 72, 4, 13,8, 0,66, 4,46, 27, 38, 102, 5,25, Off, Off, Off, Off, Off, Off, On, Off, Off, Off, Off, Rich
354.703, 1425, 2,06, 83, 70, 4, 13,8, 0,72, 4,78, 26, 38, 102, 5,68, Off, Off, Off, Off, Off, Off, On, Off, Off, Off, Off, Rich
354.765, 1425, 2,06, 83, 67, 4, 13,8, 0,72, 4,88, 25, 38, 102, 5,8, Off, Off, Off, Off, Off, Off, On, Off, Off, Off, Off, Rich
354.812, 1475, 2,08, 83, 44, 4, 13,9, 0,72, 4,97, 25, 38, 102, 6,11, Off, Off, Off, Off, Off, Off, On, Off, Off, Off, Off, Rich
354.875, 1512, 2,1, 83, 26, 4, 13,9, 0,74, 4,97, 25, 38, 98, 6,26, Off, Off, Off, Off, Off, Off, On, Off, Off, Off, Off, Lean
354.921, 1525, 2,09, 83, 8, 4, 13,8, 0,74, 5,31, 26, 38, 98, 6,75, Off, Off, Off, Off, Off, Off, On, Off, Off, Off, Off, Lean
354.968, 1562, 2,12, 83, 4, 8, 13,8, 0,74, 5,36, 26, 38, 98, 6,98, Off, Off, Off, Off, Off, Off, On, Off, Off, Off, Off, Lean
355.031, 1588, 2,1, 83, 3, 8, 13,9, 0,74, 5,35, 26, 38, 98, 7,08, Off, Off, Off, Off, Off, Off, On, Off, Off, Off, Off, Lean
355.078, 1600, 2,08, 83, 5, 8, 13,8, 0,74, 5,33, 26, 38, 98, 7,11, Off, Off, Off, Off, Off, Off, On, Off, Off, Off, Off, Lean
355.140, 1638, 2,1, 83, 33, 8, 13,9, 0,74, 5,22, 26, 38, 98, 7,13, Off, Off, Off, Off, Off, Off, On, Off, Off, Off, Off, Lean
355.187, 1650, 2,11, 83, 73, 8, 13,8, 0,74, 5,02, 27, 38, 98, 6,9, Off, Off, Off, Off, Off, Off, On, Off, Off, Off, Off, Rich
355.250, 1650, 2,12, 83, 77, 8, 13,8, 0,74, 4,99, 27, 38, 98, 6,86, Off, Off, Off, Off, Off, Off, On, Off, Off, Off, Off, Rich
355.296, 1675, 2,12, 83, 79, 8, 13,8, 0,74, 4,96, 27, 38, 98, 6,92, Off, Off, Off, Off, Off, Off, On, Off, Off, Off, Off, Rich
355.343, 1688, 2,12, 83, 79, 8, 13,9, 0,74, 4,9, 27, 38, 98, 6,89, Off, Off, Off, Off, Off, Off, On, Off, Off, Off, Off, Rich
355.406, 1688, 2,11, 83, 78, 8, 13,8, 0,74, 4,88, 27, 38, 98, 6,86, Off, Off, Off, Off, Off, Off, On, Off, Off, Off, Off, Rich
355.453, 1688, 2,1, 83, 77, 8, 13,9, 0,74, 4,82, 27, 38, 98, 6,78, Off, Off, Off, Off, Off, Off, On, Off, Off, Off, Off, Rich
355.500, 1688, 2,1, 83, 74, 8, 13,9, 0,74, 4,78, 28, 38, 98, 6,72, Off, Off, Off, Off, Off, Off, On, Off, Off, Off, Off, Rich
355.562, 1700, 2,11, 83, 73, 8, 13,8, 0,74, 4,77, 27, 38, 98, 6,76, Off, Off, Off, Off, Off, Off, On, Off, Off, Off, Off, Rich
355.609, 1738, 2,12, 83, 69, 8, 13,7, 0,74, 4,74, 27, 38, 98, 6,87, Off, Off, Off, Off, Off, Off, On, Off, Off, Off, Off, Rich
355.656, 1725, 2,12, 83, 58, 12, 13,8, 0,74, 4,72, 27, 38, 98, 6,78, Off, Off, Off, Off, Off, Off, On, Off, Off, Off, Off, Rich
355.718, 1725, 2,12, 83, 41, 12, 13,8, 0,74, 4,94, 28, 38, 98, 7,1, Off, Off, Off, Off, Off, Off, On, Off, Off, Off, Off, Lean
355.781, 1738, 2,13, 83, 14, 12, 13,9, 0,74, 4,91, 28, 38, 98, 7,11, Off, Off, Off, Off, Off, Off, On, Off, Off, Off, Off, Lean
355.828, 1750, 2,14, 83, 5, 12, 13,9, 0,78, 5,04, 27, 38, 98, 7,35, Off, Off, Off, Off, Off, Off, On, Off, Off, Off, Off, Lean
355.890, 1762, 2,2, 83, 5, 12, 13,9, 0,8, 4,99, 28, 38, 98, 7,33, Off, Off, Off, Off, Off, Off, On, Off, Off, Off, Off, Lean
355.937, 1788, 2,22, 83, 5, 12, 13,8, 0,8, 5,04, 28, 38, 98, 7,51, Off, Off, Off, Off, Off, Off, On, Off, Off, Off, Off, Lean
356.000, 1812, 2,22, 83, 6, 12, 13,9, 0,8, 5,15, 28, 38, 98, 7,78, Off, Off, Off, Off, Off, Off, On, Off, Off, Off, Off, Lean
356.046, 1838, 2,22, 83, 6, 12, 13,8, 0,8, 5,18, 28, 38, 98, 7,93, Off, Off, Off, Off, Off, Off, On, Off, Off, Off, Off, Lean
356.093, 1850, 2,23, 83, 6, 12, 13,9, 0,8, 5,19, 29, 38, 98, 8, Off, Off, Off, Off, Off, Off, On, Off, Off, Off, Off, Lean
356.156, 1888, 2,23, 83, 6, 12, 13,9, 0,8, 5,18, 29, 38, 98, 8,15, Off, Off, Off, Off, Off, Off, On, Off, Off, Off, Off, Lean
356.203, 1888, 2,22, 83, 8, 12, 13,9, 0,8, 5,2, 29, 38, 98, 8,18, Off, Off, Off, Off, Off, Off, On, Off, Off, Off, Off, Lean
356.250, 1888, 2,23, 83, 8, 12, 13,9, 0,8, 5,19, 29, 38, 98, 8,17, Off, Off, Off, Off, Off, Off, On, Off, Off, Off, Off, Lean
356.312, 1888, 2,22, 83, 25, 12, 13,8, 0,8, 5,18, 29, 38, 98, 8,15, Off, Off, Off, Off, Off, Off, On, Off, Off, Off, Off, Lean
356.359, 1912, 2,22, 83, 62, 16, 13,8, 0,8, 5,17, 29, 38, 98, 8,24, Off, Off, Off, Off, Off, Off, On, Off, Off, Off, Off, Lean
356.421, 1912, 2,24, 83, 70, 16, 13,8, 0,82, 4,99, 29, 38, 99, 7,95, Off, Off, Off, Off, Off, Off, On, Off, Off, Off, Off, Rich
356.468, 1925, 2,27, 83, 74, 16, 13,8, 0,82, 4,99, 29, 38, 99, 8, Off, Off, Off, Off, Off, Off, On, Off, Off, Off, Off, Rich
356.531, 1925, 2,34, 83, 73, 16, 13,8, 0,9, 5,36, 28, 38, 99, 8,6, Off, Off, Off, Off, Off, Off, On, Off, Off, Off, Off, Rich
356.578, 1950, 2,39, 83, 72, 16, 13,9, 0,9, 5,51, 29, 38, 99, 8,95, Off, Off, Off, Off, Off, Off, On, Off, Off, Off, Off, Rich
356.640, 1912, 2,4, 83, 64, 16, 13,9, 0,9, 5,69, 27, 38, 99, 9,07, Off, Off, Off, Off, Off, Off, On, Off, Off, Off, Off, Rich
356.687, 1862, 2,38, 83, 41, 16, 13,9, 0,9, 5,75, 27, 38, 99, 8,92, Off, Off, Off, Off, Off, Off, On, Off, Off, Off, Off, Rich
356.734, 1812, 2,38, 83, 35, 16, 13,9, 0,9, 6,15, 27, 38, 102, 9,29, Off, Off, Off, Off, Off, Off, On, Off, Off, Off, Off, Lean
356.781, 1838, 2,37, 83, 44, 16, 13,8, 0,92, 6,2, 26, 38, 102, 9,5, Off, Off, Off, Off, Off, Off, On, Off, Off, Off, Off, Lean
356.843, 1838, 2,38, 83, 65, 16, 13,8, 0,92, 6,28, 25, 38, 102, 9,62, Off, Off, Off, Off, Off, Off, On, On, Off, Off, Off, Rich
356.890, 1812, 2,38, 83, 78, 16, 13,9, 0,94, 6,12, 25, 38, 102, 9,24, Off, Off, Off, Off, Off, Off, On, On, Off, Off, Off, Rich
356.937, 1838, 2,46, 83, 79, 16, 13,7, 1,04, 6,35, 25, 38, 102, 9,73, Off, Off, Off, Off, Off, Off, On, On, Off, Off, Off, Rich
356.984, 1888, 2,54, 83, 80, 16, 13,8, 1,08, 6,87, 25, 38, 102, 10,81, Off, Off, Off, Off, Off, Off, On, On, Off, Off, Off, Rich
357.046, 1912, 2,52, 83, 75, 16, 13,8, 1,08, 7,01, 24, 38, 102, 11,17, Off, Off, Off, Off, Off, Off, On, On, Off, Off, Off, Rich
357.109, 1962, 2,52, 83, 74, 18, 13,9, 1,08, 7, 25, 38, 102, 11,44, Off, Off, Off, Off, Off, Off, On, On, Off, Off, Off, Rich
357.171, 1975, 2,52, 83, 75, 18, 13,9, 1,08, 6,91, 25, 38, 102, 11,37, Off, Off, Off, Off, Off, Off, On, On, Off, Off, Off, Rich
357.218, 2012, 2,52, 83, 79, 18, 13,8, 1,08, 6,78, 25, 38, 102, 11,37, Off, Off, Off, Off, Off, Off, On, On, Off, Off, Off, Rich
357.281, 2000, 2,54, 83, 79, 18, 13,8, 1,08, 6,71, 26, 38, 102, 11,18, Off, Off, Off, Off, Off, Off, On, On, Off, Off, Off, Rich
357.328, 2025, 2,54, 83, 76, 18, 13,9, 1,1, 6,65, 26, 38, 102, 11,22, Off, Off, Off, Off, Off, Off, On, On, Off, Off, Off, Rich
357.375, 2012, 2,52, 83, 74, 18, 13,9, 1,1, 6,61, 26, 38, 102, 11,08, Off, Off, Off, Off, Off, Off, On, On, Off, Off, Off, Rich
357.421, 2012, 2,54, 83, 73, 18, 13,9, 1,1, 6,53, 26, 38, 102, 10,95, Off, Off, Off, Off, Off, Off, On, On, Off, Off, Off, Rich
357.484, 2012, 2,57, 83, 65, 18, 13,8, 1,14, 6,62, 25, 38, 102, 11,1, Off, Off, Off, Off, Off, Off, On, On, Off, Off, Off, Rich
357.531, 2025, 2,58, 83, 52, 18, 13,8, 1,14, 6,62, 25, 38, 102, 11,17, Off, Off, Off, Off, Off, Off, On, On, Off, Off, Off, Rich
357.578, 2050, 2,56, 83, 19, 18, 13,9, 1,14, 6,97, 25, 40, 100, 11,91, Off, Off, Off, Off, Off, Off, On, On, Off, Off, Off, Lean
357.625, 2050, 2,58, 83, 11, 18, 13,9, 1,14, 7,02, 25, 40, 100, 11,99, Off, Off, Off, Off, Off, Off, On, On, Off, Off, Off, Lean
357.671, 2062, 2,59, 83, 4, 18, 13,8, 1,14, 7,03, 26, 40, 100, 12,08, Off, Off, Off, Off, Off, Off, On, On, Off, Off, Off, Lean
357.734, 2062, 2,58, 83, 3, 18, 13,8, 1,14, 7,06, 26, 40, 100, 12,13, Off, Off, Off, Off, Off, Off, On, On, Off, Off, Off, Lean
357.796, 2088, 2,61, 83, 4, 20, 13,9, 1,16, 7,15, 26, 42, 100, 12,44, Off, Off, Off, Off, Off, Off, On, On, Off, Off, Off, Lean
357.843, 2075, 2,59, 83, 11, 20, 13,9, 1,16, 7,17, 26, 42, 100, 12,4, Off, Off, Off, Off, Off, Off, On, On, Off, Off, Off, Lean
357.906, 2112, 2,61, 83, 29, 20, 13,8, 1,16, 7,21, 26, 42, 100, 12,69, Off, Off, Off, Off, Off, Off, On, On, Off, Off, Off, Lean
357.953, 2112, 2,62, 83, 71, 20, 13,9, 1,16, 6,97, 26, 42, 99, 12,27, Off, Off, Off, Off, Off, Off, On, On, Off, Off, Off, Rich
358.015, 2125, 2,62, 83, 74, 20, 13,8, 1,16, 6,93, 26, 44, 99, 12,27, Off, Off, Off, Off, Off, Off, On, On, Off, Off, Off, Rich
358.062, 2125, 2,63, 83, 75, 20, 13,8, 1,18, 6,87, 26, 44, 99, 12,17, Off, Off, Off, Off, Off, Off, On, On, Off, Off, Off, Rich
358.125, 2138, 2,64, 83, 75, 20, 13,6, 1,18, 6,87, 26, 44, 99, 12,24, Off, Off, Off, Off, Off, Off, On, On, Off, Off, Off, Rich
358.171, 2138, 2,64, 83, 72, 20, 13,9, 1,18, 6,79, 26, 44, 99, 12,1, Off, Off, Off, Off, Off, Off, On, On, Off, Off, Off, Rich
358.218, 2175, 2,64, 83, 71, 20, 13,8, 1,18, 6,74, 26, 47, 99, 12,22, Off, Off, Off, Off, Off, Off, On, On, Off, Off, Off, Rich
358.265, 2175, 2,65, 83, 56, 20, 13,9, 1,18, 6,75, 27, 47, 99, 12,23, Off, Off, Off, Off, Off, Off, On, On, Off, Off, Off, Rich
358.328, 2162, 2,66, 83, 25, 20, 13,8, 1,18, 7,11, 27, 46, 99, 12,81, Off, Off, Off, Off, Off, Off, On, On, Off, Off, Off, Lean
358.375, 2138, 2,66, 83, 8, 20, 13,8, 1,18, 7,18, 27, 44, 99, 12,79, Off, Off, Off, Off, Off, Off, On, On, Off, Off, Off, Lean
358.437, 2188, 2,66, 83, 4, 20, 13,9, 1,18, 7,25, 27, 47, 99, 13,22, Off, Off, Off, Off, Off, Off, On, On, Off, Off, Off, Lean
358.515, 2238, 2,68, 83, 6, 26, 13,8, 1,18, 7,33, 27, 51, 99, 13,67, Off, Off, Off, Off, Off, Off, On, On, Off, Off, Off, Lean
358.562, 2188, 2,68, 83, 29, 26, 13,8, 1,18, 7,4, 27, 47, 99, 13,49, Off, Off, Off, Off, Off, Off, On, On, Off, Off, Off, Lean
358.625, 2212, 2,68, 83, 64, 26, 13,8, 1,18, 7,16, 27, 49, 100, 13,2, Off, Off, Off, Off, Off, Off, On, On, Off, Off, Off, Rich
358.671, 2238, 2,7, 83, 74, 26, 13,8, 1,18, 7,12, 28, 51, 100, 13,28, Off, Off, Off, Off, Off, Off, On, On, Off, Off, Off, Rich
358.734, 2250, 2,7, 83, 76, 26, 13,8, 1,18, 7,12, 28, 52, 100, 13,35, Off, Off, Off, Off, Off, Off, On, On, Off, Off, Off, Rich
358.781, 2250, 2,71, 83, 75, 26, 13,8, 1,18, 7,06, 28, 52, 100, 13,24, Off, Off, Off, Off, Off, Off, On, On, Off, Off, Off, Rich
358.828, 2275, 2,7, 83, 74, 26, 13,8, 1,18, 7,03, 27, 54, 100, 13,33, Off, Off, Off, Off, Off, Off, On, On, Off, Off, Off, Rich
358.890, 2238, 2,7, 83, 72, 26, 13,8, 1,18, 6,97, 28, 51, 100, 13, Off, Off, Off, Off, Off, Off, On, On, Off, Off, Off, Rich
358.937, 2250, 2,72, 83, 67, 26, 13,8, 1,18, 6,91, 28, 52, 100, 12,96, Off, Off, Off, Off, Off, Off, On, On, Off, Off, Off, Rich
359.000, 2250, 2,72, 83, 46, 26, 13,8, 1,18, 6,87, 28, 52, 100, 12,88, Off, Off, Off, Off, Off, Off, On, On, Off, Off, Off, Rich
359.046, 2275, 2,72, 83, 13, 26, 13,8, 1,18, 7,24, 28, 54, 100, 13,73, Off, Off, Off, Off, Off, Off, On, On, Off, Off, Off, Lean
359.109, 2300, 2,72, 83, 8, 26, 13,8, 1,18, 7,27, 28, 55, 100, 13,93, Off, Off, Off, Off, Off, Off, On, On, Off, Off, Off, Lean
359.156, 2275, 2,72, 83, 4, 26, 13,7, 1,18, 7,35, 28, 54, 100, 13,93, Off, Off, Off, Off, Off, Off, On, On, Off, Off, Off, Lean
359.234, 2350, 2,72, 83, 4, 30, 13,8, 1,16, 7,34, 28, 58, 100, 14,37, Off, Off, Off, Off, Off, Off, On, On, Off, Off, Off, Lean
359.281, 2325, 2,72, 83, 15, 30, 13,9, 1,16, 7,33, 28, 56, 100, 14,2, Off, Off, Off, Off, Off, Off, On, On, Off, Off, Off, Lean
359.343, 2338, 2,74, 83, 54, 30, 13,7, 1,18, 7,39, 29, 56, 100, 14,4, Off, Off, Off, Off, Off, Off, On, On, Off, Off, Off, Lean
359.390, 2375, 2,76, 83, 74, 30, 13,8, 1,2, 7,28, 27, 60, 100, 14,41, Off, Off, Off, Off, Off, Off, On, On, Off, Off, Off, Rich
359.453, 2338, 2,76, 83, 76, 30, 13,8, 1,2, 7,22, 28, 56, 100, 14,07, Off, Off, Off, Off, Off, Off, On, On, Off, Off, Off, Rich
359.500, 2375, 2,8, 83, 75, 30, 13,8, 1,26, 7,74, 28, 60, 100, 15,32, Off, Off, Off, Off, Off, Off, On, On, Off, Off, Off, Rich
359.546, 2400, 2,78, 83, 74, 30, 13,8, 1,2, 7,53, 28, 62, 100, 15,06, Off, Off, Off, Off, Off, Off, On, On, Off, Off, Off, Rich
359.609, 2450, 2,74, 83, 76, 30, 13,8, 1,16, 7,15, 26, 62, 100, 14,6, Off, Off, Off, Off, Off, Off, On, On, Off, Off, Off, Rich
359.656, 2350, 2,8, 83, 78, 30, 13,8, 1,22, 7,35, 26, 58, 100, 14,39, Off, Off, Off, Off, Off, Off, On, On, Off, Off, Off, Rich
359.718, 2375, 2,78, 83, 75, 30, 13,9, 1,18, 7,11, 26, 60, 100, 14,07, Off, Off, Off, Off, Off, Off, On, On, Off, Off, Off, Rich
359.781, 2438, 2,76, 83, 71, 30, 13,8, 1,2, 6,88, 26, 62, 100, 13,98, Off, Off, Off, Off, Off, Off, On, On, Off, Off, Off, Rich
359.828, 2400, 2,82, 83, 56, 30, 13,8, 1,26, 7,78, 26, 62, 98, 15,56, Off, Off, Off, Off, Off, Off, On, On, Off, Off, Off, Rich
359.875, 2400, 2,78, 83, 39, 34, 13,8, 1,18, 7,34, 27, 62, 100, 14,68, Off, Off, Off, Off, Off, Off, On, On, Off, Off, Off, Rich
359.937, 2450, 2,75, 83, 20, 34, 13,8, 1,16, 7,33, 27, 62, 100, 14,97, Off, Off, Off, Off, Off, Off, On, On, Off, Off, Off, Lean
360.000, 2462, 2,77, 83, 38, 34, 13,9, 1,16, 7,42, 28, 62, 100, 15,22, Off, Off, Off, Off, Off, Off, On, On, Off, Off, Off, Lean
360.062, 2400, 2,78, 83, 73, 34, 13,8, 1,18, 7,24, 28, 62, 103, 14,48, Off, Off, Off, Off, Off, Off, On, On, Off, Off, Off, Rich
360.109, 2462, 2,78, 83, 76, 34, 13,8, 1,18, 7,16, 26, 62, 103, 14,69, Off, Off, Off, Off, Off, Off, On, On, Off, Off, Off, Rich
360.156, 2462, 2,79, 83, 76, 34, 13,8, 1,18, 7,12, 26, 62, 103, 14,61, Off, Off, Off, Off, Off, Off, On, On, Off, Off, Off, Rich
360.218, 2425, 2,78, 83, 76, 34, 13,9, 1,18, 7,08, 25, 62, 103, 14,31, Off, Off, Off, Off, Off, Off, On, On, Off, Off, Off, Rich
360.265, 2488, 2,79, 83, 75, 34, 13,8, 1,18, 7,05, 26, 62, 103, 14,62, Off, Off, Off, Off, Off, Off, On, On, Off, Off, Off, Rich
360.328, 2488, 2,79, 83, 74, 34, 13,8, 1,18, 7, 27, 62, 103, 14,51, Off, Off, Off, Off, Off, Off, On, On, Off, Off, Off, Rich
360.390, 2500, 2,8, 83, 68, 34, 13,9, 1,18, 6,96, 26, 62, 103, 14,5, Off, Off, Off, Off, Off, Off, On, On, Off, Off, Off, Rich
360.437, 2500, 2,8, 83, 30, 34, 13,8, 1,18, 7,13, 26, 62, 100, 14,85, Off, Off, Off, Off, Off, Off, On, On, Off, Off, Off, Rich
360.500, 2462, 2,79, 83, 12, 34, 13,8, 1,18, 7,44, 27, 62, 100, 15,26, Off, Off, Off, Off, Off, Off, On, On, Off, Off, Off, Lean
360.562, 2538, 2,8, 83, 6, 34, 13,8, 1,18, 7,4, 27, 62, 104, 15,65, Off, Off, Off, Off, Off, Off, On, On, Off, Off, Off, Lean
360.625, 2500, 2,81, 83, 12, 36, 13,8, 1,18, 7,31, 27, 62, 102, 15,23, Off, Off, Off, Off, Off, Off, On, On, Off, Off, Off, Lean
360.671, 2538, 2,8, 83, 56, 36, 13,9, 1,18, 7,15, 27, 62, 100, 15,12, Off, Off, Off, Off, Off, Off, On, On, Off, Off, Off, Lean
360.718, 2588, 2,8, 83, 72, 36, 13,8, 1,16, 7,05, 28, 62, 100, 15,2, Off, Off, Off, Off, Off, Off, On, On, Off, Off, Off, Lean
360.765, 2512, 2,8, 83, 75, 36, 13,9, 1,16, 7,06, 28, 62, 100, 14,78, Off, Off, Off, Off, Off, Off, On, On, Off, Off, Off, Lean
360.812, 2512, 2,8, 83, 74, 36, 13,8, 1,16, 7,02, 28, 62, 100, 14,7, Off, Off, Off, Off, Off, Off, On, On, Off, Off, Off, Lean
360.859, 2500, 2,8, 83, 73, 36, 13,8, 1,16, 7,07, 28, 62, 100, 14,73, Off, Off, Off, Off, Off, Off, On, On, Off, Off, Off, Lean
360.921, 2538, 2,81, 83, 71, 36, 13,8, 1,18, 7,09, 28, 62, 100, 15, Off, Off, Off, Off, Off, Off, On, On, Off, Off, Off, Lean
360.984, 2600, 2,81, 83, 63, 36, 13,8, 1,18, 7,05, 28, 62, 100, 15,28, Off, Off, Off, Off, Off, Off, On, On, Off, Off, Off, Lean
361.031, 2600, 2,81, 83, 56, 36, 13,8, 1,16, 7,05, 28, 62, 100, 15,28, Off, Off, Off, Off, Off, Off, On, On, Off, Off, Off, Lean
361.093, 2562, 2,8, 83, 53, 36, 13,8, 1,16, 7, 28, 62, 100, 14,94, Off, Off, Off, Off, Off, Off, On, On, Off, Off, Off, Lean
361.140, 2550, 2,81, 83, 58, 36, 13,9, 1,16, 6,92, 28, 62, 100, 14,7, Off, Off, Off, Off, Off, Off, On, On, Off, Off, Off, Lean
361.203, 2538, 2,81, 83, 64, 36, 13,9, 1,16, 6,95, 28, 62, 100, 14,7, Off, Off, Off, Off, Off, Off, On, On, Off, Off, Off, Lean
361.265, 2612, 2,82, 83, 57, 36, 13,8, 1,16, 6,97, 28, 62, 100, 15,17, Off, Off, Off, Off, Off, Off, On, On, Off, Off, Off, Lean
361.328, 2612, 2,82, 83, 46, 38, 13,9, 1,16, 7,05, 28, 62, 100, 15,35, Off, Off, Off, Off, Off, Off, On, On, Off, Off, Off, Lean
361.375, 2625, 2,82, 83, 39, 38, 13,8, 1,16, 7,04, 28, 62, 100, 15,4, Off, Off, Off, Off, Off, Off, On, On, Off, Off, Off, Lean
361.421, 2612, 2,82, 83, 38, 38, 13,8, 1,16, 7, 28, 62, 100, 15,24, Off, Off, Off, Off, Off, Off, On, On, Off, Off, Off, Lean
361.468, 2600, 2,82, 83, 47, 38, 13,8, 1,16, 6,9, 29, 62, 100, 14,95, Off, Off, Off, Off, Off, Off, On, On, Off, Off, Off, Lean
361.515, 2612, 2,82, 83, 63, 38, 13,8, 1,16, 6,9, 29, 62, 100, 15,02, Off, Off, Off, Off, Off, Off, On, On, Off, Off, Off, Lean
361.578, 2625, 2,82, 83, 68, 38, 13,9, 1,16, 6,89, 29, 62, 100, 15,07, Off, Off, Off, Off, Off, Off, On, On, Off, Off, Off, Lean
361.625, 2662, 2,82, 83, 68, 38, 13,8, 1,18, 6,86, 29, 62, 100, 15,22, Off, Off, Off, Off, Off, Off, On, On, Off, Off, Off, Lean
361.687, 2662, 2,82, 83, 64, 38, 13,9, 1,18, 6,9, 29, 62, 100, 15,31, Off, Off, Off, Off, Off, Off, On, On, Off, Off, Off, Lean
361.734, 2712, 2,83, 83, 59, 38, 13,7, 1,18, 6,84, 29, 62, 100, 15,46, Off, Off, Off, Off, Off, Off, On, On, Off, Off, Off, Lean
361.796, 2712, 2,83, 84, 44, 38, 13,8, 1,16, 6,8, 29, 62, 100, 15,37, Off, Off, Off, Off, Off, Off, On, On, Off, Off, Off, Lean
361.843, 2750, 2,83, 84, 38, 38, 13,7, 1,16, 6,78, 29, 62, 100, 15,54, Off, Off, Off, Off, Off, Off, On, On, Off, Off, Off, Lean
361.890, 2662, 2,83, 84, 30, 38, 13,9, 1,16, 6,79, 30, 62, 100, 15,06, Off, Off, Off, Off, Off, Off, On, On, Off, Off, Off, Lean
361.953, 2700, 2,84, 84, 19, 38, 13,8, 1,16, 6,86, 29, 62, 100, 15,44, Off, Off, Off, Off, Off, Off, On, On, Off, Off, Off, Lean
362.015, 2712, 2,84, 84, 13, 42, 13,8, 1,16, 6,92, 29, 62, 100, 15,64, Off, Off, Off, Off, Off, Off, On, On, Off, Off, Off, Lean
362.078, 2725, 2,83, 84, 10, 42, 13,8, 1,16, 6,93, 30, 62, 100, 15,74, Off, Off, Off, Off, Off, Off, On, On, Off, Off, Off, Lean
362.125, 2750, 2,84, 84, 11, 42, 13,8, 1,16, 6,98, 29, 62, 100, 16, Off, Off, Off, Off, Off, Off, On, On, Off, Off, Off, Lean
362.171, 2725, 2,84, 84, 14, 42, 13,7, 1,16, 7,03, 30, 62, 100, 15,96, Off, Off, Off, Off, Off, Off, On, On, Off, Off, Off, Lean
362.218, 2725, 2,84, 84, 40, 42, 13,8, 1,16, 7,07, 30, 62, 100, 16,05, Off, Off, Off, Off, Off, Off, On, On, Off, Off, Off, Lean
362.265, 2725, 2,83, 84, 72, 42, 13,8, 1,16, 6,9, 30, 62, 103, 15,67, Off, Off, Off, Off, Off, Off, On, On, Off, Off, Off, Rich
362.312, 2700, 2,84, 84, 77, 42, 13,8, 1,16, 6,83, 29, 62, 103, 15,37, Off, Off, Off, Off, Off, Off, On, On, Off, Off, Off, Rich
362.375, 2725, 2,83, 84, 78, 42, 13,8, 1,16, 6,79, 30, 62, 103, 15,42, Off, Off, Off, Off, Off, Off, On, On, Off, Off, Off, Rich
362.421, 2750, 2,82, 84, 76, 42, 13,8, 1,16, 6,68, 31, 62, 103, 15,31, Off, Off, Off, Off, Off, Off, On, On, Off, Off, Off, Rich
362.468, 2700, 2,82, 84, 76, 42, 13,8, 1,16, 6,63, 30, 62, 103, 14,92, Off, Off, Off, Off, Off, Off, On, On, Off, Off, Off, Rich
362.531, 2625, 2,81, 84, 73, 42, 13,8, 1,16, 6,6, 30, 62, 103, 14,44, Off, Off, Off, Off, Off, Off, On, On, Off, Off, Off, Rich
362.578, 2550, 2,8, 84, 68, 42, 13,8, 1,14, 6,57, 30, 62, 103, 13,96, Off, Off, Off, Off, Off, Off, On, On, Off, Off, Off, Rich
362.625, 2588, 2,8, 84, 45, 42, 13,8, 1,14, 6,55, 29, 62, 103, 14,13, Off, Off, Off, Off, Off, Off, On, On, Off, Off, Off, Rich
362.703, 2462, 2,79, 84, 18, 42, 13,8, 1,14, 6,97, 29, 62, 101, 14,3, Off, Off, Off, Off, Off, Off, On, On, Off, Off, Off, Lean
362.750, 2488, 2,78, 84, 4, 44, 13,8, 1,12, 7,09, 28, 62, 101, 14,7, Off, Off, Off, Off, Off, Off, On, On, Off, Off, Off, Lean
362.812, 2450, 2,75, 84, 3, 44, 13,8, 1,08, 7,1, 28, 62, 101, 14,5, Off, Off, Off, Off, Off, Off, On, On, Off, Off, Off, Lean
362.859, 2338, 2,7, 84, 4, 44, 13,9, 1,06, 7,01, 28, 56, 101, 13,66, Off, Off, Off, Off, Off, Off, On, On, Off, Off, Off, Lean
362.906, 2250, 2,68, 84, 34, 44, 13,7, 1,06, 7, 28, 52, 101, 13,12, Off, Off, Off, Off, Off, Off, On, On, Off, Off, Off, Lean
362.968, 2238, 2,65, 84, 77, 44, 13,8, 1,06, 6,7, 27, 51, 102, 12,5, Off, Off, Off, Off, Off, Off, On, On, Off, Off, Off, Rich
363.015, 2212, 2,64, 84, 80, 44, 13,8, 1,06, 6,67, 28, 49, 102, 12,3, Off, Off, Off, Off, Off, Off, On, On, Off, Off, Off, Rich
363.078, 2238, 2,61, 84, 82, 44, 13,8, 1,06, 6,6, 27, 51, 102, 12,31, Off, Off, Off, Off, Off, Off, On, On, Off, Off, Off, Rich
363.140, 2212, 2,62, 84, 81, 44, 13,8, 1,04, 6,49, 27, 49, 102, 11,96, Off, Off, Off, Off, Off, Off, On, On, Off, Off, Off, Rich
363.203, 2212, 2,55, 84, 80, 44, 13,8, 0,96, 6,18, 28, 49, 102, 11,39, Off, Off, Off, Off, Off, Off, On, On, Off, Off, Off, Rich
363.250, 2162, 2,5, 84, 80, 44, 13,7, 0,94, 5,91, 28, 46, 102, 10,65, Off, Off, Off, Off, Off, Off, On, On, Off, Off, Off, Rich
363.312, 2175, 2,47, 84, 81, 44, 13,9, 0,9, 5,69, 29, 47, 102, 10,31, Off, Off, Off, Off, Off, Off, On, On, Off, Off, Off, Rich
363.359, 2112, 2,28, 84, 80, 44, 13,8, 0,7, 5,11, 30, 42, 102, 8,99, Off, Off, Off, Off, Off, Off, On, On, Off, Off, Off, Rich
363.437, 2075, 1,98, 84, 80, 46, 13,9, 0,54, 3,8, 32, 42, 102, 6,57, Off, Off, Off, Off, Off, Off, On, On, Off, Off, Off, Rich
363.484, 2012, 1,71, 84, 82, 46, 13,8, 0,4, 3,18, 32, 38, 102, 5,33, Off, Off, Off, Off, Off, Off, On, On, Off, Off, Off, Rich
363.546, 1900, 1,44, 84, 82, 46, 13,9, 0,34, 2,61, 27, 45, 102, 4,13, Off, Off, Off, Off, On, Off, On, Off, Off, Off, Off, Rich
363.593, 1800, 1,46, 84, 83, 46, 13,8, 0,34, 2,34, 23, 44, 102, 3,51, Off, Off, Off, Off, On, Off, On, Off, Off, Off, Off, Rich
363.640, 1738, 1,43, 84, 87, 46, 13,8, 0,34, 2,19, 23, 42, 102, 3,17, Off, Off, Off, Off, On, Off, On, Off, Off, Off, Off, Rich
363.703, 1700, 1,34, 84, 87, 46, 13,8, 0,34, 2,03, 23, 41, 102, 2,88, Off, Off, Off, Off, On, Off, On, Off, Off, Off, Off, Rich
363.750, 1688, 1,35, 84, 86, 46, 13,9, 0,34, 1,93, 23, 39, 102, 2,71, Off, Off, Off, Off, On, Off, On, Off, Off, Off, Off, Rich
363.812, 1688, 1,31, 84, 81, 46, 13,8, 0,34, 1,86, 23, 39, 102, 2,62, Off, Off, Off, Off, On, Off, On, Off, Off, Off, Off, Rich
363.859, 1675, 1,3, 84, 77, 46, 13,7, 0,34, 1,7, 23, 39, 102, 2,37, Off, Off, Off, Off, On, Off, On, Off, Off, Off, Off, Rich
363.921, 1650, 1,32, 84, 46, 46, 13,8, 0,34, 1,71, 23, 38, 102, 2,35, Off, Off, Off, Off, On, Off, On, Off, Off, Off, Off, Rich
363.968, 1638, 1,29, 84, 6, 46, 13,8, 0,34, 1,72, 23, 38, 101, 2,35, Off, Off, Off, Off, On, Off, On, Off, Off, Off, Off, Lean
364.015, 1625, 1,28, 84, 2, 46, 13,8, 0,34, 1,72, 23, 38, 101, 2,33, Off, Off, Off, Off, On, Off, On, Off, Off, Off, Off, Lean
364.078, 1625, 1,33, 84, 0, 46, 13,8, 0,34, 1,69, 23, 38, 101, 2,29, Off, Off, Off, Off, On, Off, On, Off, Off, Off, Off, Lean
364.156, 1625, 1,3, 84, 0, 46, 13,8, 0,34, 1,69, 21, 38, 101, 2,29, Off, Off, Off, Off, On, Off, On, Off, Off, Off, Off, Lean
364.203, 1650, 1,28, 84, 0, 46, 13,7, 0,34, 1,64, 18, 37, 94, 2,25, Off, Off, Off, Off, On, Off, On, Off, Off, Off, Off, Lean
364.250, 1638, 1,3, 84, 0, 46, 13,6, 0,34, 1,64, 16, 37, 94, 2,24, Off, Off, Off, Off, On, Off, On, Off, Off, Off, Off, Lean
364.312, 1625, 1,3, 84, 0, 46, 13,6, 0,34, 1,64, 14, 37, 94, 2,22, Off, Off, Off, Off, On, Off, On, Off, Off, Off, Off, Lean
364.359, 1625, 1,3, 84, 0, 46, 13,5, 0,34, 1,63, 11, 37, 94, 2,21, Off, Off, Off, Off, On, Off, On, Off, Off, Off, Off, Lean
364.406, 1625, 1,3, 84, 0, 46, 13,8, 0,34, 1,63, 8, 36, 94, 2,21, Off, Off, Off, Off, On, Off, On, Off, Off, Off, Off, Lean
364.468, 1600, 1,3, 84, 0, 46, 13,7, 0,34, 1,62, 4, 36, 94, 2,16, Off, Off, Off, Off, On, Off, On, Off, Off, Off, Off, Lean
364.515, 1588, 1,29, 84, 0, 46, 13,8, 0,34, 0,76, 3, 36, 94, 1,01, Off, Off, Off, Off, On, Off, On, Off, Off, Off, Off, Lean
364.578, 1575, 1,28, 84, 0, 46, 13,8, 0,34, 0,74, 2, 36, 94, 0,97, Off, Off, Off, Off, On, Off, On, Off, Off, Off, Off, Lean
364.625, 1562, 1,28, 84, 0, 46, 13,7, 0,34, 0,75, 2, 36, 94, 0,98, Off, Off, Off, Off, On, Off, On, Off, Off, Off, Off, Lean
364.671, 1538, 1,27, 84, 0, 46, 13,5, 0,34, 0,76, 2, 35, 94, 0,97, Off, Off, Off, Off, On, Off, On, Off, Off, Off, Off, Lean
364.734, 1525, 1,27, 84, 0, 46, 13,5, 0,34, 0,75, 1, 35, 94, 0,95, Off, Off, Off, Off, On, Off, On, Off, Off, Off, Off, Lean
364.781, 1525, 1,27, 84, 0, 46, 13,7, 0,34, 0,75, 1, 35, 94, 0,95, Off, Off, Off, Off, On, Off, On, Off, Off, Off, Off, Lean
364.859, 1512, 1,27, 84, 0, 42, 13,8, 0,34, 1,63, 1, 37, 94, 2,05, Off, Off, Off, Off, On, Off, On, Off, Off, Off, Off, Lean
364.906, 1488, 1,28, 84, 0, 42, 13,8, 0,34, 1,64, 2, 36, 94, 2,03, Off, Off, Off, Off, On, Off, On, Off, Off, Off, Off, Lean
364.968, 1462, 1,27, 84, 0, 42, 13,5, 0,34, 1,66, 3, 36, 94, 2,02, Off, Off, Off, Off, On, Off, On, Off, Off, Off, Off, Lean
365.015, 1425, 1,27, 84, 0, 42, 13,6, 0,34, 1,67, 4, 36, 94, 1,98, Off, Off, Off, Off, On, Off, On, Off, Off, Off, Off, Lean
365.062, 1412, 1,28, 84, 0, 42, 13,8, 0,34, 1,68, 4, 36, 94, 1,98, Off, Off, Off, Off, On, Off, On, Off, Off, Off, Off, Lean
365.125, 1388, 1,26, 84, 0, 42, 13,6, 0,34, 1,7, 4, 36, 94, 1,97, Off, Off, Off, Off, On, Off, On, Off, Off, Off, Off, Lean
365.171, 1362, 1,26, 84, 0, 42, 13,8, 0,34, 1,7, 6, 35, 94, 1,93, Off, Off, Off, Off, On, Off, On, Off, Off, Off, Off, Lean
365.218, 1325, 1,27, 84, 0, 42, 13,8, 0,34, 1,71, 6, 35, 94, 1,89, Off, Off, Off, Off, On, Off, On, Off, Off, Off, Off, Lean
365.281, 1300, 1,27, 84, 0, 42, 13,6, 0,34, 1,75, 6, 35, 94, 1,9, Off, Off, Off, Off, On, Off, On, Off, Off, Off, Off, Lean
365.328, 1262, 1,26, 84, 0, 42, 13,8, 0,34, 1,74, 6, 35, 94, 1,83, Off, Off, Off, Off, On, Off, On, Off, Off, Off, Off, Lean
365.390, 1262, 1,25, 84, 0, 42, 13,8, 0,34, 1,76, 7, 34, 94, 1,85, Off, Off, Off, Off, On, Off, On, Off, Off, Off, Off, Lean
365.437, 1212, 1,25, 84, 0, 42, 13,8, 0,34, 1,78, 7, 34, 94, 1,8, Off, Off, Off, Off, On, Off, On, Off, Off, Off, Off, Lean
365.484, 1188, 1,25, 84, 0, 42, 13,8, 0,34, 1,79, 9, 33, 94, 1,77, Off, Off, Off, Off, On, Off, On, Off, Off, Off, Off, Lean
365.562, 1162, 1,25, 84, 0, 36, 13,8, 0,34, 1,82, 9, 40, 94, 1,76, Off, Off, Off, Off, On, Off, On, Off, Off, Off, Off, Lean
365.625, 1112, 1,3, 84, 0, 36, 13,6, 0,34, 1,85, 11, 39, 94, 1,71, Off, Off, Off, Off, On, Off, On, Off, Off, Off, Off, Lean
365.671, 1100, 1,3, 84, 0, 36, 13,8, 0,34, 1,91, 12, 39, 94, 1,75, Off, Off, Off, Off, On, Off, On, Off, Off, Off, Off, Lean
365.734, 1088, 1,3, 84, 0, 36, 13,7, 0,34, 1,97, 13, 38, 94, 1,79, Off, Off, Off, Off, On, Off, On, Off, Off, Off, Off, Lean
365.781, 1038, 1,3, 84, 0, 36, 13,8, 0,34, 1,99, 13, 38, 94, 1,72, Off, Off, Off, Off, On, Off, On, Off, Off, Off, Off, Lean
365.828, 1025, 1,3, 84, 0, 36, 13,6, 0,34, 2,02, 13, 38, 94, 1,73, Off, Off, Off, Off, On, Off, On, Off, Off, Off, Off, Lean
365.890, 1000, 1,3, 84, 0, 36, 13,8, 0,34, 2,06, 13, 38, 94, 1,72, Off, Off, Off, Off, On, Off, On, Off, Off, Off, Off, Lean
365.937, 925, 1,3, 84, 0, 36, 13,8, 0,34, 2,11, 13, 38, 94, 1,63, Off, Off, Off, Off, On, Off, On, Off, Off, Off, Off, Lean
365.984, 888, 1,28, 84, 0, 36, 13,8, 0,34, 2,17, 13, 38, 100, 1,61, Off, Off, Off, Off, On, Off, On, Off, Off, Off, Off, Lean
366.046, 875, 1,3, 84, 0, 36, 13,8, 0,34, 2,31, 13, 38, 100, 1,68, Off, Off, Off, Off, On, Off, On, Off, Off, Off, Off, Lean
366.093, 838, 1,3, 84, 0, 36, 13,8, 0,34, 2,35, 13, 38, 100, 1,64, Off, Off, Off, Off, On, Off, On, Off, Off, Off, Off, Lean
366.140, 812, 1,29, 84, 0, 36, 13,8, 0,34, 2,39, 13, 38, 100, 1,62, Off, Off, Off, Off, On, Off, On, Off, Off, Off, Off, Lean
366.218, 812, 1,28, 84, 0, 36, 13,8, 0,34, 2,47, 13, 38, 100, 1,67, Off, Off, Off, Off, On, Off, On, Off, Off, Off, Off, Lean
366.265, 812, 1,28, 84, 0, 26, 13,8, 0,34, 2,52, 13, 38, 100, 1,71, Off, Off, Off, Off, On, Off, On, Off, Off, Off, Off, Lean
366.312, 812, 1,28, 84, 0, 26, 13,8, 0,34, 2,57, 13, 38, 100, 1,74, Off, Off, Off, Off, On, Off, On, Off, Off, Off, Off, Lean
366.375, 788, 1,28, 84, 0, 26, 13,7, 0,34, 2,6, 13, 38, 100, 1,71, Off, Off, Off, Off, On, Off, On, Off, Off, Off, Off, Lean
366.421, 775, 1,28, 84, 0, 26, 13,8, 0,34, 2,64, 13, 38, 100, 1,71, Off, Off, Off, Off, On, Off, On, Off, Off, Off, Off, Lean
366.468, 775, 1,28, 84, 0, 26, 13,7, 0,34, 2,69, 13, 38, 100, 1,74, Off, Off, Off, Off, On, Off, On, Off, Off, Off, Off, Lean
366.531, 738, 1,28, 84, 0, 26, 13,8, 0,34, 2,72, 13, 38, 100, 1,67, Off, Off, Off, Off, On, Off, On, Off, Off, Off, Off, Lean
366.578, 738, 1,26, 84, 0, 26, 13,7, 0,34, 2,79, 13, 38, 100, 1,72, Off, Off, Off, Off, On, Off, On, Off, Off, Off, Off, Lean
366.625, 738, 1,27, 84, 0, 26, 13,8, 0,34, 2,86, 13, 38, 100, 1,76, Off, Off, Off, Off, On, Off, On, Off, Off, Off, Off, Lean
366.687, 712, 1,27, 84, 0, 26, 13,8, 0,34, 2,9, 13, 38, 100, 1,72, Off, Off, Off, Off, On, Off, On, Off, Off, Off, Off, Lean
366.750, 738, 1,26, 84, 0, 26, 13,8, 0,34, 2,95, 13, 38, 100, 1,81, Off, Off, Off, Off, On, Off, On, Off, Off, Off, Off, Lean
366.796, 725, 1,27, 84, 0, 26, 13,8, 0,34, 2,99, 13, 38, 100, 1,81, Off, Off, Off, Off, On, Off, On, Off, Off, Off, Off, Lean
366.843, 762, 1,27, 84, 0, 26, 13,8, 0,34, 2,98, 13, 38, 100, 1,89, Off, Off, Off, Off, On, Off, On, Off, Off, Off, Off, Lean
366.921, 738, 1,26, 84, 0, 26, 13,8, 0,34, 3,02, 13, 38, 100, 1,86, Off, Off, Off, Off, On, Off, On, Off, Off, Off, Off, Lean
366.968, 738, 1,27, 84, 1, 14, 13,8, 0,34, 3,03, 13, 38, 100, 1,86, Off, Off, Off, Off, On, Off, On, Off, Off, Off, Off, Lean
367.031, 762, 1,27, 84, 1, 14, 13,8, 0,34, 3,04, 13, 38, 100, 1,93, Off, Off, Off, Off, On, Off, On, Off, Off, Off, Off, Lean
367.078, 775, 1,26, 84, 1, 14, 13,8, 0,34, 3,05, 13, 38, 100, 1,97, Off, Off, Off, Off, On, Off, On, Off, Off, Off, Off, Lean
367.125, 775, 1,27, 83, 3, 14, 13,8, 0,34, 3,05, 13, 38, 100, 1,97, Off, Off, Off, Off, On, Off, On, Off, Off, Off, Off, Lean
367.171, 775, 1,27, 83, 3, 14, 13,8, 0,34, 3,04, 13, 38, 100, 1,96, Off, Off, Off, Off, On, Off, On, Off, Off, Off, Off, Lean
367.218, 788, 1,26, 83, 4, 14, 13,8, 0,34, 3,05, 13, 38, 100, 2, Off, Off, Off, Off, On, Off, On, Off, Off, Off, Off, Lean
367.265, 788, 1,26, 83, 7, 14, 13,8, 0,34, 3,05, 13, 38, 100, 2, Off, Off, Off, Off, On, Off, On, Off, Off, Off, Off, Lean
367.328, 775, 1,27, 83, 7, 14, 13,8, 0,34, 3,05, 13, 38, 100, 1,97, Off, Off, Off, Off, On, Off, On, Off, Off, Off, Off, Lean
367.375, 812, 1,25, 83, 28, 14, 13,5, 0,34, 3,04, 13, 38, 100, 2,06, Off, Off, Off, Off, On, Off, On, Off, Off, Off, Off, Lean
367.421, 775, 1,26, 83, 67, 14, 13,8, 0,34, 3,01, 13, 38, 100, 1,94, Off, Off, Off, Off, On, Off, On, Off, Off, Off, Off, Lean
367.484, 775, 1,27, 83, 67, 14, 13,8, 0,34, 3,01, 13, 38, 100, 1,94, Off, Off, Off, Off, On, Off, On, Off, Off, Off, Off, Lean
367.531, 788, 1,26, 83, 78, 14, 13,8, 0,34, 3, 13, 38, 100, 1,97, Off, Off, Off, Off, On, Off, On, Off, Off, Off, Off, Rich
367.578, 775, 1,26, 83, 82, 14, 13,8, 0,34, 2,94, 13, 38, 100, 1,9, Off, Off, Off, Off, On, Off, On, Off, Off, Off, Off, Rich
367.640, 775, 1,27, 83, 82, 14, 13,8, 0,34, 2,93, 13, 38, 100, 1,89, Off, Off, Off, Off, On, Off, On, Off, Off, Off, Off, Rich
367.687, 788, 1,26, 83, 82, 6, 13,8, 0,34, 2,94, 13, 38, 100, 1,93, Off, Off, Off, Off, On, Off, On, Off, Off, Off, Off, Rich
367.734, 762, 1,26, 83, 83, 6, 13,8, 0,34, 2,94, 13, 38, 100, 1,87, Off, Off, Off, Off, On, Off, On, Off, Off, Off, Off, Rich
367.796, 775, 1,26, 83, 83, 6, 13,8, 0,34, 2,93, 13, 38, 100, 1,89, Off, Off, Off, Off, On, Off, On, Off, Off, Off, Off, Rich
367.843, 788, 1,26, 83, 82, 6, 13,8, 0,34, 2,93, 11, 38, 100, 1,92, Off, Off, Off, Off, On, Off, On, Off, Off, Off, Off, Rich
367.890, 738, 1,27, 83, 81, 6, 13,8, 0,34, 2,94, 9, 38, 100, 1,81, Off, Off, Off, Off, On, Off, On, Off, Off, Off, Off, Rich
367.937, 762, 1,26, 83, 81, 6, 13,8, 0,34, 2,94, 7, 38, 100, 1,87, Off, Off, Off, Off, On, Off, On, Off, Off, Off, Off, Rich
367.984, 762, 1,25, 83, 78, 6, 13,6, 0,34, 2,96, 5, 38, 100, 1,88, Off, Off, Off, Off, On, Off, On, Off, Off, Off, Off, Rich
368.046, 738, 1,26, 83, 74, 6, 13,8, 0,34, 2,97, 3, 38, 100, 1,83, Off, Off, Off, Off, On, Off, On, Off, Off, Off, Off, Rich
368.093, 725, 1,26, 83, 67, 6, 13,8, 0,34, 2,98, 5, 38, 100, 1,8, Off, Off, Off, Off, On, Off, On, Off, Off, Off, Off, Rich
368.140, 688, 1,25, 83, 67, 6, 13,8, 0,34, 2,98, 7, 38, 100, 1,71, Off, Off, Off, Off, On, Off, On, Off, Off, Off, Off, Rich
368.203, 688, 1,26, 83, 35, 6, 13,8, 0,34, 3, 5, 38, 100, 1,72, Off, Off, Off, Off, On, Off, On, Off, Off, Off, Off, Rich
368.250, 712, 1,26, 83, 35, 6, 13,8, 0,34, 3,05, 7, 38, 98, 1,81, Off, Off, Off, Off, On, Off, On, Off, Off, Off, Off, Lean
368.312, 725, 1,25, 83, 9, 6, 13,7, 0,34, 3,09, 7, 38, 98, 1,87, Off, Off, Off, Off, On, Off, On, Off, Off, Off, Off, Lean
368.375, 712, 1,26, 83, 9, 6, 13,8, 0,34, 3,09, 6, 38, 98, 1,83, Off, Off, Off, Off, On, Off, On, Off, Off, Off, Off, Lean
368.421, 725, 1,25, 83, 3, 2, 13,8, 0,34, 3,13, 5, 38, 98, 1,89, Off, Off, Off, Off, On, Off, On, Off, Off, Off, Off, Lean
368.468, 725, 1,25, 83, 2, 2, 13,8, 0,34, 3,11, 4, 38, 98, 1,88, Off, Off, Off, Off, On, Off, On, Off, Off, Off, Off, Lean
368.515, 712, 1,25, 83, 2, 2, 13,8, 0,34, 3,14, 5, 38, 98, 1,86, Off, Off, Off, Off, On, Off, On, Off, Off, Off, Off, Lean
368.578, 725, 1,25, 83, 1, 2, 13,8, 0,34, 3,15, 5, 38, 98, 1,9, Off, Off, Off, Off, On, Off, On, Off, Off, Off, Off, Lean
368.625, 725, 1,25, 83, 2, 2, 13,8, 0,34, 3,14, 4, 38, 98, 1,9, Off, Off, Off, Off, On, Off, On, Off, Off, Off, Off, Lean
368.687, 738, 1,25, 83, 2, 2, 13,8, 0,34, 3,16, 5, 38, 98, 1,94, Off, Off, Off, Off, On, Off, On, Off, Off, Off, Off, Lean
368.734, 725, 1,25, 83, 3, 2, 13,8, 0,34, 3,15, 3, 38, 98, 1,9, Off, Off, Off, Off, On, Off, On, Off, Off, Off, Off, Lean
368.796, 738, 1,24, 83, 3, 2, 13,7, 0,34, 3,15, 4, 38, 98, 1,94, Off, Off, Off, Off, On, Off, On, Off, Off, Off, Off, Lean
368.843, 738, 1,25, 83, 3, 2, 13,7, 0,34, 3,17, 3, 38, 98, 1,95, Off, Off, Off, Off, On, Off, On, Off, Off, Off, Off, Lean
368.890, 725, 1,24, 83, 5, 2, 13,8, 0,34, 3,17, 3, 38, 98, 1,92, Off, Off, Off, Off, On, Off, On, Off, Off, Off, Off, Lean
368.953, 738, 1,25, 83, 7, 2, 13,8, 0,34, 3,16, 3, 38, 98, 1,94, Off, Off, Off, Off, On, Off, On, Off, Off, Off, Off, Lean
369.015, 725, 1,25, 83, 7, 2, 13,8, 0,34, 3,15, 3, 38, 98, 1,9, Off, Off, Off, Off, On, Off, On, Off, Off, Off, Off, Lean
369.062, 738, 1,24, 83, 21, 2, 13,8, 0,34, 3,16, 5, 38, 98, 1,94, Off, Off, Off, Off, On, Off, On, Off, Off, Off, Off, Lean
369.125, 725, 1,25, 83, 55, 2, 13,8, 0,34, 3,16, 3, 38, 98, 1,91, Off, Off, Off, Off, On, Off, On, Off, Off, Off, Off, Lean
369.171, 762, 1,26, 83, 55, 2, 13,7, 0,34, 3,09, 5, 38, 98, 1,96, Off, Off, Off, Off, On, Off, On, Off, Off, Off, Off, Rich
369.234, 712, 1,24, 83, 72, 2, 13,8, 0,34, 3,11, 3, 38, 98, 1,85, Off, Off, Off, Off, On, Off, On, Off, Off, Off, Off, Rich
369.281, 738, 1,25, 83, 78, 2, 13,8, 0,34, 3,07, 5, 38, 98, 1,89, Off, Off, Off, Off, On, Off, On, Off, Off, Off, Off, Rich
369.328, 725, 1,26, 83, 78, 2, 13,9, 0,34, 2,98, 4, 38, 98, 1,8, Off, Off, Off, Off, On, Off, On, Off, Off, Off, Off, Rich
369.390, 738, 1,25, 83, 81, 2, 13,8, 0,34, 3,06, 4, 38, 98, 1,88, Off, Off, Off, Off, On, Off, On, Off, Off, Off, Off, Rich
369.437, 738, 1,25, 83, 81, 2, 13,9, 0,34, 3,1, 3, 38, 98, 1,91, Off, Off, Off, Off, On, Off, On, Off, Off, Off, Off, Rich
369.484, 725, 1,25, 83, 81, 2, 13,8, 0,34, 2,97, 3, 38, 98, 1,79, Off, Off, Off, Off, On, Off, On, Off, Off, Off, Off, Rich
369.531, 738, 1,24, 83, 81, 2, 13,8, 0,34, 3,06, 3, 38, 98, 1,88, Off, Off, Off, Off, On, Off, On, Off, Off, Off, Off, Rich
369.578, 725, 1,26, 83, 80, 2, 13,9, 0,34, 3,08, 4, 38, 98, 1,86, Off, Off, Off, Off, On, Off, On, Off, Off, Off, Off, Rich
369.625, 738, 1,26, 83, 80, 2, 13,8, 0,36, 3,07, 3, 38, 98, 1,89, Off, Off, Off, Off, On, Off, On, Off, Off, Off, Off, Rich
369.703, 762, 1,28, 83, 80, 2, 13,8, 0,36, 3,05, 3, 38, 98, 1,94, Off, Off, Off, Off, On, Off, On, Off, Off, Off, Off, Rich
369.750, 725, 1,38, 83, 78, 2, 13,8, 0,44, 3,37, 7, 38, 98, 2,04, Off, Off, Off, Off, Off, Off, On, Off, Off, Off, Off, Rich
369.796, 762, 1,54, 83, 78, 2, 13,8, 0,54, 4,17, 11, 38, 98, 2,65, Off, Off, Off, Off, Off, Off, On, Off, Off, Off, Off, Rich
369.859, 775, 1,72, 83, 77, 2, 13,8, 0,58, 4,71, 11, 38, 98, 3,04, Off, Off, Off, Off, Off, Off, On, Off, Off, Off, Off, Rich
369.906, 825, 1,78, 83, 75, 2, 13,9, 0,58, 5,06, 12, 38, 98, 3,48, Off, Off, Off, Off, Off, Off, On, Off, Off, Off, Off, Rich
369.968, 888, 1,77, 83, 75, 2, 13,8, 0,58, 5,29, 12, 38, 98, 3,91, Off, Off, Off, Off, Off, Off, On, Off, Off, Off, Off, Rich
370.015, 975, 1,78, 83, 80, 2, 13,9, 0,58, 5,24, 18, 38, 98, 4,26, Off, Off, Off, Off, Off, Off, On, Off, Off, Off, Off, Rich
370.078, 1062, 1,77, 83, 85, 2, 13,9, 0,58, 5,26, 20, 38, 98, 4,66, Off, Off, Off, Off, Off, Off, On, Off, Off, Off, Off, Rich
370.125, 1138, 1,77, 83, 87, 2, 13,9, 0,58, 5,16, 22, 38, 98, 4,89, Off, Off, Off, Off, Off, Off, On, Off, Off, Off, Off, Rich
370.171, 1212, 1,76, 83, 88, 2, 13,9, 0,58, 4,99, 24, 38, 98, 5,04, Off, Off, Off, Off, Off, Off, On, Off, Off, Off, Off, Rich
370.218, 1262, 1,76, 83, 88, 2, 13,8, 0,58, 4,8, 24, 38, 98, 5,05, Off, Off, Off, Off, Off, Off, On, Off, Off, Off, Off, Rich
370.265, 1325, 1,78, 83, 88, 2, 13,9, 0,58, 4,63, 25, 38, 98, 5,11, Off, Off, Off, Off, Off, Off, On, Off, Off, Off, Off, Rich
370.328, 1325, 1,79, 83, 88, 2, 13,9, 0,58, 4,5, 26, 38, 98, 4,97, Off, Off, Off, Off, Off, Off, On, Off, Off, Off, Off, Rich
370.375, 1325, 1,79, 83, 86, 2, 13,8, 0,58, 4,34, 27, 38, 98, 4,79, Off, Off, Off, Off, Off, Off, On, Off, Off, Off, Off, Rich
370.437, 1350, 1,84, 83, 84, 2, 13,9, 0,6, 4,32, 27, 38, 98, 4,86, Off, Off, Off, Off, Off, Off, On, Off, Off, Off, Off, Rich
370.500, 1325, 1,88, 83, 82, 4, 13,9, 0,64, 4,51, 26, 38, 98, 4,98, Off, Off, Off, Off, Off, Off, On, Off, Off, Off, Off, Rich
370.546, 1362, 1,92, 83, 77, 4, 13,9, 0,66, 4,54, 26, 38, 98, 5,15, Off, Off, Off, Off, Off, Off, On, Off, Off, Off, Off, Rich
370.609, 1350, 1,97, 83, 77, 4, 13,8, 0,7, 4,63, 26, 38, 98, 5,21, Off, Off, Off, Off, Off, Off, On, Off, Off, Off, Off, Rich
370.656, 1375, 2,08, 83, 75, 4, 13,8, 0,74, 4,92, 25, 38, 98, 5,64, Off, Off, Off, Off, Off, Off, On, Off, Off, Off, Off, Rich
370.718, 1388, 2,09, 83, 75, 4, 13,9, 0,76, 5,07, 25, 38, 98, 5,86, Off, Off, Off, Off, Off, Off, On, Off, Off, Off, Off, Rich
370.781, 1438, 2,12, 83, 68, 4, 13,8, 0,76, 5,24, 24, 38, 98, 6,28, Off, Off, Off, Off, Off, Off, On, Off, Off, Off, Off, Rich
370.828, 1475, 2,14, 83, 56, 4, 13,8, 0,76, 5,25, 24, 38, 98, 6,45, Off, Off, Off, Off, Off, Off, On, Off, Off, Off, Off, Rich
370.890, 1525, 2,12, 83, 19, 4, 13,8, 0,76, 5,58, 25, 38, 95, 7,09, Off, Off, Off, Off, Off, Off, On, Off, Off, Off, Off, Lean
370.937, 1562, 2,14, 83, 10, 4, 13,9, 0,76, 5,61, 25, 38, 95, 7,3, Off, Off, Off, Off, Off, Off, On, Off, Off, Off, Off, Lean
370.984, 1562, 2,12, 83, 5, 4, 13,9, 0,76, 5,56, 25, 38, 95, 7,24, Off, Off, Off, Off, Off, Off, On, Off, Off, Off, Off, Lean
371.046, 1588, 2,14, 83, 5, 4, 13,9, 0,78, 5,54, 25, 38, 95, 7,33, Off, Off, Off, Off, Off, Off, On, Off, Off, Off, Off, Lean
371.109, 1600, 2,15, 83, 34, 4, 13,9, 0,8, 5,57, 25, 38, 95, 7,43, Off, Off, Off, Off, Off, Off, On, Off, Off, Off, Off, Lean
371.171, 1638, 2,2, 83, 62, 4, 13,9, 0,82, 5,72, 25, 38, 95, 7,81, Off, Off, Off, Off, Off, Off, On, Off, Off, Off, Off, Rich
371.218, 1650, 2,2, 83, 76, 6, 13,9, 0,84, 5,54, 26, 38, 95, 7,62, Off, Off, Off, Off, Off, Off, On, Off, Off, Off, Off, Rich
371.265, 1675, 2,22, 83, 79, 6, 13,8, 0,84, 5,54, 26, 38, 95, 7,73, Off, Off, Off, Off, Off, Off, On, Off, Off, Off, Off, Rich
371.328, 1688, 2,24, 83, 78, 6, 13,9, 0,84, 5,56, 26, 38, 95, 7,82, Off, Off, Off, Off, Off, Off, On, Off, Off, Off, Off, Rich
371.375, 1725, 2,26, 83, 76, 6, 13,9, 0,84, 5,55, 26, 38, 95, 7,98, Off, Off, Off, Off, Off, Off, On, Off, Off, Off, Off, Rich
371.437, 1750, 2,27, 83, 75, 6, 13,8, 0,86, 5,53, 26, 38, 95, 8,06, Off, Off, Off, Off, Off, Off, On, Off, Off, Off, Off, Rich
371.484, 1762, 2,31, 83, 71, 6, 13,9, 0,88, 5,35, 27, 38, 95, 7,86, Off, Off, Off, Off, Off, Off, On, Off, Off, Off, Off, Rich
371.546, 1762, 2,29, 83, 40, 6, 13,8, 0,9, 5,37, 26, 38, 95, 7,88, Off, Off, Off, Off, Off, Off, On, Off, Off, Off, Off, Rich
371.593, 1788, 2,33, 83, 9, 6, 13,8, 0,9, 5,79, 26, 38, 95, 8,63, Off, Off, Off, Off, Off, Off, On, Off, Off, Off, Off, Lean
371.656, 1812, 2,33, 83, 4, 6, 13,9, 0,9, 5,83, 26, 38, 95, 8,8, Off, Off, Off, Off, Off, Off, On, Off, Off, Off, Off, Lean
371.703, 1850, 2,34, 83, 1, 6, 13,9, 0,9, 5,86, 27, 38, 95, 9,03, Off, Off, Off, Off, Off, Off, On, Off, Off, Off, Off, Lean
371.765, 1888, 2,35, 83, 1, 6, 13,9, 0,9, 5,88, 27, 38, 95, 9,25, Off, Off, Off, Off, Off, Off, On, Off, Off, Off, Off, Lean
371.828, 1900, 2,35, 83, 2, 6, 13,9, 0,9, 5,95, 27, 38, 95, 9,42, Off, Off, Off, Off, Off, Off, On, Off, Off, Off, Off, Lean
371.875, 1900, 2,36, 83, 3, 6, 13,9, 0,9, 5,94, 27, 38, 95, 9,4, Off, Off, Off, Off, Off, Off, On, Off, Off, Off, Off, Lean
371.937, 1925, 2,37, 83, 3, 12, 13,9, 0,9, 5,94, 27, 38, 95, 9,53, Off, Off, Off, Off, Off, Off, On, Off, Off, Off, Off, Lean
371.984, 1950, 2,38, 83, 6, 12, 13,9, 0,92, 5,95, 28, 38, 95, 9,67, Off, Off, Off, Off, Off, Off, On, Off, Off, Off, Off, Lean
372.031, 1962, 2,39, 83, 10, 12, 13,8, 0,94, 5,98, 28, 38, 95, 9,78, Off, Off, Off, Off, Off, Off, On, Off, Off, Off, Off, Lean
372.093, 2000, 2,43, 83, 42, 12, 13,8, 0,96, 6,1, 28, 38, 95, 10,17, Off, Off, Off, Off, Off, Off, On, Off, Off, Off, Off, Lean
372.140, 2012, 2,43, 83, 65, 12, 13,8, 0,96, 5,93, 28, 38, 97, 9,94, Off, Off, Off, Off, Off, Off, On, Off, Off, Off, Off, Rich
372.187, 2025, 2,44, 83, 74, 12, 13,8, 0,98, 5,96, 27, 38, 97, 10,06, Off, Off, Off, Off, Off, Off, On, On, Off, Off, Off, Rich
372.250, 2062, 2,45, 83, 75, 12, 13,6, 0,98, 5,97, 28, 40, 97, 10,26, Off, Off, Off, Off, Off, Off, On, On, Off, Off, Off, Rich
372.296, 2112, 2,46, 83, 76, 12, 13,8, 0,98, 5,98, 28, 42, 97, 10,52, Off, Off, Off, Off, Off, Off, On, On, Off, Off, Off, Rich
372.359, 2125, 2,48, 83, 75, 12, 13,8, 0,98, 5,93, 28, 44, 97, 10,5, Off, Off, Off, Off, Off, Off, On, On, Off, Off, Off, Rich
372.406, 2138, 2,5, 83, 68, 12, 13,8, 0,98, 5,95, 29, 44, 97, 10,6, Off, Off, Off, Off, Off, Off, On, On, Off, Off, Off, Rich
372.453, 2162, 2,52, 83, 53, 12, 13,8, 0,98, 5,91, 29, 46, 97, 10,65, Off, Off, Off, Off, Off, Off, On, On, Off, Off, Off, Rich
372.531, 2188, 2,51, 83, 20, 12, 13,8, 0,98, 6,22, 29, 47, 99, 11,34, Off, Off, Off, Off, Off, Off, On, On, Off, Off, Off, Lean
372.593, 2175, 2,52, 83, 7, 12, 13,8, 0,98, 6,27, 29, 47, 99, 11,36, Off, Off, Off, Off, Off, Off, On, On, Off, Off, Off, Lean
372.656, 2238, 2,56, 83, 4, 16, 13,8, 1,02, 6,45, 29, 51, 99, 12,03, Off, Off, Off, Off, Off, Off, On, On, Off, Off, Off, Lean
372.703, 2250, 2,6, 83, 5, 16, 13,6, 1,04, 6,64, 28, 52, 99, 12,45, Off, Off, Off, Off, Off, Off, On, On, Off, Off, Off, Lean
372.765, 2325, 2,65, 83, 6, 16, 13,8, 1,08, 6,85, 29, 56, 99, 13,27, Off, Off, Off, Off, Off, Off, On, On, Off, Off, Off, Lean
372.812, 2325, 2,71, 83, 15, 16, 13,6, 1,14, 7,29, 28, 56, 99, 14,12, Off, Off, Off, Off, Off, Off, On, On, Off, Off, Off, Lean
372.875, 2338, 2,74, 83, 44, 16, 13,8, 1,16, 7,57, 27, 56, 99, 14,75, Off, Off, Off, Off, Off, Off, On, On, Off, Off, Off, Lean
372.937, 2450, 2,76, 83, 74, 16, 13,8, 1,16, 7,35, 28, 62, 100, 15,01, Off, Off, Off, Off, Off, Off, On, On, Off, Off, Off, Rich
372.984, 2350, 2,76, 83, 79, 16, 13,8, 1,18, 7,33, 28, 58, 100, 14,35, Off, Off, Off, Off, Off, Off, On, On, Off, Off, Off, Rich
373.046, 2325, 2,76, 83, 78, 16, 13,8, 1,18, 7,28, 27, 56, 100, 14,11, Off, Off, Off, Off, Off, Off, On, On, Off, Off, Off, Rich
373.109, 2250, 2,73, 83, 78, 16, 13,8, 1,18, 7,23, 26, 52, 100, 13,56, Off, Off, Off, Off, Off, Off, On, On, Off, Off, Off, Rich
373.156, 2225, 2,74, 83, 78, 16, 13,6, 1,22, 7,25, 26, 51, 100, 13,44, Off, Off, Off, Off, Off, Off, On, On, Off, Off, Off, Rich
373.234, 2188, 2,73, 83, 77, 16, 13,8, 1,26, 7,35, 26, 47, 100, 13,4, Off, Off, Off, Off, Off, Off, On, On, Off, Off, Off, Rich
373.296, 2188, 2,76, 83, 76, 16, 13,8, 1,32, 8,41, 25, 47, 100, 15,33, Off, Off, Off, Off, Off, Off, On, On, Off, Off, Off, Rich
373.343, 2212, 2,74, 83, 81, 22, 13,8, 1,32, 8,12, 25, 49, 100, 14,97, Off, Off, Off, Off, Off, Off, On, On, Off, Off, Off, Rich
373.406, 2238, 2,78, 83, 84, 22, 13,8, 1,4, 8,47, 25, 51, 100, 15,8, Off, Off, Off, Off, Off, Off, On, On, Off, Off, Off, Rich
373.453, 2225, 2,78, 83, 85, 22, 13,7, 1,42, 8,69, 25, 51, 100, 16,11, Off, Off, Off, Off, Off, Off, On, On, Off, Off, Off, Rich
373.515, 2250, 2,8, 83, 85, 22, 13,8, 1,42, 8,65, 26, 52, 100, 16,22, Off, Off, Off, Off, Off, Off, On, On, Off, Off, Off, Rich
373.562, 2275, 2,8, 83, 86, 22, 13,8, 1,44, 8,47, 25, 54, 100, 16,06, Off, Off, Off, Off, Off, Off, On, On, Off, Off, Off, Rich
373.609, 2325, 2,8, 83, 86, 22, 13,9, 1,44, 8,54, 26, 56, 100, 16,55, Off, Off, Off, Off, Off, Off, On, On, Off, Off, Off, Rich
373.671, 2338, 2,82, 83, 86, 22, 13,8, 1,5, 8,72, 26, 56, 100, 16,99, Off, Off, Off, Off, Off, Off, On, On, Off, Off, Off, Rich
373.718, 2325, 2,84, 83, 86, 22, 13,8, 1,52, 8,93, 25, 56, 100, 17,3, Off, Off, Off, Off, Off, Off, On, On, Off, Off, Off, Rich
373.765, 2300, 2,85, 83, 87, 22, 13,8, 1,52, 8,88, 25, 55, 100, 17,02, Off, Off, Off, Off, Off, Off, On, On, Off, Off, Off, Rich
373.828, 2388, 2,86, 83, 87, 22, 13,8, 1,54, 8,89, 25, 60, 100, 17,69, Off, Off, Off, Off, Off, Off, On, On, Off, Off, Off, Rich
373.875, 2388, 2,86, 83, 87, 22, 13,8, 1,54, 8,88, 25, 60, 100, 17,67, Off, Off, Off, Off, Off, Off, On, On, Off, Off, Off, Rich
373.953, 2375, 2,87, 83, 87, 22, 13,8, 1,56, 8,8, 25, 60, 100, 17,42, Off, Off, Off, Off, Off, Off, On, On, Off, Off, Off, Rich
374.000, 2400, 2,89, 83, 87, 22, 13,8, 1,58, 8,93, 25, 62, 100, 17,86, Off, Off, Off, Off, Off, Off, On, On, Off, Off, Off, Rich
374.046, 2388, 2,89, 83, 87, 26, 13,8, 1,6, 8,91, 25, 60, 100, 17,73, Off, Off, Off, Off, Off, Off, On, On, Off, Off, Off, Rich
374.093, 2450, 2,9, 83, 87, 26, 13,8, 1,6, 8,92, 25, 62, 100, 18,21, Off, Off, Off, Off, Off, Off, On, On, Off, Off, Off, Rich
374.156, 2438, 2,9, 83, 87, 26, 13,8, 1,6, 8,91, 26, 62, 100, 18,1, Off, Off, Off, Off, Off, Off, On, On, Off, Off, Off, Rich
374.203, 2425, 2,91, 83, 87, 26, 13,9, 1,6, 8,86, 24, 62, 100, 17,9, Off, Off, Off, Off, Off, Off, On, On, Off, Off, Off, Rich
374.250, 2425, 2,92, 83, 87, 26, 13,9, 1,6, 8,91, 24, 62, 100, 18,01, Off, Off, Off, Off, Off, Off, On, On, Off, Off, Off, Rich
374.296, 2425, 2,93, 83, 87, 26, 13,8, 1,62, 8,99, 24, 62, 100, 18,17, Off, Off, Off, Off, Off, Off, On, On, Off, Off, Off, Rich
374.359, 2500, 2,94, 83, 86, 26, 13,8, 1,66, 9,15, 23, 62, 100, 19,06, Off, Off, Off, Off, Off, Off, On, On, Off, Off, Off, Rich
374.406, 2438, 2,95, 83, 86, 26, 13,8, 1,68, 9,15, 23, 62, 100, 18,59, Off, Off, Off, Off, Off, Off, On, On, Off, Off, Off, Rich
374.468, 2512, 2,96, 83, 87, 26, 13,8, 1,7, 9,18, 22, 62, 100, 19,22, Off, Off, Off, Off, Off, Off, On, On, Off, Off, Off, Rich
374.531, 2488, 2,96, 83, 87, 26, 13,9, 1,7, 9,16, 22, 62, 100, 18,99, Off, Off, Off, Off, Off, Off, On, On, Off, Off, Off, Rich
374.578, 2488, 2,98, 83, 87, 26, 13,9, 1,72, 9,14, 23, 62, 100, 18,95, Off, Off, Off, Off, Off, Off, On, On, Off, Off, Off, Rich
374.640, 2512, 2,98, 83, 87, 26, 13,8, 1,72, 9,19, 23, 62, 100, 19,24, Off, Off, Off, Off, Off, Off, On, On, Off, Off, Off, Rich
374.703, 2588, 2,99, 83, 87, 26, 13,8, 1,74, 9,2, 23, 62, 100, 19,84, Off, Off, Off, Off, Off, Off, On, On, Off, Off, Off, Rich
374.750, 2562, 3, 83, 87, 30, 13,8, 1,76, 9,24, 23, 62, 100, 19,73, Off, Off, Off, Off, Off, Off, On, On, Off, Off, Off, Rich
374.812, 2550, 2,98, 83, 87, 30, 13,8, 1,76, 9,12, 23, 62, 100, 19,38, Off, Off, Off, Off, Off, Off, On, On, Off, Off, Off, Rich
374.859, 2538, 3, 83, 87, 30, 13,8, 1,76, 9,12, 23, 62, 100, 19,29, Off, Off, Off, Off, Off, Off, On, On, Off, Off, Off, Rich
374.921, 2600, 3, 83, 86, 30, 13,8, 1,78, 9,13, 23, 62, 100, 19,78, Off, Off, Off, Off, Off, Off, On, On, Off, Off, Off, Rich
374.984, 2538, 3, 83, 86, 30, 13,9, 1,78, 9,14, 24, 62, 100, 19,33, Off, Off, Off, Off, Off, Off, On, On, Off, Off, Off, Rich
375.031, 2550, 3,01, 83, 87, 30, 13,9, 1,78, 9,12, 24, 62, 100, 19,38, Off, Off, Off, Off, Off, Off, On, On, Off, Off, Off, Rich
375.093, 2612, 3,01, 83, 87, 30, 13,9, 1,78, 9,09, 24, 62, 100, 19,79, Off, Off, Off, Off, Off, Off, On, On, Off, Off, Off, Rich
375.140, 2625, 3,02, 83, 86, 30, 13,7, 1,8, 9,15, 24, 62, 100, 20,02, Off, Off, Off, Off, Off, Off, On, On, Off, Off, Off, Rich
375.203, 2662, 3,02, 83, 86, 30, 13,8, 1,8, 9,13, 24, 62, 100, 20,25, Off, Off, Off, Off, Off, Off, On, On, Off, Off, Off, Rich
375.250, 2650, 3,02, 83, 87, 30, 13,8, 1,8, 9,08, 24, 62, 100, 20,05, Off, Off, Off, Off, Off, Off, On, On, Off, Off, Off, Rich
375.328, 2650, 3,02, 83, 86, 30, 13,8, 1,78, 9,04, 24, 62, 100, 19,96, Off, Off, Off, Off, Off, Off, On, On, Off, Off, Off, Rich
375.390, 2650, 3,02, 83, 86, 30, 13,7, 1,78, 8,96, 25, 62, 100, 19,79, Off, Off, Off, Off, Off, Off, On, On, Off, Off, Off, Rich
375.437, 2675, 3,03, 83, 86, 36, 13,8, 1,78, 9,02, 24, 62, 100, 20,11, Off, Off, Off, Off, Off, Off, On, On, Off, Off, Off, Rich
375.500, 2712, 3,02, 83, 86, 36, 13,8, 1,78, 8,98, 24, 62, 100, 20,29, Off, Off, Off, Off, Off, Off, On, On, Off, Off, Off, Rich
375.546, 2712, 3,03, 83, 86, 36, 13,8, 1,78, 8,97, 24, 62, 100, 20,27, Off, Off, Off, Off, Off, Off, On, On, Off, Off, Off, Rich
375.609, 2662, 3,04, 83, 86, 36, 13,8, 1,78, 8,95, 25, 62, 100, 19,85, Off, Off, Off, Off, Off, Off, On, On, Off, Off, Off, Rich
375.656, 2725, 3,04, 83, 86, 36, 13,8, 1,78, 8,94, 25, 62, 100, 20,3, Off, Off, Off, Off, Off, Off, On, On, Off, Off, Off, Rich
375.718, 2700, 3,04, 83, 86, 36, 13,8, 1,78, 8,95, 25, 62, 100, 20,14, Off, Off, Off, Off, Off, Off, On, On, Off, Off, Off, Rich
375.765, 2750, 3,04, 83, 86, 36, 13,8, 1,78, 8,89, 25, 62, 100, 20,37, Off, Off, Off, Off, Off, Off, On, On, Off, Off, Off, Rich
375.828, 2700, 3,05, 83, 86, 36, 13,8, 1,78, 8,95, 25, 62, 100, 20,14, Off, Off, Off, Off, Off, Off, On, On, Off, Off, Off, Rich
375.875, 2825, 3,06, 83, 86, 36, 13,8, 1,78, 8,92, 25, 62, 100, 21, Off, Off, Off, Off, Off, Off, On, On, Off, Off, Off, Rich
375.921, 2750, 3,06, 83, 85, 36, 13,9, 1,78, 8,95, 25, 62, 100, 20,51, Off, Off, Off, Off, Off, Off, On, On, Off, Off, Off, Rich
375.984, 2750, 3,07, 83, 86, 36, 13,8, 1,78, 8,96, 25, 62, 100, 20,53, Off, Off, Off, Off, Off, Off, On, On, Off, Off, Off, Rich
376.046, 2788, 3,07, 83, 86, 36, 13,8, 1,78, 8,94, 25, 62, 100, 20,77, Off, Off, Off, Off, Off, Off, On, On, Off, Off, Off, Rich
376.109, 2788, 3,07, 83, 86, 36, 13,8, 1,78, 8,97, 25, 62, 100, 20,84, Off, Off, Off, Off, Off, Off, On, On, Off, Off, Off, Rich
376.156, 2825, 3,08, 83, 86, 40, 13,7, 1,78, 8,99, 25, 62, 100, 21,16, Off, Off, Off, Off, Off, Off, On, On, Off, Off, Off, Rich
376.203, 2825, 3,09, 83, 86, 40, 13,8, 1,78, 8,96, 25, 62, 100, 21,09, Off, Off, Off, Off, Off, Off, On, On, Off, Off, Off, Rich
376.265, 2875, 3,08, 83, 86, 40, 13,8, 1,78, 8,98, 25, 62, 100, 21,51, Off, Off, Off, Off, Off, Off, On, On, Off, Off, Off, Rich
376.312, 2838, 3,09, 83, 86, 40, 13,8, 1,78, 8,94, 25, 62, 100, 21,14, Off, Off, Off, Off, Off, Off, On, On, Off, Off, Off, Rich
376.375, 2862, 3,1, 83, 86, 40, 13,8, 1,76, 8,95, 25, 62, 100, 21,35, Off, Off, Off, Off, Off, Off, On, On, Off, Off, Off, Rich
376.421, 2875, 3,1, 83, 86, 40, 13,8, 1,76, 8,96, 25, 62, 100, 21,47, Off, Off, Off, Off, Off, Off, On, On, Off, Off, Off, Rich
376.468, 2838, 3,1, 83, 86, 40, 13,8, 1,76, 8,98, 24, 62, 100, 21,24, Off, Off, Off, Off, Off, Off, On, On, Off, Off, Off, Rich
376.515, 2888, 3,11, 83, 85, 40, 13,8, 1,74, 8,98, 24, 62, 100, 21,61, Off, Off, Off, Off, Off, Off, On, On, Off, Off, Off, Rich
376.578, 2838, 3,12, 83, 86, 40, 13,8, 1,74, 8,99, 23, 62, 100, 21,26, Off, Off, Off, Off, Off, Off, On, On, Off, Off, Off, Rich
376.625, 2938, 3,12, 83, 85, 40, 13,7, 1,72, 8,88, 24, 62, 100, 21,74, Off, Off, Off, Off, Off, Off, On, On, Off, Off, Off, Rich
376.671, 2950, 3,12, 83, 86, 40, 13,7, 1,7, 8,91, 23, 62, 100, 21,9, Off, Off, Off, Off, Off, Off, On, On, Off, Off, Off, Rich
376.750, 2950, 3,14, 83, 85, 40, 13,9, 1,7, 8,92, 23, 62, 100, 21,93, Off, Off, Off, Off, Off, Off, On, On, Off, Off, Off, Rich
376.796, 2975, 3,12, 83, 85, 40, 13,8, 1,68, 8,91, 23, 62, 100, 22,09, Off, Off, Off, Off, Off, Off, On, On, Off, Off, Off, Rich
376.859, 2938, 3,14, 83, 86, 46, 13,8, 1,68, 8,9, 23, 62, 100, 21,79, Off, Off, Off, Off, Off, Off, On, On, Off, Off, Off, Rich
376.906, 2988, 3,14, 83, 85, 46, 13,8, 1,64, 8,89, 23, 62, 100, 22,14, Off, Off, Off, Off, Off, Off, On, On, Off, Off, Off, Rich
376.953, 2975, 3,13, 83, 86, 46, 13,8, 1,64, 8,84, 23, 62, 100, 21,92, Off, Off, Off, Off, Off, Off, On, On, Off, Off, Off, Rich
377.015, 2988, 3,14, 83, 86, 46, 13,8, 1,64, 8,83, 23, 62, 100, 21,99, Off, Off, Off, Off, Off, Off, On, On, Off, Off, Off, Rich
377.062, 3025, 3,15, 83, 85, 46, 13,8, 1,64, 8,88, 23, 62, 100, 22,39, Off, Off, Off, Off, Off, Off, On, On, Off, Off, Off, Rich
377.125, 3000, 3,15, 83, 85, 46, 13,8, 1,62, 8,84, 23, 62, 100, 22,1, Off, Off, Off, Off, Off, Off, On, On, Off, Off, Off, Rich
377.187, 3050, 3,16, 83, 85, 46, 13,8, 1,62, 8,87, 22, 62, 100, 22,54, Off, Off, Off, Off, Off, Off, On, On, Off, Off, Off, Rich
377.234, 3025, 3,16, 83, 85, 46, 13,8, 1,62, 8,9, 22, 62, 100, 22,44, Off, Off, Off, Off, Off, Off, On, On, Off, Off, Off, Rich
377.296, 3100, 3,16, 83, 86, 46, 13,8, 1,62, 8,86, 23, 62, 100, 22,89, Off, Off, Off, Off, Off, Off, On, On, Off, Off, Off, Rich
377.343, 3088, 3,18, 83, 86, 46, 13,8, 1,62, 8,84, 22, 62, 100, 22,75, Off, Off, Off, Off, Off, Off, On, On, Off, Off, Off, Rich
377.390, 3125, 3,18, 83, 85, 46, 13,8, 1,62, 8,86, 21, 62, 100, 23,07, Off, Off, Off, Off, Off, Off, On, On, Off, Off, Off, Rich
377.468, 3125, 3,2, 83, 86, 46, 13,8, 1,62, 8,87, 22, 62, 100, 23,1, Off, Off, Off, Off, Off, Off, On, On, Off, Off, Off, Rich
377.515, 3138, 3,19, 83, 85, 46, 13,8, 1,62, 8,83, 22, 62, 100, 23,09, Off, Off, Off, Off, Off, Off, On, On, Off, Off, Off, Rich
377.578, 3162, 3,2, 83, 86, 48, 13,8, 1,62, 8,8, 22, 62, 100, 23,19, Off, Off, Off, Off, Off, Off, On, On, Off, Off, Off, Rich
377.625, 3162, 3,2, 83, 85, 48, 13,7, 1,62, 8,8, 21, 62, 100, 23,19, Off, Off, Off, Off, Off, Off, On, On, Off, Off, Off, Rich
377.687, 3212, 3,2, 83, 86, 48, 13,8, 1,62, 8,81, 22, 62, 100, 23,58, Off, Off, Off, Off, Off, Off, On, On, Off, Off, Off, Rich
377.734, 3200, 3,2, 83, 86, 48, 13,7, 1,62, 8,78, 21, 62, 100, 23,41, Off, Off, Off, Off, Off, Off, On, On, Off, Off, Off, Rich
377.796, 3200, 3,2, 83, 86, 48, 13,8, 1,62, 8,77, 21, 62, 100, 23,39, Off, Off, Off, Off, Off, Off, On, On, Off, Off, Off, Rich
377.843, 3212, 3,21, 83, 86, 48, 13,8, 1,62, 8,76, 22, 62, 100, 23,45, Off, Off, Off, Off, Off, Off, On, On, Off, Off, Off, Rich
377.890, 3238, 3,22, 83, 86, 48, 13,8, 1,62, 8,76, 22, 62, 100, 23,64, Off, Off, Off, Off, Off, Off, On, On, Off, Off, Off, Rich
377.953, 3250, 3,22, 83, 86, 48, 13,8, 1,6, 8,7, 22, 62, 100, 23,56, Off, Off, Off, Off, Off, Off, On, On, Off, Off, Off, Rich
378.000, 3288, 3,22, 83, 86, 48, 13,8, 1,6, 8,69, 22, 62, 100, 23,81, Off, Off, Off, Off, Off, Off, On, On, Off, Off, Off, Rich
378.062, 3288, 3,22, 83, 86, 48, 13,8, 1,6, 8,68, 22, 62, 100, 23,78, Off, Off, Off, Off, Off, Off, On, On, Off, Off, Off, Rich
378.125, 3325, 3,24, 83, 85, 48, 13,8, 1,6, 8,79, 22, 62, 100, 24,36, Off, Off, Off, Off, Off, Off, On, On, Off, Off, Off, Rich
378.187, 3400, 3,24, 83, 86, 48, 13,6, 1,6, 8,77, 22, 62, 100, 24,85, Off, Off, Off, Off, Off, Off, On, On, Off, Off, Off, Rich
378.250, 3362, 3,24, 83, 86, 48, 13,8, 1,6, 8,8, 22, 62, 100, 24,65, Off, Off, Off, Off, Off, Off, On, On, Off, Off, Off, Rich
378.296, 3425, 3,25, 83, 87, 52, 13,8, 1,6, 8,78, 22, 62, 100, 25,06, Off, Off, Off, Off, Off, Off, On, On, Off, Off, Off, Rich
378.359, 3400, 3,25, 83, 86, 52, 13,8, 1,6, 8,81, 22, 62, 100, 24,96, Off, Off, Off, Off, Off, Off, On, On, Off, Off, Off, Rich
378.406, 3412, 3,24, 83, 87, 52, 13,8, 1,58, 8,62, 21, 62, 100, 24,51, Off, Off, Off, Off, Off, Off, On, On, Off, Off, Off, Rich
378.453, 3400, 3,25, 83, 86, 52, 13,8, 1,58, 8,71, 21, 62, 100, 24,68, Off, Off, Off, Off, Off, Off, On, On, Off, Off, Off, Rich
378.515, 3400, 3,26, 83, 86, 52, 13,8, 1,58, 8,76, 21, 62, 100, 24,82, Off, Off, Off, Off, Off, Off, On, On, Off, Off, Off, Rich
378.562, 3450, 3,26, 83, 86, 52, 13,6, 1,58, 8,76, 21, 62, 100, 25,19, Off, Off, Off, Off, Off, Off, On, On, Off, Off, Off, Rich
378.609, 3425, 3,26, 83, 87, 52, 13,8, 1,58, 8,74, 21, 62, 100, 24,95, Off, Off, Off, Off, Off, Off, On, On, Off, Off, Off, Rich
378.656, 3400, 3,26, 83, 86, 52, 13,7, 1,58, 8,72, 21, 62, 100, 24,71, Off, Off, Off, Off, Off, Off, On, On, Off, Off, Off, Rich
378.703, 3412, 3,26, 83, 87, 52, 13,7, 1,58, 8,73, 21, 62, 100, 24,82, Off, Off, Off, Off, Off, Off, On, On, Off, Off, Off, Rich
378.765, 3425, 3,24, 83, 86, 52, 13,8, 1,56, 8,72, 21, 62, 100, 24,89, Off, Off, Off, Off, Off, Off, On, On, Off, Off, Off, Rich
378.828, 3425, 3,25, 83, 87, 52, 13,8, 1,56, 8,67, 22, 62, 100, 24,75, Off, Off, Off, Off, Off, Off, On, On, Off, Off, Off, Rich
378.875, 3400, 3,25, 83, 87, 52, 13,7, 1,56, 8,71, 21, 62, 100, 24,68, Off, Off, Off, Off, Off, Off, On, On, Off, Off, Off, Rich
378.937, 3412, 3,25, 83, 87, 52, 13,8, 1,56, 8,7, 22, 62, 100, 24,74, Off, Off, Off, Off, Off, Off, On, On, Off, Off, Off, Rich
378.984, 3400, 3,24, 83, 87, 56, 13,6, 1,56, 8,69, 22, 62, 100, 24,62, Off, Off, Off, Off, Off, Off, On, On, Off, Off, Off, Rich
379.046, 3412, 3,24, 83, 87, 56, 13,8, 1,54, 8,54, 23, 62, 100, 24,28, Off, Off, Off, Off, Off, Off, On, On, Off, Off, Off, Rich
379.093, 3350, 3,23, 83, 87, 56, 13,7, 1,54, 8,47, 13, 62, 100, 23,65, Off, Off, Off, Off, Off, Off, On, On, Off, Off, Off, Rich
379.156, 3262, 3,2, 83, 87, 56, 13,9, 1,52, 8,45, 4, 62, 100, 22,97, Off, Off, Off, Off, Off, Off, On, On, Off, Off, Off, Rich
379.203, 3138, 3,18, 83, 86, 56, 13,8, 1,52, 8,49, 5, 62, 100, 22,2, Off, Off, Off, Off, Off, Off, On, On, Off, Off, Off, Rich
379.265, 2988, 3,14, 83, 86, 56, 13,8, 1,52, 8,61, 7, 62, 100, 21,44, Off, Off, Off, Off, Off, Off, On, On, Off, Off, Off, Rich
379.312, 2875, 3,09, 83, 86, 56, 13,7, 1,52, 8,65, 27, 62, 100, 20,72, Off, Off, Off, Off, Off, Off, On, On, Off, Off, Off, Rich
379.359, 2825, 3,06, 83, 87, 56, 13,8, 1,52, 8,62, 28, 62, 100, 20,29, Off, Off, Off, Off, Off, Off, On, On, Off, Off, Off, Rich
379.421, 2750, 3,02, 83, 88, 56, 13,8, 1,52, 8,56, 28, 62, 100, 19,62, Off, Off, Off, Off, Off, Off, On, On, Off, Off, Off, Rich
379.484, 2675, 3, 83, 88, 56, 13,8, 1,52, 8,47, 27, 62, 100, 18,88, Off, Off, Off, Off, Off, Off, On, On, Off, Off, Off, Rich
379.546, 2662, 2,97, 83, 87, 56, 13,8, 1,52, 8,53, 26, 62, 100, 18,92, Off, Off, Off, Off, Off, Off, On, On, Off, Off, Off, Rich
379.609, 2612, 2,96, 83, 87, 56, 13,8, 1,52, 8,58, 26, 62, 100, 18,68, Off, Off, Off, Off, Off, Off, On, On, Off, Off, Off, Rich
379.656, 2600, 2,96, 83, 87, 56, 13,9, 1,52, 8,6, 26, 62, 100, 18,63, Off, Off, Off, Off, Off, Off, On, On, Off, Off, Off, Rich
379.703, 2650, 2,96, 83, 87, 58, 13,8, 1,52, 8,64, 26, 62, 100, 19,08, Off, Off, Off, Off, Off, Off, On, On, Off, Off, Off, Rich
379.765, 2650, 2,96, 83, 87, 58, 13,8, 1,52, 8,56, 26, 62, 100, 18,9, Off, Off, Off, Off, Off, Off, On, On, Off, Off, Off, Rich
379.812, 2625, 2,96, 83, 87, 58, 13,8, 1,52, 8,6, 26, 62, 100, 18,81, Off, Off, Off, Off, Off, Off, On, On, Off, Off, Off, Rich
379.859, 2612, 2,96, 83, 87, 58, 13,8, 1,52, 8,6, 26, 62, 100, 18,72, Off, Off, Off, Off, Off, Off, On, On, Off, Off, Off, Rich
379.921, 2662, 2,96, 83, 87, 58, 13,8, 1,52, 8,66, 26, 62, 100, 19,21, Off, Off, Off, Off, Off, Off, On, On, Off, Off, Off, Rich
379.968, 2650, 2,95, 83, 87, 58, 13,7, 1,52, 8,64, 26, 62, 100, 19,08, Off, Off, Off, Off, Off, Off, On, On, Off, Off, Off, Rich
380.031, 2625, 2,96, 83, 88, 58, 13,8, 1,52, 8,56, 26, 62, 100, 18,73, Off, Off, Off, Off, Off, Off, On, On, Off, Off, Off, Rich
380.093, 2612, 2,96, 83, 87, 58, 13,8, 1,52, 8,56, 26, 62, 100, 18,63, Off, Off, Off, Off, Off, Off, On, On, Off, Off, Off, Rich
380.140, 2650, 2,96, 83, 87, 58, 13,8, 1,5, 8,57, 26, 62, 100, 18,93, Off, Off, Off, Off, Off, Off, On, On, Off, Off, Off, Rich
380.218, 2612, 2,95, 83, 87, 58, 13,8, 1,5, 8,55, 26, 62, 100, 18,61, Off, Off, Off, Off, Off, Off, On, On, Off, Off, Off, Rich
380.265, 2612, 2,92, 83, 87, 58, 13,8, 1,42, 8,24, 26, 62, 100, 17,94, Off, Off, Off, Off, Off, Off, On, On, Off, Off, Off, Rich
380.328, 2612, 2,86, 83, 87, 58, 13,9, 1,26, 7,41, 27, 62, 100, 16,13, Off, Off, Off, Off, Off, Off, On, On, Off, Off, Off, Rich
380.375, 2600, 2,52, 83, 87, 58, 13,8, 0,8, 5,77, 31, 62, 100, 12,5, Off, Off, Off, Off, Off, Off, On, On, Off, Off, Off, Rich
380.437, 2538, 2,26, 83, 87, 58, 13,9, 0,62, 3,9, 35, 62, 100, 8,25, Off, Off, Off, Off, Off, Off, On, On, Off, Off, Off, Rich
380.484, 2375, 1,83, 83, 87, 58, 13,7, 0,34, 3,24, 35, 60, 100, 6,41, Off, Off, Off, Off, On, Off, On, Off, Off, Off, Off, Rich
380.531, 2325, 1,7, 83, 86, 58, 13,8, 0,34, 2,91, 30, 56, 100, 5,64, Off, Off, Off, Off, On, Off, On, Off, Off, Off, Off, Rich
380.593, 2275, 1,62, 83, 87, 58, 13,8, 0,34, 2,53, 28, 54, 100, 4,8, Off, Off, Off, Off, On, Off, On, Off, Off, Off, Off, Rich
380.656, 2250, 1,56, 83, 89, 58, 13,8, 0,34, 2,06, 28, 52, 100, 3,86, Off, Off, Off, Off, On, Off, On, Off, Off, Off, Off, Rich
380.703, 2238, 1,49, 83, 90, 58, 13,8, 0,34, 2,01, 28, 51, 100, 3,75, Off, Off, Off, Off, On, Off, On, Off, Off, Off, Off, Rich
380.750, 2225, 1,46, 83, 90, 58, 13,8, 0,34, 1,84, 28, 51, 100, 3,41, Off, Off, Off, Off, On, Off, On, Off, Off, Off, Off, Rich
380.812, 2212, 1,48, 83, 90, 58, 13,8, 0,34, 1,74, 28, 49, 100, 3,21, Off, Off, Off, Off, On, Off, On, Off, Off, Off, Off, Rich
380.859, 2175, 1,44, 83, 90, 58, 13,9, 0,34, 1,64, 28, 47, 100, 2,97, Off, Off, Off, Off, On, Off, On, Off, Off, Off, Off, Rich
380.937, 2162, 1,44, 83, 89, 58, 13,9, 0,34, 1,61, 28, 46, 100, 2,9, Off, Off, Off, Off, On, Off, On, Off, Off, Off, Off, Rich
380.984, 2125, 1,41, 83, 87, 58, 13,7, 0,34, 1,59, 28, 44, 100, 2,82, Off, Off, Off, Off, On, Off, On, Off, Off, Off, Off, Rich
381.046, 2125, 1,42, 83, 86, 58, 13,8, 0,34, 1,55, 28, 44, 94, 2,74, Off, Off, Off, Off, On, Off, On, Off, Off, Off, Off, Rich
381.093, 2062, 1,35, 83, 80, 60, 13,8, 0,34, 1,54, 28, 40, 94, 2,65, Off, Off, Off, Off, On, Off, On, Off, Off, Off, Off, Rich
381.156, 2050, 1,34, 83, 77, 60, 13,6, 0,34, 1,55, 25, 40, 94, 2,65, Off, Off, Off, Off, On, Off, On, Off, Off, Off, Off, Rich
381.203, 2000, 1,3, 83, 72, 60, 13,8, 0,34, 1,56, 22, 37, 94, 2,6, Off, Off, Off, Off, On, Off, On, Off, Off, Off, Off, Rich
381.250, 1975, 1,3, 83, 71, 60, 13,8, 0,34, 1,55, 19, 37, 94, 2,55, Off, Off, Off, Off, On, Off, On, Off, Off, Off, Off, Rich
381.312, 1912, 1,32, 83, 68, 60, 13,8, 0,34, 1,56, 16, 37, 94, 2,49, Off, Off, Off, Off, On, Off, On, Off, Off, Off, Off, Rich
381.359, 1862, 1,28, 83, 45, 60, 13,6, 0,34, 1,56, 12, 37, 94, 2,42, Off, Off, Off, Off, On, Off, On, Off, Off, Off, Off, Rich
381.406, 1838, 1,27, 83, 11, 60, 13,8, 0,34, 1,56, 8, 36, 94, 2,39, Off, Off, Off, Off, On, Off, On, Off, Off, Off, Off, Rich
381.468, 1762, 1,28, 83, 2, 60, 13,7, 0,34, 1,56, 4, 36, 94, 2,29, Off, Off, Off, Off, On, Off, On, Off, Off, Off, Off, Rich
381.515, 1738, 1,28, 83, 1, 60, 13,8, 0,34, 0,74, 11, 36, 94, 1,07, Off, Off, Off, Off, On, Off, On, Off, Off, Off, Off, Rich
381.562, 1688, 1,28, 83, 0, 60, 13,7, 0,34, 0,74, 23, 36, 94, 1,04, Off, Off, Off, Off, On, Off, On, Off, Off, Off, Off, Rich
381.640, 1625, 1,27, 83, 0, 60, 13,8, 0,34, 0,74, 23, 36, 94, 1, Off, Off, Off, Off, On, Off, On, Off, Off, Off, Off, Rich
381.687, 1538, 1,28, 83, 0, 60, 13,8, 0,34, 0,74, 22, 35, 94, 0,95, Off, Off, Off, Off, On, Off, On, Off, Off, Off, Off, Rich
381.734, 1488, 1,27, 83, 0, 60, 13,8, 0,34, 1,72, 21, 35, 94, 2,13, Off, Off, Off, Off, On, Off, On, Off, Off, Off, Off, Rich
381.796, 1438, 1,27, 83, 0, 60, 13,8, 0,34, 1,62, 19, 35, 94, 1,94, Off, Off, Off, Off, On, Off, On, Off, Off, Off, Off, Rich
381.843, 1462, 1,25, 83, 0, 56, 13,8, 0,34, 1,6, 19, 35, 94, 1,95, Off, Off, Off, Off, On, Off, On, Off, Off, Off, Off, Rich
381.890, 1462, 1,24, 83, 0, 56, 13,8, 0,34, 1,61, 19, 34, 94, 1,96, Off, Off, Off, Off, On, Off, On, Off, Off, Off, Off, Rich
381.953, 1425, 1,23, 83, 0, 56, 13,8, 0,34, 1,61, 18, 34, 94, 1,91, Off, Off, Off, Off, On, Off, On, Off, Off, Off, Off, Rich
382.000, 1412, 1,23, 83, 0, 56, 13,8, 0,34, 1,61, 17, 33, 94, 1,89, Off, Off, Off, Off, On, Off, On, Off, Off, Off, Off, Rich
382.062, 1362, 1,24, 83, 0, 56, 13,7, 0,34, 1,63, 17, 33, 94, 1,85, Off, Off, Off, Off, On, Off, On, Off, Off, Off, Off, Rich
382.109, 1312, 1,23, 83, 0, 56, 13,8, 0,34, 1,65, 16, 33, 94, 1,8, Off, Off, Off, Off, On, Off, On, Off, Off, Off, Off, Rich
382.171, 1262, 1,23, 83, 0, 56, 13,7, 0,34, 1,67, 14, 33, 94, 1,76, Off, Off, Off, Off, On, Off, On, Off, Off, Off, Off, Rich
382.218, 1225, 1,23, 83, 0, 56, 13,8, 0,34, 1,69, 13, 32, 94, 1,73, Off, Off, Off, Off, On, Off, On, Off, Off, Off, Off, Rich
382.265, 1200, 1,23, 83, 0, 56, 13,8, 0,34, 1,7, 13, 32, 94, 1,7, Off, Off, Off, Off, On, Off, On, Off, Off, Off, Off, Rich
382.343, 1150, 1,23, 83, 0, 56, 13,6, 0,34, 1,71, 13, 31, 94, 1,64, Off, Off, Off, Off, On, Off, On, Off, Off, Off, Off, Rich
382.390, 1138, 1,22, 83, 0, 56, 13,8, 0,34, 1,75, 13, 31, 94, 1,66, Off, Off, Off, Off, On, Off, On, Off, Off, Off, Off, Rich
382.437, 1088, 1,2, 83, 0, 56, 13,8, 0,34, 1,77, 13, 31, 94, 1,6, Off, Off, Off, Off, On, Off, On, Off, Off, Off, Off, Rich
382.500, 1062, 1,2, 83, 0, 56, 13,8, 0,34, 1,78, 13, 31, 94, 1,58, Off, Off, Off, Off, On, Off, On, Off, Off, Off, Off, Rich
382.562, 1050, 1,2, 83, 0, 50, 13,8, 0,34, 1,81, 13, 30, 94, 1,58, Off, Off, Off, Off, On, Off, On, Off, Off, Off, Off, Rich
382.609, 1025, 1,19, 83, 1, 50, 13,8, 0,34, 1,82, 13, 30, 94, 1,55, Off, Off, Off, Off, On, Off, On, Off, Off, Off, Off, Rich
382.656, 1000, 1,19, 83, 1, 50, 13,8, 0,34, 1,84, 13, 30, 94, 1,53, Off, Off, Off, Off, On, Off, On, Off, Off, Off, Off, Rich
382.703, 1000, 1,18, 83, 1, 50, 13,7, 0,34, 1,86, 13, 29, 94, 1,55, Off, Off, Off, Off, On, Off, On, Off, Off, Off, Off, Rich
382.765, 1000, 1,18, 83, 1, 50, 13,8, 0,34, 1,88, 13, 29, 94, 1,57, Off, Off, Off, Off, On, Off, On, Off, Off, Off, Off, Rich
382.812, 1000, 1,18, 83, 1, 50, 13,8, 0,34, 1,9, 13, 29, 94, 1,58, Off, Off, Off, Off, On, Off, On, Off, Off, Off, Off, Rich
382.875, 988, 1,18, 83, 1, 50, 13,8, 0,34, 1,9, 13, 29, 94, 1,56, Off, Off, Off, Off, On, Off, On, Off, Off, Off, Off, Rich
382.921, 975, 1,18, 83, 1, 50, 13,8, 0,34, 1,91, 13, 29, 94, 1,55, Off, Off, Off, Off, On, Off, On, Off, Off, Off, Off, Rich
382.968, 988, 1,17, 83, 1, 50, 13,7, 0,34, 1,92, 13, 29, 94, 1,58, Off, Off, Off, Off, On, Off, On, Off, Off, Off, Off, Rich
383.046, 988, 1,18, 83, 1, 50, 13,8, 0,34, 1,92, 13, 29, 94, 1,58, Off, Off, Off, Off, On, Off, On, Off, Off, Off, Off, Rich
383.093, 975, 1,17, 83, 1, 50, 13,8, 0,34, 1,93, 13, 29, 94, 1,57, Off, Off, Off, Off, On, Off, On, Off, Off, Off, Off, Rich
383.140, 975, 1,17, 83, 1, 50, 13,8, 0,34, 1,94, 13, 29, 94, 1,58, Off, Off, Off, Off, On, Off, On, Off, Off, Off, Off, Rich
383.203, 950, 1,17, 83, 1, 50, 13,7, 0,34, 1,95, 13, 29, 94, 1,54, Off, Off, Off, Off, On, Off, On, Off, Off, Off, Off, Rich
383.250, 938, 1,17, 83, 1, 46, 13,8, 0,34, 1,96, 13, 29, 100, 1,53, Off, Off, Off, Off, On, Off, On, Off, Off, Off, Off, Rich
383.296, 925, 1,18, 83, 1, 46, 13,8, 0,34, 2,05, 13, 29, 100, 1,58, Off, Off, Off, Off, On, Off, On, Off, Off, Off, Off, Rich
383.343, 900, 1,17, 83, 1, 46, 13,7, 0,34, 2,06, 13, 29, 100, 1,54, Off, Off, Off, Off, On, Off, On, Off, Off, Off, Off, Rich
383.390, 925, 1,16, 83, 1, 46, 13,6, 0,34, 2,05, 13, 29, 100, 1,58, Off, Off, Off, Off, On, Off, On, Off, Off, Off, Off, Rich
383.437, 900, 1,17, 83, 1, 46, 13,6, 0,34, 2,06, 13, 29, 100, 1,54, Off, Off, Off, Off, On, Off, On, Off, Off, Off, Off, Rich
383.500, 900, 1,17, 83, 1, 46, 13,7, 0,34, 2,08, 13, 29, 100, 1,56, Off, Off, Off, Off, On, Off, On, Off, Off, Off, Off, Rich
383.546, 925, 1,17, 83, 1, 46, 13,8, 0,34, 2,1, 13, 29, 100, 1,62, Off, Off, Off, Off, On, Off, On, Off, Off, Off, Off, Rich
383.593, 925, 1,17, 83, 1, 46, 13,6, 0,34, 2,1, 13, 29, 100, 1,62, Off, Off, Off, Off, On, Off, On, Off, Off, Off, Off, Rich
383.656, 900, 1,16, 83, 2, 46, 13,8, 0,34, 2,1, 13, 29, 100, 1,57, Off, Off, Off, Off, On, Off, On, Off, Off, Off, Off, Rich
383.718, 900, 1,16, 83, 2, 46, 13,8, 0,34, 2,12, 13, 29, 100, 1,59, Off, Off, Off, Off, On, Off, On, Off, Off, Off, Off, Rich
383.765, 888, 1,16, 83, 3, 46, 13,6, 0,34, 2,11, 13, 29, 100, 1,56, Off, Off, Off, Off, On, Off, On, Off, Off, Off, Off, Rich
383.828, 900, 1,17, 83, 3, 46, 13,8, 0,34, 2,14, 13, 29, 100, 1,61, Off, Off, Off, Off, On, Off, On, Off, Off, Off, Off, Rich
383.875, 888, 1,17, 83, 3, 46, 13,7, 0,34, 2,15, 13, 29, 100, 1,59, Off, Off, Off, Off, On, Off, On, Off, Off, Off, Off, Rich
383.921, 875, 1,16, 83, 4, 36, 13,8, 0,34, 2,15, 13, 38, 100, 1,57, Off, Off, Off, Off, On, Off, On, Off, Off, Off, Off, Rich
383.984, 862, 1,24, 83, 4, 36, 13,8, 0,34, 2,19, 13, 38, 100, 1,57, Off, Off, Off, Off, On, Off, On, Off, Off, Off, Off, Rich
384.031, 875, 1,26, 83, 5, 36, 13,8, 0,34, 2,21, 13, 38, 100, 1,61, Off, Off, Off, Off, On, Off, On, Off, Off, Off, Off, Rich
384.078, 838, 1,28, 83, 5, 36, 13,8, 0,34, 2,3, 13, 38, 100, 1,61, Off, Off, Off, Off, On, Off, On, Off, Off, Off, Off, Rich
384.140, 862, 1,27, 83, 5, 36, 13,8, 0,34, 2,38, 13, 38, 100, 1,71, Off, Off, Off, Off, On, Off, On, Off, Off, Off, Off, Rich
384.187, 862, 1,27, 83, 6, 36, 13,8, 0,34, 2,4, 13, 38, 100, 1,72, Off, Off, Off, Off, On, Off, On, Off, Off, Off, Off, Rich
384.234, 838, 1,27, 83, 5, 36, 13,5, 0,34, 2,45, 13, 38, 100, 1,71, Off, Off, Off, Off, On, Off, On, Off, Off, Off, Off, Rich
384.296, 862, 1,28, 83, 5, 36, 13,8, 0,34, 2,49, 13, 38, 100, 1,79, Off, Off, Off, Off, On, Off, On, Off, Off, Off, Off, Rich
384.343, 838, 1,27, 83, 5, 36, 13,8, 0,34, 2,5, 13, 38, 100, 1,75, Off, Off, Off, Off, On, Off, On, Off, Off, Off, Off, Rich
384.421, 825, 1,27, 83, 4, 36, 13,7, 0,34, 2,56, 13, 38, 100, 1,76, Off, Off, Off, Off, On, Off, On, Off, Off, Off, Off, Rich
384.468, 825, 1,27, 83, 4, 36, 13,8, 0,34, 2,59, 13, 38, 100, 1,78, Off, Off, Off, Off, On, Off, On, Off, Off, Off, Off, Rich
384.515, 838, 1,27, 83, 3, 36, 13,8, 0,34, 2,61, 13, 38, 100, 1,82, Off, Off, Off, Off, On, Off, On, Off, Off, Off, Off, Rich
384.578, 825, 1,27, 83, 3, 36, 13,7, 0,34, 2,66, 13, 38, 100, 1,83, Off, Off, Off, Off, On, Off, On, Off, Off, Off, Off, Rich
384.625, 812, 1,27, 83, 3, 32, 13,8, 0,34, 2,65, 13, 38, 100, 1,79, Off, Off, Off, Off, On, Off, On, Off, Off, Off, Off, Lean
384.687, 788, 1,26, 83, 3, 32, 13,8, 0,34, 2,75, 13, 38, 100, 1,81, Off, Off, Off, Off, On, Off, On, Off, Off, Off, Off, Lean
384.734, 775, 1,26, 83, 3, 32, 13,8, 0,34, 2,75, 13, 38, 100, 1,78, Off, Off, Off, Off, On, Off, On, Off, Off, Off, Off, Lean
384.781, 775, 1,27, 83, 3, 32, 13,8, 0,34, 2,77, 13, 38, 100, 1,79, Off, Off, Off, Off, On, Off, On, Off, Off, Off, Off, Lean
384.843, 775, 1,26, 83, 3, 32, 13,8, 0,34, 2,8, 13, 38, 100, 1,81, Off, Off, Off, Off, On, Off, On, Off, Off, Off, Off, Lean
384.890, 775, 1,27, 83, 3, 32, 13,8, 0,34, 2,83, 13, 38, 100, 1,83, Off, Off, Off, Off, On, Off, On, Off, Off, Off, Off, Lean
384.937, 788, 1,26, 83, 3, 32, 13,8, 0,34, 2,84, 13, 38, 100, 1,86, Off, Off, Off, Off, On, Off, On, Off, Off, Off, Off, Lean
384.984, 788, 1,25, 83, 2, 32, 13,8, 0,34, 2,86, 13, 38, 100, 1,88, Off, Off, Off, Off, On, Off, On, Off, Off, Off, Off, Lean
385.031, 788, 1,26, 83, 3, 32, 13,8, 0,34, 2,89, 13, 38, 100, 1,9, Off, Off, Off, Off, On, Off, On, Off, Off, Off, Off, Lean
385.093, 788, 1,25, 83, 3, 32, 13,8, 0,34, 2,9, 13, 38, 100, 1,9, Off, Off, Off, Off, On, Off, On, Off, Off, Off, Off, Lean
385.156, 838, 1,25, 83, 3, 32, 13,8, 0,34, 2,89, 13, 38, 100, 2,02, Off, Off, Off, Off, On, Off, On, Off, Off, Off, Off, Lean
385.203, 825, 1,26, 83, 4, 32, 13,8, 0,34, 2,88, 13, 38, 100, 1,98, Off, Off, Off, Off, On, Off, On, Off, Off, Off, Off, Lean
385.250, 862, 1,26, 83, 4, 32, 13,7, 0,34, 2,89, 13, 38, 100, 2,08, Off, Off, Off, Off, On, Off, On, Off, Off, Off, Off, Lean
385.296, 838, 1,25, 83, 5, 32, 13,8, 0,34, 2,88, 13, 38, 100, 2,01, Off, Off, Off, Off, On, Off, On, Off, Off, Off, Off, Lean
385.359, 862, 1,25, 83, 11, 24, 13,8, 0,34, 2,87, 13, 38, 100, 2,06, Off, Off, Off, Off, On, Off, On, Off, Off, Off, Off, Lean
385.406, 875, 1,26, 83, 47, 24, 13,8, 0,34, 2,87, 13, 38, 100, 2,09, Off, Off, Off, Off, On, Off, On, Off, Off, Off, Off, Lean
385.468, 888, 1,26, 83, 74, 24, 13,8, 0,34, 2,84, 13, 38, 100, 2,1, Off, Off, Off, Off, On, Off, On, Off, Off, Off, Off, Lean
385.515, 875, 1,26, 83, 74, 24, 13,8, 0,34, 2,79, 13, 38, 101, 2,03, Off, Off, Off, Off, On, Off, On, Off, Off, Off, Off, Rich
385.578, 888, 1,26, 83, 81, 24, 13,8, 0,34, 2,73, 13, 38, 101, 2,02, Off, Off, Off, Off, On, Off, On, Off, Off, Off, Off, Rich
385.625, 888, 1,26, 83, 83, 24, 13,9, 0,34, 2,74, 13, 38, 101, 2,03, Off, Off, Off, Off, On, Off, On, Off, Off, Off, Off, Rich
385.671, 888, 1,26, 83, 83, 24, 13,8, 0,34, 2,72, 13, 38, 101, 2,01, Off, Off, Off, Off, On, Off, On, Off, Off, Off, Off, Rich
385.734, 888, 1,27, 83, 83, 24, 13,9, 0,34, 2,71, 13, 38, 101, 2,01, Off, Off, Off, Off, On, Off, On, Off, Off, Off, Off, Rich
385.781, 875, 1,27, 83, 82, 24, 13,9, 0,34, 2,71, 13, 38, 101, 1,98, Off, Off, Off, Off, On, Off, On, Off, Off, Off, Off, Rich
385.859, 875, 1,26, 83, 82, 24, 13,9, 0,34, 2,69, 13, 38, 101, 1,96, Off, Off, Off, Off, On, Off, On, Off, Off, Off, Off, Rich
385.906, 875, 1,27, 83, 83, 24, 13,9, 0,34, 2,7, 13, 38, 101, 1,97, Off, Off, Off, Off, On, Off, On, Off, Off, Off, Off, Rich
385.968, 875, 1,27, 83, 82, 24, 13,8, 0,34, 2,68, 13, 38, 101, 1,95, Off, Off, Off, Off, On, Off, On, Off, Off, Off, Off, Rich
386.015, 862, 1,27, 83, 82, 24, 13,8, 0,34, 2,69, 13, 38, 101, 1,93, Off, Off, Off, Off, On, Off, On, Off, Off, Off, Off, Rich
386.078, 862, 1,27, 83, 81, 20, 13,8, 0,34, 2,69, 13, 38, 101, 1,93, Off, Off, Off, Off, On, Off, On, Off, Off, Off, Off, Rich
386.125, 862, 1,27, 83, 81, 20, 13,8, 0,34, 2,69, 13, 38, 101, 1,93, Off, Off, Off, Off, On, Off, On, Off, Off, Off, Off, Rich
386.187, 875, 1,27, 83, 81, 20, 13,8, 0,34, 2,7, 13, 38, 101, 1,97, Off, Off, Off, Off, On, Off, On, Off, Off, Off, Off, Rich
386.234, 862, 1,26, 83, 81, 20, 13,8, 0,34, 2,7, 13, 38, 101, 1,94, Off, Off, Off, Off, On, Off, On, Off, Off, Off, Off, Rich
386.281, 862, 1,27, 83, 81, 20, 13,8, 0,34, 2,71, 13, 38, 101, 1,95, Off, Off, Off, Off, On, Off, On, Off, Off, Off, Off, Rich
386.328, 862, 1,27, 83, 81, 20, 13,8, 0,34, 2,7, 13, 38, 101, 1,94, Off, Off, Off, Off, On, Off, On, Off, Off, Off, Off, Rich
386.390, 862, 1,26, 83, 80, 20, 13,7, 0,34, 2,7, 13, 38, 101, 1,94, Off, Off, Off, Off, On, Off, On, Off, Off, Off, Off, Rich
386.437, 838, 1,26, 83, 80, 20, 13,9, 0,34, 2,72, 13, 38, 101, 1,9, Off, Off, Off, Off, On, Off, On, Off, Off, Off, Off, Rich
386.484, 838, 1,27, 83, 78, 20, 13,9, 0,34, 2,7, 13, 38, 101, 1,89, Off, Off, Off, Off, On, Off, On, Off, Off, Off, Off, Rich
386.546, 825, 1,26, 83, 78, 20, 13,8, 0,34, 2,7, 13, 38, 101, 1,86, Off, Off, Off, Off, On, Off, On, Off, Off, Off, Off, Rich
386.593, 838, 1,26, 83, 79, 20, 13,7, 0,34, 2,73, 13, 38, 101, 1,91, Off, Off, Off, Off, On, Off, On, Off, Off, Off, Off, Rich
386.640, 825, 1,26, 83, 75, 20, 13,7, 0,34, 2,73, 13, 38, 101, 1,88, Off, Off, Off, Off, On, Off, On, Off, Off, Off, Off, Rich
386.703, 825, 1,26, 83, 75, 20, 13,8, 0,34, 2,74, 13, 38, 101, 1,88, Off, Off, Off, Off, On, Off, On, Off, Off, Off, Off, Rich
386.750, 812, 1,26, 83, 71, 20, 13,7, 0,34, 2,75, 13, 38, 101, 1,86, Off, Off, Off, Off, On, Off, On, Off, Off, Off, Off, Rich
386.796, 812, 1,26, 83, 55, 20, 13,7, 0,34, 2,76, 13, 38, 101, 1,87, Off, Off, Off, Off, On, Off, On, Off, Off, Off, Off, Rich
386.843, 825, 1,26, 83, 33, 20, 13,8, 0,34, 2,77, 13, 38, 101, 1,9, Off, Off, Off, Off, On, Off, On, Off, Off, Off, Off, Rich
386.890, 788, 1,25, 83, 33, 20, 13,8, 0,34, 2,76, 13, 38, 101, 1,81, Off, Off, Off, Off, On, Off, On, Off, Off, Off, Off, Lean
386.953, 812, 1,25, 83, 13, 20, 13,8, 0,34, 2,83, 13, 38, 101, 1,91, Off, Off, Off, Off, On, Off, On, Off, Off, Off, Off, Lean
387.000, 812, 1,26, 83, 7, 20, 13,7, 0,34, 2,83, 13, 38, 101, 1,91, Off, Off, Off, Off, On, Off, On, Off, Off, Off, Off, Lean
387.046, 825, 1,26, 83, 7, 20, 13,7, 0,34, 2,85, 13, 38, 101, 1,96, Off, Off, Off, Off, On, Off, On, Off, Off, Off, Off, Lean
387.109, 825, 1,25, 83, 3, 20, 13,5, 0,34, 2,87, 13, 38, 101, 1,97, Off, Off, Off, Off, On, Off, On, Off, Off, Off, Off, Lean
387.156, 812, 1,25, 83, 3, 20, 13,7, 0,34, 2,86, 13, 38, 101, 1,94, Off, Off, Off, Off, On, Off, On, Off, Off, Off, Off, Lean
387.203, 838, 1,26, 83, 3, 20, 13,7, 0,34, 2,85, 13, 38, 101, 1,99, Off, Off, Off, Off, On, Off, On, Off, Off, Off, Off, Lean
387.281, 825, 1,24, 83, 3, 20, 13,5, 0,34, 2,86, 13, 38, 101, 1,97, Off, Off, Off, Off, On, Off, On, Off, Off, Off, Off, Lean
387.328, 838, 1,24, 83, 4, 20, 13,6, 0,34, 2,85, 13, 38, 101, 1,99, Off, Off, Off, Off, On, Off, On, Off, Off, Off, Off, Lean
387.375, 825, 1,25, 83, 5, 20, 13,7, 0,34, 2,85, 13, 38, 101, 1,96, Off, Off, Off, Off, On, Off, On, Off, Off, Off, Off, Lean
387.421, 838, 1,25, 83, 5, 20, 13,6, 0,34, 2,84, 13, 38, 101, 1,98, Off, Off, Off, Off, On, Off, On, Off, Off, Off, Off, Lean
387.468, 875, 1,25, 83, 8, 16, 13,7, 0,34, 2,83, 13, 38, 101, 2,06, Off, Off, Off, Off, On, Off, On, Off, Off, Off, Off, Lean
387.531, 875, 1,24, 83, 9, 16, 13,7, 0,34, 2,8, 13, 38, 101, 2,04, Off, Off, Off, Off, On, Off, On, Off, Off, Off, Off, Lean
387.578, 862, 1,25, 83, 11, 16, 13,8, 0,34, 2,79, 13, 38, 101, 2, Off, Off, Off, Off, On, Off, On, Off, Off, Off, Off, Lean
387.640, 875, 1,26, 83, 9, 16, 13,8, 0,34, 2,79, 13, 38, 101, 2,03, Off, Off, Off, Off, On, Off, On, Off, Off, Off, Off, Lean
387.687, 862, 1,26, 83, 7, 16, 13,8, 0,34, 2,78, 13, 38, 101, 2, Off, Off, Off, Off, On, Off, On, Off, Off, Off, Off, Lean
387.734, 862, 1,26, 83, 7, 16, 13,7, 0,34, 2,79, 13, 38, 101, 2, Off, Off, Off, Off, On, Off, On, Off, Off, Off, Off, Lean
387.781, 838, 1,26, 83, 5, 16, 13,8, 0,34, 2,78, 13, 38, 101, 1,94, Off, Off, Off, Off, On, Off, On, Off, Off, Off, Off, Lean
387.843, 838, 1,26, 83, 5, 16, 13,7, 0,34, 2,79, 13, 38, 101, 1,95, Off, Off, Off, Off, On, Off, On, Off, Off, Off, Off, Lean
387.890, 788, 1,26, 83, 5, 16, 13,8, 0,34, 2,78, 13, 38, 101, 1,83, Off, Off, Off, Off, On, Off, On, Off, Off, Off, Off, Lean
387.968, 812, 1,26, 83, 4, 16, 13,6, 0,34, 2,8, 13, 38, 101, 1,89, Off, Off, Off, Off, On, Off, On, Off, Off, Off, Off, Lean
388.015, 788, 1,26, 83, 4, 16, 13,5, 0,34, 2,84, 13, 38, 101, 1,86, Off, Off, Off, Off, On, Off, On, Off, Off, Off, Off, Lean
388.062, 762, 1,26, 83, 4, 16, 13,7, 0,34, 2,86, 13, 38, 101, 1,82, Off, Off, Off, Off, On, Off, On, Off, Off, Off, Off, Lean
388.125, 762, 1,25, 83, 3, 16, 13,8, 0,34, 2,87, 13, 38, 101, 1,82, Off, Off, Off, Off, On, Off, On, Off, Off, Off, Off, Lean
388.171, 762, 1,26, 83, 3, 10, 13,8, 0,34, 2,89, 13, 38, 101, 1,84, Off, Off, Off, Off, On, Off, On, Off, Off, Off, Off, Lean
388.218, 762, 1,26, 83, 2, 10, 13,8, 0,34, 2,92, 13, 38, 101, 1,85, Off, Off, Off, Off, On, Off, On, Off, Off, Off, Off, Lean
388.281, 762, 1,24, 83, 2, 10, 13,8, 0,34, 2,92, 13, 38, 101, 1,85, Off, Off, Off, Off, On, Off, On, Off, Off, Off, Off, Lean
388.328, 738, 1,25, 83, 2, 10, 13,8, 0,34, 2,94, 13, 38, 101, 1,81, Off, Off, Off, Off, On, Off, On, Off, Off, Off, Off, Lean
388.390, 775, 1,26, 83, 2, 10, 13,7, 0,34, 2,95, 13, 38, 101, 1,91, Off, Off, Off, Off, On, Off, On, Off, Off, Off, Off, Lean
388.437, 775, 1,25, 83, 1, 10, 13,8, 0,34, 2,96, 13, 38, 101, 1,91, Off, Off, Off, Off, On, Off, On, Off, Off, Off, Off, Lean
388.484, 762, 1,24, 83, 2, 10, 13,8, 0,34, 2,97, 13, 38, 101, 1,89, Off, Off, Off, Off, On, Off, On, Off, Off, Off, Off, Lean
388.546, 762, 1,25, 83, 2, 10, 13,8, 0,34, 2,97, 13, 38, 101, 1,89, Off, Off, Off, Off, On, Off, On, Off, Off, Off, Off, Lean
388.593, 762, 1,25, 83, 2, 10, 13,9, 0,34, 2,99, 13, 38, 101, 1,9, Off, Off, Off, Off, On, Off, On, Off, Off, Off, Off, Lean
388.656, 775, 1,25, 83, 2, 10, 13,9, 0,34, 2,97, 13, 38, 101, 1,92, Off, Off, Off, Off, On, Off, On, Off, Off, Off, Off, Lean
388.703, 775, 1,26, 83, 3, 10, 13,8, 0,34, 2,99, 13, 38, 101, 1,93, Off, Off, Off, Off, On, Off, On, Off, Off, Off, Off, Lean
388.750, 775, 1,24, 83, 3, 10, 13,8, 0,34, 3,01, 13, 38, 101, 1,94, Off, Off, Off, Off, On, Off, On, Off, Off, Off, Off, Lean
388.796, 788, 1,25, 83, 3, 10, 13,8, 0,34, 3, 13, 38, 101, 1,97, Off, Off, Off, Off, On, Off, On, Off, Off, Off, Off, Lean
388.859, 788, 1,25, 83, 4, 10, 13,8, 0,34, 2,99, 13, 38, 101, 1,96, Off, Off, Off, Off, On, Off, On, Off, Off, Off, Off, Lean
388.906, 812, 1,25, 83, 4, 8, 13,8, 0,34, 2,99, 13, 38, 101, 2,02, Off, Off, Off, Off, On, Off, On, Off, Off, Off, Off, Lean
388.968, 788, 1,25, 83, 6, 8, 13,8, 0,36, 3, 13, 38, 101, 1,97, Off, Off, Off, Off, On, Off, On, Off, Off, Off, Off, Lean
389.015, 825, 1,31, 83, 8, 8, 13,8, 0,38, 3, 11, 38, 101, 2,06, Off, Off, Off, Off, On, Off, On, Off, Off, Off, Off, Lean
389.078, 838, 1,35, 83, 35, 8, 13,9, 0,4, 3,11, 14, 38, 101, 2,17, Off, Off, Off, Off, Off, Off, On, Off, Off, Off, Off, Lean
389.125, 888, 1,53, 83, 64, 8, 13,8, 0,5, 4,11, 17, 38, 101, 3,04, Off, Off, Off, Off, Off, Off, On, Off, Off, Off, Off, Lean
389.171, 925, 1,58, 83, 64, 8, 13,8, 0,5, 4,08, 17, 38, 101, 3,14, Off, Off, Off, Off, Off, Off, On, Off, Off, Off, Off, Rich
389.234, 938, 1,6, 83, 76, 8, 13,8, 0,5, 3,95, 17, 38, 101, 3,09, Off, Off, Off, Off, Off, Off, On, Off, Off, Off, Off, Rich
389.281, 988, 1,66, 83, 80, 8, 13,8, 0,54, 4,31, 18, 38, 101, 3,55, Off, Off, Off, Off, Off, Off, On, Off, Off, Off, Off, Rich
389.343, 1000, 1,72, 83, 83, 8, 13,8, 0,56, 4,54, 22, 38, 101, 3,78, Off, Off, Off, Off, Off, Off, On, Off, Off, Off, Off, Rich
389.406, 1088, 1,84, 83, 85, 8, 13,8, 0,64, 4,94, 22, 38, 101, 4,48, Off, Off, Off, Off, Off, Off, On, Off, Off, Off, Off, Rich
389.453, 1112, 1,92, 83, 86, 8, 13,8, 0,66, 5,11, 23, 38, 101, 4,74, Off, Off, Off, Off, Off, Off, On, Off, Off, Off, Off, Rich
389.515, 1200, 1,98, 83, 86, 8, 13,6, 0,68, 5,44, 23, 38, 101, 5,44, Off, Off, Off, Off, Off, Off, On, Off, Off, Off, Off, Rich
389.562, 1250, 2, 83, 87, 8, 13,8, 0,7, 5,53, 24, 38, 101, 5,76, Off, Off, Off, Off, Off, Off, On, Off, Off, Off, Off, Rich
389.609, 1325, 2,02, 83, 88, 8, 13,8, 0,7, 5,68, 24, 38, 101, 6,27, Off, Off, Off, Off, Off, Off, On, Off, Off, Off, Off, Rich
389.671, 1388, 2,02, 83, 88, 8, 13,8, 0,7, 5,66, 24, 38, 101, 6,55, Off, Off, Off, Off, Off, Off, On, Off, Off, Off, Off, Rich
389.734, 1462, 2,02, 83, 87, 8, 13,9, 0,7, 5,6, 24, 38, 101, 6,82, Off, Off, Off, Off, Off, Off, On, Off, Off, Off, Off, Rich
389.781, 1475, 2,02, 83, 87, 8, 14, 0,7, 5,45, 24, 38, 101, 6,7, Off, Off, Off, Off, Off, Off, On, Off, Off, Off, Off, Rich
389.828, 1512, 2,04, 83, 88, 8, 13,7, 0,7, 5,35, 26, 38, 101, 6,74, Off, Off, Off, Off, Off, Off, On, Off, Off, Off, Off, Rich
389.875, 1525, 2,04, 83, 87, 8, 14, 0,7, 5,28, 26, 38, 101, 6,71, Off, Off, Off, Off, Off, Off, On, Off, Off, Off, Off, Rich
389.937, 1562, 2,04, 83, 87, 8, 13,9, 0,7, 5,11, 26, 38, 101, 6,65, Off, Off, Off, Off, Off, Off, On, Off, Off, Off, Off, Rich
389.984, 1562, 2,04, 83, 87, 8, 13,8, 0,7, 5,01, 26, 38, 101, 6,52, Off, Off, Off, Off, Off, Off, On, Off, Off, Off, Off, Rich
390.062, 1562, 2,06, 83, 86, 8, 13,8, 0,7, 4,93, 26, 38, 101, 6,42, Off, Off, Off, Off, Off, Off, On, Off, Off, Off, Off, Rich
390.109, 1575, 2,02, 83, 84, 8, 13,8, 0,7, 4,88, 26, 38, 101, 6,41, Off, Off, Off, Off, Off, Off, On, Off, Off, Off, Off, Rich
390.171, 1562, 2,04, 83, 83, 8, 13,7, 0,7, 4,81, 27, 38, 101, 6,26, Off, Off, Off, Off, Off, Off, On, Off, Off, Off, Off, Rich
390.218, 1588, 2,06, 83, 80, 8, 13,8, 0,72, 4,78, 27, 38, 101, 6,33, Off, Off, Off, Off, Off, Off, On, Off, Off, Off, Off, Rich
390.281, 1588, 2,06, 83, 79, 8, 13,8, 0,72, 4,77, 27, 38, 101, 6,31, Off, Off, Off, Off, Off, Off, On, Off, Off, Off, Off, Rich
390.328, 1588, 2,05, 83, 75, 8, 13,8, 0,72, 4,71, 27, 38, 101, 6,23, Off, Off, Off, Off, Off, Off, On, Off, Off, Off, Off, Rich
390.375, 1588, 2,06, 83, 74, 8, 13,6, 0,72, 4,71, 27, 38, 101, 6,23, Off, Off, Off, Off, Off, Off, On, Off, Off, Off, Off, Rich
390.437, 1588, 2,07, 83, 73, 8, 13,7, 0,72, 4,71, 27, 38, 101, 6,23, Off, Off, Off, Off, Off, Off, On, Off, Off, Off, Off, Rich
390.484, 1600, 2,06, 83, 57, 8, 13,8, 0,72, 4,65, 27, 38, 101, 6,2, Off, Off, Off, Off, Off, Off, On, Off, Off, Off, Off, Rich
390.546, 1625, 2,08, 83, 39, 8, 13,9, 0,72, 4,86, 27, 38, 98, 6,58, Off, Off, Off, Off, Off, Off, On, Off, Off, Off, Off, Lean
390.593, 1638, 2,08, 83, 15, 8, 13,9, 0,74, 4,95, 27, 38, 98, 6,76, Off, Off, Off, Off, Off, Off, On, Off, Off, Off, Off, Lean
390.640, 1650, 2,11, 83, 9, 8, 13,9, 0,74, 4,95, 27, 38, 98, 6,81, Off, Off, Off, Off, Off, Off, On, Off, Off, Off, Off, Lean
390.687, 1675, 2, 82, 6, 8, 13,8, 0,64, 4,72, 28, 38, 98, 6,59, Off, Off, Off, Off, Off, Off, On, Off, Off, Off, Off, Lean
390.750, 1675, 2,01, 82, 7, 8, 13,8, 0,7, 4,48, 29, 38, 98, 6,25, Off, Off, Off, Off, Off, Off, On, Off, Off, Off, Off, Lean
390.796, 1688, 2,07, 82, 19, 8, 13,8, 0,74, 5,17, 27, 38, 98, 7,27, Off, Off, Off, Off, Off, Off, On, Off, Off, Off, Off, Lean
390.859, 1688, 2,07, 82, 64, 8, 13,7, 0,72, 4,89, 27, 38, 96, 6,88, Off, Off, Off, Off, Off, Off, On, Off, Off, Off, Off, Rich
390.906, 1688, 2,08, 82, 73, 8, 13,7, 0,72, 4,74, 28, 38, 96, 6,67, Off, Off, Off, Off, Off, Off, On, Off, Off, Off, Off, Rich
390.968, 1700, 2,12, 82, 80, 8, 13,8, 0,74, 4,83, 28, 38, 96, 6,84, Off, Off, Off, Off, Off, Off, On, Off, Off, Off, Off, Rich
391.015, 1725, 2,1, 82, 80, 12, 13,8, 0,72, 4,82, 27, 38, 96, 6,93, Off, Off, Off, Off, Off, Off, On, Off, Off, Off, Off, Rich
391.078, 1738, 2,01, 82, 79, 12, 13,8, 0,62, 4,19, 29, 38, 96, 6,07, Off, Off, Off, Off, Off, Off, On, Off, Off, Off, Off, Rich
391.125, 1738, 1,92, 82, 78, 12, 13,8, 0,64, 3,84, 31, 38, 96, 5,56, Off, Off, Off, Off, Off, Off, On, Off, Off, Off, Off, Rich
391.187, 1700, 2,02, 82, 77, 12, 13,8, 0,7, 4,46, 28, 38, 96, 6,32, Off, Off, Off, Off, Off, Off, On, Off, Off, Off, Off, Rich
391.234, 1700, 2,05, 82, 52, 12, 13,8, 0,7, 4,23, 28, 38, 96, 5,99, Off, Off, Off, Off, Off, Off, On, Off, Off, Off, Off, Rich
391.281, 1738, 2,05, 82, 21, 12, 13,8, 0,7, 4,4, 29, 38, 96, 6,37, Off, Off, Off, Off, Off, Off, On, Off, Off, Off, Off, Lean
391.343, 1738, 2,12, 82, 5, 12, 13,8, 0,78, 4,87, 27, 38, 96, 7,05, Off, Off, Off, Off, Off, Off, On, Off, Off, Off, Off, Lean
391.390, 1788, 2,14, 82, 3, 12, 14, 0,72, 4,77, 28, 38, 96, 7,11, Off, Off, Off, Off, Off, Off, On, Off, Off, Off, Off, Lean
391.468, 1812, 2,08, 82, 4, 12, 13,9, 0,7, 4,44, 29, 38, 96, 6,7, Off, Off, Off, Off, Off, Off, On, Off, Off, Off, Off, Lean
391.515, 1838, 2,12, 82, 10, 12, 13,8, 0,74, 4,78, 29, 38, 96, 7,32, Off, Off, Off, Off, Off, Off, On, Off, Off, Off, Off, Lean
391.562, 1838, 2,1, 82, 30, 12, 13,8, 0,72, 4,62, 29, 38, 96, 7,08, Off, Off, Off, Off, Off, Off, On, Off, Off, Off, Off, Lean
391.625, 1862, 2,1, 82, 66, 12, 13,8, 0,72, 4,36, 30, 38, 97, 6,77, Off, Off, Off, Off, Off, Off, On, Off, Off, Off, Off, Rich
391.671, 1850, 2,09, 82, 70, 12, 13,8, 0,72, 4,31, 30, 38, 97, 6,64, Off, Off, Off, Off, Off, Off, On, Off, Off, Off, Off, Rich
391.718, 1850, 2,09, 82, 71, 16, 13,7, 0,72, 4,23, 30, 38, 97, 6,52, Off, Off, Off, Off, Off, Off, On, Off, Off, Off, Off, Rich
391.781, 1788, 2,12, 82, 63, 16, 13,8, 0,72, 4,18, 30, 38, 97, 6,23, Off, Off, Off, Off, Off, Off, On, Off, Off, Off, Off, Rich
391.828, 1700, 2,1, 82, 17, 16, 13,7, 0,72, 4,42, 29, 38, 98, 6,26, Off, Off, Off, Off, Off, Off, On, Off, Off, Off, Off, Lean
391.890, 1638, 2,11, 82, 8, 16, 13,8, 0,72, 4,67, 28, 38, 98, 6,37, Off, Off, Off, Off, Off, Off, On, Off, Off, Off, Off, Lean
391.937, 1588, 2,08, 82, 3, 16, 13,8, 0,72, 4,78, 28, 38, 98, 6,33, Off, Off, Off, Off, Off, Off, On, Off, Off, Off, Off, Lean
391.984, 1575, 2,11, 82, 2, 16, 13,9, 0,74, 4,86, 27, 38, 98, 6,38, Off, Off, Off, Off, Off, Off, On, Off, Off, Off, Off, Lean
392.031, 1562, 2,12, 82, 2, 16, 13,8, 0,74, 5,16, 27, 38, 98, 6,72, Off, Off, Off, Off, Off, Off, On, Off, Off, Off, Off, Lean
392.093, 1575, 2,12, 82, 3, 16, 13,8, 0,76, 5,23, 26, 38, 98, 6,86, Off, Off, Off, Off, Off, Off, On, Off, Off, Off, Off, Lean
392.156, 1575, 2,12, 82, 4, 16, 13,8, 0,76, 5,36, 26, 38, 98, 7,04, Off, Off, Off, Off, Off, Off, On, Off, Off, Off, Off, Lean
392.203, 1600, 2,14, 82, 18, 16, 13,8, 0,78, 5,5, 26, 38, 98, 7,33, Off, Off, Off, Off, Off, Off, On, Off, Off, Off, Off, Lean
392.265, 1625, 2,16, 82, 54, 16, 13,8, 0,78, 5,54, 26, 38, 98, 7,5, Off, Off, Off, Off, Off, Off, On, Off, Off, Off, Off, Lean
392.312, 1650, 2,18, 82, 78, 16, 13,8, 0,8, 5,43, 26, 38, 100, 7,47, Off, Off, Off, Off, Off, Off, On, Off, Off, Off, Off, Rich
392.359, 1675, 2,26, 82, 81, 16, 13,6, 0,86, 5,77, 25, 38, 100, 8,05, Off, Off, Off, Off, Off, Off, On, Off, Off, Off, Off, Rich
392.406, 1688, 2,3, 82, 82, 18, 13,8, 0,86, 6,02, 26, 38, 100, 8,47, Off, Off, Off, Off, Off, Off, On, Off, Off, Off, Off, Rich
392.453, 1725, 2,28, 82, 82, 18, 13,8, 0,86, 5,77, 25, 38, 100, 8,29, Off, Off, Off, Off, Off, Off, On, Off, Off, Off, Off, Rich
392.515, 1750, 2,29, 82, 83, 18, 13,8, 0,86, 5,78, 26, 38, 100, 8,43, Off, Off, Off, Off, Off, Off, On, Off, Off, Off, Off, Rich
392.562, 1788, 2,28, 82, 83, 18, 13,8, 0,86, 5,77, 26, 38, 100, 8,6, Off, Off, Off, Off, Off, Off, On, Off, Off, Off, Off, Rich
392.625, 1788, 2,28, 82, 81, 18, 13,8, 0,86, 5,68, 26, 38, 100, 8,46, Off, Off, Off, Off, Off, Off, On, Off, Off, Off, Off, Rich
392.671, 1800, 2,31, 82, 80, 18, 13,8, 0,86, 5,66, 26, 38, 100, 8,49, Off, Off, Off, Off, Off, Off, On, Off, Off, Off, Off, Rich
392.718, 1838, 2,3, 82, 79, 18, 13,8, 0,86, 5,61, 26, 38, 100, 8,59, Off, Off, Off, Off, Off, Off, On, Off, Off, Off, Off, Rich
392.781, 1838, 2,3, 82, 78, 18, 13,8, 0,86, 5,52, 27, 38, 100, 8,45, Off, Off, Off, Off, Off, Off, On, Off, Off, Off, Off, Rich
392.843, 1838, 2,29, 82, 76, 18, 13,8, 0,86, 5,46, 28, 38, 100, 8,36, Off, Off, Off, Off, Off, Off, On, Off, Off, Off, Off, Rich
392.890, 1850, 2,3, 82, 72, 18, 13,8, 0,88, 5,42, 28, 38, 100, 8,36, Off, Off, Off, Off, Off, Off, On, Off, Off, Off, Off, Rich
392.953, 1850, 2,32, 82, 59, 18, 13,8, 0,86, 5,41, 27, 38, 100, 8,34, Off, Off, Off, Off, Off, Off, On, Off, Off, Off, Off, Rich
393.000, 1850, 2,35, 82, 22, 18, 13,6, 0,9, 5,82, 27, 38, 100, 8,97, Off, Off, Off, Off, Off, Off, On, Off, Off, Off, Off, Lean
393.046, 1850, 2,35, 82, 11, 18, 13,8, 0,9, 5,95, 27, 38, 100, 9,17, Off, Off, Off, Off, Off, Off, On, Off, Off, Off, Off, Lean
393.109, 1862, 2,36, 82, 5, 22, 13,8, 0,9, 5,98, 27, 38, 100, 9,28, Off, Off, Off, Off, Off, Off, On, Off, Off, Off, Off, Lean
393.156, 1900, 2,38, 82, 6, 22, 13,8, 0,92, 6,05, 27, 38, 100, 9,58, Off, Off, Off, Off, Off, Off, On, Off, Off, Off, Off, Lean
393.203, 1912, 2,38, 82, 9, 22, 13,8, 0,92, 6,09, 27, 38, 100, 9,7, Off, Off, Off, Off, Off, Off, On, Off, Off, Off, Off, Lean
393.265, 1925, 2,39, 82, 41, 22, 13,8, 0,94, 6,18, 25, 38, 100, 9,91, Off, Off, Off, Off, Off, Off, On, On, Off, Off, Off, Lean
393.312, 1925, 2,39, 82, 74, 22, 13,8, 0,94, 6, 26, 38, 99, 9,62, Off, Off, Off, Off, Off, Off, On, On, Off, Off, Off, Rich
393.375, 1950, 2,42, 82, 78, 22, 13,8, 0,98, 6,08, 26, 38, 99, 9,88, Off, Off, Off, Off, Off, Off, On, On, Off, Off, Off, Rich
393.421, 2000, 2,48, 82, 81, 22, 13,9, 1, 6,31, 25, 38, 99, 10,52, Off, Off, Off, Off, Off, Off, On, On, Off, Off, Off, Rich
393.484, 2025, 2,46, 82, 79, 22, 13,8, 0,98, 6,3, 25, 38, 99, 10,63, Off, Off, Off, Off, Off, Off, On, On, Off, Off, Off, Rich
393.546, 2050, 2,48, 82, 79, 22, 13,8, 0,98, 6,23, 26, 40, 99, 10,64, Off, Off, Off, Off, Off, Off, On, On, Off, Off, Off, Rich
393.609, 2062, 2,46, 82, 80, 22, 13,7, 0,98, 6,17, 26, 40, 99, 10,6, Off, Off, Off, Off, Off, Off, On, On, Off, Off, Off, Rich
393.656, 2075, 2,48, 82, 80, 22, 13,8, 0,98, 6,06, 26, 42, 99, 10,48, Off, Off, Off, Off, Off, Off, On, On, Off, Off, Off, Rich
393.703, 2088, 2,48, 82, 79, 22, 13,7, 0,96, 6,03, 26, 42, 99, 10,49, Off, Off, Off, Off, Off, Off, On, On, Off, Off, Off, Rich
393.765, 2088, 2,32, 82, 75, 22, 13,7, 0,82, 5,39, 29, 42, 99, 9,38, Off, Off, Off, Off, Off, Off, On, On, Off, Off, Off, Rich
393.812, 2050, 2,28, 82, 69, 26, 13,8, 0,82, 4,85, 30, 40, 99, 8,29, Off, Off, Off, Off, Off, Off, On, On, Off, Off, Off, Rich
393.859, 2025, 2,25, 82, 69, 26, 13,8, 0,82, 4,76, 29, 38, 99, 8,03, Off, Off, Off, Off, Off, Off, On, On, Off, Off, Off, Rich
393.906, 2000, 2,18, 82, 62, 26, 13,8, 0,74, 4,55, 30, 38, 99, 7,58, Off, Off, Off, Off, Off, Off, On, On, Off, Off, Off, Rich
393.953, 1962, 2,13, 82, 26, 26, 13,8, 0,74, 4,25, 30, 38, 99, 6,95, Off, Off, Off, Off, Off, Off, On, On, Off, Off, Off, Rich
394.000, 1912, 2,12, 82, 7, 26, 13,8, 0,74, 4,32, 30, 38, 99, 6,88, Off, Off, Off, Off, Off, Off, On, On, Off, Off, Off, Lean
394.046, 1912, 2,11, 82, 4, 26, 13,8, 0,72, 4,2, 30, 38, 99, 6,69, Off, Off, Off, Off, Off, Off, On, On, Off, Off, Off, Lean
394.109, 1900, 2,08, 82, 2, 26, 13,8, 0,7, 4,09, 31, 38, 99, 6,48, Off, Off, Off, Off, Off, Off, On, On, Off, Off, Off, Lean
394.156, 1900, 1,98, 82, 1, 26, 13,8, 0,58, 3,6, 32, 38, 99, 5,7, Off, Off, Off, Off, Off, Off, On, On, Off, Off, Off, Lean
394.234, 1888, 1,75, 82, 1, 26, 13,8, 0,42, 3,21, 33, 38, 99, 5,05, Off, Off, Off, Off, Off, Off, On, Off, Off, Off, Off, Lean
394.281, 1850, 1,46, 82, 1, 26, 13,6, 0,34, 2,75, 27, 47, 99, 4,24, Off, Off, Off, Off, On, Off, On, Off, Off, Off, Off, Lean
394.328, 1800, 1,44, 82, 0, 26, 13,8, 0,34, 2,4, 23, 47, 99, 3,6, Off, Off, Off, Off, On, Off, On, Off, Off, Off, Off, Lean
394.375, 1762, 1,43, 82, 1, 26, 13,8, 0,34, 2,24, 23, 47, 99, 3,29, Off, Off, Off, Off, On, Off, On, Off, Off, Off, Off, Lean
394.421, 1762, 1,44, 82, 1, 26, 13,8, 0,34, 2,23, 23, 47, 99, 3,27, Off, Off, Off, Off, On, Off, On, Off, Off, Off, Off, Lean
394.468, 1750, 1,41, 82, 1, 26, 13,8, 0,34, 2,1, 23, 46, 99, 3,06, Off, Off, Off, Off, On, Off, On, Off, Off, Off, Off, Lean
394.531, 1750, 1,4, 82, 0, 30, 13,8, 0,34, 1,99, 23, 46, 99, 2,9, Off, Off, Off, Off, On, Off, On, Off, Off, Off, Off, Lean
394.578, 1738, 1,43, 82, 0, 30, 13,8, 0,34, 1,97, 23, 46, 99, 2,85, Off, Off, Off, Off, On, Off, On, Off, Off, Off, Off, Lean
394.640, 1725, 1,38, 82, 0, 30, 13,8, 0,34, 1,93, 23, 46, 99, 2,77, Off, Off, Off, Off, On, Off, On, Off, Off, Off, Off, Lean
394.687, 1688, 1,39, 82, 0, 30, 13,8, 0,34, 1,89, 23, 45, 99, 2,66, Off, Off, Off, Off, On, Off, On, Off, Off, Off, Off, Lean
394.734, 1675, 1,38, 82, 0, 30, 13,8, 0,34, 1,91, 23, 45, 99, 2,67, Off, Off, Off, Off, On, Off, On, Off, Off, Off, Off, Lean
394.796, 1675, 1,37, 82, 0, 30, 13,7, 0,34, 1,87, 23, 45, 99, 2,61, Off, Off, Off, Off, On, Off, On, Off, Off, Off, Off, Lean
394.843, 1625, 1,38, 82, 0, 30, 13,7, 0,34, 1,95, 23, 45, 99, 2,64, Off, Off, Off, Off, On, Off, On, Off, Off, Off, Off, Lean
394.906, 1600, 1,38, 82, 0, 30, 13,6, 0,34, 1,95, 23, 45, 99, 2,6, Off, Off, Off, Off, On, Off, On, Off, Off, Off, Off, Lean
394.968, 1588, 1,38, 82, 0, 30, 13,8, 0,34, 1,94, 22, 44, 99, 2,57, Off, Off, Off, Off, On, Off, On, Off, Off, Off, Off, Lean
395.031, 1538, 1,38, 82, 0, 30, 13,6, 0,34, 1,95, 22, 44, 99, 2,5, Off, Off, Off, Off, On, Off, On, Off, Off, Off, Off, Lean
395.078, 1512, 1,38, 82, 0, 30, 13,8, 0,34, 1,99, 21, 44, 99, 2,51, Off, Off, Off, Off, On, Off, On, Off, Off, Off, Off, Lean
395.125, 1488, 1,37, 82, 0, 30, 13,8, 0,34, 1,98, 20, 44, 99, 2,46, Off, Off, Off, Off, On, Off, On, Off, Off, Off, Off, Lean
395.187, 1462, 1,38, 82, 0, 30, 13,8, 0,34, 2, 19, 44, 99, 2,44, Off, Off, Off, Off, On, Off, On, Off, Off, Off, Off, Lean
395.265, 1462, 1,36, 82, 0, 32, 13,7, 0,34, 2,01, 18, 43, 99, 2,45, Off, Off, Off, Off, On, Off, On, Off, Off, Off, Off, Lean
395.296, 1412, 1,36, 82, 0, 32, 13,8, 0,34, 2,03, 18, 43, 99, 2,39, Off, Off, Off, Off, On, Off, On, Off, Off, Off, Off, Lean
395.343, 1388, 1,35, 82, 0, 32, 13,8, 0,34, 2,04, 17, 42, 99, 2,36, Off, Off, Off, Off, On, Off, On, Off, Off, Off, Off, Lean
395.406, 1362, 1,35, 82, 1, 32, 13,8, 0,34, 2,05, 17, 42, 99, 2,33, Off, Off, Off, Off, On, Off, On, Off, Off, Off, Off, Lean
395.468, 1325, 1,35, 82, 1, 32, 13,7, 0,34, 2,07, 17, 42, 99, 2,29, Off, Off, Off, Off, On, Off, On, Off, Off, Off, Off, Lean
395.515, 1312, 1,34, 82, 1, 32, 13,8, 0,34, 2,1, 15, 42, 99, 2,3, Off, Off, Off, Off, On, Off, On, Off, Off, Off, Off, Lean
395.562, 1275, 1,34, 82, 2, 32, 13,7, 0,34, 2,1, 15, 42, 99, 2,23, Off, Off, Off, Off, On, Off, On, Off, Off, Off, Off, Lean
395.640, 1262, 1,34, 82, 2, 32, 13,8, 0,34, 2,1, 14, 42, 99, 2,21, Off, Off, Off, Off, On, Off, On, Off, Off, Off, Off, Lean
395.687, 1200, 1,34, 82, 2, 32, 13,7, 0,34, 2,14, 13, 42, 99, 2,14, Off, Off, Off, Off, On, Off, On, Off, Off, Off, Off, Lean
395.750, 1188, 1,33, 83, 2, 32, 13,8, 0,34, 2,18, 13, 42, 99, 2,16, Off, Off, Off, Off, On, Off, On, Off, Off, Off, Off, Lean
395.796, 1138, 1,34, 83, 2, 32, 13,8, 0,34, 2,19, 13, 41, 99, 2,08, Off, Off, Off, Off, On, Off, On, Off, Off, Off, Off, Lean
395.843, 1100, 1,32, 83, 2, 32, 13,8, 0,34, 2,22, 13, 41, 99, 2,04, Off, Off, Off, Off, On, Off, On, Off, Off, Off, Off, Lean
395.906, 1062, 1,33, 83, 2, 32, 13,8, 0,34, 2,26, 13, 41, 99, 2, Off, Off, Off, Off, On, Off, On, Off, Off, Off, Off, Lean
395.968, 1025, 1,32, 83, 2, 30, 13,8, 0,34, 2,3, 13, 41, 99, 1,96, Off, Off, Off, Off, On, Off, On, Off, Off, Off, Off, Lean
396.015, 1025, 1,32, 83, 3, 30, 13,8, 0,34, 2,33, 13, 41, 99, 1,99, Off, Off, Off, Off, On, Off, On, Off, Off, Off, Off, Lean
396.062, 1025, 1,31, 83, 3, 30, 13,8, 0,34, 2,37, 13, 40, 99, 2,02, Off, Off, Off, Off, On, Off, On, Off, Off, Off, Off, Lean
396.125, 1038, 1,31, 83, 4, 30, 13,8, 0,34, 2,4, 13, 40, 99, 2,08, Off, Off, Off, Off, On, Off, On, Off, Off, Off, Off, Lean
396.171, 1038, 1,3, 83, 4, 30, 13,8, 0,34, 2,4, 13, 40, 99, 2,08, Off, Off, Off, Off, On, Off, On, Off, Off, Off, Off, Lean
396.234, 1050, 1,3, 83, 4, 30, 13,8, 0,34, 2,44, 13, 40, 99, 2,13, Off, Off, Off, Off, On, Off, On, Off, Off, Off, Off, Lean
396.281, 1050, 1,29, 83, 3, 30, 13,8, 0,34, 2,44, 13, 40, 99, 2,13, Off, Off, Off, Off, On, Off, On, Off, Off, Off, Off, Lean
396.343, 1050, 1,29, 83, 3, 30, 13,8, 0,34, 2,44, 13, 39, 99, 2,13, Off, Off, Off, Off, On, Off, On, Off, Off, Off, Off, Lean
396.406, 1050, 1,28, 83, 3, 30, 13,8, 0,34, 2,46, 13, 39, 99, 2,15, Off, Off, Off, Off, On, Off, On, Off, Off, Off, Off, Lean
396.453, 1050, 1,28, 83, 3, 30, 13,8, 0,34, 2,44, 13, 38, 99, 2,13, Off, Off, Off, Off, On, Off, On, Off, Off, Off, Off, Lean
396.515, 1050, 1,28, 83, 3, 30, 13,8, 0,34, 2,44, 13, 38, 99, 2,13, Off, Off, Off, Off, On, Off, On, Off, Off, Off, Off, Lean
396.562, 1050, 1,28, 83, 4, 30, 13,8, 0,34, 2,43, 13, 38, 99, 2,13, Off, Off, Off, Off, On, Off, On, Off, Off, Off, Off, Lean
396.609, 1050, 1,28, 83, 5, 30, 13,8, 0,34, 2,45, 13, 38, 99, 2,14, Off, Off, Off, Off, On, Off, On, Off, Off, Off, Off, Lean
396.671, 1038, 1,28, 83, 7, 30, 13,7, 0,34, 2,44, 13, 38, 99, 2,11, Off, Off, Off, Off, On, Off, On, Off, Off, Off, Off, Lean
396.718, 1050, 1,28, 83, 10, 30, 13,8, 0,34, 2,44, 13, 38, 99, 2,13, Off, Off, Off, Off, On, Off, On, Off, Off, Off, Off, Lean
396.781, 1062, 1,28, 83, 33, 30, 13,8, 0,34, 2,42, 13, 38, 99, 2,14, Off, Off, Off, Off, On, Off, On, Off, Off, Off, Off, Lean
396.843, 1062, 1,28, 83, 56, 30, 13,8, 0,34, 2,45, 13, 38, 99, 2,17, Off, Off, Off, Off, On, Off, On, Off, Off, Off, Off, Rich
396.890, 1062, 1,28, 83, 70, 30, 13,8, 0,34, 2,4, 13, 38, 99, 2,12, Off, Off, Off, Off, On, Off, On, Off, Off, Off, Off, Rich
396.953, 1050, 1,28, 83, 75, 30, 13,8, 0,34, 2,4, 13, 38, 99, 2,1, Off, Off, Off, Off, On, Off, On, Off, Off, Off, Off, Rich
397.000, 1062, 1,28, 83, 79, 30, 13,7, 0,34, 2,38, 13, 38, 99, 2,11, Off, Off, Off, Off, On, Off, On, Off, Off, Off, Off, Rich
397.078, 1062, 1,27, 83, 80, 30, 13,8, 0,34, 2,36, 13, 38, 99, 2,09, Off, Off, Off, Off, On, Off, On, Off, Off, Off, Off, Rich
397.125, 1062, 1,27, 83, 82, 30, 13,8, 0,34, 2,37, 13, 38, 99, 2,1, Off, Off, Off, Off, On, Off, On, Off, Off, Off, Off, Rich
397.187, 1050, 1,27, 83, 81, 30, 13,7, 0,34, 2,37, 13, 38, 99, 2,07, Off, Off, Off, Off, On, Off, On, Off, Off, Off, Off, Rich
397.234, 1050, 1,28, 83, 81, 30, 13,8, 0,34, 2,36, 13, 38, 99, 2,06, Off, Off, Off, Off, On, Off, On, Off, Off, Off, Off, Rich
397.281, 1062, 1,27, 83, 79, 30, 13,8, 0,34, 2,36, 13, 38, 99, 2,09, Off, Off, Off, Off, On, Off, On, Off, Off, Off, Off, Rich
397.328, 1050, 1,28, 83, 78, 30, 13,8, 0,34, 2,34, 13, 38, 99, 2,05, Off, Off, Off, Off, On, Off, On, Off, Off, Off, Off, Rich
397.390, 1050, 1,27, 83, 75, 28, 13,8, 0,34, 2,35, 13, 38, 99, 2,06, Off, Off, Off, Off, On, Off, On, Off, Off, Off, Off, Rich
397.437, 1050, 1,28, 83, 71, 28, 13,8, 0,34, 2,34, 13, 38, 99, 2,05, Off, Off, Off, Off, On, Off, On, Off, Off, Off, Off, Rich
397.500, 1038, 1,28, 83, 51, 28, 13,8, 0,34, 2,36, 13, 38, 99, 2,04, Off, Off, Off, Off, On, Off, On, Off, Off, Off, Off, Rich
397.546, 1050, 1,28, 83, 32, 28, 13,8, 0,34, 2,35, 13, 38, 99, 2,06, Off, Off, Off, Off, On, Off, On, Off, Off, Off, Off, Rich
397.593, 1038, 1,29, 83, 14, 28, 13,8, 0,34, 2,41, 13, 38, 103, 2,08, Off, Off, Off, Off, On, Off, On, Off, Off, Off, Off, Lean
397.656, 1038, 1,29, 83, 7, 28, 13,8, 0,34, 2,4, 13, 38, 103, 2,08, Off, Off, Off, Off, On, Off, On, Off, Off, Off, Off, Lean
397.703, 1050, 1,28, 83, 4, 28, 13,8, 0,34, 2,41, 13, 38, 103, 2,11, Off, Off, Off, Off, On, Off, On, Off, Off, Off, Off, Lean
397.765, 1025, 1,28, 83, 4, 28, 13,8, 0,34, 2,42, 13, 38, 103, 2,07, Off, Off, Off, Off, On, Off, On, Off, Off, Off, Off, Lean
397.828, 1038, 1,28, 83, 3, 28, 13,8, 0,34, 2,42, 13, 38, 103, 2,09, Off, Off, Off, Off, On, Off, On, Off, Off, Off, Off, Lean
397.875, 1038, 1,28, 83, 3, 28, 13,8, 0,34, 2,43, 13, 38, 103, 2,1, Off, Off, Off, Off, On, Off, On, Off, Off, Off, Off, Lean
397.937, 1050, 1,28, 83, 3, 28, 13,8, 0,34, 2,43, 13, 38, 103, 2,13, Off, Off, Off, Off, On, Off, On, Off, Off, Off, Off, Lean
397.984, 1038, 1,27, 83, 3, 28, 13,7, 0,34, 2,43, 13, 38, 103, 2,1, Off, Off, Off, Off, On, Off, On, Off, Off, Off, Off, Lean
398.031, 1038, 1,28, 83, 4, 28, 13,8, 0,34, 2,44, 13, 38, 103, 2,11, Off, Off, Off, Off, On, Off, On, Off, Off, Off, Off, Lean
398.078, 1038, 1,28, 83, 4, 28, 13,8, 0,34, 2,43, 13, 38, 103, 2,1, Off, Off, Off, Off, On, Off, On, Off, Off, Off, Off, Lean
398.125, 1025, 1,28, 83, 5, 28, 13,8, 0,34, 2,44, 13, 38, 103, 2,08, Off, Off, Off, Off, On, Off, On, Off, Off, Off, Off, Lean
398.187, 1038, 1,28, 83, 6, 28, 13,8, 0,34, 2,44, 13, 38, 103, 2,11, Off, Off, Off, Off, On, Off, On, Off, Off, Off, Off, Lean
398.234, 1038, 1,28, 83, 7, 28, 13,8, 0,34, 2,44, 13, 38, 103, 2,11, Off, Off, Off, Off, On, Off, On, Off, Off, Off, Off, Lean
398.281, 1038, 1,28, 83, 9, 28, 13,8, 0,34, 2,44, 13, 38, 103, 2,11, Off, Off, Off, Off, On, Off, On, Off, Off, Off, Off, Lean
398.328, 1038, 1,27, 83, 9, 28, 13,8, 0,34, 2,44, 13, 38, 103, 2,11, Off, Off, Off, Off, On, Off, On, Off, Off, Off, Off, Lean
398.390, 1038, 1,27, 83, 11, 28, 13,8, 0,34, 2,46, 13, 38, 103, 2,13, Off, Off, Off, Off, On, Off, On, Off, Off, Off, Off, Lean
398.453, 1038, 1,27, 83, 16, 28, 13,8, 0,34, 2,46, 13, 38, 103, 2,13, Off, Off, Off, Off, On, Off, On, Off, Off, Off, Off, Lean
398.515, 1025, 1,28, 83, 30, 28, 13,8, 0,34, 2,45, 13, 38, 103, 2,09, Off, Off, Off, Off, On, Off, On, Off, Off, Off, Off, Lean
398.562, 1025, 1,27, 83, 39, 28, 13,8, 0,34, 2,46, 13, 38, 103, 2,1, Off, Off, Off, Off, On, Off, On, Off, Off, Off, Off, Lean
398.609, 1025, 1,28, 83, 47, 28, 13,8, 0,34, 2,47, 13, 38, 103, 2,11, Off, Off, Off, Off, On, Off, On, Off, Off, Off, Off, Lean
398.671, 988, 1,27, 83, 52, 28, 13,8, 0,34, 2,47, 13, 38, 103, 2,03, Off, Off, Off, Off, On, Off, On, Off, Off, Off, Off, Rich
398.718, 988, 1,28, 83, 60, 28, 13,8, 0,34, 2,43, 13, 38, 103, 2, Off, Off, Off, Off, On, Off, On, Off, Off, Off, Off, Rich
398.765, 988, 1,28, 83, 65, 26, 13,7, 0,34, 2,44, 13, 38, 103, 2,01, Off, Off, Off, Off, On, Off, On, Off, Off, Off, Off, Rich
398.828, 975, 1,28, 83, 71, 26, 13,8, 0,34, 2,44, 13, 38, 103, 1,98, Off, Off, Off, Off, On, Off, On, Off, Off, Off, Off, Rich
398.875, 988, 1,28, 83, 73, 26, 13,8, 0,34, 2,45, 13, 38, 103, 2,02, Off, Off, Off, Off, On, Off, On, Off, Off, Off, Off, Rich
398.921, 975, 1,27, 83, 73, 26, 13,8, 0,34, 2,47, 13, 38, 103, 2,01, Off, Off, Off, Off, On, Off, On, Off, Off, Off, Off, Rich
398.984, 988, 1,27, 83, 74, 26, 13,7, 0,34, 2,48, 13, 38, 103, 2,04, Off, Off, Off, Off, On, Off, On, Off, Off, Off, Off, Rich
399.031, 988, 1,27, 83, 72, 26, 13,7, 0,34, 2,48, 13, 38, 103, 2,04, Off, Off, Off, Off, On, Off, On, Off, Off, Off, Off, Rich
399.078, 988, 1,28, 83, 63, 26, 13,7, 0,34, 2,48, 13, 38, 103, 2,04, Off, Off, Off, Off, On, Off, On, Off, Off, Off, Off, Rich
399.140, 975, 1,28, 83, 34, 26, 13,8, 0,34, 2,48, 13, 38, 103, 2,02, Off, Off, Off, Off, On, Off, On, Off, Off, Off, Off, Rich
399.187, 975, 1,28, 83, 34, 26, 13,8, 0,34, 2,53, 13, 38, 103, 2,06, Off, Off, Off, Off, On, Off, On, Off, Off, Off, Off, Lean
399.234, 988, 1,27, 83, 14, 26, 13,8, 0,34, 2,54, 13, 38, 103, 2,09, Off, Off, Off, Off, On, Off, On, Off, Off, Off, Off, Lean
399.281, 988, 1,27, 83, 6, 26, 13,8, 0,34, 2,55, 13, 38, 103, 2,1, Off, Off, Off, Off, On, Off, On, Off, Off, Off, Off, Lean
399.343, 988, 1,28, 83, 3, 26, 13,8, 0,34, 2,55, 13, 38, 103, 2,1, Off, Off, Off, Off, On, Off, On, Off, Off, Off, Off, Lean
399.390, 1000, 1,27, 83, 3, 26, 13,8, 0,34, 2,56, 13, 38, 103, 2,13, Off, Off, Off, Off, On, Off, On, Off, Off, Off, Off, Lean
399.437, 1000, 1,27, 83, 3, 26, 13,8, 0,34, 2,56, 13, 38, 103, 2,13, Off, Off, Off, Off, On, Off, On, Off, Off, Off, Off, Lean
399.500, 1000, 1,28, 83, 3, 26, 13,8, 0,34, 2,54, 13, 38, 103, 2,12, Off, Off, Off, Off, On, Off, On, Off, Off, Off, Off, Lean
399.546, 1000, 1,27, 83, 3, 26, 13,8, 0,34, 2,54, 13, 38, 103, 2,12, Off, Off, Off, Off, On, Off, On, Off, Off, Off, Off, Lean
399.593, 1025, 1,28, 83, 4, 26, 13,8, 0,34, 2,53, 13, 38, 103, 2,16, Off, Off, Off, Off, On, Off, On, Off, Off, Off, Off, Lean
399.656, 1000, 1,28, 83, 5, 26, 13,8, 0,34, 2,54, 13, 38, 103, 2,12, Off, Off, Off, Off, On, Off, On, Off, Off, Off, Off, Lean
399.703, 1000, 1,28, 83, 7, 26, 13,8, 0,34, 2,53, 13, 38, 103, 2,11, Off, Off, Off, Off, On, Off, On, Off, Off, Off, Off, Lean
399.765, 1025, 1,28, 83, 15, 26, 13,8, 0,34, 2,53, 13, 38, 103, 2,16, Off, Off, Off, Off, On, Off, On, Off, Off, Off, Off, Lean
399.812, 1025, 1,28, 83, 50, 26, 13,9, 0,34, 2,47, 13, 38, 104, 2,11, Off, Off, Off, Off, On, Off, On, Off, Off, Off, Off, Rich
399.890, 1025, 1,27, 83, 68, 26, 13,8, 0,34, 2,49, 13, 38, 104, 2,13, Off, Off, Off, Off, On, Off, On, Off, Off, Off, Off, Rich
399.937, 1038, 1,27, 83, 75, 26, 13,9, 0,34, 2,46, 13, 38, 104, 2,13, Off, Off, Off, Off, On, Off, On, Off, Off, Off, Off, Rich
399.984, 1025, 1,27, 83, 78, 26, 13,8, 0,34, 2,46, 13, 38, 104, 2,1, Off, Off, Off, Off, On, Off, On, Off, Off, Off, Off, Rich
400.031, 1025, 1,28, 83, 80, 26, 13,8, 0,34, 2,46, 13, 38, 104, 2,1, Off, Off, Off, Off, On, Off, On, Off, Off, Off, Off, Rich
400.078, 1038, 1,28, 83, 80, 26, 13,9, 0,34, 2,48, 13, 38, 104, 2,15, Off, Off, Off, Off, On, Off, On, Off, Off, Off, Off, Rich
400.125, 1025, 1,27, 83, 80, 26, 13,9, 0,34, 2,45, 13, 38, 104, 2,09, Off, Off, Off, Off, On, Off, On, Off, Off, Off, Off, Rich
400.171, 1000, 1,28, 83, 80, 26, 13,8, 0,34, 2,45, 13, 38, 104, 2,04, Off, Off, Off, Off, On, Off, On, Off, Off, Off, Off, Rich
400.218, 1025, 1,28, 83, 79, 26, 13,8, 0,34, 2,45, 13, 38, 104, 2,09, Off, Off, Off, Off, On, Off, On, Off, Off, Off, Off, Rich
400.281, 1038, 1,28, 83, 79, 26, 13,8, 0,34, 2,46, 13, 38, 104, 2,13, Off, Off, Off, Off, On, Off, On, Off, Off, Off, Off, Rich
400.328, 1025, 1,27, 83, 76, 26, 13,8, 0,34, 2,45, 13, 38, 104, 2,09, Off, Off, Off, Off, On, Off, On, Off, Off, Off, Off, Rich
400.390, 1025, 1,27, 83, 76, 26, 13,8, 0,34, 2,45, 13, 38, 104, 2,09, Off, Off, Off, Off, On, Off, On, Off, Off, Off, Off, Rich
400.437, 1038, 1,27, 83, 72, 26, 13,7, 0,34, 2,45, 13, 38, 104, 2,12, Off, Off, Off, Off, On, Off, On, Off, Off, Off, Off, Rich
400.484, 1025, 1,27, 83, 65, 26, 13,8, 0,34, 2,45, 13, 38, 104, 2,09, Off, Off, Off, Off, On, Off, On, Off, Off, Off, Off, Rich
400.562, 988, 1,28, 83, 39, 26, 13,8, 0,34, 2,44, 13, 38, 104, 2,01, Off, Off, Off, Off, On, Off, On, Off, Off, Off, Off, Rich
400.609, 1000, 1,27, 83, 39, 26, 13,7, 0,34, 2,48, 13, 38, 104, 2,07, Off, Off, Off, Off, On, Off, On, Off, Off, Off, Off, Lean
400.656, 1025, 1,27, 83, 17, 26, 13,7, 0,34, 2,49, 13, 38, 104, 2,13, Off, Off, Off, Off, On, Off, On, Off, Off, Off, Off, Lean
400.718, 1000, 1,27, 83, 6, 26, 13,7, 0,34, 2,5, 13, 38, 104, 2,08, Off, Off, Off, Off, On, Off, On, Off, Off, Off, Off, Lean
400.781, 1025, 1,28, 83, 2, 26, 13,8, 0,34, 2,5, 13, 38, 104, 2,14, Off, Off, Off, Off, On, Off, On, Off, Off, Off, Off, Lean
400.828, 1025, 1,27, 83, 2, 26, 13,8, 0,34, 2,5, 13, 38, 104, 2,14, Off, Off, Off, Off, On, Off, On, Off, Off, Off, Off, Lean
400.875, 1000, 1,27, 83, 2, 26, 13,8, 0,34, 2,5, 13, 38, 104, 2,08, Off, Off, Off, Off, On, Off, On, Off, Off, Off, Off, Lean
400.937, 1000, 1,27, 83, 1, 26, 13,5, 0,34, 2,49, 13, 38, 104, 2,08, Off, Off, Off, Off, On, Off, On, Off, Off, Off, Off, Lean
400.984, 1000, 1,27, 83, 2, 26, 13,7, 0,34, 2,52, 13, 38, 104, 2,1, Off, Off, Off, Off, On, Off, On, Off, Off, Off, Off, Lean
401.031, 988, 1,28, 83, 2, 26, 13,8, 0,34, 2,52, 13, 38, 104, 2,07, Off, Off, Off, Off, On, Off, On, Off, Off, Off, Off, Lean
401.093, 975, 1,28, 83, 2, 26, 13,7, 0,34, 2,53, 13, 38, 104, 2,06, Off, Off, Off, Off, On, Off, On, Off, Off, Off, Off, Lean
401.140, 950, 1,28, 83, 2, 26, 13,8, 0,34, 2,54, 13, 38, 104, 2,01, Off, Off, Off, Off, On, Off, On, Off, Off, Off, Off, Lean
401.187, 950, 1,27, 83, 2, 26, 13,8, 0,34, 2,56, 13, 38, 104, 2,03, Off, Off, Off, Off, On, Off, On, Off, Off, Off, Off, Lean
401.265, 950, 1,27, 83, 3, 26, 13,8, 0,34, 2,57, 13, 38, 104, 2,03, Off, Off, Off, Off, On, Off, On, Off, Off, Off, Off, Lean
401.312, 950, 1,26, 83, 3, 26, 13,7, 0,34, 2,56, 13, 38, 104, 2,03, Off, Off, Off, Off, On, Off, On, Off, Off, Off, Off, Lean
401.359, 950, 1,27, 83, 3, 26, 13,6, 0,34, 2,58, 13, 38, 104, 2,04, Off, Off, Off, Off, On, Off, On, Off, Off, Off, Off, Lean
401.421, 938, 1,27, 83, 4, 26, 13,8, 0,34, 2,6, 13, 38, 104, 2,03, Off, Off, Off, Off, On, Off, On, Off, Off, Off, Off, Lean
401.468, 938, 1,27, 83, 5, 26, 13,8, 0,34, 2,61, 13, 38, 104, 2,04, Off, Off, Off, Off, On, Off, On, Off, Off, Off, Off, Lean
401.515, 938, 1,28, 83, 5, 26, 13,8, 0,34, 2,64, 13, 38, 104, 2,06, Off, Off, Off, Off, On, Off, On, Off, Off, Off, Off, Lean
401.578, 950, 1,27, 83, 5, 26, 13,7, 0,34, 2,64, 13, 38, 104, 2,09, Off, Off, Off, Off, On, Off, On, Off, Off, Off, Off, Lean
401.640, 938, 1,27, 83, 7, 24, 13,8, 0,34, 2,64, 13, 38, 104, 2,06, Off, Off, Off, Off, On, Off, On, Off, Off, Off, Off, Lean
401.687, 938, 1,27, 83, 17, 24, 13,7, 0,34, 2,64, 13, 38, 104, 2,06, Off, Off, Off, Off, On, Off, On, Off, Off, Off, Off, Lean
401.734, 925, 1,27, 83, 56, 24, 13,7, 0,34, 2,67, 13, 38, 104, 2,06, Off, Off, Off, Off, On, Off, On, Off, Off, Off, Off, Rich
401.796, 925, 1,27, 83, 71, 24, 13,8, 0,34, 2,64, 13, 38, 104, 2,04, Off, Off, Off, Off, On, Off, On, Off, Off, Off, Off, Rich
401.843, 900, 1,27, 83, 78, 24, 13,6, 0,34, 2,65, 13, 38, 104, 1,99, Off, Off, Off, Off, On, Off, On, Off, Off, Off, Off, Rich
401.906, 900, 1,28, 83, 78, 24, 13,8, 0,34, 2,65, 13, 38, 104, 1,99, Off, Off, Off, Off, On, Off, On, Off, Off, Off, Off, Rich
401.968, 900, 1,27, 83, 83, 24, 13,7, 0,34, 2,66, 13, 38, 104, 2, Off, Off, Off, Off, On, Off, On, Off, Off, Off, Off, Rich
402.015, 900, 1,27, 83, 83, 24, 13,5, 0,34, 2,67, 13, 38, 104, 2, Off, Off, Off, Off, On, Off, On, Off, Off, Off, Off, Rich
402.062, 888, 1,27, 83, 84, 24, 13,8, 0,34, 2,67, 13, 38, 104, 1,98, Off, Off, Off, Off, On, Off, On, Off, Off, Off, Off, Rich
402.093, 888, 1,27, 83, 84, 24, 13,7, 0,34, 2,69, 13, 38, 104, 1,99, Off, Off, Off, Off, On, Off, On, Off, Off, Off, Off, Rich
402.156, 888, 1,27, 83, 84, 24, 13,7, 0,34, 2,68, 13, 38, 104, 1,98, Off, Off, Off, Off, On, Off, On, Off, Off, Off, Off, Rich
402.203, 875, 1,26, 83, 84, 24, 13,7, 0,34, 2,71, 13, 38, 104, 1,98, Off, Off, Off, Off, On, Off, On, Off, Off, Off, Off, Rich
402.265, 888, 1,27, 83, 84, 24, 13,7, 0,34, 2,7, 13, 38, 104, 2, Off, Off, Off, Off, On, Off, On, Off, Off, Off, Off, Rich
402.312, 875, 1,27, 83, 83, 22, 13,8, 0,34, 2,72, 13, 38, 104, 1,98, Off, Off, Off, Off, On, Off, On, Off, Off, Off, Off, Rich
402.359, 875, 1,26, 83, 83, 22, 13,8, 0,34, 2,71, 13, 38, 104, 1,98, Off, Off, Off, Off, On, Off, On, Off, Off, Off, Off, Rich
402.421, 862, 1,26, 83, 84, 22, 13,8, 0,34, 2,73, 13, 38, 104, 1,96, Off, Off, Off, Off, On, Off, On, Off, Off, Off, Off, Rich
402.468, 875, 1,26, 83, 84, 22, 13,8, 0,34, 2,72, 13, 38, 104, 1,98, Off, Off, Off, Off, On, Off, On, Off, Off, Off, Off, Rich
402.531, 862, 1,27, 83, 84, 22, 13,7, 0,34, 2,74, 13, 38, 104, 1,97, Off, Off, Off, Off, On, Off, On, Off, Off, Off, Off, Rich
402.593, 862, 1,27, 83, 84, 22, 13,8, 0,34, 2,73, 13, 38, 104, 1,96, Off, Off, Off, Off, On, Off, On, Off, Off, Off, Off, Rich
402.656, 875, 1,27, 83, 84, 22, 13,8, 0,34, 2,75, 13, 38, 104, 2,01, Off, Off, Off, Off, On, Off, On, Off, Off, Off, Off, Rich
402.718, 875, 1,27, 83, 84, 22, 13,8, 0,34, 2,74, 13, 38, 104, 2, Off, Off, Off, Off, On, Off, On, Off, Off, Off, Off, Rich
402.765, 875, 1,26, 83, 83, 22, 13,8, 0,34, 2,74, 13, 38, 104, 2, Off, Off, Off, Off, On, Off, On, Off, Off, Off, Off, Rich
402.828, 862, 1,26, 83, 83, 22, 13,8, 0,34, 2,74, 13, 38, 104, 1,97, Off, Off, Off, Off, On, Off, On, Off, Off, Off, Off, Rich
402.875, 862, 1,26, 83, 82, 22, 13,8, 0,34, 2,74, 13, 38, 104, 1,97, Off, Off, Off, Off, On, Off, On, Off, Off, Off, Off, Rich
402.937, 862, 1,27, 83, 83, 22, 13,8, 0,34, 2,76, 13, 38, 104, 1,98, Off, Off, Off, Off, On, Off, On, Off, Off, Off, Off, Rich
402.984, 875, 1,28, 83, 82, 22, 13,8, 0,34, 2,73, 13, 38, 104, 1,99, Off, Off, Off, Off, On, Off, On, Off, Off, Off, Off, Rich
403.046, 875, 1,27, 83, 82, 22, 13,8, 0,34, 2,74, 13, 38, 104, 2, Off, Off, Off, Off, On, Off, On, Off, Off, Off, Off, Rich
403.093, 875, 1,27, 83, 83, 22, 13,8, 0,34, 2,76, 13, 38, 104, 2,01, Off, Off, Off, Off, On, Off, On, Off, Off, Off, Off, Rich
403.140, 875, 1,27, 83, 82, 22, 13,7, 0,34, 2,77, 13, 38, 104, 2,02, Off, Off, Off, Off, On, Off, On, Off, Off, Off, Off, Rich
403.187, 862, 1,27, 83, 82, 22, 13,8, 0,34, 2,75, 13, 38, 104, 1,98, Off, Off, Off, Off, On, Off, On, Off, Off, Off, Off, Rich
403.234, 838, 1,26, 83, 82, 22, 13,7, 0,34, 2,75, 13, 38, 104, 1,92, Off, Off, Off, Off, On, Off, On, Off, Off, Off, Off, Rich
403.265, 838, 1,27, 83, 81, 22, 13,8, 0,34, 2,78, 13, 38, 104, 1,94, Off, Off, Off, Off, On, Off, On, Off, Off, Off, Off, Rich
403.359, 862, 1,27, 83, 82, 22, 13,7, 0,34, 2,77, 13, 38, 104, 1,99, Off, Off, Off, Off, On, Off, On, Off, Off, Off, Off, Rich
403.406, 862, 1,27, 83, 82, 22, 13,5, 0,34, 2,84, 13, 38, 104, 2,04, Off, Off, Off, Off, On, Off, On, Off, Off, Off, Off, Rich
403.468, 838, 1,26, 83, 80, 22, 13,8, 0,34, 2,78, 13, 38, 104, 1,94, Off, Off, Off, Off, On, Off, On, Off, Off, Off, Off, Rich
403.515, 838, 1,27, 83, 80, 22, 13,8, 0,34, 2,76, 13, 38, 104, 1,93, Off, Off, Off, Off, On, Off, On, Off, Off, Off, Off, Rich
403.578, 875, 1,27, 83, 79, 22, 13,8, 0,34, 2,8, 13, 38, 104, 2,04, Off, Off, Off, Off, On, Off, On, Off, Off, Off, Off, Rich
403.625, 862, 1,28, 83, 78, 22, 13,8, 0,34, 2,78, 13, 38, 104, 2, Off, Off, Off, Off, On, Off, On, Off, Off, Off, Off, Rich
403.671, 838, 1,27, 83, 78, 22, 13,8, 0,34, 2,76, 13, 38, 104, 1,93, Off, Off, Off, Off, On, Off, On, Off, Off, Off, Off, Rich
403.734, 825, 1,26, 83, 78, 20, 13,7, 0,34, 2,8, 13, 38, 104, 1,92, Off, Off, Off, Off, On, Off, On, Off, Off, Off, Off, Rich
403.781, 825, 1,26, 83, 78, 20, 13,8, 0,34, 2,8, 13, 38, 104, 1,92, Off, Off, Off, Off, On, Off, On, Off, Off, Off, Off, Rich
403.828, 862, 1,26, 83, 77, 20, 13,8, 0,34, 2,8, 13, 38, 104, 2,01, Off, Off, Off, Off, On, Off, On, Off, Off, Off, Off, Rich
403.890, 862, 1,26, 83, 77, 20, 13,8, 0,34, 2,81, 13, 38, 104, 2,02, Off, Off, Off, Off, On, Off, On, Off, Off, Off, Off, Rich
403.937, 862, 1,26, 83, 76, 20, 13,8, 0,34, 2,79, 13, 38, 104, 2, Off, Off, Off, Off, On, Off, On, Off, Off, Off, Off, Rich
403.984, 862, 1,27, 83, 73, 20, 13,6, 0,34, 2,79, 13, 38, 104, 2, Off, Off, Off, Off, On, Off, On, Off, Off, Off, Off, Rich
404.046, 838, 1,27, 83, 72, 20, 13,6, 0,34, 2,8, 13, 38, 104, 1,96, Off, Off, Off, Off, On, Off, On, Off, Off, Off, Off, Rich
404.109, 825, 1,27, 83, 72, 20, 13,7, 0,34, 2,8, 13, 38, 104, 1,92, Off, Off, Off, Off, On, Off, On, Off, Off, Off, Off, Rich
404.171, 862, 1,26, 83, 65, 20, 13,7, 0,34, 2,79, 13, 38, 104, 2, Off, Off, Off, Off, On, Off, On, Off, Off, Off, Off, Rich
404.218, 838, 1,26, 83, 49, 20, 13,8, 0,34, 2,8, 13, 38, 104, 1,96, Off, Off, Off, Off, On, Off, On, Off, Off, Off, Off, Rich
404.265, 862, 1,27, 83, 29, 20, 13,8, 0,34, 2,8, 13, 38, 104, 2,01, Off, Off, Off, Off, On, Off, On, Off, Off, Off, Off, Rich
404.312, 862, 1,26, 83, 29, 20, 13,8, 0,34, 2,85, 13, 38, 103, 2,05, Off, Off, Off, Off, On, Off, On, Off, Off, Off, Off, Lean
404.359, 862, 1,26, 83, 18, 20, 13,7, 0,34, 2,86, 13, 38, 103, 2,05, Off, Off, Off, Off, On, Off, On, Off, Off, Off, Off, Lean
404.406, 862, 1,27, 83, 9, 20, 13,7, 0,34, 2,84, 13, 38, 103, 2,04, Off, Off, Off, Off, On, Off, On, Off, Off, Off, Off, Lean
404.453, 862, 1,27, 83, 9, 20, 13,7, 0,34, 2,85, 13, 38, 103, 2,05, Off, Off, Off, Off, On, Off, On, Off, Off, Off, Off, Lean
404.515, 862, 1,26, 83, 6, 20, 13,8, 0,34, 2,85, 13, 38, 103, 2,05, Off, Off, Off, Off, On, Off, On, Off, Off, Off, Off, Lean
404.562, 862, 1,26, 83, 4, 20, 13,7, 0,34, 2,84, 13, 38, 103, 2,04, Off, Off, Off, Off, On, Off, On, Off, Off, Off, Off, Lean
404.609, 862, 1,26, 83, 3, 20, 13,8, 0,34, 2,83, 13, 38, 103, 2,03, Off, Off, Off, Off, On, Off, On, Off, Off, Off, Off, Lean
404.656, 862, 1,26, 83, 4, 20, 13,8, 0,34, 2,83, 13, 38, 103, 2,03, Off, Off, Off, Off, On, Off, On, Off, Off, Off, Off, Lean
404.718, 862, 1,26, 83, 4, 20, 13,8, 0,34, 2,83, 13, 38, 103, 2,03, Off, Off, Off, Off, On, Off, On, Off, Off, Off, Off, Lean
404.781, 862, 1,26, 83, 6, 20, 13,8, 0,34, 2,81, 13, 38, 103, 2,02, Off, Off, Off, Off, On, Off, On, Off, Off, Off, Off, Lean
404.828, 862, 1,27, 83, 8, 20, 13,8, 0,34, 2,82, 13, 38, 103, 2,03, Off, Off, Off, Off, On, Off, On, Off, Off, Off, Off, Lean
404.890, 875, 1,27, 83, 41, 20, 13,8, 0,34, 2,8, 13, 38, 103, 2,04, Off, Off, Off, Off, On, Off, On, Off, Off, Off, Off, Lean
404.937, 875, 1,27, 83, 41, 20, 13,8, 0,34, 2,82, 13, 38, 103, 2,06, Off, Off, Off, Off, On, Off, On, Off, Off, Off, Off, Lean
405.000, 875, 1,26, 83, 62, 20, 13,8, 0,34, 2,75, 13, 38, 101, 2,01, Off, Off, Off, Off, On, Off, On, Off, Off, Off, Off, Rich
405.046, 875, 1,26, 83, 73, 20, 13,8, 0,34, 2,76, 13, 38, 101, 2,01, Off, Off, Off, Off, On, Off, On, Off, Off, Off, Off, Rich
405.109, 875, 1,26, 83, 76, 20, 13,8, 0,34, 2,75, 13, 38, 101, 2,01, Off, Off, Off, Off, On, Off, On, Off, Off, Off, Off, Rich
405.156, 875, 1,28, 83, 79, 20, 13,8, 0,34, 2,76, 13, 38, 101, 2,01, Off, Off, Off, Off, On, Off, On, Off, Off, Off, Off, Rich
405.218, 888, 1,27, 83, 79, 20, 13,8, 0,34, 2,75, 13, 38, 101, 2,04, Off, Off, Off, Off, On, Off, On, Off, Off, Off, Off, Rich
405.265, 875, 1,27, 83, 79, 20, 13,8, 0,34, 2,76, 13, 38, 101, 2,01, Off, Off, Off, Off, On, Off, On, Off, Off, Off, Off, Rich
405.312, 888, 1,28, 83, 79, 20, 13,8, 0,38, 2,74, 13, 38, 101, 2,03, Off, Off, Off, Off, On, Off, On, Off, Off, Off, Off, Rich
405.375, 875, 1,4, 83, 79, 20, 13,8, 0,42, 2,94, 21, 38, 101, 2,14, Off, Off, Off, Off, Off, Off, On, Off, Off, Off, Off, Rich
405.437, 888, 1,42, 83, 78, 20, 13,8, 0,42, 2,97, 26, 38, 101, 2,2, Off, Off, Off, Off, Off, Off, On, Off, Off, Off, Off, Rich
405.500, 900, 1,43, 83, 76, 20, 13,8, 0,42, 3,08, 25, 38, 101, 2,31, Off, Off, Off, Off, Off, Off, On, Off, Off, Off, Off, Rich
405.546, 900, 1,42, 83, 76, 20, 13,8, 0,42, 3,15, 25, 38, 101, 2,36, Off, Off, Off, Off, Off, Off, On, Off, Off, Off, Off, Rich
405.593, 950, 1,4, 83, 74, 20, 13,8, 0,38, 3,17, 26, 38, 101, 2,51, Off, Off, Off, Off, Off, Off, On, Off, Off, Off, Off, Rich
405.640, 975, 1,35, 83, 68, 20, 13,8, 0,34, 3,13, 24, 47, 101, 2,54, Off, Off, Off, Off, On, Off, On, Off, Off, Off, Off, Rich
405.703, 988, 1,37, 83, 49, 20, 13,8, 0,34, 3,1, 22, 47, 101, 2,55, Off, Off, Off, Off, On, Off, On, Off, Off, Off, Off, Rich
405.750, 975, 1,37, 83, 28, 20, 13,8, 0,34, 3,05, 18, 47, 101, 2,48, Off, Off, Off, Off, On, Off, On, Off, Off, Off, Off, Lean
405.796, 988, 1,38, 83, 19, 20, 13,8, 0,34, 3,12, 16, 47, 101, 2,57, Off, Off, Off, Off, On, Off, On, Off, Off, Off, Off, Lean
405.843, 988, 1,38, 83, 19, 22, 13,8, 0,34, 3,1, 14, 46, 101, 2,55, Off, Off, Off, Off, On, Off, On, Off, Off, Off, Off, Lean
405.890, 1025, 1,36, 83, 17, 22, 13,8, 0,34, 3,09, 13, 46, 101, 2,64, Off, Off, Off, Off, On, Off, On, Off, Off, Off, Off, Lean
405.937, 1000, 1,36, 83, 19, 22, 13,8, 0,34, 3,08, 13, 46, 101, 2,57, Off, Off, Off, Off, On, Off, On, Off, Off, Off, Off, Lean
406.000, 1000, 1,37, 83, 26, 22, 13,8, 0,34, 3,03, 13, 46, 101, 2,53, Off, Off, Off, Off, On, Off, On, Off, Off, Off, Off, Lean
406.031, 988, 1,37, 83, 44, 22, 13,8, 0,34, 3,04, 13, 45, 101, 2,5, Off, Off, Off, Off, On, Off, On, Off, Off, Off, Off, Lean
406.093, 988, 1,37, 83, 66, 22, 13,7, 0,34, 3,01, 13, 45, 101, 2,48, Off, Off, Off, Off, On, Off, On, Off, Off, Off, Off, Lean
406.171, 1000, 1,36, 83, 66, 22, 13,7, 0,34, 2,94, 13, 45, 100, 2,45, Off, Off, Off, Off, On, Off, On, Off, Off, Off, Off, Rich
406.218, 975, 1,36, 83, 78, 22, 13,8, 0,34, 2,9, 13, 45, 100, 2,36, Off, Off, Off, Off, On, Off, On, Off, Off, Off, Off, Rich
406.265, 975, 1,35, 83, 78, 22, 13,8, 0,34, 2,89, 13, 45, 100, 2,35, Off, Off, Off, Off, On, Off, On, Off, Off, Off, Off, Rich
406.312, 950, 1,34, 83, 80, 22, 13,8, 0,34, 2,89, 13, 44, 100, 2,29, Off, Off, Off, Off, On, Off, On, Off, Off, Off, Off, Rich
406.359, 975, 1,34, 83, 80, 22, 13,8, 0,34, 2,88, 13, 44, 100, 2,34, Off, Off, Off, Off, On, Off, On, Off, Off, Off, Off, Rich
406.406, 975, 1,34, 83, 79, 22, 13,8, 0,34, 2,86, 13, 44, 100, 2,32, Off, Off, Off, Off, On, Off, On, Off, Off, Off, Off, Rich
406.453, 975, 1,34, 83, 79, 22, 13,8, 0,34, 2,85, 13, 44, 100, 2,32, Off, Off, Off, Off, On, Off, On, Off, Off, Off, Off, Rich
406.500, 975, 1,33, 83, 79, 22, 13,8, 0,34, 2,85, 13, 44, 100, 2,32, Off, Off, Off, Off, On, Off, On, Off, Off, Off, Off, Rich
406.562, 950, 1,33, 83, 79, 22, 13,8, 0,34, 2,82, 13, 44, 100, 2,23, Off, Off, Off, Off, On, Off, On, Off, Off, Off, Off, Rich
406.609, 950, 1,32, 83, 78, 22, 13,7, 0,34, 2,83, 13, 43, 100, 2,24, Off, Off, Off, Off, On, Off, On, Off, Off, Off, Off, Rich
406.671, 938, 1,32, 83, 77, 22, 13,7, 0,34, 2,81, 13, 43, 100, 2,2, Off, Off, Off, Off, On, Off, On, Off, Off, Off, Off, Rich
406.718, 938, 1,32, 83, 74, 22, 13,7, 0,34, 2,8, 13, 42, 100, 2,19, Off, Off, Off, Off, On, Off, On, Off, Off, Off, Off, Rich
406.765, 938, 1,32, 83, 70, 22, 13,8, 0,34, 2,79, 13, 42, 100, 2,18, Off, Off, Off, Off, On, Off, On, Off, Off, Off, Off, Rich
406.828, 938, 1,32, 83, 70, 22, 13,8, 0,34, 2,79, 13, 42, 100, 2,18, Off, Off, Off, Off, On, Off, On, Off, Off, Off, Off, Rich
406.890, 950, 1,32, 83, 25, 22, 13,7, 0,34, 2,79, 13, 42, 100, 2,21, Off, Off, Off, Off, On, Off, On, Off, Off, Off, Off, Rich
406.937, 950, 1,31, 83, 25, 22, 13,7, 0,34, 2,78, 13, 42, 100, 2,2, Off, Off, Off, Off, On, Off, On, Off, Off, Off, Off, Lean
407.000, 938, 1,31, 83, 9, 22, 13,6, 0,34, 2,82, 13, 42, 100, 2,2, Off, Off, Off, Off, On, Off, On, Off, Off, Off, Off, Lean
407.046, 925, 1,3, 83, 3, 22, 13,7, 0,34, 2,8, 13, 42, 100, 2,16, Off, Off, Off, Off, On, Off, On, Off, Off, Off, Off, Lean
407.093, 938, 1,31, 83, 1, 22, 13,7, 0,34, 2,81, 13, 42, 100, 2,2, Off, Off, Off, Off, On, Off, On, Off, Off, Off, Off, Lean
407.156, 938, 1,3, 83, 1, 22, 13,8, 0,34, 2,81, 13, 41, 100, 2,2, Off, Off, Off, Off, On, Off, On, Off, Off, Off, Off, Lean
407.203, 925, 1,3, 83, 1, 22, 13,7, 0,34, 2,8, 13, 41, 100, 2,16, Off, Off, Off, Off, On, Off, On, Off, Off, Off, Off, Lean
407.265, 938, 1,29, 83, 0, 22, 13,7, 0,34, 2,8, 13, 41, 100, 2,19, Off, Off, Off, Off, On, Off, On, Off, Off, Off, Off, Lean
407.312, 925, 1,29, 83, 0, 22, 13,8, 0,34, 2,79, 13, 41, 100, 2,15, Off, Off, Off, Off, On, Off, On, Off, Off, Off, Off, Lean
407.359, 900, 1,3, 83, 1, 22, 13,7, 0,34, 2,8, 13, 41, 100, 2,1, Off, Off, Off, Off, On, Off, On, Off, Off, Off, Off, Lean
407.421, 900, 1,3, 83, 1, 22, 13,5, 0,34, 2,79, 13, 40, 100, 2,09, Off, Off, Off, Off, On, Off, On, Off, Off, Off, Off, Lean
407.468, 900, 1,29, 83, 1, 22, 13,7, 0,34, 2,79, 13, 40, 100, 2,09, Off, Off, Off, Off, On, Off, On, Off, Off, Off, Off, Lean
407.515, 888, 1,28, 83, 1, 22, 13,7, 0,34, 2,82, 13, 40, 100, 2,09, Off, Off, Off, Off, On, Off, On, Off, Off, Off, Off, Lean
407.593, 888, 1,28, 83, 1, 22, 13,6, 0,34, 2,8, 13, 40, 100, 2,07, Off, Off, Off, Off, On, Off, On, Off, Off, Off, Off, Lean
407.625, 862, 1,27, 83, 2, 22, 13,7, 0,34, 2,82, 13, 40, 100, 2,03, Off, Off, Off, Off, On, Off, On, Off, Off, Off, Off, Lean
407.687, 862, 1,28, 83, 2, 22, 13,7, 0,34, 2,81, 13, 39, 100, 2,02, Off, Off, Off, Off, On, Off, On, Off, Off, Off, Off, Lean
407.750, 862, 1,28, 83, 2, 22, 13,7, 0,34, 2,81, 13, 39, 100, 2,02, Off, Off, Off, Off, On, Off, On, Off, Off, Off, Off, Lean
407.796, 862, 1,27, 83, 3, 22, 13,7, 0,34, 2,8, 13, 39, 100, 2,01, Off, Off, Off, Off, On, Off, On, Off, Off, Off, Off, Lean
407.859, 838, 1,27, 83, 4, 22, 13,7, 0,34, 2,82, 13, 38, 100, 1,97, Off, Off, Off, Off, On, Off, On, Off, Off, Off, Off, Lean
407.921, 862, 1,26, 83, 6, 22, 13,7, 0,34, 2,82, 13, 38, 100, 2,03, Off, Off, Off, Off, On, Off, On, Off, Off, Off, Off, Lean
407.968, 838, 1,26, 83, 13, 20, 13,7, 0,34, 2,82, 13, 38, 100, 1,97, Off, Off, Off, Off, On, Off, On, Off, Off, Off, Off, Lean
408.031, 838, 1,27, 83, 42, 20, 13,7, 0,34, 2,82, 13, 38, 100, 1,97, Off, Off, Off, Off, On, Off, On, Off, Off, Off, Off, Lean
408.078, 862, 1,27, 83, 42, 20, 13,7, 0,34, 2,83, 13, 38, 100, 2,03, Off, Off, Off, Off, On, Off, On, Off, Off, Off, Off, Lean
408.125, 838, 1,26, 83, 67, 20, 13,7, 0,34, 2,82, 13, 38, 101, 1,97, Off, Off, Off, Off, On, Off, On, Off, Off, Off, Off, Rich
408.187, 838, 1,26, 83, 74, 20, 13,5, 0,34, 2,8, 13, 38, 101, 1,96, Off, Off, Off, Off, On, Off, On, Off, Off, Off, Off, Rich
408.234, 825, 1,27, 83, 77, 20, 13,7, 0,34, 2,8, 13, 38, 101, 1,92, Off, Off, Off, Off, On, Off, On, Off, Off, Off, Off, Rich
408.296, 838, 1,26, 83, 77, 20, 13,7, 0,34, 2,8, 13, 38, 101, 1,96, Off, Off, Off, Off, On, Off, On, Off, Off, Off, Off, Rich
408.359, 825, 1,25, 83, 78, 20, 13,7, 0,34, 2,81, 13, 38, 101, 1,93, Off, Off, Off, Off, On, Off, On, Off, Off, Off, Off, Rich
408.406, 838, 1,26, 83, 79, 20, 13,7, 0,34, 2,81, 13, 38, 101, 1,96, Off, Off, Off, Off, On, Off, On, Off, Off, Off, Off, Rich
408.453, 812, 1,26, 83, 79, 20, 13,7, 0,34, 2,83, 13, 38, 101, 1,91, Off, Off, Off, Off, On, Off, On, Off, Off, Off, Off, Rich
408.500, 812, 1,25, 83, 78, 20, 13,7, 0,34, 2,81, 13, 38, 101, 1,9, Off, Off, Off, Off, On, Off, On, Off, Off, Off, Off, Rich
408.546, 825, 1,25, 83, 77, 20, 13,7, 0,34, 2,82, 13, 38, 101, 1,94, Off, Off, Off, Off, On, Off, On, Off, Off, Off, Off, Rich
408.609, 838, 1,26, 83, 74, 20, 13,7, 0,34, 2,81, 13, 38, 101, 1,96, Off, Off, Off, Off, On, Off, On, Off, Off, Off, Off, Rich
408.656, 838, 1,26, 83, 74, 18, 13,5, 0,34, 2,83, 13, 38, 101, 1,98, Off, Off, Off, Off, On, Off, On, Off, Off, Off, Off, Rich
408.703, 838, 1,25, 83, 62, 18, 13,7, 0,34, 2,81, 13, 38, 101, 1,96, Off, Off, Off, Off, On, Off, On, Off, Off, Off, Off, Rich
408.765, 862, 1,26, 83, 28, 18, 13,6, 0,34, 2,79, 13, 38, 101, 2, Off, Off, Off, Off, On, Off, On, Off, Off, Off, Off, Rich
408.796, 862, 1,26, 83, 11, 18, 13,7, 0,34, 2,85, 13, 38, 101, 2,05, Off, Off, Off, Off, On, Off, On, Off, Off, Off, Off, Lean
408.875, 875, 1,26, 83, 11, 18, 13,7, 0,34, 2,84, 13, 38, 101, 2,07, Off, Off, Off, Off, On, Off, On, Off, Off, Off, Off, Lean
408.921, 900, 1,26, 83, 5, 18, 13,8, 0,34, 2,83, 13, 38, 101, 2,12, Off, Off, Off, Off, On, Off, On, Off, Off, Off, Off, Lean
408.984, 925, 1,26, 83, 4, 18, 13,8, 0,34, 2,82, 13, 38, 101, 2,17, Off, Off, Off, Off, On, Off, On, Off, Off, Off, Off, Lean
409.046, 975, 1,26, 83, 4, 18, 13,7, 0,34, 2,8, 13, 38, 101, 2,27, Off, Off, Off, Off, On, Off, On, Off, Off, Off, Off, Lean
409.093, 1000, 1,26, 83, 3, 18, 13,7, 0,34, 2,77, 13, 38, 101, 2,31, Off, Off, Off, Off, On, Off, On, Off, Off, Off, Off, Lean
409.140, 1038, 1,26, 83, 3, 18, 13,7, 0,34, 2,71, 13, 38, 101, 2,34, Off, Off, Off, Off, On, Off, On, Off, Off, Off, Off, Lean
409.187, 1038, 1,25, 83, 3, 18, 13,7, 0,34, 2,67, 13, 38, 101, 2,31, Off, Off, Off, Off, On, Off, On, Off, Off, Off, Off, Lean
409.234, 1088, 1,26, 83, 4, 18, 13,7, 0,34, 2,62, 13, 38, 101, 2,38, Off, Off, Off, Off, On, Off, On, Off, Off, Off, Off, Lean
409.281, 1100, 1,26, 83, 4, 18, 13,8, 0,34, 2,59, 13, 38, 101, 2,37, Off, Off, Off, Off, On, Off, On, Off, Off, Off, Off, Lean
409.343, 1100, 1,26, 83, 4, 18, 13,8, 0,34, 2,56, 13, 38, 101, 2,35, Off, Off, Off, Off, On, Off, On, Off, Off, Off, Off, Lean
409.390, 1088, 1,26, 83, 4, 18, 13,8, 0,34, 2,5, 13, 38, 101, 2,27, Off, Off, Off, Off, On, Off, On, Off, Off, Off, Off, Lean
409.453, 1088, 1,27, 83, 4, 18, 13,2, 0,34, 2,52, 13, 38, 101, 2,28, Off, Off, Off, Off, On, Off, On, Off, Off, Off, Off, Lean
409.500, 1062, 1,27, 83, 4, 18, 13,8, 0,34, 2,47, 13, 38, 101, 2,19, Off, Off, Off, Off, On, Off, On, Off, Off, Off, Off, Lean
409.562, 1062, 1,27, 83, 5, 18, 13,5, 0,34, 2,47, 13, 38, 101, 2,19, Off, Off, Off, Off, On, Off, On, Off, Off, Off, Off, Lean
409.609, 1062, 1,27, 83, 5, 18, 13,7, 0,34, 2,44, 13, 38, 101, 2,16, Off, Off, Off, Off, On, Off, On, Off, Off, Off, Off, Lean
409.687, 1088, 1,27, 83, 5, 18, 13,8, 0,34, 2,44, 13, 38, 101, 2,21, Off, Off, Off, Off, On, Off, On, Off, Off, Off, Off, Lean
409.734, 1062, 1,28, 83, 4, 18, 13,8, 0,34, 2,41, 13, 38, 101, 2,13, Off, Off, Off, Off, On, Off, On, Off, Off, Off, Off, Lean
409.781, 1088, 1,28, 83, 4, 18, 13,9, 0,34, 2,42, 13, 38, 101, 2,19, Off, Off, Off, Off, On, Off, On, Off, Off, Off, Off, Lean
409.843, 1100, 1,28, 83, 3, 18, 13,8, 0,34, 2,4, 13, 38, 101, 2,2, Off, Off, Off, Off, On, Off, On, Off, Off, Off, Off, Lean
409.890, 1100, 1,28, 83, 3, 18, 13,9, 0,34, 2,39, 13, 38, 101, 2,19, Off, Off, Off, Off, On, Off, On, Off, Off, Off, Off, Lean
409.937, 1088, 1,28, 83, 2, 18, 13,8, 0,34, 2,4, 13, 38, 101, 2,18, Off, Off, Off, Off, On, Off, On, Off, Off, Off, Off, Lean
409.984, 1100, 1,28, 83, 2, 18, 13,8, 0,34, 2,39, 13, 38, 101, 2,19, Off, Off, Off, Off, On, Off, On, Off, Off, Off, Off, Lean
410.031, 1100, 1,27, 83, 2, 18, 13,8, 0,34, 2,41, 13, 38, 101, 2,21, Off, Off, Off, Off, On, Off, On, Off, Off, Off, Off, Lean
410.078, 1100, 1,28, 83, 2, 20, 13,8, 0,34, 2,39, 13, 38, 101, 2,19, Off, Off, Off, Off, On, Off, On, Off, Off, Off, Off, Lean
410.140, 1100, 1,28, 83, 2, 20, 13,8, 0,34, 2,38, 13, 38, 101, 2,18, Off, Off, Off, Off, On, Off, On, Off, Off, Off, Off, Lean
410.187, 1100, 1,42, 83, 2, 20, 13,9, 0,46, 2,7, 21, 38, 101, 2,48, Off, Off, Off, Off, Off, Off, On, Off, Off, Off, Off, Lean
410.234, 1100, 1,5, 83, 2, 20, 13,9, 0,46, 2,78, 24, 38, 101, 2,55, Off, Off, Off, Off, Off, Off, On, Off, Off, Off, Off, Lean
410.281, 1138, 1,52, 83, 3, 20, 13,8, 0,46, 2,82, 26, 38, 101, 2,67, Off, Off, Off, Off, Off, Off, On, Off, Off, Off, Off, Lean
410.328, 1162, 1,56, 83, 3, 20, 13,9, 0,48, 2,99, 29, 38, 101, 2,9, Off, Off, Off, Off, Off, Off, On, Off, Off, Off, Off, Lean
410.390, 1188, 1,6, 83, 4, 20, 13,9, 0,5, 3,24, 29, 38, 101, 3,21, Off, Off, Off, Off, Off, Off, On, Off, Off, Off, Off, Lean
410.453, 1212, 1,68, 83, 4, 20, 13,8, 0,54, 3,74, 31, 38, 101, 3,78, Off, Off, Off, Off, Off, Off, On, Off, Off, Off, Off, Lean
410.515, 1250, 1,72, 83, 5, 20, 13,9, 0,54, 3,77, 30, 38, 101, 3,93, Off, Off, Off, Off, Off, Off, On, Off, Off, Off, Off, Lean
410.562, 1250, 1,76, 83, 5, 20, 13,8, 0,58, 4,08, 29, 38, 101, 4,25, Off, Off, Off, Off, Off, Off, On, Off, Off, Off, Off, Lean
410.625, 1275, 1,81, 83, 60, 20, 13,9, 0,58, 4,35, 28, 38, 101, 4,62, Off, Off, Off, Off, Off, Off, On, Off, Off, Off, Off, Lean
410.671, 1275, 1,82, 83, 60, 20, 13,8, 0,58, 4,27, 29, 38, 102, 4,54, Off, Off, Off, Off, Off, Off, On, Off, Off, Off, Off, Rich
410.734, 1312, 1,9, 83, 80, 20, 13,7, 0,64, 4,8, 28, 38, 102, 5,25, Off, Off, Off, Off, Off, Off, On, Off, Off, Off, Off, Rich
410.781, 1375, 1,92, 83, 82, 18, 13,8, 0,64, 4,76, 27, 38, 102, 5,45, Off, Off, Off, Off, Off, Off, On, Off, Off, Off, Off, Rich
410.828, 1375, 1,92, 83, 84, 18, 13,8, 0,64, 4,8, 27, 38, 102, 5,5, Off, Off, Off, Off, Off, Off, On, Off, Off, Off, Off, Rich
410.890, 1425, 1,92, 83, 85, 18, 13,8, 0,64, 4,79, 27, 38, 102, 5,69, Off, Off, Off, Off, Off, Off, On, Off, Off, Off, Off, Rich
410.937, 1462, 1,98, 83, 86, 18, 13,9, 0,7, 4,94, 26, 38, 102, 6,02, Off, Off, Off, Off, Off, Off, On, Off, Off, Off, Off, Rich
410.984, 1475, 2,04, 83, 86, 18, 13,8, 0,72, 5,15, 26, 38, 102, 6,33, Off, Off, Off, Off, Off, Off, On, Off, Off, Off, Off, Rich
411.062, 1512, 2,06, 83, 87, 18, 13,8, 0,72, 5,2, 26, 38, 102, 6,55, Off, Off, Off, Off, Off, Off, On, Off, Off, Off, Off, Rich
411.125, 1575, 2,06, 83, 87, 18, 13,9, 0,7, 5,25, 26, 38, 102, 6,89, Off, Off, Off, Off, Off, Off, On, Off, Off, Off, Off, Rich
411.171, 1588, 2,04, 83, 87, 18, 13,8, 0,7, 5,15, 26, 38, 102, 6,82, Off, Off, Off, Off, Off, Off, On, Off, Off, Off, Off, Rich
411.234, 1625, 2,05, 83, 87, 18, 13,9, 0,72, 5,06, 27, 38, 102, 6,85, Off, Off, Off, Off, Off, Off, On, Off, Off, Off, Off, Rich
411.281, 1638, 2,07, 83, 87, 18, 13,9, 0,72, 5,01, 27, 38, 102, 6,84, Off, Off, Off, Off, Off, Off, On, Off, Off, Off, Off, Rich
411.343, 1650, 2,07, 83, 87, 18, 13,9, 0,72, 4,98, 27, 38, 102, 6,85, Off, Off, Off, Off, Off, Off, On, Off, Off, Off, Off, Rich
411.390, 1675, 2,08, 83, 86, 18, 13,8, 0,72, 4,9, 28, 38, 102, 6,84, Off, Off, Off, Off, Off, Off, On, Off, Off, Off, Off, Rich
411.437, 1675, 2,08, 83, 85, 18, 13,8, 0,7, 4,87, 28, 38, 102, 6,8, Off, Off, Off, Off, Off, Off, On, Off, Off, Off, Off, Rich
411.500, 1688, 2,07, 83, 85, 22, 13,9, 0,72, 4,83, 28, 38, 102, 6,79, Off, Off, Off, Off, Off, Off, On, Off, Off, Off, Off, Rich
411.546, 1688, 2,06, 83, 84, 22, 13,8, 0,7, 4,77, 28, 38, 102, 6,71, Off, Off, Off, Off, Off, Off, On, Off, Off, Off, Off, Rich
411.609, 1675, 2,04, 83, 83, 22, 13,8, 0,7, 4,73, 28, 38, 102, 6,6, Off, Off, Off, Off, Off, Off, On, Off, Off, Off, Off, Rich
411.656, 1675, 2,12, 83, 82, 22, 13,9, 0,74, 4,97, 27, 38, 102, 6,94, Off, Off, Off, Off, Off, Off, On, Off, Off, Off, Off, Rich
411.718, 1700, 2,14, 83, 81, 22, 13,8, 0,74, 4,94, 27, 38, 102, 7, Off, Off, Off, Off, Off, Off, On, Off, Off, Off, Off, Rich
411.781, 1725, 2,14, 83, 81, 22, 13,9, 0,74, 4,92, 27, 38, 102, 7,07, Off, Off, Off, Off, Off, Off, On, Off, Off, Off, Off, Rich
411.828, 1700, 2,14, 83, 81, 22, 13,9, 0,74, 4,92, 27, 38, 102, 6,97, Off, Off, Off, Off, Off, Off, On, Off, Off, Off, Off, Rich
411.890, 1738, 2,12, 83, 81, 22, 13,4, 0,74, 4,93, 27, 38, 102, 7,14, Off, Off, Off, Off, Off, Off, On, Off, Off, Off, Off, Rich
411.953, 1725, 2,1, 83, 79, 22, 13,8, 0,72, 4,79, 28, 38, 102, 6,89, Off, Off, Off, Off, Off, Off, On, Off, Off, Off, Off, Rich
412.000, 1738, 2,1, 83, 77, 22, 13,9, 0,72, 4,67, 28, 38, 102, 6,76, Off, Off, Off, Off, Off, Off, On, Off, Off, Off, Off, Rich
412.046, 1738, 2,09, 83, 76, 22, 13,8, 0,72, 4,63, 28, 38, 102, 6,71, Off, Off, Off, Off, Off, Off, On, Off, Off, Off, Off, Rich
412.109, 1738, 2,11, 83, 75, 22, 13,9, 0,72, 4,6, 28, 38, 102, 6,66, Off, Off, Off, Off, Off, Off, On, Off, Off, Off, Off, Rich
412.156, 1750, 2,09, 83, 74, 22, 13,8, 0,72, 4,54, 28, 38, 102, 6,62, Off, Off, Off, Off, Off, Off, On, Off, Off, Off, Off, Rich
412.218, 1738, 2,11, 83, 73, 24, 13,9, 0,72, 4,52, 28, 38, 102, 6,55, Off, Off, Off, Off, Off, Off, On, Off, Off, Off, Off, Rich
412.265, 1750, 2,11, 83, 69, 24, 13,9, 0,72, 4,47, 28, 38, 102, 6,52, Off, Off, Off, Off, Off, Off, On, Off, Off, Off, Off, Rich
412.328, 1738, 2,11, 83, 60, 24, 13,8, 0,72, 4,21, 28, 38, 102, 6,1, Off, Off, Off, Off, Off, Off, On, Off, Off, Off, Off, Rich
412.375, 1738, 2,1, 83, 25, 24, 13,8, 0,72, 4,43, 28, 38, 98, 6,42, Off, Off, Off, Off, Off, Off, On, Off, Off, Off, Off, Lean
412.437, 1725, 2,09, 83, 6, 24, 13,8, 0,72, 4,43, 28, 38, 98, 6,37, Off, Off, Off, Off, Off, Off, On, Off, Off, Off, Off, Lean
412.500, 1738, 2,08, 83, 3, 24, 13,8, 0,72, 4,46, 28, 38, 98, 6,46, Off, Off, Off, Off, Off, Off, On, Off, Off, Off, Off, Lean
412.562, 1750, 2,08, 83, 1, 24, 13,8, 0,72, 4,43, 28, 38, 98, 6,46, Off, Off, Off, Off, Off, Off, On, Off, Off, Off, Off, Lean
412.609, 1750, 2,1, 83, 1, 24, 13,7, 0,72, 4,43, 29, 38, 98, 6,46, Off, Off, Off, Off, Off, Off, On, Off, Off, Off, Off, Lean
412.656, 1762, 2,11, 83, 1, 24, 13,8, 0,72, 4,44, 29, 38, 98, 6,52, Off, Off, Off, Off, Off, Off, On, Off, Off, Off, Off, Lean
412.718, 1788, 2,1, 83, 0, 24, 13,9, 0,72, 4,45, 29, 38, 98, 6,63, Off, Off, Off, Off, Off, Off, On, Off, Off, Off, Off, Lean
412.750, 1788, 2,1, 83, 0, 24, 13,8, 0,72, 4,41, 29, 38, 98, 6,57, Off, Off, Off, Off, Off, Off, On, Off, Off, Off, Off, Lean
412.812, 1788, 2,08, 83, 1, 24, 13,8, 0,72, 4,45, 29, 38, 98, 6,63, Off, Off, Off, Off, Off, Off, On, Off, Off, Off, Off, Lean
412.859, 1788, 2,1, 83, 1, 24, 13,7, 0,72, 4,42, 30, 38, 98, 6,59, Off, Off, Off, Off, Off, Off, On, Off, Off, Off, Off, Lean
412.906, 1812, 2,1, 83, 1, 26, 13,8, 0,72, 4,41, 30, 38, 98, 6,66, Off, Off, Off, Off, Off, Off, On, Off, Off, Off, Off, Lean
412.968, 1812, 2,1, 83, 1, 26, 13,8, 0,72, 4,4, 30, 38, 98, 6,64, Off, Off, Off, Off, Off, Off, On, Off, Off, Off, Off, Lean
413.015, 1838, 2,06, 83, 1, 26, 13,8, 0,68, 4,21, 30, 38, 98, 6,45, Off, Off, Off, Off, Off, Off, On, Off, Off, Off, Off, Lean
413.062, 1838, 2,01, 83, 1, 26, 13,8, 0,66, 3,97, 30, 38, 98, 6,08, Off, Off, Off, Off, Off, Off, On, Off, Off, Off, Off, Lean
413.109, 1812, 1,98, 83, 2, 26, 13,8, 0,62, 3,86, 31, 38, 98, 5,83, Off, Off, Off, Off, Off, Off, On, Off, Off, Off, Off, Lean
413.156, 1838, 1,76, 83, 1, 26, 13,7, 0,48, 3,33, 32, 38, 98, 5,1, Off, Off, Off, Off, Off, Off, On, Off, Off, Off, Off, Lean
413.218, 1800, 1,51, 83, 1, 26, 13,8, 0,34, 3,08, 31, 47, 98, 4,62, Off, Off, Off, Off, On, Off, On, Off, Off, Off, Off, Lean
413.281, 1762, 1,41, 83, 0, 26, 13,8, 0,34, 2,6, 25, 47, 98, 3,82, Off, Off, Off, Off, On, Off, On, Off, Off, Off, Off, Lean
413.328, 1738, 1,44, 83, 0, 26, 13,8, 0,34, 2,5, 23, 47, 98, 3,62, Off, Off, Off, Off, On, Off, On, Off, Off, Off, Off, Lean
413.390, 1750, 1,44, 83, 0, 26, 13,7, 0,34, 2,29, 23, 47, 98, 3,34, Off, Off, Off, Off, On, Off, On, Off, Off, Off, Off, Lean
413.437, 1750, 1,4, 83, 0, 26, 13,8, 0,34, 2,16, 23, 46, 98, 3,15, Off, Off, Off, Off, On, Off, On, Off, Off, Off, Off, Lean
413.484, 1738, 1,43, 83, 0, 26, 13,7, 0,34, 2,07, 23, 46, 98, 3, Off, Off, Off, Off, On, Off, On, Off, Off, Off, Off, Lean
413.546, 1725, 1,38, 83, 1, 26, 13,8, 0,34, 2,04, 23, 46, 98, 2,93, Off, Off, Off, Off, On, Off, On, Off, Off, Off, Off, Lean
413.593, 1700, 1,39, 83, 1, 28, 13,8, 0,34, 1,99, 23, 46, 98, 2,82, Off, Off, Off, Off, On, Off, On, Off, Off, Off, Off, Lean
413.640, 1675, 1,38, 83, 1, 28, 13,6, 0,34, 1,95, 23, 45, 98, 2,72, Off, Off, Off, Off, On, Off, On, Off, Off, Off, Off, Lean
413.703, 1650, 1,42, 83, 0, 28, 13,8, 0,34, 1,96, 23, 45, 98, 2,7, Off, Off, Off, Off, On, Off, On, Off, Off, Off, Off, Lean
413.750, 1625, 1,4, 83, 0, 28, 13,9, 0,34, 2,04, 23, 45, 98, 2,76, Off, Off, Off, Off, On, Off, On, Off, Off, Off, Off, Lean
413.812, 1625, 1,4, 83, 0, 28, 13,8, 0,34, 2,02, 23, 45, 98, 2,74, Off, Off, Off, Off, On, Off, On, Off, Off, Off, Off, Lean
413.875, 1600, 1,38, 83, 0, 28, 13,8, 0,34, 2,02, 23, 45, 98, 2,69, Off, Off, Off, Off, On, Off, On, Off, Off, Off, Off, Lean
413.921, 1588, 1,39, 83, 0, 28, 13,8, 0,34, 2,02, 22, 44, 98, 2,67, Off, Off, Off, Off, On, Off, On, Off, Off, Off, Off, Lean
413.984, 1562, 1,38, 83, 0, 28, 13,8, 0,34, 2,04, 22, 44, 98, 2,66, Off, Off, Off, Off, On, Off, On, Off, Off, Off, Off, Lean
414.031, 1562, 1,38, 84, 0, 28, 13,8, 0,34, 2,03, 22, 44, 98, 2,64, Off, Off, Off, Off, On, Off, On, Off, Off, Off, Off, Lean
414.078, 1525, 1,37, 84, 0, 28, 13,8, 0,34, 2,05, 21, 44, 98, 2,61, Off, Off, Off, Off, On, Off, On, Off, Off, Off, Off, Lean
414.140, 1525, 1,37, 84, 1, 28, 13,8, 0,34, 2,05, 20, 44, 98, 2,61, Off, Off, Off, Off, On, Off, On, Off, Off, Off, Off, Lean
414.187, 1475, 1,38, 84, 1, 28, 13,8, 0,34, 2,04, 20, 43, 98, 2,51, Off, Off, Off, Off, On, Off, On, Off, Off, Off, Off, Lean
414.250, 1462, 1,36, 84, 1, 28, 13,8, 0,34, 2,05, 19, 43, 98, 2,5, Off, Off, Off, Off, On, Off, On, Off, Off, Off, Off, Lean
414.312, 1462, 1,36, 84, 1, 28, 13,8, 0,34, 2,05, 18, 43, 98, 2,5, Off, Off, Off, Off, On, Off, On, Off, Off, Off, Off, Lean
414.359, 1388, 1,35, 84, 2, 30, 13,8, 0,34, 2,06, 18, 42, 98, 2,38, Off, Off, Off, Off, On, Off, On, Off, Off, Off, Off, Lean
414.421, 1388, 1,35, 84, 2, 30, 13,9, 0,34, 2,07, 17, 42, 98, 2,39, Off, Off, Off, Off, On, Off, On, Off, Off, Off, Off, Lean
414.468, 1325, 1,35, 84, 2, 30, 13,8, 0,34, 2,12, 16, 42, 98, 2,34, Off, Off, Off, Off, On, Off, On, Off, Off, Off, Off, Lean
414.531, 1262, 1,35, 84, 3, 30, 13,8, 0,34, 2,11, 15, 42, 98, 2,22, Off, Off, Off, Off, On, Off, On, Off, Off, Off, Off, Lean
414.609, 1225, 1,34, 84, 3, 30, 13,8, 0,34, 2,13, 14, 42, 98, 2,17, Off, Off, Off, Off, On, Off, On, Off, Off, Off, Off, Lean
414.656, 1188, 1,34, 84, 4, 30, 13,8, 0,34, 2,19, 13, 42, 98, 2,17, Off, Off, Off, Off, On, Off, On, Off, Off, Off, Off, Lean
414.718, 1150, 1,34, 84, 4, 30, 13,8, 0,34, 2,23, 13, 42, 98, 2,14, Off, Off, Off, Off, On, Off, On, Off, Off, Off, Off, Lean
414.765, 1088, 1,34, 84, 5, 30, 13,8, 0,34, 2,27, 13, 41, 98, 2,06, Off, Off, Off, Off, On, Off, On, Off, Off, Off, Off, Lean
414.812, 1062, 1,34, 84, 5, 30, 13,8, 0,34, 2,3, 13, 41, 98, 2,04, Off, Off, Off, Off, On, Off, On, Off, Off, Off, Off, Lean
414.859, 1050, 1,33, 84, 5, 30, 13,7, 0,34, 2,31, 13, 41, 98, 2,02, Off, Off, Off, Off, On, Off, On, Off, Off, Off, Off, Lean
414.921, 1062, 1,32, 84, 4, 30, 13,8, 0,34, 2,4, 13, 41, 98, 2,12, Off, Off, Off, Off, On, Off, On, Off, Off, Off, Off, Lean
414.968, 1050, 1,32, 84, 4, 30, 13,8, 0,34, 2,39, 13, 41, 98, 2,09, Off, Off, Off, Off, On, Off, On, Off, Off, Off, Off, Lean
415.015, 1050, 1,31, 84, 4, 32, 13,7, 0,34, 2,43, 13, 40, 98, 2,13, Off, Off, Off, Off, On, Off, On, Off, Off, Off, Off, Lean
415.078, 1062, 1,31, 84, 5, 32, 13,8, 0,34, 2,45, 13, 40, 98, 2,17, Off, Off, Off, Off, On, Off, On, Off, Off, Off, Off, Lean
415.109, 1050, 1,3, 84, 4, 32, 13,8, 0,34, 2,47, 13, 40, 98, 2,16, Off, Off, Off, Off, On, Off, On, Off, Off, Off, Off, Lean
415.187, 1062, 1,31, 84, 3, 32, 13,6, 0,34, 2,46, 13, 40, 98, 2,18, Off, Off, Off, Off, On, Off, On, Off, Off, Off, Off, Lean
415.265, 1050, 1,3, 84, 3, 32, 13,7, 0,34, 2,49, 13, 40, 98, 2,18, Off, Off, Off, Off, On, Off, On, Off, Off, Off, Off, Lean
415.312, 1062, 1,29, 84, 3, 32, 13,8, 0,34, 2,47, 13, 39, 98, 2,19, Off, Off, Off, Off, On, Off, On, Off, Off, Off, Off, Lean
415.375, 1062, 1,3, 84, 3, 32, 13,8, 0,34, 2,49, 13, 39, 98, 2,2, Off, Off, Off, Off, On, Off, On, Off, Off, Off, Off, Lean
415.421, 1062, 1,28, 84, 4, 32, 13,8, 0,34, 2,48, 13, 38, 98, 2,19, Off, Off, Off, Off, On, Off, On, Off, Off, Off, Off, Lean
415.484, 1062, 1,29, 84, 5, 32, 13,8, 0,34, 2,47, 13, 38, 98, 2,19, Off, Off, Off, Off, On, Off, On, Off, Off, Off, Off, Lean
415.546, 1062, 1,28, 84, 6, 32, 13,8, 0,34, 2,47, 13, 38, 98, 2,19, Off, Off, Off, Off, On, Off, On, Off, Off, Off, Off, Lean
415.593, 1062, 1,27, 84, 8, 32, 13,8, 0,34, 2,46, 13, 38, 98, 2,18, Off, Off, Off, Off, On, Off, On, Off, Off, Off, Off, Lean
415.640, 1050, 1,27, 84, 31, 32, 13,8, 0,34, 2,45, 13, 38, 98, 2,14, Off, Off, Off, Off, On, Off, On, Off, Off, Off, Off, Lean
415.703, 1062, 1,28, 84, 56, 32, 13,7, 0,34, 2,44, 13, 38, 97, 2,16, Off, Off, Off, Off, On, Off, On, Off, Off, Off, Off, Rich
415.765, 1062, 1,28, 84, 70, 28, 13,8, 0,34, 2,41, 13, 38, 97, 2,13, Off, Off, Off, Off, On, Off, On, Off, Off, Off, Off, Rich
415.812, 1050, 1,28, 84, 75, 28, 13,8, 0,34, 2,41, 13, 38, 97, 2,11, Off, Off, Off, Off, On, Off, On, Off, Off, Off, Off, Rich
415.875, 1050, 1,28, 84, 79, 28, 13,8, 0,34, 2,41, 13, 38, 97, 2,11, Off, Off, Off, Off, On, Off, On, Off, Off, Off, Off, Rich
415.921, 1038, 1,28, 84, 80, 28, 13,8, 0,34, 2,4, 13, 38, 97, 2,08, Off, Off, Off, Off, On, Off, On, Off, Off, Off, Off, Rich
415.984, 1025, 1,28, 84, 81, 28, 13,8, 0,34, 2,41, 13, 38, 97, 2,06, Off, Off, Off, Off, On, Off, On, Off, Off, Off, Off, Rich
416.046, 1038, 1,28, 84, 80, 28, 13,8, 0,34, 2,41, 13, 38, 97, 2,08, Off, Off, Off, Off, On, Off, On, Off, Off, Off, Off, Rich
416.093, 1000, 1,28, 84, 80, 28, 13,8, 0,34, 2,42, 13, 38, 97, 2,02, Off, Off, Off, Off, On, Off, On, Off, Off, Off, Off, Rich
416.140, 1025, 1,28, 84, 78, 28, 13,8, 0,34, 2,42, 13, 38, 97, 2,07, Off, Off, Off, Off, On, Off, On, Off, Off, Off, Off, Rich
416.203, 1038, 1,28, 84, 76, 28, 13,8, 0,34, 2,43, 13, 38, 97, 2,1, Off, Off, Off, Off, On, Off, On, Off, Off, Off, Off, Rich
416.250, 1025, 1,28, 84, 74, 28, 13,8, 0,34, 2,43, 13, 38, 97, 2,08, Off, Off, Off, Off, On, Off, On, Off, Off, Off, Off, Rich
416.296, 1000, 1,28, 84, 74, 28, 13,8, 0,34, 2,43, 13, 38, 97, 2,03, Off, Off, Off, Off, On, Off, On, Off, Off, Off, Off, Rich
416.343, 1025, 1,28, 84, 68, 28, 13,8, 0,34, 2,43, 13, 38, 97, 2,08, Off, Off, Off, Off, On, Off, On, Off, Off, Off, Off, Rich
416.390, 1025, 1,28, 84, 42, 28, 13,8, 0,34, 2,49, 13, 38, 103, 2,13, Off, Off, Off, Off, On, Off, On, Off, Off, Off, Off, Lean
416.453, 1000, 1,28, 84, 22, 26, 13,8, 0,34, 2,49, 13, 38, 103, 2,08, Off, Off, Off, Off, On, Off, On, Off, Off, Off, Off, Lean
416.500, 1000, 1,28, 84, 10, 26, 13,8, 0,34, 2,49, 13, 38, 103, 2,08, Off, Off, Off, Off, On, Off, On, Off, Off, Off, Off, Lean
416.546, 1000, 1,28, 84, 6, 26, 13,7, 0,34, 2,49, 13, 38, 103, 2,08, Off, Off, Off, Off, On, Off, On, Off, Off, Off, Off, Lean
416.609, 1000, 1,28, 84, 6, 26, 13,7, 0,34, 2,5, 13, 38, 103, 2,08, Off, Off, Off, Off, On, Off, On, Off, Off, Off, Off, Lean
416.656, 1000, 1,28, 84, 3, 26, 13,8, 0,34, 2,52, 13, 38, 103, 2,1, Off, Off, Off, Off, On, Off, On, Off, Off, Off, Off, Lean
416.718, 988, 1,28, 84, 3, 26, 13,8, 0,34, 2,51, 13, 38, 103, 2,07, Off, Off, Off, Off, On, Off, On, Off, Off, Off, Off, Lean
416.781, 988, 1,28, 84, 3, 26, 13,8, 0,34, 2,55, 13, 38, 103, 2,1, Off, Off, Off, Off, On, Off, On, Off, Off, Off, Off, Lean
416.828, 988, 1,28, 84, 4, 26, 13,8, 0,34, 2,55, 13, 38, 103, 2,1, Off, Off, Off, Off, On, Off, On, Off, Off, Off, Off, Lean
416.875, 1000, 1,28, 84, 4, 26, 13,8, 0,34, 2,55, 13, 38, 103, 2,12, Off, Off, Off, Off, On, Off, On, Off, Off, Off, Off, Lean
416.937, 1000, 1,28, 84, 5, 26, 13,8, 0,34, 2,55, 13, 38, 103, 2,12, Off, Off, Off, Off, On, Off, On, Off, Off, Off, Off, Lean
416.984, 988, 1,28, 84, 7, 26, 13,8, 0,34, 2,54, 13, 38, 103, 2,09, Off, Off, Off, Off, On, Off, On, Off, Off, Off, Off, Lean
417.031, 975, 1,28, 84, 16, 26, 13,7, 0,34, 2,54, 13, 38, 103, 2,06, Off, Off, Off, Off, On, Off, On, Off, Off, Off, Off, Lean
417.078, 975, 1,28, 84, 16, 26, 13,7, 0,34, 2,55, 13, 38, 103, 2,07, Off, Off, Off, Off, On, Off, On, Off, Off, Off, Off, Lean
417.140, 975, 1,28, 84, 68, 26, 13,8, 0,34, 2,56, 13, 38, 103, 2,08, Off, Off, Off, Off, On, Off, On, Off, Off, Off, Off, Lean
417.187, 975, 1,28, 84, 68, 26, 13,8, 0,34, 2,52, 13, 38, 103, 2,05, Off, Off, Off, Off, On, Off, On, Off, Off, Off, Off, Rich
417.250, 950, 1,28, 84, 75, 26, 13,8, 0,34, 2,53, 13, 38, 103, 2, Off, Off, Off, Off, On, Off, On, Off, Off, Off, Off, Rich
417.296, 950, 1,27, 84, 78, 26, 13,8, 0,34, 2,54, 13, 38, 103, 2,01, Off, Off, Off, Off, On, Off, On, Off, Off, Off, Off, Rich
417.343, 950, 1,28, 84, 79, 26, 13,8, 0,34, 2,55, 13, 38, 103, 2,02, Off, Off, Off, Off, On, Off, On, Off, Off, Off, Off, Rich
417.421, 975, 1,28, 84, 79, 26, 13,8, 0,34, 2,55, 13, 38, 103, 2,07, Off, Off, Off, Off, On, Off, On, Off, Off, Off, Off, Rich
417.468, 975, 1,28, 84, 79, 26, 13,8, 0,34, 2,56, 13, 38, 103, 2,08, Off, Off, Off, Off, On, Off, On, Off, Off, Off, Off, Rich
417.515, 975, 1,28, 84, 79, 26, 13,8, 0,34, 2,57, 13, 38, 103, 2,09, Off, Off, Off, Off, On, Off, On, Off, Off, Off, Off, Rich
417.578, 938, 1,28, 84, 79, 26, 13,8, 0,34, 2,57, 13, 38, 103, 2,01, Off, Off, Off, Off, On, Off, On, Off, Off, Off, Off, Rich
417.625, 938, 1,28, 84, 78, 26, 13,8, 0,34, 2,56, 13, 38, 103, 2, Off, Off, Off, Off, On, Off, On, Off, Off, Off, Off, Rich
417.687, 950, 1,28, 84, 78, 26, 13,8, 0,34, 2,56, 13, 38, 103, 2,03, Off, Off, Off, Off, On, Off, On, Off, Off, Off, Off, Rich
417.734, 950, 1,27, 84, 77, 26, 13,5, 0,34, 2,57, 13, 38, 103, 2,03, Off, Off, Off, Off, On, Off, On, Off, Off, Off, Off, Rich
417.781, 950, 1,28, 84, 78, 26, 13,7, 0,34, 2,57, 13, 38, 103, 2,03, Off, Off, Off, Off, On, Off, On, Off, Off, Off, Off, Rich
417.843, 950, 1,28, 84, 78, 26, 13,6, 0,34, 2,57, 13, 38, 103, 2,03, Off, Off, Off, Off, On, Off, On, Off, Off, Off, Off, Rich
417.890, 950, 1,28, 84, 77, 24, 13,8, 0,34, 2,58, 13, 38, 103, 2,04, Off, Off, Off, Off, On, Off, On, Off, Off, Off, Off, Rich
417.937, 950, 1,27, 84, 77, 24, 13,8, 0,34, 2,59, 13, 38, 103, 2,05, Off, Off, Off, Off, On, Off, On, Off, Off, Off, Off, Rich
418.000, 925, 1,27, 84, 76, 24, 13,8, 0,34, 2,6, 13, 38, 103, 2, Off, Off, Off, Off, On, Off, On, Off, Off, Off, Off, Rich
418.046, 938, 1,27, 84, 76, 24, 13,8, 0,34, 2,6, 13, 38, 103, 2,03, Off, Off, Off, Off, On, Off, On, Off, Off, Off, Off, Rich
418.125, 925, 1,27, 84, 75, 24, 13,6, 0,34, 2,59, 13, 38, 103, 2, Off, Off, Off, Off, On, Off, On, Off, Off, Off, Off, Rich
418.171, 938, 1,28, 84, 76, 24, 13,7, 0,34, 2,58, 13, 38, 103, 2,02, Off, Off, Off, Off, On, Off, On, Off, Off, Off, Off, Rich
418.218, 925, 1,28, 84, 76, 24, 13,8, 0,34, 2,6, 13, 38, 103, 2, Off, Off, Off, Off, On, Off, On, Off, Off, Off, Off, Rich
418.265, 950, 1,28, 84, 78, 24, 13,8, 0,34, 2,6, 13, 38, 103, 2,06, Off, Off, Off, Off, On, Off, On, Off, Off, Off, Off, Rich
418.328, 950, 1,28, 84, 78, 24, 13,8, 0,34, 2,61, 13, 38, 103, 2,07, Off, Off, Off, Off, On, Off, On, Off, Off, Off, Off, Rich
418.375, 950, 1,27, 84, 78, 24, 13,8, 0,34, 2,6, 13, 38, 103, 2,06, Off, Off, Off, Off, On, Off, On, Off, Off, Off, Off, Rich
418.437, 938, 1,27, 84, 78, 24, 13,8, 0,34, 2,6, 13, 38, 103, 2,03, Off, Off, Off, Off, On, Off, On, Off, Off, Off, Off, Rich
418.484, 950, 1,27, 84, 77, 24, 13,9, 0,34, 2,59, 13, 38, 103, 2,05, Off, Off, Off, Off, On, Off, On, Off, Off, Off, Off, Rich
418.546, 950, 1,28, 84, 78, 24, 13,8, 0,34, 2,59, 13, 38, 103, 2,05, Off, Off, Off, Off, On, Off, On, Off, Off, Off, Off, Rich
418.593, 975, 1,28, 84, 77, 24, 13,8, 0,34, 2,57, 13, 38, 103, 2,09, Off, Off, Off, Off, On, Off, On, Off, Off, Off, Off, Rich
418.640, 975, 1,28, 84, 77, 24, 13,8, 0,34, 2,56, 13, 38, 103, 2,08, Off, Off, Off, Off, On, Off, On, Off, Off, Off, Off, Rich
418.703, 975, 1,28, 84, 77, 24, 13,9, 0,34, 2,55, 13, 38, 103, 2,07, Off, Off, Off, Off, On, Off, On, Off, Off, Off, Off, Rich
418.750, 988, 1,27, 84, 75, 24, 13,8, 0,34, 2,55, 13, 38, 103, 2,1, Off, Off, Off, Off, On, Off, On, Off, Off, Off, Off, Rich
418.812, 988, 1,27, 84, 74, 24, 13,8, 0,34, 2,55, 13, 38, 103, 2,1, Off, Off, Off, Off, On, Off, On, Off, Off, Off, Off, Rich
418.859, 1000, 1,28, 84, 70, 24, 13,8, 0,34, 2,53, 13, 38, 103, 2,11, Off, Off, Off, Off, On, Off, On, Off, Off, Off, Off, Rich
418.906, 1000, 1,28, 84, 61, 24, 13,9, 0,34, 2,53, 13, 38, 103, 2,11, Off, Off, Off, Off, On, Off, On, Off, Off, Off, Off, Rich
418.953, 1000, 1,28, 84, 40, 24, 13,8, 0,34, 2,53, 13, 38, 103, 2,11, Off, Off, Off, Off, On, Off, On, Off, Off, Off, Off, Rich
419.015, 975, 1,28, 84, 40, 24, 13,8, 0,34, 2,58, 13, 38, 102, 2,1, Off, Off, Off, Off, On, Off, On, Off, Off, Off, Off, Lean
419.062, 975, 1,28, 84, 23, 24, 13,9, 0,34, 2,55, 13, 38, 102, 2,07, Off, Off, Off, Off, On, Off, On, Off, Off, Off, Off, Lean
419.109, 988, 1,27, 84, 11, 24, 13,9, 0,34, 2,54, 13, 38, 102, 2,09, Off, Off, Off, Off, On, Off, On, Off, Off, Off, Off, Lean
419.156, 1000, 1,27, 84, 6, 24, 13,8, 0,34, 2,55, 13, 38, 102, 2,12, Off, Off, Off, Off, On, Off, On, Off, Off, Off, Off, Lean
419.203, 1025, 1,27, 84, 4, 24, 13,8, 0,34, 2,54, 13, 38, 102, 2,17, Off, Off, Off, Off, On, Off, On, Off, Off, Off, Off, Lean
419.250, 1000, 1,27, 84, 3, 26, 13,8, 0,34, 2,53, 13, 38, 102, 2,11, Off, Off, Off, Off, On, Off, On, Off, Off, Off, Off, Lean
419.312, 1025, 1,27, 84, 3, 26, 13,8, 0,34, 2,54, 13, 38, 102, 2,17, Off, Off, Off, Off, On, Off, On, Off, Off, Off, Off, Lean
419.359, 1038, 1,28, 84, 3, 26, 13,9, 0,34, 2,5, 13, 38, 102, 2,16, Off, Off, Off, Off, On, Off, On, Off, Off, Off, Off, Lean
419.406, 1025, 1,27, 84, 3, 26, 13,8, 0,34, 2,52, 13, 38, 102, 2,15, Off, Off, Off, Off, On, Off, On, Off, Off, Off, Off, Lean
419.484, 1025, 1,27, 84, 3, 26, 13,7, 0,34, 2,52, 13, 38, 102, 2,15, Off, Off, Off, Off, On, Off, On, Off, Off, Off, Off, Lean
419.531, 1038, 1,27, 84, 3, 26, 13,8, 0,34, 2,5, 13, 38, 102, 2,16, Off, Off, Off, Off, On, Off, On, Off, Off, Off, Off, Lean
419.578, 1025, 1,27, 84, 3, 26, 13,8, 0,34, 2,49, 13, 38, 102, 2,13, Off, Off, Off, Off, On, Off, On, Off, Off, Off, Off, Lean
419.625, 1038, 1,28, 84, 3, 26, 13,8, 0,34, 2,47, 13, 38, 102, 2,14, Off, Off, Off, Off, On, Off, On, Off, Off, Off, Off, Lean
419.671, 1038, 1,27, 84, 2, 26, 13,8, 0,34, 2,5, 13, 38, 102, 2,16, Off, Off, Off, Off, On, Off, On, Off, Off, Off, Off, Lean
419.718, 1038, 1,28, 84, 2, 26, 13,8, 0,34, 2,48, 13, 38, 102, 2,15, Off, Off, Off, Off, On, Off, On, Off, Off, Off, Off, Lean
419.781, 1050, 1,28, 84, 2, 26, 13,7, 0,34, 2,47, 13, 38, 102, 2,16, Off, Off, Off, Off, On, Off, On, Off, Off, Off, Off, Lean
419.828, 1050, 1,28, 84, 2, 26, 13,7, 0,34, 2,48, 13, 38, 102, 2,17, Off, Off, Off, Off, On, Off, On, Off, Off, Off, Off, Lean
419.859, 1038, 1,28, 84, 2, 26, 13,8, 0,34, 2,47, 13, 38, 102, 2,14, Off, Off, Off, Off, On, Off, On, Off, Off, Off, Off, Lean
419.937, 1050, 1,28, 84, 2, 26, 13,8, 0,34, 2,48, 13, 38, 102, 2,17, Off, Off, Off, Off, On, Off, On, Off, Off, Off, Off, Lean
419.984, 1050, 1,28, 84, 2, 26, 13,8, 0,34, 2,48, 13, 38, 102, 2,17, Off, Off, Off, Off, On, Off, On, Off, Off, Off, Off, Lean
420.031, 1025, 1,27, 84, 2, 26, 13,8, 0,34, 2,47, 13, 38, 102, 2,11, Off, Off, Off, Off, On, Off, On, Off, Off, Off, Off, Lean
420.093, 1038, 1,28, 84, 2, 26, 13,8, 0,34, 2,47, 13, 38, 102, 2,14, Off, Off, Off, Off, On, Off, On, Off, Off, Off, Off, Lean
420.140, 1038, 1,27, 84, 1, 26, 13,8, 0,34, 2,46, 13, 38, 102, 2,13, Off, Off, Off, Off, On, Off, On, Off, Off, Off, Off, Lean
420.203, 1038, 1,27, 84, 2, 26, 13,7, 0,34, 2,45, 13, 38, 102, 2,12, Off, Off, Off, Off, On, Off, On, Off, Off, Off, Off, Lean
420.250, 1038, 1,27, 84, 1, 26, 13,8, 0,34, 2,46, 13, 38, 102, 2,13, Off, Off, Off, Off, On, Off, On, Off, Off, Off, Off, Lean
420.312, 1025, 1,27, 84, 2, 26, 13,8, 0,34, 2,45, 13, 38, 102, 2,09, Off, Off, Off, Off, On, Off, On, Off, Off, Off, Off, Lean
420.359, 1038, 1,28, 84, 2, 26, 13,8, 0,34, 2,46, 13, 38, 102, 2,13, Off, Off, Off, Off, On, Off, On, Off, Off, Off, Off, Lean
420.421, 1038, 1,28, 84, 2, 26, 13,8, 0,34, 2,47, 13, 38, 102, 2,14, Off, Off, Off, Off, On, Off, On, Off, Off, Off, Off, Lean
420.468, 1038, 1,28, 84, 2, 26, 13,8, 0,34, 2,46, 13, 38, 102, 2,13, Off, Off, Off, Off, On, Off, On, Off, Off, Off, Off, Lean
420.531, 1025, 1,27, 84, 2, 26, 13,8, 0,34, 2,48, 13, 38, 102, 2,12, Off, Off, Off, Off, On, Off, On, Off, Off, Off, Off, Lean
420.578, 1038, 1,28, 84, 2, 26, 13,8, 0,34, 2,48, 13, 38, 102, 2,15, Off, Off, Off, Off, On, Off, On, Off, Off, Off, Off, Lean
420.625, 1025, 1,27, 84, 2, 26, 13,8, 0,34, 2,49, 13, 38, 102, 2,13, Off, Off, Off, Off, On, Off, On, Off, Off, Off, Off, Lean
420.687, 1025, 1,27, 84, 2, 26, 13,7, 0,34, 2,48, 13, 38, 102, 2,12, Off, Off, Off, Off, On, Off, On, Off, Off, Off, Off, Lean
420.734, 1025, 1,27, 84, 2, 26, 13,7, 0,34, 2,47, 13, 38, 102, 2,11, Off, Off, Off, Off, On, Off, On, Off, Off, Off, Off, Lean
420.781, 1000, 1,27, 84, 3, 26, 13,8, 0,34, 2,5, 13, 38, 102, 2,08, Off, Off, Off, Off, On, Off, On, Off, Off, Off, Off, Lean
420.843, 1000, 1,28, 84, 3, 26, 13,8, 0,34, 2,5, 13, 38, 102, 2,08, Off, Off, Off, Off, On, Off, On, Off, Off, Off, Off, Lean
420.906, 1000, 1,28, 84, 4, 26, 13,8, 0,34, 2,5, 13, 38, 102, 2,08, Off, Off, Off, Off, On, Off, On, Off, Off, Off, Off, Lean
420.953, 1000, 1,28, 84, 4, 26, 13,7, 0,34, 2,51, 13, 38, 102, 2,09, Off, Off, Off, Off, On, Off, On, Off, Off, Off, Off, Lean
421.015, 988, 1,27, 84, 4, 26, 13,8, 0,34, 2,51, 13, 38, 102, 2,07, Off, Off, Off, Off, On, Off, On, Off, Off, Off, Off, Lean
421.062, 988, 1,28, 84, 4, 26, 13,8, 0,34, 2,52, 13, 38, 102, 2,07, Off, Off, Off, Off, On, Off, On, Off, Off, Off, Off, Lean
421.109, 988, 1,27, 84, 4, 26, 13,7, 0,34, 2,53, 13, 38, 102, 2,08, Off, Off, Off, Off, On, Off, On, Off, Off, Off, Off, Lean
421.171, 988, 1,28, 84, 6, 26, 13,8, 0,34, 2,54, 13, 38, 102, 2,09, Off, Off, Off, Off, On, Off, On, Off, Off, Off, Off, Lean
421.218, 988, 1,27, 84, 6, 26, 13,8, 0,34, 2,56, 13, 38, 102, 2,11, Off, Off, Off, Off, On, Off, On, Off, Off, Off, Off, Lean
421.281, 988, 1,27, 84, 7, 26, 13,8, 0,34, 2,57, 13, 38, 102, 2,12, Off, Off, Off, Off, On, Off, On, Off, Off, Off, Off, Lean
421.328, 975, 1,27, 84, 7, 26, 13,8, 0,34, 2,56, 13, 38, 102, 2,08, Off, Off, Off, Off, On, Off, On, Off, Off, Off, Off, Lean
421.375, 975, 1,27, 84, 9, 26, 13,8, 0,34, 2,57, 13, 38, 102, 2,09, Off, Off, Off, Off, On, Off, On, Off, Off, Off, Off, Lean
421.421, 975, 1,28, 84, 15, 26, 13,7, 0,34, 2,58, 13, 38, 102, 2,1, Off, Off, Off, Off, On, Off, On, Off, Off, Off, Off, Lean
421.484, 988, 1,27, 84, 45, 26, 13,8, 0,34, 2,59, 13, 38, 102, 2,13, Off, Off, Off, Off, On, Off, On, Off, Off, Off, Off, Lean
421.531, 975, 1,28, 84, 61, 26, 13,8, 0,34, 2,6, 13, 38, 102, 2,11, Off, Off, Off, Off, On, Off, On, Off, Off, Off, Off, Lean
421.609, 975, 1,26, 84, 61, 26, 13,8, 0,34, 2,56, 13, 38, 102, 2,08, Off, Off, Off, Off, On, Off, On, Off, Off, Off, Off, Rich
421.656, 938, 1,27, 84, 71, 26, 13,8, 0,34, 2,57, 13, 38, 102, 2,01, Off, Off, Off, Off, On, Off, On, Off, Off, Off, Off, Rich
421.703, 938, 1,27, 84, 75, 26, 13,8, 0,34, 2,58, 13, 38, 102, 2,02, Off, Off, Off, Off, On, Off, On, Off, Off, Off, Off, Rich
421.765, 938, 1,27, 84, 78, 26, 13,6, 0,34, 2,58, 13, 38, 102, 2,02, Off, Off, Off, Off, On, Off, On, Off, Off, Off, Off, Rich
421.812, 938, 1,27, 84, 79, 26, 13,7, 0,34, 2,58, 13, 38, 102, 2,02, Off, Off, Off, Off, On, Off, On, Off, Off, Off, Off, Rich
421.859, 900, 1,27, 84, 80, 26, 13,8, 0,34, 2,6, 13, 38, 102, 1,95, Off, Off, Off, Off, On, Off, On, Off, Off, Off, Off, Rich
421.921, 900, 1,28, 84, 80, 26, 13,8, 0,34, 2,62, 13, 38, 102, 1,96, Off, Off, Off, Off, On, Off, On, Off, Off, Off, Off, Rich
421.968, 900, 1,28, 84, 80, 26, 13,7, 0,34, 2,62, 13, 38, 102, 1,96, Off, Off, Off, Off, On, Off, On, Off, Off, Off, Off, Rich
422.015, 888, 1,27, 84, 81, 26, 13,8, 0,34, 2,65, 13, 38, 102, 1,96, Off, Off, Off, Off, On, Off, On, Off, Off, Off, Off, Rich
422.078, 875, 1,28, 84, 80, 26, 13,7, 0,34, 2,66, 13, 38, 102, 1,94, Off, Off, Off, Off, On, Off, On, Off, Off, Off, Off, Rich
422.125, 888, 1,27, 84, 81, 24, 13,8, 0,34, 2,67, 13, 38, 102, 1,98, Off, Off, Off, Off, On, Off, On, Off, Off, Off, Off, Rich
422.171, 875, 1,27, 84, 81, 24, 13,8, 0,34, 2,7, 13, 38, 102, 1,97, Off, Off, Off, Off, On, Off, On, Off, Off, Off, Off, Rich
422.234, 875, 1,27, 84, 81, 24, 13,8, 0,34, 2,7, 13, 38, 102, 1,97, Off, Off, Off, Off, On, Off, On, Off, Off, Off, Off, Rich
422.296, 862, 1,27, 84, 82, 24, 13,7, 0,34, 2,72, 13, 38, 102, 1,95, Off, Off, Off, Off, On, Off, On, Off, Off, Off, Off, Rich
422.343, 875, 1,28, 84, 82, 24, 13,8, 0,34, 2,72, 13, 38, 102, 1,98, Off, Off, Off, Off, On, Off, On, Off, Off, Off, Off, Rich
422.390, 862, 1,27, 84, 82, 24, 13,8, 0,34, 2,73, 13, 38, 102, 1,96, Off, Off, Off, Off, On, Off, On, Off, Off, Off, Off, Rich
422.453, 862, 1,27, 84, 83, 24, 13,8, 0,34, 2,74, 13, 38, 102, 1,97, Off, Off, Off, Off, On, Off, On, Off, Off, Off, Off, Rich
422.500, 862, 1,26, 84, 83, 24, 13,7, 0,34, 2,77, 13, 38, 102, 1,99, Off, Off, Off, Off, On, Off, On, Off, Off, Off, Off, Rich
422.562, 875, 1,27, 84, 83, 24, 13,7, 0,34, 2,76, 13, 38, 102, 2,01, Off, Off, Off, Off, On, Off, On, Off, Off, Off, Off, Rich
422.609, 862, 1,27, 84, 83, 24, 13,8, 0,34, 2,77, 13, 38, 102, 1,99, Off, Off, Off, Off, On, Off, On, Off, Off, Off, Off, Rich
422.671, 838, 1,27, 84, 83, 24, 13,8, 0,34, 2,77, 13, 38, 102, 1,93, Off, Off, Off, Off, On, Off, On, Off, Off, Off, Off, Rich
422.718, 862, 1,26, 84, 83, 24, 13,8, 0,34, 2,78, 13, 38, 102, 2, Off, Off, Off, Off, On, Off, On, Off, Off, Off, Off, Rich
422.781, 838, 1,26, 84, 83, 24, 13,8, 0,34, 2,77, 13, 38, 102, 1,93, Off, Off, Off, Off, On, Off, On, Off, Off, Off, Off, Rich
422.828, 838, 1,27, 84, 83, 20, 13,8, 0,34, 2,78, 13, 38, 102, 1,94, Off, Off, Off, Off, On, Off, On, Off, Off, Off, Off, Rich
422.875, 838, 1,27, 84, 83, 20, 13,8, 0,34, 2,78, 13, 38, 102, 1,94, Off, Off, Off, Off, On, Off, On, Off, Off, Off, Off, Rich
422.921, 862, 1,26, 84, 82, 20, 13,6, 0,34, 2,81, 13, 38, 102, 2,02, Off, Off, Off, Off, On, Off, On, Off, Off, Off, Off, Rich
422.984, 838, 1,26, 84, 82, 20, 13,8, 0,34, 2,82, 13, 38, 102, 1,97, Off, Off, Off, Off, On, Off, On, Off, Off, Off, Off, Rich
423.015, 862, 1,27, 84, 81, 20, 13,8, 0,34, 2,82, 13, 38, 102, 2,03, Off, Off, Off, Off, On, Off, On, Off, Off, Off, Off, Rich
423.093, 838, 1,26, 84, 81, 20, 13,8, 0,34, 2,83, 13, 38, 102, 1,98, Off, Off, Off, Off, On, Off, On, Off, Off, Off, Off, Rich
423.140, 875, 1,26, 84, 81, 20, 13,7, 0,34, 2,83, 13, 38, 102, 2,06, Off, Off, Off, Off, On, Off, On, Off, Off, Off, Off, Rich
423.187, 862, 1,27, 84, 80, 20, 13,7, 0,34, 2,81, 13, 38, 102, 2,02, Off, Off, Off, Off, On, Off, On, Off, Off, Off, Off, Rich
423.250, 838, 1,27, 84, 80, 20, 13,7, 0,34, 2,82, 13, 38, 102, 1,97, Off, Off, Off, Off, On, Off, On, Off, Off, Off, Off, Rich
423.296, 825, 1,26, 84, 80, 20, 13,7, 0,34, 2,81, 13, 38, 102, 1,93, Off, Off, Off, Off, On, Off, On, Off, Off, Off, Off, Rich
423.343, 862, 1,26, 84, 79, 20, 13,8, 0,34, 2,83, 13, 38, 102, 2,03, Off, Off, Off, Off, On, Off, On, Off, Off, Off, Off, Rich
423.406, 825, 1,26, 84, 79, 20, 13,8, 0,34, 2,82, 13, 38, 102, 1,94, Off, Off, Off, Off, On, Off, On, Off, Off, Off, Off, Rich
423.453, 862, 1,26, 84, 79, 20, 13,8, 0,34, 2,83, 13, 38, 102, 2,03, Off, Off, Off, Off, On, Off, On, Off, Off, Off, Off, Rich
423.500, 862, 1,26, 84, 79, 20, 13,8, 0,34, 2,81, 13, 38, 102, 2,02, Off, Off, Off, Off, On, Off, On, Off, Off, Off, Off, Rich
423.562, 838, 1,26, 84, 80, 20, 13,8, 0,34, 2,82, 13, 38, 102, 1,97, Off, Off, Off, Off, On, Off, On, Off, Off, Off, Off, Rich
423.609, 838, 1,26, 84, 79, 20, 13,8, 0,34, 2,82, 13, 38, 102, 1,97, Off, Off, Off, Off, On, Off, On, Off, Off, Off, Off, Rich
423.671, 862, 1,27, 84, 80, 20, 13,8, 0,34, 2,82, 13, 38, 102, 2,03, Off, Off, Off, Off, On, Off, On, Off, Off, Off, Off, Rich
423.734, 875, 1,26, 84, 80, 20, 13,7, 0,34, 2,83, 13, 38, 102, 2,06, Off, Off, Off, Off, On, Off, On, Off, Off, Off, Off, Rich
423.781, 875, 1,26, 84, 80, 20, 13,7, 0,34, 2,81, 13, 38, 102, 2,05, Off, Off, Off, Off, On, Off, On, Off, Off, Off, Off, Rich
423.828, 875, 1,26, 84, 80, 20, 13,7, 0,34, 2,82, 13, 38, 102, 2,06, Off, Off, Off, Off, On, Off, On, Off, Off, Off, Off, Rich
423.890, 875, 1,26, 84, 80, 20, 13,8, 0,34, 2,8, 13, 38, 102, 2,04, Off, Off, Off, Off, On, Off, On, Off, Off, Off, Off, Rich
423.937, 875, 1,26, 84, 80, 20, 13,7, 0,34, 2,79, 13, 38, 102, 2,03, Off, Off, Off, Off, On, Off, On, Off, Off, Off, Off, Rich
423.984, 875, 1,27, 84, 79, 20, 13,7, 0,34, 2,78, 13, 38, 102, 2,03, Off, Off, Off, Off, On, Off, On, Off, Off, Off, Off, Rich
424.046, 888, 1,26, 84, 78, 20, 13,6, 0,34, 2,77, 13, 38, 102, 2,05, Off, Off, Off, Off, On, Off, On, Off, Off, Off, Off, Rich
424.093, 875, 1,26, 84, 77, 20, 13,8, 0,34, 2,77, 13, 38, 102, 2,02, Off, Off, Off, Off, On, Off, On, Off, Off, Off, Off, Rich
424.156, 875, 1,27, 84, 76, 20, 13,8, 0,34, 2,76, 13, 38, 102, 2,01, Off, Off, Off, Off, On, Off, On, Off, Off, Off, Off, Rich
424.187, 875, 1,27, 84, 75, 22, 13,8, 0,34, 2,76, 13, 38, 102, 2,01, Off, Off, Off, Off, On, Off, On, Off, Off, Off, Off, Rich
424.250, 875, 1,26, 84, 75, 22, 13,8, 0,34, 2,74, 13, 38, 102, 2, Off, Off, Off, Off, On, Off, On, Off, Off, Off, Off, Rich
424.312, 888, 1,26, 84, 73, 22, 13,8, 0,34, 2,75, 13, 38, 102, 2,04, Off, Off, Off, Off, On, Off, On, Off, Off, Off, Off, Rich
424.375, 888, 1,26, 84, 72, 22, 13,8, 0,34, 2,75, 13, 38, 102, 2,04, Off, Off, Off, Off, On, Off, On, Off, Off, Off, Off, Rich
424.437, 888, 1,26, 84, 70, 22, 13,8, 0,34, 2,73, 13, 38, 102, 2,02, Off, Off, Off, Off, On, Off, On, Off, Off, Off, Off, Rich
424.484, 888, 1,27, 84, 63, 22, 13,8, 0,34, 2,74, 13, 38, 102, 2,03, Off, Off, Off, Off, On, Off, On, Off, Off, Off, Off, Rich
424.546, 888, 1,26, 84, 63, 22, 13,8, 0,34, 2,72, 13, 38, 102, 2,01, Off, Off, Off, Off, On, Off, On, Off, Off, Off, Off, Rich
424.593, 888, 1,26, 84, 48, 22, 13,8, 0,34, 2,72, 13, 38, 102, 2,01, Off, Off, Off, Off, On, Off, On, Off, Off, Off, Off, Rich
424.640, 875, 1,26, 84, 35, 22, 13,8, 0,34, 2,71, 13, 38, 102, 1,98, Off, Off, Off, Off, On, Off, On, Off, Off, Off, Off, Lean
424.687, 875, 1,27, 84, 22, 22, 13,8, 0,34, 2,75, 13, 38, 102, 2,01, Off, Off, Off, Off, On, Off, On, Off, Off, Off, Off, Lean
424.734, 875, 1,27, 84, 22, 22, 13,8, 0,34, 2,77, 13, 38, 102, 2,02, Off, Off, Off, Off, On, Off, On, Off, Off, Off, Off, Lean
424.796, 875, 1,27, 84, 12, 22, 13,8, 0,34, 2,77, 13, 38, 102, 2,02, Off, Off, Off, Off, On, Off, On, Off, Off, Off, Off, Lean
424.843, 888, 1,27, 84, 6, 22, 13,8, 0,34, 2,78, 13, 38, 102, 2,06, Off, Off, Off, Off, On, Off, On, Off, Off, Off, Off, Lean
424.906, 888, 1,27, 84, 4, 20, 13,8, 0,34, 2,77, 13, 38, 102, 2,05, Off, Off, Off, Off, On, Off, On, Off, Off, Off, Off, Lean
424.953, 888, 1,27, 84, 2, 20, 13,7, 0,34, 2,78, 13, 38, 102, 2,06, Off, Off, Off, Off, On, Off, On, Off, Off, Off, Off, Lean
425.015, 888, 1,27, 84, 2, 20, 13,7, 0,34, 2,77, 13, 38, 102, 2,05, Off, Off, Off, Off, On, Off, On, Off, Off, Off, Off, Lean
425.078, 875, 1,27, 84, 2, 20, 13,7, 0,34, 2,77, 13, 38, 102, 2,02, Off, Off, Off, Off, On, Off, On, Off, Off, Off, Off, Lean
425.125, 888, 1,26, 84, 2, 20, 13,7, 0,34, 2,76, 13, 38, 102, 2,04, Off, Off, Off, Off, On, Off, On, Off, Off, Off, Off, Lean
425.187, 875, 1,26, 84, 2, 20, 13,7, 0,34, 2,76, 13, 38, 102, 2,01, Off, Off, Off, Off, On, Off, On, Off, Off, Off, Off, Lean
425.234, 875, 1,25, 84, 2, 20, 13,7, 0,34, 2,76, 13, 38, 102, 2,01, Off, Off, Off, Off, On, Off, On, Off, Off, Off, Off, Lean
425.281, 888, 1,26, 84, 3, 20, 13,7, 0,34, 2,75, 13, 38, 102, 2,04, Off, Off, Off, Off, On, Off, On, Off, Off, Off, Off, Lean
425.343, 875, 1,26, 84, 3, 20, 13,7, 0,34, 2,76, 13, 38, 102, 2,01, Off, Off, Off, Off, On, Off, On, Off, Off, Off, Off, Lean
425.406, 875, 1,26, 84, 3, 20, 13,7, 0,34, 2,76, 13, 38, 102, 2,01, Off, Off, Off, Off, On, Off, On, Off, Off, Off, Off, Lean
425.453, 862, 1,26, 84, 4, 20, 13,8, 0,34, 2,77, 13, 38, 102, 1,99, Off, Off, Off, Off, On, Off, On, Off, Off, Off, Off, Lean
425.515, 875, 1,26, 84, 4, 20, 13,7, 0,34, 2,77, 13, 38, 102, 2,02, Off, Off, Off, Off, On, Off, On, Off, Off, Off, Off, Lean
425.578, 838, 1,26, 84, 4, 20, 13,8, 0,34, 2,76, 13, 38, 102, 1,93, Off, Off, Off, Off, On, Off, On, Off, Off, Off, Off, Lean
425.625, 838, 1,27, 84, 5, 22, 13,8, 0,34, 2,8, 13, 38, 102, 1,96, Off, Off, Off, Off, On, Off, On, Off, Off, Off, Off, Lean
425.687, 862, 1,26, 84, 5, 22, 13,7, 0,34, 2,79, 13, 38, 102, 2, Off, Off, Off, Off, On, Off, On, Off, Off, Off, Off, Lean
425.734, 838, 1,26, 84, 6, 22, 13,7, 0,34, 2,81, 13, 38, 102, 1,96, Off, Off, Off, Off, On, Off, On, Off, Off, Off, Off, Lean
425.781, 862, 1,26, 84, 8, 22, 13,7, 0,34, 2,81, 13, 38, 102, 2,02, Off, Off, Off, Off, On, Off, On, Off, Off, Off, Off, Lean
425.859, 862, 1,26, 84, 19, 22, 13,7, 0,34, 2,81, 13, 38, 102, 2,02, Off, Off, Off, Off, On, Off, On, Off, Off, Off, Off, Lean
425.906, 875, 1,27, 84, 19, 22, 13,7, 0,34, 2,83, 13, 38, 102, 2,06, Off, Off, Off, Off, On, Off, On, Off, Off, Off, Off, Lean
425.953, 862, 1,26, 84, 29, 22, 13,7, 0,34, 2,83, 13, 38, 102, 2,03, Off, Off, Off, Off, On, Off, On, Off, Off, Off, Off, Lean
426.015, 875, 1,26, 84, 33, 22, 13,4, 0,34, 2,83, 13, 38, 102, 2,06, Off, Off, Off, Off, On, Off, On, Off, Off, Off, Off, Lean
426.062, 862, 1,25, 84, 33, 22, 13,7, 0,34, 2,83, 13, 38, 102, 2,03, Off, Off, Off, Off, On, Off, On, Off, Off, Off, Off, Lean
426.109, 875, 1,26, 84, 31, 22, 13,7, 0,34, 2,83, 13, 38, 102, 2,06, Off, Off, Off, Off, On, Off, On, Off, Off, Off, Off, Lean
426.171, 862, 1,26, 84, 31, 22, 13,7, 0,34, 2,82, 13, 38, 102, 2,03, Off, Off, Off, Off, On, Off, On, Off, Off, Off, Off, Lean
426.218, 875, 1,26, 84, 23, 22, 13,7, 0,34, 2,82, 13, 38, 102, 2,06, Off, Off, Off, Off, On, Off, On, Off, Off, Off, Off, Lean
426.281, 875, 1,26, 84, 17, 22, 13,7, 0,34, 2,82, 13, 38, 102, 2,06, Off, Off, Off, Off, On, Off, On, Off, Off, Off, Off, Lean
426.343, 875, 1,26, 84, 12, 20, 13,8, 0,34, 2,8, 13, 38, 102, 2,04, Off, Off, Off, Off, On, Off, On, Off, Off, Off, Off, Lean
426.390, 888, 1,26, 84, 11, 20, 13,8, 0,34, 2,81, 13, 38, 102, 2,08, Off, Off, Off, Off, On, Off, On, Off, Off, Off, Off, Lean
426.437, 888, 1,27, 84, 10, 20, 13,8, 0,34, 2,81, 13, 38, 102, 2,08, Off, Off, Off, Off, On, Off, On, Off, Off, Off, Off, Lean
426.515, 900, 1,26, 84, 10, 20, 13,8, 0,34, 2,79, 13, 38, 102, 2,09, Off, Off, Off, Off, On, Off, On, Off, Off, Off, Off, Lean
426.562, 900, 1,27, 84, 11, 20, 13,8, 0,34, 2,81, 13, 38, 102, 2,11, Off, Off, Off, Off, On, Off, On, Off, Off, Off, Off, Lean
426.609, 900, 1,26, 84, 11, 20, 13,8, 0,34, 2,79, 13, 38, 102, 2,09, Off, Off, Off, Off, On, Off, On, Off, Off, Off, Off, Lean
426.671, 925, 1,27, 84, 15, 20, 13,8, 0,34, 2,78, 13, 38, 102, 2,14, Off, Off, Off, Off, On, Off, On, Off, Off, Off, Off, Lean
426.718, 900, 1,27, 84, 22, 20, 13,8, 0,34, 2,79, 13, 38, 102, 2,09, Off, Off, Off, Off, On, Off, On, Off, Off, Off, Off, Lean
426.781, 925, 1,27, 84, 35, 20, 13,6, 0,34, 2,77, 13, 38, 102, 2,14, Off, Off, Off, Off, On, Off, On, Off, Off, Off, Off, Lean
426.828, 925, 1,27, 84, 35, 20, 13,7, 0,34, 2,77, 13, 38, 102, 2,14, Off, Off, Off, Off, On, Off, On, Off, Off, Off, Off, Lean
426.875, 925, 1,26, 84, 46, 20, 13,8, 0,34, 2,77, 13, 38, 102, 2,14, Off, Off, Off, Off, On, Off, On, Off, Off, Off, Off, Lean
426.937, 938, 1,27, 84, 60, 20, 13,8, 0,34, 2,72, 13, 38, 102, 2,13, Off, Off, Off, Off, On, Off, On, Off, Off, Off, Off, Rich
426.984, 925, 1,27, 84, 67, 20, 13,8, 0,34, 2,71, 13, 38, 102, 2,09, Off, Off, Off, Off, On, Off, On, Off, Off, Off, Off, Rich
427.031, 938, 1,27, 84, 73, 22, 13,8, 0,34, 2,68, 13, 38, 102, 2,09, Off, Off, Off, Off, On, Off, On, Off, Off, Off, Off, Rich
427.093, 938, 1,27, 84, 75, 22, 13,8, 0,34, 2,69, 13, 38, 102, 2,1, Off, Off, Off, Off, On, Off, On, Off, Off, Off, Off, Rich
427.140, 938, 1,27, 84, 76, 22, 13,8, 0,34, 2,7, 13, 38, 102, 2,11, Off, Off, Off, Off, On, Off, On, Off, Off, Off, Off, Rich
427.203, 925, 1,26, 84, 76, 22, 13,8, 0,34, 2,69, 13, 38, 102, 2,07, Off, Off, Off, Off, On, Off, On, Off, Off, Off, Off, Rich
427.265, 925, 1,26, 84, 75, 22, 13,8, 0,34, 2,67, 13, 38, 102, 2,06, Off, Off, Off, Off, On, Off, On, Off, Off, Off, Off, Rich
427.312, 938, 1,27, 84, 75, 22, 13,8, 0,34, 2,67, 13, 38, 102, 2,09, Off, Off, Off, Off, On, Off, On, Off, Off, Off, Off, Rich
427.359, 938, 1,28, 84, 73, 22, 13,7, 0,34, 2,67, 13, 38, 102, 2,09, Off, Off, Off, Off, On, Off, On, Off, Off, Off, Off, Rich
427.406, 925, 1,27, 84, 73, 22, 13,8, 0,34, 2,67, 13, 38, 102, 2,06, Off, Off, Off, Off, On, Off, On, Off, Off, Off, Off, Rich
427.468, 925, 1,27, 84, 71, 22, 13,8, 0,34, 2,65, 13, 38, 102, 2,04, Off, Off, Off, Off, On, Off, On, Off, Off, Off, Off, Rich
427.515, 925, 1,26, 84, 54, 22, 13,6, 0,34, 2,65, 13, 38, 102, 2,04, Off, Off, Off, Off, On, Off, On, Off, Off, Off, Off, Rich
427.562, 925, 1,27, 84, 34, 22, 13,8, 0,34, 2,65, 13, 38, 103, 2,04, Off, Off, Off, Off, On, Off, On, Off, Off, Off, Off, Lean
427.625, 938, 1,27, 84, 15, 22, 13,6, 0,34, 2,71, 13, 38, 103, 2,12, Off, Off, Off, Off, On, Off, On, Off, Off, Off, Off, Lean
427.671, 925, 1,27, 84, 7, 22, 13,6, 0,34, 2,71, 13, 38, 103, 2,09, Off, Off, Off, Off, On, Off, On, Off, Off, Off, Off, Lean
427.734, 925, 1,27, 84, 7, 22, 13,6, 0,34, 2,7, 13, 38, 103, 2,08, Off, Off, Off, Off, On, Off, On, Off, Off, Off, Off, Lean
427.781, 938, 1,27, 84, 3, 22, 13,7, 0,34, 2,71, 13, 38, 103, 2,12, Off, Off, Off, Off, On, Off, On, Off, Off, Off, Off, Lean
427.828, 925, 1,27, 84, 3, 22, 13,7, 0,34, 2,71, 13, 38, 103, 2,09, Off, Off, Off, Off, On, Off, On, Off, Off, Off, Off, Lean
427.906, 925, 1,27, 84, 2, 22, 13,7, 0,34, 2,7, 13, 38, 103, 2,08, Off, Off, Off, Off, On, Off, On, Off, Off, Off, Off, Lean
427.953, 900, 1,27, 84, 2, 22, 13,8, 0,34, 2,71, 13, 38, 103, 2,03, Off, Off, Off, Off, On, Off, On, Off, Off, Off, Off, Lean
428.000, 925, 1,28, 84, 2, 22, 13,8, 0,34, 2,73, 13, 38, 103, 2,1, Off, Off, Off, Off, On, Off, On, Off, Off, Off, Off, Lean
428.062, 900, 1,27, 84, 2, 22, 13,6, 0,34, 2,73, 13, 38, 103, 2,05, Off, Off, Off, Off, On, Off, On, Off, Off, Off, Off, Lean
428.109, 900, 1,27, 84, 4, 22, 13,7, 0,34, 2,74, 13, 38, 103, 2,06, Off, Off, Off, Off, On, Off, On, Off, Off, Off, Off, Lean
428.140, 925, 1,27, 84, 5, 22, 13,7, 0,34, 2,76, 13, 38, 103, 2,13, Off, Off, Off, Off, On, Off, On, Off, Off, Off, Off, Lean
428.218, 888, 1,26, 84, 6, 22, 13,7, 0,34, 2,76, 13, 38, 103, 2,04, Off, Off, Off, Off, On, Off, On, Off, Off, Off, Off, Lean
428.265, 900, 1,27, 84, 21, 22, 13,7, 0,34, 2,79, 13, 38, 103, 2,09, Off, Off, Off, Off, On, Off, On, Off, Off, Off, Off, Lean
428.312, 888, 1,27, 84, 21, 22, 13,6, 0,34, 2,77, 13, 38, 103, 2,05, Off, Off, Off, Off, On, Off, On, Off, Off, Off, Off, Lean
428.375, 900, 1,27, 84, 59, 22, 13,7, 0,34, 2,73, 13, 38, 103, 2,05, Off, Off, Off, Off, On, Off, On, Off, Off, Off, Off, Rich
428.421, 888, 1,26, 84, 71, 22, 13,5, 0,34, 2,73, 13, 38, 103, 2,02, Off, Off, Off, Off, On, Off, On, Off, Off, Off, Off, Rich
428.468, 875, 1,27, 84, 76, 22, 13,7, 0,34, 2,74, 13, 38, 103, 2, Off, Off, Off, Off, On, Off, On, Off, Off, Off, Off, Rich
428.531, 862, 1,27, 84, 76, 22, 13,7, 0,34, 2,74, 13, 38, 103, 1,97, Off, Off, Off, Off, On, Off, On, Off, Off, Off, Off, Rich
428.593, 862, 1,27, 84, 78, 22, 13,8, 0,34, 2,74, 13, 38, 103, 1,97, Off, Off, Off, Off, On, Off, On, Off, Off, Off, Off, Rich
428.640, 862, 1,27, 84, 80, 22, 13,7, 0,34, 2,75, 13, 38, 103, 1,98, Off, Off, Off, Off, On, Off, On, Off, Off, Off, Off, Rich
428.687, 875, 1,27, 84, 81, 22, 13,8, 0,34, 2,75, 13, 38, 103, 2,01, Off, Off, Off, Off, On, Off, On, Off, Off, Off, Off, Rich
428.734, 862, 1,27, 84, 81, 22, 13,8, 0,34, 2,76, 13, 38, 103, 1,98, Off, Off, Off, Off, On, Off, On, Off, Off, Off, Off, Rich
428.781, 875, 1,27, 84, 81, 22, 13,8, 0,34, 2,74, 13, 38, 103, 2, Off, Off, Off, Off, On, Off, On, Off, Off, Off, Off, Rich
428.843, 862, 1,26, 84, 81, 22, 13,8, 0,34, 2,75, 13, 38, 103, 1,98, Off, Off, Off, Off, On, Off, On, Off, Off, Off, Off, Rich
428.890, 875, 1,27, 84, 81, 22, 13,8, 0,34, 2,78, 13, 38, 103, 2,03, Off, Off, Off, Off, On, Off, On, Off, Off, Off, Off, Rich
428.921, 875, 1,27, 84, 81, 22, 13,6, 0,34, 2,77, 13, 38, 103, 2,02, Off, Off, Off, Off, On, Off, On, Off, Off, Off, Off, Rich
429.000, 875, 1,26, 84, 81, 22, 13,7, 0,34, 2,79, 13, 38, 103, 2,03, Off, Off, Off, Off, On, Off, On, Off, Off, Off, Off, Rich
429.046, 862, 1,26, 84, 81, 22, 13,7, 0,34, 2,78, 13, 38, 103, 2, Off, Off, Off, Off, On, Off, On, Off, Off, Off, Off, Rich
429.093, 862, 1,27, 84, 80, 22, 13,8, 0,34, 2,78, 13, 38, 103, 2, Off, Off, Off, Off, On, Off, On, Off, Off, Off, Off, Rich
429.140, 838, 1,26, 84, 80, 22, 13,8, 0,34, 2,78, 13, 38, 103, 1,94, Off, Off, Off, Off, On, Off, On, Off, Off, Off, Off, Rich
429.203, 862, 1,26, 84, 80, 22, 13,8, 0,34, 2,78, 13, 38, 103, 2, Off, Off, Off, Off, On, Off, On, Off, Off, Off, Off, Rich
429.250, 838, 1,26, 84, 79, 22, 13,7, 0,34, 2,79, 13, 38, 103, 1,95, Off, Off, Off, Off, On, Off, On, Off, Off, Off, Off, Rich
429.328, 875, 1,26, 84, 80, 22, 13,7, 0,34, 2,79, 13, 38, 103, 2,03, Off, Off, Off, Off, On, Off, On, Off, Off, Off, Off, Rich
429.375, 862, 1,26, 84, 78, 22, 13,6, 0,34, 2,79, 13, 38, 103, 2, Off, Off, Off, Off, On, Off, On, Off, Off, Off, Off, Rich
429.421, 875, 1,27, 84, 78, 22, 13,8, 0,34, 2,79, 13, 38, 103, 2,03, Off, Off, Off, Off, On, Off, On, Off, Off, Off, Off, Rich
429.484, 875, 1,26, 84, 77, 22, 13,8, 0,34, 2,79, 13, 38, 103, 2,03, Off, Off, Off, Off, On, Off, On, Off, Off, Off, Off, Rich
429.531, 862, 1,26, 84, 75, 22, 13,5, 0,34, 2,8, 13, 38, 103, 2,01, Off, Off, Off, Off, On, Off, On, Off, Off, Off, Off, Rich
429.578, 862, 1,27, 84, 74, 22, 13,8, 0,34, 2,78, 13, 38, 103, 2, Off, Off, Off, Off, On, Off, On, Off, Off, Off, Off, Rich
429.640, 862, 1,27, 84, 74, 22, 13,8, 0,34, 2,77, 13, 38, 103, 1,99, Off, Off, Off, Off, On, Off, On, Off, Off, Off, Off, Rich
429.687, 838, 1,26, 84, 73, 22, 13,8, 0,34, 2,78, 13, 38, 103, 1,94, Off, Off, Off, Off, On, Off, On, Off, Off, Off, Off, Rich
429.734, 862, 1,26, 84, 72, 22, 13,7, 0,34, 2,76, 13, 38, 103, 1,98, Off, Off, Off, Off, On, Off, On, Off, Off, Off, Off, Rich
429.796, 862, 1,27, 84, 71, 22, 13,7, 0,34, 2,77, 13, 38, 103, 1,99, Off, Off, Off, Off, On, Off, On, Off, Off, Off, Off, Rich
429.843, 875, 1,27, 84, 70, 20, 13,7, 0,34, 2,77, 13, 38, 103, 2,02, Off, Off, Off, Off, On, Off, On, Off, Off, Off, Off, Rich
429.906, 888, 1,26, 84, 70, 20, 13,7, 0,34, 2,78, 13, 38, 103, 2,06, Off, Off, Off, Off, On, Off, On, Off, Off, Off, Off, Rich
429.953, 875, 1,25, 84, 67, 20, 13,7, 0,34, 2,76, 13, 38, 103, 2,01, Off, Off, Off, Off, On, Off, On, Off, Off, Off, Off, Rich
430.015, 888, 1,26, 84, 63, 20, 13,7, 0,34, 2,77, 13, 38, 103, 2,05, Off, Off, Off, Off, On, Off, On, Off, Off, Off, Off, Rich
430.078, 875, 1,26, 84, 53, 20, 13,7, 0,34, 2,76, 13, 38, 103, 2,01, Off, Off, Off, Off, On, Off, On, Off, Off, Off, Off, Rich
430.109, 875, 1,27, 84, 53, 20, 13,7, 0,34, 2,75, 13, 38, 103, 2,01, Off, Off, Off, Off, On, Off, On, Off, Off, Off, Off, Rich
430.171, 862, 1,26, 84, 43, 20, 13,8, 0,34, 2,75, 13, 38, 103, 1,98, Off, Off, Off, Off, On, Off, On, Off, Off, Off, Off, Rich
430.234, 875, 1,25, 84, 32, 20, 13,6, 0,34, 2,76, 13, 38, 102, 2,01, Off, Off, Off, Off, On, Off, On, Off, Off, Off, Off, Lean
430.281, 862, 1,26, 84, 27, 20, 13,7, 0,34, 2,8, 13, 38, 102, 2,01, Off, Off, Off, Off, On, Off, On, Off, Off, Off, Off, Lean
430.328, 862, 1,27, 84, 21, 20, 13,7, 0,34, 2,79, 13, 38, 102, 2, Off, Off, Off, Off, On, Off, On, Off, Off, Off, Off, Lean
430.390, 862, 1,26, 84, 21, 20, 13,8, 0,34, 2,8, 13, 38, 102, 2,01, Off, Off, Off, Off, On, Off, On, Off, Off, Off, Off, Lean
430.453, 875, 1,26, 84, 16, 20, 13,7, 0,34, 2,8, 13, 38, 102, 2,04, Off, Off, Off, Off, On, Off, On, Off, Off, Off, Off, Lean
430.500, 862, 1,26, 84, 12, 20, 13,7, 0,34, 2,81, 13, 38, 102, 2,02, Off, Off, Off, Off, On, Off, On, Off, Off, Off, Off, Lean
430.562, 862, 1,26, 84, 10, 20, 13,7, 0,34, 2,79, 13, 38, 102, 2, Off, Off, Off, Off, On, Off, On, Off, Off, Off, Off, Lean
430.609, 862, 1,26, 84, 8, 20, 13,7, 0,34, 2,81, 13, 38, 102, 2,02, Off, Off, Off, Off, On, Off, On, Off, Off, Off, Off, Lean
430.687, 875, 1,27, 84, 8, 20, 13,7, 0,34, 2,81, 13, 38, 102, 2,05, Off, Off, Off, Off, On, Off, On, Off, Off, Off, Off, Lean
430.734, 875, 1,27, 84, 9, 20, 13,8, 0,34, 2,8, 13, 38, 102, 2,04, Off, Off, Off, Off, On, Off, On, Off, Off, Off, Off, Lean
430.796, 875, 1,26, 84, 9, 20, 13,8, 0,34, 2,8, 13, 38, 102, 2,04, Off, Off, Off, Off, On, Off, On, Off, Off, Off, Off, Lean
430.843, 862, 1,26, 84, 20, 20, 13,7, 0,34, 2,8, 13, 38, 102, 2,01, Off, Off, Off, Off, On, Off, On, Off, Off, Off, Off, Lean
430.906, 862, 1,26, 84, 47, 20, 13,7, 0,34, 2,81, 13, 38, 102, 2,02, Off, Off, Off, Off, On, Off, On, Off, Off, Off, Off, Lean
430.953, 875, 1,27, 84, 67, 20, 13,7, 0,34, 2,8, 13, 38, 102, 2,04, Off, Off, Off, Off, On, Off, On, Off, Off, Off, Off, Lean
431.000, 888, 1,27, 84, 67, 20, 13,7, 0,34, 2,75, 13, 38, 101, 2,04, Off, Off, Off, Off, On, Off, On, Off, Off, Off, Off, Rich
431.046, 875, 1,26, 84, 73, 20, 13,7, 0,34, 2,75, 13, 38, 101, 2,01, Off, Off, Off, Off, On, Off, On, Off, Off, Off, Off, Rich
431.109, 875, 1,26, 84, 76, 20, 13,7, 0,34, 2,75, 13, 38, 101, 2,01, Off, Off, Off, Off, On, Off, On, Off, Off, Off, Off, Rich
431.156, 875, 1,26, 84, 78, 20, 13,7, 0,34, 2,75, 13, 38, 101, 2,01, Off, Off, Off, Off, On, Off, On, Off, Off, Off, Off, Rich
431.218, 875, 1,27, 84, 78, 20, 13,7, 0,34, 2,75, 13, 38, 101, 2,01, Off, Off, Off, Off, On, Off, On, Off, Off, Off, Off, Rich
431.265, 888, 1,27, 84, 77, 22, 13,7, 0,34, 2,74, 13, 38, 101, 2,03, Off, Off, Off, Off, On, Off, On, Off, Off, Off, Off, Rich
431.328, 875, 1,26, 84, 77, 22, 13,7, 0,34, 2,73, 13, 38, 101, 1,99, Off, Off, Off, Off, On, Off, On, Off, Off, Off, Off, Rich
431.390, 875, 1,26, 84, 76, 22, 13,7, 0,34, 2,73, 13, 38, 101, 1,99, Off, Off, Off, Off, On, Off, On, Off, Off, Off, Off, Rich
431.453, 875, 1,26, 84, 75, 22, 13,7, 0,34, 2,73, 13, 38, 101, 1,99, Off, Off, Off, Off, On, Off, On, Off, Off, Off, Off, Rich
431.500, 875, 1,27, 84, 75, 22, 13,7, 0,34, 2,73, 13, 38, 101, 1,99, Off, Off, Off, Off, On, Off, On, Off, Off, Off, Off, Rich
431.562, 875, 1,27, 84, 75, 22, 13,7, 0,34, 2,73, 13, 38, 101, 1,99, Off, Off, Off, Off, On, Off, On, Off, Off, Off, Off, Rich
431.609, 875, 1,26, 84, 75, 22, 13,7, 0,34, 2,73, 13, 38, 101, 1,99, Off, Off, Off, Off, On, Off, On, Off, Off, Off, Off, Rich
431.656, 875, 1,26, 84, 75, 22, 13,7, 0,34, 2,73, 13, 38, 101, 1,99, Off, Off, Off, Off, On, Off, On, Off, Off, Off, Off, Rich
431.687, 888, 1,26, 84, 74, 22, 13,6, 0,34, 2,73, 13, 38, 101, 2,02, Off, Off, Off, Off, On, Off, On, Off, Off, Off, Off, Rich
431.765, 875, 1,27, 84, 73, 22, 13,7, 0,34, 2,72, 13, 38, 101, 1,98, Off, Off, Off, Off, On, Off, On, Off, Off, Off, Off, Rich
431.812, 875, 1,27, 84, 72, 22, 13,7, 0,34, 2,72, 13, 38, 101, 1,98, Off, Off, Off, Off, On, Off, On, Off, Off, Off, Off, Rich
431.875, 875, 1,26, 84, 72, 22, 13,7, 0,34, 2,7, 13, 38, 101, 1,97, Off, Off, Off, Off, On, Off, On, Off, Off, Off, Off, Rich
431.921, 888, 1,27, 84, 71, 22, 13,7, 0,34, 2,71, 13, 38, 101, 2,01, Off, Off, Off, Off, On, Off, On, Off, Off, Off, Off, Rich
431.984, 875, 1,26, 84, 67, 20, 13,7, 0,34, 2,71, 13, 38, 101, 1,98, Off, Off, Off, Off, On, Off, On, Off, Off, Off, Off, Rich
432.031, 875, 1,26, 84, 63, 20, 13,7, 0,34, 2,71, 13, 38, 101, 1,98, Off, Off, Off, Off, On, Off, On, Off, Off, Off, Off, Rich
432.093, 875, 1,27, 84, 57, 20, 13,7, 0,34, 2,71, 13, 38, 101, 1,98, Off, Off, Off, Off, On, Off, On, Off, Off, Off, Off, Rich
432.156, 875, 1,26, 84, 57, 20, 13,7, 0,34, 2,71, 13, 38, 101, 1,98, Off, Off, Off, Off, On, Off, On, Off, Off, Off, Off, Rich
432.218, 875, 1,27, 84, 55, 20, 13,7, 0,34, 2,7, 13, 38, 101, 1,97, Off, Off, Off, Off, On, Off, On, Off, Off, Off, Off, Rich
432.265, 875, 1,26, 84, 48, 20, 13,7, 0,34, 2,71, 13, 38, 101, 1,98, Off, Off, Off, Off, On, Off, On, Off, Off, Off, Off, Rich
432.328, 875, 1,26, 84, 41, 20, 13,7, 0,34, 2,7, 13, 38, 101, 1,97, Off, Off, Off, Off, On, Off, On, Off, Off, Off, Off, Lean
432.375, 875, 1,27, 84, 30, 20, 13,7, 0,34, 2,76, 13, 38, 101, 2,01, Off, Off, Off, Off, On, Off, On, Off, Off, Off, Off, Lean
432.437, 875, 1,27, 84, 20, 20, 13,7, 0,34, 2,75, 13, 38, 101, 2,01, Off, Off, Off, Off, On, Off, On, Off, Off, Off, Off, Lean
432.484, 862, 1,26, 84, 20, 20, 13,8, 0,34, 2,75, 13, 38, 101, 1,98, Off, Off, Off, Off, On, Off, On, Off, Off, Off, Off, Lean
432.546, 875, 1,26, 84, 11, 20, 13,7, 0,34, 2,75, 13, 38, 101, 2,01, Off, Off, Off, Off, On, Off, On, Off, Off, Off, Off, Lean
432.593, 875, 1,26, 84, 7, 20, 13,7, 0,34, 2,75, 13, 38, 101, 2,01, Off, Off, Off, Off, On, Off, On, Off, Off, Off, Off, Lean
432.640, 875, 1,27, 84, 4, 20, 13,7, 0,34, 2,75, 13, 38, 101, 2,01, Off, Off, Off, Off, On, Off, On, Off, Off, Off, Off, Lean
432.687, 862, 1,27, 84, 4, 22, 13,7, 0,34, 2,76, 13, 38, 101, 1,98, Off, Off, Off, Off, On, Off, On, Off, Off, Off, Off, Lean
432.734, 875, 1,26, 84, 4, 22, 13,7, 0,34, 2,76, 13, 38, 101, 2,01, Off, Off, Off, Off, On, Off, On, Off, Off, Off, Off, Lean
432.812, 862, 1,26, 84, 3, 22, 13,7, 0,34, 2,77, 13, 38, 101, 1,99, Off, Off, Off, Off, On, Off, On, Off, Off, Off, Off, Lean
432.875, 862, 1,26, 84, 3, 22, 13,7, 0,34, 2,77, 13, 38, 101, 1,99, Off, Off, Off, Off, On, Off, On, Off, Off, Off, Off, Lean
432.921, 862, 1,27, 84, 3, 22, 13,8, 0,34, 2,77, 13, 38, 101, 1,99, Off, Off, Off, Off, On, Off, On, Off, Off, Off, Off, Lean
432.984, 875, 1,27, 84, 3, 22, 13,8, 0,34, 2,77, 13, 38, 101, 2,02, Off, Off, Off, Off, On, Off, On, Off, Off, Off, Off, Lean
433.031, 862, 1,27, 84, 3, 22, 13,7, 0,34, 2,78, 13, 38, 101, 2, Off, Off, Off, Off, On, Off, On, Off, Off, Off, Off, Lean
433.078, 862, 1,26, 84, 3, 22, 13,6, 0,34, 2,8, 13, 38, 101, 2,01, Off, Off, Off, Off, On, Off, On, Off, Off, Off, Off, Lean
433.140, 862, 1,26, 84, 4, 22, 13,7, 0,34, 2,8, 13, 38, 101, 2,01, Off, Off, Off, Off, On, Off, On, Off, Off, Off, Off, Lean
433.187, 862, 1,27, 84, 4, 22, 13,7, 0,34, 2,81, 13, 38, 101, 2,02, Off, Off, Off, Off, On, Off, On, Off, Off, Off, Off, Lean
433.234, 838, 1,26, 84, 4, 22, 13,7, 0,34, 2,82, 13, 38, 101, 1,97, Off, Off, Off, Off, On, Off, On, Off, Off, Off, Off, Lean
433.296, 862, 1,26, 84, 5, 22, 13,7, 0,34, 2,81, 13, 38, 101, 2,02, Off, Off, Off, Off, On, Off, On, Off, Off, Off, Off, Lean
433.343, 838, 1,26, 84, 5, 22, 13,7, 0,34, 2,83, 13, 38, 101, 1,98, Off, Off, Off, Off, On, Off, On, Off, Off, Off, Off, Lean
433.406, 838, 1,26, 84, 5, 20, 13,7, 0,34, 2,83, 13, 38, 101, 1,98, Off, Off, Off, Off, On, Off, On, Off, Off, Off, Off, Lean
433.468, 862, 1,26, 84, 6, 20, 13,7, 0,34, 2,83, 13, 38, 101, 2,03, Off, Off, Off, Off, On, Off, On, Off, Off, Off, Off, Lean
433.515, 875, 1,26, 84, 6, 20, 13,6, 0,34, 2,83, 13, 38, 101, 2,06, Off, Off, Off, Off, On, Off, On, Off, Off, Off, Off, Lean
433.562, 862, 1,26, 84, 6, 20, 13,7, 0,34, 2,83, 13, 38, 101, 2,03, Off, Off, Off, Off, On, Off, On, Off, Off, Off, Off, Lean
433.609, 862, 1,27, 84, 6, 20, 13,6, 0,34, 2,84, 13, 38, 101, 2,04, Off, Off, Off, Off, On, Off, On, Off, Off, Off, Off, Lean
433.656, 825, 1,26, 84, 6, 20, 13,8, 0,34, 2,83, 13, 38, 101, 1,95, Off, Off, Off, Off, On, Off, On, Off, Off, Off, Off, Lean
433.718, 838, 1,27, 84, 7, 20, 13,7, 0,34, 2,83, 13, 38, 101, 1,98, Off, Off, Off, Off, On, Off, On, Off, Off, Off, Off, Lean
433.765, 838, 1,26, 84, 9, 20, 13,7, 0,34, 2,85, 13, 38, 101, 1,99, Off, Off, Off, Off, On, Off, On, Off, Off, Off, Off, Lean
433.828, 862, 1,26, 84, 34, 20, 13,7, 0,34, 2,86, 13, 38, 101, 2,05, Off, Off, Off, Off, On, Off, On, Off, Off, Off, Off, Lean
433.875, 862, 1,27, 84, 55, 20, 13,7, 0,34, 2,88, 13, 38, 101, 2,07, Off, Off, Off, Off, On, Off, On, Off, Off, Off, Off, Lean
433.921, 838, 1,26, 84, 55, 20, 13,5, 0,34, 2,86, 13, 38, 101, 2, Off, Off, Off, Off, On, Off, On, Off, Off, Off, Off, Rich
433.984, 825, 1,26, 84, 67, 20, 13,7, 0,34, 2,81, 13, 38, 101, 1,93, Off, Off, Off, Off, On, Off, On, Off, Off, Off, Off, Rich
434.031, 838, 1,26, 84, 72, 20, 13,7, 0,34, 2,82, 13, 38, 101, 1,97, Off, Off, Off, Off, On, Off, On, Off, Off, Off, Off, Rich
434.078, 825, 1,26, 84, 72, 20, 13,7, 0,34, 2,82, 13, 38, 101, 1,94, Off, Off, Off, Off, On, Off, On, Off, Off, Off, Off, Rich
434.140, 825, 1,26, 84, 75, 20, 13,7, 0,34, 2,82, 13, 38, 101, 1,94, Off, Off, Off, Off, On, Off, On, Off, Off, Off, Off, Rich
434.203, 838, 1,26, 84, 77, 20, 13,7, 0,34, 2,83, 13, 38, 101, 1,98, Off, Off, Off, Off, On, Off, On, Off, Off, Off, Off, Rich
434.250, 825, 1,26, 84, 77, 20, 13,8, 0,34, 2,81, 13, 38, 101, 1,93, Off, Off, Off, Off, On, Off, On, Off, Off, Off, Off, Rich
434.312, 838, 1,27, 84, 77, 20, 13,8, 0,34, 2,81, 13, 38, 101, 1,96, Off, Off, Off, Off, On, Off, On, Off, Off, Off, Off, Rich
434.359, 838, 1,26, 84, 76, 20, 13,7, 0,34, 2,82, 13, 38, 101, 1,97, Off, Off, Off, Off, On, Off, On, Off, Off, Off, Off, Rich
434.421, 838, 1,27, 84, 76, 20, 13,6, 0,34, 2,84, 13, 38, 101, 1,98, Off, Off, Off, Off, On, Off, On, Off, Off, Off, Off, Rich
434.453, 838, 1,26, 84, 74, 20, 13,7, 0,34, 2,83, 13, 38, 101, 1,98, Off, Off, Off, Off, On, Off, On, Off, Off, Off, Off, Rich
434.515, 838, 1,26, 84, 74, 20, 13,6, 0,34, 2,83, 13, 38, 101, 1,98, Off, Off, Off, Off, On, Off, On, Off, Off, Off, Off, Rich
434.578, 825, 1,26, 84, 73, 20, 13,8, 0,34, 2,84, 13, 38, 101, 1,95, Off, Off, Off, Off, On, Off, On, Off, Off, Off, Off, Rich
434.625, 825, 1,26, 84, 71, 20, 13,8, 0,34, 2,82, 13, 38, 101, 1,94, Off, Off, Off, Off, On, Off, On, Off, Off, Off, Off, Rich
434.671, 838, 1,27, 84, 70, 20, 13,8, 0,34, 2,81, 13, 38, 101, 1,96, Off, Off, Off, Off, On, Off, On, Off, Off, Off, Off, Rich
434.734, 838, 1,27, 84, 65, 20, 13,8, 0,34, 2,82, 13, 38, 101, 1,97, Off, Off, Off, Off, On, Off, On, Off, Off, Off, Off, Rich
434.781, 862, 1,26, 84, 65, 20, 13,7, 0,34, 2,86, 13, 38, 101, 2,05, Off, Off, Off, Off, On, Off, On, Off, Off, Off, Off, Rich
434.828, 838, 1,26, 84, 64, 20, 13,8, 0,34, 2,83, 13, 38, 101, 1,98, Off, Off, Off, Off, On, Off, On, Off, Off, Off, Off, Rich
434.906, 862, 1,27, 84, 59, 20, 13,6, 0,34, 2,83, 13, 38, 101, 2,03, Off, Off, Off, Off, On, Off, On, Off, Off, Off, Off, Rich
434.953, 825, 1,27, 84, 54, 20, 13,8, 0,34, 2,82, 13, 38, 101, 1,94, Off, Off, Off, Off, On, Off, On, Off, Off, Off, Off, Rich
435.015, 862, 1,26, 84, 54, 20, 13,2, 0,34, 2,82, 13, 38, 101, 2,03, Off, Off, Off, Off, On, Off, On, Off, Off, Off, Off, Rich
435.062, 838, 1,25, 84, 45, 20, 13,6, 0,34, 2,82, 13, 38, 101, 1,97, Off, Off, Off, Off, On, Off, On, Off, Off, Off, Off, Rich
435.109, 875, 1,26, 84, 38, 20, 13,7, 0,34, 2,81, 13, 38, 101, 2,05, Off, Off, Off, Off, On, Off, On, Off, Off, Off, Off, Rich
435.171, 838, 1,26, 84, 26, 20, 13,8, 0,34, 2,84, 13, 38, 102, 1,98, Off, Off, Off, Off, On, Off, On, Off, Off, Off, Off, Lean
435.218, 862, 1,26, 84, 26, 20, 13,7, 0,34, 2,84, 13, 38, 102, 2,04, Off, Off, Off, Off, On, Off, On, Off, Off, Off, Off, Lean
435.250, 838, 1,26, 84, 17, 20, 13,8, 0,34, 2,83, 13, 38, 102, 1,98, Off, Off, Off, Off, On, Off, On, Off, Off, Off, Off, Lean
435.328, 862, 1,27, 84, 9, 20, 13,8, 0,34, 2,84, 13, 38, 102, 2,04, Off, Off, Off, Off, On, Off, On, Off, Off, Off, Off, Lean
435.375, 838, 1,27, 84, 5, 20, 13,8, 0,34, 2,85, 13, 38, 102, 1,99, Off, Off, Off, Off, On, Off, On, Off, Off, Off, Off, Lean
435.437, 862, 1,26, 84, 5, 20, 13,7, 0,34, 2,85, 13, 38, 102, 2,05, Off, Off, Off, Off, On, Off, On, Off, Off, Off, Off, Lean
435.484, 875, 1,25, 84, 3, 20, 13,7, 0,34, 2,85, 13, 38, 102, 2,08, Off, Off, Off, Off, On, Off, On, Off, Off, Off, Off, Lean
435.562, 875, 1,26, 84, 2, 18, 13,7, 0,34, 2,85, 13, 38, 102, 2,08, Off, Off, Off, Off, On, Off, On, Off, Off, Off, Off, Lean
435.609, 862, 1,25, 84, 1, 18, 13,8, 0,34, 2,83, 13, 38, 102, 2,03, Off, Off, Off, Off, On, Off, On, Off, Off, Off, Off, Lean
435.656, 862, 1,26, 84, 1, 18, 13,8, 0,34, 2,84, 13, 38, 102, 2,04, Off, Off, Off, Off, On, Off, On, Off, Off, Off, Off, Lean
435.703, 875, 1,27, 84, 1, 18, 13,8, 0,34, 2,83, 13, 38, 102, 2,06, Off, Off, Off, Off, On, Off, On, Off, Off, Off, Off, Lean
435.750, 862, 1,26, 84, 1, 18, 13,8, 0,34, 2,84, 13, 38, 102, 2,04, Off, Off, Off, Off, On, Off, On, Off, Off, Off, Off, Lean
435.796, 838, 1,27, 84, 1, 18, 13,8, 0,34, 2,83, 13, 38, 102, 1,98, Off, Off, Off, Off, On, Off, On, Off, Off, Off, Off, Lean
435.859, 838, 1,27, 84, 1, 18, 13,8, 0,34, 2,82, 13, 38, 102, 1,97, Off, Off, Off, Off, On, Off, On, Off, Off, Off, Off, Lean
435.906, 825, 1,26, 84, 2, 18, 13,8, 0,34, 2,83, 13, 38, 102, 1,95, Off, Off, Off, Off, On, Off, On, Off, Off, Off, Off, Lean
435.968, 862, 1,27, 84, 2, 18, 13,8, 0,34, 2,86, 13, 38, 102, 2,05, Off, Off, Off, Off, On, Off, On, Off, Off, Off, Off, Lean
436.015, 838, 1,26, 84, 2, 18, 13,6, 0,34, 2,87, 13, 38, 102, 2, Off, Off, Off, Off, On, Off, On, Off, Off, Off, Off, Lean
436.062, 862, 1,27, 84, 2, 18, 13,6, 0,34, 2,87, 13, 38, 102, 2,06, Off, Off, Off, Off, On, Off, On, Off, Off, Off, Off, Lean
436.125, 825, 1,26, 84, 2, 18, 13,8, 0,34, 2,87, 13, 38, 102, 1,97, Off, Off, Off, Off, On, Off, On, Off, Off, Off, Off, Lean
436.171, 812, 1,26, 84, 2, 18, 13,8, 0,34, 2,86, 13, 38, 102, 1,94, Off, Off, Off, Off, On, Off, On, Off, Off, Off, Off, Lean
436.218, 825, 1,27, 84, 2, 20, 13,8, 0,34, 2,88, 13, 38, 102, 1,98, Off, Off, Off, Off, On, Off, On, Off, Off, Off, Off, Lean
436.296, 838, 1,27, 84, 2, 20, 13,8, 0,34, 2,88, 13, 38, 102, 2,01, Off, Off, Off, Off, On, Off, On, Off, Off, Off, Off, Lean
436.343, 838, 1,26, 84, 2, 20, 13,7, 0,34, 2,9, 13, 38, 102, 2,03, Off, Off, Off, Off, On, Off, On, Off, Off, Off, Off, Lean
436.390, 825, 1,26, 84, 2, 20, 13,8, 0,34, 2,9, 13, 38, 102, 1,99, Off, Off, Off, Off, On, Off, On, Off, Off, Off, Off, Lean
436.437, 825, 1,27, 84, 2, 20, 13,8, 0,34, 2,89, 13, 38, 102, 1,99, Off, Off, Off, Off, On, Off, On, Off, Off, Off, Off, Lean
436.500, 825, 1,27, 84, 3, 20, 13,8, 0,34, 2,91, 13, 38, 102, 2, Off, Off, Off, Off, On, Off, On, Off, Off, Off, Off, Lean
436.562, 825, 1,27, 84, 3, 20, 13,8, 0,34, 2,92, 13, 38, 102, 2,01, Off, Off, Off, Off, On, Off, On, Off, Off, Off, Off, Lean
436.625, 875, 1,26, 84, 4, 20, 13,8, 0,34, 2,92, 13, 38, 102, 2,13, Off, Off, Off, Off, On, Off, On, Off, Off, Off, Off, Lean
436.671, 875, 1,27, 84, 6, 20, 13,8, 0,34, 2,91, 13, 38, 102, 2,12, Off, Off, Off, Off, On, Off, On, Off, Off, Off, Off, Lean
436.718, 900, 1,27, 84, 16, 20, 13,8, 0,34, 2,92, 13, 38, 102, 2,19, Off, Off, Off, Off, On, Off, On, Off, Off, Off, Off, Lean
436.781, 925, 1,27, 84, 16, 20, 13,8, 0,34, 2,92, 13, 38, 102, 2,25, Off, Off, Off, Off, On, Off, On, Off, Off, Off, Off, Lean
436.828, 938, 1,27, 84, 65, 20, 13,8, 0,34, 2,8, 13, 38, 102, 2,19, Off, Off, Off, Off, On, Off, On, Off, Off, Off, Off, Rich
436.875, 938, 1,26, 84, 65, 20, 13,7, 0,34, 2,79, 13, 38, 102, 2,18, Off, Off, Off, Off, On, Off, On, Off, Off, Off, Off, Rich
436.937, 938, 1,27, 84, 73, 14, 13,8, 0,34, 2,79, 13, 38, 102, 2,18, Off, Off, Off, Off, On, Off, On, Off, Off, Off, Off, Rich
437.000, 900, 1,26, 84, 76, 14, 13,8, 0,34, 2,75, 13, 38, 102, 2,06, Off, Off, Off, Off, On, Off, On, Off, Off, Off, Off, Rich
437.062, 925, 1,27, 84, 78, 14, 13,7, 0,34, 2,75, 13, 38, 102, 2,12, Off, Off, Off, Off, On, Off, On, Off, Off, Off, Off, Rich
437.109, 875, 1,27, 84, 78, 14, 13,8, 0,34, 2,74, 13, 38, 102, 2, Off, Off, Off, Off, On, Off, On, Off, Off, Off, Off, Rich
437.156, 875, 1,27, 84, 78, 14, 13,8, 0,34, 2,74, 13, 38, 102, 2, Off, Off, Off, Off, On, Off, On, Off, Off, Off, Off, Rich
437.218, 862, 1,27, 84, 79, 14, 13,8, 0,34, 2,74, 13, 38, 102, 1,97, Off, Off, Off, Off, On, Off, On, Off, Off, Off, Off, Rich
437.265, 862, 1,27, 84, 79, 14, 13,8, 0,34, 2,74, 13, 38, 102, 1,97, Off, Off, Off, Off, On, Off, On, Off, Off, Off, Off, Rich
437.328, 862, 1,27, 84, 79, 14, 13,8, 0,34, 2,75, 13, 38, 102, 1,98, Off, Off, Off, Off, On, Off, On, Off, Off, Off, Off, Rich
437.375, 838, 1,28, 84, 78, 14, 13,8, 0,34, 2,76, 13, 38, 102, 1,93, Off, Off, Off, Off, On, Off, On, Off, Off, Off, Off, Rich
437.421, 838, 1,27, 84, 78, 14, 13,6, 0,34, 2,77, 13, 38, 102, 1,93, Off, Off, Off, Off, On, Off, On, Off, Off, Off, Off, Rich
437.484, 825, 1,27, 84, 78, 14, 13,6, 0,34, 2,78, 13, 38, 102, 1,91, Off, Off, Off, Off, On, Off, On, Off, Off, Off, Off, Rich
437.531, 825, 1,27, 84, 78, 14, 13,8, 0,34, 2,78, 13, 38, 102, 1,91, Off, Off, Off, Off, On, Off, On, Off, Off, Off, Off, Rich
437.578, 825, 1,27, 84, 78, 14, 13,8, 0,34, 2,79, 13, 38, 102, 1,92, Off, Off, Off, Off, On, Off, On, Off, Off, Off, Off, Rich
437.640, 812, 1,27, 84, 78, 14, 13,8, 0,34, 2,8, 13, 38, 102, 1,89, Off, Off, Off, Off, On, Off, On, Off, Off, Off, Off, Rich
437.703, 825, 1,26, 84, 74, 14, 13,8, 0,34, 2,81, 13, 38, 102, 1,93, Off, Off, Off, Off, On, Off, On, Off, Off, Off, Off, Rich
437.765, 788, 1,27, 84, 73, 14, 13,7, 0,34, 2,83, 12, 38, 102, 1,86, Off, Off, Off, Off, On, Off, On, Off, Off, Off, Off, Rich
437.812, 812, 1,27, 84, 68, 14, 13,8, 0,34, 2,84, 9, 38, 102, 1,92, Off, Off, Off, Off, On, Off, On, Off, Off, Off, Off, Rich
437.859, 825, 1,26, 84, 68, 14, 13,7, 0,34, 2,86, 7, 38, 102, 1,97, Off, Off, Off, Off, On, Off, On, Off, Off, Off, Off, Rich
437.921, 788, 1,27, 84, 39, 14, 13,7, 0,34, 2,84, 6, 38, 102, 1,86, Off, Off, Off, Off, On, Off, On, Off, Off, Off, Off, Rich
437.968, 775, 1,27, 84, 12, 14, 13,7, 0,34, 2,91, 3, 38, 103, 1,88, Off, Off, Off, Off, On, Off, On, Off, Off, Off, Off, Lean
438.015, 788, 1,26, 84, 12, 14, 13,7, 0,34, 2,92, 3, 38, 103, 1,92, Off, Off, Off, Off, On, Off, On, Off, Off, Off, Off, Lean
438.062, 762, 1,26, 84, 5, 14, 13,7, 0,34, 2,93, 3, 38, 103, 1,86, Off, Off, Off, Off, On, Off, On, Off, Off, Off, Off, Lean
438.109, 775, 1,26, 84, 3, 14, 13,8, 0,34, 2,95, 3, 38, 103, 1,91, Off, Off, Off, Off, On, Off, On, Off, Off, Off, Off, Lean
438.156, 775, 1,26, 84, 3, 14, 13,8, 0,34, 2,97, 3, 38, 103, 1,92, Off, Off, Off, Off, On, Off, On, Off, Off, Off, Off, Lean
438.218, 775, 1,25, 84, 2, 14, 13,8, 0,34, 2,98, 3, 38, 103, 1,92, Off, Off, Off, Off, On, Off, On, Off, Off, Off, Off, Lean
438.265, 775, 1,26, 84, 2, 14, 13,8, 0,34, 2,99, 3, 38, 103, 1,93, Off, Off, Off, Off, On, Off, On, Off, Off, Off, Off, Lean
438.312, 788, 1,25, 84, 2, 14, 13,8, 0,34, 2,99, 3, 38, 103, 1,96, Off, Off, Off, Off, On, Off, On, Off, Off, Off, Off, Lean
438.390, 788, 1,26, 84, 2, 12, 13,8, 0,34, 3, 3, 38, 103, 1,97, Off, Off, Off, Off, On, Off, On, Off, Off, Off, Off, Lean
438.437, 812, 1,26, 84, 2, 12, 13,8, 0,34, 3,01, 3, 38, 103, 2,04, Off, Off, Off, Off, On, Off, On, Off, Off, Off, Off, Lean
438.500, 788, 1,26, 84, 2, 12, 13,8, 0,34, 3,03, 3, 38, 103, 1,99, Off, Off, Off, Off, On, Off, On, Off, Off, Off, Off, Lean
438.546, 788, 1,26, 84, 3, 12, 13,7, 0,34, 3,03, 3, 38, 103, 1,99, Off, Off, Off, Off, On, Off, On, Off, Off, Off, Off, Lean
438.593, 825, 1,26, 84, 4, 12, 13,7, 0,34, 3,04, 3, 38, 103, 2,09, Off, Off, Off, Off, On, Off, On, Off, Off, Off, Off, Lean
438.656, 825, 1,26, 84, 16, 12, 13,8, 0,34, 3,02, 3, 38, 103, 2,08, Off, Off, Off, Off, On, Off, On, Off, Off, Off, Off, Lean
438.703, 812, 1,26, 84, 16, 12, 13,8, 0,34, 3, 3, 38, 103, 2,03, Off, Off, Off, Off, On, Off, On, Off, Off, Off, Off, Lean
438.765, 825, 1,26, 84, 55, 12, 13,8, 0,34, 2,95, 3, 38, 102, 2,03, Off, Off, Off, Off, On, Off, On, Off, Off, Off, Off, Rich
438.796, 825, 1,26, 84, 72, 12, 13,7, 0,34, 2,95, 3, 38, 102, 2,03, Off, Off, Off, Off, On, Off, On, Off, Off, Off, Off, Rich
438.875, 838, 1,25, 84, 77, 12, 13,7, 0,34, 2,95, 3, 38, 102, 2,06, Off, Off, Off, Off, On, Off, On, Off, Off, Off, Off, Rich
438.921, 838, 1,26, 84, 79, 12, 13,7, 0,34, 2,94, 3, 38, 102, 2,05, Off, Off, Off, Off, On, Off, On, Off, Off, Off, Off, Rich
438.968, 825, 1,26, 84, 79, 12, 13,7, 0,34, 2,92, 3, 38, 102, 2,01, Off, Off, Off, Off, On, Off, On, Off, Off, Off, Off, Rich
439.031, 812, 1,25, 84, 80, 12, 13,7, 0,34, 2,91, 3, 38, 102, 1,97, Off, Off, Off, Off, On, Off, On, Off, Off, Off, Off, Rich
439.093, 788, 1,25, 84, 80, 12, 13,7, 0,34, 2,9, 3, 38, 102, 1,9, Off, Off, Off, Off, On, Off, On, Off, Off, Off, Off, Rich
439.156, 788, 1,26, 84, 80, 12, 13,7, 0,34, 2,9, 3, 38, 102, 1,9, Off, Off, Off, Off, On, Off, On, Off, Off, Off, Off, Rich
439.203, 788, 1,26, 84, 80, 12, 13,7, 0,34, 2,91, 3, 38, 102, 1,91, Off, Off, Off, Off, On, Off, On, Off, Off, Off, Off, Rich
439.265, 762, 1,26, 84, 78, 12, 13,7, 0,34, 2,91, 3, 38, 102, 1,85, Off, Off, Off, Off, On, Off, On, Off, Off, Off, Off, Rich
439.312, 762, 1,25, 84, 75, 12, 13,7, 0,34, 2,96, 3, 38, 102, 1,88, Off, Off, Off, Off, On, Off, On, Off, Off, Off, Off, Rich
439.359, 775, 1,26, 84, 75, 12, 13,7, 0,34, 2,95, 3, 38, 102, 1,91, Off, Off, Off, Off, On, Off, On, Off, Off, Off, Off, Rich
439.421, 762, 1,25, 84, 72, 12, 13,6, 0,34, 2,98, 3, 38, 102, 1,89, Off, Off, Off, Off, On, Off, On, Off, Off, Off, Off, Rich
439.468, 762, 1,26, 84, 48, 12, 13,7, 0,34, 3,01, 3, 38, 102, 1,91, Off, Off, Off, Off, On, Off, On, Off, Off, Off, Off, Rich
439.515, 762, 1,26, 84, 48, 12, 13,7, 0,34, 2,97, 3, 38, 102, 1,89, Off, Off, Off, Off, On, Off, On, Off, Off, Off, Off, Rich
439.578, 762, 1,26, 84, 17, 12, 13,7, 0,34, 3, 3, 38, 102, 1,9, Off, Off, Off, Off, On, Off, On, Off, Off, Off, Off, Lean
439.640, 775, 1,25, 84, 7, 12, 13,6, 0,34, 3,05, 3, 38, 102, 1,97, Off, Off, Off, Off, On, Off, On, Off, Off, Off, Off, Lean
439.687, 762, 1,26, 84, 4, 12, 13,7, 0,34, 3,06, 3, 38, 102, 1,94, Off, Off, Off, Off, On, Off, On, Off, Off, Off, Off, Lean
439.734, 762, 1,26, 84, 4, 12, 13,7, 0,34, 3,07, 3, 38, 102, 1,95, Off, Off, Off, Off, On, Off, On, Off, Off, Off, Off, Lean
439.812, 762, 1,25, 84, 3, 12, 13,6, 0,34, 3,09, 3, 38, 102, 1,96, Off, Off, Off, Off, On, Off, On, Off, Off, Off, Off, Lean
439.859, 738, 1,26, 84, 4, 12, 13,7, 0,34, 3,11, 3, 38, 102, 1,91, Off, Off, Off, Off, On, Off, On, Off, Off, Off, Off, Lean
439.906, 762, 1,26, 84, 4, 12, 13,7, 0,34, 3,1, 3, 38, 102, 1,97, Off, Off, Off, Off, On, Off, On, Off, Off, Off, Off, Lean
439.953, 738, 1,25, 84, 4, 12, 13,8, 0,34, 3,12, 3, 38, 102, 1,92, Off, Off, Off, Off, On, Off, On, Off, Off, Off, Off, Lean
439.984, 725, 1,26, 84, 5, 12, 13,7, 0,34, 3,18, 3, 38, 102, 1,92, Off, Off, Off, Off, On, Off, On, Off, Off, Off, Off, Lean
440.046, 762, 1,25, 84, 5, 12, 13,7, 0,34, 3,18, 3, 38, 102, 2,02, Off, Off, Off, Off, On, Off, On, Off, Off, Off, Off, Lean
440.109, 738, 1,26, 84, 16, 12, 13,7, 0,34, 3,2, 3, 38, 102, 1,97, Off, Off, Off, Off, On, Off, On, Off, Off, Off, Off, Lean
440.156, 738, 1,26, 84, 58, 12, 13,7, 0,34, 3,17, 3, 38, 102, 1,95, Off, Off, Off, Off, On, Off, On, Off, Off, Off, Off, Lean
440.218, 762, 1,25, 84, 58, 12, 13,7, 0,34, 3,13, 3, 38, 102, 1,99, Off, Off, Off, Off, On, Off, On, Off, Off, Off, Off, Rich
440.265, 725, 1,24, 84, 74, 12, 13,8, 0,34, 3,13, 3, 38, 102, 1,89, Off, Off, Off, Off, On, Off, On, Off, Off, Off, Off, Rich
440.328, 762, 1,25, 84, 74, 12, 13,7, 0,34, 3,08, 3, 38, 102, 1,96, Off, Off, Off, Off, On, Off, On, Off, Off, Off, Off, Rich
440.375, 738, 1,25, 84, 79, 12, 13,8, 0,34, 3,11, 3, 38, 102, 1,91, Off, Off, Off, Off, On, Off, On, Off, Off, Off, Off, Rich
440.421, 725, 1,24, 84, 81, 12, 13,8, 0,34, 3,16, 3, 38, 102, 1,91, Off, Off, Off, Off, On, Off, On, Off, Off, Off, Off, Rich
440.500, 738, 1,25, 84, 82, 8, 13,7, 0,34, 3,16, 3, 38, 102, 1,94, Off, Off, Off, Off, On, Off, On, Off, Off, Off, Off, Rich
440.546, 725, 1,25, 84, 82, 8, 13,8, 0,34, 3,14, 3, 38, 102, 1,9, Off, Off, Off, Off, On, Off, On, Off, Off, Off, Off, Rich
440.609, 762, 1,25, 84, 83, 8, 13,7, 0,34, 3,16, 3, 38, 102, 2,01, Off, Off, Off, Off, On, Off, On, Off, Off, Off, Off, Rich
440.656, 762, 1,25, 84, 83, 8, 13,8, 0,34, 3,05, 3, 37, 102, 1,94, Off, Off, Off, Off, On, Off, On, Off, Off, Off, Off, Rich
440.703, 762, 1,25, 84, 83, 8, 13,8, 0,34, 3,04, 3, 37, 102, 1,93, Off, Off, Off, Off, On, Off, On, Off, Off, Off, Off, Rich
440.765, 788, 1,24, 84, 83, 8, 13,8, 0,34, 2,99, 3, 37, 102, 1,96, Off, Off, Off, Off, On, Off, On, Off, Off, Off, Off, Rich
440.812, 788, 1,25, 84, 83, 8, 13,8, 0,34, 3,01, 3, 37, 102, 1,98, Off, Off, Off, Off, On, Off, On, Off, Off, Off, Off, Rich
440.859, 812, 1,26, 84, 83, 8, 13,8, 0,34, 2,97, 3, 37, 102, 2,01, Off, Off, Off, Off, On, Off, On, Off, Off, Off, Off, Rich
440.921, 825, 1,24, 84, 83, 8, 13,8, 0,34, 2,88, 3, 37, 102, 1,98, Off, Off, Off, Off, On, Off, On, Off, Off, Off, Off, Rich
440.968, 825, 1,24, 84, 82, 8, 13,8, 0,34, 2,89, 3, 37, 102, 1,99, Off, Off, Off, Off, On, Off, On, Off, Off, Off, Off, Rich
441.015, 838, 1,25, 84, 80, 8, 13,8, 0,34, 2,8, 3, 37, 102, 1,96, Off, Off, Off, Off, On, Off, On, Off, Off, Off, Off, Rich
441.078, 862, 1,24, 84, 80, 8, 13,8, 0,34, 2,72, 3, 37, 102, 1,95, Off, Off, Off, Off, On, Off, On, Off, Off, Off, Off, Rich
441.125, 875, 1,24, 84, 79, 8, 13,9, 0,34, 2,65, 3, 36, 102, 1,93, Off, Off, Off, Off, On, Off, On, Off, Off, Off, Off, Rich
441.203, 875, 1,23, 84, 78, 8, 13,8, 0,34, 2,66, 3, 36, 102, 1,94, Off, Off, Off, Off, On, Off, On, Off, Off, Off, Off, Rich
441.250, 875, 1,23, 84, 78, 8, 13,8, 0,34, 2,65, 3, 36, 102, 1,93, Off, Off, Off, Off, On, Off, On, Off, Off, Off, Off, Rich
441.312, 875, 1,24, 84, 75, 8, 13,8, 0,34, 2,64, 3, 36, 102, 1,93, Off, Off, Off, Off, On, Off, On, Off, Off, Off, Off, Rich
441.375, 875, 1,24, 84, 72, 8, 13,8, 0,34, 2,6, 3, 35, 102, 1,9, Off, Off, Off, Off, On, Off, On, Off, Off, Off, Off, Rich
441.421, 862, 1,23, 84, 56, 8, 13,8, 0,34, 2,59, 3, 35, 102, 1,86, Off, Off, Off, Off, On, Off, On, Off, Off, Off, Off, Rich
441.484, 875, 1,22, 84, 56, 8, 13,8, 0,34, 2,58, 3, 35, 102, 1,88, Off, Off, Off, Off, On, Off, On, Off, Off, Off, Off, Rich
441.531, 875, 1,22, 84, 17, 8, 13,8, 0,34, 2,59, 3, 34, 101, 1,89, Off, Off, Off, Off, On, Off, On, Off, Off, Off, Off, Lean
441.578, 875, 1,22, 84, 6, 8, 13,9, 0,34, 2,58, 3, 34, 101, 1,88, Off, Off, Off, Off, On, Off, On, Off, Off, Off, Off, Lean
441.640, 862, 1,22, 84, 3, 8, 13,9, 0,34, 2,54, 3, 34, 101, 1,82, Off, Off, Off, Off, On, Off, On, Off, Off, Off, Off, Lean
441.703, 875, 1,21, 84, 2, 8, 13,8, 0,34, 2,56, 3, 33, 101, 1,87, Off, Off, Off, Off, On, Off, On, Off, Off, Off, Off, Lean
441.750, 862, 1,2, 84, 2, 8, 13,8, 0,34, 2,5, 3, 33, 101, 1,8, Off, Off, Off, Off, On, Off, On, Off, Off, Off, Off, Lean
441.812, 875, 1,2, 84, 1, 8, 13,9, 0,34, 2,54, 3, 33, 101, 1,85, Off, Off, Off, Off, On, Off, On, Off, Off, Off, Off, Lean
441.875, 862, 1,2, 84, 0, 10, 13,8, 0,34, 2,55, 3, 33, 101, 1,83, Off, Off, Off, Off, On, Off, On, Off, Off, Off, Off, Lean
441.921, 888, 1,2, 84, 0, 10, 13,8, 0,34, 2,54, 3, 33, 101, 1,88, Off, Off, Off, Off, On, Off, On, Off, Off, Off, Off, Lean
441.984, 875, 1,21, 84, 0, 10, 13,8, 0,34, 2,54, 3, 33, 101, 1,85, Off, Off, Off, Off, On, Off, On, Off, Off, Off, Off, Lean
442.031, 888, 1,21, 84, 0, 10, 13,8, 0,34, 2,52, 3, 33, 101, 1,86, Off, Off, Off, Off, On, Off, On, Off, Off, Off, Off, Lean
442.078, 862, 1,2, 84, 0, 10, 13,8, 0,34, 2,54, 3, 33, 101, 1,82, Off, Off, Off, Off, On, Off, On, Off, Off, Off, Off, Lean
442.140, 875, 1,2, 84, 0, 10, 13,8, 0,34, 2,55, 3, 33, 101, 1,86, Off, Off, Off, Off, On, Off, On, Off, Off, Off, Off, Lean
442.187, 862, 1,21, 84, 0, 10, 13,8, 0,34, 2,55, 3, 33, 101, 1,83, Off, Off, Off, Off, On, Off, On, Off, Off, Off, Off, Lean
442.250, 862, 1,21, 84, 0, 10, 13,8, 0,34, 2,53, 3, 33, 101, 1,82, Off, Off, Off, Off, On, Off, On, Off, Off, Off, Off, Lean
442.296, 838, 1,2, 84, 0, 10, 13,8, 0,34, 2,54, 3, 33, 101, 1,77, Off, Off, Off, Off, On, Off, On, Off, Off, Off, Off, Lean
442.343, 875, 1,2, 84, 0, 10, 13,8, 0,34, 2,57, 3, 33, 101, 1,87, Off, Off, Off, Off, On, Off, On, Off, Off, Off, Off, Lean
442.406, 862, 1,2, 84, 0, 10, 13,8, 0,34, 2,56, 3, 33, 101, 1,84, Off, Off, Off, Off, On, Off, On, Off, Off, Off, Off, Lean
442.468, 862, 1,21, 84, 0, 10, 13,8, 0,34, 2,54, 3, 33, 101, 1,82, Off, Off, Off, Off, On, Off, On, Off, Off, Off, Off, Lean
442.515, 838, 1,21, 84, 0, 10, 13,8, 0,34, 2,56, 3, 33, 101, 1,79, Off, Off, Off, Off, On, Off, On, Off, Off, Off, Off, Lean
442.593, 838, 1,2, 84, 0, 10, 13,8, 0,34, 2,55, 3, 33, 101, 1,78, Off, Off, Off, Off, On, Off, On, Off, Off, Off, Off, Lean
442.640, 875, 1,2, 84, 1, 10, 13,6, 0,34, 2,55, 3, 33, 101, 1,86, Off, Off, Off, Off, On, Off, On, Off, Off, Off, Off, Lean
442.703, 862, 1,2, 84, 1, 10, 13,4, 0,34, 2,58, 3, 33, 101, 1,85, Off, Off, Off, Off, On, Off, On, Off, Off, Off, Off, Lean
442.750, 838, 1,2, 84, 2, 10, 13,7, 0,34, 2,62, 3, 33, 101, 1,83, Off, Off, Off, Off, On, Off, On, Off, Off, Off, Off, Lean
442.796, 825, 1,2, 84, 2, 10, 13,8, 0,34, 2,61, 3, 33, 101, 1,79, Off, Off, Off, Off, On, Off, On, Off, Off, Off, Off, Lean
442.859, 838, 1,2, 84, 2, 10, 13,8, 0,34, 2,63, 3, 33, 101, 1,84, Off, Off, Off, Off, On, Off, On, Off, Off, Off, Off, Lean
442.906, 825, 1,2, 84, 2, 10, 13,8, 0,34, 2,58, 3, 33, 101, 1,77, Off, Off, Off, Off, On, Off, On, Off, Off, Off, Off, Lean
442.953, 838, 1,21, 84, 1, 10, 13,8, 0,34, 2,63, 3, 33, 101, 1,84, Off, Off, Off, Off, On, Off, On, Off, Off, Off, Off, Lean
443.000, 825, 1,2, 84, 1, 10, 13,8, 0,34, 2,59, 3, 33, 101, 1,78, Off, Off, Off, Off, On, Off, On, Off, Off, Off, Off, Lean
443.046, 862, 1,2, 84, 1, 10, 13,8, 0,34, 2,61, 3, 33, 101, 1,87, Off, Off, Off, Off, On, Off, On, Off, Off, Off, Off, Lean
443.093, 838, 1,2, 84, 1, 10, 13,8, 0,34, 2,61, 3, 33, 101, 1,82, Off, Off, Off, Off, On, Off, On, Off, Off, Off, Off, Lean
443.156, 838, 1,2, 84, 1, 10, 13,8, 0,34, 2,55, 3, 33, 101, 1,78, Off, Off, Off, Off, On, Off, On, Off, Off, Off, Off, Lean
443.203, 862, 1,21, 84, 1, 10, 13,8, 0,36, 2,58, 3, 33, 101, 1,85, Off, Off, Off, Off, On, Off, On, Off, Off, Off, Off, Lean
443.281, 862, 1,22, 84, 1, 10, 13,8, 0,36, 2,62, 3, 33, 101, 1,88, Off, Off, Off, Off, On, Off, On, Off, Off, Off, Off, Lean
443.328, 838, 1,23, 84, 2, 14, 13,8, 0,36, 2,64, 3, 33, 101, 1,84, Off, Off, Off, Off, On, Off, On, Off, Off, Off, Off, Lean
443.390, 862, 1,28, 84, 2, 14, 13,8, 0,42, 2,79, 7, 33, 101, 2, Off, Off, Off, Off, Off, Off, On, Off, Off, Off, Off, Lean
443.437, 875, 1,55, 84, 2, 14, 13,8, 0,52, 4,01, 16, 33, 101, 2,92, Off, Off, Off, Off, Off, Off, On, Off, Off, Off, Off, Lean
443.484, 875, 1,59, 84, 2, 14, 13,7, 0,52, 4,12, 16, 33, 101, 3, Off, Off, Off, Off, Off, Off, On, Off, Off, Off, Off, Lean
443.531, 888, 1,6, 84, 2, 14, 13,7, 0,52, 4,19, 16, 34, 101, 3,1, Off, Off, Off, Off, Off, Off, On, Off, Off, Off, Off, Lean
443.593, 950, 1,62, 84, 3, 14, 13,8, 0,52, 4,35, 17, 34, 101, 3,44, Off, Off, Off, Off, Off, Off, On, Off, Off, Off, Off, Lean
443.640, 1000, 1,62, 84, 33, 14, 13,8, 0,5, 4,43, 22, 34, 101, 3,69, Off, Off, Off, Off, Off, Off, On, Off, Off, Off, Off, Lean
443.687, 1000, 1,62, 84, 33, 14, 13,8, 0,52, 4,46, 23, 34, 101, 3,72, Off, Off, Off, Off, Off, Off, On, Off, Off, Off, Off, Lean
443.734, 1088, 1,62, 84, 73, 14, 13,8, 0,5, 4,32, 25, 34, 102, 3,92, Off, Off, Off, Off, Off, Off, On, Off, Off, Off, Off, Rich
443.781, 1100, 1,62, 84, 81, 14, 13,8, 0,52, 4,29, 25, 35, 102, 3,93, Off, Off, Off, Off, Off, Off, On, Off, Off, Off, Off, Rich
443.843, 1138, 1,62, 84, 84, 14, 13,8, 0,5, 4,27, 26, 35, 102, 4,05, Off, Off, Off, Off, Off, Off, On, Off, Off, Off, Off, Rich
443.890, 1150, 1,54, 84, 85, 14, 13,8, 0,46, 3,89, 27, 35, 102, 3,73, Off, Off, Off, Off, Off, Off, On, Off, Off, Off, Off, Rich
443.953, 1162, 1,5, 84, 86, 14, 13,8, 0,46, 3,8, 28, 35, 102, 3,68, Off, Off, Off, Off, Off, Off, On, Off, Off, Off, Off, Rich
444.015, 1188, 1,54, 84, 87, 14, 13,8, 0,48, 3,75, 29, 35, 102, 3,71, Off, Off, Off, Off, Off, Off, On, Off, Off, Off, Off, Rich
444.062, 1188, 1,52, 84, 87, 14, 13,7, 0,44, 3,63, 29, 35, 102, 3,59, Off, Off, Off, Off, Off, Off, On, Off, Off, Off, Off, Rich
444.125, 1188, 1,42, 84, 87, 14, 13,8, 0,4, 3,31, 31, 35, 102, 3,28, Off, Off, Off, Off, Off, Off, On, Off, Off, Off, Off, Rich
444.171, 1162, 1,4, 84, 87, 14, 13,9, 0,42, 3,18, 32, 35, 102, 3,08, Off, Off, Off, Off, Off, Off, On, Off, Off, Off, Off, Rich
444.218, 1150, 1,52, 84, 86, 14, 13,8, 0,5, 3,5, 30, 35, 102, 3,35, Off, Off, Off, Off, Off, Off, On, Off, Off, Off, Off, Rich
444.296, 1150, 1,4, 84, 86, 14, 13,8, 0,34, 3,3, 31, 45, 102, 3,16, Off, Off, Off, Off, On, Off, On, Off, Off, Off, Off, Rich
444.343, 1150, 1,35, 84, 86, 14, 13,7, 0,34, 3,13, 27, 44, 102, 3, Off, Off, Off, Off, On, Off, On, Off, Off, Off, Off, Rich
444.390, 1112, 1,36, 84, 86, 14, 13,8, 0,36, 3, 25, 44, 102, 2,78, Off, Off, Off, Off, On, Off, On, Off, Off, Off, Off, Rich
444.453, 1112, 1,4, 84, 86, 14, 13,8, 0,38, 2,96, 22, 44, 102, 2,74, Off, Off, Off, Off, On, Off, On, Off, Off, Off, Off, Rich
444.515, 1088, 1,36, 84, 87, 14, 13,8, 0,34, 2,88, 19, 44, 102, 2,61, Off, Off, Off, Off, On, Off, On, Off, Off, Off, Off, Rich
444.562, 1062, 1,36, 84, 87, 14, 13,8, 0,36, 2,84, 15, 44, 102, 2,51, Off, Off, Off, Off, On, Off, On, Off, Off, Off, Off, Rich
444.625, 1088, 1,38, 84, 87, 14, 13,7, 0,36, 2,78, 13, 44, 102, 2,52, Off, Off, Off, Off, On, Off, On, Off, Off, Off, Off, Rich
444.703, 1062, 1,36, 84, 87, 16, 13,8, 0,34, 2,79, 13, 44, 102, 2,47, Off, Off, Off, Off, On, Off, On, Off, Off, Off, Off, Rich
444.750, 1062, 1,35, 84, 86, 16, 13,8, 0,36, 2,72, 13, 44, 102, 2,41, Off, Off, Off, Off, On, Off, On, Off, Off, Off, Off, Rich
444.812, 1088, 1,36, 84, 84, 16, 13,8, 0,34, 2,71, 13, 44, 102, 2,46, Off, Off, Off, Off, On, Off, On, Off, Off, Off, Off, Rich
444.859, 1062, 1,34, 84, 84, 16, 13,8, 0,34, 2,71, 13, 44, 102, 2,4, Off, Off, Off, Off, On, Off, On, Off, Off, Off, Off, Rich
444.921, 1100, 1,34, 84, 82, 16, 13,8, 0,34, 2,67, 13, 43, 102, 2,45, Off, Off, Off, Off, On, Off, On, Off, Off, Off, Off, Rich
444.968, 1062, 1,34, 84, 82, 16, 13,7, 0,34, 2,64, 13, 43, 102, 2,34, Off, Off, Off, Off, On, Off, On, Off, Off, Off, Off, Rich
445.015, 1088, 1,34, 84, 79, 16, 13,8, 0,34, 2,64, 13, 43, 102, 2,39, Off, Off, Off, Off, On, Off, On, Off, Off, Off, Off, Rich
445.062, 1088, 1,34, 84, 79, 16, 13,8, 0,34, 2,6, 13, 43, 102, 2,36, Off, Off, Off, Off, On, Off, On, Off, Off, Off, Off, Rich
445.109, 1100, 1,34, 84, 79, 16, 13,8, 0,34, 2,61, 13, 42, 102, 2,39, Off, Off, Off, Off, On, Off, On, Off, Off, Off, Off, Rich
445.171, 1100, 1,34, 84, 77, 16, 13,8, 0,36, 2,58, 13, 42, 102, 2,37, Off, Off, Off, Off, On, Off, On, Off, Off, Off, Off, Rich
445.234, 1112, 1,34, 84, 76, 16, 13,9, 0,36, 2,58, 13, 42, 102, 2,39, Off, Off, Off, Off, On, Off, On, Off, Off, Off, Off, Rich
445.281, 1100, 1,38, 84, 74, 16, 13,7, 0,36, 2,55, 13, 42, 102, 2,34, Off, Off, Off, Off, On, Off, On, Off, Off, Off, Off, Rich
445.343, 1138, 1,36, 84, 74, 16, 13,8, 0,34, 2,58, 13, 42, 102, 2,45, Off, Off, Off, Off, On, Off, On, Off, Off, Off, Off, Rich
445.406, 1112, 1,34, 84, 74, 18, 13,8, 0,34, 2,56, 13, 42, 102, 2,37, Off, Off, Off, Off, On, Off, On, Off, Off, Off, Off, Rich
445.453, 1112, 1,34, 84, 74, 18, 13,8, 0,34, 2,54, 13, 42, 102, 2,35, Off, Off, Off, Off, On, Off, On, Off, Off, Off, Off, Rich
445.515, 1112, 1,32, 84, 73, 18, 13,6, 0,34, 2,52, 13, 42, 102, 2,34, Off, Off, Off, Off, On, Off, On, Off, Off, Off, Off, Rich
445.562, 1112, 1,33, 84, 73, 18, 13,6, 0,34, 2,49, 13, 42, 102, 2,31, Off, Off, Off, Off, On, Off, On, Off, Off, Off, Off, Rich
445.609, 1138, 1,33, 84, 72, 18, 13,9, 0,36, 2,48, 13, 42, 102, 2,35, Off, Off, Off, Off, On, Off, On, Off, Off, Off, Off, Rich
445.671, 1138, 1,34, 84, 70, 18, 13,9, 0,34, 2,46, 13, 42, 102, 2,33, Off, Off, Off, Off, On, Off, On, Off, Off, Off, Off, Rich
445.718, 1138, 1,32, 84, 70, 18, 13,8, 0,34, 2,45, 13, 42, 102, 2,32, Off, Off, Off, Off, On, Off, On, Off, Off, Off, Off, Rich
445.781, 1112, 1,33, 84, 65, 18, 13,9, 0,34, 2,43, 13, 42, 102, 2,25, Off, Off, Off, Off, On, Off, On, Off, Off, Off, Off, Rich
445.828, 1138, 1,33, 84, 65, 18, 13,7, 0,34, 2,44, 13, 41, 102, 2,31, Off, Off, Off, Off, On, Off, On, Off, Off, Off, Off, Rich
445.875, 1150, 1,34, 84, 36, 18, 13,8, 0,34, 2,43, 13, 41, 102, 2,33, Off, Off, Off, Off, On, Off, On, Off, Off, Off, Off, Rich
445.937, 1150, 1,35, 84, 19, 18, 13,8, 0,36, 2,46, 13, 41, 101, 2,36, Off, Off, Off, Off, On, Off, On, Off, Off, Off, Off, Lean
445.984, 1150, 1,35, 84, 9, 18, 13,7, 0,34, 2,47, 13, 41, 101, 2,37, Off, Off, Off, Off, On, Off, On, Off, Off, Off, Off, Lean
446.046, 1150, 1,33, 84, 5, 18, 13,7, 0,34, 2,47, 13, 41, 101, 2,37, Off, Off, Off, Off, On, Off, On, Off, Off, Off, Off, Lean
446.109, 1150, 1,32, 84, 3, 18, 13,9, 0,36, 2,44, 13, 40, 101, 2,34, Off, Off, Off, Off, On, Off, On, Off, Off, Off, Off, Lean
446.156, 1150, 1,32, 84, 2, 18, 13,8, 0,36, 2,43, 13, 40, 101, 2,33, Off, Off, Off, Off, On, Off, On, Off, Off, Off, Off, Lean
446.218, 1150, 1,32, 84, 2, 18, 13,9, 0,36, 2,42, 13, 40, 101, 2,32, Off, Off, Off, Off, On, Off, On, Off, Off, Off, Off, Lean
446.265, 1162, 1,31, 84, 1, 18, 13,9, 0,34, 2,4, 13, 40, 101, 2,32, Off, Off, Off, Off, On, Off, On, Off, Off, Off, Off, Lean
446.296, 1150, 1,32, 84, 1, 18, 13,9, 0,34, 2,42, 13, 40, 101, 2,32, Off, Off, Off, Off, On, Off, On, Off, Off, Off, Off, Lean
446.375, 1150, 1,31, 84, 1, 18, 13,8, 0,34, 2,4, 13, 39, 101, 2,3, Off, Off, Off, Off, On, Off, On, Off, Off, Off, Off, Lean
446.421, 1162, 1,3, 84, 1, 18, 13,9, 0,36, 2,36, 13, 39, 101, 2,29, Off, Off, Off, Off, On, Off, On, Off, Off, Off, Off, Lean
446.484, 1188, 1,3, 84, 1, 18, 13,8, 0,34, 2,35, 13, 39, 101, 2,33, Off, Off, Off, Off, On, Off, On, Off, Off, Off, Off, Lean
446.531, 1162, 1,29, 84, 1, 18, 13,8, 0,34, 2,33, 13, 38, 101, 2,26, Off, Off, Off, Off, On, Off, On, Off, Off, Off, Off, Lean
446.578, 1150, 1,3, 84, 1, 18, 13,9, 0,36, 2,32, 13, 38, 101, 2,22, Off, Off, Off, Off, On, Off, On, Off, Off, Off, Off, Lean
446.640, 1162, 1,32, 84, 1, 18, 13,8, 0,38, 2,3, 13, 38, 101, 2,23, Off, Off, Off, Off, On, Off, On, Off, Off, Off, Off, Lean
446.687, 1162, 1,34, 84, 1, 18, 13,8, 0,36, 2,32, 13, 38, 101, 2,25, Off, Off, Off, Off, On, Off, On, Off, Off, Off, Off, Lean
446.734, 1150, 1,3, 84, 1, 18, 13,9, 0,34, 2,34, 13, 38, 101, 2,24, Off, Off, Off, Off, On, Off, On, Off, Off, Off, Off, Lean
446.812, 1150, 1,3, 84, 1, 18, 13,7, 0,34, 2,33, 13, 38, 101, 2,23, Off, Off, Off, Off, On, Off, On, Off, Off, Off, Off, Lean
446.859, 1162, 1,29, 84, 1, 20, 13,9, 0,34, 2,32, 13, 38, 101, 2,25, Off, Off, Off, Off, On, Off, On, Off, Off, Off, Off, Lean
446.906, 1150, 1,29, 84, 1, 20, 13,9, 0,36, 2,31, 13, 38, 101, 2,21, Off, Off, Off, Off, On, Off, On, Off, Off, Off, Off, Lean
446.968, 1150, 1,29, 84, 1, 20, 13,8, 0,34, 2,32, 13, 38, 101, 2,22, Off, Off, Off, Off, On, Off, On, Off, Off, Off, Off, Lean
447.015, 1162, 1,29, 84, 1, 20, 13,8, 0,34, 2,3, 13, 38, 101, 2,23, Off, Off, Off, Off, On, Off, On, Off, Off, Off, Off, Lean
447.062, 1150, 1,28, 84, 1, 20, 13,8, 0,34, 2,31, 13, 38, 101, 2,21, Off, Off, Off, Off, On, Off, On, Off, Off, Off, Off, Lean
447.109, 1162, 1,28, 84, 1, 20, 13,8, 0,34, 2,3, 13, 38, 101, 2,23, Off, Off, Off, Off, On, Off, On, Off, Off, Off, Off, Lean
447.156, 1138, 1,28, 84, 1, 20, 13,8, 0,34, 2,29, 13, 38, 101, 2,17, Off, Off, Off, Off, On, Off, On, Off, Off, Off, Off, Lean
447.218, 1138, 1,29, 84, 2, 20, 13,8, 0,34, 2,28, 13, 38, 101, 2,16, Off, Off, Off, Off, On, Off, On, Off, Off, Off, Off, Lean
447.265, 1150, 1,3, 84, 2, 20, 13,9, 0,34, 2,28, 13, 38, 101, 2,18, Off, Off, Off, Off, On, Off, On, Off, Off, Off, Off, Lean
447.312, 1138, 1,29, 84, 2, 20, 13,9, 0,34, 2,3, 13, 38, 101, 2,18, Off, Off, Off, Off, On, Off, On, Off, Off, Off, Off, Lean
447.375, 1138, 1,29, 84, 2, 20, 13,8, 0,34, 2,31, 13, 38, 101, 2,19, Off, Off, Off, Off, On, Off, On, Off, Off, Off, Off, Lean
447.421, 1150, 1,29, 84, 2, 20, 13,8, 0,34, 2,31, 13, 38, 101, 2,21, Off, Off, Off, Off, On, Off, On, Off, Off, Off, Off, Lean
447.484, 1138, 1,28, 84, 2, 20, 13,6, 0,34, 2,32, 13, 38, 101, 2,2, Off, Off, Off, Off, On, Off, On, Off, Off, Off, Off, Lean
447.546, 1138, 1,28, 84, 2, 22, 13,7, 0,34, 2,32, 13, 38, 101, 2,2, Off, Off, Off, Off, On, Off, On, Off, Off, Off, Off, Lean
447.593, 1112, 1,28, 84, 2, 22, 13,7, 0,34, 2,32, 13, 38, 101, 2,15, Off, Off, Off, Off, On, Off, On, Off, Off, Off, Off, Lean
447.640, 1138, 1,28, 84, 3, 22, 13,8, 0,34, 2,32, 13, 38, 101, 2,2, Off, Off, Off, Off, On, Off, On, Off, Off, Off, Off, Lean
447.703, 1112, 1,28, 84, 3, 22, 13,7, 0,34, 2,32, 13, 38, 101, 2,15, Off, Off, Off, Off, On, Off, On, Off, Off, Off, Off, Lean
447.750, 1112, 1,28, 84, 3, 22, 13,7, 0,34, 2,32, 13, 38, 101, 2,15, Off, Off, Off, Off, On, Off, On, Off, Off, Off, Off, Lean
447.796, 1100, 1,28, 84, 2, 22, 13,7, 0,34, 2,33, 13, 38, 101, 2,14, Off, Off, Off, Off, On, Off, On, Off, Off, Off, Off, Lean
447.859, 1088, 1,28, 84, 2, 22, 13,6, 0,34, 2,33, 13, 38, 101, 2,11, Off, Off, Off, Off, On, Off, On, Off, Off, Off, Off, Lean
447.906, 1088, 1,28, 84, 2, 22, 13,7, 0,34, 2,34, 13, 38, 101, 2,12, Off, Off, Off, Off, On, Off, On, Off, Off, Off, Off, Lean
447.953, 1088, 1,28, 84, 2, 22, 13,7, 0,34, 2,33, 13, 38, 101, 2,11, Off, Off, Off, Off, On, Off, On, Off, Off, Off, Off, Lean
448.015, 1088, 1,28, 84, 1, 22, 13,7, 0,34, 2,35, 13, 38, 101, 2,13, Off, Off, Off, Off, On, Off, On, Off, Off, Off, Off, Lean
448.062, 1062, 1,28, 84, 1, 22, 13,7, 0,34, 2,36, 13, 38, 101, 2,09, Off, Off, Off, Off, On, Off, On, Off, Off, Off, Off, Lean
448.109, 1062, 1,28, 84, 1, 22, 13,7, 0,34, 2,37, 13, 38, 101, 2,1, Off, Off, Off, Off, On, Off, On, Off, Off, Off, Off, Lean
448.171, 1062, 1,28, 84, 1, 22, 13,7, 0,34, 2,38, 13, 38, 101, 2,11, Off, Off, Off, Off, On, Off, On, Off, Off, Off, Off, Lean
448.234, 1062, 1,28, 84, 0, 20, 13,8, 0,34, 2,37, 13, 38, 101, 2,1, Off, Off, Off, Off, On, Off, On, Off, Off, Off, Off, Lean
448.281, 1062, 1,28, 84, 0, 20, 13,7, 0,34, 2,38, 13, 38, 101, 2,11, Off, Off, Off, Off, On, Off, On, Off, Off, Off, Off, Lean
448.343, 1088, 1,28, 84, 0, 20, 13,7, 0,34, 2,38, 13, 38, 101, 2,16, Off, Off, Off, Off, On, Off, On, Off, Off, Off, Off, Lean
448.406, 1088, 1,28, 84, 0, 20, 13,7, 0,34, 2,39, 13, 38, 101, 2,17, Off, Off, Off, Off, On, Off, On, Off, Off, Off, Off, Lean
448.453, 1088, 1,28, 84, 0, 20, 13,7, 0,34, 2,4, 13, 38, 101, 2,18, Off, Off, Off, Off, On, Off, On, Off, Off, Off, Off, Lean
448.515, 1088, 1,28, 84, 0, 20, 13,7, 0,34, 2,4, 13, 38, 101, 2,18, Off, Off, Off, Off, On, Off, On, Off, Off, Off, Off, Lean
448.562, 1088, 1,28, 84, 0, 20, 13,7, 0,34, 2,41, 13, 38, 101, 2,19, Off, Off, Off, Off, On, Off, On, Off, Off, Off, Off, Lean
448.625, 1088, 1,28, 84, 0, 20, 13,8, 0,34, 2,41, 13, 38, 101, 2,19, Off, Off, Off, Off, On, Off, On, Off, Off, Off, Off, Lean
448.671, 1100, 1,28, 84, 0, 20, 13,7, 0,34, 2,41, 13, 38, 101, 2,21, Off, Off, Off, Off, On, Off, On, Off, Off, Off, Off, Lean
448.718, 1100, 1,28, 84, 1, 20, 13,7, 0,34, 2,4, 13, 38, 101, 2,2, Off, Off, Off, Off, On, Off, On, Off, Off, Off, Off, Lean
448.781, 1100, 1,28, 84, 1, 20, 13,7, 0,34, 2,4, 13, 38, 101, 2,2, Off, Off, Off, Off, On, Off, On, Off, Off, Off, Off, Lean
448.828, 1088, 1,28, 84, 1, 20, 13,8, 0,34, 2,39, 13, 38, 101, 2,17, Off, Off, Off, Off, On, Off, On, Off, Off, Off, Off, Lean
448.890, 1100, 1,28, 84, 1, 20, 13,8, 0,34, 2,4, 13, 38, 101, 2,2, Off, Off, Off, Off, On, Off, On, Off, Off, Off, Off, Lean
448.937, 1100, 1,28, 84, 2, 22, 13,8, 0,34, 2,4, 13, 38, 101, 2,2, Off, Off, Off, Off, On, Off, On, Off, Off, Off, Off, Lean
448.984, 1112, 1,28, 84, 3, 22, 13,8, 0,34, 2,4, 13, 38, 101, 2,22, Off, Off, Off, Off, On, Off, On, Off, Off, Off, Off, Lean
449.046, 1112, 1,28, 84, 3, 22, 13,7, 0,34, 2,4, 13, 38, 101, 2,22, Off, Off, Off, Off, On, Off, On, Off, Off, Off, Off, Lean
449.093, 1112, 1,28, 84, 3, 22, 13,8, 0,34, 2,39, 13, 38, 101, 2,21, Off, Off, Off, Off, On, Off, On, Off, Off, Off, Off, Lean
449.140, 1112, 1,28, 84, 3, 22, 13,8, 0,36, 2,4, 13, 38, 101, 2,22, Off, Off, Off, Off, On, Off, On, Off, Off, Off, Off, Lean
449.203, 1100, 1,33, 84, 3, 22, 13,8, 0,4, 2,4, 13, 38, 101, 2,2, Off, Off, Off, Off, Off, Off, On, Off, Off, Off, Off, Lean
449.265, 1112, 1,56, 84, 4, 22, 13,8, 0,52, 3,28, 27, 38, 101, 3,04, Off, Off, Off, Off, Off, Off, On, Off, Off, Off, Off, Lean
449.312, 1150, 1,66, 84, 4, 22, 13,8, 0,54, 3,75, 26, 38, 101, 3,59, Off, Off, Off, Off, Off, Off, On, Off, Off, Off, Off, Lean
449.359, 1188, 1,7, 84, 5, 22, 13,8, 0,54, 3,71, 26, 38, 101, 3,67, Off, Off, Off, Off, Off, Off, On, Off, Off, Off, Off, Lean
449.406, 1250, 1,76, 84, 5, 22, 13,8, 0,6, 4,07, 26, 38, 101, 4,24, Off, Off, Off, Off, Off, Off, On, Off, Off, Off, Off, Lean
449.453, 1312, 1,94, 84, 8, 22, 13,8, 0,74, 4,85, 28, 38, 101, 5,3, Off, Off, Off, Off, Off, Off, On, Off, Off, Off, Off, Lean
449.515, 1388, 2,22, 84, 47, 22, 13,8, 0,84, 5,79, 26, 38, 101, 6,7, Off, Off, Off, Off, Off, Off, On, Off, Off, Off, Off, Lean
449.578, 1525, 2,3, 84, 79, 22, 13,8, 0,84, 6,37, 25, 38, 101, 8,1, Off, Off, Off, Off, Off, Off, On, Off, Off, Off, Off, Rich
449.640, 1588, 2,28, 84, 81, 22, 13,8, 0,84, 6,63, 24, 38, 101, 8,77, Off, Off, Off, Off, Off, Off, On, Off, Off, Off, Off, Rich
449.687, 1675, 2,26, 84, 84, 20, 13,9, 0,84, 6,37, 23, 38, 101, 8,89, Off, Off, Off, Off, Off, Off, On, On, Off, Off, Off, Rich
449.750, 1738, 2,27, 84, 85, 20, 13,9, 0,84, 6,3, 23, 38, 101, 9,12, Off, Off, Off, Off, Off, Off, On, On, Off, Off, Off, Rich
449.796, 1812, 2,27, 84, 86, 20, 13,8, 0,84, 6,14, 26, 38, 101, 9,27, Off, Off, Off, Off, Off, Off, On, On, Off, Off, Off, Rich
449.859, 1850, 2,28, 84, 86, 20, 13,8, 0,84, 6, 27, 38, 101, 9,25, Off, Off, Off, Off, Off, Off, On, On, Off, Off, Off, Rich
449.906, 1888, 2,3, 84, 86, 20, 13,8, 0,84, 5,83, 27, 38, 101, 9,17, Off, Off, Off, Off, Off, Off, On, On, Off, Off, Off, Rich
449.953, 1900, 2,3, 84, 85, 20, 13,7, 0,84, 5,8, 28, 38, 101, 9,18, Off, Off, Off, Off, Off, Off, On, On, Off, Off, Off, Rich
450.015, 1888, 2,3, 84, 85, 20, 13,8, 0,84, 5,71, 28, 38, 101, 8,98, Off, Off, Off, Off, Off, Off, On, On, Off, Off, Off, Rich
450.062, 1900, 2,31, 84, 84, 20, 13,9, 0,86, 5,61, 28, 38, 101, 8,88, Off, Off, Off, Off, Off, Off, On, On, Off, Off, Off, Rich
450.125, 1912, 2,33, 84, 83, 20, 13,9, 0,88, 5,62, 28, 38, 101, 8,95, Off, Off, Off, Off, Off, Off, On, On, Off, Off, Off, Rich
450.171, 1912, 2,36, 84, 80, 20, 13,8, 0,88, 5,68, 28, 38, 101, 9,05, Off, Off, Off, Off, Off, Off, On, On, Off, Off, Off, Rich
450.218, 1912, 2,37, 84, 76, 20, 13,9, 0,9, 5,71, 27, 38, 101, 9,1, Off, Off, Off, Off, Off, Off, On, On, Off, Off, Off, Rich
450.296, 1950, 2,38, 84, 74, 20, 13,8, 0,9, 5,72, 27, 38, 101, 9,3, Off, Off, Off, Off, Off, Off, On, On, Off, Off, Off, Rich
450.343, 1962, 2,38, 84, 73, 20, 13,8, 0,9, 5,71, 28, 38, 101, 9,34, Off, Off, Off, Off, Off, Off, On, On, Off, Off, Off, Rich
450.390, 1962, 2,37, 84, 71, 26, 13,8, 0,9, 5,69, 28, 38, 101, 9,3, Off, Off, Off, Off, Off, Off, On, On, Off, Off, Off, Rich
450.453, 1975, 2,38, 84, 56, 26, 13,8, 0,9, 5,62, 28, 38, 101, 9,25, Off, Off, Off, Off, Off, Off, On, On, Off, Off, Off, Rich
450.500, 1975, 2,38, 84, 34, 26, 13,8, 0,9, 5,55, 28, 38, 99, 9,13, Off, Off, Off, Off, Off, Off, On, On, Off, Off, Off, Lean
450.546, 2000, 2,38, 84, 25, 26, 13,8, 0,9, 5,82, 28, 38, 99, 9,7, Off, Off, Off, Off, Off, Off, On, On, Off, Off, Off, Lean
450.609, 2012, 2,39, 84, 11, 26, 13,8, 0,9, 5,8, 28, 38, 99, 9,72, Off, Off, Off, Off, Off, Off, On, On, Off, Off, Off, Lean
450.640, 2012, 2,4, 84, 7, 26, 13,8, 0,9, 5,82, 28, 38, 99, 9,76, Off, Off, Off, Off, Off, Off, On, On, Off, Off, Off, Lean
450.703, 2025, 2,38, 84, 7, 26, 13,8, 0,9, 5,84, 28, 38, 99, 9,86, Off, Off, Off, Off, Off, Off, On, On, Off, Off, Off, Lean
450.750, 2050, 2,38, 84, 7, 26, 13,8, 0,9, 5,84, 29, 40, 99, 9,98, Off, Off, Off, Off, Off, Off, On, On, Off, Off, Off, Lean
450.796, 2025, 2,37, 84, 15, 26, 13,8, 0,9, 5,83, 30, 38, 99, 9,84, Off, Off, Off, Off, Off, Off, On, On, Off, Off, Off, Lean
450.859, 2062, 2,4, 84, 51, 26, 13,7, 0,9, 5,81, 30, 40, 97, 9,98, Off, Off, Off, Off, Off, Off, On, On, Off, Off, Off, Rich
450.906, 2062, 2,38, 84, 69, 26, 13,8, 0,9, 5,59, 30, 40, 97, 9,61, Off, Off, Off, Off, Off, Off, On, On, Off, Off, Off, Rich
450.968, 2062, 2,38, 84, 73, 26, 13,8, 0,88, 5,53, 30, 40, 97, 9,5, Off, Off, Off, Off, Off, Off, On, On, Off, Off, Off, Rich
451.031, 2062, 2,38, 84, 73, 26, 13,7, 0,88, 5,46, 30, 40, 97, 9,38, Off, Off, Off, Off, Off, Off, On, On, Off, Off, Off, Rich
451.078, 2075, 2,38, 84, 72, 28, 13,8, 0,88, 5,41, 30, 42, 97, 9,35, Off, Off, Off, Off, Off, Off, On, On, Off, Off, Off, Rich
451.125, 2075, 2,39, 84, 71, 28, 13,8, 0,88, 5,38, 30, 42, 97, 9,3, Off, Off, Off, Off, Off, Off, On, On, Off, Off, Off, Rich
451.187, 2088, 2,38, 84, 62, 28, 13,6, 0,88, 5,34, 30, 42, 97, 9,29, Off, Off, Off, Off, Off, Off, On, On, Off, Off, Off, Rich
451.234, 2112, 2,38, 84, 35, 28, 13,8, 0,88, 5,3, 30, 42, 98, 9,33, Off, Off, Off, Off, Off, Off, On, On, Off, Off, Off, Lean
451.281, 2112, 2,38, 84, 23, 28, 13,8, 0,88, 5,52, 30, 42, 98, 9,72, Off, Off, Off, Off, Off, Off, On, On, Off, Off, Off, Lean
451.328, 2125, 2,38, 84, 10, 28, 13,8, 0,88, 5,51, 30, 44, 98, 9,76, Off, Off, Off, Off, Off, Off, On, On, Off, Off, Off, Lean
451.375, 2138, 2,37, 84, 6, 28, 13,8, 0,86, 5,49, 30, 44, 98, 9,78, Off, Off, Off, Off, Off, Off, On, On, Off, Off, Off, Lean
451.421, 2162, 2,37, 84, 6, 28, 13,8, 0,86, 5,45, 31, 46, 98, 9,82, Off, Off, Off, Off, Off, Off, On, On, Off, Off, Off, Lean
451.484, 2162, 2,38, 84, 6, 28, 13,8, 0,86, 5,44, 31, 46, 98, 9,8, Off, Off, Off, Off, Off, Off, On, On, Off, Off, Off, Lean
451.546, 2188, 2,38, 84, 7, 28, 13,8, 0,86, 5,42, 31, 47, 98, 9,88, Off, Off, Off, Off, Off, Off, On, On, Off, Off, Off, Lean
451.609, 2188, 2,36, 84, 25, 28, 13,8, 0,84, 5,37, 31, 47, 98, 9,79, Off, Off, Off, Off, Off, Off, On, On, Off, Off, Off, Lean
451.656, 2212, 2,3, 84, 57, 28, 13,8, 0,78, 4,98, 32, 49, 100, 9,18, Off, Off, Off, Off, Off, Off, On, On, Off, Off, Off, Rich
451.734, 2212, 2,26, 84, 72, 28, 13,8, 0,76, 4,74, 33, 49, 100, 8,74, Off, Off, Off, Off, Off, Off, On, On, Off, Off, Off, Rich
451.781, 2212, 2,24, 84, 77, 34, 13,8, 0,76, 4,5, 33, 49, 100, 8,3, Off, Off, Off, Off, Off, Off, On, On, Off, Off, Off, Rich
451.828, 2175, 2,26, 84, 76, 34, 13,7, 0,76, 4,47, 33, 47, 100, 8,1, Off, Off, Off, Off, Off, Off, On, On, Off, Off, Off, Rich
451.875, 2188, 2,22, 84, 74, 34, 13,8, 0,74, 4,31, 33, 47, 100, 7,86, Off, Off, Off, Off, Off, Off, On, On, Off, Off, Off, Rich
451.937, 2212, 2,19, 84, 64, 34, 13,8, 0,74, 4,15, 34, 49, 100, 7,65, Off, Off, Off, Off, Off, Off, On, On, Off, Off, Off, Rich
451.984, 2188, 2,19, 84, 49, 34, 13,7, 0,74, 4,11, 34, 47, 100, 7,49, Off, Off, Off, Off, Off, Off, On, On, Off, Off, Off, Rich
452.046, 2212, 2,19, 84, 19, 34, 13,8, 0,74, 4,26, 34, 49, 101, 7,85, Off, Off, Off, Off, Off, Off, On, On, Off, Off, Off, Lean
452.109, 2225, 2,18, 84, 5, 34, 13,8, 0,72, 4,21, 35, 51, 101, 7,81, Off, Off, Off, Off, Off, Off, On, On, Off, Off, Off, Lean
452.171, 2225, 2,19, 84, 3, 34, 13,8, 0,72, 4,19, 35, 51, 101, 7,77, Off, Off, Off, Off, Off, Off, On, On, Off, Off, Off, Lean
452.234, 2225, 2,19, 84, 4, 34, 13,8, 0,72, 4,21, 35, 51, 101, 7,81, Off, Off, Off, Off, Off, Off, On, On, Off, Off, Off, Lean
452.281, 2212, 2,08, 84, 5, 34, 13,8, 0,64, 3,8, 36, 49, 101, 7, Off, Off, Off, Off, Off, Off, On, Off, Off, Off, Off, Lean
452.328, 2175, 2,04, 84, 5, 34, 13,8, 0,62, 3,65, 35, 47, 101, 6,62, Off, Off, Off, Off, Off, Off, On, Off, Off, Off, Off, Lean
452.390, 2125, 2, 84, 6, 34, 13,8, 0,62, 3,62, 34, 44, 101, 6,41, Off, Off, Off, Off, Off, Off, On, Off, Off, Off, Off, Lean
452.437, 2025, 1,95, 84, 6, 34, 13,8, 0,58, 3,44, 34, 38, 101, 5,81, Off, Off, Off, Off, Off, Off, On, Off, Off, Off, Off, Lean
452.484, 1962, 1,82, 84, 7, 36, 13,8, 0,5, 3,2, 33, 38, 101, 5,23, Off, Off, Off, Off, Off, Off, On, Off, Off, Off, Off, Lean
452.546, 1862, 1,54, 84, 36, 36, 13,8, 0,34, 2,72, 35, 47, 101, 4,22, Off, Off, Off, Off, On, Off, On, Off, Off, Off, Off, Lean
452.593, 1762, 1,44, 84, 73, 36, 13,7, 0,34, 2,44, 30, 47, 99, 3,58, Off, Off, Off, Off, On, Off, On, Off, Off, Off, Off, Rich
452.656, 1762, 1,46, 84, 78, 36, 13,8, 0,34, 2,18, 26, 47, 99, 3,2, Off, Off, Off, Off, On, Off, On, Off, Off, Off, Off, Rich
452.703, 1750, 1,45, 84, 82, 36, 13,8, 0,34, 2,08, 23, 47, 99, 3,03, Off, Off, Off, Off, On, Off, On, Off, Off, Off, Off, Rich
452.750, 1750, 1,42, 84, 82, 36, 13,8, 0,34, 2,04, 23, 46, 99, 2,97, Off, Off, Off, Off, On, Off, On, Off, Off, Off, Off, Rich
452.812, 1725, 1,43, 84, 78, 36, 13,7, 0,34, 2, 23, 46, 99, 2,88, Off, Off, Off, Off, On, Off, On, Off, Off, Off, Off, Rich
452.859, 1700, 1,4, 84, 64, 36, 13,8, 0,34, 1,94, 23, 46, 99, 2,75, Off, Off, Off, Off, On, Off, On, Off, Off, Off, Off, Rich
452.921, 1700, 1,42, 84, 32, 36, 13,8, 0,34, 1,91, 23, 46, 99, 2,71, Off, Off, Off, Off, On, Off, On, Off, Off, Off, Off, Rich
452.968, 1638, 1,4, 84, 7, 36, 13,8, 0,34, 2,01, 23, 45, 98, 2,74, Off, Off, Off, Off, On, Off, On, Off, Off, Off, Off, Lean
453.031, 1600, 1,42, 84, 4, 36, 13,7, 0,34, 2, 23, 45, 98, 2,67, Off, Off, Off, Off, On, Off, On, Off, Off, Off, Off, Lean
453.093, 1575, 1,41, 84, 2, 36, 13,8, 0,34, 2,01, 22, 45, 98, 2,64, Off, Off, Off, Off, On, Off, On, Off, Off, Off, Off, Lean
453.156, 1575, 1,41, 84, 1, 36, 13,7, 0,34, 2,01, 22, 45, 98, 2,64, Off, Off, Off, Off, On, Off, On, Off, Off, Off, Off, Lean
453.203, 1538, 1,4, 84, 0, 38, 13,8, 0,34, 2,03, 18, 45, 98, 2,6, Off, Off, Off, Off, On, Off, On, Off, Off, Off, Off, Lean
453.250, 1512, 1,4, 84, 1, 38, 13,8, 0,34, 2,03, 20, 44, 98, 2,56, Off, Off, Off, Off, On, Off, On, Off, Off, Off, Off, Lean
453.312, 1438, 1,38, 84, 1, 38, 13,8, 0,34, 1,97, 19, 44, 94, 2,36, Off, Off, Off, Off, On, Off, On, Off, Off, Off, Off, Lean
453.359, 1425, 1,38, 84, 1, 38, 13,8, 0,34, 1,98, 18, 44, 94, 2,35, Off, Off, Off, Off, On, Off, On, Off, Off, Off, Off, Lean
453.406, 1362, 1,38, 84, 1, 38, 13,7, 0,34, 2,01, 17, 44, 94, 2,28, Off, Off, Off, Off, On, Off, On, Off, Off, Off, Off, Lean
453.468, 1350, 1,38, 84, 1, 38, 13,9, 0,34, 2,01, 16, 44, 94, 2,26, Off, Off, Off, Off, On, Off, On, Off, Off, Off, Off, Lean
453.515, 1312, 1,37, 84, 1, 38, 13,8, 0,34, 2,04, 15, 43, 94, 2,23, Off, Off, Off, Off, On, Off, On, Off, Off, Off, Off, Lean
453.562, 1312, 1,37, 84, 1, 38, 13,8, 0,34, 2,08, 15, 43, 94, 2,27, Off, Off, Off, Off, On, Off, On, Off, Off, Off, Off, Lean
453.625, 1275, 1,36, 84, 1, 38, 13,8, 0,34, 2,06, 15, 43, 94, 2,19, Off, Off, Off, Off, On, Off, On, Off, Off, Off, Off, Lean
453.687, 1275, 1,37, 84, 1, 38, 13,9, 0,34, 2,08, 14, 42, 94, 2,21, Off, Off, Off, Off, On, Off, On, Off, Off, Off, Off, Lean
453.734, 1275, 1,36, 84, 1, 38, 13,8, 0,34, 2,12, 14, 42, 94, 2,25, Off, Off, Off, Off, On, Off, On, Off, Off, Off, Off, Lean
453.781, 1262, 1,35, 84, 1, 38, 13,8, 0,34, 2,13, 14, 42, 94, 2,24, Off, Off, Off, Off, On, Off, On, Off, Off, Off, Off, Lean
453.859, 1262, 1,36, 84, 1, 38, 13,9, 0,34, 2,12, 14, 42, 94, 2,23, Off, Off, Off, Off, On, Off, On, Off, Off, Off, Off, Lean
453.906, 1250, 1,36, 84, 1, 40, 13,7, 0,34, 2,14, 14, 42, 94, 2,23, Off, Off, Off, Off, On, Off, On, Off, Off, Off, Off, Lean
453.968, 1250, 1,34, 84, 1, 40, 13,9, 0,34, 2,13, 14, 42, 94, 2,22, Off, Off, Off, Off, On, Off, On, Off, Off, Off, Off, Lean
454.015, 1250, 1,35, 84, 0, 40, 13,7, 0,34, 2,14, 14, 42, 94, 2,23, Off, Off, Off, Off, On, Off, On, Off, Off, Off, Off, Lean
454.062, 1250, 1,34, 84, 0, 40, 13,8, 0,34, 2,14, 13, 41, 94, 2,23, Off, Off, Off, Off, On, Off, On, Off, Off, Off, Off, Lean
454.125, 1250, 1,34, 84, 0, 40, 13,8, 0,34, 2,17, 13, 41, 94, 2,26, Off, Off, Off, Off, On, Off, On, Off, Off, Off, Off, Lean
454.171, 1225, 1,34, 84, 0, 40, 13,8, 0,34, 2,16, 13, 41, 94, 2,21, Off, Off, Off, Off, On, Off, On, Off, Off, Off, Off, Lean
454.234, 1225, 1,34, 84, 0, 40, 13,8, 0,34, 2,15, 13, 41, 94, 2,19, Off, Off, Off, Off, On, Off, On, Off, Off, Off, Off, Lean
454.281, 1212, 1,33, 84, 0, 40, 13,9, 0,34, 2,16, 13, 41, 94, 2,18, Off, Off, Off, Off, On, Off, On, Off, Off, Off, Off, Lean
454.328, 1200, 1,33, 84, 0, 40, 13,8, 0,34, 2,15, 13, 40, 94, 2,15, Off, Off, Off, Off, On, Off, On, Off, Off, Off, Off, Lean
454.390, 1225, 1,33, 84, 1, 40, 13,9, 0,34, 2,17, 13, 40, 94, 2,22, Off, Off, Off, Off, On, Off, On, Off, Off, Off, Off, Lean
454.437, 1200, 1,32, 84, 1, 40, 13,8, 0,34, 2,18, 13, 40, 94, 2,18, Off, Off, Off, Off, On, Off, On, Off, Off, Off, Off, Lean
454.500, 1200, 1,32, 84, 1, 40, 13,7, 0,34, 2,17, 13, 40, 94, 2,17, Off, Off, Off, Off, On, Off, On, Off, Off, Off, Off, Lean
454.546, 1188, 1,32, 84, 1, 40, 13,8, 0,34, 2,16, 13, 40, 94, 2,14, Off, Off, Off, Off, On, Off, On, Off, Off, Off, Off, Lean
454.593, 1200, 1,32, 84, 1, 42, 13,8, 0,34, 2,17, 13, 40, 94, 2,17, Off, Off, Off, Off, On, Off, On, Off, Off, Off, Off, Lean
454.656, 1200, 1,32, 84, 1, 42, 13,9, 0,34, 2,17, 13, 39, 94, 2,17, Off, Off, Off, Off, On, Off, On, Off, Off, Off, Off, Lean
454.703, 1162, 1,32, 84, 1, 42, 13,8, 0,34, 2,18, 13, 39, 94, 2,11, Off, Off, Off, Off, On, Off, On, Off, Off, Off, Off, Lean
454.765, 1188, 1,31, 84, 1, 42, 13,9, 0,34, 2,18, 13, 38, 94, 2,16, Off, Off, Off, Off, On, Off, On, Off, Off, Off, Off, Lean
454.812, 1188, 1,3, 84, 1, 42, 13,8, 0,34, 2,16, 13, 38, 94, 2,14, Off, Off, Off, Off, On, Off, On, Off, Off, Off, Off, Lean
454.859, 1162, 1,3, 84, 1, 42, 13,8, 0,34, 2,16, 13, 38, 94, 2,09, Off, Off, Off, Off, On, Off, On, Off, Off, Off, Off, Lean
454.906, 1188, 1,3, 84, 1, 42, 13,8, 0,34, 2,17, 13, 38, 94, 2,15, Off, Off, Off, Off, On, Off, On, Off, Off, Off, Off, Lean
454.953, 1188, 1,3, 84, 1, 42, 13,8, 0,34, 2,16, 13, 38, 94, 2,14, Off, Off, Off, Off, On, Off, On, Off, Off, Off, Off, Lean
455.000, 1150, 1,3, 84, 1, 42, 13,8, 0,34, 2,17, 13, 38, 94, 2,08, Off, Off, Off, Off, On, Off, On, Off, Off, Off, Off, Lean
455.046, 1162, 1,29, 84, 1, 42, 13,8, 0,34, 2,17, 13, 38, 94, 2,1, Off, Off, Off, Off, On, Off, On, Off, Off, Off, Off, Lean
455.109, 1150, 1,28, 84, 1, 42, 13,8, 0,34, 2,15, 13, 38, 94, 2,06, Off, Off, Off, Off, On, Off, On, Off, Off, Off, Off, Lean
455.156, 1112, 1,29, 84, 1, 42, 13,9, 0,34, 2,16, 13, 38, 94, 2, Off, Off, Off, Off, On, Off, On, Off, Off, Off, Off, Lean
455.234, 1138, 1,29, 84, 1, 42, 13,8, 0,34, 2,15, 13, 38, 94, 2,04, Off, Off, Off, Off, On, Off, On, Off, Off, Off, Off, Lean
455.281, 1138, 1,29, 84, 1, 42, 13,8, 0,34, 2,16, 13, 38, 94, 2,05, Off, Off, Off, Off, On, Off, On, Off, Off, Off, Off, Lean
455.328, 1150, 1,3, 84, 1, 44, 13,9, 0,34, 2,15, 13, 38, 94, 2,06, Off, Off, Off, Off, On, Off, On, Off, Off, Off, Off, Lean
455.390, 1138, 1,3, 84, 1, 44, 13,9, 0,34, 2,15, 13, 38, 94, 2,04, Off, Off, Off, Off, On, Off, On, Off, Off, Off, Off, Lean
455.453, 1112, 1,3, 84, 1, 44, 13,8, 0,34, 2,16, 13, 38, 94, 2, Off, Off, Off, Off, On, Off, On, Off, Off, Off, Off, Lean
455.515, 1112, 1,28, 84, 1, 44, 13,8, 0,34, 2,16, 13, 38, 94, 2, Off, Off, Off, Off, On, Off, On, Off, Off, Off, Off, Lean
455.562, 1112, 1,28, 84, 1, 44, 13,9, 0,34, 2,19, 13, 38, 94, 2,03, Off, Off, Off, Off, On, Off, On, Off, Off, Off, Off, Lean
455.625, 1100, 1,28, 84, 1, 44, 13,8, 0,34, 2,2, 13, 38, 94, 2,02, Off, Off, Off, Off, On, Off, On, Off, Off, Off, Off, Lean
455.671, 1100, 1,28, 84, 0, 44, 13,7, 0,34, 2,19, 13, 38, 94, 2,01, Off, Off, Off, Off, On, Off, On, Off, Off, Off, Off, Lean
455.718, 1100, 1,28, 84, 0, 44, 13,7, 0,34, 2,2, 13, 38, 94, 2,02, Off, Off, Off, Off, On, Off, On, Off, Off, Off, Off, Lean
455.765, 1100, 1,28, 84, 0, 44, 13,8, 0,34, 2,21, 13, 38, 94, 2,03, Off, Off, Off, Off, On, Off, On, Off, Off, Off, Off, Lean
455.828, 1088, 1,28, 84, 0, 44, 13,7, 0,34, 2,21, 13, 38, 94, 2, Off, Off, Off, Off, On, Off, On, Off, Off, Off, Off, Lean
455.906, 1088, 1,28, 84, 0, 44, 13,7, 0,34, 2,22, 13, 38, 94, 2,01, Off, Off, Off, Off, On, Off, On, Off, Off, Off, Off, Lean
455.953, 1062, 1,28, 84, 0, 44, 13,7, 0,34, 2,22, 13, 38, 94, 1,96, Off, Off, Off, Off, On, Off, On, Off, Off, Off, Off, Lean
456.015, 1062, 1,28, 84, 0, 44, 13,8, 0,34, 2,22, 13, 38, 94, 1,96, Off, Off, Off, Off, On, Off, On, Off, Off, Off, Off, Lean
456.078, 1050, 1,28, 84, 0, 44, 13,7, 0,34, 2,22, 13, 38, 94, 1,94, Off, Off, Off, Off, On, Off, On, Off, Off, Off, Off, Lean
456.125, 1050, 1,28, 84, 0, 44, 13,8, 0,34, 2,23, 13, 38, 94, 1,95, Off, Off, Off, Off, On, Off, On, Off, Off, Off, Off, Lean
456.187, 1050, 1,28, 84, 0, 44, 13,8, 0,34, 2,24, 13, 38, 94, 1,96, Off, Off, Off, Off, On, Off, On, Off, Off, Off, Off, Lean
456.234, 1050, 1,28, 84, 0, 44, 13,7, 0,34, 2,24, 13, 38, 94, 1,96, Off, Off, Off, Off, On, Off, On, Off, Off, Off, Off, Lean
456.296, 1062, 1,28, 84, 0, 44, 13,8, 0,34, 2,26, 13, 38, 94, 2, Off, Off, Off, Off, On, Off, On, Off, Off, Off, Off, Lean
456.343, 1050, 1,28, 84, 0, 44, 13,8, 0,34, 2,26, 13, 38, 94, 1,98, Off, Off, Off, Off, On, Off, On, Off, Off, Off, Off, Lean
456.390, 1038, 1,28, 84, 0, 44, 13,7, 0,34, 2,26, 13, 38, 94, 1,95, Off, Off, Off, Off, On, Off, On, Off, Off, Off, Off, Lean
456.437, 1038, 1,28, 84, 0, 44, 13,8, 0,34, 2,26, 13, 38, 94, 1,95, Off, Off, Off, Off, On, Off, On, Off, Off, Off, Off, Lean
456.500, 1050, 1,28, 84, 0, 44, 13,7, 0,34, 2,28, 13, 38, 94, 2, Off, Off, Off, Off, On, Off, On, Off, Off, Off, Off, Lean
456.546, 1038, 1,28, 84, 0, 44, 13,8, 0,34, 2,28, 13, 38, 94, 1,97, Off, Off, Off, Off, On, Off, On, Off, Off, Off, Off, Lean
456.609, 1038, 1,28, 84, 0, 44, 13,7, 0,34, 2,29, 13, 38, 94, 1,98, Off, Off, Off, Off, On, Off, On, Off, Off, Off, Off, Lean
456.671, 1050, 1,27, 84, 0, 44, 13,8, 0,34, 2,3, 13, 38, 94, 2,01, Off, Off, Off, Off, On, Off, On, Off, Off, Off, Off, Lean
456.718, 1038, 1,27, 84, 0, 44, 13,8, 0,34, 2,3, 13, 38, 94, 1,99, Off, Off, Off, Off, On, Off, On, Off, Off, Off, Off, Lean
456.781, 1038, 1,28, 84, 0, 44, 13,7, 0,34, 2,3, 13, 38, 94, 1,99, Off, Off, Off, Off, On, Off, On, Off, Off, Off, Off, Lean
456.828, 1038, 1,28, 84, 0, 44, 13,8, 0,34, 2,3, 13, 38, 94, 1,99, Off, Off, Off, Off, On, Off, On, Off, Off, Off, Off, Lean
456.875, 1038, 1,28, 84, 0, 44, 13,8, 0,34, 2,29, 13, 38, 94, 1,98, Off, Off, Off, Off, On, Off, On, Off, Off, Off, Off, Lean
456.937, 1025, 1,28, 84, 0, 44, 13,7, 0,34, 2,3, 13, 38, 94, 1,96, Off, Off, Off, Off, On, Off, On, Off, Off, Off, Off, Lean
456.984, 1038, 1,28, 84, 0, 44, 13,8, 0,34, 2,28, 13, 38, 94, 1,97, Off, Off, Off, Off, On, Off, On, Off, Off, Off, Off, Lean
457.031, 1025, 1,28, 84, 0, 44, 13,8, 0,34, 2,3, 13, 38, 94, 1,96, Off, Off, Off, Off, On, Off, On, Off, Off, Off, Off, Lean
457.093, 1038, 1,28, 84, 0, 44, 13,8, 0,34, 2,31, 13, 38, 94, 2, Off, Off, Off, Off, On, Off, On, Off, Off, Off, Off, Lean
457.140, 1050, 1,27, 84, 0, 44, 13,8, 0,34, 2,31, 13, 38, 94, 2,02, Off, Off, Off, Off, On, Off, On, Off, Off, Off, Off, Lean
457.187, 1038, 1,28, 84, 0, 44, 13,7, 0,34, 2,31, 13, 38, 94, 2, Off, Off, Off, Off, On, Off, On, Off, Off, Off, Off, Lean
457.250, 1050, 1,27, 84, 0, 44, 13,8, 0,34, 2,31, 13, 38, 94, 2,02, Off, Off, Off, Off, On, Off, On, Off, Off, Off, Off, Lean
457.312, 1038, 1,28, 84, 0, 44, 13,8, 0,34, 2,32, 13, 38, 94, 2,01, Off, Off, Off, Off, On, Off, On, Off, Off, Off, Off, Lean
457.343, 1025, 1,27, 84, 0, 44, 13,8, 0,34, 2,33, 13, 38, 94, 1,99, Off, Off, Off, Off, On, Off, On, Off, Off, Off, Off, Lean
457.421, 1025, 1,28, 84, 0, 44, 13,7, 0,34, 2,33, 13, 38, 94, 1,99, Off, Off, Off, Off, On, Off, On, Off, Off, Off, Off, Lean
457.468, 1025, 1,28, 84, 0, 42, 13,8, 0,34, 2,33, 13, 38, 94, 1,99, Off, Off, Off, Off, On, Off, On, Off, Off, Off, Off, Lean
457.515, 1025, 1,28, 84, 1, 42, 13,8, 0,34, 2,33, 13, 38, 94, 1,99, Off, Off, Off, Off, On, Off, On, Off, Off, Off, Off, Lean
457.578, 1025, 1,28, 84, 1, 42, 13,7, 0,34, 2,32, 13, 38, 94, 1,98, Off, Off, Off, Off, On, Off, On, Off, Off, Off, Off, Lean
457.625, 1025, 1,28, 84, 1, 42, 13,7, 0,34, 2,34, 13, 38, 94, 2, Off, Off, Off, Off, On, Off, On, Off, Off, Off, Off, Lean
457.671, 1038, 1,27, 84, 1, 42, 13,8, 0,34, 2,35, 13, 38, 94, 2,03, Off, Off, Off, Off, On, Off, On, Off, Off, Off, Off, Lean
457.718, 1025, 1,27, 84, 0, 42, 13,6, 0,34, 2,35, 13, 38, 94, 2,01, Off, Off, Off, Off, On, Off, On, Off, Off, Off, Off, Lean
457.765, 1025, 1,28, 84, 1, 42, 13,6, 0,34, 2,35, 13, 38, 94, 2,01, Off, Off, Off, Off, On, Off, On, Off, Off, Off, Off, Lean
457.812, 1038, 1,28, 84, 1, 42, 13,7, 0,34, 2,36, 13, 38, 94, 2,04, Off, Off, Off, Off, On, Off, On, Off, Off, Off, Off, Lean
457.875, 1025, 1,28, 84, 0, 42, 13,8, 0,34, 2,36, 13, 38, 94, 2,02, Off, Off, Off, Off, On, Off, On, Off, Off, Off, Off, Lean
457.921, 1025, 1,28, 84, 0, 42, 13,8, 0,34, 2,35, 13, 38, 94, 2,01, Off, Off, Off, Off, On, Off, On, Off, Off, Off, Off, Lean
457.968, 1025, 1,28, 84, 0, 42, 13,6, 0,34, 2,36, 13, 38, 94, 2,02, Off, Off, Off, Off, On, Off, On, Off, Off, Off, Off, Lean
458.046, 1025, 1,28, 84, 0, 42, 13,8, 0,34, 2,36, 13, 38, 94, 2,02, Off, Off, Off, Off, On, Off, On, Off, Off, Off, Off, Lean
458.109, 1025, 1,28, 84, 1, 42, 13,8, 0,34, 2,37, 13, 38, 94, 2,02, Off, Off, Off, Off, On, Off, On, Off, Off, Off, Off, Lean
458.156, 1025, 1,28, 84, 1, 36, 13,8, 0,34, 2,35, 13, 38, 94, 2,01, Off, Off, Off, Off, On, Off, On, Off, Off, Off, Off, Lean
458.218, 1000, 1,28, 84, 1, 36, 13,8, 0,34, 2,35, 13, 38, 94, 1,96, Off, Off, Off, Off, On, Off, On, Off, Off, Off, Off, Lean
458.265, 1025, 1,29, 84, 0, 36, 13,8, 0,34, 2,36, 13, 38, 94, 2,02, Off, Off, Off, Off, On, Off, On, Off, Off, Off, Off, Lean
458.312, 1025, 1,28, 84, 1, 36, 13,8, 0,34, 2,39, 13, 38, 94, 2,04, Off, Off, Off, Off, On, Off, On, Off, Off, Off, Off, Lean
458.375, 1025, 1,28, 84, 1, 36, 13,8, 0,34, 2,39, 13, 38, 94, 2,04, Off, Off, Off, Off, On, Off, On, Off, Off, Off, Off, Lean
458.421, 1000, 1,28, 84, 1, 36, 13,8, 0,34, 2,38, 13, 38, 94, 1,98, Off, Off, Off, Off, On, Off, On, Off, Off, Off, Off, Lean
458.468, 1000, 1,29, 84, 1, 36, 13,7, 0,34, 2,38, 13, 38, 94, 1,98, Off, Off, Off, Off, On, Off, On, Off, Off, Off, Off, Lean
458.531, 1000, 1,28, 84, 1, 36, 13,8, 0,34, 2,39, 13, 38, 94, 1,99, Off, Off, Off, Off, On, Off, On, Off, Off, Off, Off, Lean
458.578, 988, 1,28, 84, 1, 36, 13,8, 0,34, 2,41, 13, 38, 94, 1,98, Off, Off, Off, Off, On, Off, On, Off, Off, Off, Off, Lean
458.625, 1025, 1,29, 84, 1, 36, 13,8, 0,34, 2,41, 13, 38, 94, 2,06, Off, Off, Off, Off, On, Off, On, Off, Off, Off, Off, Lean
458.671, 1000, 1,28, 84, 1, 36, 13,8, 0,34, 2,4, 13, 38, 94, 2, Off, Off, Off, Off, On, Off, On, Off, Off, Off, Off, Lean
458.734, 1000, 1,28, 84, 1, 36, 13,8, 0,34, 2,39, 13, 38, 94, 1,99, Off, Off, Off, Off, On, Off, On, Off, Off, Off, Off, Lean
458.796, 1000, 1,28, 84, 1, 36, 13,7, 0,34, 2,4, 13, 38, 94, 2, Off, Off, Off, Off, On, Off, On, Off, Off, Off, Off, Lean
458.843, 1000, 1,28, 84, 1, 34, 13,8, 0,34, 2,39, 13, 38, 94, 1,99, Off, Off, Off, Off, On, Off, On, Off, Off, Off, Off, Lean
458.906, 1000, 1,28, 84, 1, 34, 13,8, 0,34, 2,39, 13, 38, 94, 1,99, Off, Off, Off, Off, On, Off, On, Off, Off, Off, Off, Lean
458.968, 988, 1,28, 84, 1, 34, 13,8, 0,34, 2,41, 13, 38, 94, 1,98, Off, Off, Off, Off, On, Off, On, Off, Off, Off, Off, Lean
459.015, 1000, 1,28, 84, 0, 34, 13,8, 0,34, 2,4, 13, 38, 94, 2, Off, Off, Off, Off, On, Off, On, Off, Off, Off, Off, Lean
459.062, 1025, 1,28, 84, 1, 34, 13,8, 0,34, 2,4, 13, 38, 94, 2,05, Off, Off, Off, Off, On, Off, On, Off, Off, Off, Off, Lean
459.125, 1000, 1,28, 84, 1, 34, 13,8, 0,34, 2,41, 13, 38, 94, 2,01, Off, Off, Off, Off, On, Off, On, Off, Off, Off, Off, Lean
459.171, 1000, 1,28, 84, 1, 34, 13,7, 0,34, 2,39, 13, 38, 94, 1,99, Off, Off, Off, Off, On, Off, On, Off, Off, Off, Off, Lean
459.218, 988, 1,28, 84, 1, 34, 13,7, 0,34, 2,41, 13, 38, 94, 1,98, Off, Off, Off, Off, On, Off, On, Off, Off, Off, Off, Lean
459.281, 1000, 1,27, 84, 1, 34, 13,8, 0,34, 2,4, 13, 38, 94, 2, Off, Off, Off, Off, On, Off, On, Off, Off, Off, Off, Lean
459.328, 988, 1,28, 84, 1, 34, 13,8, 0,34, 2,42, 13, 38, 94, 1,99, Off, Off, Off, Off, On, Off, On, Off, Off, Off, Off, Lean
459.406, 1025, 1,28, 84, 1, 34, 13,8, 0,34, 2,42, 13, 38, 94, 2,07, Off, Off, Off, Off, On, Off, On, Off, Off, Off, Off, Lean
459.453, 1025, 1,27, 84, 1, 34, 13,7, 0,34, 2,41, 13, 38, 94, 2,06, Off, Off, Off, Off, On, Off, On, Off, Off, Off, Off, Lean
459.500, 1000, 1,27, 84, 1, 34, 13,8, 0,34, 2,41, 13, 38, 94, 2,01, Off, Off, Off, Off, On, Off, On, Off, Off, Off, Off, Lean
459.562, 1000, 1,28, 84, 1, 30, 13,8, 0,34, 2,4, 13, 38, 94, 2, Off, Off, Off, Off, On, Off, On, Off, Off, Off, Off, Lean
459.609, 1000, 1,28, 84, 0, 30, 13,8, 0,34, 2,42, 13, 38, 94, 2,02, Off, Off, Off, Off, On, Off, On, Off, Off, Off, Off, Lean
459.656, 1025, 1,28, 84, 0, 30, 13,8, 0,34, 2,41, 13, 38, 94, 2,06, Off, Off, Off, Off, On, Off, On, Off, Off, Off, Off, Lean
459.718, 1000, 1,28, 84, 1, 30, 13,7, 0,34, 2,4, 13, 38, 94, 2, Off, Off, Off, Off, On, Off, On, Off, Off, Off, Off, Lean
459.765, 1025, 1,28, 84, 0, 30, 13,6, 0,34, 2,4, 13, 38, 94, 2,05, Off, Off, Off, Off, On, Off, On, Off, Off, Off, Off, Lean
459.812, 1025, 1,28, 84, 0, 30, 13,7, 0,34, 2,41, 13, 38, 94, 2,06, Off, Off, Off, Off, On, Off, On, Off, Off, Off, Off, Lean
459.875, 1000, 1,28, 84, 1, 30, 13,7, 0,34, 2,41, 13, 38, 94, 2,01, Off, Off, Off, Off, On, Off, On, Off, Off, Off, Off, Lean
459.921, 1000, 1,28, 84, 1, 30, 13,7, 0,34, 2,39, 13, 38, 94, 1,99, Off, Off, Off, Off, On, Off, On, Off, Off, Off, Off, Lean
459.968, 1025, 1,27, 84, 1, 30, 13,5, 0,34, 2,4, 13, 38, 94, 2,05, Off, Off, Off, Off, On, Off, On, Off, Off, Off, Off, Lean
460.031, 1025, 1,27, 84, 1, 30, 13,7, 0,34, 2,4, 13, 38, 94, 2,05, Off, Off, Off, Off, On, Off, On, Off, Off, Off, Off, Lean
460.109, 1038, 1,28, 84, 0, 30, 13,8, 0,34, 2,39, 13, 38, 94, 2,07, Off, Off, Off, Off, On, Off, On, Off, Off, Off, Off, Lean
460.156, 1025, 1,28, 84, 1, 30, 13,8, 0,34, 2,39, 13, 38, 94, 2,04, Off, Off, Off, Off, On, Off, On, Off, Off, Off, Off, Lean
460.203, 1025, 1,28, 84, 1, 30, 13,7, 0,34, 2,37, 13, 38, 94, 2,02, Off, Off, Off, Off, On, Off, On, Off, Off, Off, Off, Lean
460.265, 1025, 1,28, 84, 1, 28, 13,8, 0,34, 2,37, 13, 38, 94, 2,02, Off, Off, Off, Off, On, Off, On, Off, Off, Off, Off, Lean
460.328, 1025, 1,28, 84, 1, 28, 13,8, 0,34, 2,35, 13, 38, 94, 2,01, Off, Off, Off, Off, On, Off, On, Off, Off, Off, Off, Lean
460.375, 1038, 1,28, 84, 1, 28, 13,8, 0,34, 2,34, 13, 38, 94, 2,02, Off, Off, Off, Off, On, Off, On, Off, Off, Off, Off, Lean
460.421, 1038, 1,28, 84, 1, 28, 13,9, 0,34, 2,37, 13, 38, 94, 2,05, Off, Off, Off, Off, On, Off, On, Off, Off, Off, Off, Lean
460.484, 1050, 1,29, 84, 0, 28, 13,9, 0,34, 2,36, 13, 38, 94, 2,06, Off, Off, Off, Off, On, Off, On, Off, Off, Off, Off, Lean
460.531, 1038, 1,29, 84, 1, 28, 13,8, 0,34, 2,35, 13, 38, 94, 2,03, Off, Off, Off, Off, On, Off, On, Off, Off, Off, Off, Lean
460.578, 1050, 1,29, 84, 1, 28, 13,9, 0,34, 2,37, 13, 38, 94, 2,07, Off, Off, Off, Off, On, Off, On, Off, Off, Off, Off, Lean
460.640, 1038, 1,3, 84, 1, 28, 13,7, 0,34, 2,36, 13, 38, 94, 2,04, Off, Off, Off, Off, On, Off, On, Off, Off, Off, Off, Lean
460.687, 1050, 1,29, 84, 0, 28, 13,9, 0,34, 2,37, 13, 38, 94, 2,07, Off, Off, Off, Off, On, Off, On, Off, Off, Off, Off, Lean
460.734, 1062, 1,28, 84, 0, 28, 13,9, 0,34, 2,34, 13, 38, 94, 2,07, Off, Off, Off, Off, On, Off, On, Off, Off, Off, Off, Lean
460.812, 1050, 1,29, 84, 0, 28, 13,9, 0,34, 2,34, 13, 38, 94, 2,05, Off, Off, Off, Off, On, Off, On, Off, Off, Off, Off, Lean
460.859, 1062, 1,32, 84, 1, 28, 13,9, 0,38, 2,34, 13, 38, 94, 2,07, Off, Off, Off, Off, On, Off, On, Off, Off, Off, Off, Lean
460.906, 1062, 1,34, 84, 1, 28, 13,9, 0,36, 2,36, 13, 38, 94, 2,09, Off, Off, Off, Off, On, Off, On, Off, Off, Off, Off, Lean
460.968, 1038, 1,3, 84, 1, 28, 13,9, 0,34, 2,39, 13, 38, 94, 2,07, Off, Off, Off, Off, On, Off, On, Off, Off, Off, Off, Lean
461.015, 1050, 1,28, 84, 1, 28, 13,9, 0,34, 2,37, 13, 38, 94, 2,07, Off, Off, Off, Off, On, Off, On, Off, Off, Off, Off, Lean
461.062, 1050, 1,29, 84, 1, 28, 13,9, 0,34, 2,36, 13, 38, 94, 2,06, Off, Off, Off, Off, On, Off, On, Off, Off, Off, Off, Lean
461.125, 1062, 1,29, 84, 1, 28, 13,9, 0,36, 2,35, 13, 38, 94, 2,08, Off, Off, Off, Off, On, Off, On, Off, Off, Off, Off, Lean
461.171, 1050, 1,36, 84, 1, 28, 13,9, 0,44, 2,4, 17, 38, 100, 2,1, Off, Off, Off, Off, Off, Off, On, Off, Off, Off, Off, Lean
461.234, 1062, 1,56, 84, 1, 28, 13,9, 0,48, 3,32, 25, 38, 100, 2,94, Off, Off, Off, Off, Off, Off, On, Off, Off, Off, Off, Lean
461.281, 1100, 1,54, 84, 1, 28, 13,8, 0,44, 3,13, 26, 38, 100, 2,87, Off, Off, Off, Off, Off, Off, On, Off, Off, Off, Off, Lean
461.343, 1138, 1,5, 84, 1, 28, 13,8, 0,44, 3,1, 28, 38, 100, 2,94, Off, Off, Off, Off, Off, Off, On, Off, Off, Off, Off, Lean
461.406, 1188, 1,52, 84, 1, 28, 13,7, 0,46, 3,15, 32, 38, 100, 3,12, Off, Off, Off, Off, Off, Off, On, Off, Off, Off, Off, Lean
461.453, 1200, 1,54, 84, 2, 28, 13,8, 0,46, 3,16, 33, 38, 100, 3,16, Off, Off, Off, Off, Off, Off, On, Off, Off, Off, Off, Lean
461.531, 1225, 1,53, 84, 2, 28, 13,8, 0,46, 3,16, 33, 38, 100, 3,23, Off, Off, Off, Off, Off, Off, On, Off, Off, Off, Off, Lean
461.578, 1250, 1,53, 84, 68, 28, 13,8, 0,46, 3,15, 33, 38, 100, 3,28, Off, Off, Off, Off, Off, Off, On, Off, Off, Off, Off, Lean
461.640, 1275, 1,53, 84, 77, 28, 13,8, 0,46, 3,16, 33, 38, 100, 3,36, Off, Off, Off, Off, Off, Off, On, Off, Off, Off, Off, Lean
461.687, 1275, 1,54, 84, 80, 30, 13,8, 0,46, 3,12, 33, 38, 100, 3,31, Off, Off, Off, Off, Off, Off, On, Off, Off, Off, Off, Lean
461.734, 1300, 1,54, 84, 81, 30, 13,8, 0,46, 3,09, 33, 38, 100, 3,35, Off, Off, Off, Off, Off, Off, On, Off, Off, Off, Off, Lean
461.796, 1275, 1,55, 84, 82, 30, 13,9, 0,46, 3,09, 33, 38, 100, 3,28, Off, Off, Off, Off, Off, Off, On, Off, Off, Off, Off, Lean
461.843, 1275, 1,55, 84, 84, 30, 13,8, 0,46, 3,08, 34, 38, 100, 3,27, Off, Off, Off, Off, Off, Off, On, Off, Off, Off, Off, Lean
461.906, 1312, 1,54, 84, 84, 30, 13,8, 0,46, 3,05, 34, 38, 100, 3,33, Off, Off, Off, Off, Off, Off, On, Off, Off, Off, Off, Lean
461.953, 1300, 1,55, 84, 84, 30, 13,8, 0,46, 3,04, 34, 38, 100, 3,29, Off, Off, Off, Off, Off, Off, On, Off, Off, Off, Off, Lean
462.000, 1312, 1,55, 84, 84, 30, 13,8, 0,46, 3,05, 34, 38, 100, 3,33, Off, Off, Off, Off, Off, Off, On, Off, Off, Off, Off, Lean
462.062, 1312, 1,56, 84, 83, 30, 13,9, 0,5, 3,01, 34, 38, 100, 3,29, Off, Off, Off, Off, Off, Off, On, Off, Off, Off, Off, Lean
462.109, 1325, 1,71, 84, 83, 30, 13,8, 0,6, 3,97, 30, 38, 100, 4,38, Off, Off, Off, Off, Off, Off, On, Off, Off, Off, Off, Lean
462.156, 1350, 1,82, 84, 83, 30, 13,8, 0,56, 3,96, 29, 38, 100, 4,45, Off, Off, Off, Off, Off, Off, On, Off, Off, Off, Off, Rich
462.234, 1375, 1,74, 84, 83, 30, 13,8, 0,54, 3,78, 30, 38, 100, 4,33, Off, Off, Off, Off, Off, Off, On, Off, Off, Off, Off, Rich
462.281, 1375, 1,76, 84, 86, 30, 13,8, 0,56, 3,9, 30, 38, 100, 4,47, Off, Off, Off, Off, Off, Off, On, Off, Off, Off, Off, Rich
462.343, 1388, 1,72, 84, 86, 30, 13,8, 0,48, 3,74, 30, 38, 100, 4,33, Off, Off, Off, Off, Off, Off, On, Off, Off, Off, Off, Rich
462.390, 1412, 1,56, 84, 88, 34, 13,9, 0,44, 3,34, 31, 38, 100, 3,93, Off, Off, Off, Off, Off, Off, On, Off, Off, Off, Off, Rich
462.453, 1412, 1,55, 84, 88, 34, 13,8, 0,46, 3,22, 32, 38, 100, 3,79, Off, Off, Off, Off, Off, Off, On, Off, Off, Off, Off, Rich
462.484, 1388, 1,54, 84, 88, 34, 13,9, 0,46, 3,08, 32, 38, 100, 3,56, Off, Off, Off, Off, Off, Off, On, Off, Off, Off, Off, Rich
462.562, 1388, 1,54, 84, 88, 34, 13,8, 0,46, 3,03, 33, 38, 100, 3,5, Off, Off, Off, Off, Off, Off, On, Off, Off, Off, Off, Rich
462.625, 1412, 1,52, 84, 87, 34, 13,8, 0,4, 2,91, 34, 38, 100, 3,42, Off, Off, Off, Off, Off, Off, On, Off, Off, Off, Off, Rich
462.687, 1412, 1,43, 84, 86, 34, 13,9, 0,4, 2,7, 35, 38, 100, 3,18, Off, Off, Off, Off, Off, Off, On, Off, Off, Off, Off, Rich
462.750, 1388, 1,44, 84, 86, 34, 13,8, 0,4, 2,6, 32, 38, 100, 3,01, Off, Off, Off, Off, Off, Off, On, Off, Off, Off, Off, Rich
462.796, 1362, 1,44, 84, 85, 34, 13,8, 0,4, 2,51, 31, 38, 100, 2,85, Off, Off, Off, Off, Off, Off, On, Off, Off, Off, Off, Rich
462.843, 1375, 1,43, 84, 83, 34, 13,9, 0,4, 2,49, 30, 38, 100, 2,85, Off, Off, Off, Off, Off, Off, On, Off, Off, Off, Off, Rich
462.906, 1375, 1,43, 84, 82, 34, 13,9, 0,4, 2,47, 29, 38, 100, 2,83, Off, Off, Off, Off, Off, Off, On, Off, Off, Off, Off, Rich
462.968, 1375, 1,4, 84, 79, 34, 13,9, 0,36, 2,39, 27, 47, 100, 2,74, Off, Off, Off, Off, On, Off, On, Off, Off, Off, Off, Rich
463.015, 1388, 1,41, 84, 75, 34, 13,9, 0,36, 2,33, 22, 47, 100, 2,7, Off, Off, Off, Off, On, Off, On, Off, Off, Off, Off, Rich
463.078, 1362, 1,42, 84, 73, 34, 13,9, 0,36, 2,32, 19, 47, 100, 2,63, Off, Off, Off, Off, On, Off, On, Off, Off, Off, Off, Rich
463.125, 1362, 1,4, 84, 70, 34, 13,9, 0,34, 2,32, 16, 47, 100, 2,63, Off, Off, Off, Off, On, Off, On, Off, Off, Off, Off, Rich
463.171, 1350, 1,4, 84, 59, 34, 13,8, 0,34, 2,29, 16, 46, 100, 2,58, Off, Off, Off, Off, On, Off, On, Off, Off, Off, Off, Rich
463.234, 1350, 1,4, 84, 34, 34, 13,8, 0,34, 2,29, 16, 46, 96, 2,58, Off, Off, Off, Off, On, Off, On, Off, Off, Off, Off, Lean
463.265, 1325, 1,4, 84, 8, 34, 13,8, 0,34, 2,31, 16, 46, 96, 2,55, Off, Off, Off, Off, On, Off, On, Off, Off, Off, Off, Lean
463.343, 1350, 1,4, 84, 5, 34, 13,8, 0,34, 2,29, 16, 46, 96, 2,58, Off, Off, Off, Off, On, Off, On, Off, Off, Off, Off, Lean
463.390, 1350, 1,4, 84, 4, 34, 13,9, 0,34, 2,33, 16, 45, 96, 2,62, Off, Off, Off, Off, On, Off, On, Off, Off, Off, Off, Lean
463.437, 1350, 1,4, 84, 3, 34, 13,8, 0,34, 2,3, 16, 45, 96, 2,59, Off, Off, Off, Off, On, Off, On, Off, Off, Off, Off, Lean
463.500, 1362, 1,38, 84, 2, 34, 13,8, 0,34, 2,28, 16, 45, 96, 2,59, Off, Off, Off, Off, On, Off, On, Off, Off, Off, Off, Lean
463.546, 1350, 1,38, 84, 1, 34, 13,8, 0,34, 2,28, 16, 45, 96, 2,57, Off, Off, Off, Off, On, Off, On, Off, Off, Off, Off, Lean
463.625, 1350, 1,38, 84, 2, 34, 13,8, 0,34, 2,28, 16, 45, 96, 2,57, Off, Off, Off, Off, On, Off, On, Off, Off, Off, Off, Lean
463.671, 1362, 1,38, 84, 1, 34, 13,8, 0,34, 2,29, 16, 44, 96, 2,6, Off, Off, Off, Off, On, Off, On, Off, Off, Off, Off, Lean
463.718, 1325, 1,38, 84, 1, 34, 13,7, 0,34, 2,27, 16, 44, 96, 2,51, Off, Off, Off, Off, On, Off, On, Off, Off, Off, Off, Lean
463.781, 1325, 1,37, 84, 1, 38, 13,8, 0,34, 2,26, 15, 44, 96, 2,5, Off, Off, Off, Off, On, Off, On, Off, Off, Off, Off, Lean
463.828, 1325, 1,36, 84, 1, 38, 13,9, 0,34, 2,24, 15, 44, 96, 2,47, Off, Off, Off, Off, On, Off, On, Off, Off, Off, Off, Lean
463.875, 1312, 1,36, 84, 1, 38, 13,9, 0,34, 2,23, 15, 44, 96, 2,44, Off, Off, Off, Off, On, Off, On, Off, Off, Off, Off, Lean
463.921, 1300, 1,37, 84, 1, 38, 14, 0,34, 2,25, 15, 43, 96, 2,44, Off, Off, Off, Off, On, Off, On, Off, Off, Off, Off, Lean
463.984, 1300, 1,36, 84, 1, 38, 13,9, 0,34, 2,24, 15, 43, 96, 2,43, Off, Off, Off, Off, On, Off, On, Off, Off, Off, Off, Lean
464.046, 1300, 1,36, 84, 1, 38, 13,9, 0,34, 2,24, 15, 43, 96, 2,43, Off, Off, Off, Off, On, Off, On, Off, Off, Off, Off, Lean
464.093, 1312, 1,36, 84, 0, 38, 13,9, 0,34, 2,26, 15, 42, 96, 2,47, Off, Off, Off, Off, On, Off, On, Off, Off, Off, Off, Lean
464.156, 1300, 1,36, 84, 1, 38, 13,9, 0,34, 2,25, 15, 42, 96, 2,44, Off, Off, Off, Off, On, Off, On, Off, Off, Off, Off, Lean
464.218, 1300, 1,34, 84, 1, 38, 13,9, 0,34, 2,24, 14, 42, 96, 2,43, Off, Off, Off, Off, On, Off, On, Off, Off, Off, Off, Lean
464.281, 1275, 1,34, 84, 1, 38, 13,4, 0,34, 2,32, 15, 42, 96, 2,46, Off, Off, Off, Off, On, Off, On, Off, Off, Off, Off, Lean
464.343, 1262, 1,33, 84, 1, 38, 13,8, 0,34, 2,23, 14, 42, 96, 2,35, Off, Off, Off, Off, On, Off, On, Off, Off, Off, Off, Lean
464.390, 1275, 1,34, 84, 1, 38, 13,8, 0,34, 2,23, 14, 42, 96, 2,37, Off, Off, Off, Off, On, Off, On, Off, Off, Off, Off, Lean
464.437, 1262, 1,34, 84, 1, 38, 13,8, 0,34, 2,23, 14, 42, 96, 2,35, Off, Off, Off, Off, On, Off, On, Off, Off, Off, Off, Lean
464.484, 1250, 1,34, 84, 1, 40, 13,8, 0,34, 2,26, 14, 41, 96, 2,35, Off, Off, Off, Off, On, Off, On, Off, Off, Off, Off, Lean
464.531, 1262, 1,34, 84, 1, 40, 13,9, 0,34, 2,24, 14, 41, 96, 2,36, Off, Off, Off, Off, On, Off, On, Off, Off, Off, Off, Lean
464.578, 1275, 1,34, 84, 1, 40, 13,9, 0,34, 2,24, 14, 41, 96, 2,38, Off, Off, Off, Off, On, Off, On, Off, Off, Off, Off, Lean
464.640, 1250, 1,33, 84, 1, 40, 13,9, 0,34, 2,23, 14, 41, 96, 2,32, Off, Off, Off, Off, On, Off, On, Off, Off, Off, Off, Lean
464.703, 1250, 1,33, 84, 1, 40, 13,9, 0,34, 2,24, 14, 41, 96, 2,33, Off, Off, Off, Off, On, Off, On, Off, Off, Off, Off, Lean
464.750, 1225, 1,33, 84, 1, 40, 13,6, 0,34, 2,25, 13, 40, 96, 2,3, Off, Off, Off, Off, On, Off, On, Off, Off, Off, Off, Lean
464.812, 1225, 1,32, 84, 1, 40, 13,8, 0,34, 2,25, 13, 40, 96, 2,3, Off, Off, Off, Off, On, Off, On, Off, Off, Off, Off, Lean
464.859, 1212, 1,31, 84, 1, 40, 13,7, 0,34, 2,24, 13, 40, 96, 2,26, Off, Off, Off, Off, On, Off, On, Off, Off, Off, Off, Lean
464.906, 1225, 1,31, 84, 2, 40, 13,8, 0,34, 2,24, 13, 40, 96, 2,29, Off, Off, Off, Off, On, Off, On, Off, Off, Off, Off, Lean
464.984, 1212, 1,32, 84, 2, 40, 13,6, 0,34, 2,24, 13, 40, 96, 2,26, Off, Off, Off, Off, On, Off, On, Off, Off, Off, Off, Lean
465.031, 1212, 1,3, 84, 2, 40, 13,8, 0,34, 2,26, 13, 39, 96, 2,28, Off, Off, Off, Off, On, Off, On, Off, Off, Off, Off, Lean
465.078, 1188, 1,3, 84, 2, 40, 13,8, 0,34, 2,25, 13, 39, 96, 2,23, Off, Off, Off, Off, On, Off, On, Off, Off, Off, Off, Lean
465.140, 1188, 1,3, 84, 2, 40, 13,8, 0,34, 2,26, 13, 39, 96, 2,24, Off, Off, Off, Off, On, Off, On, Off, Off, Off, Off, Lean
465.187, 1188, 1,3, 84, 1, 40, 13,8, 0,34, 2,25, 13, 38, 96, 2,23, Off, Off, Off, Off, On, Off, On, Off, Off, Off, Off, Lean
465.234, 1188, 1,29, 84, 1, 40, 13,6, 0,34, 2,25, 13, 38, 96, 2,23, Off, Off, Off, Off, On, Off, On, Off, Off, Off, Off, Lean
465.296, 1188, 1,28, 84, 1, 40, 13,7, 0,34, 2,25, 13, 38, 96, 2,23, Off, Off, Off, Off, On, Off, On, Off, Off, Off, Off, Lean
465.343, 1188, 1,28, 84, 1, 40, 13,8, 0,34, 2,25, 13, 38, 96, 2,23, Off, Off, Off, Off, On, Off, On, Off, Off, Off, Off, Lean
465.390, 1162, 1,28, 84, 1, 40, 13,8, 0,34, 2,25, 13, 38, 96, 2,18, Off, Off, Off, Off, On, Off, On, Off, Off, Off, Off, Lean
465.453, 1162, 1,28, 84, 1, 40, 13,8, 0,34, 2,25, 13, 38, 96, 2,18, Off, Off, Off, Off, On, Off, On, Off, Off, Off, Off, Lean
465.500, 1150, 1,3, 84, 1, 40, 13,8, 0,34, 2,25, 13, 38, 96, 2,16, Off, Off, Off, Off, On, Off, On, Off, Off, Off, Off, Lean
465.546, 1162, 1,3, 84, 2, 40, 13,8, 0,34, 2,26, 13, 38, 96, 2,19, Off, Off, Off, Off, On, Off, On, Off, Off, Off, Off, Lean
465.609, 1150, 1,28, 84, 2, 40, 13,8, 0,34, 2,24, 13, 38, 96, 2,15, Off, Off, Off, Off, On, Off, On, Off, Off, Off, Off, Lean
465.656, 1150, 1,28, 84, 2, 40, 13,8, 0,34, 2,25, 13, 38, 96, 2,16, Off, Off, Off, Off, On, Off, On, Off, Off, Off, Off, Lean
465.718, 1138, 1,28, 84, 2, 40, 13,8, 0,34, 2,26, 13, 38, 96, 2,14, Off, Off, Off, Off, On, Off, On, Off, Off, Off, Off, Lean
465.781, 1138, 1,29, 84, 2, 40, 13,8, 0,34, 2,26, 13, 38, 96, 2,14, Off, Off, Off, Off, On, Off, On, Off, Off, Off, Off, Lean
465.828, 1138, 1,29, 84, 2, 40, 13,8, 0,34, 2,27, 13, 38, 96, 2,15, Off, Off, Off, Off, On, Off, On, Off, Off, Off, Off, Lean
465.875, 1112, 1,29, 84, 2, 40, 13,7, 0,34, 2,27, 13, 38, 96, 2,1, Off, Off, Off, Off, On, Off, On, Off, Off, Off, Off, Lean
465.937, 1112, 1,28, 84, 2, 42, 13,8, 0,34, 2,29, 13, 38, 96, 2,12, Off, Off, Off, Off, On, Off, On, Off, Off, Off, Off, Lean
465.984, 1138, 1,28, 84, 2, 42, 13,8, 0,34, 2,29, 13, 38, 96, 2,17, Off, Off, Off, Off, On, Off, On, Off, Off, Off, Off, Lean
466.031, 1112, 1,29, 84, 2, 42, 13,8, 0,34, 2,28, 13, 38, 96, 2,11, Off, Off, Off, Off, On, Off, On, Off, Off, Off, Off, Lean
466.093, 1138, 1,29, 84, 2, 42, 13,8, 0,34, 2,29, 13, 38, 96, 2,17, Off, Off, Off, Off, On, Off, On, Off, Off, Off, Off, Lean
466.140, 1112, 1,28, 84, 2, 42, 13,8, 0,34, 2,3, 13, 38, 96, 2,13, Off, Off, Off, Off, On, Off, On, Off, Off, Off, Off, Lean
466.203, 1100, 1,29, 84, 2, 42, 13,8, 0,34, 2,32, 13, 38, 96, 2,13, Off, Off, Off, Off, On, Off, On, Off, Off, Off, Off, Lean
466.250, 1112, 1,28, 84, 3, 42, 13,8, 0,34, 2,34, 13, 38, 96, 2,17, Off, Off, Off, Off, On, Off, On, Off, Off, Off, Off, Lean
466.296, 1100, 1,28, 84, 3, 42, 13,8, 0,34, 2,33, 13, 38, 96, 2,14, Off, Off, Off, Off, On, Off, On, Off, Off, Off, Off, Lean
466.343, 1100, 1,28, 84, 3, 42, 13,8, 0,34, 2,33, 13, 38, 96, 2,14, Off, Off, Off, Off, On, Off, On, Off, Off, Off, Off, Lean
466.406, 1088, 1,28, 84, 3, 42, 13,8, 0,34, 2,32, 13, 38, 96, 2,1, Off, Off, Off, Off, On, Off, On, Off, Off, Off, Off, Lean
466.468, 1088, 1,28, 84, 3, 42, 13,8, 0,34, 2,33, 13, 38, 96, 2,11, Off, Off, Off, Off, On, Off, On, Off, Off, Off, Off, Lean
466.515, 1088, 1,28, 84, 3, 42, 13,8, 0,34, 2,34, 13, 38, 96, 2,12, Off, Off, Off, Off, On, Off, On, Off, Off, Off, Off, Lean
466.562, 1088, 1,28, 84, 3, 42, 13,8, 0,34, 2,34, 13, 38, 96, 2,12, Off, Off, Off, Off, On, Off, On, Off, Off, Off, Off, Lean
466.609, 1088, 1,28, 84, 3, 40, 13,8, 0,34, 2,35, 13, 38, 96, 2,13, Off, Off, Off, Off, On, Off, On, Off, Off, Off, Off, Lean
466.671, 1088, 1,28, 84, 3, 40, 13,8, 0,34, 2,36, 13, 38, 96, 2,14, Off, Off, Off, Off, On, Off, On, Off, Off, Off, Off, Lean
466.718, 1088, 1,28, 84, 3, 40, 13,8, 0,34, 2,35, 13, 38, 96, 2,13, Off, Off, Off, Off, On, Off, On, Off, Off, Off, Off, Lean
466.765, 1100, 1,28, 84, 3, 40, 13,8, 0,34, 2,37, 13, 38, 96, 2,17, Off, Off, Off, Off, On, Off, On, Off, Off, Off, Off, Lean
466.812, 1088, 1,28, 84, 3, 40, 13,8, 0,34, 2,36, 13, 38, 96, 2,14, Off, Off, Off, Off, On, Off, On, Off, Off, Off, Off, Lean
466.875, 1100, 1,28, 84, 3, 40, 13,8, 0,34, 2,36, 13, 38, 96, 2,16, Off, Off, Off, Off, On, Off, On, Off, Off, Off, Off, Lean
466.921, 1088, 1,28, 84, 3, 40, 13,8, 0,34, 2,37, 13, 38, 96, 2,15, Off, Off, Off, Off, On, Off, On, Off, Off, Off, Off, Lean
466.984, 1100, 1,28, 84, 3, 40, 13,8, 0,34, 2,36, 13, 38, 96, 2,16, Off, Off, Off, Off, On, Off, On, Off, Off, Off, Off, Lean
467.046, 1100, 1,28, 84, 3, 40, 13,8, 0,34, 2,37, 13, 38, 96, 2,17, Off, Off, Off, Off, On, Off, On, Off, Off, Off, Off, Lean
467.109, 1088, 1,28, 84, 3, 40, 13,8, 0,34, 2,38, 13, 38, 96, 2,16, Off, Off, Off, Off, On, Off, On, Off, Off, Off, Off, Lean
467.171, 1100, 1,28, 84, 3, 40, 13,8, 0,34, 2,38, 13, 38, 96, 2,18, Off, Off, Off, Off, On, Off, On, Off, Off, Off, Off, Lean
467.234, 1088, 1,28, 84, 3, 40, 13,8, 0,34, 2,37, 13, 38, 96, 2,15, Off, Off, Off, Off, On, Off, On, Off, Off, Off, Off, Lean
467.296, 1088, 1,28, 84, 3, 40, 13,8, 0,34, 2,38, 13, 38, 96, 2,16, Off, Off, Off, Off, On, Off, On, Off, Off, Off, Off, Lean
467.343, 1088, 1,28, 84, 3, 40, 13,8, 0,34, 2,39, 13, 38, 96, 2,17, Off, Off, Off, Off, On, Off, On, Off, Off, Off, Off, Lean
467.406, 1088, 1,29, 84, 2, 40, 13,8, 0,34, 2,37, 13, 38, 96, 2,15, Off, Off, Off, Off, On, Off, On, Off, Off, Off, Off, Lean
467.453, 1100, 1,28, 84, 2, 40, 13,8, 0,34, 2,37, 13, 38, 96, 2,17, Off, Off, Off, Off, On, Off, On, Off, Off, Off, Off, Lean
467.515, 1112, 1,29, 84, 2, 40, 13,8, 0,34, 2,39, 13, 38, 96, 2,21, Off, Off, Off, Off, On, Off, On, Off, Off, Off, Off, Lean
467.562, 1100, 1,28, 84, 2, 40, 13,8, 0,34, 2,39, 13, 38, 96, 2,19, Off, Off, Off, Off, On, Off, On, Off, Off, Off, Off, Lean
467.593, 1100, 1,29, 84, 2, 40, 13,8, 0,34, 2,39, 13, 38, 96, 2,19, Off, Off, Off, Off, On, Off, On, Off, Off, Off, Off, Lean
467.671, 1112, 1,28, 84, 3, 40, 13,8, 0,34, 2,41, 13, 38, 96, 2,23, Off, Off, Off, Off, On, Off, On, Off, Off, Off, Off, Lean
467.718, 1112, 1,29, 84, 3, 40, 13,8, 0,34, 2,41, 13, 38, 96, 2,23, Off, Off, Off, Off, On, Off, On, Off, Off, Off, Off, Lean
467.765, 1100, 1,29, 84, 3, 40, 13,8, 0,34, 2,4, 13, 38, 96, 2,2, Off, Off, Off, Off, On, Off, On, Off, Off, Off, Off, Lean
467.843, 1112, 1,29, 84, 3, 40, 13,6, 0,34, 2,4, 13, 38, 96, 2,22, Off, Off, Off, Off, On, Off, On, Off, Off, Off, Off, Lean
467.890, 1100, 1,29, 84, 4, 40, 13,8, 0,34, 2,41, 13, 38, 96, 2,21, Off, Off, Off, Off, On, Off, On, Off, Off, Off, Off, Lean
467.937, 1112, 1,29, 84, 4, 40, 13,8, 0,34, 2,41, 13, 38, 96, 2,23, Off, Off, Off, Off, On, Off, On, Off, Off, Off, Off, Lean
468.000, 1112, 1,29, 84, 4, 40, 13,8, 0,34, 2,4, 13, 38, 96, 2,22, Off, Off, Off, Off, On, Off, On, Off, Off, Off, Off, Lean
468.062, 1112, 1,28, 84, 5, 40, 13,8, 0,34, 2,41, 13, 38, 96, 2,23, Off, Off, Off, Off, On, Off, On, Off, Off, Off, Off, Lean
468.109, 1138, 1,29, 84, 6, 40, 13,7, 0,34, 2,4, 13, 38, 96, 2,28, Off, Off, Off, Off, On, Off, On, Off, Off, Off, Off, Lean
468.156, 1138, 1,29, 84, 8, 40, 13,8, 0,34, 2,41, 13, 38, 96, 2,29, Off, Off, Off, Off, On, Off, On, Off, Off, Off, Off, Lean
468.203, 1138, 1,28, 84, 24, 40, 13,8, 0,34, 2,4, 13, 38, 96, 2,28, Off, Off, Off, Off, On, Off, On, Off, Off, Off, Off, Lean
468.250, 1138, 1,29, 83, 46, 40, 13,8, 0,34, 2,4, 13, 38, 96, 2,28, Off, Off, Off, Off, On, Off, On, Off, Off, Off, Off, Lean
468.312, 1112, 1,29, 83, 64, 40, 13,8, 0,34, 2,4, 13, 38, 96, 2,22, Off, Off, Off, Off, On, Off, On, Off, Off, Off, Off, Lean
468.375, 1150, 1,28, 83, 71, 40, 13,8, 0,34, 2,37, 13, 38, 99, 2,27, Off, Off, Off, Off, On, Off, On, Off, Off, Off, Off, Rich
468.421, 1138, 1,28, 83, 75, 40, 13,8, 0,34, 2,36, 13, 38, 99, 2,24, Off, Off, Off, Off, On, Off, On, Off, Off, Off, Off, Rich
468.468, 1138, 1,28, 83, 77, 40, 13,8, 0,34, 2,36, 13, 38, 99, 2,24, Off, Off, Off, Off, On, Off, On, Off, Off, Off, Off, Rich
468.546, 1112, 1,29, 83, 79, 40, 13,6, 0,34, 2,36, 13, 38, 99, 2,19, Off, Off, Off, Off, On, Off, On, Off, Off, Off, Off, Rich
468.609, 1112, 1,28, 83, 79, 40, 13,6, 0,34, 2,34, 13, 38, 99, 2,17, Off, Off, Off, Off, On, Off, On, Off, Off, Off, Off, Rich
468.656, 1112, 1,28, 83, 79, 40, 13,7, 0,34, 2,35, 13, 38, 99, 2,18, Off, Off, Off, Off, On, Off, On, Off, Off, Off, Off, Rich
468.718, 1138, 1,28, 83, 77, 40, 13,8, 0,34, 2,34, 13, 38, 99, 2,22, Off, Off, Off, Off, On, Off, On, Off, Off, Off, Off, Rich
468.765, 1138, 1,28, 83, 76, 42, 13,8, 0,34, 2,34, 13, 38, 99, 2,22, Off, Off, Off, Off, On, Off, On, Off, Off, Off, Off, Rich
468.812, 1112, 1,28, 83, 74, 42, 13,8, 0,34, 2,33, 13, 38, 99, 2,16, Off, Off, Off, Off, On, Off, On, Off, Off, Off, Off, Rich
468.875, 1100, 1,28, 83, 73, 42, 13,7, 0,34, 2,34, 13, 38, 99, 2,14, Off, Off, Off, Off, On, Off, On, Off, Off, Off, Off, Rich
468.921, 1100, 1,28, 83, 66, 42, 13,7, 0,34, 2,34, 13, 38, 99, 2,14, Off, Off, Off, Off, On, Off, On, Off, Off, Off, Off, Rich
468.984, 1100, 1,28, 83, 55, 42, 13,7, 0,34, 2,34, 13, 38, 99, 2,14, Off, Off, Off, Off, On, Off, On, Off, Off, Off, Off, Rich
469.031, 1112, 1,28, 83, 21, 42, 13,8, 0,34, 2,38, 13, 38, 103, 2,21, Off, Off, Off, Off, On, Off, On, Off, Off, Off, Off, Lean
469.078, 1100, 1,28, 83, 21, 42, 13,8, 0,34, 2,37, 13, 38, 103, 2,17, Off, Off, Off, Off, On, Off, On, Off, Off, Off, Off, Lean
469.140, 1100, 1,28, 83, 12, 42, 13,8, 0,34, 2,38, 13, 38, 103, 2,18, Off, Off, Off, Off, On, Off, On, Off, Off, Off, Off, Lean
469.187, 1100, 1,28, 83, 7, 42, 13,8, 0,34, 2,39, 13, 38, 103, 2,19, Off, Off, Off, Off, On, Off, On, Off, Off, Off, Off, Lean
469.250, 1100, 1,28, 83, 5, 42, 13,6, 0,34, 2,39, 13, 38, 103, 2,19, Off, Off, Off, Off, On, Off, On, Off, Off, Off, Off, Lean
469.296, 1100, 1,28, 83, 5, 42, 13,8, 0,34, 2,4, 13, 38, 103, 2,2, Off, Off, Off, Off, On, Off, On, Off, Off, Off, Off, Lean
469.343, 1112, 1,28, 83, 4, 42, 13,7, 0,34, 2,4, 13, 38, 103, 2,22, Off, Off, Off, Off, On, Off, On, Off, Off, Off, Off, Lean
469.390, 1100, 1,28, 83, 4, 42, 13,8, 0,34, 2,39, 13, 38, 103, 2,19, Off, Off, Off, Off, On, Off, On, Off, Off, Off, Off, Lean
469.453, 1100, 1,28, 83, 5, 40, 13,8, 0,34, 2,4, 13, 38, 103, 2,2, Off, Off, Off, Off, On, Off, On, Off, Off, Off, Off, Lean
469.500, 1100, 1,28, 83, 5, 40, 13,8, 0,34, 2,41, 13, 38, 103, 2,21, Off, Off, Off, Off, On, Off, On, Off, Off, Off, Off, Lean
469.562, 1100, 1,28, 83, 6, 40, 13,8, 0,34, 2,41, 13, 38, 103, 2,21, Off, Off, Off, Off, On, Off, On, Off, Off, Off, Off, Lean
469.625, 1100, 1,28, 83, 7, 40, 13,7, 0,34, 2,4, 13, 38, 103, 2,2, Off, Off, Off, Off, On, Off, On, Off, Off, Off, Off, Lean
469.687, 1088, 1,28, 83, 9, 40, 13,8, 0,34, 2,41, 13, 38, 103, 2,19, Off, Off, Off, Off, On, Off, On, Off, Off, Off, Off, Lean
469.750, 1088, 1,28, 83, 13, 40, 13,7, 0,34, 2,42, 13, 38, 103, 2,19, Off, Off, Off, Off, On, Off, On, Off, Off, Off, Off, Lean
469.796, 1100, 1,28, 83, 41, 40, 13,7, 0,34, 2,42, 13, 38, 103, 2,22, Off, Off, Off, Off, On, Off, On, Off, Off, Off, Off, Lean
469.843, 1100, 1,28, 83, 41, 40, 13,7, 0,34, 2,41, 13, 38, 103, 2,21, Off, Off, Off, Off, On, Off, On, Off, Off, Off, Off, Lean
469.921, 1088, 1,28, 83, 54, 40, 13,6, 0,34, 2,37, 13, 38, 103, 2,15, Off, Off, Off, Off, On, Off, On, Off, Off, Off, Off, Rich
469.968, 1100, 1,28, 83, 71, 40, 13,8, 0,34, 2,38, 13, 38, 103, 2,18, Off, Off, Off, Off, On, Off, On, Off, Off, Off, Off, Rich
470.015, 1088, 1,28, 83, 71, 40, 13,7, 0,34, 2,37, 13, 38, 103, 2,15, Off, Off, Off, Off, On, Off, On, Off, Off, Off, Off, Rich
470.078, 1100, 1,28, 83, 75, 40, 13,8, 0,34, 2,38, 13, 38, 103, 2,18, Off, Off, Off, Off, On, Off, On, Off, Off, Off, Off, Rich
470.125, 1088, 1,28, 83, 76, 40, 13,7, 0,34, 2,38, 13, 38, 103, 2,16, Off, Off, Off, Off, On, Off, On, Off, Off, Off, Off, Rich
470.187, 1088, 1,28, 83, 78, 38, 13,5, 0,34, 2,38, 13, 38, 103, 2,16, Off, Off, Off, Off, On, Off, On, Off, Off, Off, Off, Rich
470.234, 1062, 1,28, 83, 77, 38, 13,7, 0,34, 2,38, 13, 38, 103, 2,11, Off, Off, Off, Off, On, Off, On, Off, Off, Off, Off, Rich
470.296, 1062, 1,28, 83, 77, 38, 13,8, 0,34, 2,38, 13, 38, 103, 2,11, Off, Off, Off, Off, On, Off, On, Off, Off, Off, Off, Rich
470.343, 1050, 1,28, 83, 75, 38, 13,7, 0,34, 2,41, 13, 38, 103, 2,11, Off, Off, Off, Off, On, Off, On, Off, Off, Off, Off, Rich
470.406, 1062, 1,28, 83, 74, 38, 13,7, 0,34, 2,4, 13, 38, 103, 2,12, Off, Off, Off, Off, On, Off, On, Off, Off, Off, Off, Rich
470.453, 1050, 1,28, 83, 70, 38, 13,8, 0,34, 2,4, 13, 38, 103, 2,1, Off, Off, Off, Off, On, Off, On, Off, Off, Off, Off, Rich
470.515, 1050, 1,28, 83, 61, 38, 13,8, 0,34, 2,39, 13, 38, 103, 2,09, Off, Off, Off, Off, On, Off, On, Off, Off, Off, Off, Rich
470.578, 1050, 1,28, 83, 18, 38, 13,7, 0,34, 2,44, 13, 38, 103, 2,13, Off, Off, Off, Off, On, Off, On, Off, Off, Off, Off, Lean
470.640, 1062, 1,28, 83, 9, 38, 13,7, 0,34, 2,45, 13, 38, 103, 2,17, Off, Off, Off, Off, On, Off, On, Off, Off, Off, Off, Lean
470.703, 1050, 1,28, 83, 6, 38, 13,8, 0,34, 2,44, 13, 38, 103, 2,13, Off, Off, Off, Off, On, Off, On, Off, Off, Off, Off, Lean
470.750, 1050, 1,28, 83, 5, 38, 13,7, 0,34, 2,46, 13, 38, 103, 2,15, Off, Off, Off, Off, On, Off, On, Off, Off, Off, Off, Lean
470.812, 1038, 1,28, 83, 5, 38, 13,8, 0,34, 2,46, 13, 38, 103, 2,13, Off, Off, Off, Off, On, Off, On, Off, Off, Off, Off, Lean
470.859, 1050, 1,29, 83, 4, 34, 13,7, 0,34, 2,47, 13, 38, 103, 2,16, Off, Off, Off, Off, On, Off, On, Off, Off, Off, Off, Lean
470.921, 1038, 1,28, 83, 4, 34, 13,7, 0,34, 2,47, 13, 38, 103, 2,14, Off, Off, Off, Off, On, Off, On, Off, Off, Off, Off, Lean
470.968, 1050, 1,28, 83, 4, 34, 13,7, 0,34, 2,47, 13, 38, 103, 2,16, Off, Off, Off, Off, On, Off, On, Off, Off, Off, Off, Lean
471.031, 1038, 1,28, 83, 4, 34, 13,7, 0,34, 2,51, 13, 38, 103, 2,17, Off, Off, Off, Off, On, Off, On, Off, Off, Off, Off, Lean
471.078, 1050, 1,28, 83, 7, 34, 13,7, 0,34, 2,49, 13, 38, 103, 2,18, Off, Off, Off, Off, On, Off, On, Off, Off, Off, Off, Lean
471.140, 1050, 1,28, 83, 7, 34, 13,7, 0,34, 2,5, 13, 38, 103, 2,19, Off, Off, Off, Off, On, Off, On, Off, Off, Off, Off, Lean
471.187, 1050, 1,28, 83, 48, 34, 13,7, 0,34, 2,49, 13, 38, 103, 2,18, Off, Off, Off, Off, On, Off, On, Off, Off, Off, Off, Lean
471.234, 1038, 1,28, 83, 48, 34, 13,8, 0,34, 2,45, 13, 38, 103, 2,12, Off, Off, Off, Off, On, Off, On, Off, Off, Off, Off, Rich
471.312, 1050, 1,28, 83, 66, 34, 13,8, 0,34, 2,46, 13, 38, 103, 2,15, Off, Off, Off, Off, On, Off, On, Off, Off, Off, Off, Rich
471.359, 1050, 1,27, 83, 73, 34, 13,7, 0,34, 2,45, 13, 38, 103, 2,14, Off, Off, Off, Off, On, Off, On, Off, Off, Off, Off, Rich
471.421, 1050, 1,26, 83, 77, 34, 13,8, 0,34, 2,43, 13, 38, 103, 2,13, Off, Off, Off, Off, On, Off, On, Off, Off, Off, Off, Rich
471.468, 1038, 1,27, 83, 79, 34, 13,7, 0,34, 2,43, 13, 38, 103, 2,1, Off, Off, Off, Off, On, Off, On, Off, Off, Off, Off, Rich
471.531, 1038, 1,27, 83, 80, 34, 13,7, 0,34, 2,44, 13, 38, 103, 2,11, Off, Off, Off, Off, On, Off, On, Off, Off, Off, Off, Rich
471.578, 1038, 1,27, 83, 80, 30, 13,7, 0,34, 2,43, 13, 38, 103, 2,1, Off, Off, Off, Off, On, Off, On, Off, Off, Off, Off, Rich
471.625, 1038, 1,28, 83, 80, 30, 13,7, 0,34, 2,44, 13, 38, 103, 2,11, Off, Off, Off, Off, On, Off, On, Off, Off, Off, Off, Rich
471.687, 1050, 1,28, 83, 79, 30, 13,8, 0,34, 2,45, 13, 38, 103, 2,14, Off, Off, Off, Off, On, Off, On, Off, Off, Off, Off, Rich
471.734, 1038, 1,28, 83, 80, 30, 13,8, 0,34, 2,46, 13, 38, 103, 2,13, Off, Off, Off, Off, On, Off, On, Off, Off, Off, Off, Rich
471.796, 1050, 1,29, 83, 78, 30, 13,7, 0,34, 2,46, 13, 38, 103, 2,15, Off, Off, Off, Off, On, Off, On, Off, Off, Off, Off, Rich
471.843, 1038, 1,28, 83, 79, 30, 13,7, 0,34, 2,46, 13, 38, 103, 2,13, Off, Off, Off, Off, On, Off, On, Off, Off, Off, Off, Rich
471.890, 1050, 1,29, 83, 76, 30, 13,7, 0,34, 2,45, 13, 38, 103, 2,14, Off, Off, Off, Off, On, Off, On, Off, Off, Off, Off, Rich
471.953, 1050, 1,28, 83, 76, 30, 13,8, 0,34, 2,47, 13, 38, 103, 2,16, Off, Off, Off, Off, On, Off, On, Off, Off, Off, Off, Rich
472.015, 1038, 1,29, 83, 75, 30, 13,7, 0,34, 2,48, 13, 38, 103, 2,15, Off, Off, Off, Off, On, Off, On, Off, Off, Off, Off, Rich
472.078, 1025, 1,28, 83, 74, 30, 13,8, 0,34, 2,47, 13, 38, 103, 2,11, Off, Off, Off, Off, On, Off, On, Off, Off, Off, Off, Rich
472.125, 1038, 1,28, 83, 73, 30, 13,8, 0,34, 2,47, 13, 38, 103, 2,14, Off, Off, Off, Off, On, Off, On, Off, Off, Off, Off, Rich
472.171, 1025, 1,28, 83, 74, 30, 13,8, 0,34, 2,48, 13, 38, 103, 2,12, Off, Off, Off, Off, On, Off, On, Off, Off, Off, Off, Rich
472.218, 1000, 1,28, 83, 74, 30, 13,7, 0,34, 2,48, 13, 38, 103, 2,07, Off, Off, Off, Off, On, Off, On, Off, Off, Off, Off, Rich
472.281, 1000, 1,28, 83, 73, 28, 13,8, 0,34, 2,5, 13, 38, 103, 2,08, Off, Off, Off, Off, On, Off, On, Off, Off, Off, Off, Rich
472.328, 1000, 1,28, 83, 74, 28, 13,8, 0,34, 2,5, 13, 38, 103, 2,08, Off, Off, Off, Off, On, Off, On, Off, Off, Off, Off, Rich
472.390, 1000, 1,28, 83, 73, 28, 13,8, 0,34, 2,51, 13, 38, 103, 2,09, Off, Off, Off, Off, On, Off, On, Off, Off, Off, Off, Rich
472.437, 975, 1,28, 83, 73, 28, 13,7, 0,34, 2,52, 13, 38, 103, 2,05, Off, Off, Off, Off, On, Off, On, Off, Off, Off, Off, Rich
472.484, 975, 1,28, 83, 73, 28, 13,8, 0,34, 2,52, 13, 38, 103, 2,05, Off, Off, Off, Off, On, Off, On, Off, Off, Off, Off, Rich
472.546, 938, 1,28, 83, 73, 28, 13,8, 0,34, 2,53, 13, 38, 103, 1,98, Off, Off, Off, Off, On, Off, On, Off, Off, Off, Off, Rich
472.593, 975, 1,28, 83, 75, 28, 13,8, 0,34, 2,55, 13, 38, 103, 2,07, Off, Off, Off, Off, On, Off, On, Off, Off, Off, Off, Rich
472.640, 950, 1,28, 83, 75, 28, 13,8, 0,34, 2,57, 13, 38, 103, 2,03, Off, Off, Off, Off, On, Off, On, Off, Off, Off, Off, Rich
472.718, 925, 1,28, 83, 76, 28, 13,8, 0,34, 2,58, 13, 38, 103, 1,99, Off, Off, Off, Off, On, Off, On, Off, Off, Off, Off, Rich
472.781, 925, 1,28, 83, 75, 28, 13,7, 0,34, 2,57, 13, 38, 103, 1,98, Off, Off, Off, Off, On, Off, On, Off, Off, Off, Off, Rich
472.828, 925, 1,27, 83, 74, 28, 13,8, 0,34, 2,6, 13, 38, 103, 2, Off, Off, Off, Off, On, Off, On, Off, Off, Off, Off, Rich
472.875, 925, 1,28, 83, 73, 28, 13,8, 0,34, 2,61, 13, 38, 103, 2,01, Off, Off, Off, Off, On, Off, On, Off, Off, Off, Off, Rich
472.937, 900, 1,28, 83, 72, 28, 13,7, 0,34, 2,61, 13, 38, 103, 1,96, Off, Off, Off, Off, On, Off, On, Off, Off, Off, Off, Rich
472.984, 900, 1,28, 83, 72, 24, 13,7, 0,34, 2,62, 13, 38, 103, 1,96, Off, Off, Off, Off, On, Off, On, Off, Off, Off, Off, Rich
473.031, 900, 1,28, 83, 71, 24, 13,8, 0,34, 2,63, 13, 38, 103, 1,97, Off, Off, Off, Off, On, Off, On, Off, Off, Off, Off, Rich
473.093, 900, 1,28, 83, 75, 24, 13,8, 0,34, 2,65, 13, 38, 103, 1,99, Off, Off, Off, Off, On, Off, On, Off, Off, Off, Off, Rich
473.125, 925, 1,27, 83, 75, 24, 13,8, 0,34, 2,66, 13, 38, 103, 2,05, Off, Off, Off, Off, On, Off, On, Off, Off, Off, Off, Rich
473.187, 900, 1,28, 83, 78, 24, 13,9, 0,34, 2,65, 13, 38, 103, 1,99, Off, Off, Off, Off, On, Off, On, Off, Off, Off, Off, Rich
473.234, 925, 1,28, 83, 78, 24, 13,9, 0,34, 2,68, 13, 38, 103, 2,07, Off, Off, Off, Off, On, Off, On, Off, Off, Off, Off, Rich
473.281, 938, 1,27, 83, 78, 24, 13,8, 0,34, 2,67, 13, 38, 103, 2,09, Off, Off, Off, Off, On, Off, On, Off, Off, Off, Off, Rich
473.328, 938, 1,28, 83, 79, 24, 13,8, 0,34, 2,67, 13, 38, 103, 2,09, Off, Off, Off, Off, On, Off, On, Off, Off, Off, Off, Rich
473.375, 938, 1,28, 83, 78, 24, 13,9, 0,34, 2,65, 13, 38, 103, 2,07, Off, Off, Off, Off, On, Off, On, Off, Off, Off, Off, Rich
473.453, 950, 1,28, 83, 78, 24, 13,9, 0,34, 2,65, 13, 38, 103, 2,1, Off, Off, Off, Off, On, Off, On, Off, Off, Off, Off, Rich
473.500, 975, 1,29, 83, 77, 24, 13,8, 0,34, 2,68, 13, 38, 103, 2,18, Off, Off, Off, Off, On, Off, On, Off, Off, Off, Off, Rich
473.546, 950, 1,27, 83, 77, 24, 13,8, 0,34, 2,67, 13, 38, 103, 2,11, Off, Off, Off, Off, On, Off, On, Off, Off, Off, Off, Rich
473.609, 950, 1,28, 83, 77, 24, 13,8, 0,34, 2,65, 13, 38, 103, 2,1, Off, Off, Off, Off, On, Off, On, Off, Off, Off, Off, Rich
473.671, 950, 1,28, 83, 74, 24, 13,8, 0,34, 2,65, 13, 38, 103, 2,1, Off, Off, Off, Off, On, Off, On, Off, Off, Off, Off, Rich
473.718, 950, 1,27, 83, 73, 24, 13,7, 0,34, 2,65, 13, 38, 103, 2,1, Off, Off, Off, Off, On, Off, On, Off, Off, Off, Off, Rich
473.781, 950, 1,28, 83, 67, 24, 13,7, 0,34, 2,62, 13, 38, 103, 2,07, Off, Off, Off, Off, On, Off, On, Off, Off, Off, Off, Rich
473.828, 950, 1,28, 83, 60, 24, 13,9, 0,34, 2,62, 13, 38, 103, 2,07, Off, Off, Off, Off, On, Off, On, Off, Off, Off, Off, Rich
473.875, 950, 1,28, 83, 47, 24, 13,8, 0,34, 2,62, 13, 38, 103, 2,07, Off, Off, Off, Off, On, Off, On, Off, Off, Off, Off, Rich
473.937, 950, 1,27, 83, 47, 24, 13,9, 0,34, 2,6, 13, 38, 103, 2,06, Off, Off, Off, Off, On, Off, On, Off, Off, Off, Off, Rich
473.984, 938, 1,28, 83, 39, 24, 13,8, 0,34, 2,65, 13, 38, 101, 2,07, Off, Off, Off, Off, On, Off, On, Off, Off, Off, Off, Lean
474.031, 938, 1,27, 83, 28, 24, 13,9, 0,34, 2,65, 13, 38, 101, 2,07, Off, Off, Off, Off, On, Off, On, Off, Off, Off, Off, Lean
474.109, 975, 1,28, 83, 20, 24, 13,8, 0,34, 2,67, 13, 38, 101, 2,17, Off, Off, Off, Off, On, Off, On, Off, Off, Off, Off, Lean
474.156, 975, 1,28, 83, 11, 24, 13,8, 0,34, 2,67, 13, 38, 101, 2,17, Off, Off, Off, Off, On, Off, On, Off, Off, Off, Off, Lean
474.203, 975, 1,28, 83, 6, 24, 13,8, 0,34, 2,65, 13, 38, 101, 2,15, Off, Off, Off, Off, On, Off, On, Off, Off, Off, Off, Lean
474.265, 975, 1,28, 83, 4, 24, 13,8, 0,34, 2,65, 13, 38, 101, 2,15, Off, Off, Off, Off, On, Off, On, Off, Off, Off, Off, Lean
474.312, 950, 1,28, 83, 4, 24, 13,8, 0,34, 2,64, 13, 38, 101, 2,09, Off, Off, Off, Off, On, Off, On, Off, Off, Off, Off, Lean
474.359, 950, 1,28, 83, 4, 24, 13,9, 0,34, 2,65, 13, 38, 101, 2,1, Off, Off, Off, Off, On, Off, On, Off, Off, Off, Off, Lean
474.421, 975, 1,27, 83, 4, 24, 13,8, 0,34, 2,65, 13, 38, 101, 2,15, Off, Off, Off, Off, On, Off, On, Off, Off, Off, Off, Lean
474.468, 988, 1,28, 83, 4, 24, 13,9, 0,34, 2,64, 13, 38, 101, 2,17, Off, Off, Off, Off, On, Off, On, Off, Off, Off, Off, Lean
474.515, 988, 1,28, 83, 5, 24, 13,8, 0,34, 2,65, 13, 38, 101, 2,18, Off, Off, Off, Off, On, Off, On, Off, Off, Off, Off, Lean
474.562, 975, 1,28, 83, 5, 24, 13,9, 0,34, 2,64, 13, 38, 101, 2,14, Off, Off, Off, Off, On, Off, On, Off, Off, Off, Off, Lean
474.609, 975, 1,28, 83, 5, 24, 13,9, 0,34, 2,64, 13, 38, 101, 2,14, Off, Off, Off, Off, On, Off, On, Off, Off, Off, Off, Lean
474.656, 975, 1,28, 83, 5, 24, 13,8, 0,34, 2,65, 13, 38, 101, 2,15, Off, Off, Off, Off, On, Off, On, Off, Off, Off, Off, Lean
474.718, 1000, 1,28, 83, 5, 24, 13,8, 0,34, 2,63, 13, 38, 101, 2,19, Off, Off, Off, Off, On, Off, On, Off, Off, Off, Off, Lean
474.781, 988, 1,27, 83, 5, 24, 13,8, 0,34, 2,6, 13, 38, 101, 2,14, Off, Off, Off, Off, On, Off, On, Off, Off, Off, Off, Lean
474.828, 988, 1,28, 83, 6, 24, 13,8, 0,34, 2,6, 13, 38, 101, 2,14, Off, Off, Off, Off, On, Off, On, Off, Off, Off, Off, Lean
474.890, 988, 1,28, 83, 7, 24, 13,8, 0,34, 2,62, 13, 38, 101, 2,16, Off, Off, Off, Off, On, Off, On, Off, Off, Off, Off, Lean
474.937, 1000, 1,28, 83, 20, 24, 13,8, 0,34, 2,61, 13, 38, 101, 2,17, Off, Off, Off, Off, On, Off, On, Off, Off, Off, Off, Lean
474.984, 1000, 1,28, 83, 20, 24, 13,7, 0,34, 2,61, 13, 38, 101, 2,17, Off, Off, Off, Off, On, Off, On, Off, Off, Off, Off, Lean
475.031, 988, 1,27, 83, 45, 24, 13,9, 0,34, 2,59, 13, 38, 101, 2,13, Off, Off, Off, Off, On, Off, On, Off, Off, Off, Off, Lean
475.093, 988, 1,28, 83, 62, 24, 13,8, 0,34, 2,55, 13, 38, 100, 2,1, Off, Off, Off, Off, On, Off, On, Off, Off, Off, Off, Rich
475.140, 1025, 1,28, 83, 67, 24, 13,8, 0,34, 2,57, 13, 38, 100, 2,2, Off, Off, Off, Off, On, Off, On, Off, Off, Off, Off, Rich
475.187, 1000, 1,27, 83, 70, 24, 13,8, 0,34, 2,55, 13, 38, 100, 2,12, Off, Off, Off, Off, On, Off, On, Off, Off, Off, Off, Rich
475.250, 988, 1,27, 83, 72, 24, 13,8, 0,34, 2,54, 13, 38, 100, 2,09, Off, Off, Off, Off, On, Off, On, Off, Off, Off, Off, Rich
475.296, 1000, 1,27, 83, 74, 24, 13,8, 0,34, 2,53, 13, 38, 100, 2,11, Off, Off, Off, Off, On, Off, On, Off, Off, Off, Off, Rich
475.343, 1000, 1,28, 83, 74, 24, 13,6, 0,34, 2,52, 13, 38, 100, 2,1, Off, Off, Off, Off, On, Off, On, Off, Off, Off, Off, Rich
475.406, 1000, 1,27, 83, 73, 24, 13,8, 0,34, 2,51, 13, 38, 100, 2,09, Off, Off, Off, Off, On, Off, On, Off, Off, Off, Off, Rich
475.468, 1000, 1,27, 83, 72, 24, 13,8, 0,34, 2,54, 13, 38, 100, 2,12, Off, Off, Off, Off, On, Off, On, Off, Off, Off, Off, Rich
475.531, 1000, 1,28, 83, 68, 24, 13,8, 0,34, 2,52, 13, 38, 100, 2,1, Off, Off, Off, Off, On, Off, On, Off, Off, Off, Off, Rich
475.578, 975, 1,27, 83, 68, 24, 13,8, 0,34, 2,51, 13, 38, 100, 2,04, Off, Off, Off, Off, On, Off, On, Off, Off, Off, Off, Rich
475.625, 988, 1,27, 83, 46, 24, 13,8, 0,34, 2,51, 13, 38, 100, 2,07, Off, Off, Off, Off, On, Off, On, Off, Off, Off, Off, Rich
475.671, 988, 1,27, 83, 22, 24, 13,8, 0,34, 2,5, 13, 38, 100, 2,06, Off, Off, Off, Off, On, Off, On, Off, Off, Off, Off, Lean
475.734, 988, 1,27, 83, 9, 24, 13,7, 0,34, 2,54, 13, 38, 100, 2,09, Off, Off, Off, Off, On, Off, On, Off, Off, Off, Off, Lean
475.781, 988, 1,28, 83, 5, 26, 13,8, 0,34, 2,54, 13, 38, 100, 2,09, Off, Off, Off, Off, On, Off, On, Off, Off, Off, Off, Lean
475.828, 988, 1,28, 83, 3, 26, 13,8, 0,34, 2,54, 13, 38, 100, 2,09, Off, Off, Off, Off, On, Off, On, Off, Off, Off, Off, Lean
475.890, 1000, 1,28, 83, 2, 26, 13,7, 0,34, 2,56, 13, 38, 100, 2,13, Off, Off, Off, Off, On, Off, On, Off, Off, Off, Off, Lean
475.937, 1025, 1,28, 83, 2, 26, 13,8, 0,34, 2,57, 13, 38, 100, 2,2, Off, Off, Off, Off, On, Off, On, Off, Off, Off, Off, Lean
475.984, 1000, 1,28, 83, 2, 26, 13,8, 0,34, 2,56, 13, 38, 100, 2,13, Off, Off, Off, Off, On, Off, On, Off, Off, Off, Off, Lean
476.046, 1025, 1,27, 83, 2, 26, 13,6, 0,34, 2,56, 13, 38, 100, 2,19, Off, Off, Off, Off, On, Off, On, Off, Off, Off, Off, Lean
476.093, 1025, 1,27, 83, 1, 26, 13,7, 0,34, 2,55, 13, 38, 100, 2,18, Off, Off, Off, Off, On, Off, On, Off, Off, Off, Off, Lean
476.140, 1025, 1,27, 83, 1, 26, 13,8, 0,34, 2,55, 13, 38, 100, 2,18, Off, Off, Off, Off, On, Off, On, Off, Off, Off, Off, Lean
476.218, 1000, 1,28, 83, 1, 26, 13,8, 0,34, 2,55, 13, 38, 100, 2,12, Off, Off, Off, Off, On, Off, On, Off, Off, Off, Off, Lean
476.265, 988, 1,27, 83, 1, 26, 13,8, 0,34, 2,55, 13, 38, 100, 2,1, Off, Off, Off, Off, On, Off, On, Off, Off, Off, Off, Lean
476.312, 988, 1,28, 83, 2, 26, 13,7, 0,34, 2,55, 13, 38, 100, 2,1, Off, Off, Off, Off, On, Off, On, Off, Off, Off, Off, Lean
476.375, 1000, 1,28, 83, 2, 26, 13,7, 0,34, 2,56, 13, 38, 100, 2,13, Off, Off, Off, Off, On, Off, On, Off, Off, Off, Off, Lean
476.421, 988, 1,28, 83, 2, 26, 13,7, 0,34, 2,55, 13, 38, 100, 2,1, Off, Off, Off, Off, On, Off, On, Off, Off, Off, Off, Lean
476.468, 988, 1,27, 83, 2, 26, 13,7, 0,34, 2,55, 13, 38, 100, 2,1, Off, Off, Off, Off, On, Off, On, Off, Off, Off, Off, Lean
476.515, 988, 1,27, 83, 3, 26, 13,5, 0,34, 2,56, 13, 38, 100, 2,11, Off, Off, Off, Off, On, Off, On, Off, Off, Off, Off, Lean
476.562, 975, 1,27, 83, 2, 26, 13,5, 0,34, 2,56, 13, 38, 100, 2,08, Off, Off, Off, Off, On, Off, On, Off, Off, Off, Off, Lean
476.609, 988, 1,28, 83, 3, 26, 13,6, 0,34, 2,56, 13, 38, 100, 2,11, Off, Off, Off, Off, On, Off, On, Off, Off, Off, Off, Lean
476.671, 950, 1,28, 83, 2, 26, 13,8, 0,34, 2,56, 13, 38, 100, 2,03, Off, Off, Off, Off, On, Off, On, Off, Off, Off, Off, Lean
476.718, 950, 1,28, 83, 2, 26, 13,8, 0,34, 2,59, 13, 38, 100, 2,05, Off, Off, Off, Off, On, Off, On, Off, Off, Off, Off, Lean
476.765, 975, 1,27, 83, 2, 26, 13,8, 0,34, 2,59, 13, 38, 100, 2,1, Off, Off, Off, Off, On, Off, On, Off, Off, Off, Off, Lean
476.812, 975, 1,27, 83, 2, 26, 13,6, 0,34, 2,6, 13, 38, 100, 2,11, Off, Off, Off, Off, On, Off, On, Off, Off, Off, Off, Lean
476.859, 975, 1,28, 83, 2, 26, 13,6, 0,34, 2,6, 13, 38, 100, 2,11, Off, Off, Off, Off, On, Off, On, Off, Off, Off, Off, Lean
476.921, 975, 1,28, 83, 2, 26, 13,6, 0,34, 2,62, 13, 38, 100, 2,13, Off, Off, Off, Off, On, Off, On, Off, Off, Off, Off, Lean
476.984, 950, 1,27, 83, 2, 26, 13,8, 0,34, 2,61, 13, 38, 100, 2,07, Off, Off, Off, Off, On, Off, On, Off, Off, Off, Off, Lean
477.031, 950, 1,28, 83, 2, 26, 13,8, 0,34, 2,63, 13, 38, 100, 2,08, Off, Off, Off, Off, On, Off, On, Off, Off, Off, Off, Lean
477.078, 950, 1,27, 83, 2, 26, 13,8, 0,34, 2,62, 13, 38, 100, 2,07, Off, Off, Off, Off, On, Off, On, Off, Off, Off, Off, Lean
477.140, 938, 1,27, 83, 3, 26, 13,8, 0,34, 2,64, 13, 38, 100, 2,06, Off, Off, Off, Off, On, Off, On, Off, Off, Off, Off, Lean
477.187, 938, 1,27, 83, 3, 26, 13,8, 0,34, 2,65, 13, 38, 100, 2,07, Off, Off, Off, Off, On, Off, On, Off, Off, Off, Off, Lean
477.234, 938, 1,28, 83, 3, 24, 13,8, 0,34, 2,66, 13, 38, 100, 2,08, Off, Off, Off, Off, On, Off, On, Off, Off, Off, Off, Lean
477.281, 950, 1,28, 83, 3, 24, 13,7, 0,34, 2,64, 13, 38, 100, 2,09, Off, Off, Off, Off, On, Off, On, Off, Off, Off, Off, Lean
477.328, 950, 1,28, 83, 3, 24, 13,5, 0,34, 2,66, 13, 38, 100, 2,11, Off, Off, Off, Off, On, Off, On, Off, Off, Off, Off, Lean
477.375, 950, 1,28, 83, 4, 24, 13,6, 0,34, 2,67, 13, 38, 100, 2,11, Off, Off, Off, Off, On, Off, On, Off, Off, Off, Off, Lean
477.437, 938, 1,28, 83, 4, 24, 13,8, 0,34, 2,66, 13, 38, 100, 2,08, Off, Off, Off, Off, On, Off, On, Off, Off, Off, Off, Lean
477.468, 950, 1,28, 83, 5, 24, 13,8, 0,34, 2,68, 13, 38, 100, 2,12, Off, Off, Off, Off, On, Off, On, Off, Off, Off, Off, Lean
477.531, 950, 1,28, 83, 6, 24, 13,8, 0,34, 2,69, 13, 38, 100, 2,13, Off, Off, Off, Off, On, Off, On, Off, Off, Off, Off, Lean
477.609, 925, 1,27, 83, 6, 24, 13,8, 0,34, 2,71, 13, 38, 100, 2,09, Off, Off, Off, Off, On, Off, On, Off, Off, Off, Off, Lean
477.656, 938, 1,27, 83, 9, 24, 13,8, 0,34, 2,71, 13, 38, 100, 2,12, Off, Off, Off, Off, On, Off, On, Off, Off, Off, Off, Lean
477.718, 938, 1,27, 83, 27, 24, 13,7, 0,34, 2,7, 13, 38, 100, 2,11, Off, Off, Off, Off, On, Off, On, Off, Off, Off, Off, Lean
477.765, 950, 1,27, 83, 55, 24, 13,5, 0,34, 2,71, 13, 38, 102, 2,15, Off, Off, Off, Off, On, Off, On, Off, Off, Off, Off, Rich
477.812, 950, 1,27, 83, 67, 24, 13,6, 0,34, 2,65, 13, 38, 102, 2,1, Off, Off, Off, Off, On, Off, On, Off, Off, Off, Off, Rich
477.859, 950, 1,27, 83, 74, 24, 13,8, 0,34, 2,65, 13, 38, 102, 2,1, Off, Off, Off, Off, On, Off, On, Off, Off, Off, Off, Rich
477.921, 950, 1,27, 83, 78, 24, 13,7, 0,34, 2,66, 13, 38, 102, 2,11, Off, Off, Off, Off, On, Off, On, Off, Off, Off, Off, Rich
477.968, 950, 1,27, 83, 80, 24, 13,8, 0,34, 2,67, 13, 38, 102, 2,11, Off, Off, Off, Off, On, Off, On, Off, Off, Off, Off, Rich
478.031, 925, 1,27, 83, 80, 24, 13,7, 0,34, 2,65, 13, 38, 102, 2,04, Off, Off, Off, Off, On, Off, On, Off, Off, Off, Off, Rich
478.078, 938, 1,26, 83, 80, 24, 13,8, 0,34, 2,64, 13, 38, 102, 2,06, Off, Off, Off, Off, On, Off, On, Off, Off, Off, Off, Rich
478.140, 950, 1,27, 83, 81, 24, 13,7, 0,34, 2,64, 13, 38, 102, 2,09, Off, Off, Off, Off, On, Off, On, Off, Off, Off, Off, Rich
478.187, 938, 1,27, 83, 80, 24, 13,7, 0,34, 2,64, 13, 38, 102, 2,06, Off, Off, Off, Off, On, Off, On, Off, Off, Off, Off, Rich
478.234, 925, 1,28, 83, 80, 24, 13,8, 0,34, 2,64, 13, 38, 102, 2,04, Off, Off, Off, Off, On, Off, On, Off, Off, Off, Off, Rich
478.312, 950, 1,28, 83, 79, 24, 13,7, 0,34, 2,67, 13, 38, 102, 2,11, Off, Off, Off, Off, On, Off, On, Off, Off, Off, Off, Rich
478.359, 950, 1,27, 83, 79, 24, 13,7, 0,34, 2,67, 13, 38, 102, 2,11, Off, Off, Off, Off, On, Off, On, Off, Off, Off, Off, Rich
478.406, 938, 1,27, 83, 79, 24, 13,7, 0,34, 2,64, 13, 38, 102, 2,06, Off, Off, Off, Off, On, Off, On, Off, Off, Off, Off, Rich
478.453, 938, 1,27, 83, 78, 24, 13,8, 0,34, 2,65, 13, 38, 102, 2,07, Off, Off, Off, Off, On, Off, On, Off, Off, Off, Off, Rich
478.500, 938, 1,27, 83, 78, 24, 13,8, 0,34, 2,64, 13, 38, 102, 2,06, Off, Off, Off, Off, On, Off, On, Off, Off, Off, Off, Rich
478.546, 938, 1,28, 83, 78, 24, 13,8, 0,34, 2,65, 13, 38, 102, 2,07, Off, Off, Off, Off, On, Off, On, Off, Off, Off, Off, Rich
478.609, 900, 1,27, 83, 78, 24, 13,8, 0,34, 2,66, 13, 38, 102, 2, Off, Off, Off, Off, On, Off, On, Off, Off, Off, Off, Rich
478.671, 938, 1,28, 83, 78, 22, 13,6, 0,34, 2,67, 13, 38, 102, 2,09, Off, Off, Off, Off, On, Off, On, Off, Off, Off, Off, Rich
478.718, 925, 1,26, 83, 78, 22, 13,7, 0,34, 2,67, 13, 38, 102, 2,06, Off, Off, Off, Off, On, Off, On, Off, Off, Off, Off, Rich
478.765, 900, 1,26, 83, 78, 22, 13,7, 0,34, 2,67, 13, 38, 102, 2, Off, Off, Off, Off, On, Off, On, Off, Off, Off, Off, Rich
478.828, 900, 1,28, 83, 79, 22, 13,7, 0,34, 2,67, 13, 38, 102, 2, Off, Off, Off, Off, On, Off, On, Off, Off, Off, Off, Rich
478.875, 925, 1,27, 83, 79, 22, 13,7, 0,34, 2,67, 13, 38, 102, 2,06, Off, Off, Off, Off, On, Off, On, Off, Off, Off, Off, Rich
478.921, 900, 1,27, 83, 79, 22, 13,7, 0,34, 2,68, 13, 38, 102, 2,01, Off, Off, Off, Off, On, Off, On, Off, Off, Off, Off, Rich
478.968, 900, 1,26, 83, 79, 22, 13,7, 0,34, 2,7, 13, 38, 102, 2,03, Off, Off, Off, Off, On, Off, On, Off, Off, Off, Off, Rich
479.031, 925, 1,27, 83, 79, 22, 13,5, 0,34, 2,67, 13, 38, 102, 2,06, Off, Off, Off, Off, On, Off, On, Off, Off, Off, Off, Rich
479.078, 925, 1,28, 83, 79, 22, 13,7, 0,34, 2,67, 13, 38, 102, 2,06, Off, Off, Off, Off, On, Off, On, Off, Off, Off, Off, Rich
479.125, 900, 1,26, 83, 79, 22, 13,7, 0,34, 2,67, 13, 38, 102, 2, Off, Off, Off, Off, On, Off, On, Off, Off, Off, Off, Rich
479.187, 900, 1,26, 83, 79, 22, 13,7, 0,34, 2,67, 13, 38, 102, 2, Off, Off, Off, Off, On, Off, On, Off, Off, Off, Off, Rich
479.234, 900, 1,27, 83, 78, 22, 13,7, 0,34, 2,67, 13, 38, 102, 2, Off, Off, Off, Off, On, Off, On, Off, Off, Off, Off, Rich
479.281, 888, 1,27, 83, 79, 22, 13,7, 0,34, 2,68, 13, 38, 102, 1,98, Off, Off, Off, Off, On, Off, On, Off, Off, Off, Off, Rich
479.343, 900, 1,27, 83, 78, 24, 13,5, 0,34, 2,67, 13, 38, 102, 2, Off, Off, Off, Off, On, Off, On, Off, Off, Off, Off, Rich
479.390, 888, 1,27, 83, 78, 24, 13,8, 0,34, 2,68, 13, 38, 102, 1,98, Off, Off, Off, Off, On, Off, On, Off, Off, Off, Off, Rich
479.437, 875, 1,27, 83, 78, 24, 13,7, 0,34, 2,7, 13, 38, 102, 1,97, Off, Off, Off, Off, On, Off, On, Off, Off, Off, Off, Rich
479.500, 888, 1,26, 83, 77, 24, 13,7, 0,34, 2,7, 13, 38, 102, 2, Off, Off, Off, Off, On, Off, On, Off, Off, Off, Off, Rich
479.546, 862, 1,26, 83, 76, 24, 13,7, 0,34, 2,72, 13, 38, 102, 1,95, Off, Off, Off, Off, On, Off, On, Off, Off, Off, Off, Rich
479.609, 875, 1,27, 83, 74, 24, 13,7, 0,34, 2,71, 13, 38, 102, 1,98, Off, Off, Off, Off, On, Off, On, Off, Off, Off, Off, Rich
479.656, 875, 1,26, 83, 73, 24, 13,7, 0,34, 2,72, 13, 38, 102, 1,98, Off, Off, Off, Off, On, Off, On, Off, Off, Off, Off, Rich
479.734, 862, 1,26, 83, 73, 24, 13,7, 0,34, 2,72, 13, 38, 102, 1,95, Off, Off, Off, Off, On, Off, On, Off, Off, Off, Off, Rich
479.781, 862, 1,26, 83, 72, 24, 13,7, 0,34, 2,73, 13, 38, 102, 1,96, Off, Off, Off, Off, On, Off, On, Off, Off, Off, Off, Rich
479.828, 862, 1,26, 83, 72, 24, 13,7, 0,34, 2,73, 13, 38, 102, 1,96, Off, Off, Off, Off, On, Off, On, Off, Off, Off, Off, Rich
479.890, 875, 1,27, 83, 72, 24, 13,7, 0,34, 2,75, 13, 38, 102, 2,01, Off, Off, Off, Off, On, Off, On, Off, Off, Off, Off, Rich
479.937, 862, 1,27, 83, 71, 24, 13,6, 0,34, 2,76, 13, 38, 102, 1,98, Off, Off, Off, Off, On, Off, On, Off, Off, Off, Off, Rich
479.984, 838, 1,26, 83, 71, 24, 13,6, 0,34, 2,76, 13, 38, 102, 1,93, Off, Off, Off, Off, On, Off, On, Off, Off, Off, Off, Rich
480.046, 825, 1,27, 83, 70, 20, 13,7, 0,34, 2,78, 13, 38, 102, 1,91, Off, Off, Off, Off, On, Off, On, Off, Off, Off, Off, Rich
480.093, 825, 1,27, 83, 67, 20, 13,7, 0,34, 2,78, 13, 38, 102, 1,91, Off, Off, Off, Off, On, Off, On, Off, Off, Off, Off, Rich
480.140, 825, 1,26, 83, 67, 20, 13,7, 0,34, 2,78, 13, 38, 102, 1,91, Off, Off, Off, Off, On, Off, On, Off, Off, Off, Off, Rich
480.187, 825, 1,26, 83, 55, 20, 13,7, 0,34, 2,8, 13, 38, 102, 1,92, Off, Off, Off, Off, On, Off, On, Off, Off, Off, Off, Rich
480.234, 838, 1,27, 83, 41, 20, 13,7, 0,34, 2,83, 13, 38, 102, 1,98, Off, Off, Off, Off, On, Off, On, Off, Off, Off, Off, Rich
480.281, 812, 1,27, 83, 41, 20, 13,8, 0,34, 2,86, 13, 38, 102, 1,94, Off, Off, Off, Off, On, Off, On, Off, Off, Off, Off, Lean
480.343, 812, 1,26, 83, 24, 20, 13,7, 0,34, 2,87, 13, 38, 102, 1,94, Off, Off, Off, Off, On, Off, On, Off, Off, Off, Off, Lean
480.406, 825, 1,26, 83, 11, 20, 13,7, 0,34, 2,89, 13, 38, 102, 1,99, Off, Off, Off, Off, On, Off, On, Off, Off, Off, Off, Lean
480.453, 825, 1,27, 83, 11, 20, 13,4, 0,34, 2,92, 13, 38, 102, 2,01, Off, Off, Off, Off, On, Off, On, Off, Off, Off, Off, Lean
480.515, 825, 1,26, 83, 5, 20, 13,7, 0,34, 2,91, 13, 38, 102, 2, Off, Off, Off, Off, On, Off, On, Off, Off, Off, Off, Lean
480.562, 788, 1,26, 83, 3, 20, 13,7, 0,34, 2,93, 13, 38, 102, 1,92, Off, Off, Off, Off, On, Off, On, Off, Off, Off, Off, Lean
480.625, 825, 1,27, 83, 2, 20, 13,7, 0,34, 2,93, 13, 38, 102, 2,01, Off, Off, Off, Off, On, Off, On, Off, Off, Off, Off, Lean
480.671, 825, 1,26, 83, 2, 20, 13,7, 0,34, 2,96, 13, 38, 102, 2,04, Off, Off, Off, Off, On, Off, On, Off, Off, Off, Off, Lean
480.718, 825, 1,26, 83, 2, 20, 13,7, 0,34, 2,95, 13, 38, 102, 2,03, Off, Off, Off, Off, On, Off, On, Off, Off, Off, Off, Lean
480.765, 825, 1,26, 83, 2, 18, 13,5, 0,34, 2,97, 13, 38, 102, 2,04, Off, Off, Off, Off, On, Off, On, Off, Off, Off, Off, Lean
480.812, 812, 1,26, 83, 3, 18, 13,7, 0,34, 2,97, 13, 38, 102, 2,01, Off, Off, Off, Off, On, Off, On, Off, Off, Off, Off, Lean
480.859, 838, 1,26, 83, 3, 18, 13,7, 0,34, 2,96, 13, 38, 102, 2,07, Off, Off, Off, Off, On, Off, On, Off, Off, Off, Off, Lean
480.921, 825, 1,26, 83, 4, 18, 13,6, 0,34, 2,96, 13, 38, 102, 2,04, Off, Off, Off, Off, On, Off, On, Off, Off, Off, Off, Lean
480.968, 862, 1,26, 83, 5, 18, 13,6, 0,34, 2,97, 13, 38, 102, 2,13, Off, Off, Off, Off, On, Off, On, Off, Off, Off, Off, Lean
481.015, 862, 1,26, 83, 5, 18, 13,7, 0,34, 2,96, 13, 38, 102, 2,13, Off, Off, Off, Off, On, Off, On, Off, Off, Off, Off, Lean
481.078, 888, 1,26, 83, 9, 18, 13,4, 0,34, 2,94, 13, 38, 102, 2,18, Off, Off, Off, Off, On, Off, On, Off, Off, Off, Off, Lean
481.140, 925, 1,26, 83, 51, 18, 13,7, 0,34, 2,93, 13, 38, 100, 2,26, Off, Off, Off, Off, On, Off, On, Off, Off, Off, Off, Rich
481.187, 938, 1,26, 83, 69, 18, 13,7, 0,34, 2,83, 13, 38, 100, 2,21, Off, Off, Off, Off, On, Off, On, Off, Off, Off, Off, Rich
481.250, 988, 1,26, 83, 75, 18, 13,7, 0,34, 2,79, 13, 38, 100, 2,3, Off, Off, Off, Off, On, Off, On, Off, Off, Off, Off, Rich
481.296, 975, 1,27, 83, 77, 18, 13,7, 0,34, 2,74, 13, 38, 100, 2,23, Off, Off, Off, Off, On, Off, On, Off, Off, Off, Off, Rich
481.359, 988, 1,27, 83, 77, 18, 13,8, 0,34, 2,73, 13, 38, 100, 2,25, Off, Off, Off, Off, On, Off, On, Off, Off, Off, Off, Rich
481.406, 950, 1,27, 83, 75, 18, 13,7, 0,34, 2,71, 13, 38, 100, 2,15, Off, Off, Off, Off, On, Off, On, Off, Off, Off, Off, Rich
481.453, 938, 1,27, 83, 75, 16, 13,7, 0,34, 2,67, 13, 38, 100, 2,09, Off, Off, Off, Off, On, Off, On, Off, Off, Off, Off, Rich
481.500, 938, 1,27, 83, 74, 16, 13,7, 0,34, 2,67, 13, 38, 100, 2,09, Off, Off, Off, Off, On, Off, On, Off, Off, Off, Off, Rich
481.562, 925, 1,28, 83, 72, 16, 13,8, 0,34, 2,64, 13, 38, 100, 2,04, Off, Off, Off, Off, On, Off, On, Off, Off, Off, Off, Rich
481.609, 938, 1,27, 83, 68, 16, 13,5, 0,34, 2,64, 13, 38, 100, 2,06, Off, Off, Off, Off, On, Off, On, Off, Off, Off, Off, Rich
481.656, 938, 1,27, 83, 36, 16, 13,7, 0,34, 2,63, 13, 38, 100, 2,06, Off, Off, Off, Off, On, Off, On, Off, Off, Off, Off, Rich
481.718, 938, 1,27, 83, 14, 16, 13,7, 0,34, 2,67, 13, 38, 100, 2,09, Off, Off, Off, Off, On, Off, On, Off, Off, Off, Off, Lean
481.765, 938, 1,27, 83, 14, 16, 13,7, 0,34, 2,68, 13, 38, 100, 2,09, Off, Off, Off, Off, On, Off, On, Off, Off, Off, Off, Lean
481.828, 925, 1,26, 83, 6, 16, 13,4, 0,34, 2,67, 13, 38, 100, 2,06, Off, Off, Off, Off, On, Off, On, Off, Off, Off, Off, Lean
481.890, 900, 1,27, 83, 3, 16, 13,7, 0,34, 2,67, 13, 38, 100, 2, Off, Off, Off, Off, On, Off, On, Off, Off, Off, Off, Lean
481.937, 925, 1,27, 83, 2, 16, 13,7, 0,34, 2,69, 13, 38, 100, 2,07, Off, Off, Off, Off, On, Off, On, Off, Off, Off, Off, Lean
481.984, 925, 1,27, 83, 2, 16, 13,7, 0,34, 2,68, 13, 38, 100, 2,07, Off, Off, Off, Off, On, Off, On, Off, Off, Off, Off, Lean
482.046, 925, 1,27, 83, 1, 16, 13,7, 0,34, 2,69, 13, 38, 100, 2,07, Off, Off, Off, Off, On, Off, On, Off, Off, Off, Off, Lean
482.093, 938, 1,26, 83, 1, 16, 13,6, 0,34, 2,69, 13, 38, 100, 2,1, Off, Off, Off, Off, On, Off, On, Off, Off, Off, Off, Lean
482.140, 925, 1,27, 83, 2, 16, 13,6, 0,34, 2,7, 13, 38, 100, 2,08, Off, Off, Off, Off, On, Off, On, Off, Off, Off, Off, Lean
482.187, 900, 1,27, 83, 2, 14, 13,6, 0,34, 2,69, 13, 38, 100, 2,02, Off, Off, Off, Off, On, Off, On, Off, Off, Off, Off, Lean
482.234, 925, 1,27, 83, 2, 14, 13,7, 0,34, 2,69, 13, 38, 100, 2,07, Off, Off, Off, Off, On, Off, On, Off, Off, Off, Off, Lean
482.281, 925, 1,27, 83, 2, 14, 13,7, 0,34, 2,71, 13, 38, 100, 2,09, Off, Off, Off, Off, On, Off, On, Off, Off, Off, Off, Lean
482.343, 900, 1,26, 83, 2, 14, 13,7, 0,34, 2,69, 13, 38, 100, 2,02, Off, Off, Off, Off, On, Off, On, Off, Off, Off, Off, Lean
482.390, 900, 1,26, 83, 2, 14, 13,7, 0,34, 2,69, 13, 38, 100, 2,02, Off, Off, Off, Off, On, Off, On, Off, Off, Off, Off, Lean
482.437, 925, 1,27, 83, 2, 14, 13,7, 0,34, 2,7, 13, 38, 100, 2,08, Off, Off, Off, Off, On, Off, On, Off, Off, Off, Off, Lean
482.515, 900, 1,26, 83, 2, 14, 13,7, 0,34, 2,72, 13, 38, 100, 2,04, Off, Off, Off, Off, On, Off, On, Off, Off, Off, Off, Lean
482.578, 888, 1,27, 83, 2, 14, 13,7, 0,34, 2,72, 13, 38, 100, 2,01, Off, Off, Off, Off, On, Off, On, Off, Off, Off, Off, Lean
482.625, 888, 1,27, 83, 2, 14, 13,7, 0,34, 2,74, 13, 38, 100, 2,03, Off, Off, Off, Off, On, Off, On, Off, Off, Off, Off, Lean
482.671, 900, 1,26, 83, 2, 14, 13,7, 0,34, 2,73, 13, 38, 100, 2,05, Off, Off, Off, Off, On, Off, On, Off, Off, Off, Off, Lean
482.734, 900, 1,27, 83, 2, 14, 13,7, 0,34, 2,73, 13, 38, 100, 2,05, Off, Off, Off, Off, On, Off, On, Off, Off, Off, Off, Lean
482.781, 888, 1,27, 83, 3, 14, 13,7, 0,34, 2,74, 13, 38, 100, 2,03, Off, Off, Off, Off, On, Off, On, Off, Off, Off, Off, Lean
482.843, 888, 1,27, 83, 3, 14, 13,7, 0,34, 2,74, 13, 38, 100, 2,03, Off, Off, Off, Off, On, Off, On, Off, Off, Off, Off, Lean
482.890, 875, 1,26, 83, 3, 14, 13,7, 0,34, 2,75, 13, 38, 100, 2,01, Off, Off, Off, Off, On, Off, On, Off, Off, Off, Off, Lean
482.937, 888, 1,25, 83, 4, 14, 13,7, 0,34, 2,75, 11, 38, 100, 2,04, Off, Off, Off, Off, On, Off, On, Off, Off, Off, Off, Lean
482.984, 875, 1,26, 83, 4, 14, 13,7, 0,34, 2,75, 9, 38, 100, 2,01, Off, Off, Off, Off, On, Off, On, Off, Off, Off, Off, Lean
483.031, 875, 1,27, 83, 4, 14, 13,6, 0,34, 2,76, 6, 38, 100, 2,01, Off, Off, Off, Off, On, Off, On, Off, Off, Off, Off, Lean
483.093, 862, 1,26, 83, 4, 14, 13,6, 0,34, 2,78, 4, 38, 100, 2, Off, Off, Off, Off, On, Off, On, Off, Off, Off, Off, Lean
483.140, 825, 1,26, 83, 4, 14, 13,6, 0,34, 2,8, 3, 38, 100, 1,92, Off, Off, Off, Off, On, Off, On, Off, Off, Off, Off, Lean
483.218, 788, 1,26, 83, 5, 14, 13,7, 0,34, 2,81, 3, 38, 100, 1,85, Off, Off, Off, Off, On, Off, On, Off, Off, Off, Off, Lean
483.265, 788, 1,27, 83, 5, 14, 13,6, 0,34, 2,83, 3, 38, 100, 1,86, Off, Off, Off, Off, On, Off, On, Off, Off, Off, Off, Lean
483.312, 775, 1,26, 83, 5, 14, 13,7, 0,34, 2,86, 3, 38, 100, 1,85, Off, Off, Off, Off, On, Off, On, Off, Off, Off, Off, Lean
483.375, 762, 1,26, 83, 5, 14, 13,6, 0,34, 2,89, 3, 38, 100, 1,84, Off, Off, Off, Off, On, Off, On, Off, Off, Off, Off, Lean
483.421, 775, 1,27, 83, 6, 14, 13,7, 0,34, 2,92, 3, 38, 100, 1,89, Off, Off, Off, Off, On, Off, On, Off, Off, Off, Off, Lean
483.484, 762, 1,26, 83, 6, 14, 13,6, 0,34, 2,96, 3, 38, 100, 1,88, Off, Off, Off, Off, On, Off, On, Off, Off, Off, Off, Lean
483.546, 762, 1,26, 83, 6, 14, 13,6, 0,34, 3,02, 3, 38, 100, 1,92, Off, Off, Off, Off, On, Off, On, Off, Off, Off, Off, Lean
483.593, 762, 1,25, 83, 4, 14, 13,6, 0,34, 3,01, 3, 38, 100, 1,91, Off, Off, Off, Off, On, Off, On, Off, Off, Off, Off, Lean
483.640, 725, 1,27, 83, 3, 14, 13,7, 0,34, 3,05, 3, 38, 100, 1,84, Off, Off, Off, Off, On, Off, On, Off, Off, Off, Off, Lean
483.703, 738, 1,26, 83, 3, 14, 13,6, 0,34, 3,08, 3, 38, 100, 1,89, Off, Off, Off, Off, On, Off, On, Off, Off, Off, Off, Lean
483.750, 738, 1,25, 83, 3, 14, 13,7, 0,34, 3,16, 3, 38, 100, 1,94, Off, Off, Off, Off, On, Off, On, Off, Off, Off, Off, Lean
483.781, 762, 1,26, 83, 3, 14, 13,6, 0,34, 3,2, 3, 38, 100, 2,03, Off, Off, Off, Off, On, Off, On, Off, Off, Off, Off, Lean
483.859, 762, 1,26, 83, 3, 14, 13,6, 0,34, 3,2, 3, 38, 100, 2,03, Off, Off, Off, Off, On, Off, On, Off, Off, Off, Off, Lean
483.921, 725, 1,25, 83, 4, 14, 13,6, 0,34, 3,22, 3, 38, 100, 1,95, Off, Off, Off, Off, On, Off, On, Off, Off, Off, Off, Lean
483.984, 762, 1,26, 83, 4, 14, 13,4, 0,34, 3,23, 3, 38, 100, 2,05, Off, Off, Off, Off, On, Off, On, Off, Off, Off, Off, Lean
484.031, 738, 1,26, 83, 6, 14, 13,7, 0,34, 3,24, 3, 38, 100, 1,99, Off, Off, Off, Off, On, Off, On, Off, Off, Off, Off, Lean
484.078, 738, 1,25, 83, 30, 14, 13,7, 0,34, 3,24, 3, 38, 100, 1,99, Off, Off, Off, Off, On, Off, On, Off, Off, Off, Off, Lean
484.140, 775, 1,25, 83, 71, 14, 13,5, 0,34, 3,25, 3, 38, 100, 2,1, Off, Off, Off, Off, On, Off, On, Off, Off, Off, Off, Lean
484.187, 738, 1,25, 83, 71, 14, 13,6, 0,34, 3,2, 3, 38, 102, 1,97, Off, Off, Off, Off, On, Off, On, Off, Off, Off, Off, Rich
484.250, 738, 1,25, 83, 78, 14, 13,6, 0,34, 3,19, 3, 38, 102, 1,96, Off, Off, Off, Off, On, Off, On, Off, Off, Off, Off, Rich
484.296, 762, 1,26, 83, 81, 10, 13,7, 0,34, 3,19, 3, 38, 102, 2,03, Off, Off, Off, Off, On, Off, On, Off, Off, Off, Off, Rich
484.359, 762, 1,26, 83, 83, 10, 13,6, 0,34, 3,22, 3, 38, 102, 2,04, Off, Off, Off, Off, On, Off, On, Off, Off, Off, Off, Rich
484.406, 762, 1,25, 83, 83, 10, 13,6, 0,34, 3,17, 3, 38, 102, 2,01, Off, Off, Off, Off, On, Off, On, Off, Off, Off, Off, Rich
484.453, 725, 1,25, 83, 84, 10, 13,7, 0,34, 3,2, 3, 38, 102, 1,93, Off, Off, Off, Off, On, Off, On, Off, Off, Off, Off, Rich
484.515, 762, 1,26, 83, 84, 10, 13,6, 0,34, 3,21, 3, 38, 102, 2,04, Off, Off, Off, Off, On, Off, On, Off, Off, Off, Off, Rich
484.562, 738, 1,26, 83, 85, 10, 13,7, 0,34, 3,18, 4, 38, 102, 1,96, Off, Off, Off, Off, On, Off, On, Off, Off, Off, Off, Rich
484.625, 762, 1,25, 83, 85, 10, 13,6, 0,34, 3,2, 3, 38, 102, 2,03, Off, Off, Off, Off, On, Off, On, Off, Off, Off, Off, Rich
484.687, 762, 1,26, 83, 85, 10, 13,5, 0,34, 3,21, 3, 38, 102, 2,04, Off, Off, Off, Off, On, Off, On, Off, Off, Off, Off, Rich
484.734, 738, 1,25, 83, 85, 10, 13,6, 0,34, 3,17, 3, 38, 102, 1,95, Off, Off, Off, Off, On, Off, On, Off, Off, Off, Off, Rich
484.796, 762, 1,25, 83, 85, 10, 13,5, 0,34, 3,2, 3, 38, 102, 2,03, Off, Off, Off, Off, On, Off, On, Off, Off, Off, Off, Rich
484.843, 762, 1,26, 83, 85, 10, 13,7, 0,34, 3,16, 3, 38, 102, 2,01, Off, Off, Off, Off, On, Off, On, Off, Off, Off, Off, Rich
484.890, 762, 1,25, 83, 85, 10, 13,6, 0,34, 3,14, 3, 38, 102, 1,99, Off, Off, Off, Off, On, Off, On, Off, Off, Off, Off, Rich
484.937, 762, 1,26, 83, 85, 10, 13,7, 0,34, 3,2, 3, 38, 102, 2,03, Off, Off, Off, Off, On, Off, On, Off, Off, Off, Off, Rich
484.984, 762, 1,26, 83, 85, 6, 13,7, 0,34, 3,14, 3, 38, 102, 1,99, Off, Off, Off, Off, On, Off, On, Off, Off, Off, Off, Rich
485.046, 788, 1,25, 83, 85, 6, 13,6, 0,34, 3,08, 3, 38, 102, 2,02, Off, Off, Off, Off, On, Off, On, Off, Off, Off, Off, Rich
485.093, 788, 1,25, 83, 85, 6, 13,6, 0,34, 3,09, 3, 38, 102, 2,03, Off, Off, Off, Off, On, Off, On, Off, Off, Off, Off, Rich
485.140, 762, 1,25, 83, 85, 6, 13,7, 0,34, 3,1, 3, 38, 102, 1,97, Off, Off, Off, Off, On, Off, On, Off, Off, Off, Off, Rich
485.203, 788, 1,24, 83, 85, 6, 13,7, 0,34, 3,06, 3, 38, 102, 2,01, Off, Off, Off, Off, On, Off, On, Off, Off, Off, Off, Rich
485.250, 775, 1,25, 83, 85, 6, 13,5, 0,34, 3,08, 3, 38, 102, 1,99, Off, Off, Off, Off, On, Off, On, Off, Off, Off, Off, Rich
485.312, 775, 1,25, 83, 84, 6, 13,6, 0,34, 3,09, 3, 38, 102, 2, Off, Off, Off, Off, On, Off, On, Off, Off, Off, Off, Rich
485.359, 775, 1,25, 83, 84, 6, 13,7, 0,34, 3,06, 3, 38, 102, 1,98, Off, Off, Off, Off, On, Off, On, Off, Off, Off, Off, Rich
485.421, 775, 1,25, 83, 84, 6, 13,6, 0,34, 3,07, 3, 38, 102, 1,98, Off, Off, Off, Off, On, Off, On, Off, Off, Off, Off, Rich
485.468, 762, 1,25, 83, 83, 6, 13,7, 0,34, 3,09, 3, 38, 102, 1,96, Off, Off, Off, Off, On, Off, On, Off, Off, Off, Off, Rich
485.531, 775, 1,25, 83, 83, 6, 13,7, 0,34, 3,06, 3, 38, 102, 1,98, Off, Off, Off, Off, On, Off, On, Off, Off, Off, Off, Rich
485.578, 762, 1,25, 83, 83, 6, 13,7, 0,34, 3,1, 3, 38, 102, 1,97, Off, Off, Off, Off, On, Off, On, Off, Off, Off, Off, Rich
485.625, 738, 1,25, 83, 83, 6, 13,7, 0,34, 3,11, 3, 38, 102, 1,91, Off, Off, Off, Off, On, Off, On, Off, Off, Off, Off, Rich
485.687, 762, 1,25, 83, 83, 6, 13,7, 0,34, 3,09, 3, 38, 102, 1,96, Off, Off, Off, Off, On, Off, On, Off, Off, Off, Off, Rich
485.734, 738, 1,25, 83, 82, 6, 13,7, 0,34, 3,13, 3, 38, 102, 1,92, Off, Off, Off, Off, On, Off, On, Off, Off, Off, Off, Rich
485.781, 762, 1,25, 83, 82, 6, 13,7, 0,34, 3,11, 3, 37, 102, 1,97, Off, Off, Off, Off, On, Off, On, Off, Off, Off, Off, Rich
485.843, 762, 1,25, 83, 82, 6, 13,7, 0,34, 3,06, 3, 37, 102, 1,94, Off, Off, Off, Off, On, Off, On, Off, Off, Off, Off, Rich
485.890, 762, 1,24, 83, 83, 6, 13,7, 0,34, 3,06, 3, 37, 102, 1,94, Off, Off, Off, Off, On, Off, On, Off, Off, Off, Off, Rich
485.937, 738, 1,24, 83, 83, 6, 13,7, 0,34, 3,09, 3, 37, 102, 1,9, Off, Off, Off, Off, On, Off, On, Off, Off, Off, Off, Rich
486.015, 738, 1,25, 83, 83, 6, 13,7, 0,34, 3,1, 3, 37, 102, 1,91, Off, Off, Off, Off, On, Off, On, Off, Off, Off, Off, Rich
486.062, 738, 1,23, 83, 83, 6, 13,6, 0,34, 3,08, 3, 37, 102, 1,89, Off, Off, Off, Off, On, Off, On, Off, Off, Off, Off, Rich
486.109, 725, 1,25, 83, 83, 6, 13,7, 0,34, 3,09, 5, 37, 102, 1,87, Off, Off, Off, Off, On, Off, On, Off, Off, Off, Off, Rich
486.156, 738, 1,24, 83, 83, 6, 13,7, 0,34, 3,1, 3, 37, 102, 1,91, Off, Off, Off, Off, On, Off, On, Off, Off, Off, Off, Rich
486.203, 738, 1,23, 83, 83, 6, 13,7, 0,34, 3,06, 3, 37, 102, 1,88, Off, Off, Off, Off, On, Off, On, Off, Off, Off, Off, Rich
486.250, 738, 1,25, 83, 83, 6, 13,7, 0,34, 3,11, 3, 37, 102, 1,91, Off, Off, Off, Off, On, Off, On, Off, Off, Off, Off, Rich
486.312, 762, 1,24, 83, 83, 6, 13,7, 0,34, 3,06, 5, 37, 102, 1,94, Off, Off, Off, Off, On, Off, On, Off, Off, Off, Off, Rich
486.359, 725, 1,24, 83, 83, 6, 13,7, 0,34, 3,13, 3, 37, 102, 1,89, Off, Off, Off, Off, On, Off, On, Off, Off, Off, Off, Rich
486.421, 738, 1,25, 83, 83, 6, 13,8, 0,34, 3,12, 3, 37, 102, 1,92, Off, Off, Off, Off, On, Off, On, Off, Off, Off, Off, Rich
486.468, 725, 1,24, 83, 83, 6, 13,7, 0,34, 3,12, 5, 37, 102, 1,88, Off, Off, Off, Off, On, Off, On, Off, Off, Off, Off, Rich
486.531, 762, 1,24, 83, 83, 6, 13,7, 0,34, 3,11, 4, 37, 102, 1,97, Off, Off, Off, Off, On, Off, On, Off, Off, Off, Off, Rich
486.578, 725, 1,24, 83, 83, 6, 13,7, 0,34, 3,09, 4, 37, 102, 1,87, Off, Off, Off, Off, On, Off, On, Off, Off, Off, Off, Rich
486.625, 738, 1,23, 83, 83, 6, 13,7, 0,34, 3,03, 4, 37, 102, 1,86, Off, Off, Off, Off, On, Off, On, Off, Off, Off, Off, Rich
486.671, 738, 1,24, 83, 83, 6, 13,7, 0,34, 3,04, 3, 37, 102, 1,87, Off, Off, Off, Off, On, Off, On, Off, Off, Off, Off, Rich
486.734, 738, 1,24, 83, 83, 6, 13,7, 0,34, 3, 3, 37, 102, 1,85, Off, Off, Off, Off, On, Off, On, Off, Off, Off, Off, Rich
486.781, 738, 1,23, 83, 83, 6, 13,6, 0,34, 3,06, 3, 37, 102, 1,88, Off, Off, Off, Off, On, Off, On, Off, Off, Off, Off, Rich
486.828, 725, 1,24, 83, 83, 6, 13,8, 0,34, 3,05, 5, 37, 102, 1,84, Off, Off, Off, Off, On, Off, On, Off, Off, Off, Off, Rich
486.890, 725, 1,23, 83, 83, 6, 13,7, 0,34, 3, 3, 36, 102, 1,81, Off, Off, Off, Off, On, Off, On, Off, Off, Off, Off, Rich
486.937, 738, 1,22, 83, 82, 6, 13,4, 0,34, 3,11, 3, 36, 102, 1,91, Off, Off, Off, Off, On, Off, On, Off, Off, Off, Off, Rich
487.000, 762, 1,23, 83, 82, 6, 13,4, 0,34, 3,01, 3, 36, 102, 1,91, Off, Off, Off, Off, On, Off, On, Off, Off, Off, Off, Rich
487.046, 738, 1,23, 83, 82, 6, 13,6, 0,34, 2,96, 5, 36, 102, 1,82, Off, Off, Off, Off, On, Off, On, Off, Off, Off, Off, Rich
487.093, 725, 1,22, 83, 81, 4, 13,6, 0,34, 3,03, 3, 36, 102, 1,83, Off, Off, Off, Off, On, Off, On, Off, Off, Off, Off, Rich
487.156, 738, 1,23, 83, 82, 4, 13,6, 0,34, 3,04, 4, 36, 102, 1,87, Off, Off, Off, Off, On, Off, On, Off, Off, Off, Off, Rich
487.203, 712, 1,23, 83, 82, 4, 13,6, 0,34, 3,03, 5, 36, 102, 1,8, Off, Off, Off, Off, On, Off, On, Off, Off, Off, Off, Rich
487.265, 738, 1,22, 83, 81, 4, 13,8, 0,34, 3,01, 5, 36, 102, 1,85, Off, Off, Off, Off, On, Off, On, Off, Off, Off, Off, Rich
487.312, 725, 1,23, 83, 81, 4, 13,8, 0,34, 3,03, 4, 36, 102, 1,83, Off, Off, Off, Off, On, Off, On, Off, Off, Off, Off, Rich
487.359, 762, 1,24, 83, 81, 4, 13,8, 0,34, 3, 3, 36, 102, 1,9, Off, Off, Off, Off, On, Off, On, Off, Off, Off, Off, Rich
487.437, 725, 1,23, 83, 79, 4, 13,8, 0,34, 2,99, 3, 36, 102, 1,81, Off, Off, Off, Off, On, Off, On, Off, Off, Off, Off, Rich
487.484, 762, 1,23, 83, 78, 4, 13,8, 0,34, 2,97, 3, 36, 102, 1,89, Off, Off, Off, Off, On, Off, On, Off, Off, Off, Off, Rich
487.531, 762, 1,24, 83, 78, 4, 13,8, 0,34, 2,92, 3, 36, 102, 1,85, Off, Off, Off, Off, On, Off, On, Off, Off, Off, Off, Rich
487.593, 738, 1,23, 83, 78, 4, 13,8, 0,34, 2,94, 3, 36, 102, 1,81, Off, Off, Off, Off, On, Off, On, Off, Off, Off, Off, Rich
487.656, 762, 1,23, 83, 77, 4, 13,7, 0,34, 2,95, 3, 36, 102, 1,87, Off, Off, Off, Off, On, Off, On, Off, Off, Off, Off, Rich
487.703, 762, 1,24, 83, 77, 4, 13,5, 0,34, 2,93, 3, 36, 102, 1,86, Off, Off, Off, Off, On, Off, On, Off, Off, Off, Off, Rich
487.750, 738, 1,23, 83, 74, 4, 13,8, 0,34, 2,91, 3, 36, 102, 1,79, Off, Off, Off, Off, On, Off, On, Off, Off, Off, Off, Rich
487.812, 738, 1,24, 83, 72, 6, 13,8, 0,34, 2,96, 3, 36, 102, 1,82, Off, Off, Off, Off, On, Off, On, Off, Off, Off, Off, Rich
487.859, 725, 1,23, 83, 71, 6, 13,7, 0,34, 3, 3, 36, 102, 1,81, Off, Off, Off, Off, On, Off, On, Off, Off, Off, Off, Rich
487.921, 762, 1,22, 83, 71, 6, 13,7, 0,34, 2,95, 3, 36, 102, 1,87, Off, Off, Off, Off, On, Off, On, Off, Off, Off, Off, Rich
487.968, 762, 1,22, 83, 70, 6, 13,8, 0,34, 2,94, 3, 36, 102, 1,87, Off, Off, Off, Off, On, Off, On, Off, Off, Off, Off, Rich
488.015, 762, 1,23, 83, 68, 6, 13,8, 0,34, 2,91, 3, 36, 102, 1,85, Off, Off, Off, Off, On, Off, On, Off, Off, Off, Off, Rich
488.078, 762, 1,22, 83, 68, 6, 13,8, 0,34, 2,88, 3, 36, 102, 1,83, Off, Off, Off, Off, On, Off, On, Off, Off, Off, Off, Rich
488.125, 738, 1,23, 83, 67, 6, 13,8, 0,34, 2,91, 3, 36, 102, 1,79, Off, Off, Off, Off, On, Off, On, Off, Off, Off, Off, Rich
488.187, 762, 1,24, 83, 66, 6, 13,8, 0,34, 2,92, 3, 36, 102, 1,85, Off, Off, Off, Off, On, Off, On, Off, Off, Off, Off, Rich
488.234, 775, 1,22, 83, 66, 6, 13,7, 0,34, 2,86, 3, 36, 102, 1,85, Off, Off, Off, Off, On, Off, On, Off, Off, Off, Off, Rich
488.281, 725, 1,22, 83, 66, 6, 13,7, 0,34, 2,91, 3, 35, 102, 1,76, Off, Off, Off, Off, On, Off, On, Off, Off, Off, Off, Rich
488.343, 762, 1,23, 83, 66, 6, 13,4, 0,34, 2,85, 3, 35, 102, 1,81, Off, Off, Off, Off, On, Off, On, Off, Off, Off, Off, Rich
488.390, 738, 1,21, 83, 62, 6, 13,6, 0,34, 2,9, 3, 35, 102, 1,78, Off, Off, Off, Off, On, Off, On, Off, Off, Off, Off, Rich
488.453, 738, 1,21, 83, 54, 6, 13,6, 0,34, 2,94, 5, 35, 102, 1,81, Off, Off, Off, Off, On, Off, On, Off, Off, Off, Off, Rich
488.500, 738, 1,22, 83, 54, 6, 13,5, 0,34, 2,9, 4, 35, 102, 1,78, Off, Off, Off, Off, On, Off, On, Off, Off, Off, Off, Rich
488.546, 725, 1,21, 83, 35, 6, 13,6, 0,34, 2,94, 4, 35, 101, 1,78, Off, Off, Off, Off, On, Off, On, Off, Off, Off, Off, Lean
488.609, 725, 1,21, 83, 17, 6, 13,6, 0,34, 3, 5, 35, 101, 1,81, Off, Off, Off, Off, On, Off, On, Off, Off, Off, Off, Lean
488.656, 712, 1,22, 83, 8, 6, 13,7, 0,34, 2,97, 3, 35, 101, 1,76, Off, Off, Off, Off, On, Off, On, Off, Off, Off, Off, Lean
488.703, 738, 1,21, 83, 8, 6, 13,7, 0,34, 2,98, 5, 35, 101, 1,83, Off, Off, Off, Off, On, Off, On, Off, Off, Off, Off, Lean
488.765, 725, 1,22, 83, 4, 6, 13,8, 0,34, 2,98, 3, 35, 101, 1,8, Off, Off, Off, Off, On, Off, On, Off, Off, Off, Off, Lean
488.843, 738, 1,22, 83, 4, 6, 13,6, 0,34, 2,98, 5, 35, 101, 1,83, Off, Off, Off, Off, On, Off, On, Off, Off, Off, Off, Lean
488.890, 725, 1,22, 83, 2, 6, 13,8, 0,34, 2,96, 5, 35, 101, 1,79, Off, Off, Off, Off, On, Off, On, Off, Off, Off, Off, Lean
488.921, 725, 1,22, 83, 1, 6, 13,8, 0,34, 3,01, 5, 35, 101, 1,82, Off, Off, Off, Off, On, Off, On, Off, Off, Off, Off, Lean
489.000, 712, 1,22, 83, 1, 6, 13,7, 0,34, 2,96, 4, 35, 101, 1,76, Off, Off, Off, Off, On, Off, On, Off, Off, Off, Off, Lean
489.062, 725, 1,2, 83, 1, 6, 13,5, 0,34, 2,93, 4, 35, 101, 1,77, Off, Off, Off, Off, On, Off, On, Off, Off, Off, Off, Lean
489.109, 725, 1,2, 83, 1, 6, 13,6, 0,34, 3, 5, 35, 101, 1,81, Off, Off, Off, Off, On, Off, On, Off, Off, Off, Off, Lean
489.156, 688, 1,2, 83, 1, 6, 13,5, 0,34, 2,98, 5, 35, 101, 1,71, Off, Off, Off, Off, On, Off, On, Off, Off, Off, Off, Lean
489.218, 712, 1,2, 83, 1, 6, 13,6, 0,34, 3, 7, 35, 101, 1,78, Off, Off, Off, Off, On, Off, On, Off, Off, Off, Off, Lean
489.265, 688, 1,2, 83, 2, 6, 13,7, 0,34, 3,02, 7, 35, 101, 1,73, Off, Off, Off, Off, On, Off, On, Off, Off, Off, Off, Lean
489.296, 712, 1,21, 83, 2, 6, 13,7, 0,34, 2,98, 6, 35, 101, 1,77, Off, Off, Off, Off, On, Off, On, Off, Off, Off, Off, Lean
489.375, 688, 1,2, 83, 2, 6, 13,7, 0,34, 3,03, 7, 34, 101, 1,74, Off, Off, Off, Off, On, Off, On, Off, Off, Off, Off, Lean
489.421, 712, 1,2, 83, 3, 6, 13,8, 0,34, 3,03, 7, 34, 101, 1,8, Off, Off, Off, Off, On, Off, On, Off, Off, Off, Off, Lean
489.500, 712, 1,2, 83, 3, 6, 13,7, 0,34, 2,97, 6, 34, 101, 1,76, Off, Off, Off, Off, On, Off, On, Off, Off, Off, Off, Lean
489.546, 725, 1,2, 83, 5, 6, 13,8, 0,34, 2,97, 7, 34, 101, 1,79, Off, Off, Off, Off, On, Off, On, Off, Off, Off, Off, Lean
489.593, 712, 1,2, 83, 10, 6, 13,7, 0,34, 2,96, 5, 34, 101, 1,76, Off, Off, Off, Off, On, Off, On, Off, Off, Off, Off, Lean
489.656, 762, 1,2, 83, 10, 6, 13,5, 0,34, 2,92, 4, 34, 101, 1,85, Off, Off, Off, Off, On, Off, On, Off, Off, Off, Off, Lean
489.703, 725, 1,2, 83, 33, 6, 13,7, 0,34, 2,95, 5, 34, 101, 1,78, Off, Off, Off, Off, On, Off, On, Off, Off, Off, Off, Lean
489.750, 738, 1,2, 83, 58, 6, 13,6, 0,34, 2,94, 4, 34, 101, 1,81, Off, Off, Off, Off, On, Off, On, Off, Off, Off, Off, Lean
489.812, 725, 1,2, 83, 58, 6, 13,6, 0,34, 2,9, 5, 34, 99, 1,75, Off, Off, Off, Off, On, Off, On, Off, Off, Off, Off, Rich
489.859, 725, 1,19, 83, 67, 6, 13,6, 0,34, 2,92, 5, 34, 99, 1,76, Off, Off, Off, Off, On, Off, On, Off, Off, Off, Off, Rich
489.906, 688, 1,2, 83, 71, 6, 13,6, 0,34, 2,9, 5, 34, 99, 1,66, Off, Off, Off, Off, On, Off, On, Off, Off, Off, Off, Rich
489.968, 712, 1,19, 83, 71, 6, 13,6, 0,34, 2,92, 7, 34, 99, 1,73, Off, Off, Off, Off, On, Off, On, Off, Off, Off, Off, Rich
490.015, 688, 1,18, 83, 73, 6, 13,6, 0,34, 2,95, 11, 34, 99, 1,69, Off, Off, Off, Off, On, Off, On, Off, Off, Off, Off, Rich
490.062, 688, 1,2, 83, 73, 6, 13,6, 0,34, 2,95, 11, 33, 99, 1,69, Off, Off, Off, Off, On, Off, On, Off, Off, Off, Off, Rich
490.093, 675, 1,18, 83, 74, 6, 13,8, 0,34, 2,95, 10, 33, 99, 1,66, Off, Off, Off, Off, On, Off, On, Off, Off, Off, Off, Rich
490.171, 725, 1,19, 83, 73, 6, 13,7, 0,34, 2,93, 8, 33, 99, 1,77, Off, Off, Off, Off, On, Off, On, Off, Off, Off, Off, Rich
490.234, 675, 1,19, 83, 73, 6, 13,7, 0,34, 2,87, 7, 33, 99, 1,61, Off, Off, Off, Off, On, Off, On, Off, Off, Off, Off, Rich
490.281, 688, 1,18, 83, 73, 6, 13,7, 0,34, 2,89, 6, 33, 99, 1,66, Off, Off, Off, Off, On, Off, On, Off, Off, Off, Off, Rich
490.343, 688, 1,2, 83, 73, 6, 13,7, 0,34, 2,93, 7, 33, 99, 1,68, Off, Off, Off, Off, On, Off, On, Off, Off, Off, Off, Rich
490.390, 688, 1,2, 83, 73, 6, 13,8, 0,34, 2,87, 7, 33, 99, 1,65, Off, Off, Off, Off, On, Off, On, Off, Off, Off, Off, Rich
490.437, 725, 1,19, 83, 75, 6, 13,7, 0,34, 2,89, 7, 33, 99, 1,75, Off, Off, Off, Off, On, Off, On, Off, Off, Off, Off, Rich
490.500, 725, 1,2, 83, 75, 6, 13,4, 0,34, 2,88, 7, 33, 99, 1,74, Off, Off, Off, Off, On, Off, On, Off, Off, Off, Off, Rich
490.546, 712, 1,18, 83, 74, 6, 13,5, 0,34, 2,87, 7, 33, 99, 1,7, Off, Off, Off, Off, On, Off, On, Off, Off, Off, Off, Rich
490.593, 688, 1,19, 83, 75, 6, 13,5, 0,34, 2,88, 7, 33, 99, 1,65, Off, Off, Off, Off, On, Off, On, Off, Off, Off, Off, Rich
490.656, 675, 1,18, 83, 75, 4, 13,6, 0,34, 2,87, 7, 33, 99, 1,61, Off, Off, Off, Off, On, Off, On, Off, Off, Off, Off, Rich
490.703, 675, 1,18, 83, 73, 4, 13,6, 0,34, 2,91, 7, 33, 99, 1,64, Off, Off, Off, Off, On, Off, On, Off, Off, Off, Off, Rich
490.750, 688, 1,2, 83, 73, 4, 13,6, 0,34, 2,91, 11, 33, 99, 1,67, Off, Off, Off, Off, On, Off, On, Off, Off, Off, Off, Rich
490.796, 688, 1,18, 83, 72, 4, 13,7, 0,34, 2,91, 10, 33, 99, 1,67, Off, Off, Off, Off, On, Off, On, Off, Off, Off, Off, Rich
490.843, 688, 1,19, 83, 65, 4, 13,6, 0,34, 2,92, 11, 33, 99, 1,67, Off, Off, Off, Off, On, Off, On, Off, Off, Off, Off, Rich
490.890, 675, 1,19, 83, 65, 4, 13,7, 0,34, 2,87, 10, 33, 99, 1,61, Off, Off, Off, Off, On, Off, On, Off, Off, Off, Off, Rich
490.968, 725, 1,19, 83, 49, 4, 13,8, 0,34, 2,88, 11, 33, 99, 1,74, Off, Off, Off, Off, On, Off, On, Off, Off, Off, Off, Rich
491.015, 712, 1,2, 83, 31, 4, 13,8, 0,34, 2,86, 9, 33, 99, 1,7, Off, Off, Off, Off, On, Off, On, Off, Off, Off, Off, Rich
491.062, 712, 1,18, 83, 31, 4, 13,8, 0,34, 2,88, 8, 33, 99, 1,71, Off, Off, Off, Off, On, Off, On, Off, Off, Off, Off, Lean
491.109, 712, 1,2, 83, 20, 4, 13,8, 0,34, 2,92, 6, 33, 99, 1,73, Off, Off, Off, Off, On, Off, On, Off, Off, Off, Off, Lean
491.156, 725, 1,19, 83, 20, 4, 13,8, 0,34, 2,9, 7, 33, 99, 1,75, Off, Off, Off, Off, On, Off, On, Off, Off, Off, Off, Lean
491.203, 712, 1,19, 83, 13, 4, 13,6, 0,34, 2,92, 5, 33, 99, 1,73, Off, Off, Off, Off, On, Off, On, Off, Off, Off, Off, Lean
491.265, 712, 1,2, 83, 8, 4, 13,6, 0,34, 2,95, 6, 33, 99, 1,75, Off, Off, Off, Off, On, Off, On, Off, Off, Off, Off, Lean
491.312, 688, 1,19, 83, 8, 4, 13,5, 0,34, 2,88, 6, 33, 99, 1,65, Off, Off, Off, Off, On, Off, On, Off, Off, Off, Off, Lean
491.359, 712, 1,18, 83, 4, 6, 13,6, 0,34, 2,95, 7, 33, 99, 1,75, Off, Off, Off, Off, On, Off, On, Off, Off, Off, Off, Lean
491.421, 688, 1,18, 83, 4, 6, 13,6, 0,34, 2,85, 6, 33, 99, 1,63, Off, Off, Off, Off, On, Off, On, Off, Off, Off, Off, Lean
491.468, 712, 1,18, 83, 3, 6, 13,7, 0,34, 2,92, 7, 33, 99, 1,73, Off, Off, Off, Off, On, Off, On, Off, Off, Off, Off, Lean
491.515, 688, 1,19, 83, 2, 6, 13,7, 0,34, 2,93, 7, 33, 99, 1,68, Off, Off, Off, Off, On, Off, On, Off, Off, Off, Off, Lean
491.562, 712, 1,18, 83, 2, 6, 13,8, 0,34, 2,91, 11, 33, 99, 1,73, Off, Off, Off, Off, On, Off, On, Off, Off, Off, Off, Lean
491.625, 712, 1,19, 83, 2, 6, 13,7, 0,34, 2,95, 10, 33, 99, 1,75, Off, Off, Off, Off, On, Off, On, Off, Off, Off, Off, Lean
491.687, 725, 1,2, 83, 2, 6, 13,7, 0,34, 2,96, 8, 33, 99, 1,79, Off, Off, Off, Off, On, Off, On, Off, Off, Off, Off, Lean
491.734, 712, 1,18, 83, 2, 6, 13,7, 0,34, 2,87, 6, 33, 99, 1,7, Off, Off, Off, Off, On, Off, On, Off, Off, Off, Off, Lean
491.781, 725, 1,19, 83, 2, 6, 13,8, 0,34, 2,91, 5, 33, 99, 1,76, Off, Off, Off, Off, On, Off, On, Off, Off, Off, Off, Lean
491.843, 712, 1,2, 83, 2, 6, 13,8, 0,34, 2,88, 5, 33, 99, 1,71, Off, Off, Off, Off, On, Off, On, Off, Off, Off, Off, Lean
491.890, 725, 1,18, 83, 3, 6, 13,8, 0,34, 2,92, 5, 33, 99, 1,76, Off, Off, Off, Off, On, Off, On, Off, Off, Off, Off, Lean
491.937, 712, 1,2, 83, 4, 6, 13,8, 0,34, 2,88, 4, 33, 99, 1,71, Off, Off, Off, Off, On, Off, On, Off, Off, Off, Off, Lean
492.000, 725, 1,2, 83, 4, 6, 13,8, 0,34, 2,89, 5, 33, 99, 1,75, Off, Off, Off, Off, On, Off, On, Off, Off, Off, Off, Lean
492.046, 712, 1,19, 83, 4, 4, 13,8, 0,34, 2,91, 7, 33, 99, 1,73, Off, Off, Off, Off, On, Off, On, Off, Off, Off, Off, Lean
492.093, 738, 1,2, 83, 4, 4, 13,6, 0,34, 2,9, 6, 33, 99, 1,78, Off, Off, Off, Off, On, Off, On, Off, Off, Off, Off, Lean
492.140, 738, 1,2, 83, 4, 4, 13,8, 0,34, 2,93, 5, 33, 99, 1,8, Off, Off, Off, Off, On, Off, On, Off, Off, Off, Off, Lean
492.187, 738, 1,2, 83, 3, 4, 13,8, 0,34, 2,91, 5, 33, 99, 1,79, Off, Off, Off, Off, On, Off, On, Off, Off, Off, Off, Lean
492.234, 725, 1,2, 83, 3, 4, 13,8, 0,34, 2,89, 4, 33, 99, 1,75, Off, Off, Off, Off, On, Off, On, Off, Off, Off, Off, Lean
492.312, 725, 1,2, 83, 3, 4, 13,8, 0,34, 2,93, 5, 33, 99, 1,77, Off, Off, Off, Off, On, Off, On, Off, Off, Off, Off, Lean
492.375, 738, 1,2, 83, 3, 4, 13,8, 0,34, 2,87, 5, 33, 99, 1,77, Off, Off, Off, Off, On, Off, On, Off, Off, Off, Off, Lean
492.421, 725, 1,2, 83, 3, 4, 13,8, 0,34, 2,94, 3, 33, 99, 1,78, Off, Off, Off, Off, On, Off, On, Off, Off, Off, Off, Lean
492.468, 762, 1,2, 83, 3, 4, 13,7, 0,34, 2,92, 3, 33, 99, 1,85, Off, Off, Off, Off, On, Off, On, Off, Off, Off, Off, Lean
492.531, 738, 1,19, 83, 3, 4, 13,8, 0,34, 2,92, 4, 33, 99, 1,8, Off, Off, Off, Off, On, Off, On, Off, Off, Off, Off, Lean
492.578, 738, 1,2, 83, 4, 4, 13,8, 0,34, 2,92, 3, 33, 99, 1,8, Off, Off, Off, Off, On, Off, On, Off, Off, Off, Off, Lean
492.640, 738, 1,2, 83, 4, 4, 13,8, 0,34, 2,91, 3, 33, 99, 1,79, Off, Off, Off, Off, On, Off, On, Off, Off, Off, Off, Lean
492.687, 725, 1,19, 83, 4, 4, 13,8, 0,34, 2,92, 3, 33, 99, 1,76, Off, Off, Off, Off, On, Off, On, Off, Off, Off, Off, Lean
492.734, 738, 1,2, 83, 4, 4, 13,8, 0,34, 2,91, 5, 33, 99, 1,79, Off, Off, Off, Off, On, Off, On, Off, Off, Off, Off, Lean
492.796, 738, 1,2, 83, 5, 6, 13,8, 0,34, 2,87, 3, 33, 99, 1,77, Off, Off, Off, Off, On, Off, On, Off, Off, Off, Off, Lean
492.843, 762, 1,2, 83, 5, 6, 13,8, 0,34, 2,87, 3, 33, 99, 1,82, Off, Off, Off, Off, On, Off, On, Off, Off, Off, Off, Lean
492.906, 725, 1,2, 83, 5, 6, 13,8, 0,34, 2,92, 5, 33, 99, 1,76, Off, Off, Off, Off, On, Off, On, Off, Off, Off, Off, Lean
492.953, 738, 1,2, 83, 8, 6, 13,8, 0,34, 2,91, 4, 33, 99, 1,79, Off, Off, Off, Off, On, Off, On, Off, Off, Off, Off, Lean
493.015, 738, 1,2, 83, 22, 6, 13,8, 0,34, 2,87, 3, 33, 99, 1,77, Off, Off, Off, Off, On, Off, On, Off, Off, Off, Off, Lean
493.062, 725, 1,2, 83, 22, 6, 13,8, 0,34, 2,91, 3, 33, 99, 1,76, Off, Off, Off, Off, On, Off, On, Off, Off, Off, Off, Lean
493.109, 738, 1,2, 83, 59, 6, 13,7, 0,34, 2,95, 5, 33, 99, 1,81, Off, Off, Off, Off, On, Off, On, Off, Off, Off, Off, Rich
493.171, 725, 1,2, 83, 71, 6, 13,8, 0,34, 2,9, 3, 33, 99, 1,75, Off, Off, Off, Off, On, Off, On, Off, Off, Off, Off, Rich
493.218, 762, 1,21, 83, 76, 6, 13,8, 0,34, 2,83, 5, 33, 99, 1,8, Off, Off, Off, Off, On, Off, On, Off, Off, Off, Off, Rich
493.250, 725, 1,2, 83, 76, 6, 13,8, 0,34, 2,89, 4, 33, 99, 1,75, Off, Off, Off, Off, On, Off, On, Off, Off, Off, Off, Rich
493.328, 738, 1,21, 83, 77, 6, 13,8, 0,34, 2,9, 5, 33, 99, 1,78, Off, Off, Off, Off, On, Off, On, Off, Off, Off, Off, Rich
493.375, 725, 1,2, 83, 77, 6, 13,8, 0,34, 2,85, 4, 33, 99, 1,72, Off, Off, Off, Off, On, Off, On, Off, Off, Off, Off, Rich
493.421, 725, 1,2, 83, 79, 6, 13,8, 0,34, 2,88, 4, 33, 99, 1,74, Off, Off, Off, Off, On, Off, On, Off, Off, Off, Off, Rich
493.468, 738, 1,21, 83, 79, 4, 13,8, 0,34, 2,9, 5, 33, 99, 1,78, Off, Off, Off, Off, On, Off, On, Off, Off, Off, Off, Rich
493.515, 738, 1,19, 83, 79, 4, 13,8, 0,34, 2,88, 4, 33, 99, 1,77, Off, Off, Off, Off, On, Off, On, Off, Off, Off, Off, Rich
493.562, 738, 1,2, 83, 79, 4, 13,8, 0,34, 2,89, 5, 33, 99, 1,78, Off, Off, Off, Off, On, Off, On, Off, Off, Off, Off, Rich
493.625, 725, 1,2, 83, 79, 4, 13,8, 0,34, 2,86, 3, 33, 99, 1,73, Off, Off, Off, Off, On, Off, On, Off, Off, Off, Off, Rich
493.703, 738, 1,2, 83, 79, 4, 13,8, 0,34, 2,87, 4, 33, 99, 1,77, Off, Off, Off, Off, On, Off, On, Off, Off, Off, Off, Rich
493.750, 738, 1,2, 83, 79, 4, 13,8, 0,34, 2,91, 5, 33, 99, 1,79, Off, Off, Off, Off, On, Off, On, Off, Off, Off, Off, Rich
493.796, 738, 1,2, 83, 80, 4, 13,8, 0,34, 2,89, 5, 33, 99, 1,78, Off, Off, Off, Off, On, Off, On, Off, Off, Off, Off, Rich
493.859, 712, 1,19, 83, 80, 4, 13,8, 0,34, 2,88, 5, 33, 99, 1,71, Off, Off, Off, Off, On, Off, On, Off, Off, Off, Off, Rich
493.906, 725, 1,2, 83, 80, 4, 13,8, 0,34, 2,88, 5, 33, 99, 1,74, Off, Off, Off, Off, On, Off, On, Off, Off, Off, Off, Rich
493.953, 725, 1,2, 83, 80, 4, 13,8, 0,34, 2,84, 4, 33, 99, 1,72, Off, Off, Off, Off, On, Off, On, Off, Off, Off, Off, Rich
494.015, 725, 1,19, 83, 80, 4, 13,8, 0,34, 2,88, 5, 33, 99, 1,74, Off, Off, Off, Off, On, Off, On, Off, Off, Off, Off, Rich
494.062, 725, 1,2, 83, 80, 4, 13,8, 0,34, 2,88, 5, 33, 99, 1,74, Off, Off, Off, Off, On, Off, On, Off, Off, Off, Off, Rich
494.109, 725, 1,2, 83, 80, 4, 13,8, 0,34, 2,85, 4, 33, 99, 1,72, Off, Off, Off, Off, On, Off, On, Off, Off, Off, Off, Rich
494.171, 738, 1,19, 83, 79, 6, 13,6, 0,34, 2,88, 6, 33, 99, 1,77, Off, Off, Off, Off, On, Off, On, Off, Off, Off, Off, Rich
494.218, 712, 1,2, 83, 79, 6, 13,8, 0,34, 2,86, 5, 33, 99, 1,7, Off, Off, Off, Off, On, Off, On, Off, Off, Off, Off, Rich
494.265, 725, 1,2, 83, 79, 6, 13,8, 0,34, 2,76, 3, 33, 99, 1,67, Off, Off, Off, Off, On, Off, On, Off, Off, Off, Off, Rich
494.328, 725, 1,19, 83, 78, 6, 13,8, 0,34, 2,86, 5, 33, 99, 1,73, Off, Off, Off, Off, On, Off, On, Off, Off, Off, Off, Rich
494.375, 725, 1,2, 83, 79, 6, 13,8, 0,34, 2,87, 5, 33, 99, 1,73, Off, Off, Off, Off, On, Off, On, Off, Off, Off, Off, Rich
494.437, 712, 1,2, 83, 79, 6, 13,8, 0,34, 2,81, 4, 33, 99, 1,67, Off, Off, Off, Off, On, Off, On, Off, Off, Off, Off, Rich
494.500, 725, 1,19, 83, 78, 6, 13,6, 0,34, 2,87, 5, 33, 99, 1,73, Off, Off, Off, Off, On, Off, On, Off, Off, Off, Off, Rich
494.546, 688, 1,2, 83, 78, 6, 13,6, 0,34, 2,88, 5, 33, 99, 1,65, Off, Off, Off, Off, On, Off, On, Off, Off, Off, Off, Rich
494.593, 725, 1,18, 83, 78, 6, 13,6, 0,34, 2,88, 5, 33, 99, 1,74, Off, Off, Off, Off, On, Off, On, Off, Off, Off, Off, Rich
494.656, 712, 1,2, 83, 76, 6, 13,7, 0,34, 2,87, 5, 33, 99, 1,7, Off, Off, Off, Off, On, Off, On, Off, Off, Off, Off, Rich
494.703, 725, 1,2, 83, 76, 6, 13,6, 0,34, 2,86, 6, 33, 99, 1,73, Off, Off, Off, Off, On, Off, On, Off, Off, Off, Off, Rich
494.750, 688, 1,18, 83, 75, 6, 13,7, 0,34, 2,87, 7, 33, 99, 1,65, Off, Off, Off, Off, On, Off, On, Off, Off, Off, Off, Rich
494.796, 712, 1,2, 83, 72, 6, 13,7, 0,34, 2,89, 6, 33, 99, 1,71, Off, Off, Off, Off, On, Off, On, Off, Off, Off, Off, Rich
494.828, 688, 1,19, 83, 72, 6, 13,7, 0,34, 2,88, 7, 33, 99, 1,65, Off, Off, Off, Off, On, Off, On, Off, Off, Off, Off, Rich
494.890, 712, 1,19, 83, 70, 6, 13,7, 0,34, 2,91, 11, 33, 99, 1,73, Off, Off, Off, Off, On, Off, On, Off, Off, Off, Off, Rich
494.953, 712, 1,2, 83, 70, 6, 13,8, 0,34, 2,85, 9, 33, 99, 1,69, Off, Off, Off, Off, On, Off, On, Off, Off, Off, Off, Rich
495.000, 712, 1,18, 83, 50, 6, 13,8, 0,34, 2,89, 7, 33, 99, 1,71, Off, Off, Off, Off, On, Off, On, Off, Off, Off, Off, Rich
495.046, 688, 1,2, 83, 29, 6, 13,7, 0,34, 2,85, 6, 33, 99, 1,63, Off, Off, Off, Off, On, Off, On, Off, Off, Off, Off, Rich
495.109, 725, 1,19, 83, 29, 6, 13,7, 0,34, 2,88, 9, 33, 99, 1,74, Off, Off, Off, Off, On, Off, On, Off, Off, Off, Off, Lean
495.156, 688, 1,18, 83, 13, 6, 13,7, 0,34, 2,92, 7, 33, 99, 1,67, Off, Off, Off, Off, On, Off, On, Off, Off, Off, Off, Lean
495.218, 725, 1,2, 83, 7, 6, 13,7, 0,34, 2,93, 11, 33, 99, 1,77, Off, Off, Off, Off, On, Off, On, Off, Off, Off, Off, Lean
495.265, 675, 1,18, 83, 7, 6, 13,8, 0,34, 2,93, 10, 33, 99, 1,65, Off, Off, Off, Off, On, Off, On, Off, Off, Off, Off, Lean
495.328, 725, 1,18, 83, 4, 6, 13,7, 0,34, 2,91, 7, 33, 99, 1,76, Off, Off, Off, Off, On, Off, On, Off, Off, Off, Off, Lean
495.375, 712, 1,19, 83, 4, 6, 13,7, 0,34, 2,9, 6, 33, 99, 1,72, Off, Off, Off, Off, On, Off, On, Off, Off, Off, Off, Lean
495.437, 712, 1,18, 83, 4, 6, 13,8, 0,34, 2,9, 5, 33, 99, 1,72, Off, Off, Off, Off, On, Off, On, Off, Off, Off, Off, Lean
495.484, 688, 1,2, 83, 3, 6, 13,8, 0,34, 2,91, 6, 33, 99, 1,67, Off, Off, Off, Off, On, Off, On, Off, Off, Off, Off, Lean
495.531, 688, 1,2, 83, 3, 6, 13,8, 0,34, 2,92, 7, 33, 99, 1,67, Off, Off, Off, Off, On, Off, On, Off, Off, Off, Off, Lean
495.593, 688, 1,19, 83, 4, 4, 13,8, 0,34, 2,98, 10, 33, 99, 1,71, Off, Off, Off, Off, On, Off, On, Off, Off, Off, Off, Lean
495.625, 712, 1,19, 83, 5, 4, 13,8, 0,34, 2,93, 8, 33, 99, 1,74, Off, Off, Off, Off, On, Off, On, Off, Off, Off, Off, Lean
495.687, 712, 1,18, 83, 5, 4, 13,7, 0,34, 2,89, 6, 33, 99, 1,71, Off, Off, Off, Off, On, Off, On, Off, Off, Off, Off, Lean
495.750, 725, 1,19, 83, 5, 4, 13,7, 0,34, 2,92, 7, 33, 99, 1,76, Off, Off, Off, Off, On, Off, On, Off, Off, Off, Off, Lean
495.812, 688, 1,2, 83, 7, 4, 13,7, 0,34, 2,93, 6, 33, 99, 1,68, Off, Off, Off, Off, On, Off, On, Off, Off, Off, Off, Lean
495.875, 712, 1,18, 83, 7, 4, 13,7, 0,34, 2,93, 7, 33, 99, 1,74, Off, Off, Off, Off, On, Off, On, Off, Off, Off, Off, Lean
495.921, 712, 1,18, 83, 18, 4, 13,7, 0,34, 2,96, 7, 33, 99, 1,76, Off, Off, Off, Off, On, Off, On, Off, Off, Off, Off, Lean
495.984, 725, 1,2, 83, 34, 4, 13,7, 0,34, 2,94, 7, 33, 99, 1,78, Off, Off, Off, Off, On, Off, On, Off, Off, Off, Off, Lean
496.015, 688, 1,18, 83, 34, 4, 13,7, 0,34, 2,89, 6, 33, 99, 1,66, Off, Off, Off, Off, On, Off, On, Off, Off, Off, Off, Lean
496.078, 688, 1,2, 83, 50, 4, 13,7, 0,34, 2,96, 7, 33, 99, 1,7, Off, Off, Off, Off, On, Off, On, Off, Off, Off, Off, Lean
496.140, 675, 1,2, 83, 50, 4, 13,7, 0,34, 2,89, 11, 33, 98, 1,63, Off, Off, Off, Off, On, Off, On, Off, Off, Off, Off, Rich
496.203, 712, 1,18, 83, 59, 4, 13,7, 0,34, 2,92, 9, 33, 98, 1,73, Off, Off, Off, Off, On, Off, On, Off, Off, Off, Off, Rich
496.250, 688, 1,19, 83, 68, 4, 13,7, 0,34, 2,95, 10, 33, 98, 1,69, Off, Off, Off, Off, On, Off, On, Off, Off, Off, Off, Rich
496.312, 675, 1,19, 83, 68, 6, 13,8, 0,34, 2,93, 11, 33, 98, 1,65, Off, Off, Off, Off, On, Off, On, Off, Off, Off, Off, Rich
496.359, 688, 1,18, 83, 73, 6, 13,8, 0,34, 2,94, 11, 33, 98, 1,69, Off, Off, Off, Off, On, Off, On, Off, Off, Off, Off, Rich
496.406, 675, 1,2, 83, 77, 6, 13,8, 0,34, 2,92, 11, 33, 98, 1,64, Off, Off, Off, Off, On, Off, On, Off, Off, Off, Off, Rich
496.468, 712, 1,19, 83, 77, 6, 13,7, 0,34, 2,92, 10, 33, 98, 1,73, Off, Off, Off, Off, On, Off, On, Off, Off, Off, Off, Rich
496.531, 688, 1,18, 83, 79, 6, 13,8, 0,34, 2,91, 7, 33, 98, 1,67, Off, Off, Off, Off, On, Off, On, Off, Off, Off, Off, Rich
496.593, 725, 1,2, 83, 79, 6, 13,6, 0,34, 2,83, 6, 33, 98, 1,71, Off, Off, Off, Off, On, Off, On, Off, Off, Off, Off, Rich
496.640, 675, 1,2, 83, 80, 6, 13,8, 0,34, 2,89, 7, 33, 98, 1,63, Off, Off, Off, Off, On, Off, On, Off, Off, Off, Off, Rich
496.703, 725, 1,19, 83, 80, 6, 13,5, 0,34, 2,87, 6, 33, 98, 1,73, Off, Off, Off, Off, On, Off, On, Off, Off, Off, Off, Rich
496.750, 712, 1,2, 83, 80, 6, 13,8, 0,34, 2,92, 8, 33, 98, 1,73, Off, Off, Off, Off, On, Off, On, Off, Off, Off, Off, Rich
496.796, 725, 1,19, 83, 80, 6, 13,8, 0,34, 2,89, 7, 33, 98, 1,75, Off, Off, Off, Off, On, Off, On, Off, Off, Off, Off, Rich
496.859, 712, 1,19, 83, 78, 6, 13,8, 0,34, 2,87, 5, 33, 98, 1,7, Off, Off, Off, Off, On, Off, On, Off, Off, Off, Off, Rich
496.906, 725, 1,21, 83, 75, 6, 13,8, 0,36, 2,91, 7, 33, 98, 1,76, Off, Off, Off, Off, On, Off, On, Off, Off, Off, Off, Rich
496.953, 712, 1,2, 83, 75, 6, 13,8, 0,36, 2,84, 6, 33, 98, 1,69, Off, Off, Off, Off, On, Off, On, Off, Off, Off, Off, Rich
497.015, 725, 1,21, 83, 73, 4, 13,8, 0,36, 2,93, 6, 33, 98, 1,77, Off, Off, Off, Off, On, Off, On, Off, Off, Off, Off, Rich
497.062, 712, 1,23, 83, 69, 4, 13,8, 0,36, 2,92, 4, 33, 98, 1,73, Off, Off, Off, Off, On, Off, On, Off, Off, Off, Off, Rich
497.125, 725, 1,22, 83, 69, 4, 13,8, 0,36, 2,96, 5, 33, 98, 1,79, Off, Off, Off, Off, On, Off, On, Off, Off, Off, Off, Rich
497.171, 688, 1,22, 83, 50, 4, 13,8, 0,36, 2,96, 5, 33, 98, 1,7, Off, Off, Off, Off, On, Off, On, Off, Off, Off, Off, Rich
497.234, 738, 1,24, 83, 50, 4, 13,6, 0,36, 2,94, 5, 33, 98, 1,81, Off, Off, Off, Off, On, Off, On, Off, Off, Off, Off, Rich
497.296, 688, 1,22, 83, 31, 4, 13,8, 0,36, 2,97, 7, 33, 98, 1,7, Off, Off, Off, Off, On, Off, On, Off, Off, Off, Off, Lean
497.343, 738, 1,23, 83, 16, 4, 13,8, 0,36, 3,03, 5, 33, 98, 1,86, Off, Off, Off, Off, On, Off, On, Off, Off, Off, Off, Lean
497.406, 725, 1,23, 83, 16, 4, 13,8, 0,36, 3,03, 4, 33, 98, 1,83, Off, Off, Off, Off, On, Off, On, Off, Off, Off, Off, Lean
497.453, 738, 1,22, 83, 9, 4, 13,8, 0,36, 2,99, 4, 33, 98, 1,84, Off, Off, Off, Off, On, Off, On, Off, Off, Off, Off, Lean
497.500, 738, 1,23, 83, 6, 4, 13,8, 0,36, 2,96, 3, 33, 98, 1,82, Off, Off, Off, Off, On, Off, On, Off, Off, Off, Off, Lean
497.562, 738, 1,22, 83, 6, 4, 13,8, 0,36, 2,98, 3, 33, 98, 1,83, Off, Off, Off, Off, On, Off, On, Off, Off, Off, Off, Lean
497.609, 762, 1,22, 83, 5, 4, 13,7, 0,36, 3,04, 3, 33, 98, 1,93, Off, Off, Off, Off, On, Off, On, Off, Off, Off, Off, Lean
497.656, 712, 1,23, 83, 4, 4, 13,8, 0,36, 3,04, 3, 33, 98, 1,8, Off, Off, Off, Off, On, Off, On, Off, Off, Off, Off, Lean
497.718, 738, 1,23, 83, 5, 4, 13,8, 0,36, 3,02, 5, 33, 98, 1,86, Off, Off, Off, Off, On, Off, On, Off, Off, Off, Off, Lean
497.765, 725, 1,2, 83, 5, 4, 13,8, 0,36, 3, 4, 33, 98, 1,81, Off, Off, Off, Off, On, Off, On, Off, Off, Off, Off, Lean
497.828, 738, 1,21, 83, 6, 4, 13,8, 0,36, 2,99, 3, 33, 98, 1,84, Off, Off, Off, Off, On, Off, On, Off, Off, Off, Off, Lean
497.875, 725, 1,21, 83, 6, 4, 13,8, 0,36, 2,91, 3, 33, 98, 1,76, Off, Off, Off, Off, On, Off, On, Off, Off, Off, Off, Lean
497.953, 738, 1,2, 83, 10, 4, 13,8, 0,36, 2,99, 5, 33, 98, 1,84, Off, Off, Off, Off, On, Off, On, Off, Off, Off, Off, Lean
497.984, 738, 1,2, 83, 20, 4, 13,7, 0,36, 3, 5, 33, 98, 1,85, Off, Off, Off, Off, On, Off, On, Off, Off, Off, Off, Lean
498.046, 725, 1,2, 83, 43, 4, 13,8, 0,34, 2,97, 5, 33, 98, 1,79, Off, Off, Off, Off, On, Off, On, Off, Off, Off, Off, Lean
498.109, 725, 1,19, 83, 43, 4, 13,8, 0,34, 2,95, 5, 33, 98, 1,78, Off, Off, Off, Off, On, Off, On, Off, Off, Off, Off, Lean
498.156, 725, 1,19, 83, 56, 4, 13,8, 0,34, 2,89, 4, 33, 98, 1,75, Off, Off, Off, Off, On, Off, On, Off, Off, Off, Off, Rich
498.203, 725, 1,2, 83, 56, 4, 13,8, 0,34, 2,83, 7, 33, 98, 1,71, Off, Off, Off, Off, On, Off, On, Off, Off, Off, Off, Rich
498.265, 725, 1,19, 83, 65, 4, 13,8, 0,34, 2,84, 5, 33, 98, 1,72, Off, Off, Off, Off, On, Off, On, Off, Off, Off, Off, Rich
498.312, 738, 1,2, 83, 69, 4, 13,6, 0,34, 2,84, 4, 33, 98, 1,75, Off, Off, Off, Off, On, Off, On, Off, Off, Off, Off, Rich
498.359, 712, 1,2, 83, 69, 4, 13,8, 0,34, 2,83, 5, 33, 98, 1,68, Off, Off, Off, Off, On, Off, On, Off, Off, Off, Off, Rich
498.406, 712, 1,19, 83, 73, 4, 13,8, 0,34, 2,88, 5, 33, 98, 1,71, Off, Off, Off, Off, On, Off, On, Off, Off, Off, Off, Rich
498.453, 712, 1,2, 83, 72, 4, 13,8, 0,34, 2,86, 5, 33, 98, 1,7, Off, Off, Off, Off, On, Off, On, Off, Off, Off, Off, Rich
498.500, 725, 1,19, 83, 72, 4, 13,8, 0,34, 2,86, 5, 33, 98, 1,73, Off, Off, Off, Off, On, Off, On, Off, Off, Off, Off, Rich
498.562, 712, 1,2, 83, 72, 4, 13,8, 0,34, 2,88, 5, 33, 98, 1,71, Off, Off, Off, Off, On, Off, On, Off, Off, Off, Off, Rich
498.625, 725, 1,2, 83, 70, 4, 13,8, 0,34, 2,88, 5, 33, 98, 1,74, Off, Off, Off, Off, On, Off, On, Off, Off, Off, Off, Rich
498.671, 712, 1,19, 83, 70, 4, 13,8, 0,34, 2,86, 5, 33, 98, 1,7, Off, Off, Off, Off, On, Off, On, Off, Off, Off, Off, Rich
498.734, 725, 1,2, 83, 67, 4, 13,8, 0,34, 2,88, 7, 33, 98, 1,74, Off, Off, Off, Off, On, Off, On, Off, Off, Off, Off, Rich
498.781, 712, 1,2, 83, 67, 4, 13,8, 0,34, 2,81, 6, 33, 98, 1,67, Off, Off, Off, Off, On, Off, On, Off, Off, Off, Off, Rich
498.828, 725, 1,19, 83, 55, 4, 13,8, 0,34, 2,85, 6, 33, 98, 1,72, Off, Off, Off, Off, On, Off, On, Off, Off, Off, Off, Rich
498.890, 725, 1,2, 83, 44, 4, 13,8, 0,34, 2,87, 5, 33, 98, 1,73, Off, Off, Off, Off, On, Off, On, Off, Off, Off, Off, Rich
498.937, 712, 1,2, 83, 44, 4, 13,8, 0,34, 2,83, 5, 33, 98, 1,68, Off, Off, Off, Off, On, Off, On, Off, Off, Off, Off, Rich
499.000, 688, 1,19, 83, 36, 4, 13,8, 0,34, 2,86, 5, 33, 98, 1,64, Off, Off, Off, Off, On, Off, On, Off, Off, Off, Off, Lean
499.046, 688, 1,2, 83, 34, 4, 13,8, 0,34, 2,89, 5, 33, 98, 1,66, Off, Off, Off, Off, On, Off, On, Off, Off, Off, Off, Lean
499.093, 712, 1,2, 83, 34, 6, 13,8, 0,34, 2,89, 7, 33, 98, 1,71, Off, Off, Off, Off, On, Off, On, Off, Off, Off, Off, Lean
499.156, 725, 1,19, 83, 28, 6, 13,8, 0,34, 2,9, 6, 33, 98, 1,75, Off, Off, Off, Off, On, Off, On, Off, Off, Off, Off, Lean
499.203, 712, 1,2, 83, 23, 6, 13,8, 0,34, 2,89, 5, 33, 98, 1,71, Off, Off, Off, Off, On, Off, On, Off, Off, Off, Off, Lean
499.250, 725, 1,19, 83, 23, 6, 13,8, 0,34, 2,89, 5, 33, 98, 1,75, Off, Off, Off, Off, On, Off, On, Off, Off, Off, Off, Lean
499.328, 738, 1,19, 83, 17, 6, 13,7, 0,34, 2,9, 5, 33, 98, 1,78, Off, Off, Off, Off, On, Off, On, Off, Off, Off, Off, Lean
499.375, 725, 1,2, 83, 15, 6, 13,8, 0,34, 2,91, 5, 33, 98, 1,76, Off, Off, Off, Off, On, Off, On, Off, Off, Off, Off, Lean
499.437, 725, 1,19, 83, 15, 6, 13,8, 0,34, 2,9, 5, 33, 98, 1,75, Off, Off, Off, Off, On, Off, On, Off, Off, Off, Off, Lean
499.484, 712, 1,18, 83, 14, 6, 13,8, 0,34, 2,87, 4, 33, 98, 1,7, Off, Off, Off, Off, On, Off, On, Off, Off, Off, Off, Lean
499.531, 725, 1,2, 83, 14, 6, 13,8, 0,34, 2,87, 7, 33, 98, 1,73, Off, Off, Off, Off, On, Off, On, Off, Off, Off, Off, Lean
499.562, 712, 1,19, 83, 15, 6, 13,8, 0,34, 2,89, 5, 33, 98, 1,71, Off, Off, Off, Off, On, Off, On, Off, Off, Off, Off, Lean
499.625, 725, 1,2, 83, 20, 6, 13,8, 0,34, 2,94, 3, 33, 98, 1,78, Off, Off, Off, Off, On, Off, On, Off, Off, Off, Off, Lean
499.687, 688, 1,19, 83, 20, 6, 13,8, 0,34, 2,85, 4, 33, 98, 1,63, Off, Off, Off, Off, On, Off, On, Off, Off, Off, Off, Lean
499.734, 725, 1,19, 83, 38, 6, 13,8, 0,34, 2,92, 5, 33, 98, 1,76, Off, Off, Off, Off, On, Off, On, Off, Off, Off, Off, Lean
499.781, 725, 1,2, 83, 53, 6, 13,8, 0,34, 2,93, 5, 33, 98, 1,77, Off, Off, Off, Off, On, Off, On, Off, Off, Off, Off, Lean
499.828, 712, 1,19, 83, 53, 4, 13,8, 0,34, 2,84, 5, 33, 98, 1,69, Off, Off, Off, Off, On, Off, On, Off, Off, Off, Off, Rich
499.890, 725, 1,2, 83, 66, 4, 13,8, 0,34, 2,87, 5, 33, 98, 1,73, Off, Off, Off, Off, On, Off, On, Off, Off, Off, Off, Rich
499.937, 688, 1,2, 83, 72, 4, 13,8, 0,34, 2,86, 5, 33, 98, 1,64, Off, Off, Off, Off, On, Off, On, Off, Off, Off, Off, Rich
499.984, 725, 1,19, 83, 72, 4, 13,7, 0,34, 2,85, 5, 33, 98, 1,72, Off, Off, Off, Off, On, Off, On, Off, Off, Off, Off, Rich
500.062, 688, 1,2, 83, 76, 4, 13,8, 0,34, 2,82, 4, 33, 98, 1,62, Off, Off, Off, Off, On, Off, On, Off, Off, Off, Off, Rich
500.125, 725, 1,2, 83, 76, 4, 13,6, 0,34, 2,85, 5, 33, 98, 1,72, Off, Off, Off, Off, On, Off, On, Off, Off, Off, Off, Rich
500.171, 712, 1,2, 83, 78, 4, 13,8, 0,34, 2,85, 6, 33, 98, 1,69, Off, Off, Off, Off, On, Off, On, Off, Off, Off, Off, Rich
500.218, 725, 1,19, 83, 79, 4, 13,8, 0,34, 2,84, 5, 33, 98, 1,72, Off, Off, Off, Off, On, Off, On, Off, Off, Off, Off, Rich
500.281, 712, 1,2, 83, 79, 4, 13,8, 0,34, 2,85, 7, 33, 98, 1,69, Off, Off, Off, Off, On, Off, On, Off, Off, Off, Off, Rich
500.328, 725, 1,18, 83, 78, 4, 13,8, 0,34, 2,84, 5, 33, 98, 1,72, Off, Off, Off, Off, On, Off, On, Off, Off, Off, Off, Rich
500.359, 712, 1,2, 83, 78, 4, 13,8, 0,34, 2,85, 5, 33, 98, 1,69, Off, Off, Off, Off, On, Off, On, Off, Off, Off, Off, Rich
500.437, 712, 1,2, 83, 78, 4, 13,8, 0,34, 2,82, 5, 33, 98, 1,67, Off, Off, Off, Off, On, Off, On, Off, Off, Off, Off, Rich
500.484, 712, 1,18, 83, 76, 4, 13,8, 0,34, 2,86, 6, 33, 98, 1,7, Off, Off, Off, Off, On, Off, On, Off, Off, Off, Off, Rich
500.531, 725, 1,2, 83, 77, 4, 13,6, 0,34, 2,86, 5, 33, 98, 1,73, Off, Off, Off, Off, On, Off, On, Off, Off, Off, Off, Rich
500.578, 725, 1,18, 83, 77, 4, 13,3, 0,34, 2,87, 5, 33, 98, 1,73, Off, Off, Off, Off, On, Off, On, Off, Off, Off, Off, Rich
500.625, 712, 1,18, 83, 75, 4, 13,5, 0,34, 2,86, 7, 33, 98, 1,7, Off, Off, Off, Off, On, Off, On, Off, Off, Off, Off, Rich
500.671, 712, 1,18, 83, 75, 4, 13,5, 0,34, 2,8, 6, 33, 98, 1,66, Off, Off, Off, Off, On, Off, On, Off, Off, Off, Off, Rich
500.750, 688, 1,18, 83, 74, 4, 13,6, 0,34, 2,85, 7, 33, 98, 1,63, Off, Off, Off, Off, On, Off, On, Off, Off, Off, Off, Rich
500.796, 688, 1,19, 83, 72, 4, 13,7, 0,34, 2,86, 7, 33, 98, 1,64, Off, Off, Off, Off, On, Off, On, Off, Off, Off, Off, Rich
500.843, 712, 1,18, 83, 72, 4, 13,7, 0,34, 2,83, 11, 33, 98, 1,68, Off, Off, Off, Off, On, Off, On, Off, Off, Off, Off, Rich
500.906, 688, 1,18, 83, 67, 4, 13,7, 0,34, 2,85, 9, 33, 98, 1,63, Off, Off, Off, Off, On, Off, On, Off, Off, Off, Off, Rich
500.953, 725, 1,2, 83, 39, 4, 13,7, 0,34, 2,84, 7, 33, 98, 1,72, Off, Off, Off, Off, On, Off, On, Off, Off, Off, Off, Rich
501.015, 688, 1,18, 83, 39, 4, 13,7, 0,34, 2,84, 5, 33, 98, 1,63, Off, Off, Off, Off, On, Off, On, Off, Off, Off, Off, Lean
501.062, 712, 1,18, 83, 14, 4, 13,7, 0,34, 2,9, 9, 33, 98, 1,72, Off, Off, Off, Off, On, Off, On, Off, Off, Off, Off, Lean
501.109, 688, 1,2, 83, 5, 4, 13,7, 0,34, 2,92, 7, 33, 98, 1,67, Off, Off, Off, Off, On, Off, On, Off, Off, Off, Off, Lean
501.171, 712, 1,18, 83, 5, 4, 13,7, 0,34, 2,9, 7, 33, 98, 1,72, Off, Off, Off, Off, On, Off, On, Off, Off, Off, Off, Lean
501.218, 688, 1,18, 83, 3, 6, 13,7, 0,34, 2,94, 7, 33, 98, 1,69, Off, Off, Off, Off, On, Off, On, Off, Off, Off, Off, Lean
501.265, 688, 1,19, 83, 3, 6, 13,8, 0,34, 2,9, 7, 33, 98, 1,66, Off, Off, Off, Off, On, Off, On, Off, Off, Off, Off, Lean
501.328, 712, 1,18, 83, 1, 6, 13,7, 0,34, 2,91, 11, 33, 98, 1,73, Off, Off, Off, Off, On, Off, On, Off, Off, Off, Off, Lean
501.375, 675, 1,19, 83, 1, 6, 13,7, 0,34, 2,94, 9, 33, 98, 1,65, Off, Off, Off, Off, On, Off, On, Off, Off, Off, Off, Lean
501.437, 725, 1,18, 83, 1, 6, 13,7, 0,34, 2,93, 8, 33, 98, 1,77, Off, Off, Off, Off, On, Off, On, Off, Off, Off, Off, Lean
501.500, 688, 1,19, 83, 1, 6, 13,8, 0,34, 2,93, 7, 33, 98, 1,68, Off, Off, Off, Off, On, Off, On, Off, Off, Off, Off, Lean
501.546, 725, 1,2, 83, 1, 6, 13,8, 0,34, 2,87, 7, 33, 98, 1,73, Off, Off, Off, Off, On, Off, On, Off, Off, Off, Off, Lean
501.593, 688, 1,18, 83, 0, 6, 13,8, 0,34, 2,92, 7, 33, 98, 1,67, Off, Off, Off, Off, On, Off, On, Off, Off, Off, Off, Lean
501.640, 688, 1,2, 83, 1, 6, 13,8, 0,34, 2,89, 6, 33, 98, 1,66, Off, Off, Off, Off, On, Off, On, Off, Off, Off, Off, Lean
501.687, 688, 1,18, 83, 1, 6, 13,8, 0,34, 2,87, 7, 33, 98, 1,65, Off, Off, Off, Off, On, Off, On, Off, Off, Off, Off, Lean
501.734, 725, 1,18, 83, 1, 6, 13,7, 0,34, 2,9, 7, 33, 98, 1,75, Off, Off, Off, Off, On, Off, On, Off, Off, Off, Off, Lean
501.796, 725, 1,2, 83, 1, 6, 13,8, 0,34, 2,88, 7, 33, 98, 1,74, Off, Off, Off, Off, On, Off, On, Off, Off, Off, Off, Lean
501.843, 725, 1,19, 83, 1, 6, 13,8, 0,34, 2,89, 5, 33, 98, 1,75, Off, Off, Off, Off, On, Off, On, Off, Off, Off, Off, Lean
501.906, 712, 1,2, 83, 1, 6, 13,8, 0,36, 2,92, 5, 33, 98, 1,73, Off, Off, Off, Off, On, Off, On, Off, Off, Off, Off, Lean
501.953, 725, 1,28, 83, 1, 4, 13,8, 0,38, 3,07, 5, 33, 98, 1,85, Off, Off, Off, Off, On, Off, On, Off, Off, Off, Off, Lean
502.000, 712, 1,29, 83, 1, 4, 13,8, 0,4, 3,12, 5, 33, 98, 1,85, Off, Off, Off, Off, Off, Off, On, Off, Off, Off, Off, Lean
502.046, 725, 1,4, 83, 1, 4, 13,8, 0,48, 3,46, 13, 33, 98, 2,09, Off, Off, Off, Off, Off, Off, On, Off, Off, Off, Off, Lean
502.125, 762, 1,54, 83, 1, 4, 13,8, 0,5, 4,29, 13, 33, 98, 2,72, Off, Off, Off, Off, Off, Off, On, Off, Off, Off, Off, Lean
502.171, 762, 1,58, 83, 1, 4, 13,8, 0,5, 4,5, 13, 34, 98, 2,86, Off, Off, Off, Off, Off, Off, On, Off, Off, Off, Off, Lean
502.218, 812, 1,61, 83, 1, 4, 13,8, 0,52, 4,51, 13, 34, 98, 3,05, Off, Off, Off, Off, Off, Off, On, Off, Off, Off, Off, Lean
502.265, 888, 1,62, 83, 1, 4, 13,8, 0,52, 4,67, 14, 34, 98, 3,46, Off, Off, Off, Off, Off, Off, On, Off, Off, Off, Off, Lean
502.312, 925, 1,62, 83, 1, 4, 13,7, 0,52, 4,73, 18, 34, 98, 3,65, Off, Off, Off, Off, Off, Off, On, Off, Off, Off, Off, Lean
502.375, 975, 1,62, 83, 27, 4, 13,8, 0,52, 4,68, 20, 34, 98, 3,8, Off, Off, Off, Off, Off, Off, On, Off, Off, Off, Off, Lean
502.421, 1025, 1,62, 83, 70, 4, 13,8, 0,52, 4,68, 22, 34, 98, 4, Off, Off, Off, Off, Off, Off, On, Off, Off, Off, Off, Rich
502.468, 1050, 1,63, 83, 79, 4, 13,8, 0,52, 4,51, 22, 35, 98, 3,95, Off, Off, Off, Off, Off, Off, On, Off, Off, Off, Off, Rich
502.515, 1100, 1,64, 83, 82, 4, 13,8, 0,52, 4,4, 24, 35, 98, 4,03, Off, Off, Off, Off, Off, Off, On, Off, Off, Off, Off, Rich
502.562, 1112, 1,64, 83, 82, 4, 13,9, 0,52, 4,32, 25, 35, 98, 4, Off, Off, Off, Off, Off, Off, On, Off, Off, Off, Off, Rich
502.625, 1150, 1,65, 83, 84, 4, 13,7, 0,52, 4,18, 26, 35, 98, 4,01, Off, Off, Off, Off, Off, Off, On, Off, Off, Off, Off, Rich
502.671, 1188, 1,65, 83, 84, 4, 13,8, 0,52, 4,12, 26, 35, 98, 4,08, Off, Off, Off, Off, Off, Off, On, Off, Off, Off, Off, Rich
502.718, 1188, 1,66, 83, 84, 4, 13,8, 0,52, 3,99, 28, 35, 98, 3,95, Off, Off, Off, Off, Off, Off, On, Off, Off, Off, Off, Rich
502.781, 1200, 1,66, 83, 84, 4, 13,8, 0,52, 3,97, 28, 35, 98, 3,97, Off, Off, Off, Off, Off, Off, On, Off, Off, Off, Off, Rich
502.843, 1188, 1,66, 83, 84, 4, 13,8, 0,52, 3,86, 28, 35, 98, 3,82, Off, Off, Off, Off, Off, Off, On, Off, Off, Off, Off, Rich
502.890, 1212, 1,67, 83, 83, 4, 13,8, 0,52, 3,83, 29, 36, 98, 3,87, Off, Off, Off, Off, Off, Off, On, Off, Off, Off, Off, Rich
502.953, 1188, 1,68, 83, 82, 4, 13,8, 0,52, 3,79, 29, 36, 98, 3,75, Off, Off, Off, Off, Off, Off, On, Off, Off, Off, Off, Rich
503.000, 1200, 1,66, 83, 80, 4, 13,8, 0,52, 3,75, 29, 36, 98, 3,75, Off, Off, Off, Off, Off, Off, On, Off, Off, Off, Off, Rich
503.046, 1212, 1,67, 83, 78, 4, 13,8, 0,52, 3,71, 29, 36, 98, 3,75, Off, Off, Off, Off, Off, Off, On, Off, Off, Off, Off, Rich
503.093, 1200, 1,66, 83, 76, 4, 13,8, 0,52, 3,69, 29, 36, 98, 3,69, Off, Off, Off, Off, Off, Off, On, Off, Off, Off, Off, Rich
503.156, 1200, 1,64, 83, 74, 4, 13,6, 0,52, 3,65, 29, 36, 98, 3,65, Off, Off, Off, Off, Off, Off, On, Off, Off, Off, Off, Rich
503.203, 1212, 1,66, 83, 73, 4, 13,8, 0,52, 3,63, 29, 36, 98, 3,67, Off, Off, Off, Off, Off, Off, On, Off, Off, Off, Off, Rich
503.265, 1200, 1,66, 83, 70, 4, 13,8, 0,52, 3,63, 29, 36, 98, 3,63, Off, Off, Off, Off, Off, Off, On, Off, Off, Off, Off, Rich
503.312, 1225, 1,66, 83, 57, 4, 13,8, 0,52, 3,6, 29, 36, 98, 3,67, Off, Off, Off, Off, Off, Off, On, Off, Off, Off, Off, Rich
503.359, 1212, 1,69, 83, 34, 6, 13,8, 0,52, 3,58, 29, 36, 98, 3,62, Off, Off, Off, Off, Off, Off, On, Off, Off, Off, Off, Rich
503.421, 1225, 1,68, 83, 17, 6, 13,8, 0,52, 3,75, 29, 36, 97, 3,83, Off, Off, Off, Off, Off, Off, On, Off, Off, Off, Off, Lean
503.468, 1225, 1,69, 83, 9, 6, 13,8, 0,52, 3,75, 30, 37, 97, 3,83, Off, Off, Off, Off, Off, Off, On, Off, Off, Off, Off, Lean
503.546, 1225, 1,66, 83, 5, 6, 13,8, 0,52, 3,75, 30, 37, 97, 3,83, Off, Off, Off, Off, Off, Off, On, Off, Off, Off, Off, Lean
503.593, 1225, 1,68, 83, 4, 6, 13,8, 0,52, 3,75, 30, 37, 97, 3,83, Off, Off, Off, Off, Off, Off, On, Off, Off, Off, Off, Lean
503.656, 1250, 1,67, 83, 3, 6, 13,8, 0,52, 3,75, 30, 37, 97, 3,91, Off, Off, Off, Off, Off, Off, On, Off, Off, Off, Off, Lean
503.703, 1225, 1,66, 83, 3, 6, 13,8, 0,52, 3,75, 30, 37, 97, 3,83, Off, Off, Off, Off, Off, Off, On, Off, Off, Off, Off, Lean
503.750, 1250, 1,68, 83, 3, 6, 13,8, 0,52, 3,75, 30, 37, 97, 3,91, Off, Off, Off, Off, Off, Off, On, Off, Off, Off, Off, Lean
503.812, 1262, 1,7, 83, 4, 6, 13,7, 0,52, 3,75, 30, 37, 97, 3,94, Off, Off, Off, Off, Off, Off, On, Off, Off, Off, Off, Lean
503.859, 1262, 1,68, 83, 5, 6, 13,8, 0,52, 3,72, 30, 37, 97, 3,91, Off, Off, Off, Off, Off, Off, On, Off, Off, Off, Off, Lean
503.906, 1275, 1,7, 83, 8, 6, 13,8, 0,52, 3,72, 30, 38, 97, 3,95, Off, Off, Off, Off, Off, Off, On, Off, Off, Off, Off, Lean
503.968, 1275, 1,69, 83, 30, 6, 13,8, 0,52, 3,71, 30, 38, 97, 3,94, Off, Off, Off, Off, Off, Off, On, Off, Off, Off, Off, Lean
504.031, 1275, 1,66, 83, 53, 6, 13,8, 0,52, 3,66, 30, 38, 97, 3,89, Off, Off, Off, Off, Off, Off, On, Off, Off, Off, Off, Rich
504.078, 1312, 1,71, 83, 71, 10, 13,8, 0,52, 3,63, 30, 38, 97, 3,97, Off, Off, Off, Off, Off, Off, On, Off, Off, Off, Off, Rich
504.140, 1300, 1,7, 83, 74, 10, 13,8, 0,52, 3,61, 30, 38, 97, 3,91, Off, Off, Off, Off, Off, Off, On, Off, Off, Off, Off, Rich
504.218, 1312, 1,67, 83, 75, 10, 13,8, 0,54, 3,6, 30, 38, 97, 3,94, Off, Off, Off, Off, Off, Off, On, Off, Off, Off, Off, Rich
504.265, 1312, 1,72, 83, 76, 10, 13,8, 0,54, 3,6, 30, 38, 97, 3,94, Off, Off, Off, Off, Off, Off, On, Off, Off, Off, Off, Rich
504.328, 1325, 1,73, 83, 76, 10, 13,8, 0,54, 3,63, 30, 38, 97, 4,01, Off, Off, Off, Off, Off, Off, On, Off, Off, Off, Off, Rich
504.375, 1325, 1,72, 83, 75, 10, 13,8, 0,54, 3,61, 30, 38, 97, 3,99, Off, Off, Off, Off, Off, Off, On, Off, Off, Off, Off, Rich
504.421, 1350, 1,71, 83, 74, 10, 13,8, 0,54, 3,6, 30, 38, 97, 4,05, Off, Off, Off, Off, Off, Off, On, Off, Off, Off, Off, Rich
504.484, 1325, 1,71, 83, 72, 10, 13,8, 0,54, 3,6, 30, 38, 97, 3,97, Off, Off, Off, Off, Off, Off, On, Off, Off, Off, Off, Rich
504.531, 1350, 1,7, 83, 72, 10, 13,6, 0,54, 3,58, 30, 38, 97, 4,03, Off, Off, Off, Off, Off, Off, On, Off, Off, Off, Off, Rich
504.593, 1362, 1,72, 83, 71, 10, 13,8, 0,52, 3,55, 30, 38, 97, 4,03, Off, Off, Off, Off, Off, Off, On, Off, Off, Off, Off, Rich
504.640, 1362, 1,7, 83, 69, 10, 13,8, 0,52, 3,52, 30, 38, 97, 4, Off, Off, Off, Off, Off, Off, On, Off, Off, Off, Off, Rich
504.687, 1362, 1,68, 83, 64, 10, 13,7, 0,52, 3,5, 30, 38, 97, 3,97, Off, Off, Off, Off, Off, Off, On, Off, Off, Off, Off, Rich
504.734, 1375, 1,68, 83, 54, 10, 13,8, 0,52, 3,45, 30, 38, 97, 3,95, Off, Off, Off, Off, Off, Off, On, Off, Off, Off, Off, Rich
504.781, 1375, 1,7, 83, 43, 10, 13,8, 0,52, 3,42, 31, 38, 97, 3,92, Off, Off, Off, Off, Off, Off, On, Off, Off, Off, Off, Rich
504.828, 1388, 1,69, 83, 43, 10, 13,8, 0,52, 3,39, 31, 38, 97, 3,92, Off, Off, Off, Off, Off, Off, On, Off, Off, Off, Off, Rich
504.875, 1388, 1,72, 83, 31, 10, 13,8, 0,52, 3,48, 31, 38, 99, 4,03, Off, Off, Off, Off, Off, Off, On, Off, Off, Off, Off, Lean
504.937, 1388, 1,71, 83, 23, 10, 13,8, 0,52, 3,47, 31, 38, 99, 4,01, Off, Off, Off, Off, Off, Off, On, Off, Off, Off, Off, Lean
504.984, 1388, 1,72, 83, 15, 10, 13,8, 0,52, 3,49, 31, 38, 99, 4,04, Off, Off, Off, Off, Off, Off, On, Off, Off, Off, Off, Lean
505.031, 1425, 1,68, 83, 11, 10, 13,8, 0,52, 3,46, 31, 38, 99, 4,11, Off, Off, Off, Off, Off, Off, On, Off, Off, Off, Off, Lean
505.093, 1412, 1,78, 83, 7, 10, 13,8, 0,6, 3,91, 30, 38, 99, 4,6, Off, Off, Off, Off, Off, Off, On, Off, Off, Off, Off, Lean
505.156, 1438, 1,86, 83, 7, 10, 13,8, 0,6, 3,99, 30, 38, 99, 4,78, Off, Off, Off, Off, Off, Off, On, Off, Off, Off, Off, Lean
505.203, 1475, 1,83, 83, 7, 10, 13,8, 0,58, 3,99, 30, 38, 99, 4,9, Off, Off, Off, Off, Off, Off, On, Off, Off, Off, Off, Lean
505.250, 1475, 1,84, 83, 28, 10, 13,7, 0,58, 4,01, 30, 38, 99, 4,93, Off, Off, Off, Off, Off, Off, On, Off, Off, Off, Off, Lean
505.312, 1475, 1,84, 83, 58, 10, 13,8, 0,56, 4,02, 30, 38, 99, 4,94, Off, Off, Off, Off, Off, Off, On, Off, Off, Off, Off, Lean
505.359, 1512, 1,78, 83, 76, 10, 13,8, 0,56, 3,72, 31, 38, 99, 4,69, Off, Off, Off, Off, Off, Off, On, Off, Off, Off, Off, Rich
505.406, 1525, 1,8, 83, 78, 10, 13,8, 0,6, 3,95, 30, 38, 99, 5,02, Off, Off, Off, Off, Off, Off, On, Off, Off, Off, Off, Rich
505.468, 1525, 1,84, 83, 79, 10, 13,9, 0,6, 3,92, 30, 38, 99, 4,98, Off, Off, Off, Off, Off, Off, On, Off, Off, Off, Off, Rich
505.515, 1525, 1,84, 83, 79, 14, 13,8, 0,6, 3,9, 30, 38, 99, 4,96, Off, Off, Off, Off, Off, Off, On, Off, Off, Off, Off, Rich
505.562, 1538, 1,86, 83, 79, 14, 13,8, 0,6, 3,88, 31, 38, 99, 4,97, Off, Off, Off, Off, Off, Off, On, Off, Off, Off, Off, Rich
505.640, 1562, 1,86, 83, 79, 14, 13,8, 0,6, 3,85, 31, 38, 99, 5,01, Off, Off, Off, Off, Off, Off, On, Off, Off, Off, Off, Rich
505.687, 1562, 1,86, 83, 79, 14, 13,8, 0,6, 3,83, 31, 38, 99, 4,99, Off, Off, Off, Off, Off, Off, On, Off, Off, Off, Off, Rich
505.734, 1575, 1,86, 83, 78, 14, 13,8, 0,6, 3,8, 31, 38, 99, 4,99, Off, Off, Off, Off, Off, Off, On, Off, Off, Off, Off, Rich
505.781, 1600, 1,88, 83, 76, 14, 13,8, 0,6, 3,76, 31, 38, 99, 5,01, Off, Off, Off, Off, Off, Off, On, Off, Off, Off, Off, Rich
505.828, 1600, 1,85, 83, 73, 14, 13,8, 0,6, 3,75, 31, 38, 99, 5, Off, Off, Off, Off, Off, Off, On, Off, Off, Off, Off, Rich
505.890, 1625, 1,87, 83, 72, 14, 13,8, 0,6, 3,71, 31, 38, 99, 5,02, Off, Off, Off, Off, Off, Off, On, Off, Off, Off, Off, Rich
505.937, 1600, 1,86, 83, 69, 14, 13,8, 0,6, 3,68, 31, 38, 99, 4,91, Off, Off, Off, Off, Off, Off, On, Off, Off, Off, Off, Rich
506.000, 1625, 1,87, 83, 60, 14, 13,8, 0,6, 3,66, 31, 38, 99, 4,96, Off, Off, Off, Off, Off, Off, On, Off, Off, Off, Off, Rich
506.046, 1638, 1,86, 83, 25, 14, 13,8, 0,6, 3,63, 31, 38, 99, 4,95, Off, Off, Off, Off, Off, Off, On, Off, Off, Off, Off, Rich
506.093, 1625, 1,86, 83, 14, 14, 13,8, 0,58, 3,77, 31, 38, 98, 5,11, Off, Off, Off, Off, Off, Off, On, Off, Off, Off, Off, Lean
506.156, 1638, 1,86, 83, 9, 14, 13,8, 0,58, 3,73, 31, 38, 98, 5,09, Off, Off, Off, Off, Off, Off, On, Off, Off, Off, Off, Lean
506.203, 1588, 1,86, 83, 4, 14, 13,8, 0,58, 3,71, 31, 38, 98, 4,91, Off, Off, Off, Off, Off, Off, On, Off, Off, Off, Off, Lean
506.265, 1525, 1,82, 83, 4, 14, 13,9, 0,56, 3,62, 31, 38, 98, 4,6, Off, Off, Off, Off, Off, Off, On, Off, Off, Off, Off, Lean
506.328, 1438, 1,82, 83, 5, 14, 13,8, 0,58, 3,74, 31, 38, 98, 4,48, Off, Off, Off, Off, Off, Off, On, Off, Off, Off, Off, Lean
506.375, 1412, 1,84, 83, 5, 14, 13,8, 0,58, 3,92, 30, 38, 98, 4,61, Off, Off, Off, Off, Off, Off, On, Off, Off, Off, Off, Lean
506.437, 1362, 1,84, 83, 5, 14, 13,8, 0,58, 3,93, 30, 38, 98, 4,46, Off, Off, Off, Off, Off, Off, On, Off, Off, Off, Off, Lean
506.484, 1312, 1,83, 83, 5, 14, 13,8, 0,58, 4,01, 29, 38, 98, 4,38, Off, Off, Off, Off, Off, Off, On, Off, Off, Off, Off, Lean
506.546, 1312, 1,83, 83, 6, 14, 13,8, 0,58, 4,03, 29, 38, 98, 4,41, Off, Off, Off, Off, Off, Off, On, Off, Off, Off, Off, Lean
506.593, 1325, 1,82, 83, 35, 14, 13,8, 0,56, 4,12, 29, 38, 98, 4,55, Off, Off, Off, Off, Off, Off, On, Off, Off, Off, Off, Lean
506.656, 1312, 1,8, 83, 54, 14, 13,9, 0,56, 4,15, 29, 38, 98, 4,54, Off, Off, Off, Off, Off, Off, On, Off, Off, Off, Off, Lean
506.703, 1325, 1,82, 83, 64, 14, 13,6, 0,58, 4,04, 29, 38, 98, 4,46, Off, Off, Off, Off, Off, Off, On, Off, Off, Off, Off, Rich
506.765, 1325, 1,79, 83, 68, 14, 13,8, 0,54, 3,98, 29, 38, 98, 4,39, Off, Off, Off, Off, Off, Off, On, Off, Off, Off, Off, Rich
506.812, 1362, 1,76, 83, 71, 14, 13,8, 0,54, 3,84, 29, 38, 98, 4,36, Off, Off, Off, Off, Off, Off, On, Off, Off, Off, Off, Rich
506.859, 1350, 1,75, 83, 71, 14, 13,8, 0,54, 3,83, 30, 38, 98, 4,31, Off, Off, Off, Off, Off, Off, On, Off, Off, Off, Off, Rich
506.906, 1325, 1,74, 83, 71, 14, 13,8, 0,52, 3,73, 30, 38, 98, 4,12, Off, Off, Off, Off, Off, Off, On, Off, Off, Off, Off, Rich
506.953, 1312, 1,83, 83, 70, 14, 13,8, 0,64, 4,4, 28, 38, 98, 4,81, Off, Off, Off, Off, Off, Off, On, Off, Off, Off, Off, Rich
507.031, 1325, 1,9, 83, 66, 14, 13,8, 0,62, 4,71, 27, 38, 98, 5,2, Off, Off, Off, Off, Off, Off, On, Off, Off, Off, Off, Rich
507.078, 1362, 1,8, 83, 37, 14, 13,8, 0,54, 4,06, 28, 38, 98, 4,61, Off, Off, Off, Off, Off, Off, On, Off, Off, Off, Off, Rich
507.140, 1350, 1,78, 83, 35, 14, 13,7, 0,54, 4,33, 28, 38, 100, 4,87, Off, Off, Off, Off, Off, Off, On, Off, Off, Off, Off, Lean
507.187, 1362, 1,76, 83, 56, 14, 13,8, 0,54, 4,21, 29, 38, 100, 4,78, Off, Off, Off, Off, Off, Off, On, Off, Off, Off, Off, Lean
507.234, 1350, 1,7, 83, 73, 14, 13,8, 0,5, 3,83, 29, 38, 100, 4,31, Off, Off, Off, Off, Off, Off, On, Off, Off, Off, Off, Rich
507.296, 1362, 1,69, 83, 78, 14, 13,8, 0,52, 3,67, 30, 38, 100, 4,17, Off, Off, Off, Off, Off, Off, On, Off, Off, Off, Off, Rich
507.343, 1362, 1,68, 83, 81, 14, 13,8, 0,52, 3,58, 30, 38, 100, 4,06, Off, Off, Off, Off, Off, Off, On, Off, Off, Off, Off, Rich
507.406, 1312, 1,69, 83, 81, 14, 13,7, 0,52, 3,57, 30, 38, 100, 3,9, Off, Off, Off, Off, Off, Off, On, Off, Off, Off, Off, Rich
507.453, 1312, 1,7, 83, 81, 14, 13,6, 0,52, 3,51, 30, 38, 100, 3,84, Off, Off, Off, Off, Off, Off, On, Off, Off, Off, Off, Rich
507.515, 1300, 1,7, 83, 80, 14, 13,8, 0,52, 3,5, 30, 38, 100, 3,79, Off, Off, Off, Off, Off, Off, On, Off, Off, Off, Off, Rich
507.562, 1312, 1,72, 83, 75, 14, 13,8, 0,54, 3,5, 30, 38, 100, 3,83, Off, Off, Off, Off, Off, Off, On, Off, Off, Off, Off, Rich
507.625, 1300, 1,72, 83, 73, 18, 13,8, 0,54, 3,52, 30, 38, 100, 3,81, Off, Off, Off, Off, Off, Off, On, Off, Off, Off, Off, Rich
507.687, 1300, 1,72, 83, 65, 18, 13,8, 0,54, 3,54, 30, 38, 100, 3,84, Off, Off, Off, Off, Off, Off, On, Off, Off, Off, Off, Rich
507.750, 1275, 1,72, 83, 38, 18, 13,8, 0,54, 3,54, 30, 38, 100, 3,76, Off, Off, Off, Off, Off, Off, On, Off, Off, Off, Off, Lean
507.812, 1275, 1,73, 83, 8, 18, 13,8, 0,54, 3,68, 30, 38, 100, 3,91, Off, Off, Off, Off, Off, Off, On, Off, Off, Off, Off, Lean
507.859, 1300, 1,72, 83, 5, 18, 13,8, 0,54, 3,7, 30, 38, 100, 4,01, Off, Off, Off, Off, Off, Off, On, Off, Off, Off, Off, Lean
507.921, 1300, 1,73, 83, 3, 18, 13,8, 0,54, 3,71, 30, 38, 100, 4,02, Off, Off, Off, Off, Off, Off, On, Off, Off, Off, Off, Lean
507.984, 1300, 1,72, 83, 2, 18, 13,8, 0,54, 3,73, 30, 38, 100, 4,04, Off, Off, Off, Off, Off, Off, On, Off, Off, Off, Off, Lean
508.031, 1312, 1,72, 83, 2, 18, 13,8, 0,54, 3,74, 30, 38, 100, 4,09, Off, Off, Off, Off, Off, Off, On, Off, Off, Off, Off, Lean
508.093, 1312, 1,74, 83, 3, 18, 13,8, 0,54, 3,75, 30, 38, 100, 4,1, Off, Off, Off, Off, Off, Off, On, Off, Off, Off, Off, Lean
508.140, 1312, 1,74, 83, 3, 18, 13,8, 0,54, 3,77, 30, 38, 100, 4,12, Off, Off, Off, Off, Off, Off, On, Off, Off, Off, Off, Lean
508.203, 1325, 1,74, 83, 4, 18, 13,8, 0,54, 3,82, 30, 38, 100, 4,22, Off, Off, Off, Off, Off, Off, On, Off, Off, Off, Off, Lean
508.250, 1325, 1,75, 83, 4, 18, 13,8, 0,54, 3,85, 30, 38, 100, 4,25, Off, Off, Off, Off, Off, Off, On, Off, Off, Off, Off, Lean
508.312, 1325, 1,75, 83, 4, 18, 13,8, 0,54, 3,85, 30, 38, 100, 4,25, Off, Off, Off, Off, Off, Off, On, Off, Off, Off, Off, Lean
508.359, 1325, 1,75, 83, 6, 18, 13,8, 0,54, 3,86, 30, 38, 100, 4,26, Off, Off, Off, Off, Off, Off, On, Off, Off, Off, Off, Lean
508.421, 1362, 1,75, 83, 7, 18, 13,8, 0,54, 3,87, 30, 38, 100, 4,39, Off, Off, Off, Off, Off, Off, On, Off, Off, Off, Off, Lean
508.468, 1350, 1,76, 83, 12, 18, 13,9, 0,56, 3,89, 30, 38, 100, 4,38, Off, Off, Off, Off, Off, Off, On, Off, Off, Off, Off, Lean
508.515, 1350, 1,76, 83, 30, 18, 13,8, 0,56, 3,9, 30, 38, 100, 4,39, Off, Off, Off, Off, Off, Off, On, Off, Off, Off, Off, Lean
508.562, 1325, 1,78, 83, 50, 18, 13,8, 0,56, 3,82, 30, 38, 100, 4,22, Off, Off, Off, Off, Off, Off, On, Off, Off, Off, Off, Rich
508.625, 1350, 1,78, 83, 63, 18, 13,8, 0,56, 3,82, 30, 38, 100, 4,3, Off, Off, Off, Off, Off, Off, On, Off, Off, Off, Off, Rich
508.671, 1362, 1,79, 83, 73, 18, 13,8, 0,56, 3,84, 30, 38, 100, 4,36, Off, Off, Off, Off, Off, Off, On, Off, Off, Off, Off, Rich
508.718, 1362, 1,8, 83, 75, 18, 13,8, 0,56, 3,85, 30, 38, 100, 4,37, Off, Off, Off, Off, Off, Off, On, Off, Off, Off, Off, Rich
508.781, 1362, 1,83, 83, 74, 18, 13,8, 0,6, 4,06, 29, 38, 100, 4,61, Off, Off, Off, Off, Off, Off, On, Off, Off, Off, Off, Rich
508.828, 1362, 1,88, 83, 73, 18, 13,9, 0,6, 4,24, 28, 38, 100, 4,81, Off, Off, Off, Off, Off, Off, On, Off, Off, Off, Off, Rich
508.890, 1388, 1,88, 83, 71, 18, 13,8, 0,62, 4,22, 28, 38, 100, 4,88, Off, Off, Off, Off, Off, Off, On, Off, Off, Off, Off, Rich
508.953, 1425, 1,88, 83, 72, 18, 13,8, 0,6, 4,25, 28, 38, 100, 5,05, Off, Off, Off, Off, Off, Off, On, Off, Off, Off, Off, Rich
509.015, 1425, 1,88, 83, 72, 18, 13,9, 0,6, 4,24, 28, 38, 100, 5,03, Off, Off, Off, Off, Off, Off, On, Off, Off, Off, Off, Rich
509.062, 1425, 1,86, 83, 75, 18, 13,8, 0,6, 4,23, 28, 38, 100, 5,02, Off, Off, Off, Off, Off, Off, On, Off, Off, Off, Off, Rich
509.125, 1438, 1,86, 83, 76, 18, 13,9, 0,6, 4,2, 29, 38, 100, 5,03, Off, Off, Off, Off, Off, Off, On, Off, Off, Off, Off, Rich
509.187, 1438, 1,86, 83, 77, 18, 13,8, 0,58, 4,13, 29, 38, 100, 4,95, Off, Off, Off, Off, Off, Off, On, Off, Off, Off, Off, Rich
509.234, 1462, 1,86, 83, 77, 18, 13,6, 0,62, 4,07, 29, 38, 100, 4,96, Off, Off, Off, Off, Off, Off, On, Off, Off, Off, Off, Rich
509.281, 1462, 2,1, 83, 77, 18, 13,8, 0,76, 5,1, 21, 38, 100, 6,21, Off, Off, Off, Off, Off, Off, On, Off, Off, Off, Off, Rich
509.343, 1475, 2,02, 83, 74, 18, 13,8, 0,58, 4,83, 21, 38, 100, 5,94, Off, Off, Off, Off, Off, Off, On, Off, Off, Off, Off, Rich
509.390, 1512, 1,82, 83, 77, 18, 13,7, 0,56, 4,25, 24, 38, 100, 5,36, Off, Off, Off, Off, Off, Off, On, Off, Off, Off, Off, Rich
509.421, 1525, 1,8, 83, 80, 18, 13,8, 0,58, 4,26, 24, 38, 100, 5,41, Off, Off, Off, Off, Off, Off, On, Off, Off, Off, Off, Rich
509.500, 1512, 1,82, 83, 82, 18, 13,7, 0,58, 4,03, 29, 38, 100, 5,08, Off, Off, Off, Off, Off, Off, On, Off, Off, Off, Off, Rich
509.546, 1512, 1,82, 83, 83, 18, 13,8, 0,58, 3,88, 30, 38, 100, 4,89, Off, Off, Off, Off, Off, Off, On, Off, Off, Off, Off, Rich
509.593, 1488, 1,82, 83, 83, 18, 13,8, 0,58, 3,85, 30, 38, 100, 4,77, Off, Off, Off, Off, Off, Off, On, Off, Off, Off, Off, Rich
509.656, 1475, 1,84, 83, 80, 18, 13,7, 0,58, 3,77, 30, 38, 100, 4,63, Off, Off, Off, Off, Off, Off, On, Off, Off, Off, Off, Rich
509.703, 1462, 1,82, 83, 77, 20, 13,8, 0,56, 3,7, 30, 38, 100, 4,51, Off, Off, Off, Off, Off, Off, On, Off, Off, Off, Off, Rich
509.750, 1462, 1,82, 83, 75, 20, 13,8, 0,58, 3,69, 30, 38, 100, 4,5, Off, Off, Off, Off, Off, Off, On, Off, Off, Off, Off, Rich
509.812, 1438, 1,82, 83, 67, 20, 13,8, 0,56, 3,64, 30, 38, 100, 4,36, Off, Off, Off, Off, Off, Off, On, Off, Off, Off, Off, Rich
509.875, 1438, 1,76, 83, 46, 20, 13,8, 0,54, 3,45, 30, 38, 100, 4,13, Off, Off, Off, Off, Off, Off, On, Off, Off, Off, Off, Rich
509.937, 1425, 1,76, 83, 23, 20, 13,8, 0,54, 3,48, 31, 38, 98, 4,13, Off, Off, Off, Off, Off, Off, On, Off, Off, Off, Off, Lean
509.984, 1388, 1,71, 83, 6, 20, 13,9, 0,48, 3,5, 31, 38, 98, 4,05, Off, Off, Off, Off, Off, Off, On, Off, Off, Off, Off, Lean
510.031, 1425, 1,64, 83, 4, 20, 13,9, 0,48, 3,35, 31, 38, 98, 3,98, Off, Off, Off, Off, Off, Off, On, Off, Off, Off, Off, Lean
510.093, 1412, 1,6, 83, 2, 20, 13,9, 0,46, 3,34, 31, 38, 98, 3,93, Off, Off, Off, Off, Off, Off, On, Off, Off, Off, Off, Lean
510.156, 1388, 1,52, 83, 2, 20, 13,9, 0,42, 3,09, 32, 38, 98, 3,57, Off, Off, Off, Off, Off, Off, On, Off, Off, Off, Off, Lean
510.203, 1362, 1,46, 83, 1, 20, 13,8, 0,4, 2,97, 33, 38, 98, 3,37, Off, Off, Off, Off, Off, Off, On, Off, Off, Off, Off, Lean
510.265, 1350, 1,44, 83, 3, 20, 13,7, 0,38, 2,86, 34, 38, 98, 3,22, Off, Off, Off, Off, Off, Off, On, Off, Off, Off, Off, Lean
510.312, 1312, 1,38, 83, 3, 20, 13,8, 0,34, 2,68, 34, 47, 98, 2,93, Off, Off, Off, Off, On, Off, On, Off, Off, Off, Off, Lean
510.375, 1312, 1,4, 83, 4, 20, 13,8, 0,34, 2,62, 30, 47, 98, 2,86, Off, Off, Off, Off, On, Off, On, Off, Off, Off, Off, Lean
510.421, 1300, 1,4, 83, 9, 22, 13,8, 0,34, 2,53, 27, 47, 98, 2,74, Off, Off, Off, Off, On, Off, On, Off, Off, Off, Off, Lean
510.484, 1275, 1,41, 83, 57, 22, 13,9, 0,34, 2,51, 22, 47, 96, 2,67, Off, Off, Off, Off, On, Off, On, Off, Off, Off, Off, Rich
510.546, 1275, 1,41, 83, 66, 22, 13,9, 0,34, 2,49, 19, 46, 96, 2,65, Off, Off, Off, Off, On, Off, On, Off, Off, Off, Off, Rich
510.593, 1275, 1,4, 83, 67, 22, 13,8, 0,34, 2,45, 16, 46, 96, 2,6, Off, Off, Off, Off, On, Off, On, Off, Off, Off, Off, Rich
510.640, 1262, 1,39, 83, 67, 22, 13,8, 0,34, 2,43, 14, 46, 96, 2,56, Off, Off, Off, Off, On, Off, On, Off, Off, Off, Off, Rich
510.703, 1250, 1,4, 83, 52, 22, 13,6, 0,34, 2,42, 14, 46, 96, 2,52, Off, Off, Off, Off, On, Off, On, Off, Off, Off, Off, Rich
510.750, 1250, 1,4, 83, 9, 22, 13,8, 0,34, 2,45, 13, 45, 98, 2,55, Off, Off, Off, Off, On, Off, On, Off, Off, Off, Off, Lean
510.796, 1225, 1,39, 83, 9, 22, 13,6, 0,34, 2,46, 14, 45, 98, 2,51, Off, Off, Off, Off, On, Off, On, Off, Off, Off, Off, Lean
510.859, 1225, 1,38, 83, 5, 22, 13,8, 0,34, 2,44, 14, 45, 98, 2,49, Off, Off, Off, Off, On, Off, On, Off, Off, Off, Off, Lean
510.906, 1225, 1,38, 83, 2, 22, 13,8, 0,34, 2,44, 14, 45, 98, 2,49, Off, Off, Off, Off, On, Off, On, Off, Off, Off, Off, Lean
510.953, 1250, 1,38, 83, 1, 22, 13,8, 0,34, 2,44, 13, 45, 98, 2,54, Off, Off, Off, Off, On, Off, On, Off, Off, Off, Off, Lean
511.000, 1250, 1,38, 83, 1, 22, 13,8, 0,34, 2,44, 13, 44, 98, 2,54, Off, Off, Off, Off, On, Off, On, Off, Off, Off, Off, Lean
511.062, 1225, 1,38, 83, 1, 22, 13,8, 0,34, 2,42, 13, 44, 98, 2,47, Off, Off, Off, Off, On, Off, On, Off, Off, Off, Off, Lean
511.125, 1250, 1,37, 83, 1, 22, 13,8, 0,34, 2,42, 13, 44, 98, 2,52, Off, Off, Off, Off, On, Off, On, Off, Off, Off, Off, Lean
511.171, 1212, 1,36, 83, 0, 20, 13,8, 0,34, 2,41, 13, 44, 98, 2,43, Off, Off, Off, Off, On, Off, On, Off, Off, Off, Off, Lean
511.250, 1225, 1,35, 83, 1, 20, 13,6, 0,34, 2,42, 13, 44, 98, 2,47, Off, Off, Off, Off, On, Off, On, Off, Off, Off, Off, Lean
511.296, 1212, 1,36, 83, 1, 20, 13,8, 0,34, 2,41, 13, 43, 98, 2,43, Off, Off, Off, Off, On, Off, On, Off, Off, Off, Off, Lean
511.343, 1200, 1,36, 83, 1, 20, 13,6, 0,34, 2,41, 13, 43, 98, 2,41, Off, Off, Off, Off, On, Off, On, Off, Off, Off, Off, Lean
511.390, 1188, 1,36, 83, 0, 20, 13,6, 0,34, 2,4, 13, 43, 98, 2,38, Off, Off, Off, Off, On, Off, On, Off, Off, Off, Off, Lean
511.437, 1188, 1,36, 83, 0, 20, 13,8, 0,34, 2,38, 13, 42, 98, 2,36, Off, Off, Off, Off, On, Off, On, Off, Off, Off, Off, Lean
511.484, 1188, 1,35, 83, 0, 20, 13,8, 0,34, 2,4, 13, 42, 98, 2,38, Off, Off, Off, Off, On, Off, On, Off, Off, Off, Off, Lean
511.546, 1162, 1,34, 83, 0, 20, 13,8, 0,34, 2,38, 13, 42, 98, 2,3, Off, Off, Off, Off, On, Off, On, Off, Off, Off, Off, Lean
511.593, 1162, 1,34, 83, 0, 20, 13,8, 0,34, 2,41, 13, 42, 98, 2,33, Off, Off, Off, Off, On, Off, On, Off, Off, Off, Off, Lean
511.656, 1188, 1,34, 83, 0, 20, 13,8, 0,34, 2,41, 13, 42, 98, 2,39, Off, Off, Off, Off, On, Off, On, Off, Off, Off, Off, Lean
511.703, 1162, 1,34, 83, 0, 20, 13,8, 0,34, 2,4, 13, 42, 98, 2,32, Off, Off, Off, Off, On, Off, On, Off, Off, Off, Off, Lean
511.750, 1150, 1,34, 83, 0, 20, 13,8, 0,34, 2,41, 13, 42, 98, 2,31, Off, Off, Off, Off, On, Off, On, Off, Off, Off, Off, Lean
511.796, 1150, 1,34, 83, 0, 20, 13,8, 0,34, 2,41, 13, 42, 98, 2,31, Off, Off, Off, Off, On, Off, On, Off, Off, Off, Off, Lean
511.859, 1138, 1,34, 83, 0, 20, 13,8, 0,34, 2,41, 13, 41, 98, 2,29, Off, Off, Off, Off, On, Off, On, Off, Off, Off, Off, Lean
511.921, 1112, 1,34, 83, 0, 20, 13,8, 0,34, 2,4, 13, 41, 98, 2,22, Off, Off, Off, Off, On, Off, On, Off, Off, Off, Off, Lean
511.984, 1112, 1,32, 83, 0, 20, 13,7, 0,34, 2,41, 13, 41, 98, 2,23, Off, Off, Off, Off, On, Off, On, Off, Off, Off, Off, Lean
512.031, 1112, 1,32, 83, 0, 20, 13,6, 0,34, 2,43, 13, 41, 98, 2,25, Off, Off, Off, Off, On, Off, On, Off, Off, Off, Off, Lean
512.078, 1112, 1,32, 83, 0, 20, 13,8, 0,34, 2,43, 13, 41, 98, 2,25, Off, Off, Off, Off, On, Off, On, Off, Off, Off, Off, Lean
512.140, 1112, 1,32, 83, 1, 20, 13,8, 0,34, 2,44, 13, 40, 98, 2,26, Off, Off, Off, Off, On, Off, On, Off, Off, Off, Off, Lean
512.187, 1100, 1,31, 83, 1, 20, 13,7, 0,34, 2,44, 13, 40, 98, 2,24, Off, Off, Off, Off, On, Off, On, Off, Off, Off, Off, Lean
512.250, 1100, 1,3, 83, 1, 20, 13,7, 0,34, 2,44, 13, 40, 98, 2,24, Off, Off, Off, Off, On, Off, On, Off, Off, Off, Off, Lean
512.296, 1088, 1,3, 83, 2, 20, 13,6, 0,34, 2,43, 13, 40, 98, 2,2, Off, Off, Off, Off, On, Off, On, Off, Off, Off, Off, Lean
512.359, 1088, 1,3, 83, 2, 20, 13,8, 0,34, 2,44, 13, 40, 98, 2,21, Off, Off, Off, Off, On, Off, On, Off, Off, Off, Off, Lean
512.406, 1062, 1,3, 83, 2, 20, 13,5, 0,34, 2,43, 13, 39, 98, 2,15, Off, Off, Off, Off, On, Off, On, Off, Off, Off, Off, Lean
512.453, 1062, 1,3, 83, 2, 20, 13,7, 0,34, 2,45, 13, 39, 98, 2,17, Off, Off, Off, Off, On, Off, On, Off, Off, Off, Off, Lean
512.515, 1062, 1,3, 83, 2, 20, 13,6, 0,34, 2,43, 13, 38, 98, 2,15, Off, Off, Off, Off, On, Off, On, Off, Off, Off, Off, Lean
512.562, 1062, 1,28, 83, 2, 18, 13,8, 0,34, 2,45, 13, 38, 98, 2,17, Off, Off, Off, Off, On, Off, On, Off, Off, Off, Off, Lean
512.625, 1062, 1,3, 83, 2, 18, 13,8, 0,34, 2,43, 13, 38, 98, 2,15, Off, Off, Off, Off, On, Off, On, Off, Off, Off, Off, Lean
512.671, 1050, 1,3, 83, 2, 18, 13,7, 0,34, 2,46, 13, 38, 98, 2,15, Off, Off, Off, Off, On, Off, On, Off, Off, Off, Off, Lean
512.718, 1050, 1,29, 83, 2, 18, 13,8, 0,34, 2,45, 13, 38, 98, 2,14, Off, Off, Off, Off, On, Off, On, Off, Off, Off, Off, Lean
512.765, 1038, 1,28, 83, 2, 18, 13,7, 0,34, 2,44, 13, 38, 98, 2,11, Off, Off, Off, Off, On, Off, On, Off, Off, Off, Off, Lean
512.812, 1025, 1,28, 83, 2, 18, 13,7, 0,34, 2,46, 13, 38, 98, 2,1, Off, Off, Off, Off, On, Off, On, Off, Off, Off, Off, Lean
512.875, 1038, 1,29, 83, 2, 18, 13,8, 0,34, 2,46, 13, 38, 98, 2,13, Off, Off, Off, Off, On, Off, On, Off, Off, Off, Off, Lean
512.921, 1000, 1,28, 83, 2, 18, 13,8, 0,34, 2,46, 13, 38, 98, 2,05, Off, Off, Off, Off, On, Off, On, Off, Off, Off, Off, Lean
512.968, 1000, 1,3, 83, 2, 18, 13,4, 0,34, 2,5, 13, 38, 98, 2,08, Off, Off, Off, Off, On, Off, On, Off, Off, Off, Off, Lean
513.031, 1025, 1,28, 83, 2, 18, 13,6, 0,34, 2,5, 13, 38, 98, 2,14, Off, Off, Off, Off, On, Off, On, Off, Off, Off, Off, Lean
513.078, 1025, 1,29, 83, 2, 18, 13,7, 0,34, 2,5, 13, 38, 98, 2,14, Off, Off, Off, Off, On, Off, On, Off, Off, Off, Off, Lean
513.140, 1000, 1,28, 83, 2, 18, 13,7, 0,34, 2,51, 13, 38, 98, 2,09, Off, Off, Off, Off, On, Off, On, Off, Off, Off, Off, Lean
513.187, 988, 1,29, 83, 2, 18, 13,7, 0,34, 2,52, 13, 38, 98, 2,07, Off, Off, Off, Off, On, Off, On, Off, Off, Off, Off, Lean
513.234, 975, 1,28, 83, 2, 18, 13,6, 0,34, 2,53, 13, 38, 98, 2,06, Off, Off, Off, Off, On, Off, On, Off, Off, Off, Off, Lean
513.312, 988, 1,28, 83, 2, 18, 13,5, 0,34, 2,54, 13, 38, 98, 2,09, Off, Off, Off, Off, On, Off, On, Off, Off, Off, Off, Lean
513.359, 975, 1,28, 83, 2, 18, 13,7, 0,34, 2,55, 13, 38, 98, 2,07, Off, Off, Off, Off, On, Off, On, Off, Off, Off, Off, Lean
513.390, 975, 1,28, 83, 2, 18, 13,7, 0,34, 2,55, 13, 38, 98, 2,07, Off, Off, Off, Off, On, Off, On, Off, Off, Off, Off, Lean
513.468, 975, 1,29, 83, 2, 18, 13,8, 0,34, 2,55, 13, 38, 98, 2,07, Off, Off, Off, Off, On, Off, On, Off, Off, Off, Off, Lean
513.515, 975, 1,28, 83, 3, 18, 13,6, 0,34, 2,56, 13, 38, 98, 2,08, Off, Off, Off, Off, On, Off, On, Off, Off, Off, Off, Lean
513.562, 975, 1,29, 83, 3, 18, 13,5, 0,34, 2,57, 13, 38, 98, 2,09, Off, Off, Off, Off, On, Off, On, Off, Off, Off, Off, Lean
513.625, 950, 1,29, 83, 4, 18, 13,8, 0,34, 2,6, 13, 38, 98, 2,06, Off, Off, Off, Off, On, Off, On, Off, Off, Off, Off, Lean
513.671, 950, 1,28, 83, 4, 18, 13,7, 0,34, 2,61, 13, 38, 98, 2,07, Off, Off, Off, Off, On, Off, On, Off, Off, Off, Off, Lean
513.718, 950, 1,28, 83, 4, 18, 13,8, 0,34, 2,63, 13, 38, 98, 2,08, Off, Off, Off, Off, On, Off, On, Off, Off, Off, Off, Lean
513.781, 938, 1,28, 83, 5, 18, 13,7, 0,34, 2,64, 13, 38, 98, 2,06, Off, Off, Off, Off, On, Off, On, Off, Off, Off, Off, Lean
513.828, 938, 1,28, 83, 5, 18, 13,7, 0,34, 2,68, 13, 38, 98, 2,09, Off, Off, Off, Off, On, Off, On, Off, Off, Off, Off, Lean
513.875, 925, 1,28, 83, 6, 18, 13,7, 0,34, 2,66, 13, 38, 98, 2,05, Off, Off, Off, Off, On, Off, On, Off, Off, Off, Off, Lean
513.937, 938, 1,28, 83, 6, 18, 13,7, 0,34, 2,67, 13, 38, 98, 2,09, Off, Off, Off, Off, On, Off, On, Off, Off, Off, Off, Lean
514.000, 938, 1,28, 83, 7, 16, 13,6, 0,34, 2,68, 13, 38, 98, 2,09, Off, Off, Off, Off, On, Off, On, Off, Off, Off, Off, Lean
514.046, 925, 1,28, 83, 11, 16, 13,8, 0,34, 2,67, 13, 38, 98, 2,06, Off, Off, Off, Off, On, Off, On, Off, Off, Off, Off, Lean
514.109, 950, 1,28, 83, 34, 16, 13,8, 0,34, 2,7, 13, 38, 98, 2,14, Off, Off, Off, Off, On, Off, On, Off, Off, Off, Off, Lean
514.156, 938, 1,28, 83, 63, 16, 13,8, 0,34, 2,7, 13, 38, 98, 2,11, Off, Off, Off, Off, On, Off, On, Off, Off, Off, Off, Lean
514.203, 938, 1,29, 83, 63, 16, 13,8, 0,34, 2,65, 13, 38, 101, 2,07, Off, Off, Off, Off, On, Off, On, Off, Off, Off, Off, Rich
514.250, 938, 1,28, 83, 73, 16, 13,8, 0,34, 2,66, 13, 38, 101, 2,08, Off, Off, Off, Off, On, Off, On, Off, Off, Off, Off, Rich
514.296, 938, 1,28, 83, 78, 16, 13,8, 0,34, 2,67, 13, 38, 101, 2,09, Off, Off, Off, Off, On, Off, On, Off, Off, Off, Off, Rich
514.343, 938, 1,28, 83, 80, 16, 13,8, 0,34, 2,68, 13, 38, 101, 2,09, Off, Off, Off, Off, On, Off, On, Off, Off, Off, Off, Rich
514.406, 900, 1,28, 83, 82, 16, 13,7, 0,34, 2,7, 13, 38, 101, 2,03, Off, Off, Off, Off, On, Off, On, Off, Off, Off, Off, Rich
514.468, 925, 1,28, 83, 81, 16, 13,7, 0,34, 2,68, 13, 38, 101, 2,07, Off, Off, Off, Off, On, Off, On, Off, Off, Off, Off, Rich
514.515, 900, 1,28, 83, 82, 16, 13,7, 0,34, 2,68, 13, 38, 101, 2,01, Off, Off, Off, Off, On, Off, On, Off, Off, Off, Off, Rich
514.562, 900, 1,27, 83, 82, 16, 13,7, 0,34, 2,69, 13, 38, 101, 2,02, Off, Off, Off, Off, On, Off, On, Off, Off, Off, Off, Rich
514.609, 900, 1,27, 83, 82, 16, 13,7, 0,34, 2,69, 13, 38, 101, 2,02, Off, Off, Off, Off, On, Off, On, Off, Off, Off, Off, Rich
514.656, 900, 1,28, 83, 82, 14, 13,7, 0,34, 2,69, 13, 38, 101, 2,02, Off, Off, Off, Off, On, Off, On, Off, Off, Off, Off, Rich
514.718, 888, 1,28, 83, 83, 14, 13,7, 0,34, 2,71, 13, 38, 101, 2,01, Off, Off, Off, Off, On, Off, On, Off, Off, Off, Off, Rich
514.765, 900, 1,27, 83, 83, 14, 13,8, 0,34, 2,69, 13, 38, 101, 2,02, Off, Off, Off, Off, On, Off, On, Off, Off, Off, Off, Rich
514.828, 888, 1,27, 83, 82, 14, 13,8, 0,34, 2,7, 13, 38, 101, 2, Off, Off, Off, Off, On, Off, On, Off, Off, Off, Off, Rich
514.875, 900, 1,27, 83, 82, 14, 13,8, 0,34, 2,72, 13, 38, 101, 2,04, Off, Off, Off, Off, On, Off, On, Off, Off, Off, Off, Rich
514.921, 888, 1,28, 83, 82, 14, 13,8, 0,34, 2,69, 13, 38, 101, 1,99, Off, Off, Off, Off, On, Off, On, Off, Off, Off, Off, Rich
514.968, 900, 1,28, 83, 82, 14, 13,8, 0,34, 2,71, 13, 38, 101, 2,03, Off, Off, Off, Off, On, Off, On, Off, Off, Off, Off, Rich
515.031, 888, 1,28, 83, 81, 14, 13,7, 0,34, 2,73, 13, 38, 101, 2,02, Off, Off, Off, Off, On, Off, On, Off, Off, Off, Off, Rich
515.093, 900, 1,27, 83, 81, 14, 13,8, 0,34, 2,74, 13, 38, 101, 2,06, Off, Off, Off, Off, On, Off, On, Off, Off, Off, Off, Rich
515.140, 875, 1,27, 83, 81, 14, 13,7, 0,34, 2,76, 13, 38, 101, 2,01, Off, Off, Off, Off, On, Off, On, Off, Off, Off, Off, Rich
515.187, 875, 1,28, 83, 81, 14, 13,7, 0,34, 2,74, 13, 38, 101, 2, Off, Off, Off, Off, On, Off, On, Off, Off, Off, Off, Rich
515.234, 862, 1,27, 83, 81, 14, 13,7, 0,34, 2,75, 13, 38, 101, 1,98, Off, Off, Off, Off, On, Off, On, Off, Off, Off, Off, Rich
515.296, 862, 1,27, 83, 80, 14, 13,7, 0,34, 2,75, 13, 38, 101, 1,98, Off, Off, Off, Off, On, Off, On, Off, Off, Off, Off, Rich
515.343, 825, 1,27, 83, 81, 14, 13,7, 0,34, 2,77, 13, 38, 101, 1,9, Off, Off, Off, Off, On, Off, On, Off, Off, Off, Off, Rich
515.406, 862, 1,28, 83, 81, 14, 13,7, 0,34, 2,79, 13, 38, 101, 2, Off, Off, Off, Off, On, Off, On, Off, Off, Off, Off, Rich
515.468, 838, 1,27, 83, 81, 14, 13,7, 0,34, 2,78, 13, 38, 101, 1,94, Off, Off, Off, Off, On, Off, On, Off, Off, Off, Off, Rich
515.515, 862, 1,27, 83, 81, 14, 13,8, 0,34, 2,78, 12, 38, 101, 2, Off, Off, Off, Off, On, Off, On, Off, Off, Off, Off, Rich
515.578, 825, 1,28, 83, 80, 14, 13,8, 0,34, 2,8, 9, 38, 101, 1,92, Off, Off, Off, Off, On, Off, On, Off, Off, Off, Off, Rich
515.625, 812, 1,28, 83, 80, 14, 13,7, 0,34, 2,8, 7, 38, 101, 1,89, Off, Off, Off, Off, On, Off, On, Off, Off, Off, Off, Rich
515.671, 812, 1,28, 83, 78, 14, 13,8, 0,34, 2,85, 4, 38, 101, 1,93, Off, Off, Off, Off, On, Off, On, Off, Off, Off, Off, Rich
515.734, 775, 1,27, 83, 78, 14, 13,8, 0,34, 2,85, 3, 38, 101, 1,84, Off, Off, Off, Off, On, Off, On, Off, Off, Off, Off, Rich
515.781, 762, 1,28, 83, 78, 14, 13,8, 0,34, 2,88, 3, 38, 101, 1,83, Off, Off, Off, Off, On, Off, On, Off, Off, Off, Off, Rich
515.828, 738, 1,28, 83, 75, 14, 13,6, 0,34, 2,92, 3, 38, 101, 1,8, Off, Off, Off, Off, On, Off, On, Off, Off, Off, Off, Rich
515.890, 738, 1,27, 83, 75, 14, 13,5, 0,34, 2,93, 3, 38, 101, 1,8, Off, Off, Off, Off, On, Off, On, Off, Off, Off, Off, Rich
515.937, 712, 1,27, 83, 73, 14, 13,8, 0,34, 3, 5, 38, 101, 1,78, Off, Off, Off, Off, On, Off, On, Off, Off, Off, Off, Rich
516.000, 725, 1,27, 83, 70, 14, 13,7, 0,34, 3,06, 7, 38, 101, 1,85, Off, Off, Off, Off, On, Off, On, Off, Off, Off, Off, Rich
516.046, 725, 1,27, 83, 70, 14, 13,6, 0,34, 3,1, 5, 38, 101, 1,87, Off, Off, Off, Off, On, Off, On, Off, Off, Off, Off, Rich
516.125, 738, 1,27, 83, 59, 12, 13,7, 0,34, 3,1, 5, 38, 101, 1,91, Off, Off, Off, Off, On, Off, On, Off, Off, Off, Off, Rich
516.156, 712, 1,27, 83, 27, 12, 13,8, 0,34, 3,14, 5, 38, 101, 1,86, Off, Off, Off, Off, On, Off, On, Off, Off, Off, Off, Rich
516.218, 738, 1,26, 83, 27, 12, 13,6, 0,34, 3,16, 5, 38, 102, 1,94, Off, Off, Off, Off, On, Off, On, Off, Off, Off, Off, Lean
516.281, 738, 1,27, 83, 11, 12, 13,8, 0,34, 3,23, 4, 38, 102, 1,99, Off, Off, Off, Off, On, Off, On, Off, Off, Off, Off, Lean
516.328, 738, 1,28, 83, 6, 12, 13,8, 0,34, 3,26, 3, 38, 102, 2, Off, Off, Off, Off, On, Off, On, Off, Off, Off, Off, Lean
516.390, 725, 1,27, 83, 6, 12, 13,8, 0,34, 3,26, 3, 38, 102, 1,97, Off, Off, Off, Off, On, Off, On, Off, Off, Off, Off, Lean
516.437, 725, 1,27, 83, 6, 12, 13,8, 0,34, 3,28, 3, 38, 102, 1,98, Off, Off, Off, Off, On, Off, On, Off, Off, Off, Off, Lean
516.500, 738, 1,28, 83, 7, 12, 13,8, 0,34, 3,28, 3, 38, 102, 2,02, Off, Off, Off, Off, On, Off, On, Off, Off, Off, Off, Lean
516.546, 738, 1,27, 83, 7, 12, 13,7, 0,34, 3,32, 3, 38, 102, 2,04, Off, Off, Off, Off, On, Off, On, Off, Off, Off, Off, Lean
516.593, 738, 1,26, 83, 50, 12, 13,8, 0,34, 3,32, 3, 38, 101, 2,04, Off, Off, Off, Off, On, Off, On, Off, Off, Off, Off, Rich
516.656, 725, 1,27, 83, 75, 12, 13,8, 0,34, 3,27, 3, 38, 101, 1,98, Off, Off, Off, Off, On, Off, On, Off, Off, Off, Off, Rich
516.718, 725, 1,26, 83, 75, 12, 13,7, 0,34, 3,27, 4, 38, 101, 1,98, Off, Off, Off, Off, On, Off, On, Off, Off, Off, Off, Rich
516.765, 738, 1,26, 83, 79, 10, 13,8, 0,34, 3,27, 3, 38, 101, 2,01, Off, Off, Off, Off, On, Off, On, Off, Off, Off, Off, Rich
516.828, 725, 1,26, 83, 82, 10, 13,7, 0,34, 3,27, 3, 38, 101, 1,98, Off, Off, Off, Off, On, Off, On, Off, Off, Off, Off, Rich
516.890, 762, 1,27, 83, 83, 10, 13,8, 0,34, 3,26, 5, 38, 101, 2,07, Off, Off, Off, Off, On, Off, On, Off, Off, Off, Off, Rich
516.937, 725, 1,26, 83, 83, 10, 13,9, 0,34, 3,25, 4, 38, 101, 1,96, Off, Off, Off, Off, On, Off, On, Off, Off, Off, Off, Rich
517.000, 762, 1,27, 83, 84, 10, 13,8, 0,34, 3,24, 3, 38, 101, 2,06, Off, Off, Off, Off, On, Off, On, Off, Off, Off, Off, Rich
517.046, 775, 1,28, 83, 84, 10, 13,9, 0,34, 3,17, 3, 38, 101, 2,05, Off, Off, Off, Off, On, Off, On, Off, Off, Off, Off, Rich
517.093, 762, 1,27, 83, 84, 10, 13,8, 0,34, 3,15, 3, 38, 101, 2, Off, Off, Off, Off, On, Off, On, Off, Off, Off, Off, Rich
517.156, 762, 1,27, 83, 84, 10, 13,9, 0,34, 3,2, 3, 38, 101, 2,03, Off, Off, Off, Off, On, Off, On, Off, Off, Off, Off, Rich
517.203, 762, 1,28, 83, 84, 10, 13,8, 0,34, 3,17, 3, 38, 101, 2,01, Off, Off, Off, Off, On, Off, On, Off, Off, Off, Off, Rich
517.250, 775, 1,27, 83, 84, 10, 13,7, 0,34, 3,14, 3, 38, 101, 2,03, Off, Off, Off, Off, On, Off, On, Off, Off, Off, Off, Rich
517.312, 775, 1,26, 83, 84, 10, 13,8, 0,34, 3,14, 3, 38, 101, 2,03, Off, Off, Off, Off, On, Off, On, Off, Off, Off, Off, Rich
517.359, 738, 1,27, 83, 84, 10, 13,7, 0,34, 3,11, 3, 38, 101, 1,91, Off, Off, Off, Off, On, Off, On, Off, Off, Off, Off, Rich
517.406, 775, 1,27, 83, 84, 10, 13,8, 0,34, 3,1, 3, 38, 101, 2, Off, Off, Off, Off, On, Off, On, Off, Off, Off, Off, Rich
517.453, 775, 1,27, 83, 84, 10, 13,8, 0,34, 3,15, 3, 38, 101, 2,03, Off, Off, Off, Off, On, Off, On, Off, Off, Off, Off, Rich
517.515, 762, 1,28, 83, 83, 8, 13,8, 0,34, 3,18, 3, 38, 101, 2,02, Off, Off, Off, Off, On, Off, On, Off, Off, Off, Off, Rich
517.578, 775, 1,27, 83, 83, 8, 13,8, 0,34, 3,16, 3, 38, 101, 2,04, Off, Off, Off, Off, On, Off, On, Off, Off, Off, Off, Rich
517.625, 762, 1,27, 83, 83, 8, 13,8, 0,34, 3,15, 3, 38, 101, 2, Off, Off, Off, Off, On, Off, On, Off, Off, Off, Off, Rich
517.671, 762, 1,28, 83, 83, 8, 13,8, 0,34, 3,13, 3, 38, 101, 1,99, Off, Off, Off, Off, On, Off, On, Off, Off, Off, Off, Rich
517.734, 788, 1,27, 83, 83, 8, 13,7, 0,34, 3,1, 3, 38, 101, 2,04, Off, Off, Off, Off, On, Off, On, Off, Off, Off, Off, Rich
517.781, 788, 1,27, 83, 82, 8, 13,8, 0,34, 3,02, 3, 38, 101, 1,98, Off, Off, Off, Off, On, Off, On, Off, Off, Off, Off, Rich
517.828, 812, 1,28, 83, 83, 8, 13,8, 0,34, 3, 3, 38, 101, 2,03, Off, Off, Off, Off, On, Off, On, Off, Off, Off, Off, Rich
517.890, 825, 1,27, 83, 83, 8, 13,8, 0,34, 2,97, 3, 38, 101, 2,04, Off, Off, Off, Off, On, Off, On, Off, Off, Off, Off, Rich
517.937, 838, 1,28, 83, 82, 8, 13,8, 0,34, 2,94, 3, 44, 101, 2,05, Off, Off, Off, Off, On, Off, On, Off, Off, Off, Off, Rich
517.984, 838, 1,32, 83, 82, 8, 13,7, 0,34, 3,03, 3, 43, 101, 2,12, Off, Off, Off, Off, On, Off, On, Off, Off, Off, Off, Rich
518.046, 825, 1,34, 83, 82, 8, 13,8, 0,34, 3,12, 3, 43, 101, 2,14, Off, Off, Off, Off, On, Off, On, Off, Off, Off, Off, Rich
518.093, 825, 1,33, 83, 82, 8, 13,8, 0,34, 3,12, 3, 43, 101, 2,14, Off, Off, Off, Off, On, Off, On, Off, Off, Off, Off, Rich
518.156, 838, 1,34, 83, 81, 8, 13,8, 0,34, 3,15, 3, 42, 101, 2,2, Off, Off, Off, Off, On, Off, On, Off, Off, Off, Off, Rich
518.218, 838, 1,34, 83, 80, 8, 13,8, 0,38, 3,18, 3, 42, 101, 2,22, Off, Off, Off, Off, On, Off, On, Off, Off, Off, Off, Rich
518.265, 825, 1,5, 83, 80, 8, 13,8, 0,48, 3,61, 7, 42, 101, 2,48, Off, Off, Off, Off, Off, Off, On, Off, Off, Off, Off, Rich
518.312, 825, 1,58, 83, 80, 8, 13,8, 0,48, 4,19, 15, 37, 101, 2,88, Off, Off, Off, Off, Off, Off, On, Off, Off, Off, Off, Rich
518.375, 875, 1,58, 83, 79, 8, 13,8, 0,48, 4,24, 16, 37, 101, 3,09, Off, Off, Off, Off, Off, Off, On, Off, Off, Off, Off, Rich
518.421, 888, 1,58, 83, 78, 8, 13,8, 0,48, 4,2, 16, 37, 101, 3,11, Off, Off, Off, Off, Off, Off, On, Off, Off, Off, Off, Rich
518.484, 950, 1,59, 83, 80, 8, 13,7, 0,48, 4,23, 16, 37, 101, 3,35, Off, Off, Off, Off, Off, Off, On, Off, Off, Off, Off, Rich
518.515, 988, 1,58, 83, 83, 8, 13,8, 0,48, 4,23, 21, 37, 101, 3,48, Off, Off, Off, Off, Off, Off, On, Off, Off, Off, Off, Rich
518.578, 1038, 1,58, 83, 83, 8, 13,8, 0,48, 4,2, 23, 37, 101, 3,63, Off, Off, Off, Off, Off, Off, On, Off, Off, Off, Off, Rich
518.625, 1038, 1,58, 83, 85, 8, 13,8, 0,48, 4,14, 23, 37, 101, 3,58, Off, Off, Off, Off, Off, Off, On, Off, Off, Off, Off, Rich
518.671, 1088, 1,56, 83, 86, 8, 13,8, 0,48, 4,1, 24, 38, 101, 3,72, Off, Off, Off, Off, Off, Off, On, Off, Off, Off, Off, Rich
518.718, 1100, 1,55, 83, 87, 8, 13,8, 0,48, 3,89, 25, 38, 101, 3,57, Off, Off, Off, Off, Off, Off, On, Off, Off, Off, Off, Rich
518.781, 1100, 1,55, 83, 86, 8, 13,8, 0,48, 3,9, 26, 38, 101, 3,58, Off, Off, Off, Off, Off, Off, On, Off, Off, Off, Off, Rich
518.828, 1100, 1,54, 83, 86, 8, 13,8, 0,46, 3,72, 27, 38, 101, 3,41, Off, Off, Off, Off, Off, Off, On, Off, Off, Off, Off, Rich
518.890, 1100, 1,54, 83, 86, 8, 13,5, 0,46, 3,7, 27, 38, 101, 3,39, Off, Off, Off, Off, Off, Off, On, Off, Off, Off, Off, Rich
518.968, 1100, 1,54, 83, 86, 6, 13,6, 0,46, 3,56, 27, 38, 101, 3,26, Off, Off, Off, Off, Off, Off, On, Off, Off, Off, Off, Rich
519.015, 1100, 1,53, 83, 85, 6, 13,8, 0,46, 3,55, 27, 38, 101, 3,25, Off, Off, Off, Off, Off, Off, On, Off, Off, Off, Off, Rich
519.062, 1088, 1,49, 83, 85, 6, 13,8, 0,42, 3,43, 28, 38, 101, 3,11, Off, Off, Off, Off, Off, Off, On, Off, Off, Off, Off, Rich
519.125, 1088, 1,42, 83, 85, 6, 13,7, 0,36, 3,33, 28, 47, 101, 3,02, Off, Off, Off, Off, On, Off, On, Off, Off, Off, Off, Rich
519.171, 1050, 1,42, 83, 84, 6, 13,8, 0,36, 3,23, 24, 47, 101, 2,83, Off, Off, Off, Off, On, Off, On, Off, Off, Off, Off, Rich
519.234, 1050, 1,46, 83, 83, 6, 13,8, 0,4, 3,23, 21, 38, 101, 2,83, Off, Off, Off, Off, Off, Off, On, Off, Off, Off, Off, Rich
519.296, 1062, 1,44, 83, 82, 6, 13,8, 0,4, 3,22, 28, 38, 101, 2,85, Off, Off, Off, Off, Off, Off, On, Off, Off, Off, Off, Rich
519.343, 1038, 1,38, 83, 82, 6, 13,8, 0,34, 3,09, 26, 47, 101, 2,67, Off, Off, Off, Off, On, Off, On, Off, Off, Off, Off, Rich
519.390, 1000, 1,38, 83, 82, 6, 13,8, 0,34, 3,04, 24, 47, 101, 2,53, Off, Off, Off, Off, On, Off, On, Off, Off, Off, Off, Rich
519.453, 1025, 1,4, 83, 81, 6, 13,8, 0,36, 3,04, 21, 47, 101, 2,6, Off, Off, Off, Off, On, Off, On, Off, Off, Off, Off, Rich
519.500, 1025, 1,39, 83, 81, 6, 13,8, 0,34, 3,01, 18, 47, 101, 2,57, Off, Off, Off, Off, On, Off, On, Off, Off, Off, Off, Rich
519.562, 1000, 1,39, 83, 81, 6, 13,8, 0,34, 3,01, 16, 46, 101, 2,51, Off, Off, Off, Off, On, Off, On, Off, Off, Off, Off, Rich
519.625, 975, 1,38, 83, 80, 6, 13,8, 0,36, 2,99, 13, 46, 101, 2,43, Off, Off, Off, Off, On, Off, On, Off, Off, Off, Off, Rich
519.671, 938, 1,4, 83, 80, 6, 13,8, 0,36, 2,99, 13, 46, 101, 2,34, Off, Off, Off, Off, On, Off, On, Off, Off, Off, Off, Rich
519.734, 938, 1,38, 83, 79, 6, 13,8, 0,36, 3,02, 13, 45, 101, 2,36, Off, Off, Off, Off, On, Off, On, Off, Off, Off, Off, Rich
519.781, 938, 1,38, 83, 79, 6, 13,8, 0,34, 3,01, 13, 45, 101, 2,35, Off, Off, Off, Off, On, Off, On, Off, Off, Off, Off, Rich
519.828, 925, 1,38, 83, 77, 6, 13,7, 0,34, 3, 13, 45, 101, 2,31, Off, Off, Off, Off, On, Off, On, Off, Off, Off, Off, Rich
519.890, 925, 1,37, 83, 74, 6, 13,8, 0,34, 3,01, 13, 45, 101, 2,32, Off, Off, Off, Off, On, Off, On, Off, Off, Off, Off, Rich
519.937, 925, 1,36, 83, 72, 6, 13,8, 0,34, 3,03, 13, 45, 101, 2,34, Off, Off, Off, Off, On, Off, On, Off, Off, Off, Off, Rich
519.984, 900, 1,36, 83, 71, 6, 13,6, 0,34, 3,01, 13, 45, 101, 2,26, Off, Off, Off, Off, On, Off, On, Off, Off, Off, Off, Rich
520.046, 925, 1,36, 83, 71, 6, 13,8, 0,34, 3,01, 13, 44, 101, 2,32, Off, Off, Off, Off, On, Off, On, Off, Off, Off, Off, Rich
520.093, 925, 1,36, 83, 70, 6, 13,8, 0,34, 3,03, 11, 44, 101, 2,34, Off, Off, Off, Off, On, Off, On, Off, Off, Off, Off, Rich
520.140, 925, 1,34, 83, 70, 6, 13,5, 0,34, 3,02, 10, 44, 101, 2,33, Off, Off, Off, Off, On, Off, On, Off, Off, Off, Off, Rich
520.203, 888, 1,34, 83, 70, 6, 13,7, 0,34, 3,02, 7, 44, 101, 2,23, Off, Off, Off, Off, On, Off, On, Off, Off, Off, Off, Rich
520.250, 888, 1,34, 83, 70, 6, 13,6, 0,34, 3,01, 5, 44, 101, 2,23, Off, Off, Off, Off, On, Off, On, Off, Off, Off, Off, Rich
520.296, 838, 1,34, 83, 71, 6, 13,7, 0,34, 3,02, 3, 43, 101, 2,11, Off, Off, Off, Off, On, Off, On, Off, Off, Off, Off, Rich
520.375, 838, 1,34, 83, 71, 6, 13,7, 0,34, 3,01, 3, 43, 101, 2,1, Off, Off, Off, Off, On, Off, On, Off, Off, Off, Off, Rich
520.421, 825, 1,33, 83, 72, 6, 13,8, 0,34, 3,01, 3, 42, 101, 2,07, Off, Off, Off, Off, On, Off, On, Off, Off, Off, Off, Rich
520.484, 825, 1,33, 83, 75, 6, 13,5, 0,34, 3,05, 3, 42, 101, 2,1, Off, Off, Off, Off, On, Off, On, Off, Off, Off, Off, Rich
520.531, 812, 1,33, 83, 74, 6, 13,6, 0,34, 3,06, 3, 42, 101, 2,07, Off, Off, Off, Off, On, Off, On, Off, Off, Off, Off, Rich
520.578, 775, 1,32, 83, 74, 6, 13,7, 0,34, 3,05, 3, 42, 101, 1,97, Off, Off, Off, Off, On, Off, On, Off, Off, Off, Off, Rich
520.640, 775, 1,31, 83, 75, 6, 13,7, 0,34, 3,07, 3, 42, 101, 1,98, Off, Off, Off, Off, On, Off, On, Off, Off, Off, Off, Rich
520.687, 775, 1,31, 83, 72, 6, 13,6, 0,34, 3,07, 3, 42, 101, 1,98, Off, Off, Off, Off, On, Off, On, Off, Off, Off, Off, Rich
520.734, 762, 1,31, 83, 72, 6, 13,7, 0,34, 3,09, 3, 42, 101, 1,96, Off, Off, Off, Off, On, Off, On, Off, Off, Off, Off, Rich
520.796, 738, 1,3, 83, 68, 6, 13,7, 0,34, 3,11, 3, 42, 101, 1,91, Off, Off, Off, Off, On, Off, On, Off, Off, Off, Off, Rich
520.843, 775, 1,31, 83, 62, 6, 13,5, 0,34, 3,12, 3, 41, 101, 2,01, Off, Off, Off, Off, On, Off, On, Off, Off, Off, Off, Rich
520.906, 738, 1,3, 83, 62, 6, 13,7, 0,34, 3,13, 3, 41, 101, 1,92, Off, Off, Off, Off, On, Off, On, Off, Off, Off, Off, Rich
520.953, 762, 1,3, 83, 40, 6, 13,7, 0,34, 3,19, 3, 41, 99, 2,03, Off, Off, Off, Off, On, Off, On, Off, Off, Off, Off, Lean
521.015, 762, 1,3, 83, 16, 6, 13,7, 0,34, 3,2, 3, 41, 99, 2,03, Off, Off, Off, Off, On, Off, On, Off, Off, Off, Off, Lean
521.078, 738, 1,3, 83, 5, 6, 13,7, 0,34, 3,23, 3, 41, 99, 1,99, Off, Off, Off, Off, On, Off, On, Off, Off, Off, Off, Lean
521.125, 762, 1,28, 83, 5, 6, 13,6, 0,34, 3,21, 3, 40, 99, 2,04, Off, Off, Off, Off, On, Off, On, Off, Off, Off, Off, Lean
521.171, 762, 1,29, 83, 2, 6, 13,6, 0,34, 3,21, 3, 40, 99, 2,04, Off, Off, Off, Off, On, Off, On, Off, Off, Off, Off, Lean
521.218, 738, 1,29, 83, 1, 6, 13,7, 0,34, 3,21, 3, 40, 99, 1,97, Off, Off, Off, Off, On, Off, On, Off, Off, Off, Off, Lean
521.265, 775, 1,28, 83, 1, 6, 13,4, 0,34, 3,21, 3, 40, 99, 2,07, Off, Off, Off, Off, On, Off, On, Off, Off, Off, Off, Lean
521.328, 738, 1,28, 83, 0, 6, 13,7, 0,34, 3,23, 3, 40, 99, 1,99, Off, Off, Off, Off, On, Off, On, Off, Off, Off, Off, Lean
521.375, 738, 1,28, 83, 0, 6, 13,7, 0,34, 3,2, 3, 40, 99, 1,97, Off, Off, Off, Off, On, Off, On, Off, Off, Off, Off, Lean
521.421, 738, 1,27, 83, 0, 6, 13,7, 0,34, 3,2, 3, 39, 99, 1,97, Off, Off, Off, Off, On, Off, On, Off, Off, Off, Off, Lean
521.484, 738, 1,28, 83, 0, 6, 13,7, 0,34, 3,2, 3, 39, 99, 1,97, Off, Off, Off, Off, On, Off, On, Off, Off, Off, Off, Lean
521.546, 738, 1,27, 83, 1, 6, 13,7, 0,34, 3,14, 3, 39, 99, 1,93, Off, Off, Off, Off, On, Off, On, Off, Off, Off, Off, Lean
521.593, 738, 1,27, 83, 1, 6, 13,7, 0,34, 3,11, 3, 39, 99, 1,91, Off, Off, Off, Off, On, Off, On, Off, Off, Off, Off, Lean
521.656, 738, 1,26, 83, 1, 6, 13,7, 0,34, 3,19, 3, 39, 99, 1,96, Off, Off, Off, Off, On, Off, On, Off, Off, Off, Off, Lean
521.718, 762, 1,26, 83, 2, 2, 13,5, 0,34, 3,24, 3, 39, 99, 2,06, Off, Off, Off, Off, On, Off, On, Off, Off, Off, Off, Lean
521.765, 725, 1,27, 83, 2, 2, 13,7, 0,34, 3,15, 5, 39, 99, 1,9, Off, Off, Off, Off, On, Off, On, Off, Off, Off, Off, Lean
521.828, 738, 1,26, 83, 2, 2, 13,4, 0,34, 3,24, 4, 39, 99, 1,99, Off, Off, Off, Off, On, Off, On, Off, Off, Off, Off, Lean
521.875, 738, 1,27, 83, 3, 2, 13,7, 0,34, 3,17, 3, 38, 99, 1,95, Off, Off, Off, Off, On, Off, On, Off, Off, Off, Off, Lean
521.921, 762, 1,26, 83, 3, 2, 13,7, 0,34, 3,22, 3, 38, 99, 2,04, Off, Off, Off, Off, On, Off, On, Off, Off, Off, Off, Lean
521.984, 725, 1,25, 83, 3, 2, 13,7, 0,34, 3,13, 3, 38, 99, 1,89, Off, Off, Off, Off, On, Off, On, Off, Off, Off, Off, Lean
522.031, 738, 1,26, 83, 4, 2, 13,7, 0,34, 3,14, 3, 38, 99, 1,93, Off, Off, Off, Off, On, Off, On, Off, Off, Off, Off, Lean
522.093, 762, 1,27, 83, 4, 2, 13,7, 0,34, 3,1, 3, 38, 99, 1,97, Off, Off, Off, Off, On, Off, On, Off, Off, Off, Off, Lean
522.140, 762, 1,26, 83, 7, 2, 13,7, 0,34, 3,14, 3, 38, 99, 1,99, Off, Off, Off, Off, On, Off, On, Off, Off, Off, Off, Lean
522.187, 775, 1,26, 83, 36, 2, 13,7, 0,34, 3,14, 3, 38, 99, 2,03, Off, Off, Off, Off, On, Off, On, Off, Off, Off, Off, Lean
522.250, 738, 1,26, 83, 36, 2, 13,7, 0,34, 3,14, 3, 38, 99, 1,93, Off, Off, Off, Off, On, Off, On, Off, Off, Off, Off, Lean
522.296, 738, 1,26, 83, 63, 2, 13,7, 0,34, 3,04, 3, 38, 98, 1,87, Off, Off, Off, Off, On, Off, On, Off, Off, Off, Off, Rich
522.343, 762, 1,26, 83, 72, 2, 13,6, 0,34, 3,1, 3, 38, 98, 1,97, Off, Off, Off, Off, On, Off, On, Off, Off, Off, Off, Rich
522.406, 738, 1,26, 83, 72, 2, 13,8, 0,34, 3,08, 3, 38, 98, 1,89, Off, Off, Off, Off, On, Off, On, Off, Off, Off, Off, Rich
522.453, 738, 1,26, 83, 75, 0, 13,7, 0,34, 3,06, 3, 38, 98, 1,88, Off, Off, Off, Off, On, Off, On, Off, Off, Off, Off, Rich
522.515, 762, 1,26, 83, 77, 0, 13,7, 0,34, 3,08, 3, 38, 98, 1,96, Off, Off, Off, Off, On, Off, On, Off, Off, Off, Off, Rich
522.578, 738, 1,26, 83, 77, 0, 13,6, 0,34, 3,07, 3, 38, 98, 1,89, Off, Off, Off, Off, On, Off, On, Off, Off, Off, Off, Rich
522.625, 762, 1,25, 83, 77, 0, 13,6, 0,34, 3,13, 3, 38, 98, 1,99, Off, Off, Off, Off, On, Off, On, Off, Off, Off, Off, Rich
522.671, 738, 1,26, 83, 78, 0, 13,7, 0,34, 3,14, 3, 38, 98, 1,93, Off, Off, Off, Off, On, Off, On, Off, Off, Off, Off, Rich
522.734, 762, 1,26, 83, 77, 0, 13,6, 0,34, 3,12, 3, 38, 98, 1,98, Off, Off, Off, Off, On, Off, On, Off, Off, Off, Off, Rich
522.781, 738, 1,25, 83, 77, 0, 13,7, 0,34, 3,06, 3, 38, 98, 1,88, Off, Off, Off, Off, On, Off, On, Off, Off, Off, Off, Rich
522.843, 762, 1,25, 83, 76, 0, 13,6, 0,34, 3,07, 3, 38, 98, 1,95, Off, Off, Off, Off, On, Off, On, Off, Off, Off, Off, Rich
522.890, 762, 1,26, 83, 76, 0, 13,6, 0,34, 3,01, 3, 38, 98, 1,91, Off, Off, Off, Off, On, Off, On, Off, Off, Off, Off, Rich
522.937, 725, 1,24, 83, 73, 0, 13,7, 0,34, 3,01, 3, 38, 98, 1,82, Off, Off, Off, Off, On, Off, On, Off, Off, Off, Off, Rich
523.000, 738, 1,24, 83, 73, 0, 13,6, 0,34, 3,04, 3, 38, 98, 1,87, Off, Off, Off, Off, On, Off, On, Off, Off, Off, Off, Rich
523.046, 712, 1,25, 83, 71, 0, 13,7, 0,34, 3,08, 3, 38, 98, 1,83, Off, Off, Off, Off, On, Off, On, Off, Off, Off, Off, Rich
523.093, 738, 1,24, 83, 71, 0, 13,5, 0,34, 3,08, 3, 38, 98, 1,89, Off, Off, Off, Off, On, Off, On, Off, Off, Off, Off, Rich
523.171, 712, 1,25, 83, 69, 0, 13,7, 0,34, 3,08, 5, 38, 98, 1,83, Off, Off, Off, Off, On, Off, On, Off, Off, Off, Off, Rich
523.218, 725, 1,25, 83, 54, 0, 13,7, 0,34, 3,1, 3, 38, 98, 1,87, Off, Off, Off, Off, On, Off, On, Off, Off, Off, Off, Rich
523.250, 725, 1,24, 83, 54, 0, 13,7, 0,34, 3,08, 3, 38, 98, 1,86, Off, Off, Off, Off, On, Off, On, Off, Off, Off, Off, Rich
523.328, 712, 1,24, 83, 29, 0, 13,7, 0,34, 3,08, 3, 37, 99, 1,83, Off, Off, Off, Off, On, Off, On, Off, Off, Off, Off, Lean
523.375, 738, 1,25, 83, 29, 0, 13,7, 0,34, 3,04, 3, 37, 99, 1,87, Off, Off, Off, Off, On, Off, On, Off, Off, Off, Off, Lean
523.421, 738, 1,24, 83, 18, 0, 13,7, 0,34, 3,09, 5, 37, 99, 1,9, Off, Off, Off, Off, On, Off, On, Off, Off, Off, Off, Lean
523.484, 762, 1,25, 83, 12, 0, 13,5, 0,34, 3,12, 4, 37, 99, 1,98, Off, Off, Off, Off, On, Off, On, Off, Off, Off, Off, Lean
523.531, 738, 1,25, 83, 10, 0, 13,7, 0,34, 3,08, 3, 37, 99, 1,89, Off, Off, Off, Off, On, Off, On, Off, Off, Off, Off, Lean
523.593, 762, 1,24, 83, 10, 0, 13,7, 0,34, 3,02, 3, 37, 99, 1,92, Off, Off, Off, Off, On, Off, On, Off, Off, Off, Off, Lean
523.640, 725, 1,24, 83, 10, 0, 13,7, 0,34, 3,06, 3, 37, 99, 1,85, Off, Off, Off, Off, On, Off, On, Off, Off, Off, Off, Lean
523.703, 762, 1,25, 83, 10, 0, 13,6, 0,34, 3,11, 3, 37, 99, 1,97, Off, Off, Off, Off, On, Off, On, Off, Off, Off, Off, Lean
523.750, 738, 1,25, 83, 10, 0, 13,7, 0,34, 3,02, 3, 37, 99, 1,86, Off, Off, Off, Off, On, Off, On, Off, Off, Off, Off, Lean
523.796, 738, 1,24, 83, 10, 0, 13,7, 0,34, 3,13, 3, 37, 99, 1,92, Off, Off, Off, Off, On, Off, On, Off, Off, Off, Off, Lean
523.859, 738, 1,25, 83, 10, 0, 13,7, 0,34, 3,04, 3, 37, 99, 1,87, Off, Off, Off, Off, On, Off, On, Off, Off, Off, Off, Lean
523.921, 725, 1,23, 83, 12, 0, 13,7, 0,34, 3,13, 7, 37, 99, 1,89, Off, Off, On, Off, On, Off, On, Off, Off, Off, Off, Lean
523.968, 762, 1,24, 83, 19, 0, 13,5, 0,34, 3,13, 5, 37, 99, 1,99, Off, Off, Off, Off, On, Off, On, Off, Off, Off, Off, Lean
524.031, 738, 1,24, 83, 29, 0, 13,6, 0,34, 3,06, 3, 37, 99, 1,88, Off, Off, Off, Off, On, Off, On, Off, Off, Off, Off, Lean
524.078, 738, 1,23, 83, 29, 0, 13,6, 0,34, 3,06, 3, 37, 99, 1,88, Off, Off, Off, Off, On, Off, On, Off, Off, Off, Off, Lean
524.125, 738, 1,25, 83, 55, 0, 13,6, 0,34, 3,06, 3, 37, 99, 1,88, Off, Off, Off, Off, On, Off, On, Off, Off, Off, Off, Lean
524.187, 725, 1,24, 83, 70, 0, 13,6, 0,34, 3,06, 4, 37, 98, 1,85, Off, Off, Off, Off, On, Off, On, Off, Off, Off, Off, Rich
524.234, 738, 1,23, 83, 70, 0, 13,7, 0,34, 3,04, 3, 37, 98, 1,87, Off, Off, Off, Off, On, Off, On, Off, Off, Off, Off, Rich
524.296, 738, 1,24, 83, 75, 0, 13,7, 0,34, 3,06, 3, 37, 98, 1,88, Off, Off, Off, Off, On, Off, On, Off, Off, Off, Off, Rich
524.343, 762, 1,25, 83, 75, 0, 13,5, 0,34, 3,03, 3, 37, 98, 1,92, Off, Off, Off, Off, On, Off, On, Off, Off, Off, Off, Rich
524.390, 738, 1,23, 83, 77, 0, 13,7, 0,34, 2,95, 3, 37, 98, 1,81, Off, Off, Off, Off, On, Off, On, Off, Off, Off, Off, Rich
524.453, 775, 1,24, 83, 78, 0, 13,5, 0,34, 2,94, 3, 37, 98, 1,9, Off, Off, Off, Off, On, Off, On, Off, Off, Off, Off, Rich
524.500, 775, 1,24, 83, 78, 0, 13,7, 0,34, 2,9, 3, 37, 98, 1,87, Off, Off, Off, Off, On, Off, On, Off, Off, Off, Off, Rich
524.562, 812, 1,23, 83, 78, 0, 13,7, 0,34, 2,82, 3, 37, 98, 1,91, Off, Off, Off, Off, On, Off, On, Off, Off, Off, Off, Rich
524.625, 812, 1,24, 83, 77, 0, 13,7, 0,34, 2,84, 3, 37, 98, 1,92, Off, Off, Off, Off, On, Off, On, Off, Off, Off, Off, Rich
524.671, 838, 1,24, 83, 76, 0, 13,5, 0,34, 2,79, 3, 36, 98, 1,95, Off, Off, Off, Off, On, Off, On, Off, Off, Off, Off, Rich
524.718, 825, 1,24, 83, 76, 0, 13,6, 0,34, 2,74, 3, 36, 98, 1,88, Off, Off, Off, Off, On, Off, On, Off, Off, Off, Off, Rich
524.765, 838, 1,23, 83, 74, 0, 13,6, 0,34, 2,71, 3, 36, 98, 1,89, Off, Off, Off, Off, On, Off, On, Off, Off, Off, Off, Rich
524.812, 825, 1,23, 83, 70, 0, 13,6, 0,34, 2,69, 3, 36, 98, 1,85, Off, Off, Off, Off, On, Off, On, Off, Off, Off, Off, Rich
524.859, 825, 1,24, 83, 48, 0, 13,7, 0,34, 2,69, 3, 36, 98, 1,85, Off, Off, Off, Off, On, Off, On, Off, Off, Off, Off, Rich
524.921, 812, 1,23, 83, 48, 0, 13,6, 0,34, 2,7, 3, 36, 98, 1,83, Off, Off, Off, Off, On, Off, On, Off, Off, Off, Off, Rich
524.968, 738, 1,22, 83, 16, 0, 13,6, 0,34, 2,79, 3, 35, 98, 1,72, Off, Off, Off, Off, On, Off, On, Off, Off, Off, Off, Lean
525.015, 725, 1,23, 83, 6, 0, 13,6, 0,34, 2,87, 3, 35, 98, 1,73, Off, Off, Off, Off, On, Off, On, Off, Off, Off, Off, Lean
525.078, 712, 1,22, 83, 6, 0, 13,6, 0,34, 2,9, 5, 35, 98, 1,72, Off, Off, Off, Off, On, Off, On, Off, Off, Off, Off, Lean
525.125, 675, 1,22, 83, 3, 0, 13,6, 0,34, 3,02, 11, 35, 98, 1,7, Off, Off, Off, Off, On, Off, On, Off, Off, Off, Off, Lean
525.171, 675, 1,22, 83, 3, 0, 13,2, 0,34, 3, 11, 35, 98, 1,69, Off, Off, Off, Off, On, Off, On, Off, Off, Off, Off, Lean
525.218, 662, 1,2, 83, 1, 0, 13,3, 0,34, 3,03, 10, 35, 98, 1,67, Off, Off, Off, Off, On, Off, On, Off, Off, Off, Off, Lean
525.281, 675, 1,22, 83, 0, 0, 13,4, 0,34, 3,1, 11, 35, 98, 1,74, Off, Off, Off, Off, On, Off, On, Off, Off, Off, Off, Lean
525.328, 675, 1,2, 83, 0, 0, 13,3, 0,34, 3,08, 13, 35, 98, 1,73, Off, Off, Off, Off, On, Off, On, Off, Off, Off, Off, Lean
525.390, 662, 1,22, 83, 0, 0, 13,4, 0,34, 3,08, 12, 35, 98, 1,7, Off, Off, Off, Off, On, Off, On, Off, Off, Off, Off, Lean
525.437, 662, 1,22, 83, 0, 0, 13,4, 0,34, 3,08, 11, 35, 98, 1,7, Off, Off, Off, Off, On, Off, On, Off, Off, Off, Off, Lean
525.500, 675, 1,2, 83, 0, 0, 13,4, 0,34, 3,11, 11, 35, 98, 1,75, Off, Off, Off, Off, On, Off, On, Off, Off, Off, Off, Lean
525.546, 650, 1,22, 83, 2, 0, 13,6, 0,34, 3,13, 13, 35, 98, 1,7, Off, Off, Off, Off, On, Off, On, Off, Off, Off, Off, Lean
525.593, 675, 1,2, 83, 2, 0, 13,5, 0,34, 3,12, 13, 35, 98, 1,75, Off, Off, Off, Off, On, Off, On, Off, Off, Off, Off, Lean
525.640, 688, 1,21, 83, 3, 0, 13,8, 0,34, 3,11, 12, 35, 98, 1,78, Off, Off, Off, Off, On, Off, On, Off, Off, Off, Off, Lean
525.687, 688, 1,2, 83, 3, 0, 13,7, 0,34, 3,11, 11, 35, 98, 1,78, Off, Off, Off, Off, On, Off, On, Off, Off, Off, Off, Lean
525.734, 712, 1,21, 83, 21, 0, 13,7, 0,34, 3,07, 11, 35, 98, 1,82, Off, Off, Off, Off, On, Off, On, Off, Off, Off, Off, Lean
525.796, 725, 1,22, 83, 21, 0, 13,7, 0,34, 3,02, 10, 35, 98, 1,82, Off, Off, Off, Off, On, Off, On, Off, Off, Off, Off, Lean
525.843, 712, 1,21, 83, 51, 0, 13,8, 0,34, 2,97, 10, 35, 98, 1,76, Off, Off, Off, Off, On, Off, On, Off, Off, Off, Off, Rich
525.921, 712, 1,22, 83, 66, 0, 13,7, 0,34, 2,99, 9, 35, 98, 1,77, Off, Off, Off, Off, On, Off, On, Off, Off, Off, Off, Rich
525.968, 712, 1,22, 83, 70, 0, 13,4, 0,34, 2,99, 6, 35, 98, 1,77, Off, Off, Off, Off, On, Off, On, Off, Off, Off, Off, Rich
526.031, 712, 1,2, 83, 70, 0, 13,4, 0,34, 2,98, 5, 35, 98, 1,77, Off, Off, Off, Off, On, Off, On, Off, Off, Off, Off, Rich
526.078, 675, 1,2, 83, 71, 0, 13,5, 0,34, 3,06, 11, 35, 98, 1,72, Off, Off, Off, Off, On, Off, On, Off, Off, Off, Off, Rich
526.125, 675, 1,2, 83, 71, 0, 13,5, 0,34, 3,02, 11, 35, 98, 1,7, Off, Off, Off, Off, On, Off, On, Off, Off, Off, Off, Rich
526.187, 675, 1,19, 83, 70, 0, 13,5, 0,34, 3,05, 11, 35, 98, 1,72, Off, Off, Off, Off, On, Off, On, Off, Off, Off, Off, Rich
526.234, 650, 1,21, 83, 65, 0, 13,6, 0,34, 3,05, 11, 35, 98, 1,65, Off, Off, Off, Off, On, Off, On, Off, Off, Off, Off, Rich
526.281, 712, 1,2, 83, 65, 0, 13,6, 0,34, 3,04, 11, 35, 98, 1,8, Off, Off, Off, Off, On, Off, On, Off, Off, Off, Off, Rich
526.328, 688, 1,21, 83, 34, 0, 13,7, 0,34, 2,99, 9, 35, 98, 1,71, Off, Off, Off, Off, On, Off, On, Off, Off, Off, Off, Rich
526.375, 712, 1,21, 83, 34, 0, 13,7, 0,34, 3, 7, 35, 98, 1,78, Off, Off, Off, Off, On, Off, On, Off, Off, Off, Off, Lean
526.437, 688, 1,2, 83, 13, 0, 13,7, 0,34, 3,05, 7, 35, 98, 1,75, Off, Off, Off, Off, On, Off, On, Off, Off, Off, Off, Lean
526.484, 712, 1,2, 83, 6, 0, 13,8, 0,34, 3,06, 11, 35, 98, 1,82, Off, Off, Off, Off, On, Off, On, Off, Off, Off, Off, Lean
526.531, 712, 1,2, 83, 6, 0, 13,7, 0,34, 2,94, 9, 35, 98, 1,74, Off, Off, Off, Off, On, Off, On, Off, Off, Off, Off, Lean
526.593, 725, 1,2, 83, 3, 0, 13,5, 0,34, 3,03, 7, 35, 98, 1,83, Off, Off, Off, Off, On, Off, On, Off, Off, Off, Off, Lean
526.656, 712, 1,21, 83, 2, 0, 13,5, 0,34, 2,97, 5, 35, 98, 1,76, Off, Off, Off, Off, On, Off, On, Off, Off, Off, Off, Lean
526.703, 712, 1,19, 83, 2, 2, 13,6, 0,34, 2,99, 7, 35, 98, 1,77, Off, Off, Off, Off, On, Off, On, Off, Off, Off, Off, Lean
526.765, 712, 1,2, 83, 1, 2, 13,6, 0,34, 2,98, 6, 35, 98, 1,77, Off, Off, Off, Off, On, Off, On, Off, Off, Off, Off, Lean
526.812, 712, 1,21, 83, 1, 2, 13,6, 0,34, 3, 7, 35, 98, 1,78, Off, Off, Off, Off, On, Off, On, Off, Off, Off, Off, Lean
526.859, 688, 1,19, 83, 1, 2, 13,6, 0,34, 3,02, 7, 35, 98, 1,73, Off, Off, Off, Off, On, Off, On, Off, Off, Off, Off, Lean
526.906, 712, 1,21, 83, 1, 2, 13,5, 0,34, 3,04, 10, 35, 98, 1,8, Off, Off, Off, Off, On, Off, On, Off, Off, Off, Off, Lean
526.953, 688, 1,2, 83, 1, 2, 13,7, 0,34, 2,96, 8, 35, 98, 1,7, Off, Off, Off, Off, On, Off, On, Off, Off, Off, Off, Lean
527.015, 712, 1,2, 83, 1, 2, 13,7, 0,34, 3,04, 7, 34, 98, 1,8, Off, Off, Off, Off, On, Off, On, Off, Off, Off, Off, Lean
527.062, 712, 1,21, 83, 0, 2, 13,7, 0,34, 2,97, 5, 34, 98, 1,76, Off, Off, Off, Off, On, Off, On, Off, Off, Off, Off, Lean
527.125, 712, 1,2, 83, 0, 2, 13,7, 0,34, 3,02, 7, 34, 98, 1,79, Off, Off, Off, Off, On, Off, On, Off, Off, Off, Off, Lean
527.171, 712, 1,19, 83, 0, 2, 13,7, 0,34, 2,98, 5, 34, 98, 1,77, Off, Off, Off, Off, On, Off, On, Off, Off, Off, Off, Lean
527.218, 712, 1,2, 83, 0, 2, 13,7, 0,34, 2,94, 5, 34, 98, 1,74, Off, Off, Off, Off, On, Off, On, Off, Off, Off, Off, Lean
527.281, 688, 1,2, 83, 1, 2, 13,7, 0,34, 3,03, 7, 34, 98, 1,74, Off, Off, Off, Off, On, Off, On, Off, Off, Off, Off, Lean
527.343, 712, 1,2, 83, 1, 2, 13,5, 0,34, 3,04, 7, 34, 98, 1,8, Off, Off, Off, Off, On, Off, On, Off, Off, Off, Off, Lean
527.390, 712, 1,18, 83, 1, 0, 13,5, 0,34, 2,95, 7, 34, 98, 1,75, Off, Off, Off, Off, On, Off, On, Off, Off, Off, Off, Lean
527.453, 712, 1,19, 83, 1, 0, 13,5, 0,34, 3, 11, 34, 98, 1,78, Off, Off, Off, Off, On, Off, On, Off, Off, Off, Off, Lean
527.500, 712, 1,2, 83, 1, 0, 13,7, 0,34, 2,99, 9, 34, 98, 1,77, Off, Off, Off, Off, On, Off, On, Off, Off, Off, Off, Lean
527.562, 688, 1,18, 83, 1, 0, 13,7, 0,34, 2,97, 8, 34, 98, 1,7, Off, Off, Off, Off, On, Off, On, Off, Off, Off, Off, Lean
527.593, 712, 1,19, 83, 2, 0, 13,7, 0,34, 3, 7, 34, 98, 1,78, Off, Off, Off, Off, On, Off, On, Off, Off, Off, Off, Lean
527.656, 712, 1,2, 83, 2, 0, 13,7, 0,34, 2,94, 7, 34, 98, 1,74, Off, Off, Off, Off, On, Off, On, Off, Off, Off, Off, Lean
527.718, 712, 1,18, 83, 2, 0, 13,8, 0,34, 2,93, 7, 33, 98, 1,74, Off, Off, Off, Off, On, Off, On, Off, Off, Off, Off, Lean
527.765, 712, 1,2, 83, 2, 0, 13,8, 0,34, 2,93, 6, 33, 98, 1,74, Off, Off, Off, Off, On, Off, On, Off, Off, Off, Off, Lean
527.812, 725, 1,2, 83, 2, 0, 13,8, 0,34, 2,95, 6, 33, 98, 1,78, Off, Off, Off, Off, On, Off, On, Off, Off, Off, Off, Lean
527.875, 712, 1,18, 83, 1, 0, 13,8, 0,34, 2,92, 5, 33, 98, 1,73, Off, Off, Off, Off, On, Off, On, Off, Off, Off, Off, Lean
527.921, 725, 1,19, 83, 1, 0, 13,7, 0,34, 2,94, 6, 33, 98, 1,78, Off, Off, Off, Off, On, Off, On, Off, Off, Off, Off, Lean
527.968, 712, 1,19, 83, 1, 0, 13,8, 0,34, 2,9, 5, 33, 98, 1,72, Off, Off, Off, Off, On, Off, On, Off, Off, Off, Off, Lean
528.046, 712, 1,18, 83, 1, 0, 13,6, 0,34, 2,93, 6, 33, 98, 1,74, Off, Off, Off, Off, On, Off, On, Off, Off, Off, Off, Lean
528.093, 688, 1,2, 83, 1, 0, 13,7, 0,34, 2,98, 7, 33, 98, 1,71, Off, Off, Off, Off, On, Off, On, Off, Off, Off, Off, Lean
528.140, 712, 1,18, 83, 1, 0, 13,7, 0,34, 2,98, 7, 33, 98, 1,77, Off, Off, Off, Off, On, Off, On, Off, Off, Off, Off, Lean
528.187, 688, 1,19, 83, 1, 0, 13,7, 0,34, 2,99, 7, 33, 98, 1,71, Off, Off, Off, Off, On, Off, On, Off, Off, Off, Off, Lean
528.234, 712, 1,2, 83, 1, 0, 13,7, 0,34, 2,95, 7, 33, 98, 1,75, Off, Off, Off, Off, On, Off, On, Off, Off, Off, Off, Lean
528.281, 688, 1,18, 83, 1, 0, 13,6, 0,34, 3, 7, 33, 98, 1,72, Off, Off, Off, Off, On, Off, On, Off, Off, Off, Off, Lean
528.343, 712, 1,2, 83, 1, 0, 13,7, 0,34, 3, 11, 33, 98, 1,78, Off, Off, Off, Off, On, Off, On, Off, Off, Off, Off, Lean
528.390, 688, 1,18, 83, 1, 0, 13,8, 0,34, 2,97, 10, 33, 98, 1,7, Off, Off, Off, Off, On, Off, On, Off, Off, Off, Off, Lean
528.453, 712, 1,19, 83, 2, 0, 13,8, 0,34, 2,97, 9, 33, 98, 1,76, Off, Off, Off, Off, On, Off, On, Off, Off, Off, Off, Lean
528.500, 712, 1,2, 83, 2, 0, 13,8, 0,34, 3, 10, 33, 98, 1,78, Off, Off, Off, Off, On, Off, On, Off, Off, Off, Off, Lean
528.546, 712, 1,18, 83, 2, 0, 13,8, 0,34, 2,97, 9, 33, 98, 1,76, Off, Off, Off, Off, On, Off, On, Off, Off, Off, Off, Lean
528.609, 688, 1,2, 83, 3, 0, 13,8, 0,34, 2,98, 7, 33, 98, 1,71, Off, Off, Off, Off, On, Off, On, Off, Off, Off, Off, Lean
528.671, 725, 1,2, 83, 3, 0, 13,8, 0,34, 2,94, 5, 33, 98, 1,78, Off, Off, Off, Off, On, Off, On, Off, Off, Off, Off, Lean
528.734, 688, 1,19, 83, 4, 0, 13,7, 0,34, 2,94, 6, 33, 98, 1,69, Off, Off, Off, Off, On, Off, On, Off, Off, Off, Off, Lean
528.781, 712, 1,19, 83, 19, 0, 13,4, 0,34, 2,99, 5, 33, 98, 1,77, Off, Off, Off, Off, On, Off, On, Off, Off, Off, Off, Lean
528.843, 688, 1,18, 83, 19, 2, 13,3, 0,34, 2,96, 6, 33, 98, 1,7, Off, Off, Off, Off, On, Off, On, Off, Off, Off, Off, Lean
528.890, 688, 1,18, 83, 50, 2, 13,4, 0,34, 3, 9, 33, 100, 1,72, Off, Off, Off, Off, On, Off, On, Off, Off, Off, Off, Rich
528.937, 688, 1,19, 83, 67, 2, 13,4, 0,34, 2,98, 10, 33, 100, 1,71, Off, Off, Off, Off, On, Off, On, Off, Off, Off, Off, Rich
529.000, 688, 1,19, 83, 67, 2, 13,4, 0,34, 2,94, 8, 33, 100, 1,69, Off, Off, Off, Off, On, Off, On, Off, Off, Off, Off, Rich
529.046, 688, 1,18, 83, 72, 2, 13,4, 0,34, 2,99, 11, 33, 100, 1,71, Off, Off, Off, Off, On, Off, On, Off, Off, Off, Off, Rich
529.093, 662, 1,19, 83, 75, 2, 13,5, 0,34, 2,93, 9, 33, 100, 1,62, Off, Off, Off, Off, On, Off, On, Off, Off, Off, Off, Rich
529.156, 688, 1,18, 83, 75, 2, 13,6, 0,34, 2,98, 11, 33, 100, 1,71, Off, Off, Off, Off, On, Off, On, Off, Off, Off, Off, Rich
529.203, 688, 1,18, 83, 76, 2, 13,7, 0,34, 2,99, 13, 33, 100, 1,71, Off, Off, Off, Off, On, Off, On, Off, Off, Off, Off, Rich
529.250, 675, 1,19, 83, 76, 2, 13,8, 0,34, 2,98, 12, 33, 100, 1,68, Off, Off, Off, Off, On, Off, On, Off, Off, Off, Off, Rich
529.312, 675, 1,18, 83, 77, 2, 13,7, 0,34, 2,99, 11, 33, 100, 1,68, Off, Off, Off, Off, On, Off, On, Off, Off, Off, Off, Rich
529.359, 662, 1,2, 83, 77, 2, 13,7, 0,34, 2,96, 11, 33, 100, 1,63, Off, Off, Off, Off, On, Off, On, Off, Off, Off, Off, Rich
529.437, 712, 1,18, 83, 77, 2, 13,5, 0,34, 2,99, 10, 33, 100, 1,77, Off, Off, Off, Off, On, Off, On, Off, Off, Off, Off, Rich
529.484, 675, 1,18, 83, 76, 2, 13,5, 0,34, 2,96, 7, 33, 100, 1,66, Off, Off, Off, Off, On, Off, On, Off, Off, Off, Off, Rich
529.531, 712, 1,2, 83, 76, 2, 13,6, 0,34, 2,99, 7, 33, 100, 1,77, Off, Off, Off, Off, On, Off, On, Off, Off, Off, Off, Rich
529.593, 662, 1,18, 83, 74, 2, 13,5, 0,34, 2,91, 10, 33, 100, 1,61, Off, Off, Off, Off, On, Off, On, Off, Off, Off, Off, Rich
529.640, 675, 1,19, 83, 73, 2, 13,6, 0,34, 3,01, 11, 33, 100, 1,69, Off, Off, Off, Off, On, Off, On, Off, Off, Off, Off, Rich
529.687, 688, 1,2, 83, 73, 2, 13,5, 0,34, 2,97, 12, 33, 100, 1,7, Off, Off, Off, Off, On, Off, On, Off, Off, Off, Off, Rich
529.750, 675, 1,18, 83, 71, 2, 13,7, 0,34, 3,01, 13, 33, 100, 1,69, Off, Off, Off, Off, On, Off, On, Off, Off, Off, Off, Rich
529.796, 675, 1,2, 83, 65, 2, 13,8, 0,34, 3,01, 11, 33, 100, 1,69, Off, Off, Off, Off, On, Off, On, Off, Off, Off, Off, Rich
529.843, 688, 1,18, 83, 65, 2, 13,7, 0,34, 2,98, 13, 33, 100, 1,71, Off, Off, Off, Off, On, Off, On, Off, Off, Off, Off, Rich
529.906, 688, 1,19, 83, 51, 2, 13,7, 0,34, 3, 12, 33, 100, 1,72, Off, Off, Off, Off, On, Off, On, Off, Off, Off, Off, Rich
529.953, 688, 1,2, 83, 51, 2, 13,7, 0,34, 2,9, 10, 33, 100, 1,66, Off, Off, Off, Off, On, Off, On, Off, Off, Off, Off, Rich
530.015, 712, 1,18, 83, 43, 2, 13,8, 0,34, 3,01, 11, 33, 100, 1,79, Off, Off, Off, Off, On, Off, On, Off, Off, Off, Off, Rich
530.062, 712, 1,19, 83, 35, 2, 13,6, 0,34, 2,99, 9, 33, 100, 1,77, Off, Off, Off, Off, On, Off, On, Off, Off, Off, Off, Rich
530.125, 688, 1,18, 83, 35, 2, 13,7, 0,34, 2,94, 7, 33, 101, 1,69, Off, Off, Off, Off, On, Off, On, Off, Off, Off, Off, Lean
530.187, 712, 1,18, 83, 35, 2, 13,7, 0,34, 2,99, 11, 33, 101, 1,77, Off, Off, Off, Off, On, Off, On, Off, Off, Off, Off, Lean
530.234, 688, 1,19, 83, 34, 0, 13,5, 0,34, 2,99, 9, 33, 101, 1,71, Off, Off, Off, Off, On, Off, On, Off, Off, Off, Off, Lean
530.281, 712, 1,18, 83, 34, 0, 13,6, 0,34, 2,95, 8, 33, 101, 1,75, Off, Off, Off, Off, On, Off, On, Off, Off, Off, Off, Lean
530.328, 675, 1,2, 83, 31, 0, 13,5, 0,34, 3,03, 7, 33, 101, 1,7, Off, Off, Off, Off, On, Off, On, Off, Off, Off, Off, Lean
530.359, 675, 1,19, 83, 31, 0, 13,7, 0,34, 2,97, 10, 33, 101, 1,67, Off, Off, Off, Off, On, Off, On, Off, Off, Off, Off, Lean
530.437, 712, 1,18, 83, 24, 0, 13,5, 0,34, 2,98, 12, 33, 101, 1,77, Off, Off, Off, Off, On, Off, On, Off, Off, Off, Off, Lean
530.484, 675, 1,19, 83, 15, 0, 13,6, 0,34, 3,04, 11, 33, 101, 1,71, Off, Off, Off, Off, On, Off, On, Off, Off, Off, Off, Lean
530.531, 688, 1,18, 83, 15, 0, 13,6, 0,34, 3, 10, 33, 101, 1,72, Off, Off, Off, Off, On, Off, On, Off, Off, Off, Off, Lean
530.593, 675, 1,19, 83, 10, 0, 13,7, 0,34, 3,06, 11, 33, 101, 1,72, Off, Off, Off, Off, On, Off, On, Off, Off, Off, Off, Lean
530.656, 688, 1,2, 83, 9, 0, 13,7, 0,34, 3, 9, 33, 101, 1,72, Off, Off, Off, Off, On, Off, On, Off, Off, Off, Off, Lean
530.703, 688, 1,18, 83, 9, 0, 13,8, 0,34, 3, 8, 33, 101, 1,72, Off, Off, Off, Off, On, Off, On, Off, Off, Off, Off, Lean
530.750, 712, 1,19, 83, 9, 0, 13,6, 0,34, 3,01, 10, 33, 101, 1,79, Off, Off, Off, Off, On, Off, On, Off, Off, Off, Off, Lean
530.828, 688, 1,2, 83, 9, 0, 13,7, 0,34, 2,92, 8, 33, 101, 1,67, Off, Off, Off, Off, On, Off, On, Off, Off, Off, Off, Lean
530.875, 712, 1,18, 83, 22, 0, 13,6, 0,34, 3, 10, 33, 101, 1,78, Off, Off, Off, Off, On, Off, On, Off, Off, Off, Off, Lean
530.937, 688, 1,2, 83, 48, 2, 13,5, 0,34, 3,01, 8, 33, 101, 1,73, Off, Off, Off, Off, On, Off, On, Off, Off, Off, Off, Lean
530.984, 688, 1,19, 83, 48, 2, 13,6, 0,34, 2,97, 11, 33, 100, 1,7, Off, Off, Off, Off, On, Off, On, Off, Off, Off, Off, Rich
531.031, 675, 1,18, 83, 67, 2, 13,6, 0,34, 3,01, 11, 33, 100, 1,69, Off, Off, Off, Off, On, Off, On, Off, Off, Off, Off, Rich
531.093, 688, 1,2, 83, 67, 2, 13,5, 0,34, 2,99, 11, 33, 100, 1,71, Off, Off, Off, Off, On, Off, On, Off, Off, Off, Off, Rich
531.140, 688, 1,18, 83, 71, 2, 13,6, 0,34, 2,99, 13, 33, 100, 1,71, Off, Off, Off, Off, On, Off, On, Off, Off, Off, Off, Rich
531.187, 650, 1,19, 83, 74, 2, 13,6, 0,34, 3,04, 13, 33, 100, 1,65, Off, Off, Off, Off, On, Off, On, Off, Off, Off, Off, Rich
531.250, 662, 1,18, 83, 74, 2, 13,7, 0,34, 3,01, 13, 33, 100, 1,66, Off, Off, Off, Off, On, Off, On, Off, Off, Off, Off, Rich
531.296, 675, 1,18, 83, 76, 2, 13,6, 0,34, 3,03, 13, 33, 100, 1,7, Off, Off, Off, Off, On, Off, On, Off, Off, Off, Off, Rich
531.343, 662, 1,2, 83, 77, 2, 13,6, 0,34, 3,03, 11, 33, 100, 1,67, Off, Off, Off, Off, On, Off, On, Off, Off, Off, Off, Rich
531.406, 688, 1,18, 83, 77, 2, 13,7, 0,34, 2,97, 12, 33, 100, 1,7, Off, Off, Off, Off, On, Off, On, Off, Off, Off, Off, Rich
531.453, 688, 1,18, 83, 78, 2, 13,6, 0,34, 2,94, 10, 33, 100, 1,69, Off, Off, Off, Off, On, Off, On, Off, Off, Off, Off, Rich
531.500, 688, 1,19, 83, 78, 2, 13,7, 0,34, 2,89, 9, 33, 100, 1,66, Off, Off, Off, Off, On, Off, On, Off, Off, Off, Off, Rich
531.578, 688, 1,18, 83, 78, 2, 13,7, 0,34, 2,99, 10, 33, 100, 1,71, Off, Off, Off, Off, On, Off, On, Off, Off, Off, Off, Rich
531.640, 712, 1,18, 83, 78, 4, 13,5, 0,34, 2,93, 7, 33, 100, 1,74, Off, Off, Off, Off, On, Off, On, Off, Off, Off, Off, Rich
531.687, 688, 1,19, 83, 77, 4, 13,5, 0,34, 2,92, 7, 33, 100, 1,67, Off, Off, Off, Off, On, Off, On, Off, Off, Off, Off, Rich
531.750, 675, 1,18, 83, 77, 4, 13,6, 0,34, 2,99, 11, 33, 100, 1,68, Off, Off, Off, Off, On, Off, On, Off, Off, Off, Off, Rich
531.796, 688, 1,18, 83, 74, 4, 13,6, 0,34, 2,98, 11, 33, 100, 1,71, Off, Off, Off, Off, On, Off, On, Off, Off, Off, Off, Rich
531.843, 675, 1,18, 83, 74, 4, 13,7, 0,34, 2,98, 11, 33, 100, 1,68, Off, Off, Off, Off, On, Off, On, Off, Off, Off, Off, Rich
531.906, 688, 1,19, 83, 72, 4, 13,5, 0,34, 2,99, 13, 33, 100, 1,71, Off, Off, Off, Off, On, Off, On, Off, Off, Off, Off, Rich
531.953, 662, 1,19, 83, 68, 4, 13,7, 0,34, 3,01, 11, 33, 100, 1,66, Off, Off, Off, Off, On, Off, On, Off, Off, Off, Off, Rich
532.000, 688, 1,18, 83, 68, 4, 13,8, 0,34, 3,01, 13, 33, 100, 1,73, Off, Off, Off, Off, On, Off, On, Off, Off, Off, Off, Rich
532.062, 688, 1,2, 83, 57, 4, 13,7, 0,34, 2,99, 11, 33, 100, 1,71, Off, Off, Off, Off, On, Off, On, Off, Off, Off, Off, Rich
532.109, 688, 1,19, 83, 57, 4, 13,8, 0,34, 2,9, 9, 33, 100, 1,66, Off, Off, Off, Off, On, Off, On, Off, Off, Off, Off, Rich
532.156, 688, 1,18, 83, 37, 4, 13,8, 0,34, 2,97, 10, 33, 100, 1,7, Off, Off, Off, Off, On, Off, On, Off, Off, Off, Off, Lean
532.234, 688, 1,2, 83, 28, 4, 13,8, 0,34, 3,03, 11, 33, 100, 1,74, Off, Off, Off, Off, On, Off, On, Off, Off, Off, Off, Lean
532.281, 712, 1,18, 83, 28, 4, 13,7, 0,34, 2,98, 9, 33, 100, 1,77, Off, Off, Off, Off, On, Off, On, Off, Off, Off, Off, Lean
532.328, 688, 1,18, 83, 20, 2, 13,5, 0,34, 2,98, 7, 33, 100, 1,71, Off, Off, Off, Off, On, Off, On, Off, Off, Off, Off, Lean
532.390, 712, 1,2, 83, 20, 2, 13,5, 0,34, 2,95, 7, 33, 100, 1,75, Off, Off, Off, Off, On, Off, On, Off, Off, Off, Off, Lean
532.437, 688, 1,18, 83, 14, 2, 13,6, 0,34, 3,03, 10, 33, 100, 1,74, Off, Off, Off, Off, On, Off, On, Off, Off, Off, Off, Lean
532.484, 675, 1,19, 83, 9, 2, 13,7, 0,34, 3,01, 9, 33, 100, 1,69, Off, Off, Off, Off, On, Off, On, Off, Off, Off, Off, Lean
532.546, 662, 1,18, 83, 9, 2, 13,5, 0,34, 2,96, 7, 33, 100, 1,63, Off, Off, Off, Off, On, Off, On, Off, Off, Off, Off, Lean
532.593, 675, 1,18, 83, 6, 2, 13,6, 0,34, 3,08, 11, 33, 100, 1,73, Off, Off, Off, Off, On, Off, On, Off, Off, Off, Off, Lean
532.640, 688, 1,2, 83, 6, 2, 13,4, 0,34, 3,04, 11, 33, 100, 1,74, Off, Off, Off, Off, On, Off, On, Off, Off, Off, Off, Lean
532.687, 688, 1,18, 83, 4, 2, 13,8, 0,34, 3,07, 11, 33, 100, 1,76, Off, Off, Off, Off, On, Off, On, Off, Off, Off, Off, Lean
532.718, 688, 1,2, 83, 5, 2, 13,8, 0,34, 3,08, 13, 33, 100, 1,77, Off, Off, Off, Off, On, Off, On, Off, Off, Off, Off, Lean
532.781, 688, 1,18, 83, 5, 2, 13,7, 0,34, 2,99, 11, 33, 100, 1,71, Off, Off, Off, Off, On, Off, On, Off, Off, Off, Off, Lean
532.843, 712, 1,2, 83, 5, 2, 13,7, 0,34, 3,02, 10, 33, 100, 1,79, Off, Off, Off, Off, On, Off, On, Off, Off, Off, Off, Lean
532.890, 688, 1,2, 83, 12, 2, 13,7, 0,34, 3,06, 10, 33, 100, 1,75, Off, Off, Off, Off, On, Off, On, Off, Off, Off, Off, Lean
532.953, 675, 1,16, 83, 12, 2, 13,7, 0,34, 3,05, 9, 33, 100, 1,72, Off, Off, Off, Off, On, Off, On, Off, Off, Off, Off, Lean
533.015, 688, 1,23, 83, 49, 2, 13,7, 0,34, 3,03, 7, 33, 100, 1,74, Off, Off, Off, Off, On, Off, On, Off, Off, Off, Off, Lean
533.062, 688, 1,18, 83, 49, 2, 13,6, 0,34, 2,86, 10, 33, 100, 1,64, Off, Off, Off, Off, On, Off, On, Off, Off, Off, Off, Rich
533.109, 712, 1,2, 83, 67, 2, 13,6, 0,34, 2,92, 9, 33, 100, 1,73, Off, Off, Off, Off, On, Off, On, Off, Off, Off, Off, Rich
533.156, 712, 1,2, 83, 67, 2, 13,6, 0,34, 2,93, 7, 33, 100, 1,74, Off, Off, Off, Off, On, Off, On, Off, Off, Off, Off, Rich
533.218, 688, 1,14, 83, 73, 2, 13,5, 0,34, 3,05, 11, 33, 100, 1,75, Off, Off, Off, Off, On, Off, On, Off, Off, Off, Off, Rich
533.265, 688, 1,23, 83, 76, 2, 13,7, 0,34, 3,02, 11, 33, 100, 1,73, Off, Off, Off, Off, On, Off, On, Off, Off, Off, Off, Rich
533.312, 712, 1,2, 83, 76, 2, 13,5, 0,34, 2,95, 11, 33, 100, 1,75, Off, Off, Off, Off, On, Off, On, Off, Off, Off, Off, Rich
533.375, 675, 1,18, 83, 76, 2, 13,6, 0,34, 3,03, 9, 33, 100, 1,7, Off, Off, Off, Off, On, Off, On, Off, Off, Off, Off, Rich
533.421, 688, 1,22, 83, 76, 2, 13,8, 0,34, 3,02, 11, 33, 100, 1,73, Off, Off, Off, Off, On, Off, On, Off, Off, Off, Off, Rich
533.468, 688, 1,16, 83, 76, 2, 13,7, 0,34, 2,9, 10, 33, 100, 1,66, Off, Off, Off, Off, On, Off, On, Off, Off, Off, Off, Rich
533.531, 675, 1,22, 83, 75, 2, 13,7, 0,34, 2,91, 9, 33, 100, 1,64, Off, Off, Off, Off, On, Off, On, Off, Off, Off, Off, Rich
533.578, 688, 1,23, 83, 75, 2, 13,7, 0,34, 3,05, 7, 33, 100, 1,75, Off, Off, Off, Off, On, Off, On, Off, Off, Off, Off, Rich
533.640, 675, 1,16, 83, 75, 2, 13,6, 0,34, 3,04, 7, 33, 100, 1,71, Off, Off, Off, Off, On, Off, On, Off, Off, Off, Off, Rich
533.703, 712, 1,21, 83, 76, 2, 13,7, 0,34, 2,97, 7, 33, 100, 1,76, Off, Off, Off, Off, On, Off, On, Off, Off, Off, Off, Rich
533.750, 675, 1,18, 83, 76, 4, 13,7, 0,34, 2,98, 11, 33, 100, 1,68, Off, Off, Off, Off, On, Off, On, Off, Off, Off, Off, Rich
533.796, 675, 1,17, 83, 76, 4, 13,6, 0,34, 3,03, 9, 33, 100, 1,7, Off, Off, Off, Off, On, Off, On, Off, Off, Off, Off, Rich
533.859, 662, 1,23, 83, 76, 4, 13,5, 0,34, 3, 7, 33, 100, 1,65, Off, Off, Off, Off, On, Off, On, Off, Off, Off, Off, Rich
533.906, 662, 1,16, 83, 76, 4, 13,6, 0,34, 2,89, 11, 33, 100, 1,59, Off, Off, Off, Off, On, Off, On, Off, Off, Off, Off, Rich
533.953, 675, 1,2, 83, 75, 4, 13,5, 0,34, 3,05, 13, 33, 100, 1,72, Off, Off, Off, Off, On, Off, On, Off, Off, Off, Off, Rich
534.015, 675, 1,19, 83, 75, 4, 13,6, 0,34, 3, 12, 33, 100, 1,69, Off, Off, Off, Off, On, Off, On, Off, Off, Off, Off, Rich
534.062, 662, 1,15, 83, 74, 4, 13,6, 0,34, 3,06, 12, 33, 100, 1,69, Off, Off, Off, Off, On, Off, On, Off, Off, Off, Off, Rich
534.109, 675, 1,21, 83, 74, 4, 13,6, 0,34, 2,94, 13, 33, 100, 1,65, Off, Off, Off, Off, On, Off, On, Off, Off, Off, Off, Rich
534.171, 662, 1,17, 83, 75, 4, 13,7, 0,34, 3,09, 13, 33, 100, 1,7, Off, Off, Off, Off, On, Off, On, Off, Off, Off, Off, Rich
534.218, 675, 1,2, 83, 77, 4, 13,7, 0,34, 3,06, 13, 33, 100, 1,72, Off, Off, Off, Off, On, Off, On, Off, Off, Off, Off, Rich
534.265, 662, 1,17, 83, 77, 4, 13,6, 0,34, 2,94, 12, 33, 100, 1,62, Off, Off, Off, Off, On, Off, On, Off, Off, Off, Off, Rich
534.328, 688, 1,2, 83, 78, 4, 13,6, 0,34, 3,04, 11, 33, 100, 1,74, Off, Off, Off, Off, On, Off, On, Off, Off, Off, Off, Rich
534.375, 688, 1,2, 83, 79, 4, 13,7, 0,34, 3,03, 11, 33, 100, 1,74, Off, Off, Off, Off, On, Off, On, Off, Off, Off, Off, Rich
534.437, 662, 1,19, 83, 79, 4, 13,8, 0,34, 3,06, 11, 33, 100, 1,69, Off, Off, Off, Off, On, Off, On, Off, Off, Off, Off, Rich
534.484, 712, 1,2, 83, 80, 2, 13,5, 0,34, 2,98, 10, 33, 100, 1,77, Off, Off, Off, Off, On, Off, On, Off, Off, Off, Off, Rich
534.546, 688, 1,19, 83, 80, 2, 13,6, 0,34, 2,95, 11, 33, 100, 1,69, Off, Off, Off, Off, On, Off, On, Off, Off, Off, Off, Rich
534.593, 688, 1,17, 83, 80, 2, 13,4, 0,34, 3,04, 10, 33, 100, 1,74, Off, Off, Off, Off, On, Off, On, Off, Off, Off, Off, Rich
534.640, 662, 1,2, 83, 79, 2, 13,6, 0,34, 2,94, 10, 33, 100, 1,62, Off, Off, Off, Off, On, Off, On, Off, Off, Off, Off, Rich
534.687, 688, 1,18, 83, 79, 2, 13,6, 0,34, 3,05, 11, 33, 100, 1,75, Off, Off, Off, Off, On, Off, On, Off, Off, Off, Off, Rich
534.750, 675, 1,18, 83, 78, 2, 13,5, 0,34, 3,04, 11, 33, 100, 1,71, Off, Off, Off, Off, On, Off, On, Off, Off, Off, Off, Rich
534.812, 675, 1,18, 83, 78, 2, 13,6, 0,34, 2,93, 11, 33, 100, 1,65, Off, Off, Off, Off, On, Off, On, Off, Off, Off, Off, Rich
534.859, 712, 1,18, 83, 77, 2, 13,7, 0,34, 3,03, 11, 33, 100, 1,8, Off, Off, Off, Off, On, Off, On, Off, Off, Off, Off, Rich
534.906, 675, 1,2, 83, 75, 2, 13,7, 0,34, 3,05, 11, 33, 100, 1,72, Off, Off, Off, Off, On, Off, On, Off, Off, Off, Off, Rich
534.968, 688, 1,16, 83, 75, 2, 13,6, 0,34, 3,02, 11, 33, 100, 1,73, Off, Off, Off, Off, On, Off, On, Off, Off, Off, Off, Rich
535.031, 675, 1,18, 83, 74, 2, 13,7, 0,34, 2,99, 9, 33, 100, 1,68, Off, Off, Off, Off, On, Off, On, Off, Off, Off, Off, Rich
535.078, 688, 1,2, 83, 74, 2, 13,7, 0,34, 2,93, 11, 33, 100, 1,68, Off, Off, Off, Off, On, Off, On, Off, Off, Off, Off, Rich
535.140, 688, 1,18, 83, 74, 2, 13,6, 0,34, 2,87, 9, 33, 100, 1,65, Off, Off, Off, Off, On, Off, On, Off, Off, Off, Off, Rich
535.187, 688, 1,2, 83, 73, 2, 13,8, 0,34, 2,96, 11, 33, 100, 1,7, Off, Off, Off, Off, On, Off, On, Off, Off, Off, Off, Rich
535.250, 712, 1,2, 83, 73, 2, 13,4, 0,34, 2,91, 10, 33, 100, 1,73, Off, Off, Off, Off, On, Off, On, Off, Off, Off, Off, Rich
535.296, 688, 1,18, 83, 71, 2, 13,6, 0,34, 2,96, 8, 33, 100, 1,7, Off, Off, Off, Off, On, Off, On, Off, Off, Off, Off, Rich
535.343, 688, 1,2, 83, 70, 2, 13,5, 0,34, 3, 11, 33, 100, 1,72, Off, Off, Off, Off, On, Off, On, Off, Off, Off, Off, Rich
535.406, 662, 1,18, 83, 70, 2, 13,5, 0,34, 2,94, 11, 33, 100, 1,62, Off, Off, Off, Off, On, Off, On, Off, Off, Off, Off, Rich
535.453, 675, 1,18, 83, 66, 2, 13,6, 0,34, 3,01, 11, 33, 100, 1,69, Off, Off, Off, Off, On, Off, On, Off, Off, Off, Off, Rich
535.500, 675, 1,2, 83, 53, 2, 13,6, 0,34, 3,04, 13, 33, 100, 1,71, Off, Off, Off, Off, On, Off, On, Off, Off, Off, Off, Rich
535.562, 675, 1,17, 83, 53, 2, 13,6, 0,34, 3,04, 12, 33, 100, 1,71, Off, Off, Off, Off, On, Off, On, Off, Off, Off, Off, Rich
535.625, 688, 1,2, 83, 37, 2, 13,5, 0,34, 3,01, 13, 33, 100, 1,73, Off, Off, Off, Off, On, Off, On, Off, Off, Off, Off, Rich
535.671, 662, 1,2, 83, 24, 2, 13,6, 0,34, 3,08, 11, 33, 100, 1,7, Off, Off, Off, Off, On, Off, On, Off, Off, Off, Off, Lean
535.734, 688, 1,17, 83, 24, 2, 13,8, 0,34, 3,1, 13, 33, 100, 1,78, Off, Off, Off, Off, On, Off, On, Off, Off, Off, Off, Lean
535.796, 675, 1,22, 83, 20, 2, 13,7, 0,34, 3,11, 11, 33, 100, 1,75, Off, Off, Off, Off, On, Off, On, Off, Off, Off, Off, Lean
535.843, 675, 1,18, 83, 20, 2, 13,8, 0,34, 3, 11, 33, 100, 1,69, Off, Off, Off, Off, On, Off, On, Off, Off, Off, Off, Lean
535.875, 688, 1,2, 83, 19, 2, 13,7, 0,34, 3,06, 11, 33, 100, 1,75, Off, Off, Off, Off, On, Off, On, Off, Off, Off, Off, Lean
535.953, 675, 1,2, 83, 20, 2, 13,6, 0,34, 3,1, 11, 33, 100, 1,74, Off, Off, Off, Off, On, Off, On, Off, Off, Off, Off, Lean
536.015, 688, 1,16, 83, 20, 2, 13,6, 0,34, 3,1, 11, 33, 100, 1,78, Off, Off, Off, Off, On, Off, On, Off, Off, Off, Off, Lean
536.062, 662, 1,18, 83, 24, 2, 13,7, 0,34, 3,11, 13, 33, 100, 1,72, Off, Off, Off, Off, On, Off, On, Off, Off, Off, Off, Lean
536.109, 712, 1,2, 83, 24, 2, 13,7, 0,34, 3,03, 12, 33, 100, 1,8, Off, Off, Off, Off, On, Off, On, Off, Off, Off, Off, Lean
536.171, 688, 1,18, 83, 28, 2, 13,7, 0,34, 3,1, 11, 33, 100, 1,78, Off, Off, Off, Off, On, Off, On, Off, Off, Off, Off, Lean
536.218, 675, 1,2, 83, 39, 2, 13,7, 0,34, 3,06, 11, 33, 100, 1,72, Off, Off, Off, Off, On, Off, On, Off, Off, Off, Off, Lean
536.265, 688, 1,18, 83, 39, 2, 13,8, 0,34, 3,02, 12, 33, 100, 1,73, Off, Off, Off, Off, On, Off, On, Off, Off, Off, Off, Lean
536.328, 688, 1,18, 83, 58, 2, 13,8, 0,34, 2,98, 10, 33, 100, 1,71, Off, Off, Off, Off, On, Off, On, Off, Off, Off, Off, Rich
536.375, 712, 1,2, 83, 70, 2, 13,8, 0,34, 2,98, 8, 33, 100, 1,77, Off, Off, Off, Off, On, Off, On, Off, Off, Off, Off, Rich
536.437, 688, 1,19, 83, 70, 2, 13,8, 0,34, 2,92, 7, 33, 100, 1,67, Off, Off, Off, Off, On, Off, On, Off, Off, Off, Off, Rich
536.500, 712, 1,19, 83, 73, 2, 13,8, 0,34, 2,96, 7, 33, 100, 1,76, Off, Off, Off, Off, On, Off, On, Off, Off, Off, Off, Rich
536.546, 712, 1,2, 83, 75, 2, 13,8, 0,34, 2,96, 7, 33, 100, 1,76, Off, Off, Off, Off, On, Off, On, Off, Off, Off, Off, Rich
536.593, 712, 1,19, 83, 75, 4, 13,8, 0,34, 2,94, 11, 33, 100, 1,74, Off, Off, Off, Off, On, Off, On, Off, Off, Off, Off, Rich
536.656, 688, 1,2, 83, 75, 4, 13,7, 0,34, 2,92, 9, 33, 100, 1,67, Off, Off, Off, Off, On, Off, On, Off, Off, Off, Off, Rich
536.703, 712, 1,2, 83, 75, 4, 13,7, 0,34, 2,91, 7, 33, 100, 1,73, Off, Off, Off, Off, On, Off, On, Off, Off, Off, Off, Rich
536.750, 688, 1,19, 83, 75, 4, 13,7, 0,34, 2,99, 7, 33, 100, 1,71, Off, Off, Off, Off, On, Off, On, Off, Off, Off, Off, Rich
536.796, 712, 1,2, 83, 75, 4, 13,6, 0,34, 2,91, 7, 33, 100, 1,73, Off, Off, Off, Off, On, Off, On, Off, Off, Off, Off, Rich
536.843, 688, 1,19, 83, 74, 4, 13,7, 0,34, 3, 13, 33, 100, 1,72, Off, Off, Off, Off, On, Off, On, Off, Off, Off, Off, Rich
536.890, 662, 1,2, 83, 74, 4, 13,7, 0,34, 3,01, 12, 33, 100, 1,66, Off, Off, Off, Off, On, Off, On, Off, Off, Off, Off, Rich
536.953, 662, 1,2, 83, 74, 4, 13,7, 0,34, 2,93, 10, 33, 100, 1,62, Off, Off, Off, Off, On, Off, On, Off, Off, Off, Off, Rich
537.000, 662, 1,19, 83, 72, 4, 13,8, 0,36, 3,03, 13, 33, 100, 1,67, Off, Off, Off, Off, On, Off, On, Off, Off, Off, Off, Rich
537.046, 688, 1,21, 83, 72, 4, 13,7, 0,36, 3, 12, 33, 100, 1,72, Off, Off, Off, Off, On, Off, On, Off, Off, Off, Off, Rich
537.125, 688, 1,21, 83, 74, 4, 13,8, 0,36, 3,03, 11, 33, 100, 1,74, Off, Off, Off, Off, On, Off, On, Off, Off, Off, Off, Rich
537.171, 712, 1,32, 83, 75, 4, 13,8, 0,42, 3,26, 14, 33, 100, 1,93, Off, Off, Off, Off, Off, Off, On, Off, Off, Off, Off, Rich
537.218, 712, 1,36, 83, 75, 4, 13,8, 0,42, 3,42, 19, 33, 100, 2,03, Off, Off, Off, Off, Off, Off, On, Off, Off, Off, Off, Rich
537.281, 738, 1,38, 83, 78, 4, 13,7, 0,42, 3,48, 19, 34, 100, 2,14, Off, Off, Off, Off, Off, Off, On, Off, Off, Off, Off, Rich
537.328, 738, 1,39, 83, 78, 4, 13,8, 0,42, 3,57, 19, 34, 100, 2,2, Off, Off, Off, Off, Off, Off, On, Off, Off, Off, Off, Rich
537.375, 788, 1,4, 83, 78, 4, 13,6, 0,44, 3,64, 20, 34, 100, 2,39, Off, Off, Off, Off, Off, Off, On, Off, Off, Off, Off, Rich
537.437, 825, 1,41, 83, 77, 4, 13,5, 0,44, 3,66, 20, 34, 100, 2,52, Off, Off, Off, Off, Off, Off, On, Off, Off, Off, Off, Rich
537.484, 825, 1,42, 83, 76, 4, 13,7, 0,44, 3,71, 20, 34, 100, 2,55, Off, Off, Off, Off, Off, Off, On, Off, Off, Off, Off, Rich
537.546, 838, 1,43, 83, 76, 4, 13,7, 0,44, 3,71, 21, 34, 100, 2,59, Off, Off, Off, Off, Off, Off, On, Off, Off, Off, Off, Rich
537.609, 888, 1,48, 83, 76, 4, 13,7, 0,48, 3,74, 21, 35, 100, 2,77, Off, Off, Off, Off, Off, Off, On, Off, Off, Off, Off, Rich
537.656, 888, 1,54, 83, 76, 4, 13,7, 0,5, 4,07, 20, 35, 100, 3,01, Off, Off, Off, Off, Off, Off, On, Off, Off, Off, Off, Rich
537.718, 925, 1,58, 83, 78, 4, 13,8, 0,5, 4,06, 21, 35, 100, 3,13, Off, Off, Off, Off, Off, Off, On, Off, Off, Off, Off, Rich
537.765, 988, 1,58, 83, 80, 4, 13,8, 0,5, 4,09, 22, 35, 100, 3,37, Off, Off, Off, Off, Off, Off, On, Off, Off, Off, Off, Rich
537.812, 1025, 1,59, 83, 81, 4, 13,8, 0,5, 4,11, 23, 35, 100, 3,51, Off, Off, Off, Off, Off, Off, On, Off, Off, Off, Off, Rich
537.890, 1038, 1,59, 83, 81, 4, 13,8, 0,5, 4,09, 23, 35, 100, 3,54, Off, Off, Off, Off, Off, Off, On, Off, Off, Off, Off, Rich
537.937, 1050, 1,6, 83, 82, 4, 13,7, 0,5, 4,06, 24, 35, 100, 3,55, Off, Off, Off, Off, Off, Off, On, Off, Off, Off, Off, Rich
537.984, 1088, 1,6, 83, 82, 4, 13,8, 0,5, 4, 25, 35, 100, 3,63, Off, Off, Off, Off, Off, Off, On, Off, Off, Off, Off, Rich
538.031, 1088, 1,6, 83, 82, 4, 13,8, 0,5, 3,98, 25, 36, 100, 3,61, Off, Off, Off, Off, Off, Off, On, Off, Off, Off, Off, Rich
538.078, 1112, 1,6, 83, 81, 4, 13,6, 0,5, 3,9, 26, 36, 100, 3,61, Off, Off, Off, Off, Off, Off, On, Off, Off, Off, Off, Rich
538.125, 1100, 1,6, 83, 81, 4, 13,6, 0,5, 3,86, 27, 36, 100, 3,54, Off, Off, Off, Off, Off, Off, On, Off, Off, Off, Off, Rich
538.187, 1112, 1,61, 83, 80, 4, 13,8, 0,5, 3,8, 27, 36, 100, 3,52, Off, Off, Off, Off, Off, Off, On, Off, Off, Off, Off, Rich
538.250, 1112, 1,6, 83, 80, 4, 13,6, 0,5, 3,75, 27, 36, 100, 3,47, Off, Off, Off, Off, Off, Off, On, Off, Off, Off, Off, Rich
538.296, 1112, 1,61, 83, 79, 4, 13,6, 0,5, 3,73, 27, 36, 100, 3,46, Off, Off, Off, Off, Off, Off, On, Off, Off, Off, Off, Rich
538.359, 1100, 1,61, 83, 79, 4, 13,8, 0,5, 3,71, 27, 36, 100, 3,4, Off, Off, Off, Off, Off, Off, On, Off, Off, Off, Off, Rich
538.406, 1112, 1,6, 83, 77, 4, 13,8, 0,5, 3,68, 27, 36, 100, 3,41, Off, Off, Off, Off, Off, Off, On, Off, Off, Off, Off, Rich
538.453, 1100, 1,6, 83, 75, 4, 13,8, 0,5, 3,66, 27, 36, 100, 3,36, Off, Off, Off, Off, Off, Off, On, Off, Off, Off, Off, Rich
538.531, 1112, 1,6, 83, 72, 4, 13,8, 0,5, 3,61, 27, 36, 100, 3,35, Off, Off, Off, Off, Off, Off, On, Off, Off, Off, Off, Rich
538.578, 1088, 1,6, 83, 71, 4, 13,8, 0,5, 3,62, 27, 36, 100, 3,28, Off, Off, Off, Off, Off, Off, On, Off, Off, Off, Off, Rich
538.640, 1100, 1,61, 83, 70, 4, 13,8, 0,5, 3,61, 27, 37, 100, 3,31, Off, Off, Off, Off, Off, Off, On, Off, Off, Off, Off, Rich
538.703, 1088, 1,6, 83, 69, 6, 13,8, 0,5, 3,6, 27, 37, 100, 3,26, Off, Off, Off, Off, Off, Off, On, Off, Off, Off, Off, Rich
538.765, 1088, 1,6, 83, 68, 6, 13,8, 0,48, 3,57, 27, 37, 100, 3,24, Off, Off, Off, Off, Off, Off, On, Off, Off, Off, Off, Rich
538.812, 1088, 1,56, 83, 65, 6, 13,6, 0,48, 3,51, 27, 37, 100, 3,18, Off, Off, Off, Off, Off, Off, On, Off, Off, Off, Off, Rich
538.859, 1088, 1,54, 83, 53, 6, 13,8, 0,46, 3,47, 27, 37, 100, 3,15, Off, Off, Off, Off, Off, Off, On, Off, Off, Off, Off, Rich
538.921, 1062, 1,4, 83, 37, 6, 13,8, 0,36, 3,35, 28, 46, 97, 2,96, Off, Off, Off, Off, On, Off, On, Off, Off, Off, Off, Lean
538.968, 1062, 1,36, 83, 22, 6, 13,8, 0,36, 3,27, 26, 46, 97, 2,89, Off, Off, Off, Off, On, Off, On, Off, Off, Off, Off, Lean
539.031, 1038, 1,36, 83, 12, 6, 13,8, 0,34, 3,18, 22, 46, 97, 2,75, Off, Off, Off, Off, On, Off, On, Off, Off, Off, Off, Lean
539.078, 1025, 1,36, 83, 7, 6, 13,7, 0,34, 3,1, 20, 46, 97, 2,65, Off, Off, Off, Off, On, Off, On, Off, Off, Off, Off, Lean
539.125, 1025, 1,36, 83, 4, 6, 13,8, 0,34, 3,08, 17, 46, 97, 2,63, Off, Off, Off, Off, On, Off, On, Off, Off, Off, Off, Lean
539.171, 1000, 1,38, 83, 3, 6, 13,8, 0,34, 3,02, 15, 46, 97, 2,52, Off, Off, Off, Off, On, Off, On, Off, Off, Off, Off, Lean
539.234, 975, 1,38, 83, 3, 6, 13,8, 0,34, 3,03, 13, 46, 97, 2,46, Off, Off, Off, Off, On, Off, On, Off, Off, Off, Off, Lean
539.296, 950, 1,38, 83, 3, 6, 13,8, 0,34, 3, 13, 45, 97, 2,38, Off, Off, Off, Off, On, Off, On, Off, Off, Off, Off, Lean
539.343, 925, 1,38, 83, 3, 6, 13,8, 0,34, 2,99, 13, 45, 97, 2,3, Off, Off, Off, Off, On, Off, On, Off, Off, Off, Off, Lean
539.390, 925, 1,37, 83, 4, 6, 13,8, 0,34, 3,01, 13, 45, 97, 2,32, Off, Off, Off, Off, On, Off, On, Off, Off, Off, Off, Lean
539.437, 925, 1,37, 83, 4, 6, 13,8, 0,34, 3,01, 13, 45, 97, 2,32, Off, Off, Off, Off, On, Off, On, Off, Off, Off, Off, Lean
539.500, 900, 1,37, 83, 4, 6, 13,8, 0,34, 3,01, 13, 45, 97, 2,26, Off, Off, Off, Off, On, Off, On, Off, Off, Off, Off, Lean
539.546, 875, 1,36, 83, 4, 6, 13,8, 0,34, 3,04, 13, 45, 97, 2,22, Off, Off, Off, Off, On, Off, On, Off, Off, Off, Off, Lean
539.593, 888, 1,36, 83, 3, 6, 13,5, 0,34, 3,04, 13, 45, 97, 2,25, Off, Off, Off, Off, On, Off, On, Off, Off, Off, Off, Lean
539.640, 875, 1,35, 83, 4, 6, 13,8, 0,34, 3,06, 13, 44, 97, 2,23, Off, Off, Off, Off, On, Off, On, Off, Off, Off, Off, Lean
539.687, 875, 1,35, 83, 3, 6, 13,8, 0,34, 3,06, 13, 44, 97, 2,23, Off, Off, Off, Off, On, Off, On, Off, Off, Off, Off, Lean
539.750, 838, 1,34, 83, 3, 6, 13,8, 0,34, 3,07, 13, 44, 97, 2,14, Off, Off, Off, Off, On, Off, On, Off, Off, Off, Off, Lean
539.796, 875, 1,34, 83, 4, 6, 13,8, 0,34, 3,08, 10, 44, 97, 2,25, Off, Off, Off, Off, On, Off, On, Off, Off, Off, Off, Lean
539.859, 838, 1,34, 83, 5, 6, 13,6, 0,34, 3,1, 8, 44, 97, 2,16, Off, Off, Off, Off, On, Off, On, Off, Off, Off, Off, Lean
539.937, 838, 1,33, 83, 14, 6, 13,6, 0,34, 3,11, 5, 43, 97, 2,17, Off, Off, Off, Off, On, Off, On, Off, Off, Off, Off, Lean
539.984, 838, 1,34, 83, 36, 6, 13,7, 0,34, 3,12, 3, 43, 97, 2,18, Off, Off, Off, Off, On, Off, On, Off, Off, Off, Off, Lean
540.046, 825, 1,32, 83, 36, 6, 13,6, 0,34, 3,12, 3, 42, 97, 2,14, Off, Off, Off, Off, On, Off, On, Off, Off, Off, Off, Lean
540.093, 812, 1,32, 83, 59, 6, 13,5, 0,34, 3,12, 3, 42, 97, 2,11, Off, Off, Off, Off, On, Off, On, Off, Off, Off, Off, Rich
540.140, 788, 1,3, 83, 65, 8, 13,7, 0,34, 3,06, 3, 42, 97, 2,01, Off, Off, Off, Off, On, Off, On, Off, Off, Off, Off, Rich
540.203, 812, 1,32, 83, 66, 8, 13,7, 0,34, 3,09, 3, 42, 97, 2,09, Off, Off, Off, Off, On, Off, On, Off, Off, Off, Off, Rich
540.250, 788, 1,31, 83, 66, 8, 13,4, 0,34, 3,11, 3, 42, 97, 2,04, Off, Off, Off, Off, On, Off, On, Off, Off, Off, Off, Rich
540.296, 762, 1,3, 83, 62, 8, 13,6, 0,34, 3,11, 3, 42, 97, 1,97, Off, Off, Off, Off, On, Off, On, Off, Off, Off, Off, Rich
540.359, 775, 1,31, 83, 28, 8, 13,7, 0,34, 3,11, 3, 42, 97, 2,01, Off, Off, Off, Off, On, Off, On, Off, Off, Off, Off, Rich
540.406, 762, 1,3, 83, 28, 8, 13,8, 0,34, 3,18, 3, 42, 100, 2,02, Off, Off, Off, Off, On, Off, On, Off, Off, Off, Off, Lean
540.453, 738, 1,29, 83, 8, 8, 13,8, 0,34, 3,18, 3, 41, 100, 1,96, Off, Off, Off, Off, On, Off, On, Off, Off, Off, Off, Lean
540.515, 775, 1,29, 83, 4, 8, 13,8, 0,34, 3,21, 3, 41, 100, 2,07, Off, Off, Off, Off, On, Off, On, Off, Off, Off, Off, Lean
540.562, 762, 1,3, 83, 4, 8, 13,8, 0,34, 3,2, 3, 41, 100, 2,03, Off, Off, Off, Off, On, Off, On, Off, Off, Off, Off, Lean
540.625, 775, 1,29, 83, 2, 8, 13,7, 0,34, 3,21, 3, 41, 100, 2,07, Off, Off, Off, Off, On, Off, On, Off, Off, Off, Off, Lean
540.687, 775, 1,29, 83, 1, 8, 13,6, 0,34, 3,22, 3, 41, 100, 2,08, Off, Off, Off, Off, On, Off, On, Off, Off, Off, Off, Lean
540.734, 738, 1,3, 83, 0, 8, 13,8, 0,34, 3,23, 3, 40, 100, 1,99, Off, Off, Off, Off, On, Off, On, Off, Off, Off, Off, Lean
540.781, 775, 1,28, 83, 0, 8, 13,5, 0,34, 3,24, 3, 40, 100, 2,09, Off, Off, Off, Off, On, Off, On, Off, Off, Off, Off, Lean
540.843, 738, 1,29, 83, 0, 6, 13,8, 0,34, 3,25, 3, 40, 100, 2, Off, Off, Off, Off, On, Off, On, Off, Off, Off, Off, Lean
540.890, 738, 1,29, 83, 0, 6, 13,8, 0,34, 3,23, 3, 40, 100, 1,99, Off, Off, Off, Off, On, Off, On, Off, Off, Off, Off, Lean
540.937, 762, 1,27, 83, 0, 6, 13,8, 0,34, 3,23, 3, 40, 100, 2,05, Off, Off, Off, Off, On, Off, On, Off, Off, Off, Off, Lean
540.984, 738, 1,29, 83, 0, 6, 13,8, 0,34, 3,23, 3, 40, 100, 1,99, Off, Off, Off, Off, On, Off, On, Off, Off, Off, Off, Lean
541.015, 738, 1,27, 83, 0, 6, 13,8, 0,34, 3,24, 3, 39, 100, 1,99, Off, Off, Off, Off, On, Off, On, Off, Off, Off, Off, Lean
541.078, 738, 1,28, 83, 0, 6, 13,8, 0,34, 3,25, 3, 39, 100, 2, Off, Off, Off, Off, On, Off, On, Off, Off, Off, Off, Lean
541.125, 725, 1,3, 83, 1, 6, 13,8, 0,34, 3,32, 3, 38, 100, 2,01, Off, Off, Off, Off, On, Off, On, Off, Off, Off, Off, Lean
541.187, 762, 1,21, 83, 1, 6, 13,8, 0,34, 3,08, 3, 38, 100, 1,96, Off, Off, Off, Off, On, Off, On, Off, Off, Off, Off, Lean
541.234, 762, 1,23, 83, 1, 6, 13,8, 0,34, 3,29, 3, 38, 100, 2,09, Off, Off, Off, Off, On, Off, On, Off, Off, Off, Off, Lean
541.281, 738, 1,32, 83, 2, 6, 13,8, 0,34, 3,2, 3, 38, 100, 1,97, Off, Off, Off, Off, On, Off, On, Off, Off, Off, Off, Lean
541.359, 762, 1,18, 83, 2, 6, 13,8, 0,34, 3,33, 3, 38, 100, 2,11, Off, Off, Off, Off, On, Off, On, Off, Off, Off, Off, Lean
541.406, 738, 1,2, 83, 3, 6, 13,8, 0,34, 3,31, 3, 38, 100, 2,04, Off, Off, Off, Off, On, Off, On, Off, Off, Off, Off, Lean
541.453, 775, 1,32, 83, 4, 6, 13,8, 0,34, 3,23, 3, 38, 100, 2,09, Off, Off, Off, Off, On, Off, On, Off, Off, Off, Off, Lean
541.515, 775, 1,22, 83, 4, 6, 13,8, 0,34, 3,02, 3, 38, 100, 1,95, Off, Off, Off, Off, On, Off, On, Off, Off, Off, Off, Lean
541.562, 725, 1,24, 83, 13, 2, 13,8, 0,34, 3,35, 3, 38, 100, 2,02, Off, Off, Off, Off, On, Off, On, Off, Off, Off, Off, Lean
541.625, 762, 1,29, 83, 48, 2, 13,8, 0,34, 3,37, 3, 38, 101, 2,14, Off, Off, Off, Off, On, Off, On, Off, Off, Off, Off, Rich
541.671, 762, 1,27, 83, 48, 2, 13,8, 0,34, 3, 3, 38, 101, 1,9, Off, Off, Off, Off, On, Off, On, Off, Off, Off, Off, Rich
541.734, 738, 1,29, 83, 70, 2, 13,8, 0,34, 3,3, 3, 38, 101, 2,03, Off, Off, Off, Off, On, Off, On, Off, Off, Off, Off, Rich
541.781, 762, 1,3, 83, 76, 2, 13,7, 0,34, 3,27, 3, 38, 101, 2,08, Off, Off, Off, Off, On, Off, On, Off, Off, Off, Off, Rich
541.828, 725, 1,24, 83, 76, 2, 13,8, 0,34, 2,99, 3, 38, 101, 1,81, Off, Off, On, Off, On, Off, On, Off, Off, Off, Off, Rich
541.890, 762, 1,23, 83, 78, 2, 13,8, 0,34, 3,04, 5, 38, 101, 1,93, Off, Off, Off, Off, On, Off, On, Off, Off, Off, Off, Rich
541.937, 762, 1,3, 83, 80, 2, 13,8, 0,34, 3,08, 4, 38, 101, 1,96, Off, Off, Off, Off, On, Off, On, Off, Off, Off, Off, Rich
541.984, 775, 1,3, 83, 79, 2, 13,8, 0,34, 3,17, 3, 38, 101, 2,05, Off, Off, Off, Off, On, Off, On, Off, Off, Off, Off, Rich
542.062, 775, 1,24, 83, 79, 2, 13,8, 0,34, 3,03, 3, 38, 101, 1,96, Off, Off, Off, Off, On, Off, On, Off, Off, Off, Off, Rich
542.109, 762, 1,24, 83, 80, 2, 13,8, 0,34, 3,2, 3, 38, 101, 2,03, Off, Off, Off, Off, On, Off, On, Off, Off, Off, Off, Rich
542.171, 788, 1,3, 83, 79, 2, 13,9, 0,34, 3,12, 3, 38, 101, 2,05, Off, Off, Off, Off, On, Off, On, Off, Off, Off, Off, Rich
542.203, 775, 1,27, 83, 79, 0, 13,8, 0,34, 3,04, 3, 38, 101, 1,96, Off, Off, Off, Off, On, Off, On, Off, Off, Off, Off, Rich
542.265, 762, 1,27, 83, 79, 0, 13,8, 0,34, 3,15, 3, 38, 101, 2, Off, Off, Off, Off, On, Off, On, Off, Off, Off, Off, Rich
542.328, 775, 1,28, 83, 75, 0, 13,8, 0,34, 3,08, 3, 38, 101, 1,99, Off, Off, Off, Off, On, Off, On, Off, Off, Off, Off, Rich
542.390, 788, 1,27, 83, 75, 0, 13,7, 0,34, 3,05, 3, 38, 101, 2, Off, Off, Off, Off, On, Off, On, Off, Off, Off, Off, Rich
542.437, 788, 1,3, 83, 72, 0, 13,8, 0,38, 2,98, 3, 44, 101, 1,96, Off, Off, Off, Off, On, Off, On, Off, Off, Off, Off, Rich
542.484, 788, 1,39, 83, 64, 0, 13,8, 0,4, 3,22, 7, 44, 101, 2,11, Off, Off, Off, Off, Off, Off, On, Off, Off, Off, Off, Rich
542.546, 825, 1,44, 83, 25, 0, 13,8, 0,4, 3,3, 15, 44, 101, 2,27, Off, Off, Off, Off, Off, Off, On, Off, Off, Off, Off, Rich
542.593, 862, 1,51, 83, 10, 0, 13,8, 0,46, 3,91, 21, 44, 101, 2,81, Off, Off, Off, Off, Off, Off, On, Off, Off, Off, Off, Lean
542.640, 862, 1,56, 83, 10, 0, 13,7, 0,46, 4,15, 21, 44, 101, 2,98, Off, Off, Off, Off, Off, Off, On, Off, Off, Off, Off, Lean
542.718, 862, 1,58, 83, 5, 0, 13,8, 0,46, 4,15, 20, 44, 101, 2,98, Off, Off, Off, Off, Off, Off, On, Off, Off, Off, Off, Lean
542.765, 900, 1,6, 83, 3, 0, 13,8, 0,46, 4,24, 20, 44, 101, 3,18, Off, Off, Off, Off, Off, Off, On, Off, Off, Off, Off, Lean
542.812, 925, 1,59, 83, 3, 0, 13,8, 0,46, 4,36, 21, 38, 101, 3,36, Off, Off, Off, Off, Off, Off, On, Off, Off, Off, Off, Lean
542.875, 1000, 1,56, 83, 25, 0, 13,8, 0,46, 4,36, 22, 38, 101, 3,63, Off, Off, Off, Off, Off, Off, On, Off, Off, Off, Off, Lean
542.921, 1025, 1,56, 83, 65, 0, 13,8, 0,48, 4,33, 23, 38, 101, 3,7, Off, Off, Off, Off, Off, Off, On, Off, Off, Off, Off, Lean
542.968, 1038, 1,54, 83, 65, 0, 13,8, 0,48, 4,13, 24, 38, 102, 3,57, Off, Off, Off, Off, Off, Off, On, Off, Off, Off, Off, Rich
543.031, 1050, 1,56, 83, 76, 0, 13,8, 0,48, 4,11, 24, 38, 102, 3,6, Off, Off, Off, Off, Off, Off, On, Off, Off, Off, Off, Rich
543.078, 1062, 1,57, 83, 79, 0, 13,8, 0,5, 4,03, 25, 38, 102, 3,57, Off, Off, Off, Off, Off, Off, On, Off, Off, Off, Off, Rich
543.140, 1088, 1,64, 83, 81, 0, 13,8, 0,52, 4,23, 25, 38, 102, 3,84, Off, Off, Off, Off, Off, Off, On, Off, Off, Off, Off, Rich
543.187, 1100, 1,7, 83, 82, 0, 13,8, 0,54, 4,36, 24, 38, 102, 4, Off, Off, Off, Off, Off, Off, On, Off, Off, Off, Off, Rich
543.250, 1112, 1,72, 83, 82, 0, 13,8, 0,56, 4,38, 25, 38, 102, 4,06, Off, Off, Off, Off, Off, Off, On, Off, Off, Off, Off, Rich
543.312, 1150, 1,8, 83, 83, 0, 13,8, 0,62, 4,73, 24, 38, 102, 4,53, Off, Off, Off, Off, Off, Off, On, Off, Off, Off, Off, Rich
543.359, 1188, 1,91, 83, 84, 0, 13,8, 0,66, 4,95, 23, 38, 102, 4,9, Off, Off, Off, Off, Off, Off, On, Off, Off, Off, Off, Rich
543.421, 1200, 2, 83, 84, 0, 13,8, 0,7, 5,26, 24, 38, 102, 5,26, Off, Off, Off, Off, Off, Off, On, Off, Off, Off, Off, Rich
543.468, 1250, 2,06, 83, 84, 0, 13,8, 0,74, 5,61, 24, 38, 102, 5,84, Off, Off, Off, Off, Off, Off, On, Off, Off, Off, Off, Rich
543.531, 1275, 2,1, 83, 83, 0, 13,8, 0,74, 5,87, 23, 38, 102, 6,24, Off, Off, Off, Off, Off, Off, On, Off, Off, Off, Off, Rich
543.593, 1388, 2,08, 83, 83, 0, 13,9, 0,74, 6,07, 23, 38, 102, 7,02, Off, Off, Off, Off, Off, Off, On, Off, Off, Off, Off, Rich
543.640, 1438, 2,1, 83, 82, 2, 13,8, 0,74, 6,07, 24, 38, 102, 7,27, Off, Off, Off, Off, Off, Off, On, Off, Off, Off, Off, Rich
543.703, 1475, 2,08, 83, 82, 2, 13,7, 0,74, 6,02, 24, 38, 102, 7,4, Off, Off, Off, Off, Off, Off, On, Off, Off, Off, Off, Rich
543.750, 1538, 2,08, 83, 83, 2, 13,8, 0,74, 5,77, 25, 38, 102, 7,4, Off, Off, Off, Off, Off, Off, On, Off, Off, Off, Off, Rich
543.796, 1562, 2,09, 83, 84, 2, 13,8, 0,74, 5,74, 25, 38, 102, 7,47, Off, Off, Off, Off, Off, Off, On, Off, Off, Off, Off, Rich
543.859, 1575, 2,1, 83, 84, 2, 13,8, 0,74, 5,57, 25, 38, 102, 7,31, Off, Off, Off, Off, Off, Off, On, Off, Off, Off, Off, Rich
543.921, 1588, 2,1, 83, 84, 2, 13,8, 0,74, 5,39, 25, 38, 102, 7,13, Off, Off, Off, Off, Off, Off, On, Off, Off, Off, Off, Rich
543.968, 1588, 2,1, 83, 84, 2, 13,8, 0,72, 5,32, 26, 38, 102, 7,04, Off, Off, Off, Off, Off, Off, On, Off, Off, Off, Off, Rich
544.031, 1575, 2,07, 83, 84, 2, 13,8, 0,72, 5,24, 26, 38, 102, 6,88, Off, Off, Off, Off, Off, Off, On, Off, Off, Off, Off, Rich
544.078, 1575, 2,02, 83, 83, 2, 13,8, 0,66, 4,99, 26, 38, 102, 6,55, Off, Off, Off, Off, Off, Off, On, Off, Off, Off, Off, Rich
544.140, 1575, 1,98, 83, 83, 2, 13,8, 0,66, 4,76, 27, 38, 102, 6,25, Off, Off, Off, Off, Off, Off, On, Off, Off, Off, Off, Rich
544.203, 1575, 1,95, 83, 83, 2, 13,8, 0,64, 4,72, 27, 38, 102, 6,19, Off, Off, Off, Off, Off, Off, On, Off, Off, Off, Off, Rich
544.250, 1538, 1,86, 83, 82, 2, 13,8, 0,58, 4,24, 28, 38, 102, 5,43, Off, Off, Off, Off, Off, Off, On, Off, Off, Off, Off, Rich
544.312, 1538, 1,75, 83, 81, 2, 13,8, 0,46, 3,6, 30, 38, 102, 4,61, Off, Off, Off, Off, Off, Off, On, Off, Off, Off, Off, Rich
544.359, 1488, 1,42, 83, 79, 8, 13,7, 0,34, 3,52, 29, 47, 102, 4,36, Off, Off, Off, Off, On, Off, On, Off, Off, Off, Off, Rich
544.421, 1438, 1,4, 83, 75, 8, 13,8, 0,34, 3,31, 25, 47, 102, 3,97, Off, Off, Off, Off, On, Off, On, Off, Off, Off, Off, Rich
544.468, 1362, 1,43, 83, 76, 8, 13,7, 0,34, 2,89, 21, 47, 102, 3,28, Off, Off, Off, Off, On, Off, On, Off, Off, Off, Off, Rich
544.515, 1325, 1,44, 83, 78, 8, 13,8, 0,34, 2,87, 18, 47, 102, 3,17, Off, Off, Off, Off, On, Off, On, Off, Off, Off, Off, Rich
544.578, 1275, 1,4, 83, 80, 8, 13,7, 0,34, 2,67, 15, 46, 102, 2,84, Off, Off, Off, Off, On, Off, On, Off, Off, Off, Off, Rich
544.625, 1212, 1,33, 83, 82, 8, 13,8, 0,34, 2,63, 14, 46, 102, 2,66, Off, Off, Off, Off, On, Off, On, Off, Off, Off, Off, Rich
544.671, 1225, 1,36, 83, 82, 8, 13,8, 0,34, 2,56, 13, 46, 102, 2,61, Off, Off, Off, Off, On, Off, On, Off, Off, Off, Off, Rich
544.718, 1200, 1,34, 83, 82, 8, 13,8, 0,34, 2,57, 13, 46, 102, 2,57, Off, Off, Off, Off, On, Off, On, Off, Off, Off, Off, Rich
544.765, 1162, 1,33, 83, 81, 8, 13,7, 0,34, 2,53, 13, 45, 102, 2,45, Off, Off, Off, Off, On, Off, On, Off, Off, Off, Off, Rich
544.812, 1162, 1,36, 83, 78, 8, 13,8, 0,34, 2,53, 13, 45, 102, 2,45, Off, Off, Off, Off, On, Off, On, Off, Off, Off, Off, Rich
544.890, 1162, 1,32, 83, 74, 8, 13,8, 0,34, 2,55, 13, 45, 102, 2,47, Off, Off, Off, Off, On, Off, On, Off, Off, Off, Off, Rich
544.937, 1150, 1,36, 83, 71, 8, 13,8, 0,34, 2,53, 13, 45, 102, 2,42, Off, Off, Off, Off, On, Off, On, Off, Off, Off, Off, Rich
545.000, 1162, 1,37, 83, 63, 8, 13,8, 0,34, 2,54, 13, 45, 102, 2,46, Off, Off, Off, Off, On, Off, On, Off, Off, Off, Off, Rich
545.046, 1162, 1,38, 83, 16, 10, 13,8, 0,34, 2,57, 13, 44, 102, 2,49, Off, Off, Off, Off, On, Off, On, Off, Off, Off, Off, Lean
545.093, 1150, 1,33, 83, 16, 10, 13,8, 0,34, 2,59, 11, 44, 102, 2,48, Off, Off, Off, Off, On, Off, On, Off, Off, Off, Off, Lean
545.156, 1162, 1,35, 83, 7, 10, 13,8, 0,34, 2,58, 8, 44, 102, 2,5, Off, Off, Off, Off, On, Off, On, Off, Off, Off, Off, Lean
545.203, 1150, 1,42, 83, 3, 10, 13,8, 0,4, 2,62, 4, 38, 102, 2,51, Off, Off, Off, Off, Off, Off, On, Off, Off, Off, Off, Lean
545.250, 1112, 1,5, 83, 3, 10, 13,8, 0,46, 2,76, 12, 38, 102, 2,56, Off, Off, Off, Off, Off, Off, On, Off, Off, Off, Off, Lean
545.312, 1150, 1,56, 83, 1, 10, 13,8, 0,46, 2,95, 28, 38, 102, 2,83, Off, Off, Off, Off, Off, Off, On, Off, Off, Off, Off, Lean
545.343, 1200, 1,59, 83, 1, 10, 13,8, 0,5, 3,16, 29, 38, 102, 3,16, Off, Off, Off, Off, Off, Off, On, Off, Off, Off, Off, Lean
545.406, 1212, 1,72, 83, 1, 10, 13,8, 0,54, 3,56, 27, 38, 102, 3,6, Off, Off, Off, Off, Off, Off, On, Off, Off, Off, Off, Lean
545.468, 1225, 1,73, 83, 0, 10, 13,8, 0,54, 3,65, 30, 38, 102, 3,73, Off, Off, Off, Off, Off, Off, On, Off, Off, Off, Off, Lean
545.531, 1262, 1,74, 83, 1, 10, 13,8, 0,54, 3,75, 30, 38, 102, 3,94, Off, Off, Off, Off, Off, Off, On, Off, Off, Off, Off, Lean
545.578, 1275, 1,74, 83, 1, 10, 13,8, 0,54, 3,82, 29, 38, 102, 4,06, Off, Off, Off, Off, Off, Off, On, Off, Off, Off, Off, Lean
545.625, 1300, 1,75, 83, 11, 10, 13,8, 0,54, 3,85, 30, 38, 102, 4,17, Off, Off, Off, Off, Off, Off, On, Off, Off, Off, Off, Lean
545.671, 1300, 1,75, 83, 42, 10, 13,8, 0,54, 3,89, 30, 38, 102, 4,21, Off, Off, Off, Off, Off, Off, On, Off, Off, Off, Off, Lean
545.718, 1312, 1,74, 83, 66, 10, 13,8, 0,54, 3,8, 30, 38, 100, 4,15, Off, Off, Off, Off, Off, Off, On, Off, Off, Off, Off, Rich
545.781, 1350, 1,75, 83, 77, 12, 13,8, 0,54, 3,8, 30, 38, 100, 4,28, Off, Off, Off, Off, Off, Off, On, Off, Off, Off, Off, Rich
545.828, 1350, 1,75, 83, 77, 12, 13,7, 0,54, 3,79, 30, 38, 100, 4,26, Off, Off, Off, Off, Off, Off, On, Off, Off, Off, Off, Rich
545.890, 1350, 1,75, 83, 79, 12, 13,7, 0,54, 3,77, 30, 38, 100, 4,24, Off, Off, Off, Off, Off, Off, On, Off, Off, Off, Off, Rich
545.937, 1362, 1,75, 83, 79, 12, 13,8, 0,54, 3,73, 30, 38, 100, 4,23, Off, Off, Off, Off, Off, Off, On, Off, Off, Off, Off, Rich
546.000, 1388, 1,76, 83, 79, 12, 13,8, 0,54, 3,69, 30, 38, 100, 4,27, Off, Off, Off, Off, Off, Off, On, Off, Off, Off, Off, Rich
546.062, 1412, 1,76, 83, 79, 12, 13,8, 0,54, 3,67, 30, 38, 100, 4,32, Off, Off, Off, Off, Off, Off, On, Off, Off, Off, Off, Rich
546.125, 1388, 1,75, 83, 77, 12, 13,8, 0,54, 3,64, 30, 38, 100, 4,21, Off, Off, Off, Off, Off, Off, On, Off, Off, Off, Off, Rich
546.187, 1412, 1,75, 83, 76, 12, 13,8, 0,54, 3,6, 31, 38, 100, 4,24, Off, Off, Off, Off, Off, Off, On, Off, Off, Off, Off, Rich
546.250, 1412, 1,75, 83, 75, 12, 13,8, 0,54, 3,58, 31, 38, 100, 4,21, Off, Off, Off, Off, Off, Off, On, Off, Off, Off, Off, Rich
546.312, 1425, 1,76, 83, 72, 12, 13,8, 0,54, 3,55, 31, 38, 100, 4,22, Off, Off, Off, Off, Off, Off, On, Off, Off, Off, Off, Rich
546.359, 1425, 1,77, 83, 72, 12, 13,8, 0,54, 3,54, 31, 38, 100, 4,2, Off, Off, Off, Off, Off, Off, On, Off, Off, Off, Off, Rich
546.421, 1438, 1,74, 83, 71, 12, 13,8, 0,54, 3,52, 31, 38, 100, 4,22, Off, Off, Off, Off, Off, Off, On, Off, Off, Off, Off, Rich
546.468, 1438, 1,76, 83, 60, 10, 13,8, 0,54, 3,5, 31, 38, 100, 4,19, Off, Off, Off, Off, Off, Off, On, Off, Off, Off, Off, Rich
546.515, 1438, 1,76, 83, 43, 10, 13,7, 0,54, 3,48, 31, 38, 100, 4,17, Off, Off, Off, Off, Off, Off, On, Off, Off, Off, Off, Rich
546.562, 1462, 1,76, 83, 29, 10, 13,8, 0,54, 3,47, 31, 38, 99, 4,23, Off, Off, Off, Off, Off, Off, On, Off, Off, Off, Off, Lean
546.625, 1475, 1,74, 83, 16, 10, 13,8, 0,54, 3,54, 31, 38, 99, 4,35, Off, Off, Off, Off, Off, Off, On, Off, Off, Off, Off, Lean
546.671, 1475, 1,78, 83, 6, 10, 13,8, 0,54, 3,55, 31, 38, 99, 4,36, Off, Off, Off, Off, Off, Off, On, Off, Off, Off, Off, Lean
546.734, 1475, 1,76, 83, 4, 10, 13,7, 0,54, 3,55, 31, 38, 99, 4,36, Off, Off, Off, Off, Off, Off, On, Off, Off, Off, Off, Lean
546.781, 1488, 1,76, 83, 2, 10, 13,8, 0,54, 3,52, 31, 38, 99, 4,36, Off, Off, Off, Off, Off, Off, On, Off, Off, Off, Off, Lean
546.828, 1488, 1,76, 83, 2, 10, 13,8, 0,54, 3,53, 31, 38, 99, 4,38, Off, Off, Off, Off, Off, Off, On, Off, Off, Off, Off, Lean
546.875, 1512, 1,76, 83, 2, 10, 13,8, 0,54, 3,53, 31, 38, 99, 4,45, Off, Off, Off, Off, Off, Off, On, Off, Off, Off, Off, Lean
546.921, 1475, 1,77, 83, 3, 10, 13,7, 0,56, 3,54, 31, 38, 99, 4,35, Off, Off, Off, Off, Off, Off, On, Off, Off, Off, Off, Lean
546.984, 1488, 1,8, 83, 3, 10, 13,8, 0,58, 3,73, 31, 38, 99, 4,63, Off, Off, Off, Off, Off, Off, On, Off, Off, Off, Off, Lean
547.031, 1488, 1,82, 83, 4, 10, 13,8, 0,58, 3,73, 31, 38, 99, 4,63, Off, Off, Off, Off, Off, Off, On, Off, Off, Off, Off, Lean
547.078, 1475, 1,83, 83, 4, 10, 13,8, 0,58, 3,77, 31, 38, 99, 4,63, Off, Off, Off, Off, Off, Off, On, Off, Off, Off, Off, Lean
547.125, 1438, 1,84, 83, 4, 10, 13,7, 0,58, 3,8, 30, 38, 99, 4,55, Off, Off, Off, Off, Off, Off, On, Off, Off, Off, Off, Lean
547.171, 1412, 1,84, 83, 5, 14, 13,8, 0,58, 3,88, 30, 38, 99, 4,57, Off, Off, Off, Off, Off, Off, On, Off, Off, Off, Off, Lean
547.218, 1362, 1,84, 83, 5, 14, 13,8, 0,58, 3,93, 30, 38, 99, 4,46, Off, Off, Off, Off, Off, Off, On, Off, Off, Off, Off, Lean
547.281, 1325, 1,83, 83, 5, 14, 13,8, 0,58, 3,98, 29, 38, 99, 4,39, Off, Off, Off, Off, Off, Off, On, Off, Off, Off, Off, Lean
547.343, 1312, 1,84, 83, 10, 14, 13,8, 0,58, 4,08, 29, 38, 99, 4,46, Off, Off, Off, Off, Off, Off, On, Off, Off, Off, Off, Lean
547.390, 1300, 1,86, 83, 20, 14, 13,8, 0,58, 4,14, 29, 38, 99, 4,48, Off, Off, Off, Off, Off, Off, On, Off, Off, Off, Off, Lean
547.453, 1312, 1,82, 83, 30, 14, 13,8, 0,58, 4,23, 29, 38, 99, 4,62, Off, Off, Off, Off, Off, Off, On, Off, Off, Off, Off, Lean
547.500, 1312, 1,82, 83, 41, 14, 13,8, 0,58, 4,28, 28, 38, 99, 4,68, Off, Off, Off, Off, Off, Off, On, Off, Off, Off, Off, Lean
547.562, 1325, 1,84, 83, 46, 14, 13,8, 0,58, 4,32, 28, 38, 99, 4,77, Off, Off, Off, Off, Off, Off, On, Off, Off, Off, Off, Lean
547.609, 1325, 1,84, 83, 45, 14, 13,7, 0,58, 4,36, 28, 38, 99, 4,81, Off, Off, Off, Off, Off, Off, On, Off, Off, Off, Off, Lean
547.687, 1325, 1,82, 83, 46, 14, 13,8, 0,58, 4,4, 28, 38, 99, 4,86, Off, Off, Off, Off, Off, Off, On, Off, Off, Off, Off, Lean
547.718, 1350, 1,82, 83, 52, 14, 13,8, 0,58, 4,26, 28, 38, 99, 4,79, Off, Off, Off, Off, Off, Off, On, Off, Off, Off, Off, Rich
547.781, 1362, 1,84, 83, 68, 14, 13,8, 0,58, 4,25, 28, 38, 99, 4,82, Off, Off, Off, Off, Off, Off, On, Off, Off, Off, Off, Rich
547.843, 1362, 1,84, 83, 73, 14, 13,8, 0,58, 4,24, 28, 38, 99, 4,81, Off, Off, Off, Off, Off, Off, On, Off, Off, Off, Off, Rich
547.890, 1362, 1,82, 83, 76, 14, 13,8, 0,58, 4,19, 28, 38, 99, 4,76, Off, Off, Off, Off, Off, Off, On, Off, Off, Off, Off, Rich
547.953, 1362, 1,81, 83, 77, 14, 13,7, 0,58, 4,17, 28, 38, 99, 4,73, Off, Off, Off, Off, Off, Off, On, Off, Off, Off, Off, Rich
548.000, 1362, 1,84, 83, 78, 14, 13,8, 0,58, 4,13, 28, 38, 99, 4,69, Off, Off, Off, Off, Off, Off, On, Off, Off, Off, Off, Rich
548.062, 1362, 1,83, 83, 77, 14, 13,8, 0,58, 4,1, 28, 38, 99, 4,65, Off, Off, Off, Off, Off, Off, On, Off, Off, Off, Off, Rich
548.109, 1350, 1,81, 83, 76, 14, 13,8, 0,58, 4,09, 29, 38, 99, 4,6, Off, Off, Off, Off, Off, Off, On, Off, Off, Off, Off, Rich
548.156, 1362, 1,81, 83, 75, 14, 13,8, 0,58, 4,07, 29, 38, 99, 4,62, Off, Off, Off, Off, Off, Off, On, Off, Off, Off, Off, Rich
548.218, 1362, 1,81, 83, 74, 14, 13,8, 0,58, 4,06, 29, 38, 99, 4,61, Off, Off, Off, Off, Off, Off, On, Off, Off, Off, Off, Rich
548.265, 1375, 1,83, 83, 72, 14, 13,8, 0,58, 4,03, 29, 38, 99, 4,62, Off, Off, Off, Off, Off, Off, On, Off, Off, Off, Off, Rich
548.312, 1362, 1,84, 83, 71, 14, 13,8, 0,58, 4,01, 29, 38, 99, 4,55, Off, Off, Off, Off, Off, Off, On, Off, Off, Off, Off, Rich
548.390, 1362, 1,82, 83, 70, 14, 13,8, 0,58, 4, 29, 38, 99, 4,54, Off, Off, Off, Off, Off, Off, On, Off, Off, Off, Off, Rich
548.453, 1362, 1,8, 83, 66, 14, 13,7, 0,58, 4, 29, 38, 99, 4,54, Off, Off, Off, Off, Off, Off, On, Off, Off, Off, Off, Rich
548.500, 1362, 1,77, 83, 37, 14, 13,8, 0,54, 3,86, 29, 38, 100, 4,38, Off, Off, Off, Off, Off, Off, On, Off, Off, Off, Off, Lean
548.546, 1362, 1,77, 83, 23, 14, 13,8, 0,54, 4,01, 29, 38, 100, 4,55, Off, Off, Off, Off, Off, Off, On, Off, Off, Off, Off, Lean
548.593, 1375, 1,77, 83, 13, 16, 13,8, 0,54, 3,96, 29, 38, 100, 4,54, Off, Off, Off, Off, Off, Off, On, Off, Off, Off, Off, Lean
548.640, 1350, 1,76, 83, 8, 16, 13,7, 0,54, 3,95, 30, 38, 100, 4,44, Off, Off, Off, Off, Off, Off, On, Off, Off, Off, Off, Lean
548.687, 1350, 1,74, 83, 6, 16, 13,7, 0,54, 3,89, 30, 38, 100, 4,38, Off, Off, Off, Off, Off, Off, On, Off, Off, Off, Off, Lean
548.750, 1325, 1,73, 83, 6, 16, 13,8, 0,54, 3,9, 30, 38, 100, 4,31, Off, Off, Off, Off, Off, Off, On, Off, Off, Off, Off, Lean
548.796, 1350, 1,72, 83, 8, 16, 13,8, 0,5, 3,81, 30, 38, 100, 4,29, Off, Off, Off, Off, Off, Off, On, Off, Off, Off, Off, Lean
548.843, 1350, 1,68, 83, 25, 16, 13,8, 0,5, 3,66, 30, 38, 100, 4,12, Off, Off, Off, Off, Off, Off, On, Off, Off, Off, Off, Lean
548.906, 1325, 1,66, 83, 50, 16, 13,8, 0,5, 3,68, 30, 38, 100, 4,06, Off, Off, Off, Off, Off, Off, On, Off, Off, Off, Off, Lean
548.953, 1312, 1,56, 83, 64, 16, 13,8, 0,44, 3,4, 31, 38, 100, 3,72, Off, Off, Off, Off, Off, Off, On, Off, Off, Off, Off, Rich
549.000, 1312, 1,47, 83, 71, 16, 13,8, 0,4, 3,27, 32, 38, 100, 3,58, Off, Off, Off, Off, Off, Off, On, Off, Off, Off, Off, Rich
549.078, 1262, 1,43, 83, 77, 16, 13,8, 0,34, 3,02, 29, 47, 100, 3,18, Off, Off, Off, Off, On, Off, On, Off, Off, Off, Off, Rich
549.125, 1225, 1,43, 83, 79, 16, 13,8, 0,34, 2,88, 26, 47, 100, 2,94, Off, Off, Off, Off, On, Off, On, Off, Off, Off, Off, Rich
549.187, 1200, 1,41, 83, 80, 16, 13,7, 0,34, 2,83, 22, 47, 100, 2,83, Off, Off, Off, Off, On, Off, On, Off, Off, Off, Off, Rich
549.234, 1200, 1,42, 83, 81, 16, 13,8, 0,34, 2,75, 19, 47, 100, 2,75, Off, Off, Off, Off, On, Off, On, Off, Off, Off, Off, Rich
549.281, 1150, 1,42, 83, 81, 16, 13,8, 0,34, 2,76, 17, 46, 100, 2,64, Off, Off, Off, Off, On, Off, On, Off, Off, Off, Off, Rich
549.328, 1138, 1,41, 83, 81, 18, 13,8, 0,34, 2,73, 14, 46, 100, 2,59, Off, Off, Off, Off, On, Off, On, Off, Off, Off, Off, Rich
549.375, 1112, 1,4, 83, 81, 18, 13,8, 0,34, 2,71, 13, 46, 100, 2,51, Off, Off, Off, Off, On, Off, On, Off, Off, Off, Off, Rich
549.421, 1100, 1,4, 83, 81, 18, 13,8, 0,34, 2,69, 13, 46, 100, 2,47, Off, Off, Off, Off, On, Off, On, Off, Off, Off, Off, Rich
549.484, 1088, 1,4, 83, 81, 18, 13,8, 0,34, 2,69, 13, 45, 100, 2,44, Off, Off, Off, Off, On, Off, On, Off, Off, Off, Off, Rich
549.531, 1062, 1,4, 83, 80, 18, 13,8, 0,34, 2,68, 13, 45, 100, 2,37, Off, Off, Off, Off, On, Off, On, Off, Off, Off, Off, Rich
549.593, 1050, 1,38, 83, 80, 18, 13,8, 0,34, 2,69, 13, 45, 100, 2,35, Off, Off, Off, Off, On, Off, On, Off, Off, Off, Off, Rich
549.640, 1062, 1,39, 83, 79, 18, 13,8, 0,34, 2,68, 13, 45, 100, 2,37, Off, Off, Off, Off, On, Off, On, Off, Off, Off, Off, Rich
549.671, 1062, 1,38, 83, 79, 18, 13,8, 0,34, 2,68, 13, 45, 100, 2,37, Off, Off, Off, Off, On, Off, On, Off, Off, Off, Off, Rich
549.750, 1050, 1,38, 83, 78, 18, 13,8, 0,34, 2,69, 13, 44, 100, 2,35, Off, Off, Off, Off, On, Off, On, Off, Off, Off, Off, Rich
549.812, 1062, 1,36, 83, 75, 18, 13,8, 0,34, 2,7, 13, 44, 100, 2,39, Off, Off, Off, Off, On, Off, On, Off, Off, Off, Off, Rich
549.859, 1050, 1,36, 83, 74, 18, 13,7, 0,34, 2,68, 13, 44, 100, 2,35, Off, Off, Off, Off, On, Off, On, Off, Off, Off, Off, Rich
549.921, 1038, 1,36, 83, 72, 18, 13,7, 0,34, 2,7, 13, 44, 100, 2,34, Off, Off, Off, Off, On, Off, On, Off, Off, Off, Off, Rich
549.968, 1038, 1,36, 83, 71, 18, 13,7, 0,34, 2,66, 13, 44, 100, 2,3, Off, Off, Off, Off, On, Off, On, Off, Off, Off, Off, Rich
550.031, 1038, 1,35, 83, 69, 16, 13,7, 0,34, 2,67, 13, 43, 100, 2,31, Off, Off, Off, Off, On, Off, On, Off, Off, Off, Off, Rich
550.078, 1038, 1,34, 83, 63, 16, 13,7, 0,34, 2,65, 13, 43, 100, 2,29, Off, Off, Off, Off, On, Off, On, Off, Off, Off, Off, Rich
550.125, 1038, 1,34, 83, 41, 16, 13,7, 0,34, 2,65, 13, 43, 100, 2,29, Off, Off, Off, Off, On, Off, On, Off, Off, Off, Off, Lean
550.187, 1050, 1,34, 83, 18, 16, 13,7, 0,34, 2,69, 13, 42, 100, 2,35, Off, Off, Off, Off, On, Off, On, Off, Off, Off, Off, Lean
550.234, 1038, 1,34, 83, 7, 16, 13,7, 0,34, 2,68, 13, 42, 100, 2,32, Off, Off, Off, Off, On, Off, On, Off, Off, Off, Off, Lean
550.281, 1025, 1,34, 83, 4, 16, 13,7, 0,34, 2,68, 13, 42, 100, 2,29, Off, Off, Off, Off, On, Off, On, Off, Off, Off, Off, Lean
550.343, 1038, 1,34, 83, 2, 16, 13,7, 0,34, 2,7, 13, 42, 100, 2,34, Off, Off, Off, Off, On, Off, On, Off, Off, Off, Off, Lean
550.390, 1025, 1,33, 83, 1, 16, 13,8, 0,34, 2,69, 13, 42, 100, 2,3, Off, Off, Off, Off, On, Off, On, Off, Off, Off, Off, Lean
550.468, 988, 1,33, 83, 0, 16, 13,7, 0,34, 2,69, 13, 42, 100, 2,21, Off, Off, Off, Off, On, Off, On, Off, Off, Off, Off, Lean
550.515, 988, 1,33, 83, 0, 16, 13,6, 0,34, 2,69, 13, 42, 100, 2,21, Off, Off, Off, Off, On, Off, On, Off, Off, Off, Off, Lean
550.562, 988, 1,34, 83, 0, 16, 13,5, 0,34, 2,69, 13, 41, 100, 2,21, Off, Off, Off, Off, On, Off, On, Off, Off, Off, Off, Lean
550.625, 975, 1,32, 83, 0, 16, 13,7, 0,34, 2,69, 13, 41, 100, 2,19, Off, Off, Off, Off, On, Off, On, Off, Off, Off, Off, Lean
550.671, 950, 1,32, 83, 0, 16, 13,7, 0,34, 2,7, 13, 41, 100, 2,14, Off, Off, Off, Off, On, Off, On, Off, Off, Off, Off, Lean
550.718, 950, 1,32, 83, 0, 16, 13,7, 0,34, 2,7, 13, 41, 100, 2,14, Off, Off, Off, Off, On, Off, On, Off, Off, Off, Off, Lean
550.765, 938, 1,32, 83, 0, 16, 13,6, 0,34, 2,7, 13, 41, 100, 2,11, Off, Off, Off, Off, On, Off, On, Off, Off, Off, Off, Lean
550.812, 938, 1,32, 83, 0, 16, 13,7, 0,34, 2,71, 13, 41, 100, 2,12, Off, Off, Off, Off, On, Off, On, Off, Off, Off, Off, Lean
550.859, 925, 1,31, 83, 0, 16, 13,7, 0,34, 2,74, 13, 40, 100, 2,11, Off, Off, Off, Off, On, Off, On, Off, Off, Off, Off, Lean
550.921, 938, 1,3, 83, 0, 16, 13,7, 0,34, 2,76, 13, 40, 100, 2,16, Off, Off, Off, Off, On, Off, On, Off, Off, Off, Off, Lean
550.968, 925, 1,3, 83, 0, 16, 13,4, 0,34, 2,76, 13, 40, 100, 2,13, Off, Off, Off, Off, On, Off, On, Off, Off, Off, Off, Lean
551.031, 900, 1,3, 83, 0, 16, 13,7, 0,34, 2,76, 13, 40, 100, 2,07, Off, Off, Off, Off, On, Off, On, Off, Off, Off, Off, Lean
551.078, 888, 1,3, 83, 1, 16, 13,6, 0,34, 2,79, 13, 40, 100, 2,06, Off, Off, Off, Off, On, Off, On, Off, Off, Off, Off, Lean
551.140, 888, 1,3, 83, 1, 16, 13,6, 0,34, 2,78, 13, 39, 100, 2,06, Off, Off, Off, Off, On, Off, On, Off, Off, Off, Off, Lean
551.187, 862, 1,29, 83, 1, 16, 13,7, 0,34, 2,8, 13, 39, 100, 2,01, Off, Off, Off, Off, On, Off, On, Off, Off, Off, Off, Lean
551.234, 875, 1,29, 83, 2, 16, 13,5, 0,34, 2,81, 13, 39, 100, 2,05, Off, Off, Off, Off, On, Off, On, Off, Off, Off, Off, Lean
551.281, 862, 1,28, 83, 3, 16, 13,7, 0,34, 2,84, 13, 38, 100, 2,04, Off, Off, Off, Off, On, Off, On, Off, Off, Off, Off, Lean
551.343, 862, 1,28, 83, 3, 16, 13,8, 0,34, 2,83, 13, 38, 100, 2,03, Off, Off, Off, Off, On, Off, On, Off, Off, Off, Off, Lean
551.390, 838, 1,28, 83, 4, 14, 13,7, 0,34, 2,83, 13, 38, 100, 1,98, Off, Off, Off, Off, On, Off, On, Off, Off, Off, Off, Lean
551.453, 862, 1,28, 83, 26, 14, 13,7, 0,34, 2,84, 13, 38, 100, 2,04, Off, Off, Off, Off, On, Off, On, Off, Off, Off, Off, Lean
551.500, 838, 1,28, 83, 60, 14, 13,7, 0,34, 2,86, 13, 38, 99, 2, Off, Off, Off, Off, On, Off, On, Off, Off, Off, Off, Rich
551.546, 838, 1,28, 83, 60, 14, 13,6, 0,34, 2,81, 13, 38, 99, 1,96, Off, Off, Off, Off, On, Off, On, Off, Off, Off, Off, Rich
551.609, 812, 1,28, 83, 74, 14, 13,7, 0,34, 2,83, 13, 38, 99, 1,91, Off, Off, Off, Off, On, Off, On, Off, Off, Off, Off, Rich
551.656, 812, 1,27, 83, 78, 14, 13,8, 0,34, 2,85, 13, 38, 99, 1,93, Off, Off, Off, Off, On, Off, On, Off, Off, Off, Off, Rich
551.703, 812, 1,28, 83, 79, 14, 13,7, 0,34, 2,84, 13, 38, 99, 1,92, Off, Off, Off, Off, On, Off, On, Off, Off, Off, Off, Rich
551.765, 812, 1,28, 83, 79, 14, 13,7, 0,34, 2,84, 13, 38, 99, 1,92, Off, Off, Off, Off, On, Off, On, Off, Off, Off, Off, Rich
551.828, 812, 1,27, 83, 79, 14, 13,6, 0,34, 2,85, 13, 38, 99, 1,93, Off, Off, Off, Off, On, Off, On, Off, Off, Off, Off, Rich
551.875, 775, 1,28, 83, 79, 14, 13,7, 0,34, 2,88, 13, 38, 99, 1,86, Off, Off, Off, Off, On, Off, On, Off, Off, Off, Off, Rich
551.921, 775, 1,28, 83, 79, 14, 13,7, 0,34, 2,89, 13, 38, 99, 1,87, Off, Off, Off, Off, On, Off, On, Off, Off, Off, Off, Rich
551.984, 775, 1,28, 83, 76, 14, 13,7, 0,34, 2,89, 13, 38, 99, 1,87, Off, Off, Off, Off, On, Off, On, Off, Off, Off, Off, Rich
552.031, 812, 1,28, 83, 74, 14, 13,6, 0,34, 2,9, 13, 38, 99, 1,96, Off, Off, Off, Off, On, Off, On, Off, Off, Off, Off, Rich
552.062, 775, 1,28, 83, 72, 14, 13,8, 0,34, 2,92, 13, 38, 99, 1,89, Off, Off, Off, Off, On, Off, On, Off, Off, Off, Off, Rich
552.140, 775, 1,27, 83, 72, 10, 13,7, 0,34, 2,93, 12, 38, 99, 1,89, Off, Off, Off, Off, On, Off, On, Off, Off, Off, Off, Rich
552.187, 775, 1,27, 83, 71, 10, 13,7, 0,34, 2,93, 10, 38, 99, 1,89, Off, Off, Off, Off, On, Off, On, Off, Off, Off, Off, Rich
552.250, 762, 1,28, 83, 65, 10, 13,7, 0,34, 2,95, 8, 38, 99, 1,87, Off, Off, Off, Off, On, Off, On, Off, Off, Off, Off, Rich
552.296, 775, 1,28, 83, 54, 10, 13,7, 0,34, 2,98, 5, 38, 99, 1,92, Off, Off, Off, Off, On, Off, On, Off, Off, Off, Off, Rich
552.343, 738, 1,27, 83, 54, 10, 13,7, 0,34, 2,97, 4, 38, 99, 1,83, Off, Off, Off, Off, On, Off, On, Off, Off, Off, Off, Rich
552.406, 738, 1,28, 83, 39, 10, 13,7, 0,34, 2,99, 3, 38, 99, 1,84, Off, Off, Off, Off, On, Off, On, Off, Off, Off, Off, Rich
552.453, 738, 1,28, 83, 39, 10, 13,5, 0,34, 3,05, 3, 38, 100, 1,88, Off, Off, Off, Off, On, Off, On, Off, Off, Off, Off, Lean
552.500, 712, 1,27, 83, 25, 10, 13,7, 0,34, 3,07, 5, 38, 100, 1,82, Off, Off, Off, Off, On, Off, On, Off, Off, Off, Off, Lean
552.578, 725, 1,27, 83, 17, 10, 13,7, 0,34, 3,14, 3, 38, 100, 1,9, Off, Off, Off, Off, On, Off, On, Off, Off, Off, Off, Lean
552.625, 725, 1,27, 83, 17, 10, 13,8, 0,34, 3,17, 6, 38, 100, 1,92, Off, Off, Off, Off, On, Off, On, Off, Off, Off, Off, Lean
552.671, 762, 1,26, 83, 11, 10, 13,6, 0,34, 3,19, 5, 38, 100, 2,03, Off, Off, Off, Off, On, Off, On, Off, Off, Off, Off, Lean
552.718, 762, 1,28, 83, 11, 10, 13,6, 0,34, 3,19, 4, 38, 100, 2,03, Off, Off, Off, Off, On, Off, On, Off, Off, Off, Off, Lean
552.765, 738, 1,26, 83, 7, 10, 13,7, 0,34, 3,21, 3, 38, 100, 1,97, Off, Off, Off, Off, On, Off, On, Off, Off, Off, Off, Lean
552.812, 762, 1,27, 83, 7, 8, 13,7, 0,34, 3,22, 3, 38, 100, 2,04, Off, Off, Off, Off, On, Off, On, Off, Off, Off, Off, Lean
552.875, 762, 1,27, 83, 7, 8, 13,7, 0,34, 3,22, 3, 38, 100, 2,04, Off, Off, Off, Off, On, Off, On, Off, Off, Off, Off, Lean
552.921, 775, 1,26, 83, 8, 8, 13,7, 0,34, 3,22, 3, 38, 100, 2,08, Off, Off, Off, Off, On, Off, On, Off, Off, Off, Off, Lean
552.968, 788, 1,27, 83, 48, 8, 13,6, 0,34, 3,22, 3, 38, 100, 2,11, Off, Off, Off, Off, On, Off, On, Off, Off, Off, Off, Lean
553.031, 788, 1,27, 83, 72, 8, 13,7, 0,34, 3,14, 3, 38, 100, 2,06, Off, Off, Off, Off, On, Off, On, Off, Off, Off, Off, Rich
553.078, 788, 1,26, 83, 72, 8, 13,7, 0,34, 3,12, 3, 38, 100, 2,05, Off, Off, Off, Off, On, Off, On, Off, Off, Off, Off, Rich
553.140, 812, 1,26, 83, 78, 8, 13,7, 0,34, 3,11, 3, 38, 100, 2,1, Off, Off, Off, Off, On, Off, On, Off, Off, Off, Off, Rich
553.187, 812, 1,27, 83, 80, 8, 13,6, 0,34, 3,11, 3, 38, 100, 2,1, Off, Off, Off, Off, On, Off, On, Off, Off, Off, Off, Rich
553.250, 788, 1,28, 83, 81, 8, 13,7, 0,34, 3,09, 3, 38, 100, 2,03, Off, Off, Off, Off, On, Off, On, Off, Off, Off, Off, Rich
553.312, 775, 1,27, 83, 81, 8, 13,7, 0,34, 3,09, 3, 38, 100, 2, Off, Off, Off, Off, On, Off, On, Off, Off, Off, Off, Rich
553.359, 788, 1,26, 83, 83, 8, 13,7, 0,34, 3,08, 3, 38, 100, 2,02, Off, Off, Off, Off, On, Off, On, Off, Off, Off, Off, Rich
553.406, 775, 1,27, 83, 83, 8, 13,8, 0,34, 3,07, 3, 38, 100, 1,98, Off, Off, Off, Off, On, Off, On, Off, Off, Off, Off, Rich
553.468, 775, 1,27, 83, 83, 8, 13,7, 0,34, 3,06, 3, 38, 100, 1,98, Off, Off, Off, Off, On, Off, On, Off, Off, Off, Off, Rich
553.515, 788, 1,26, 83, 83, 6, 13,7, 0,34, 3,06, 3, 38, 100, 2,01, Off, Off, Off, Off, On, Off, On, Off, Off, Off, Off, Rich
553.578, 775, 1,27, 83, 83, 6, 13,7, 0,34, 3,06, 3, 38, 100, 1,98, Off, Off, Off, Off, On, Off, On, Off, Off, Off, Off, Rich
553.625, 762, 1,27, 83, 83, 6, 13,6, 0,34, 3,07, 3, 38, 100, 1,95, Off, Off, Off, Off, On, Off, On, Off, Off, Off, Off, Rich
553.671, 762, 1,26, 83, 83, 6, 13,7, 0,34, 3,06, 3, 38, 100, 1,94, Off, Off, Off, Off, On, Off, On, Off, Off, Off, Off, Rich
553.734, 762, 1,27, 83, 83, 6, 13,7, 0,34, 3,06, 3, 38, 100, 1,94, Off, Off, Off, Off, On, Off, On, Off, Off, Off, Off, Rich
553.796, 775, 1,28, 83, 82, 6, 13,6, 0,34, 3,07, 3, 38, 100, 1,98, Off, Off, Off, Off, On, Off, On, Off, Off, Off, Off, Rich
553.843, 738, 1,27, 83, 82, 6, 13,7, 0,34, 3,06, 3, 38, 100, 1,88, Off, Off, Off, Off, On, Off, On, Off, Off, Off, Off, Rich
553.890, 738, 1,26, 83, 82, 6, 13,7, 0,34, 3,09, 3, 38, 100, 1,9, Off, Off, Off, Off, On, Off, On, Off, Off, Off, Off, Rich
553.968, 762, 1,27, 83, 82, 6, 13,6, 0,34, 3,08, 3, 38, 100, 1,96, Off, Off, Off, Off, On, Off, On, Off, Off, Off, Off, Rich
554.015, 725, 1,27, 83, 81, 6, 13,7, 0,34, 3,1, 3, 38, 100, 1,87, Off, Off, Off, Off, On, Off, On, Off, Off, Off, Off, Rich
554.046, 738, 1,27, 83, 81, 6, 13,7, 0,34, 3,13, 3, 38, 100, 1,92, Off, Off, Off, Off, On, Off, On, Off, Off, Off, Off, Rich
554.109, 738, 1,27, 83, 79, 6, 13,6, 0,34, 3,12, 3, 38, 100, 1,92, Off, Off, Off, Off, On, Off, On, Off, Off, Off, Off, Rich
554.156, 738, 1,26, 83, 79, 6, 13,7, 0,34, 3,06, 3, 38, 100, 1,88, Off, Off, Off, Off, On, Off, On, Off, Off, Off, Off, Rich
554.218, 762, 1,26, 83, 80, 6, 13,6, 0,34, 3,13, 3, 38, 100, 1,99, Off, Off, Off, Off, On, Off, On, Off, Off, Off, Off, Rich
554.265, 738, 1,27, 83, 80, 6, 13,7, 0,34, 3,09, 3, 38, 100, 1,9, Off, Off, Off, Off, On, Off, On, Off, Off, Off, Off, Rich
554.312, 762, 1,26, 83, 80, 6, 13,6, 0,34, 3,06, 3, 38, 100, 1,94, Off, Off, Off, Off, On, Off, On, Off, Off, Off, Off, Rich
554.375, 762, 1,26, 83, 80, 6, 13,7, 0,34, 3,08, 3, 38, 100, 1,96, Off, Off, Off, Off, On, Off, On, Off, Off, Off, Off, Rich
554.437, 725, 1,27, 83, 80, 6, 13,7, 0,34, 3,09, 3, 38, 100, 1,87, Off, Off, Off, Off, On, Off, On, Off, Off, Off, Off, Rich
554.484, 738, 1,26, 83, 80, 6, 13,7, 0,34, 3,05, 3, 38, 100, 1,88, Off, Off, Off, Off, On, Off, On, Off, Off, Off, Off, Rich
554.531, 738, 1,26, 83, 79, 6, 13,7, 0,34, 3,08, 3, 38, 100, 1,89, Off, Off, Off, Off, On, Off, On, Off, Off, Off, Off, Rich
554.593, 725, 1,27, 83, 80, 6, 13,7, 0,34, 3,11, 3, 38, 100, 1,88, Off, Off, Off, Off, On, Off, On, Off, Off, Off, Off, Rich
554.656, 738, 1,26, 83, 80, 6, 13,7, 0,34, 3,04, 3, 38, 100, 1,87, Off, Off, Off, Off, On, Off, On, Off, Off, Off, Off, Rich
554.718, 725, 1,25, 83, 80, 6, 13,7, 0,34, 3,07, 3, 38, 100, 1,85, Off, Off, Off, Off, On, Off, On, Off, Off, Off, Off, Rich
554.781, 738, 1,25, 83, 79, 6, 13,6, 0,34, 3,1, 5, 38, 100, 1,91, Off, Off, Off, Off, On, Off, On, Off, Off, Off, Off, Rich
554.828, 762, 1,26, 83, 79, 6, 13,5, 0,34, 3,09, 4, 38, 100, 1,96, Off, Off, Off, Off, On, Off, On, Off, Off, Off, Off, Rich
554.875, 738, 1,25, 83, 79, 6, 13,7, 0,34, 3,11, 5, 38, 100, 1,91, Off, Off, Off, Off, On, Off, On, Off, Off, Off, Off, Rich
554.921, 725, 1,25, 83, 79, 6, 13,7, 0,34, 3,1, 4, 38, 100, 1,87, Off, Off, Off, Off, On, Off, On, Off, Off, Off, Off, Rich
554.984, 725, 1,26, 83, 79, 4, 13,7, 0,34, 3,07, 4, 38, 100, 1,85, Off, Off, Off, Off, On, Off, On, Off, Off, Off, Off, Rich
555.031, 762, 1,25, 83, 80, 4, 13,6, 0,34, 3,11, 5, 37, 100, 1,97, Off, Off, Off, Off, On, Off, On, Off, Off, Off, Off, Rich
555.078, 725, 1,26, 83, 79, 4, 13,7, 0,34, 3,09, 3, 37, 100, 1,87, Off, Off, Off, Off, On, Off, On, Off, Off, Off, Off, Rich
555.125, 725, 1,24, 83, 79, 4, 13,6, 0,34, 3,05, 4, 37, 100, 1,84, Off, Off, Off, Off, On, Off, On, Off, Off, Off, Off, Rich
555.171, 738, 1,25, 83, 79, 4, 13,7, 0,34, 3,08, 3, 37, 100, 1,89, Off, Off, Off, Off, On, Off, On, Off, Off, Off, Off, Rich
555.218, 738, 1,26, 83, 78, 4, 13,6, 0,34, 3,07, 5, 37, 100, 1,89, Off, Off, Off, Off, On, Off, On, Off, Off, Off, Off, Rich
555.281, 738, 1,24, 83, 78, 4, 13,5, 0,34, 3,09, 5, 37, 100, 1,9, Off, Off, Off, Off, On, Off, On, Off, Off, Off, Off, Rich
555.343, 725, 1,24, 83, 77, 4, 13,1, 0,34, 3,15, 5, 37, 100, 1,9, Off, Off, Off, Off, On, Off, On, Off, Off, Off, Off, Rich
555.406, 712, 1,25, 83, 77, 4, 13,6, 0,34, 3,1, 5, 37, 100, 1,84, Off, Off, Off, Off, On, Off, On, Off, Off, Off, Off, Rich
555.453, 712, 1,24, 83, 75, 4, 13,6, 0,34, 3,05, 6, 37, 100, 1,81, Off, Off, Off, Off, On, Off, On, Off, Off, Off, Off, Rich
555.515, 725, 1,25, 83, 76, 4, 13,7, 0,34, 3,09, 5, 37, 100, 1,87, Off, Off, Off, Off, On, Off, On, Off, Off, Off, Off, Rich
555.562, 712, 1,25, 83, 74, 4, 13,7, 0,34, 3,07, 4, 37, 100, 1,82, Off, Off, Off, Off, On, Off, On, Off, Off, Off, Off, Rich
555.609, 725, 1,24, 83, 74, 4, 13,7, 0,34, 3,09, 5, 37, 100, 1,87, Off, Off, Off, Off, On, Off, On, Off, Off, Off, Off, Rich
555.671, 712, 1,26, 83, 73, 2, 13,6, 0,34, 3,06, 4, 37, 100, 1,82, Off, Off, Off, Off, On, Off, On, Off, Off, Off, Off, Rich
555.718, 725, 1,25, 83, 73, 2, 13,5, 0,34, 3,04, 5, 37, 100, 1,84, Off, Off, Off, Off, On, Off, On, Off, Off, Off, Off, Rich
555.765, 725, 1,24, 83, 72, 2, 13,7, 0,34, 3,07, 5, 37, 100, 1,85, Off, Off, Off, Off, On, Off, On, Off, Off, Off, Off, Rich
555.828, 738, 1,24, 83, 72, 2, 13,6, 0,34, 3,03, 3, 37, 100, 1,86, Off, Off, Off, Off, On, Off, On, Off, Off, Off, Off, Rich
555.875, 712, 1,24, 83, 72, 2, 13,7, 0,34, 3,04, 3, 37, 100, 1,8, Off, Off, Off, Off, On, Off, On, Off, Off, Off, Off, Rich
555.921, 725, 1,23, 83, 71, 2, 13,7, 0,34, 3,04, 5, 37, 100, 1,84, Off, Off, Off, Off, On, Off, On, Off, Off, Off, Off, Rich
555.984, 712, 1,24, 83, 70, 2, 13,8, 0,34, 3,06, 5, 37, 100, 1,82, Off, Off, Off, Off, On, Off, On, Off, Off, Off, Off, Rich
556.046, 738, 1,25, 83, 70, 2, 13,6, 0,34, 3,01, 3, 37, 100, 1,85, Off, Off, Off, Off, On, Off, On, Off, Off, Off, Off, Rich
556.093, 712, 1,23, 83, 70, 2, 13,7, 0,34, 3,01, 3, 36, 100, 1,79, Off, Off, Off, Off, On, Off, On, Off, Off, Off, Off, Rich
556.156, 712, 1,25, 83, 69, 2, 13,6, 0,34, 3, 3, 36, 100, 1,78, Off, Off, Off, Off, On, Off, On, Off, Off, Off, Off, Rich
556.203, 712, 1,24, 83, 69, 2, 13,7, 0,34, 3,03, 5, 36, 100, 1,8, Off, Off, Off, Off, On, Off, On, Off, Off, Off, Off, Rich
556.265, 738, 1,24, 83, 67, 2, 13,6, 0,34, 3, 4, 36, 100, 1,85, Off, Off, Off, Off, On, Off, On, Off, Off, Off, Off, Rich
556.312, 712, 1,24, 83, 64, 2, 13,7, 0,34, 2,99, 3, 36, 100, 1,77, Off, Off, Off, Off, On, Off, On, Off, Off, Off, Off, Rich
556.359, 738, 1,23, 83, 64, 0, 13,7, 0,34, 2,97, 7, 36, 100, 1,83, Off, Off, Off, Off, On, Off, On, Off, Off, Off, Off, Rich
556.406, 738, 1,23, 83, 55, 0, 13,6, 0,34, 2,98, 6, 36, 100, 1,83, Off, Off, Off, Off, On, Off, On, Off, Off, Off, Off, Rich
556.468, 725, 1,24, 83, 45, 0, 13,7, 0,34, 2,99, 3, 36, 100, 1,81, Off, Off, Off, Off, On, Off, On, Off, Off, Off, Off, Rich
556.531, 738, 1,23, 83, 45, 0, 13,6, 0,34, 2,95, 3, 36, 100, 1,81, Off, Off, Off, Off, On, Off, On, Off, Off, Off, Off, Rich
556.578, 712, 1,23, 83, 37, 0, 13,7, 0,34, 2,95, 3, 36, 98, 1,75, Off, Off, Off, Off, On, Off, On, Off, Off, Off, Off, Lean
556.640, 725, 1,24, 83, 37, 0, 13,5, 0,34, 3, 5, 36, 98, 1,81, Off, Off, Off, Off, On, Off, On, Off, Off, Off, Off, Lean
556.687, 712, 1,24, 83, 33, 0, 13,7, 0,34, 3,03, 5, 36, 98, 1,8, Off, Off, Off, Off, On, Off, On, Off, Off, Off, Off, Lean
556.765, 738, 1,23, 83, 25, 0, 13,6, 0,34, 3,01, 4, 36, 98, 1,85, Off, Off, Off, Off, On, Off, On, Off, Off, Off, Off, Lean
556.812, 712, 1,24, 83, 19, 0, 13,7, 0,34, 3,03, 5, 36, 98, 1,8, Off, Off, Off, Off, On, Off, On, Off, Off, Off, Off, Lean
556.859, 738, 1,23, 83, 19, 0, 13,6, 0,34, 3,01, 5, 36, 98, 1,85, Off, Off, Off, Off, On, Off, On, Off, Off, Off, Off, Lean
556.921, 725, 1,23, 83, 12, 0, 13,7, 0,34, 3,05, 5, 36, 98, 1,84, Off, Off, Off, Off, On, Off, On, Off, Off, Off, Off, Lean
556.968, 725, 1,24, 83, 7, 0, 13,6, 0,34, 3,03, 4, 36, 98, 1,83, Off, Off, Off, Off, On, Off, On, Off, Off, Off, Off, Lean
557.015, 712, 1,23, 83, 7, 0, 13,7, 0,34, 3,03, 5, 36, 98, 1,8, Off, Off, Off, Off, On, Off, On, Off, Off, Off, Off, Lean
557.078, 712, 1,23, 83, 5, 0, 13,7, 0,34, 3,03, 4, 36, 98, 1,8, Off, Off, Off, Off, On, Off, On, Off, Off, Off, Off, Lean
557.125, 712, 1,24, 83, 6, 0, 13,7, 0,34, 3,06, 5, 36, 98, 1,82, Off, Off, Off, Off, On, Off, On, Off, Off, Off, Off, Lean
557.171, 725, 1,23, 83, 6, 0, 13,6, 0,34, 3,02, 3, 36, 98, 1,82, Off, Off, Off, Off, On, Off, On, Off, Off, Off, Off, Lean
557.234, 738, 1,23, 83, 7, 0, 13,5, 0,34, 3,03, 5, 36, 98, 1,86, Off, Off, Off, Off, On, Off, On, Off, Off, Off, Off, Lean
557.281, 725, 1,24, 83, 7, 0, 13,6, 0,34, 3,05, 4, 36, 98, 1,84, Off, Off, Off, Off, On, Off, On, Off, Off, Off, Off, Lean
557.328, 725, 1,22, 83, 7, 0, 13,7, 0,34, 3,02, 3, 36, 98, 1,82, Off, Off, Off, Off, On, Off, On, Off, Off, Off, Off, Lean
557.375, 712, 1,23, 83, 8, 0, 13,7, 0,34, 3,03, 5, 36, 98, 1,8, Off, Off, Off, Off, On, Off, On, Off, Off, Off, Off, Lean
557.437, 738, 1,22, 83, 8, 0, 13,7, 0,34, 2,97, 5, 36, 98, 1,83, Off, Off, Off, Off, On, Off, On, Off, Off, Off, Off, Lean
557.484, 725, 1,23, 83, 14, 0, 13,7, 0,34, 3,05, 5, 36, 98, 1,84, Off, Off, Off, Off, On, Off, On, Off, Off, Off, Off, Lean
557.546, 725, 1,23, 83, 20, 0, 13,7, 0,34, 3,05, 6, 35, 98, 1,84, Off, Off, Off, Off, On, Off, On, Off, Off, Off, Off, Lean
557.593, 725, 1,22, 83, 20, 0, 13,7, 0,34, 2,97, 5, 35, 98, 1,79, Off, Off, Off, Off, On, Off, On, Off, Off, Off, Off, Lean
557.640, 738, 1,22, 83, 29, 0, 13,5, 0,34, 3,01, 5, 35, 98, 1,85, Off, Off, Off, Off, On, Off, On, Off, Off, Off, Off, Lean
557.703, 738, 1,23, 83, 29, 0, 13,7, 0,34, 2,98, 5, 35, 98, 1,83, Off, Off, Off, Off, On, Off, On, Off, Off, Off, Off, Lean
557.750, 738, 1,21, 83, 34, 0, 13,6, 0,34, 2,96, 5, 35, 98, 1,82, Off, Off, Off, Off, On, Off, On, Off, Off, Off, Off, Lean
557.796, 712, 1,23, 83, 49, 0, 13,8, 0,34, 3, 5, 35, 98, 1,78, Off, Off, Off, Off, On, Off, On, Off, Off, Off, Off, Lean
557.843, 725, 1,22, 83, 49, 0, 13,7, 0,34, 2,96, 5, 35, 96, 1,79, Off, Off, Off, Off, On, Off, On, Off, Off, Off, Off, Rich
557.906, 725, 1,22, 83, 58, 0, 13,7, 0,34, 2,94, 7, 35, 96, 1,78, Off, Off, Off, Off, On, Off, On, Off, Off, Off, Off, Rich
557.953, 712, 1,23, 83, 62, 0, 13,7, 0,34, 2,97, 6, 35, 96, 1,76, Off, Off, Off, Off, On, Off, On, Off, Off, Off, Off, Rich
558.000, 712, 1,22, 83, 62, 0, 13,7, 0,34, 2,93, 5, 35, 96, 1,74, Off, Off, Off, Off, On, Off, On, Off, Off, Off, Off, Rich
558.062, 688, 1,21, 83, 63, 0, 13,7, 0,34, 2,96, 6, 35, 96, 1,7, Off, Off, Off, Off, On, Off, On, Off, Off, Off, Off, Rich
558.125, 725, 1,22, 83, 62, 0, 13,7, 0,34, 2,97, 7, 35, 96, 1,79, Off, Off, Off, Off, On, Off, On, Off, Off, Off, Off, Rich
558.171, 712, 1,21, 83, 62, 0, 13,6, 0,34, 2,95, 7, 35, 96, 1,75, Off, Off, Off, Off, On, Off, On, Off, Off, Off, Off, Rich
558.234, 725, 1,21, 83, 61, 0, 13,6, 0,34, 2,96, 11, 35, 96, 1,79, Off, Off, Off, Off, On, Off, On, Off, Off, Off, Off, Rich
558.281, 688, 1,22, 83, 57, 0, 13,7, 0,34, 2,93, 9, 35, 96, 1,68, Off, Off, Off, Off, On, Off, On, Off, Off, Off, Off, Rich
558.328, 725, 1,2, 83, 57, 0, 13,7, 0,34, 2,92, 8, 35, 96, 1,76, Off, Off, Off, Off, On, Off, On, Off, Off, Off, Off, Rich
558.375, 688, 1,21, 83, 47, 0, 13,7, 0,34, 2,91, 6, 35, 96, 1,67, Off, Off, Off, Off, On, Off, On, Off, Off, Off, Off, Rich
558.437, 712, 1,22, 83, 47, 0, 13,7, 0,34, 2,9, 7, 35, 96, 1,72, Off, Off, Off, Off, On, Off, On, Off, Off, Off, Off, Rich
558.484, 712, 1,2, 83, 34, 0, 13,6, 0,34, 2,95, 7, 35, 96, 1,75, Off, Off, Off, Off, On, Off, On, Off, Off, Off, Off, Lean
558.531, 725, 1,22, 83, 34, 0, 13,7, 0,34, 2,94, 6, 35, 96, 1,78, Off, Off, Off, Off, On, Off, On, Off, Off, Off, Off, Lean
558.578, 688, 1,2, 83, 17, 0, 13,8, 0,34, 2,92, 8, 34, 96, 1,67, Off, Off, Off, Off, On, Off, On, Off, Off, Off, Off, Lean
558.640, 738, 1,2, 83, 7, 0, 13,4, 0,34, 2,95, 7, 34, 96, 1,81, Off, Off, Off, Off, On, Off, On, Off, Off, Off, Off, Lean
558.687, 712, 1,2, 83, 3, 0, 13,8, 0,34, 2,91, 5, 34, 96, 1,73, Off, Off, Off, Off, On, Off, On, Off, Off, Off, Off, Lean
558.734, 712, 1,2, 83, 3, 0, 13,8, 0,34, 2,92, 5, 34, 96, 1,73, Off, Off, Off, Off, On, Off, On, Off, Off, Off, Off, Lean
558.796, 712, 1,22, 83, 2, 0, 13,8, 0,34, 2,94, 6, 34, 96, 1,74, Off, Off, Off, Off, On, Off, On, Off, Off, Off, Off, Lean
558.859, 725, 1,21, 83, 2, 0, 13,8, 0,34, 2,93, 7, 34, 96, 1,77, Off, Off, Off, Off, On, Off, On, Off, Off, Off, Off, Lean
558.906, 712, 1,2, 83, 1, 0, 13,8, 0,34, 2,96, 5, 34, 96, 1,76, Off, Off, Off, Off, On, Off, On, Off, Off, Off, Off, Lean
558.968, 725, 1,22, 83, 0, 0, 13,8, 0,34, 2,97, 7, 34, 96, 1,79, Off, Off, Off, Off, On, Off, On, Off, Off, Off, Off, Lean
559.015, 688, 1,2, 83, 0, 0, 13,6, 0,34, 2,92, 6, 34, 96, 1,67, Off, Off, Off, Off, On, Off, On, Off, Off, Off, Off, Lean
559.078, 675, 1,19, 83, 0, 0, 13,7, 0,34, 2,96, 7, 34, 96, 1,66, Off, Off, Off, Off, On, Off, On, Off, Off, Off, Off, Lean
559.125, 688, 1,2, 83, 0, 0, 13,6, 0,34, 2,96, 7, 34, 96, 1,7, Off, Off, Off, Off, On, Off, On, Off, Off, Off, Off, Lean
559.171, 688, 1,19, 83, 0, 0, 13,7, 0,34, 2,99, 11, 34, 96, 1,71, Off, Off, Off, Off, On, Off, On, Off, Off, Off, Off, Lean
559.234, 712, 1,2, 83, 0, 0, 13,5, 0,36, 3,01, 10, 40, 96, 1,79, Off, On, Off, Off, On, Off, On, Off, Off, Off, Off, Lean
559.281, 688, 1,29, 83, 0, 0, 13,7, 0,36, 3,03, 8, 40, 96, 1,74, Off, Off, Off, Off, On, Off, On, Off, Off, Off, Off, Lean
559.328, 688, 1,31, 83, 0, 0, 13,6, 0,36, 3,25, 11, 40, 96, 1,86, Off, Off, Off, Off, On, Off, On, Off, Off, Off, Off, Lean
559.390, 675, 1,32, 83, 1, 0, 13,7, 0,36, 3,25, 10, 40, 96, 1,83, Off, Off, Off, Off, On, Off, On, Off, Off, Off, Off, Lean
559.437, 712, 1,39, 83, 1, 0, 13,8, 0,42, 3,41, 13, 40, 96, 2,02, Off, Off, Off, Off, Off, Off, On, Off, Off, Off, Off, Lean
559.484, 712, 1,42, 83, 2, 0, 13,8, 0,42, 3,57, 19, 40, 96, 2,12, Off, Off, Off, Off, Off, Off, On, Off, Off, Off, Off, Lean
559.562, 762, 1,45, 83, 3, 0, 13,8, 0,42, 3,71, 19, 40, 96, 2,36, Off, Off, Off, Off, Off, Off, On, Off, Off, Off, Off, Lean
559.609, 762, 1,47, 83, 3, 0, 13,8, 0,46, 3,86, 18, 34, 96, 2,45, Off, Off, Off, Off, Off, Off, On, Off, Off, Off, Off, Lean
559.671, 812, 1,52, 83, 4, 0, 13,8, 0,5, 4,3, 18, 34, 96, 2,91, Off, Off, Off, Off, Off, Off, On, Off, Off, Off, Off, Lean
559.718, 875, 1,64, 83, 4, 0, 13,6, 0,54, 4,81, 17, 34, 96, 3,51, Off, Off, Off, Off, Off, Off, On, Off, Off, Off, Off, Lean
559.765, 900, 1,68, 83, 4, 0, 13,6, 0,56, 4,8, 18, 34, 96, 3,6, Off, Off, Off, Off, Off, Off, On, Off, Off, Off, Off, Lean
559.828, 950, 1,72, 83, 5, 0, 13,7, 0,58, 4,84, 20, 34, 96, 3,83, Off, Off, Off, Off, Off, Off, On, Off, Off, Off, Off, Lean
559.875, 988, 1,74, 83, 5, 0, 13,7, 0,58, 4,93, 20, 35, 96, 4,06, Off, Off, Off, Off, Off, Off, On, Off, Off, Off, Off, Lean
559.921, 1062, 1,75, 83, 42, 0, 13,7, 0,58, 4,99, 21, 35, 96, 4,42, Off, Off, Off, Off, Off, Off, On, Off, Off, Off, Off, Lean
559.984, 1100, 1,75, 83, 70, 0, 13,7, 0,58, 4,82, 23, 35, 97, 4,42, Off, Off, Off, Off, Off, Off, On, Off, Off, Off, Off, Rich
560.046, 1188, 1,76, 83, 79, 0, 13,8, 0,58, 4,75, 24, 35, 97, 4,7, Off, Off, Off, Off, Off, Off, On, Off, Off, Off, Off, Rich
560.093, 1212, 1,76, 83, 81, 0, 13,8, 0,58, 4,65, 26, 35, 97, 4,7, Off, Off, Off, Off, Off, Off, On, Off, Off, Off, Off, Rich
560.140, 1225, 1,77, 83, 81, 0, 13,8, 0,58, 4,53, 26, 35, 97, 4,62, Off, Off, Off, Off, Off, Off, On, Off, Off, Off, Off, Rich
560.203, 1250, 1,77, 83, 81, 0, 13,8, 0,58, 4,47, 26, 35, 97, 4,66, Off, Off, Off, Off, Off, Off, On, Off, Off, Off, Off, Rich
560.281, 1300, 1,76, 83, 81, 0, 13,8, 0,58, 4,26, 27, 35, 97, 4,62, Off, Off, Off, Off, Off, Off, On, Off, Off, Off, Off, Rich
560.328, 1275, 1,74, 83, 80, 0, 13,8, 0,58, 4,23, 27, 36, 97, 4,49, Off, Off, Off, Off, Off, Off, On, Off, Off, Off, Off, Rich
560.375, 1275, 1,76, 83, 79, 0, 13,8, 0,56, 4,13, 27, 36, 97, 4,39, Off, Off, Off, Off, Off, Off, On, Off, Off, Off, Off, Rich
560.437, 1262, 1,78, 83, 75, 0, 13,7, 0,58, 4,08, 28, 36, 97, 4,29, Off, Off, Off, Off, Off, Off, On, Off, Off, Off, Off, Rich
560.484, 1275, 1,77, 83, 73, 0, 13,8, 0,56, 4,06, 27, 36, 97, 4,31, Off, Off, Off, Off, Off, Off, On, Off, Off, Off, Off, Rich
560.546, 1262, 1,78, 83, 72, 0, 13,8, 0,56, 4, 27, 36, 97, 4,21, Off, Off, Off, Off, Off, Off, On, Off, Off, Off, Off, Rich
560.593, 1262, 1,77, 83, 69, 4, 13,8, 0,56, 3,98, 28, 36, 97, 4,19, Off, Off, Off, Off, Off, Off, On, Off, Off, Off, Off, Rich
560.640, 1250, 1,73, 83, 54, 4, 13,8, 0,56, 3,94, 28, 36, 97, 4,1, Off, Off, Off, Off, Off, Off, On, Off, Off, Off, Off, Rich
560.703, 1225, 1,72, 83, 29, 4, 13,8, 0,56, 4,1, 28, 36, 96, 4,19, Off, Off, Off, Off, Off, Off, On, Off, Off, Off, Off, Lean
560.765, 1212, 1,75, 83, 7, 4, 13,8, 0,56, 4,12, 28, 36, 96, 4,16, Off, Off, Off, Off, Off, Off, On, Off, Off, Off, Off, Lean
560.812, 1250, 1,76, 83, 4, 4, 13,9, 0,56, 4,12, 28, 42, 96, 4,29, Off, Off, Off, Off, Off, Off, On, Off, Off, Off, Off, Lean
560.859, 1212, 1,82, 83, 3, 4, 13,9, 0,56, 4,15, 28, 42, 96, 4,19, Off, Off, Off, Off, Off, Off, On, Off, Off, Off, Off, Lean
560.937, 1212, 1,81, 83, 2, 4, 13,8, 0,56, 4,19, 27, 42, 96, 4,23, Off, Off, Off, Off, Off, Off, On, Off, Off, Off, Off, Lean
560.984, 1225, 1,79, 83, 2, 4, 13,8, 0,56, 4,26, 27, 42, 96, 4,35, Off, Off, Off, Off, Off, Off, On, Off, Off, Off, Off, Lean
561.031, 1250, 1,82, 83, 2, 4, 13,8, 0,56, 4,29, 27, 42, 96, 4,47, Off, Off, Off, Off, Off, Off, On, Off, Off, Off, Off, Lean
561.093, 1250, 1,8, 83, 2, 4, 13,9, 0,54, 4,22, 27, 42, 96, 4,4, Off, Off, Off, Off, Off, Off, On, Off, Off, Off, Off, Lean
561.140, 1262, 1,64, 83, 2, 4, 13,9, 0,48, 3,92, 28, 42, 96, 4,12, Off, Off, Off, Off, Off, Off, On, Off, Off, Off, Off, Lean
561.187, 1275, 1,59, 83, 3, 4, 13,8, 0,48, 3,84, 29, 37, 96, 4,08, Off, Off, Off, Off, Off, Off, On, Off, Off, Off, Off, Lean
561.250, 1250, 1,58, 83, 4, 4, 13,7, 0,46, 3,73, 29, 37, 96, 3,89, Off, Off, Off, Off, Off, Off, On, Off, Off, Off, Off, Lean
561.296, 1250, 1,46, 83, 5, 6, 13,8, 0,38, 3,43, 30, 37, 96, 3,57, Off, Off, Off, Off, Off, Off, On, Off, Off, Off, Off, Lean
561.359, 1200, 1,41, 83, 13, 6, 13,8, 0,34, 3,21, 26, 46, 96, 3,21, Off, Off, Off, Off, On, Off, On, Off, Off, Off, Off, Lean
561.406, 1188, 1,44, 83, 37, 6, 13,8, 0,34, 3, 23, 46, 96, 2,97, Off, Off, Off, Off, On, Off, On, Off, Off, Off, Off, Lean
561.453, 1112, 1,4, 83, 63, 6, 13,8, 0,34, 3,01, 20, 46, 96, 2,79, Off, Off, Off, Off, On, Off, On, Off, Off, Off, Off, Rich
561.515, 1100, 1,45, 83, 73, 6, 13,8, 0,34, 2,87, 18, 46, 96, 2,63, Off, Off, Off, Off, On, Off, On, Off, Off, Off, Off, Rich
561.562, 1062, 1,38, 83, 78, 6, 13,8, 0,34, 2,83, 14, 46, 96, 2,5, Off, Off, Off, Off, On, Off, On, Off, Off, Off, Off, Rich
561.609, 1062, 1,44, 83, 79, 6, 13,8, 0,34, 2,79, 13, 46, 96, 2,47, Off, Off, Off, Off, On, Off, On, Off, Off, Off, Off, Rich
561.687, 1038, 1,44, 83, 81, 6, 13,8, 0,34, 2,8, 13, 46, 96, 2,42, Off, Off, Off, Off, On, Off, On, Off, Off, Off, Off, Rich
561.734, 1038, 1,44, 83, 80, 6, 13,6, 0,34, 2,78, 13, 45, 96, 2,4, Off, Off, Off, Off, On, Off, On, Off, Off, Off, Off, Rich
561.781, 1000, 1,39, 83, 80, 6, 13,7, 0,34, 2,79, 13, 45, 96, 2,33, Off, Off, Off, Off, On, Off, On, Off, Off, Off, Off, Rich
561.843, 988, 1,36, 83, 80, 6, 13,8, 0,34, 2,8, 13, 45, 96, 2,31, Off, Off, Off, Off, On, Off, On, Off, Off, Off, Off, Rich
561.906, 988, 1,36, 83, 76, 6, 13,8, 0,34, 2,81, 13, 45, 96, 2,31, Off, Off, Off, Off, On, Off, On, Off, Off, Off, Off, Rich
561.953, 988, 1,4, 83, 66, 6, 13,8, 0,36, 2,83, 13, 45, 96, 2,33, Off, Off, Off, Off, On, Off, On, Off, Off, Off, Off, Rich
562.015, 988, 1,36, 83, 66, 8, 13,8, 0,36, 2,84, 13, 44, 96, 2,34, Off, Off, Off, Off, On, Off, On, Off, Off, Off, Off, Rich
562.062, 950, 1,44, 83, 31, 8, 13,8, 0,44, 3, 17, 38, 98, 2,38, Off, Off, Off, Off, Off, Off, On, Off, Off, Off, Off, Lean
562.109, 950, 1,57, 83, 11, 8, 13,8, 0,52, 3,57, 22, 38, 98, 2,83, Off, Off, Off, Off, Off, Off, On, Off, Off, Off, Off, Lean
562.171, 975, 1,72, 83, 5, 8, 13,8, 0,58, 4,28, 18, 38, 98, 3,48, Off, Off, Off, Off, Off, Off, On, Off, Off, Off, Off, Lean
562.218, 1038, 1,82, 83, 3, 8, 13,8, 0,6, 4,69, 17, 38, 98, 4,06, Off, Off, Off, Off, Off, Off, On, Off, Off, Off, Off, Lean
562.265, 1050, 1,84, 83, 2, 8, 13,8, 0,6, 4,74, 18, 38, 98, 4,15, Off, Off, Off, Off, Off, Off, On, Off, Off, Off, Off, Lean
562.343, 1150, 1,85, 83, 3, 8, 13,8, 0,6, 4,96, 23, 38, 98, 4,75, Off, Off, Off, Off, Off, Off, On, Off, Off, Off, Off, Lean
562.390, 1188, 1,85, 83, 43, 8, 13,8, 0,6, 5, 24, 38, 98, 4,95, Off, Off, Off, Off, Off, Off, On, Off, Off, Off, Off, Lean
562.437, 1250, 1,84, 83, 72, 8, 13,8, 0,6, 5,02, 25, 38, 98, 5,23, Off, Off, Off, Off, Off, Off, On, Off, Off, Off, Off, Rich
562.500, 1300, 1,83, 83, 79, 8, 13,8, 0,6, 4,78, 26, 38, 98, 5,18, Off, Off, Off, Off, Off, Off, On, Off, Off, Off, Off, Rich
562.546, 1362, 1,82, 83, 83, 8, 13,9, 0,58, 4,66, 26, 38, 98, 5,29, Off, Off, Off, Off, Off, Off, On, Off, Off, Off, Off, Rich
562.609, 1362, 1,81, 83, 83, 8, 13,8, 0,58, 4,53, 27, 38, 98, 5,14, Off, Off, Off, Off, Off, Off, On, Off, Off, Off, Off, Rich
562.656, 1375, 1,81, 83, 83, 8, 13,8, 0,58, 4,35, 27, 38, 98, 4,98, Off, Off, Off, Off, Off, Off, On, Off, Off, Off, Off, Rich
562.703, 1388, 1,79, 83, 83, 8, 13,8, 0,58, 4,19, 28, 38, 98, 4,85, Off, Off, Off, Off, Off, Off, On, Off, Off, Off, Off, Rich
562.781, 1412, 1,78, 83, 83, 8, 13,8, 0,54, 4,14, 28, 38, 98, 4,87, Off, Off, Off, Off, Off, Off, On, Off, Off, Off, Off, Rich
562.843, 1412, 1,67, 83, 83, 8, 13,8, 0,46, 3,68, 30, 38, 98, 4,33, Off, Off, Off, Off, Off, Off, On, Off, Off, Off, Off, Rich
562.906, 1375, 1,56, 83, 81, 8, 13,8, 0,46, 3,4, 30, 38, 98, 3,9, Off, Off, Off, Off, Off, Off, On, Off, Off, Off, Off, Rich
562.953, 1350, 1,56, 83, 80, 8, 13,8, 0,46, 3,16, 31, 38, 98, 3,56, Off, Off, Off, Off, Off, Off, On, Off, Off, Off, Off, Rich
563.015, 1300, 1,52, 83, 78, 8, 13,8, 0,44, 3,06, 32, 38, 98, 3,32, Off, Off, Off, Off, Off, Off, On, Off, Off, Off, Off, Rich
563.078, 1312, 1,48, 83, 75, 8, 13,8, 0,42, 2,92, 32, 38, 98, 3,19, Off, Off, Off, Off, Off, Off, On, Off, Off, Off, Off, Rich
563.140, 1262, 1,46, 83, 72, 8, 13,8, 0,4, 2,81, 33, 38, 98, 2,96, Off, Off, Off, Off, Off, Off, On, Off, Off, Off, Off, Rich
563.187, 1250, 1,44, 83, 68, 8, 13,8, 0,4, 2,8, 33, 38, 98, 2,92, Off, Off, Off, Off, Off, Off, On, Off, Off, Off, Off, Rich
563.250, 1225, 1,42, 83, 51, 8, 13,8, 0,38, 2,62, 34, 38, 98, 2,67, Off, Off, Off, Off, Off, Off, On, Off, Off, Off, Off, Rich
563.296, 1200, 1,41, 83, 31, 8, 13,8, 0,36, 2,72, 31, 47, 100, 2,72, Off, Off, Off, Off, On, Off, On, Off, Off, Off, Off, Lean
563.359, 1188, 1,4, 83, 15, 8, 13,8, 0,34, 2,72, 28, 47, 100, 2,69, Off, Off, Off, Off, On, Off, On, Off, Off, Off, Off, Lean
563.406, 1188, 1,41, 83, 8, 8, 13,8, 0,34, 2,73, 25, 47, 100, 2,7, Off, Off, Off, Off, On, Off, On, Off, Off, Off, Off, Lean
563.453, 1162, 1,39, 83, 5, 10, 13,8, 0,34, 2,71, 21, 46, 100, 2,62, Off, Off, Off, Off, On, Off, On, Off, Off, Off, Off, Lean
563.500, 1162, 1,39, 83, 4, 10, 13,8, 0,34, 2,72, 18, 46, 100, 2,63, Off, Off, Off, Off, On, Off, On, Off, Off, Off, Off, Lean
563.562, 1188, 1,4, 83, 3, 10, 13,8, 0,36, 2,69, 14, 46, 100, 2,66, Off, Off, Off, Off, On, Off, On, Off, Off, Off, Off, Lean
563.625, 1150, 1,4, 83, 3, 10, 13,8, 0,34, 2,69, 13, 46, 100, 2,58, Off, Off, Off, Off, On, Off, On, Off, Off, Off, Off, Lean
563.671, 1150, 1,42, 83, 4, 10, 13,8, 0,36, 2,7, 13, 45, 100, 2,59, Off, Off, Off, Off, On, Off, On, Off, Off, Off, Off, Lean
563.734, 1162, 1,4, 83, 4, 10, 13,8, 0,34, 2,7, 13, 45, 100, 2,61, Off, Off, Off, Off, On, Off, On, Off, Off, Off, Off, Lean
563.796, 1150, 1,38, 83, 4, 10, 13,8, 0,34, 2,69, 13, 45, 100, 2,58, Off, Off, Off, Off, On, Off, On, Off, Off, Off, Off, Lean
563.843, 1150, 1,4, 83, 4, 10, 13,8, 0,34, 2,68, 13, 45, 100, 2,57, Off, Off, Off, Off, On, Off, On, Off, Off, Off, Off, Lean
563.890, 1150, 1,38, 83, 4, 10, 13,8, 0,34, 2,67, 13, 45, 100, 2,56, Off, Off, Off, Off, On, Off, On, Off, Off, Off, Off, Lean
563.937, 1150, 1,38, 83, 5, 10, 13,8, 0,36, 2,66, 13, 45, 100, 2,55, Off, Off, Off, Off, On, Off, On, Off, Off, Off, Off, Lean
563.984, 1150, 1,37, 83, 5, 10, 13,8, 0,34, 2,66, 13, 44, 100, 2,55, Off, Off, Off, Off, On, Off, On, Off, Off, Off, Off, Lean
564.046, 1138, 1,38, 83, 6, 10, 13,8, 0,36, 2,66, 11, 44, 100, 2,52, Off, Off, Off, Off, On, Off, On, Off, Off, Off, Off, Lean
564.093, 1100, 1,38, 83, 6, 10, 13,8, 0,36, 2,66, 9, 44, 100, 2,44, Off, Off, Off, Off, On, Off, On, Off, Off, Off, Off, Lean
564.140, 1112, 1,38, 83, 6, 10, 13,8, 0,36, 2,65, 6, 44, 100, 2,46, Off, Off, Off, Off, On, Off, On, Off, Off, Off, Off, Lean
564.187, 1100, 1,38, 83, 7, 10, 13,8, 0,36, 2,65, 4, 44, 100, 2,43, Off, Off, Off, Off, On, Off, On, Off, Off, Off, Off, Lean
564.250, 1062, 1,39, 83, 8, 10, 13,8, 0,36, 2,69, 3, 43, 100, 2,38, Off, Off, Off, Off, On, Off, On, Off, Off, Off, Off, Lean
564.296, 1088, 1,45, 83, 11, 10, 13,6, 0,42, 2,75, 7, 38, 100, 2,49, Off, Off, Off, Off, Off, Off, On, Off, Off, Off, Off, Lean
564.343, 1100, 1,52, 83, 21, 10, 13,8, 0,46, 2,97, 23, 38, 100, 2,72, Off, Off, Off, Off, Off, Off, On, Off, Off, Off, Off, Lean
564.406, 1150, 1,54, 83, 31, 10, 13,8, 0,46, 3,09, 28, 38, 100, 2,96, Off, Off, Off, Off, Off, Off, On, Off, Off, Off, Off, Lean
564.468, 1162, 1,54, 83, 37, 10, 13,6, 0,46, 3,12, 28, 38, 100, 3,02, Off, Off, Off, Off, Off, Off, On, Off, Off, Off, Off, Lean
564.531, 1188, 1,54, 83, 39, 10, 13,8, 0,46, 3,19, 28, 38, 100, 3,16, Off, Off, Off, Off, Off, Off, On, Off, Off, Off, Off, Lean
564.578, 1188, 1,55, 83, 33, 10, 13,8, 0,46, 3,22, 33, 38, 100, 3,19, Off, Off, Off, Off, Off, Off, On, Off, Off, Off, Off, Lean
564.640, 1188, 1,54, 83, 33, 10, 13,8, 0,44, 3,23, 33, 38, 100, 3,2, Off, Off, Off, Off, Off, Off, On, Off, Off, Off, Off, Lean
564.687, 1200, 1,53, 83, 31, 10, 13,8, 0,44, 3,23, 33, 38, 100, 3,23, Off, Off, Off, Off, Off, Off, On, Off, Off, Off, Off, Lean
564.750, 1188, 1,53, 83, 48, 10, 13,8, 0,44, 3,25, 33, 38, 100, 3,22, Off, Off, Off, Off, Off, Off, On, Off, Off, Off, Off, Lean
564.812, 1200, 1,52, 83, 64, 10, 13,8, 0,44, 3,18, 33, 38, 102, 3,18, Off, Off, Off, Off, Off, Off, On, Off, Off, Off, Off, Rich
564.859, 1212, 1,52, 83, 73, 10, 13,8, 0,44, 3,18, 33, 38, 102, 3,21, Off, Off, Off, Off, Off, Off, On, Off, Off, Off, Off, Rich
564.906, 1200, 1,52, 83, 78, 10, 13,7, 0,44, 3,13, 33, 38, 102, 3,13, Off, Off, Off, Off, Off, Off, On, Off, Off, Off, Off, Rich
564.968, 1200, 1,52, 83, 80, 10, 13,8, 0,44, 3,13, 33, 38, 102, 3,13, Off, Off, Off, Off, Off, Off, On, Off, Off, Off, Off, Rich
565.015, 1212, 1,52, 83, 81, 10, 13,8, 0,44, 3,13, 33, 38, 102, 3,16, Off, Off, Off, Off, Off, Off, On, Off, Off, Off, Off, Rich
565.062, 1225, 1,52, 83, 81, 10, 13,8, 0,44, 3,1, 33, 38, 102, 3,16, Off, Off, Off, Off, Off, Off, On, Off, Off, Off, Off, Rich
565.140, 1200, 1,51, 83, 81, 10, 13,8, 0,44, 3,09, 33, 38, 102, 3,09, Off, Off, Off, Off, Off, Off, On, Off, Off, Off, Off, Rich
565.187, 1212, 1,5, 83, 81, 10, 13,8, 0,42, 3,06, 33, 38, 102, 3,09, Off, Off, Off, Off, Off, Off, On, Off, Off, Off, Off, Rich
565.234, 1212, 1,46, 83, 81, 10, 13,8, 0,4, 3,01, 33, 38, 102, 3,04, Off, Off, Off, Off, Off, Off, On, Off, Off, Off, Off, Rich
565.296, 1212, 1,4, 83, 81, 10, 13,8, 0,34, 2,87, 31, 47, 102, 2,9, Off, Off, Off, Off, On, Off, On, Off, Off, Off, Off, Rich
565.359, 1188, 1,41, 83, 81, 10, 13,8, 0,34, 2,79, 27, 47, 102, 2,76, Off, Off, Off, Off, On, Off, On, Off, Off, Off, Off, Rich
565.406, 1188, 1,4, 83, 81, 10, 13,8, 0,34, 2,73, 23, 47, 102, 2,7, Off, Off, Off, Off, On, Off, On, Off, Off, Off, Off, Rich
565.468, 1188, 1,4, 83, 82, 10, 13,8, 0,34, 2,72, 21, 47, 102, 2,69, Off, Off, Off, Off, On, Off, On, Off, Off, Off, Off, Rich
565.515, 1188, 1,4, 83, 81, 10, 13,8, 0,34, 2,67, 16, 46, 102, 2,64, Off, Off, Off, Off, On, Off, On, Off, Off, Off, Off, Rich
565.562, 1162, 1,4, 83, 81, 12, 13,8, 0,34, 2,65, 14, 46, 102, 2,57, Off, Off, Off, Off, On, Off, On, Off, Off, Off, Off, Rich
565.625, 1162, 1,39, 83, 80, 12, 13,8, 0,34, 2,63, 13, 46, 102, 2,55, Off, Off, Off, Off, On, Off, On, Off, Off, Off, Off, Rich
565.671, 1188, 1,4, 83, 79, 12, 13,8, 0,34, 2,62, 13, 45, 102, 2,59, Off, Off, Off, Off, On, Off, On, Off, Off, Off, Off, Rich
565.718, 1150, 1,38, 83, 79, 12, 13,8, 0,34, 2,61, 13, 45, 102, 2,5, Off, Off, Off, Off, On, Off, On, Off, Off, Off, Off, Rich
565.765, 1150, 1,38, 83, 77, 12, 13,8, 0,34, 2,6, 13, 45, 102, 2,49, Off, Off, Off, Off, On, Off, On, Off, Off, Off, Off, Rich
565.828, 1150, 1,38, 83, 75, 12, 13,8, 0,34, 2,59, 13, 45, 102, 2,48, Off, Off, Off, Off, On, Off, On, Off, Off, Off, Off, Rich
565.875, 1150, 1,38, 83, 75, 12, 13,8, 0,34, 2,56, 13, 45, 102, 2,45, Off, Off, Off, Off, On, Off, On, Off, Off, Off, Off, Rich
565.937, 1138, 1,38, 83, 73, 12, 13,8, 0,34, 2,55, 13, 45, 102, 2,42, Off, Off, Off, Off, On, Off, On, Off, Off, Off, Off, Rich
566.000, 1150, 1,38, 83, 71, 12, 13,8, 0,34, 2,55, 13, 44, 102, 2,44, Off, Off, Off, Off, On, Off, On, Off, Off, Off, Off, Rich
566.046, 1150, 1,36, 83, 70, 12, 13,7, 0,34, 2,56, 13, 44, 102, 2,45, Off, Off, Off, Off, On, Off, On, Off, Off, Off, Off, Rich
566.093, 1138, 1,36, 83, 65, 12, 13,7, 0,34, 2,54, 11, 44, 102, 2,41, Off, Off, Off, Off, On, Off, On, Off, Off, Off, Off, Rich
566.156, 1112, 1,36, 83, 65, 12, 13,7, 0,34, 2,53, 9, 44, 102, 2,34, Off, Off, Off, Off, On, Off, On, Off, Off, Off, Off, Rich
566.218, 1100, 1,36, 83, 43, 12, 13,7, 0,34, 2,52, 5, 44, 102, 2,31, Off, Off, Off, Off, On, Off, On, Off, Off, Off, Off, Rich
566.265, 1088, 1,36, 83, 32, 10, 13,7, 0,34, 2,52, 3, 43, 102, 2,28, Off, Off, Off, Off, On, Off, On, Off, Off, Off, Off, Rich
566.312, 1062, 1,36, 83, 21, 10, 13,7, 0,34, 2,57, 3, 43, 101, 2,27, Off, Off, Off, Off, On, Off, On, Off, Off, Off, Off, Lean
566.375, 1050, 1,35, 83, 13, 10, 13,8, 0,34, 2,58, 3, 42, 101, 2,26, Off, Off, Off, Off, On, Off, On, Off, Off, Off, Off, Lean
566.421, 1038, 1,35, 83, 7, 10, 13,8, 0,34, 2,58, 3, 42, 101, 2,23, Off, Off, Off, Off, On, Off, On, Off, Off, Off, Off, Lean
566.484, 1038, 1,34, 83, 4, 10, 13,8, 0,34, 2,59, 3, 42, 101, 2,24, Off, Off, Off, Off, On, Off, On, Off, Off, Off, Off, Lean
566.546, 1038, 1,34, 83, 3, 10, 13,8, 0,34, 2,61, 3, 42, 101, 2,26, Off, Off, Off, Off, On, Off, On, Off, Off, Off, Off, Lean
566.593, 1025, 1,34, 83, 2, 10, 13,8, 0,34, 2,62, 3, 42, 101, 2,24, Off, Off, Off, Off, On, Off, On, Off, Off, Off, Off, Lean
566.656, 1025, 1,34, 83, 2, 10, 13,8, 0,34, 2,62, 3, 42, 101, 2,24, Off, Off, Off, Off, On, Off, On, Off, Off, Off, Off, Lean
566.703, 1025, 1,34, 83, 1, 10, 13,7, 0,34, 2,62, 3, 42, 101, 2,24, Off, Off, Off, Off, On, Off, On, Off, Off, Off, Off, Lean
566.750, 1025, 1,32, 83, 1, 10, 13,7, 0,34, 2,65, 3, 42, 101, 2,26, Off, Off, Off, Off, On, Off, On, Off, Off, Off, Off, Lean
566.812, 1025, 1,32, 83, 1, 10, 13,6, 0,34, 2,64, 3, 41, 101, 2,26, Off, Off, Off, Off, On, Off, On, Off, Off, Off, Off, Lean
566.859, 1025, 1,32, 83, 0, 10, 13,7, 0,34, 2,65, 3, 41, 101, 2,26, Off, Off, Off, Off, On, Off, On, Off, Off, Off, Off, Lean
566.906, 1000, 1,32, 83, 0, 10, 13,7, 0,34, 2,65, 3, 41, 101, 2,21, Off, Off, Off, Off, On, Off, On, Off, Off, Off, Off, Lean
566.968, 1000, 1,33, 83, 1, 10, 13,7, 0,34, 2,65, 3, 41, 101, 2,21, Off, Off, Off, Off, On, Off, On, Off, Off, Off, Off, Lean
567.015, 1000, 1,32, 83, 1, 10, 13,6, 0,34, 2,66, 3, 41, 101, 2,22, Off, Off, Off, Off, On, Off, On, Off, Off, Off, Off, Lean
567.062, 1000, 1,32, 83, 1, 10, 13,6, 0,34, 2,67, 3, 40, 101, 2,23, Off, Off, Off, Off, On, Off, On, Off, Off, Off, Off, Lean
567.109, 975, 1,32, 83, 1, 10, 13,8, 0,34, 2,67, 3, 40, 101, 2,17, Off, Off, Off, Off, On, Off, On, Off, Off, Off, Off, Lean
567.156, 975, 1,31, 83, 1, 10, 13,8, 0,34, 2,67, 3, 40, 101, 2,17, Off, Off, Off, Off, On, Off, On, Off, Off, Off, Off, Lean
567.218, 975, 1,31, 83, 2, 10, 13,8, 0,34, 2,68, 3, 40, 101, 2,18, Off, Off, Off, Off, On, Off, On, Off, Off, Off, Off, Lean
567.281, 975, 1,31, 83, 2, 10, 13,6, 0,34, 2,69, 3, 40, 101, 2,19, Off, Off, Off, Off, On, Off, On, Off, Off, Off, Off, Lean
567.328, 975, 1,31, 83, 3, 10, 13,8, 0,34, 2,69, 3, 39, 101, 2,19, Off, Off, Off, Off, On, Off, On, Off, Off, Off, Off, Lean
567.375, 975, 1,31, 83, 3, 10, 13,7, 0,34, 2,69, 3, 39, 101, 2,19, Off, Off, Off, Off, On, Off, On, Off, Off, Off, Off, Lean
567.437, 975, 1,3, 83, 3, 10, 13,8, 0,34, 2,69, 3, 39, 101, 2,19, Off, Off, Off, Off, On, Off, On, Off, Off, Off, Off, Lean
567.484, 975, 1,29, 83, 4, 10, 13,7, 0,34, 2,7, 3, 38, 101, 2,19, Off, Off, Off, Off, On, Off, On, Off, Off, Off, Off, Lean
567.546, 950, 1,28, 83, 5, 10, 13,5, 0,34, 2,7, 3, 38, 101, 2,14, Off, Off, Off, Off, On, Off, On, Off, Off, Off, Off, Lean
567.593, 950, 1,28, 83, 6, 10, 13,7, 0,34, 2,71, 3, 38, 101, 2,15, Off, Off, Off, Off, On, Off, On, Off, Off, Off, Off, Lean
567.640, 938, 1,29, 83, 12, 10, 13,7, 0,34, 2,68, 3, 38, 101, 2,09, Off, Off, Off, Off, On, Off, On, Off, Off, Off, Off, Lean
567.687, 925, 1,29, 83, 37, 8, 13,7, 0,34, 2,72, 3, 38, 101, 2,1, Off, Off, Off, Off, On, Off, On, Off, Off, Off, Off, Lean
567.734, 938, 1,28, 83, 57, 8, 13,7, 0,34, 2,69, 3, 37, 101, 2,1, Off, Off, Off, Off, On, Off, On, Off, Off, Off, Off, Lean
567.796, 925, 1,28, 83, 57, 8, 13,5, 0,34, 2,72, 3, 37, 100, 2,1, Off, Off, Off, Off, On, Off, On, Off, Off, Off, Off, Rich
567.843, 925, 1,28, 83, 69, 8, 13,8, 0,34, 2,65, 3, 37, 100, 2,04, Off, Off, Off, Off, On, Off, On, Off, Off, Off, Off, Rich
567.890, 925, 1,28, 83, 74, 8, 13,8, 0,34, 2,66, 3, 37, 100, 2,05, Off, Off, Off, Off, On, Off, On, Off, Off, Off, Off, Rich
567.968, 925, 1,28, 83, 78, 8, 13,7, 0,36, 2,66, 3, 36, 100, 2,05, Off, Off, Off, Off, On, Off, On, Off, Off, Off, Off, Rich
568.015, 900, 1,3, 83, 80, 8, 13,8, 0,36, 2,71, 3, 36, 100, 2,03, Off, Off, Off, Off, On, Off, On, Off, Off, Off, Off, Rich
568.062, 888, 1,3, 83, 80, 8, 13,8, 0,36, 2,73, 3, 36, 100, 2,02, Off, Off, Off, Off, On, Off, On, Off, Off, Off, Off, Rich
568.125, 888, 1,3, 83, 81, 8, 13,8, 0,38, 2,76, 3, 36, 100, 2,04, Off, Off, Off, Off, On, Off, On, Off, Off, Off, Off, Rich
568.171, 888, 1,3, 83, 81, 8, 13,7, 0,36, 2,8, 3, 35, 100, 2,07, Off, Off, Off, Off, On, Off, On, Off, Off, Off, Off, Rich
568.218, 875, 1,31, 83, 81, 8, 13,7, 0,38, 2,81, 3, 35, 100, 2,05, Off, Off, Off, Off, On, Off, On, Off, Off, Off, Off, Rich
568.281, 875, 1,31, 83, 81, 8, 13,7, 0,36, 2,83, 3, 35, 100, 2,06, Off, Off, Off, Off, On, Off, On, Off, Off, Off, Off, Rich
568.328, 875, 1,3, 83, 81, 8, 13,7, 0,38, 2,82, 3, 35, 100, 2,06, Off, Off, Off, Off, On, Off, On, Off, Off, Off, Off, Rich
568.375, 862, 1,3, 83, 82, 10, 13,7, 0,38, 2,83, 3, 34, 100, 2,03, Off, Off, Off, Off, On, Off, On, Off, Off, Off, Off, Rich
568.437, 875, 1,29, 83, 82, 10, 13,7, 0,38, 2,84, 3, 34, 100, 2,07, Off, Off, Off, Off, On, Off, On, Off, Off, Off, Off, Rich
568.484, 838, 1,25, 83, 82, 10, 13,8, 0,34, 2,72, 3, 33, 100, 1,9, Off, Off, Off, Off, On, Off, On, Off, Off, Off, Off, Rich
568.546, 862, 1,23, 83, 82, 10, 13,8, 0,34, 2,65, 3, 33, 100, 1,9, Off, Off, Off, Off, On, Off, On, Off, Off, Off, Off, Rich
568.593, 838, 1,22, 83, 82, 10, 13,8, 0,34, 2,63, 3, 33, 100, 1,84, Off, Off, Off, Off, On, Off, On, Off, Off, Off, Off, Rich
568.656, 838, 1,22, 83, 82, 10, 13,8, 0,34, 2,65, 3, 33, 100, 1,85, Off, Off, Off, Off, On, Off, On, Off, Off, Off, Off, Rich
568.718, 825, 1,22, 83, 82, 10, 13,8, 0,34, 2,65, 3, 33, 100, 1,82, Off, Off, Off, Off, On, Off, On, Off, Off, Off, Off, Rich
568.765, 812, 1,22, 83, 81, 10, 13,8, 0,34, 2,64, 3, 33, 100, 1,79, Off, Off, Off, Off, On, Off, On, Off, Off, Off, Off, Rich
568.812, 788, 1,22, 83, 81, 10, 13,8, 0,34, 2,68, 3, 33, 100, 1,76, Off, Off, Off, Off, On, Off, On, Off, Off, Off, Off, Rich
568.859, 788, 1,22, 83, 80, 10, 13,8, 0,34, 2,64, 3, 33, 100, 1,73, Off, Off, Off, Off, On, Off, On, Off, Off, Off, Off, Rich
568.906, 775, 1,22, 83, 80, 10, 13,7, 0,34, 2,64, 3, 33, 100, 1,71, Off, Off, Off, Off, On, Off, On, Off, Off, Off, Off, Rich
568.953, 762, 1,2, 83, 76, 10, 13,8, 0,34, 2,72, 3, 33, 100, 1,73, Off, Off, Off, Off, On, Off, On, Off, Off, Off, Off, Rich
569.015, 738, 1,22, 83, 73, 10, 13,7, 0,34, 2,72, 3, 33, 100, 1,67, Off, Off, Off, Off, On, Off, On, Off, Off, Off, Off, Rich
569.062, 775, 1,22, 83, 73, 6, 13,8, 0,34, 2,71, 3, 33, 100, 1,75, Off, Off, Off, Off, On, Off, On, Off, Off, Off, Off, Rich
569.109, 762, 1,21, 83, 71, 6, 13,8, 0,34, 2,73, 3, 33, 100, 1,73, Off, Off, Off, Off, On, Off, On, Off, Off, Off, Off, Rich
569.156, 738, 1,22, 83, 56, 6, 13,8, 0,34, 2,73, 3, 33, 100, 1,68, Off, Off, Off, Off, On, Off, On, Off, Off, Off, Off, Rich
569.203, 775, 1,2, 83, 56, 6, 13,6, 0,34, 2,74, 3, 33, 100, 1,77, Off, Off, Off, Off, On, Off, On, Off, Off, Off, Off, Rich
569.250, 762, 1,2, 83, 33, 6, 13,8, 0,34, 2,72, 3, 33, 100, 1,73, Off, Off, Off, Off, On, Off, On, Off, Off, Off, Off, Lean
569.328, 762, 1,22, 83, 18, 6, 13,8, 0,34, 2,77, 3, 33, 100, 1,76, Off, Off, Off, Off, On, Off, On, Off, Off, Off, Off, Lean
569.375, 762, 1,22, 83, 18, 6, 13,8, 0,34, 2,76, 3, 33, 100, 1,75, Off, Off, Off, Off, On, Off, On, Off, Off, Off, Off, Lean
569.421, 775, 1,21, 83, 12, 6, 13,8, 0,34, 2,77, 3, 33, 100, 1,79, Off, Off, Off, Off, On, Off, On, Off, Off, Off, Off, Lean
569.484, 762, 1,22, 83, 10, 6, 13,8, 0,34, 2,8, 3, 33, 100, 1,78, Off, Off, Off, Off, On, Off, On, Off, Off, Off, Off, Lean
569.531, 738, 1,21, 83, 10, 6, 13,8, 0,34, 2,78, 3, 33, 100, 1,71, Off, Off, Off, Off, On, Off, On, Off, Off, Off, Off, Lean
569.593, 775, 1,21, 83, 10, 6, 13,8, 0,34, 2,79, 3, 33, 100, 1,8, Off, Off, Off, Off, On, Off, On, Off, Off, Off, Off, Lean
569.640, 725, 1,21, 83, 10, 6, 13,8, 0,34, 2,82, 3, 33, 100, 1,7, Off, Off, Off, Off, On, Off, On, Off, Off, Off, Off, Lean
569.687, 738, 1,2, 83, 10, 6, 13,8, 0,34, 2,84, 4, 33, 100, 1,75, Off, Off, Off, Off, On, Off, On, Off, Off, Off, Off, Lean
569.734, 725, 1,2, 83, 13, 6, 13,7, 0,34, 2,88, 3, 33, 100, 1,74, Off, Off, Off, Off, On, Off, On, Off, Off, Off, Off, Lean
569.781, 725, 1,22, 83, 27, 8, 13,7, 0,34, 2,93, 5, 33, 100, 1,77, Off, Off, Off, Off, On, Off, On, Off, Off, Off, Off, Lean
569.843, 738, 1,2, 83, 27, 8, 13,6, 0,34, 2,94, 5, 33, 100, 1,81, Off, Off, Off, Off, On, Off, On, Off, Off, Off, Off, Lean
569.890, 738, 1,2, 83, 61, 8, 13,8, 0,34, 2,95, 4, 33, 99, 1,81, Off, Off, Off, Off, On, Off, On, Off, Off, Off, Off, Rich
569.937, 738, 1,21, 83, 73, 8, 13,8, 0,34, 2,89, 5, 33, 99, 1,78, Off, Off, Off, Off, On, Off, On, Off, Off, Off, Off, Rich
570.000, 738, 1,2, 83, 73, 8, 13,6, 0,34, 2,89, 5, 33, 99, 1,78, Off, Off, Off, Off, On, Off, On, Off, Off, Off, Off, Rich
570.062, 725, 1,2, 83, 77, 8, 13,8, 0,34, 2,89, 5, 33, 99, 1,75, Off, Off, Off, Off, On, Off, On, Off, Off, Off, Off, Rich
570.125, 725, 1,21, 83, 79, 8, 13,8, 0,34, 2,91, 3, 33, 99, 1,76, Off, Off, Off, Off, On, Off, On, Off, Off, Off, Off, Rich
570.171, 712, 1,2, 83, 79, 8, 13,8, 0,34, 2,85, 4, 33, 99, 1,69, Off, Off, Off, Off, On, Off, On, Off, Off, Off, Off, Rich
570.218, 725, 1,2, 83, 81, 8, 13,8, 0,34, 2,9, 5, 33, 99, 1,75, Off, Off, Off, Off, On, Off, On, Off, Off, Off, Off, Rich
570.281, 712, 1,2, 83, 81, 8, 13,8, 0,34, 2,9, 5, 33, 99, 1,72, Off, Off, Off, Off, On, Off, On, Off, Off, Off, Off, Rich
570.328, 738, 1,2, 83, 81, 8, 13,6, 0,34, 2,89, 4, 33, 99, 1,78, Off, Off, Off, Off, On, Off, On, Off, Off, Off, Off, Rich
570.390, 712, 1,2, 83, 82, 8, 13,7, 0,34, 2,92, 5, 33, 99, 1,73, Off, Off, Off, Off, On, Off, On, Off, Off, Off, Off, Rich
570.437, 725, 1,21, 83, 82, 8, 13,7, 0,34, 2,92, 7, 40, 99, 1,76, Off, On, Off, Off, On, Off, On, Off, Off, Off, Off, Rich
570.484, 688, 1,25, 83, 82, 6, 13,7, 0,34, 2,97, 6, 40, 99, 1,7, Off, Off, Off, Off, On, Off, On, Off, Off, Off, Off, Rich
570.546, 712, 1,28, 83, 82, 6, 13,7, 0,34, 3,08, 7, 40, 99, 1,83, Off, Off, Off, Off, On, Off, On, Off, Off, Off, Off, Rich
570.593, 675, 1,29, 83, 82, 6, 13,7, 0,36, 3,11, 11, 40, 99, 1,75, Off, Off, Off, Off, On, Off, On, Off, Off, Off, Off, Rich
570.640, 675, 1,29, 83, 82, 6, 13,8, 0,36, 3,16, 9, 40, 99, 1,78, Off, Off, Off, Off, On, Off, On, Off, Off, Off, Off, Rich
570.687, 712, 1,32, 83, 82, 6, 13,8, 0,36, 3,23, 7, 40, 99, 1,92, Off, On, Off, Off, On, Off, On, Off, Off, Off, Off, Rich
570.750, 738, 1,36, 83, 82, 6, 13,8, 0,4, 3,25, 5, 40, 99, 2, Off, Off, Off, Off, Off, Off, On, Off, Off, Off, Off, Rich
570.812, 762, 1,4, 83, 81, 6, 13,8, 0,4, 3,41, 9, 33, 99, 2,17, Off, Off, Off, Off, Off, Off, On, Off, Off, Off, Off, Rich
570.859, 775, 1,36, 83, 81, 6, 13,8, 0,4, 3,46, 20, 33, 99, 2,23, Off, Off, Off, Off, Off, Off, On, Off, Off, Off, Off, Rich
570.906, 825, 1,34, 83, 81, 6, 13,8, 0,4, 3,47, 20, 34, 99, 2,39, Off, Off, Off, Off, Off, Off, On, Off, Off, Off, Off, Rich
570.968, 838, 1,35, 83, 80, 6, 13,8, 0,4, 3,47, 21, 34, 99, 2,42, Off, Off, Off, Off, Off, Off, On, Off, Off, Off, Off, Rich
571.015, 862, 1,33, 83, 80, 6, 13,8, 0,38, 3,45, 22, 34, 99, 2,48, Off, Off, Off, Off, Off, Off, On, Off, Off, Off, Off, Rich
571.078, 862, 1,3, 83, 80, 6, 13,8, 0,36, 3,41, 21, 43, 99, 2,45, Off, Off, Off, Off, On, Off, On, Off, Off, Off, Off, Rich
571.125, 875, 1,32, 83, 80, 6, 13,8, 0,34, 3,31, 18, 43, 99, 2,41, Off, Off, Off, Off, On, Off, On, Off, Off, Off, Off, Rich
571.171, 875, 1,32, 83, 81, 6, 13,7, 0,34, 3,31, 16, 49, 99, 2,41, Off, On, Off, Off, On, Off, On, Off, Off, Off, Off, Rich
571.234, 888, 1,38, 83, 83, 4, 13,7, 0,34, 3,25, 13, 49, 99, 2,4, Off, Off, Off, Off, On, Off, On, Off, Off, Off, Off, Rich
571.281, 875, 1,4, 83, 84, 4, 13,7, 0,34, 3,29, 13, 49, 99, 2,4, Off, Off, Off, Off, On, Off, On, Off, Off, Off, Off, Rich
571.343, 888, 1,4, 83, 84, 4, 13,7, 0,34, 3,29, 13, 49, 99, 2,43, Off, On, Off, Off, On, Off, On, Off, Off, Off, Off, Rich
571.390, 875, 1,4, 83, 84, 4, 13,8, 0,34, 3,31, 13, 49, 99, 2,41, Off, On, Off, Off, On, Off, On, Off, Off, Off, Off, Rich
571.453, 888, 1,4, 83, 84, 4, 13,8, 0,34, 3,31, 13, 48, 99, 2,45, Off, Off, Off, Off, On, Off, On, Off, Off, Off, Off, Rich
571.515, 888, 1,4, 83, 83, 4, 13,8, 0,34, 3,32, 13, 48, 99, 2,46, Off, Off, Off, Off, On, Off, On, Off, Off, Off, Off, Rich
571.562, 888, 1,36, 83, 82, 4, 13,8, 0,34, 3,32, 13, 42, 99, 2,46, Off, Off, Off, Off, On, Off, On, Off, Off, Off, Off, Rich
571.625, 900, 1,34, 83, 80, 4, 13,8, 0,34, 3,29, 13, 42, 99, 2,47, Off, Off, Off, Off, On, Off, On, Off, Off, Off, Off, Rich
571.671, 900, 1,33, 83, 79, 4, 13,8, 0,34, 3,22, 13, 42, 99, 2,41, Off, Off, Off, Off, On, Off, On, Off, Off, Off, Off, Rich
571.718, 900, 1,32, 83, 79, 4, 13,8, 0,34, 3,17, 13, 42, 99, 2,38, Off, Off, Off, Off, On, Off, On, Off, Off, Off, Off, Rich
571.781, 938, 1,31, 83, 78, 4, 13,5, 0,34, 3,11, 13, 42, 99, 2,43, Off, Off, Off, Off, On, Off, On, Off, Off, Off, Off, Rich
571.828, 925, 1,3, 83, 79, 4, 13,7, 0,34, 3,09, 11, 42, 99, 2,38, Off, Off, Off, Off, On, Off, On, Off, Off, Off, Off, Rich
571.875, 888, 1,31, 83, 80, 4, 13,8, 0,34, 3,03, 9, 42, 99, 2,24, Off, Off, Off, Off, On, Off, On, Off, Off, Off, Off, Rich
571.937, 888, 1,32, 83, 81, 6, 13,7, 0,34, 3,01, 6, 42, 99, 2,23, Off, Off, Off, Off, On, Off, On, Off, Off, Off, Off, Rich
571.984, 862, 1,31, 83, 81, 6, 13,7, 0,34, 2,98, 4, 42, 99, 2,14, Off, Off, Off, Off, On, Off, On, Off, Off, Off, Off, Rich
572.046, 838, 1,3, 83, 81, 6, 13,7, 0,34, 2,96, 3, 42, 99, 2,07, Off, Off, Off, Off, On, Off, On, Off, Off, Off, Off, Rich
572.093, 812, 1,31, 83, 81, 6, 13,8, 0,34, 2,96, 3, 41, 99, 2, Off, Off, Off, Off, On, Off, On, Off, Off, Off, Off, Rich
572.156, 812, 1,32, 83, 81, 6, 13,8, 0,34, 2,97, 3, 41, 99, 2,01, Off, Off, Off, Off, On, Off, On, Off, Off, Off, Off, Rich
572.203, 812, 1,31, 83, 81, 6, 13,8, 0,34, 2,99, 3, 41, 99, 2,02, Off, Off, Off, Off, On, Off, On, Off, Off, Off, Off, Rich
572.250, 788, 1,3, 83, 80, 6, 13,8, 0,34, 3, 3, 41, 99, 1,97, Off, Off, Off, Off, On, Off, On, Off, Off, Off, Off, Rich
572.312, 775, 1,32, 83, 78, 6, 13,8, 0,34, 3,01, 3, 41, 99, 1,94, Off, Off, Off, Off, On, Off, On, Off, Off, Off, Off, Rich
572.359, 775, 1,31, 83, 78, 6, 13,7, 0,34, 3,04, 3, 41, 99, 1,96, Off, Off, Off, Off, On, Off, On, Off, Off, Off, Off, Rich
572.406, 738, 1,3, 83, 75, 6, 13,8, 0,34, 3,06, 3, 41, 99, 1,88, Off, Off, Off, Off, On, Off, On, Off, Off, Off, Off, Rich
572.468, 762, 1,31, 83, 75, 6, 13,5, 0,34, 3,05, 3, 41, 99, 1,94, Off, Off, Off, Off, On, Off, On, Off, Off, Off, Off, Rich
572.515, 725, 1,3, 83, 72, 6, 13,7, 0,34, 3,17, 3, 41, 99, 1,92, Off, Off, Off, Off, On, Off, On, Off, Off, Off, Off, Rich
572.562, 725, 1,29, 83, 68, 6, 13,6, 0,34, 3,17, 4, 41, 99, 1,92, Off, Off, Off, Off, On, Off, On, Off, Off, Off, Off, Rich
572.625, 725, 1,29, 83, 58, 6, 13,7, 0,34, 3,22, 5, 40, 99, 1,95, Off, Off, Off, Off, On, Off, On, Off, Off, Off, Off, Rich
572.671, 712, 1,28, 83, 58, 6, 13,7, 0,34, 3,21, 3, 40, 99, 1,9, Off, Off, Off, Off, On, Off, On, Off, Off, Off, Off, Rich
572.718, 725, 1,28, 83, 30, 6, 13,7, 0,34, 3,22, 3, 40, 99, 1,95, Off, Off, Off, Off, On, Off, On, Off, Off, Off, Off, Lean
572.781, 725, 1,29, 83, 10, 6, 13,6, 0,34, 3,31, 5, 40, 99, 2, Off, Off, Off, Off, On, Off, On, Off, Off, Off, Off, Lean
572.843, 738, 1,28, 83, 10, 6, 13,8, 0,34, 3,29, 5, 40, 99, 2,02, Off, Off, Off, Off, On, Off, On, Off, Off, Off, Off, Lean
572.890, 738, 1,28, 83, 5, 6, 13,8, 0,34, 3,29, 3, 40, 99, 2,02, Off, Off, Off, Off, On, Off, On, Off, Off, Off, Off, Lean
572.953, 738, 1,28, 83, 3, 6, 13,8, 0,34, 3,31, 3, 40, 99, 2,04, Off, Off, Off, Off, On, Off, On, Off, Off, Off, Off, Lean
572.984, 738, 1,28, 83, 3, 6, 13,8, 0,34, 3,32, 3, 40, 99, 2,04, Off, Off, Off, Off, On, Off, On, Off, Off, Off, Off, Lean
573.046, 775, 1,28, 83, 4, 6, 13,8, 0,34, 3,31, 3, 40, 99, 2,14, Off, Off, Off, Off, On, Off, On, Off, Off, Off, Off, Lean
573.109, 788, 1,28, 83, 5, 6, 13,8, 0,34, 3,31, 3, 40, 99, 2,17, Off, Off, Off, Off, On, Off, On, Off, Off, Off, Off, Lean
573.156, 775, 1,28, 83, 5, 6, 13,8, 0,34, 3,3, 3, 39, 99, 2,13, Off, Off, Off, Off, On, Off, On, Off, Off, Off, Off, Lean
573.203, 788, 1,27, 83, 12, 6, 13,7, 0,34, 3,29, 3, 39, 99, 2,16, Off, Off, Off, Off, On, Off, On, Off, Off, Off, Off, Lean
573.250, 775, 1,28, 83, 52, 6, 13,7, 0,34, 3,19, 3, 39, 99, 2,06, Off, Off, Off, Off, On, Off, On, Off, Off, Off, Off, Lean
573.296, 738, 1,27, 83, 52, 4, 13,7, 0,36, 3,1, 3, 39, 98, 1,91, Off, Off, Off, Off, On, Off, On, Off, Off, Off, Off, Rich
573.343, 775, 1,28, 83, 72, 4, 13,7, 0,36, 3,14, 3, 39, 98, 2,03, Off, Off, Off, Off, On, Off, On, Off, Off, Off, Off, Rich
573.406, 775, 1,3, 83, 78, 4, 13,7, 0,36, 3,21, 3, 39, 98, 2,07, Off, Off, Off, Off, On, Off, On, Off, Off, Off, Off, Rich
573.453, 725, 1,3, 83, 78, 4, 13,7, 0,36, 3,23, 3, 39, 98, 1,95, Off, Off, Off, Off, On, Off, On, Off, Off, Off, Off, Rich
573.500, 762, 1,3, 83, 80, 4, 13,6, 0,36, 3,25, 3, 39, 98, 2,06, Off, Off, Off, Off, On, Off, On, Off, Off, Off, Off, Rich
573.578, 738, 1,3, 83, 81, 4, 13,8, 0,36, 3,24, 3, 39, 98, 1,99, Off, Off, Off, Off, On, Off, On, Off, Off, Off, Off, Rich
573.625, 775, 1,3, 83, 81, 4, 13,8, 0,36, 3,23, 3, 38, 98, 2,09, Off, Off, Off, Off, On, Off, On, Off, Off, Off, Off, Rich
573.671, 762, 1,3, 83, 81, 4, 13,8, 0,36, 3,22, 3, 38, 98, 2,04, Off, Off, Off, Off, On, Off, On, Off, Off, Off, Off, Rich
573.734, 762, 1,3, 83, 80, 4, 13,8, 0,36, 3,23, 3, 38, 98, 2,05, Off, Off, Off, Off, On, Off, On, Off, Off, Off, Off, Rich
573.765, 788, 1,3, 83, 80, 4, 13,8, 0,36, 3,16, 3, 38, 98, 2,08, Off, Off, Off, Off, On, Off, On, Off, Off, Off, Off, Rich
573.843, 775, 1,3, 83, 80, 4, 13,8, 0,36, 3,19, 3, 38, 98, 2,06, Off, Off, Off, Off, On, Off, On, Off, Off, Off, Off, Rich
573.890, 775, 1,28, 83, 79, 4, 13,7, 0,36, 3,19, 3, 38, 98, 2,06, Off, Off, Off, Off, On, Off, On, Off, Off, Off, Off, Rich
573.953, 812, 1,3, 83, 78, 4, 13,7, 0,36, 3,09, 3, 38, 98, 2,09, Off, Off, Off, Off, On, Off, On, Off, Off, Off, Off, Rich
574.000, 788, 1,29, 83, 78, 4, 13,6, 0,36, 3,11, 3, 38, 98, 2,04, Off, Off, Off, Off, On, Off, On, Off, Off, Off, Off, Rich
574.046, 762, 1,28, 83, 78, 4, 13,7, 0,36, 3,15, 3, 38, 98, 2, Off, Off, Off, Off, On, Off, On, Off, Off, Off, Off, Rich
574.109, 775, 1,3, 83, 78, 4, 13,7, 0,36, 3,17, 3, 38, 98, 2,05, Off, Off, Off, Off, On, Off, On, Off, Off, Off, Off, Rich
574.156, 788, 1,36, 83, 78, 4, 13,6, 0,42, 3,27, 3, 38, 98, 2,15, Off, Off, Off, Off, Off, Off, On, Off, Off, Off, Off, Rich
574.203, 762, 1,5, 83, 78, 4, 13,8, 0,5, 4,15, 11, 38, 98, 2,64, Off, Off, Off, Off, Off, Off, On, Off, Off, Off, Off, Rich
574.281, 788, 1,63, 83, 77, 4, 13,8, 0,54, 4,56, 12, 38, 98, 2,99, Off, Off, Off, Off, Off, Off, On, Off, Off, Off, Off, Rich
574.328, 862, 1,7, 83, 77, 4, 13,8, 0,54, 4,8, 13, 38, 98, 3,45, Off, Off, Off, Off, Off, Off, On, Off, Off, Off, Off, Rich
574.375, 888, 1,7, 83, 77, 4, 13,7, 0,54, 4,85, 14, 38, 98, 3,59, Off, Off, Off, Off, Off, Off, On, Off, Off, Off, Off, Rich
574.437, 988, 1,7, 83, 79, 4, 13,8, 0,54, 4,87, 18, 38, 98, 4,01, Off, Off, Off, Off, Off, Off, On, Off, Off, Off, Off, Rich
574.484, 1025, 1,69, 83, 83, 4, 13,8, 0,52, 4,87, 20, 38, 98, 4,16, Off, Off, Off, Off, Off, Off, On, Off, Off, Off, Off, Rich
574.531, 1062, 1,5, 83, 85, 4, 13,8, 0,4, 4,24, 22, 38, 98, 3,75, Off, Off, Off, Off, Off, Off, On, Off, Off, Off, Off, Rich
574.593, 1112, 1,42, 83, 86, 4, 13,8, 0,4, 3,9, 25, 38, 98, 3,61, Off, Off, Off, Off, Off, Off, On, Off, Off, Off, Off, Rich
574.656, 1150, 1,4, 83, 86, 4, 13,8, 0,4, 3,72, 28, 38, 98, 3,57, Off, Off, Off, Off, Off, Off, On, Off, Off, Off, Off, Rich
574.703, 1150, 1,34, 83, 85, 4, 13,8, 0,34, 3,5, 26, 47, 98, 3,35, Off, Off, Off, Off, On, Off, On, Off, Off, Off, Off, Rich
574.750, 1112, 1,37, 83, 85, 4, 13,8, 0,34, 3,42, 22, 47, 98, 3,17, Off, Off, Off, Off, On, Off, On, Off, Off, Off, Off, Rich
574.812, 1100, 1,38, 83, 85, 4, 13,8, 0,34, 3,24, 20, 47, 98, 2,97, Off, Off, Off, Off, On, Off, On, Off, Off, Off, Off, Rich
574.859, 1062, 1,38, 83, 85, 4, 13,8, 0,34, 3,18, 16, 47, 98, 2,81, Off, Off, Off, Off, On, Off, On, Off, Off, Off, Off, Rich
574.921, 1050, 1,38, 83, 85, 4, 13,8, 0,34, 3,05, 13, 46, 98, 2,67, Off, Off, Off, Off, On, Off, On, Off, Off, Off, Off, Rich
574.984, 1000, 1,36, 83, 85, 4, 13,8, 0,34, 3,04, 13, 46, 98, 2,53, Off, Off, Off, Off, On, Off, On, Off, Off, Off, Off, Rich
575.046, 1000, 1,38, 83, 84, 4, 13,8, 0,34, 2,99, 13, 46, 98, 2,49, Off, Off, Off, Off, On, Off, On, Off, Off, Off, Off, Rich
575.093, 975, 1,38, 83, 84, 4, 13,8, 0,34, 3,01, 13, 45, 98, 2,45, Off, Off, Off, Off, On, Off, On, Off, Off, Off, Off, Rich
575.140, 950, 1,4, 83, 83, 4, 13,8, 0,34, 3, 13, 45, 98, 2,38, Off, Off, Off, Off, On, Off, On, Off, Off, Off, Off, Rich
575.203, 925, 1,4, 83, 83, 4, 13,8, 0,34, 2,98, 13, 45, 98, 2,3, Off, Off, Off, Off, On, Off, On, Off, Off, Off, Off, Rich
575.265, 900, 1,4, 83, 81, 4, 13,8, 0,34, 2,98, 13, 45, 98, 2,24, Off, Off, Off, Off, On, Off, On, Off, Off, Off, Off, Rich
575.312, 875, 1,4, 83, 80, 4, 13,8, 0,34, 3,01, 13, 45, 98, 2,19, Off, Off, Off, Off, On, Off, On, Off, Off, Off, Off, Rich
575.375, 875, 1,32, 83, 80, 4, 13,7, 0,34, 3,01, 13, 45, 98, 2,19, Off, Off, Off, Off, On, Off, On, Off, Off, Off, Off, Rich
575.421, 862, 1,34, 83, 78, 4, 13,8, 0,34, 3,03, 13, 44, 98, 2,18, Off, Off, Off, Off, On, Off, On, Off, Off, Off, Off, Rich
575.484, 838, 1,37, 83, 78, 4, 13,8, 0,34, 3,04, 13, 44, 98, 2,12, Off, Off, Off, Off, On, Off, On, Off, Off, Off, Off, Rich
575.531, 838, 1,38, 83, 76, 4, 13,8, 0,34, 3,06, 11, 44, 98, 2,14, Off, Off, Off, Off, On, Off, On, Off, Off, Off, Off, Rich
575.593, 838, 1,38, 83, 78, 4, 13,8, 0,34, 3,07, 8, 44, 98, 2,14, Off, Off, Off, Off, On, Off, On, Off, Off, Off, Off, Rich
575.656, 838, 1,32, 83, 78, 4, 13,8, 0,34, 3,08, 6, 44, 98, 2,15, Off, Off, Off, Off, On, Off, On, Off, Off, Off, Off, Rich
575.718, 825, 1,3, 83, 77, 4, 13,5, 0,34, 3,1, 3, 43, 98, 2,13, Off, Off, Off, Off, On, Off, On, Off, Off, Off, Off, Rich
575.750, 825, 1,36, 83, 77, 4, 13,5, 0,34, 3,12, 3, 43, 98, 2,14, Off, Off, Off, Off, On, Off, On, Off, Off, Off, Off, Rich
575.812, 775, 1,36, 83, 77, 4, 13,6, 0,34, 3,1, 3, 42, 98, 2, Off, Off, Off, Off, On, Off, On, Off, Off, Off, Off, Rich
575.875, 762, 1,32, 83, 77, 4, 13,6, 0,34, 3,11, 3, 42, 98, 1,97, Off, Off, Off, Off, On, Off, On, Off, Off, Off, Off, Rich
575.937, 762, 1,3, 83, 76, 4, 13,7, 0,34, 3,13, 3, 42, 98, 1,99, Off, Off, Off, Off, On, Off, On, Off, Off, Off, Off, Rich
575.984, 762, 1,35, 83, 73, 4, 13,7, 0,34, 3,13, 3, 42, 98, 1,99, Off, Off, Off, Off, On, Off, On, Off, Off, Off, Off, Rich
576.031, 762, 1,34, 83, 71, 4, 13,6, 0,34, 3,16, 3, 42, 98, 2,01, Off, Off, Off, Off, On, Off, On, Off, Off, Off, Off, Rich
576.093, 762, 1,29, 83, 71, 4, 13,6, 0,34, 3,21, 3, 42, 98, 2,04, Off, Off, Off, Off, On, Off, On, Off, Off, Off, Off, Rich
576.125, 738, 1,3, 83, 69, 6, 13,7, 0,34, 3,2, 3, 42, 98, 1,97, Off, Off, Off, Off, On, Off, On, Off, Off, Off, Off, Rich
576.187, 775, 1,32, 83, 69, 6, 13,7, 0,34, 3,19, 3, 42, 98, 2,06, Off, Off, Off, Off, On, Off, On, Off, Off, Off, Off, Rich
576.250, 775, 1,3, 83, 66, 6, 13,6, 0,34, 3,21, 3, 41, 98, 2,07, Off, Off, Off, Off, On, Off, On, Off, Off, Off, Off, Rich
576.296, 762, 1,3, 83, 54, 6, 13,8, 0,34, 3,21, 3, 41, 98, 2,04, Off, Off, Off, Off, On, Off, On, Off, Off, Off, Off, Rich
576.375, 762, 1,31, 83, 33, 6, 13,8, 0,34, 3,2, 3, 41, 98, 2,03, Off, Off, Off, Off, On, Off, On, Off, Off, Off, Off, Rich
576.421, 775, 1,3, 83, 33, 6, 13,8, 0,34, 3,25, 3, 41, 98, 2,1, Off, Off, Off, Off, On, Off, On, Off, Off, Off, Off, Lean
576.468, 762, 1,28, 83, 15, 6, 13,8, 0,34, 3,25, 3, 41, 98, 2,06, Off, Off, Off, Off, On, Off, On, Off, Off, Off, Off, Lean
576.531, 762, 1,31, 83, 7, 6, 13,8, 0,34, 3,24, 3, 40, 98, 2,06, Off, Off, Off, Off, On, Off, On, Off, Off, Off, Off, Lean
576.578, 775, 1,29, 83, 7, 6, 13,8, 0,34, 3,25, 3, 40, 98, 2,1, Off, Off, Off, Off, On, Off, On, Off, Off, Off, Off, Lean
576.625, 775, 1,28, 83, 4, 6, 13,8, 0,34, 3,24, 3, 40, 98, 2,09, Off, Off, Off, Off, On, Off, On, Off, Off, Off, Off, Lean
576.671, 775, 1,29, 83, 3, 6, 13,8, 0,34, 3,22, 3, 40, 98, 2,08, Off, Off, Off, Off, On, Off, On, Off, Off, Off, Off, Lean
576.718, 775, 1,28, 83, 3, 6, 13,8, 0,34, 3,21, 3, 40, 98, 2,07, Off, Off, Off, Off, On, Off, On, Off, Off, Off, Off, Lean
576.765, 775, 1,28, 83, 3, 6, 13,8, 0,34, 3,19, 3, 39, 98, 2,06, Off, Off, Off, Off, On, Off, On, Off, Off, Off, Off, Lean
576.828, 775, 1,28, 83, 4, 6, 13,8, 0,34, 3,19, 3, 39, 98, 2,06, Off, Off, Off, Off, On, Off, On, Off, Off, Off, Off, Lean
576.875, 775, 1,28, 83, 4, 2, 13,8, 0,34, 3,18, 3, 39, 98, 2,05, Off, Off, Off, Off, On, Off, On, Off, Off, Off, Off, Lean
576.921, 775, 1,27, 83, 6, 2, 13,8, 0,34, 3,17, 3, 38, 98, 2,05, Off, Off, Off, Off, On, Off, On, Off, Off, Off, Off, Lean
576.968, 775, 1,28, 83, 39, 2, 13,8, 0,34, 3,08, 3, 38, 98, 1,99, Off, Off, Off, Off, On, Off, On, Off, Off, Off, Off, Lean
577.031, 775, 1,26, 83, 39, 2, 13,8, 0,34, 3,11, 3, 38, 98, 2,01, Off, Off, Off, Off, On, Off, On, Off, Off, Off, Off, Lean
577.093, 762, 1,26, 83, 65, 2, 13,8, 0,34, 3,11, 3, 38, 98, 1,97, Off, Off, Off, Off, On, Off, On, Off, Off, Off, Off, Rich
577.140, 762, 1,28, 83, 73, 2, 13,8, 0,34, 3,07, 3, 38, 98, 1,95, Off, Off, Off, Off, On, Off, On, Off, Off, Off, Off, Rich
577.187, 738, 1,26, 83, 73, 2, 13,5, 0,34, 3,03, 3, 38, 98, 1,86, Off, Off, Off, Off, On, Off, On, Off, Off, Off, Off, Rich
577.250, 725, 1,25, 83, 76, 2, 13,5, 0,34, 3,09, 3, 38, 98, 1,87, Off, Off, Off, Off, On, Off, On, Off, Off, Off, Off, Rich
577.312, 738, 1,25, 83, 77, 2, 13,5, 0,34, 3,1, 3, 38, 98, 1,91, Off, Off, Off, Off, On, Off, On, Off, Off, Off, Off, Rich
577.359, 725, 1,26, 83, 77, 2, 13,6, 0,34, 3,03, 3, 38, 98, 1,83, Off, Off, Off, Off, On, Off, On, Off, Off, Off, Off, Rich
577.421, 762, 1,26, 83, 76, 2, 13,5, 0,34, 3,15, 4, 38, 98, 2, Off, Off, Off, Off, On, Off, On, Off, Off, Off, Off, Rich
577.468, 738, 1,26, 83, 75, 2, 13,5, 0,34, 3,11, 3, 38, 98, 1,91, Off, Off, Off, Off, On, Off, On, Off, Off, Off, Off, Rich
577.515, 738, 1,26, 83, 72, 2, 13,6, 0,34, 3,14, 4, 38, 98, 1,93, Off, Off, Off, Off, On, Off, On, Off, Off, Off, Off, Rich
577.562, 738, 1,25, 83, 72, 4, 13,8, 0,34, 3,07, 3, 38, 98, 1,89, Off, Off, Off, Off, On, Off, On, Off, Off, Off, Off, Rich
577.625, 738, 1,27, 83, 61, 4, 13,8, 0,34, 3,05, 3, 38, 98, 1,88, Off, Off, Off, Off, On, Off, On, Off, Off, Off, Off, Rich
577.671, 762, 1,26, 83, 61, 4, 13,5, 0,34, 3,06, 3, 38, 98, 1,94, Off, Off, Off, Off, On, Off, On, Off, Off, Off, Off, Rich
577.750, 738, 1,25, 83, 25, 4, 13,7, 0,34, 3,08, 3, 38, 98, 1,89, Off, Off, Off, Off, On, Off, On, Off, Off, Off, Off, Lean
577.796, 738, 1,25, 83, 9, 4, 13,8, 0,34, 3,12, 3, 38, 98, 1,92, Off, Off, Off, Off, On, Off, On, Off, Off, Off, Off, Lean
577.843, 762, 1,26, 83, 9, 4, 13,7, 0,34, 3,05, 3, 38, 98, 1,94, Off, Off, Off, Off, On, Off, On, Off, Off, Off, Off, Lean
577.906, 725, 1,25, 83, 4, 4, 13,6, 0,34, 3,11, 3, 38, 98, 1,88, Off, Off, Off, Off, On, Off, On, Off, Off, Off, Off, Lean
577.968, 762, 1,25, 83, 2, 4, 13,5, 0,34, 3,11, 3, 38, 98, 1,97, Off, Off, Off, Off, On, Off, On, Off, Off, Off, Off, Lean
578.015, 738, 1,26, 83, 2, 4, 13,7, 0,34, 3,1, 3, 38, 98, 1,91, Off, Off, Off, Off, On, Off, On, Off, Off, Off, Off, Lean
578.062, 725, 1,25, 83, 2, 4, 13,6, 0,34, 3,08, 3, 38, 98, 1,86, Off, Off, Off, Off, On, Off, On, Off, Off, Off, Off, Lean
578.109, 738, 1,25, 83, 1, 4, 13,6, 0,34, 3,18, 3, 38, 98, 1,96, Off, Off, Off, Off, On, Off, On, Off, Off, Off, Off, Lean
578.171, 725, 1,26, 83, 1, 4, 13,6, 0,34, 3,17, 3, 38, 98, 1,92, Off, Off, Off, Off, On, Off, On, Off, Off, Off, Off, Lean
578.218, 738, 1,24, 83, 1, 4, 13,4, 0,34, 3,19, 5, 38, 98, 1,96, Off, Off, Off, Off, On, Off, On, Off, Off, Off, Off, Lean
578.265, 738, 1,25, 83, 2, 2, 13,7, 0,34, 3,12, 5, 38, 98, 1,92, Off, Off, Off, Off, On, Off, On, Off, Off, Off, Off, Lean
578.312, 738, 1,26, 83, 2, 2, 13,7, 0,34, 3,19, 3, 38, 98, 1,96, Off, Off, Off, Off, On, Off, On, Off, Off, Off, Off, Lean
578.375, 725, 1,24, 83, 2, 2, 13,7, 0,34, 3,17, 3, 37, 98, 1,92, Off, Off, Off, Off, On, Off, On, Off, Off, Off, Off, Lean
578.437, 725, 1,24, 83, 2, 2, 13,6, 0,34, 3,17, 4, 37, 98, 1,92, Off, Off, Off, Off, On, Off, On, Off, Off, Off, Off, Lean
578.500, 762, 1,25, 83, 2, 2, 13,6, 0,34, 3,06, 3, 37, 98, 1,94, Off, Off, Off, Off, On, Off, On, Off, Off, Off, Off, Lean
578.546, 738, 1,24, 83, 2, 2, 13,6, 0,34, 3,12, 3, 37, 98, 1,92, Off, Off, Off, Off, On, Off, On, Off, Off, Off, Off, Lean
578.609, 762, 1,24, 83, 1, 2, 13,6, 0,34, 3,09, 3, 37, 98, 1,96, Off, Off, Off, Off, On, Off, On, Off, Off, Off, Off, Lean
578.656, 738, 1,24, 83, 1, 2, 13,6, 0,34, 3,06, 3, 37, 98, 1,88, Off, Off, Off, Off, On, Off, On, Off, Off, Off, Off, Lean
578.703, 725, 1,24, 83, 1, 2, 13,6, 0,34, 3,03, 3, 37, 98, 1,83, Off, Off, Off, Off, On, Off, On, Off, Off, Off, Off, Lean
578.750, 738, 1,25, 83, 1, 2, 13,7, 0,34, 3,05, 3, 37, 98, 1,88, Off, Off, Off, Off, On, Off, On, Off, Off, Off, Off, Lean
578.812, 738, 1,24, 83, 1, 2, 13,6, 0,34, 3,05, 3, 37, 98, 1,88, Off, Off, Off, Off, On, Off, On, Off, Off, Off, Off, Lean
578.859, 762, 1,24, 83, 1, 2, 13,4, 0,34, 3,13, 3, 37, 98, 1,99, Off, Off, Off, Off, On, Off, On, Off, Off, Off, Off, Lean
578.921, 725, 1,24, 83, 0, 2, 13,7, 0,34, 3,15, 3, 37, 98, 1,9, Off, Off, Off, Off, On, Off, On, Off, Off, Off, Off, Lean
578.968, 762, 1,25, 83, 0, 2, 13,7, 0,34, 3,09, 4, 37, 98, 1,96, Off, Off, Off, Off, On, Off, On, Off, Off, Off, Off, Lean
579.015, 738, 1,24, 83, 0, 2, 13,8, 0,34, 3,1, 3, 37, 98, 1,91, Off, Off, Off, Off, On, Off, On, Off, Off, Off, Off, Lean
579.078, 738, 1,24, 83, 0, 2, 13,6, 0,34, 3,1, 3, 37, 98, 1,91, Off, Off, Off, Off, On, Off, On, Off, Off, Off, Off, Lean
579.140, 762, 1,25, 83, 0, 2, 13,4, 0,34, 3,07, 3, 37, 98, 1,95, Off, Off, Off, Off, On, Off, On, Off, Off, Off, Off, Lean
579.187, 738, 1,24, 83, 1, 2, 13,7, 0,34, 3,05, 3, 37, 98, 1,88, Off, Off, Off, Off, On, Off, On, Off, Off, Off, Off, Lean
579.250, 738, 1,24, 83, 0, 2, 13,7, 0,34, 3,1, 3, 37, 98, 1,91, Off, Off, Off, Off, On, Off, On, Off, Off, Off, Off, Lean
579.296, 725, 1,25, 83, 1, 2, 13,7, 0,34, 3,11, 3, 37, 98, 1,88, Off, Off, Off, Off, On, Off, On, Off, Off, Off, Off, Lean
579.343, 762, 1,24, 83, 1, 2, 13,7, 0,34, 3,07, 3, 37, 98, 1,95, Off, Off, Off, Off, On, Off, On, Off, Off, Off, Off, Lean
579.406, 762, 1,24, 83, 1, 2, 13,6, 0,34, 3,06, 3, 37, 98, 1,94, Off, Off, Off, Off, On, Off, On, Off, Off, Off, Off, Lean
579.453, 738, 1,25, 83, 1, 2, 13,6, 0,34, 3,08, 3, 36, 98, 1,89, Off, Off, Off, Off, On, Off, On, Off, Off, Off, Off, Lean
579.515, 762, 1,23, 83, 1, 2, 13,7, 0,34, 3,07, 5, 36, 98, 1,95, Off, Off, Off, Off, On, Off, On, Off, Off, Off, Off, Lean
579.562, 738, 1,24, 83, 1, 2, 13,7, 0,34, 3,11, 3, 36, 98, 1,91, Off, Off, Off, Off, On, Off, On, Off, Off, Off, Off, Lean
579.625, 762, 1,25, 83, 1, 2, 13,7, 0,34, 3,07, 3, 36, 98, 1,95, Off, Off, Off, Off, On, Off, On, Off, Off, Off, Off, Lean
579.671, 738, 1,24, 83, 1, 0, 13,7, 0,34, 3,05, 3, 36, 98, 1,88, Off, Off, Off, Off, On, Off, On, Off, Off, Off, Off, Lean
579.718, 725, 1,24, 83, 2, 0, 13,7, 0,34, 3,1, 3, 36, 98, 1,87, Off, Off, Off, Off, On, Off, On, Off, Off, Off, Off, Lean
579.765, 738, 1,24, 83, 3, 0, 13,7, 0,34, 3,13, 5, 36, 98, 1,92, Off, Off, Off, Off, On, Off, On, Off, Off, Off, Off, Lean
579.828, 725, 1,23, 83, 3, 0, 13,7, 0,34, 3,08, 5, 36, 98, 1,86, Off, Off, Off, Off, On, Off, On, Off, Off, Off, Off, Lean
579.890, 762, 1,23, 83, 4, 0, 13,6, 0,34, 3,12, 4, 36, 98, 1,98, Off, Off, Off, Off, On, Off, On, Off, Off, Off, Off, Lean
579.937, 725, 1,24, 83, 6, 0, 13,7, 0,34, 3,06, 4, 36, 98, 1,85, Off, Off, Off, Off, On, Off, On, Off, Off, Off, Off, Lean
579.984, 762, 1,23, 83, 6, 0, 13,7, 0,34, 3,06, 5, 36, 98, 1,94, Off, Off, On, Off, On, Off, On, Off, Off, Off, Off, Lean
580.046, 738, 1,24, 83, 39, 0, 13,5, 0,34, 3,12, 9, 36, 98, 1,92, Off, Off, Off, Off, On, Off, On, Off, Off, Off, Off, Lean
580.093, 738, 1,24, 83, 67, 0, 13,6, 0,34, 3,13, 6, 36, 98, 1,92, Off, Off, Off, Off, On, Off, On, Off, Off, Off, Off, Lean
580.140, 738, 1,22, 83, 67, 0, 13,7, 0,34, 3,13, 5, 36, 100, 1,92, Off, Off, Off, Off, On, Off, On, Off, Off, Off, Off, Rich
580.203, 725, 1,24, 83, 76, 0, 13,7, 0,34, 3,02, 8, 36, 100, 1,82, Off, Off, On, Off, On, Off, On, Off, Off, Off, Off, Rich
580.250, 762, 1,24, 83, 79, 0, 13,7, 0,34, 3, 13, 36, 100, 1,9, Off, Off, On, Off, On, Off, On, Off, Off, Off, Off, Rich
580.312, 775, 1,23, 83, 79, 0, 13,7, 0,34, 2,99, 13, 36, 100, 1,93, Off, Off, On, Off, On, Off, On, Off, Off, Off, Off, Rich
580.359, 738, 1,23, 83, 81, 0, 13,7, 0,34, 2,95, 13, 36, 100, 1,81, Off, Off, On, Off, On, Off, On, Off, Off, Off, Off, Rich
580.406, 788, 1,24, 83, 81, 0, 13,6, 0,34, 2,91, 13, 31, 100, 1,91, Off, Off, On, Off, On, Off, On, Off, Off, Off, Off, Rich
580.453, 775, 1,19, 83, 81, 0, 13,7, 0,34, 2,9, 11, 31, 100, 1,87, Off, Off, On, Off, On, Off, On, Off, Off, Off, Off, Rich
580.515, 762, 1,18, 83, 82, 0, 13,7, 0,34, 2,77, 8, 31, 100, 1,76, Off, Off, On, Off, On, Off, On, Off, Off, Off, Off, Rich
580.578, 812, 1,19, 83, 82, 0, 13,6, 0,34, 2,7, 7, 31, 100, 1,83, Off, Off, On, Off, On, Off, On, Off, Off, Off, Off, Rich
580.625, 812, 1,18, 83, 81, 0, 13,6, 0,34, 2,62, 5, 31, 100, 1,77, Off, Off, On, Off, On, Off, On, Off, Off, Off, Off, Rich
580.671, 788, 1,18, 83, 81, 0, 13,7, 0,34, 2,64, 5, 31, 100, 1,73, Off, Off, On, Off, On, Off, On, Off, Off, Off, Off, Rich
580.734, 812, 1,18, 83, 79, 0, 13,7, 0,34, 2,62, 5, 31, 100, 1,77, Off, Off, On, Off, On, Off, On, Off, Off, Off, Off, Rich
580.781, 838, 1,18, 83, 76, 0, 13,7, 0,34, 2,59, 5, 31, 100, 1,81, Off, Off, On, Off, On, Off, On, Off, Off, Off, Off, Rich
580.828, 838, 1,17, 83, 76, 0, 13,6, 0,34, 2,57, 5, 31, 100, 1,79, Off, Off, On, Off, On, Off, On, Off, Off, Off, Off, Rich
580.875, 838, 1,18, 83, 73, 0, 13,6, 0,34, 2,57, 5, 31, 100, 1,79, Off, Off, On, Off, On, Off, On, Off, Off, Off, Off, Rich
580.937, 825, 1,18, 83, 62, 0, 13,7, 0,34, 2,54, 5, 30, 100, 1,75, Off, Off, On, Off, On, Off, On, Off, Off, Off, Off, Rich
580.984, 838, 1,16, 83, 62, 0, 13,7, 0,34, 2,52, 5, 30, 100, 1,76, Off, Off, On, Off, On, Off, On, Off, Off, Off, Off, Rich
581.031, 812, 1,16, 83, 22, 0, 13,8, 0,34, 2,54, 5, 30, 101, 1,72, Off, Off, On, Off, On, Off, On, Off, Off, Off, Off, Lean
581.078, 825, 1,17, 83, 8, 0, 13,6, 0,34, 2,56, 5, 29, 101, 1,76, Off, Off, On, Off, On, Off, On, Off, Off, Off, Off, Lean
581.125, 812, 1,17, 83, 8, 0, 13,8, 0,34, 2,55, 5, 29, 101, 1,73, Off, Off, On, Off, On, Off, On, Off, Off, Off, Off, Lean
581.187, 812, 1,16, 83, 4, 0, 13,8, 0,34, 2,53, 5, 29, 101, 1,71, Off, Off, On, Off, On, Off, On, Off, Off, Off, Off, Lean
581.250, 825, 1,16, 83, 3, 0, 13,8, 0,34, 2,55, 5, 29, 101, 1,75, Off, Off, On, Off, On, Off, On, Off, Off, Off, Off, Lean
581.296, 825, 1,16, 83, 3, 0, 13,5, 0,34, 2,51, 5, 28, 101, 1,73, Off, Off, On, Off, On, Off, On, Off, Off, Off, Off, Lean
581.343, 838, 1,15, 83, 2, 0, 13,8, 0,34, 2,47, 5, 28, 101, 1,72, Off, Off, On, Off, On, Off, On, Off, Off, Off, Off, Lean
581.390, 825, 1,16, 83, 1, 0, 13,8, 0,34, 2,49, 5, 28, 101, 1,71, Off, Off, On, Off, On, Off, On, Off, Off, Off, Off, Lean
581.453, 812, 1,16, 83, 0, 0, 13,8, 0,34, 2,5, 5, 28, 101, 1,69, Off, Off, On, Off, On, Off, On, Off, Off, Off, Off, Lean
581.500, 812, 1,15, 83, 0, 0, 13,8, 0,34, 2,48, 5, 28, 101, 1,68, Off, Off, On, Off, On, Off, On, Off, Off, Off, Off, Lean
581.562, 788, 1,15, 83, 0, 0, 13,8, 0,34, 2,48, 5, 28, 101, 1,63, Off, Off, On, Off, On, Off, On, Off, Off, Off, Off, Lean
581.609, 812, 1,16, 83, 0, 0, 13,6, 0,34, 2,52, 5, 28, 101, 1,71, Off, Off, On, Off, On, Off, On, Off, Off, Off, Off, Lean
581.656, 812, 1,16, 83, 0, 0, 13,7, 0,34, 2,5, 5, 28, 101, 1,69, Off, Off, On, Off, On, Off, On, Off, Off, Off, Off, Lean
581.718, 812, 1,15, 83, 0, 0, 13,8, 0,34, 2,48, 5, 28, 101, 1,68, Off, Off, On, Off, On, Off, On, Off, Off, Off, Off, Lean
581.781, 812, 1,15, 83, 0, 0, 13,8, 0,34, 2,46, 5, 28, 101, 1,66, Off, Off, On, Off, On, Off, On, Off, Off, Off, Off, Lean
581.828, 825, 1,15, 83, 0, 0, 13,8, 0,34, 2,48, 5, 28, 101, 1,71, Off, Off, On, Off, On, Off, On, Off, Off, Off, Off, Lean
581.890, 812, 1,16, 83, 0, 0, 13,8, 0,34, 2,47, 5, 28, 101, 1,67, Off, Off, On, Off, On, Off, On, Off, Off, Off, Off, Lean
581.953, 812, 1,16, 83, 0, 0, 13,8, 0,34, 2,46, 5, 28, 101, 1,66, Off, Off, On, Off, On, Off, On, Off, Off, Off, Off, Lean
582.000, 812, 1,15, 83, 0, 0, 13,8, 0,34, 2,49, 5, 28, 101, 1,68, Off, Off, On, Off, On, Off, On, Off, Off, Off, Off, Lean
582.062, 788, 1,15, 83, 0, 0, 13,8, 0,34, 2,51, 5, 28, 101, 1,65, Off, Off, On, Off, On, Off, On, Off, Off, Off, Off, Lean
582.109, 788, 1,16, 83, 0, 0, 13,8, 0,34, 2,53, 5, 28, 101, 1,66, Off, Off, On, Off, On, Off, On, Off, Off, Off, Off, Lean
582.156, 788, 1,16, 83, 0, 0, 13,8, 0,34, 2,5, 5, 28, 101, 1,64, Off, Off, On, Off, On, Off, On, Off, Off, Off, Off, Lean
582.218, 788, 1,15, 83, 0, 0, 13,8, 0,34, 2,52, 5, 28, 101, 1,65, Off, Off, On, Off, On, Off, On, Off, Off, Off, Off, Lean
582.281, 788, 1,15, 83, 0, 0, 13,8, 0,34, 2,52, 5, 28, 101, 1,65, Off, Off, On, Off, On, Off, On, Off, Off, Off, Off, Lean
582.328, 825, 1,16, 83, 0, 0, 13,7, 0,34, 2,5, 5, 28, 101, 1,72, Off, Off, On, Off, On, Off, On, Off, Off, Off, Off, Lean
582.375, 788, 1,16, 83, 0, 0, 13,8, 0,34, 2,47, 5, 28, 101, 1,62, Off, Off, On, Off, On, Off, On, Off, Off, Off, Off, Lean
582.437, 812, 1,15, 83, 0, 0, 13,8, 0,34, 2,53, 5, 28, 101, 1,71, Off, Off, On, Off, On, Off, On, Off, Off, Off, Off, Lean
582.500, 812, 1,15, 83, 1, 0, 13,7, 0,34, 2,52, 5, 28, 101, 1,71, Off, Off, On, Off, On, Off, On, Off, Off, Off, Off, Lean
582.546, 812, 1,16, 83, 1, 0, 13,8, 0,34, 2,52, 5, 28, 101, 1,71, Off, Off, On, Off, On, Off, On, Off, Off, Off, Off, Lean
582.593, 812, 1,16, 83, 1, 0, 13,8, 0,34, 2,5, 5, 28, 101, 1,69, Off, Off, On, Off, On, Off, On, Off, Off, Off, Off, Lean
582.671, 788, 1,14, 83, 2, 0, 13,8, 0,34, 2,53, 5, 28, 101, 1,66, Off, Off, On, Off, On, Off, On, Off, Off, Off, Off, Lean
582.718, 788, 1,15, 83, 3, 0, 13,8, 0,34, 2,54, 5, 28, 101, 1,67, Off, Off, On, Off, On, Off, On, Off, Off, Off, Off, Lean
582.765, 812, 1,16, 83, 3, 0, 13,7, 0,34, 2,49, 5, 28, 101, 1,68, Off, Off, On, Off, On, Off, On, Off, Off, Off, Off, Lean
582.828, 788, 1,14, 83, 4, 0, 13,8, 0,34, 2,57, 5, 28, 101, 1,69, Off, Off, On, Off, On, Off, On, Off, Off, Off, Off, Lean
582.875, 775, 1,15, 83, 5, 0, 13,8, 0,34, 2,54, 5, 28, 101, 1,64, Off, Off, On, Off, On, Off, On, Off, Off, Off, Off, Lean
582.921, 788, 1,16, 83, 5, 0, 13,8, 0,34, 2,54, 5, 28, 101, 1,67, Off, Off, On, Off, On, Off, On, Off, Off, Off, Off, Lean
582.984, 775, 1,15, 83, 6, 0, 13,8, 0,34, 2,51, 5, 28, 101, 1,62, Off, Off, On, Off, On, Off, On, Off, Off, Off, Off, Lean
583.031, 788, 1,15, 83, 19, 0, 13,8, 0,34, 2,57, 5, 28, 101, 1,69, Off, Off, On, Off, On, Off, On, Off, Off, Off, Off, Lean
583.093, 775, 1,14, 83, 49, 0, 13,8, 0,34, 2,54, 5, 28, 101, 1,64, Off, Off, On, Off, On, Off, On, Off, Off, Off, Off, Rich
583.140, 788, 1,16, 83, 49, 0, 13,8, 0,34, 2,5, 5, 28, 101, 1,64, Off, Off, On, Off, On, Off, On, Off, Off, Off, Off, Rich
583.187, 775, 1,15, 83, 68, 0, 13,8, 0,34, 2,49, 5, 28, 101, 1,61, Off, Off, On, Off, On, Off, On, Off, Off, Off, Off, Rich
583.250, 775, 1,14, 83, 75, 0, 13,8, 0,34, 2,51, 5, 28, 101, 1,62, Off, Off, On, Off, On, Off, On, Off, Off, Off, Off, Rich
583.296, 812, 1,16, 83, 79, 0, 13,8, 0,34, 2,53, 5, 28, 101, 1,71, Off, Off, On, Off, On, Off, On, Off, Off, Off, Off, Rich
583.359, 788, 1,16, 83, 79, 0, 13,8, 0,34, 2,52, 5, 28, 101, 1,65, Off, Off, On, Off, On, Off, On, Off, Off, Off, Off, Rich
583.421, 812, 1,14, 83, 80, 0, 13,8, 0,34, 2,5, 5, 28, 101, 1,69, Off, Off, On, Off, On, Off, On, Off, Off, Off, Off, Rich
583.468, 812, 1,15, 83, 81, 0, 13,8, 0,34, 2,53, 5, 28, 101, 1,71, Off, Off, On, Off, On, Off, On, Off, Off, Off, Off, Rich
583.515, 812, 1,16, 83, 81, 0, 13,8, 0,34, 2,46, 5, 28, 101, 1,66, Off, Off, On, Off, On, Off, On, Off, Off, Off, Off, Rich
583.578, 788, 1,16, 83, 82, 0, 13,8, 0,34, 2,46, 5, 28, 101, 1,62, Off, Off, On, Off, On, Off, On, Off, Off, Off, Off, Rich
583.625, 788, 1,15, 83, 82, 0, 13,8, 0,34, 2,5, 5, 28, 101, 1,64, Off, Off, On, Off, On, Off, On, Off, Off, Off, Off, Rich
583.687, 788, 1,16, 83, 82, 0, 13,8, 0,34, 2,49, 5, 28, 101, 1,64, Off, Off, On, Off, On, Off, On, Off, Off, Off, Off, Rich
583.734, 788, 1,16, 83, 82, 0, 13,7, 0,34, 2,47, 5, 28, 101, 1,62, Off, Off, On, Off, On, Off, On, Off, Off, Off, Off, Rich
583.781, 788, 1,15, 83, 82, 0, 13,8, 0,34, 2,54, 5, 28, 101, 1,67, Off, Off, On, Off, On, Off, On, Off, Off, Off, Off, Rich
583.843, 775, 1,14, 83, 82, 0, 13,8, 0,34, 2,53, 5, 28, 101, 1,63, Off, Off, On, Off, On, Off, On, Off, Off, Off, Off, Rich
583.890, 788, 1,16, 83, 82, 0, 13,5, 0,34, 2,51, 5, 28, 101, 1,65, Off, Off, On, Off, On, Off, On, Off, Off, Off, Off, Rich
583.937, 775, 1,15, 83, 82, 0, 13,8, 0,34, 2,5, 5, 28, 101, 1,61, Off, Off, On, Off, On, Off, On, Off, Off, Off, Off, Rich
584.000, 788, 1,14, 83, 81, 0, 13,8, 0,34, 2,51, 5, 28, 101, 1,65, Off, Off, On, Off, On, Off, On, Off, Off, Off, Off, Rich
584.062, 788, 1,16, 83, 81, 0, 13,7, 0,34, 2,52, 5, 28, 101, 1,65, Off, Off, On, Off, On, Off, On, Off, Off, Off, Off, Rich
584.109, 775, 1,16, 83, 81, 0, 13,8, 0,34, 2,5, 5, 28, 101, 1,61, Off, Off, On, Off, On, Off, On, Off, Off, Off, Off, Rich
584.171, 775, 1,14, 83, 81, 0, 13,8, 0,34, 2,54, 5, 28, 101, 1,64, Off, Off, On, Off, On, Off, On, Off, Off, Off, Off, Rich
584.234, 775, 1,15, 83, 82, 0, 13,8, 0,34, 2,52, 5, 28, 101, 1,63, Off, Off, On, Off, On, Off, On, Off, Off, Off, Off, Rich
584.281, 788, 1,16, 83, 82, 0, 13,8, 0,34, 2,52, 5, 28, 101, 1,65, Off, Off, On, Off, On, Off, On, Off, Off, Off, Off, Rich
584.328, 775, 1,15, 83, 82, 0, 13,8, 0,34, 2,5, 5, 28, 101, 1,61, Off, Off, On, Off, On, Off, On, Off, Off, Off, Off, Rich
584.390, 775, 1,14, 83, 82, 0, 13,8, 0,34, 2,53, 5, 28, 101, 1,63, Off, Off, On, Off, On, Off, On, Off, Off, Off, Off, Rich
584.453, 775, 1,14, 83, 81, 0, 13,8, 0,34, 2,52, 5, 28, 101, 1,63, Off, Off, On, Off, On, Off, On, Off, Off, Off, Off, Rich
584.500, 788, 1,16, 83, 82, 0, 13,8, 0,34, 2,51, 5, 28, 101, 1,65, Off, Off, On, Off, On, Off, On, Off, Off, Off, Off, Rich
584.546, 775, 1,15, 83, 82, 0, 13,8, 0,34, 2,46, 5, 28, 101, 1,59, Off, Off, On, Off, On, Off, On, Off, Off, Off, Off, Rich
584.609, 775, 1,14, 83, 81, 0, 13,8, 0,34, 2,52, 5, 28, 101, 1,63, Off, Off, On, Off, On, Off, On, Off, Off, Off, Off, Rich
584.656, 775, 1,16, 83, 82, 0, 13,8, 0,34, 2,52, 5, 28, 101, 1,63, Off, Off, On, Off, On, Off, On, Off, Off, Off, Off, Rich
584.703, 775, 1,15, 83, 82, 0, 13,8, 0,34, 2,51, 5, 28, 101, 1,62, Off, Off, On, Off, On, Off, On, Off, Off, Off, Off, Rich
584.765, 775, 1,14, 83, 82, 0, 13,8, 0,34, 2,49, 5, 28, 101, 1,61, Off, Off, On, Off, On, Off, On, Off, Off, Off, Off, Rich
584.812, 788, 1,16, 83, 82, 0, 13,8, 0,34, 2,51, 5, 28, 101, 1,65, Off, Off, On, Off, On, Off, On, Off, Off, Off, Off, Rich
584.859, 775, 1,16, 83, 82, 0, 13,8, 0,34, 2,5, 5, 28, 101, 1,61, Off, Off, On, Off, On, Off, On, Off, Off, Off, Off, Rich
584.921, 775, 1,14, 83, 80, 0, 13,8, 0,34, 2,52, 5, 28, 101, 1,63, Off, Off, On, Off, On, Off, On, Off, Off, Off, Off, Rich
584.984, 775, 1,14, 83, 81, 0, 13,8, 0,34, 2,51, 5, 28, 101, 1,62, Off, Off, On, Off, On, Off, On, Off, Off, Off, Off, Rich
585.031, 812, 1,16, 83, 81, 0, 13,6, 0,34, 2,51, 5, 28, 101, 1,7, Off, Off, On, Off, On, Off, On, Off, Off, Off, Off, Rich
585.078, 775, 1,15, 83, 80, 0, 13,8, 0,34, 2,44, 5, 28, 101, 1,58, Off, Off, On, Off, On, Off, On, Off, Off, Off, Off, Rich
585.140, 775, 1,15, 83, 81, 0, 13,8, 0,34, 2,52, 5, 28, 101, 1,63, Off, Off, On, Off, On, Off, On, Off, Off, Off, Off, Rich
585.187, 775, 1,16, 83, 80, 0, 13,7, 0,34, 2,52, 5, 28, 101, 1,63, Off, Off, On, Off, On, Off, On, Off, Off, Off, Off, Rich
585.234, 788, 1,15, 83, 80, 0, 13,8, 0,34, 2,48, 5, 28, 101, 1,63, Off, Off, On, Off, On, Off, On, Off, Off, Off, Off, Rich
585.296, 788, 1,14, 83, 80, 0, 13,8, 0,34, 2,48, 5, 28, 101, 1,63, Off, Off, On, Off, On, Off, On, Off, Off, Off, Off, Rich
585.359, 812, 1,15, 83, 79, 0, 13,7, 0,34, 2,51, 5, 28, 101, 1,7, Off, Off, On, Off, On, Off, On, Off, Off, Off, Off, Rich
585.406, 788, 1,16, 83, 80, 0, 13,8, 0,34, 2,46, 5, 28, 101, 1,62, Off, Off, On, Off, On, Off, On, Off, Off, Off, Off, Rich
585.468, 775, 1,15, 83, 80, 0, 13,8, 0,34, 2,46, 5, 28, 101, 1,59, Off, Off, On, Off, On, Off, On, Off, Off, Off, Off, Rich
585.531, 788, 1,16, 83, 79, 0, 13,8, 0,34, 2,51, 5, 28, 101, 1,65, Off, Off, On, Off, On, Off, On, Off, Off, Off, Off, Rich
585.578, 788, 1,16, 83, 79, 0, 13,7, 0,34, 2,52, 5, 28, 101, 1,65, Off, Off, On, Off, On, Off, On, Off, Off, Off, Off, Rich
585.625, 775, 1,16, 83, 79, 0, 13,8, 0,34, 2,5, 5, 28, 101, 1,61, Off, Off, On, Off, On, Off, On, Off, Off, Off, Off, Rich
585.687, 775, 1,15, 83, 77, 0, 13,8, 0,34, 2,5, 5, 28, 101, 1,61, Off, Off, On, Off, On, Off, On, Off, Off, Off, Off, Rich
585.734, 788, 1,16, 83, 77, 0, 13,7, 0,34, 2,51, 5, 28, 101, 1,65, Off, Off, On, Off, On, Off, On, Off, Off, Off, Off, Rich
585.781, 775, 1,16, 83, 76, 0, 13,8, 0,34, 2,5, 5, 28, 101, 1,61, Off, Off, On, Off, On, Off, On, Off, Off, Off, Off, Rich
585.843, 775, 1,15, 83, 76, 0, 13,8, 0,34, 2,47, 5, 28, 101, 1,6, Off, Off, On, Off, On, Off, On, Off, Off, Off, Off, Rich
585.890, 775, 1,14, 83, 76, 0, 13,8, 0,34, 2,51, 5, 28, 101, 1,62, Off, Off, On, Off, On, Off, On, Off, Off, Off, Off, Rich
585.937, 775, 1,16, 83, 75, 0, 13,8, 0,34, 2,48, 5, 28, 101, 1,6, Off, Off, On, Off, On, Off, On, Off, Off, Off, Off, Rich
586.000, 775, 1,14, 83, 75, 0, 13,8, 0,34, 2,45, 5, 28, 101, 1,58, Off, Off, On, Off, On, Off, On, Off, Off, Off, Off, Rich
586.046, 788, 1,14, 83, 76, 0, 13,8, 0,34, 2,51, 5, 28, 101, 1,65, Off, Off, On, Off, On, Off, On, Off, Off, Off, Off, Rich
586.093, 775, 1,16, 83, 75, 0, 13,8, 0,34, 2,45, 5, 28, 101, 1,58, Off, Off, On, Off, On, Off, On, Off, Off, Off, Off, Rich
586.171, 775, 1,14, 83, 75, 0, 13,8, 0,34, 2,45, 5, 28, 101, 1,58, Off, Off, On, Off, On, Off, On, Off, Off, Off, Off, Rich
586.218, 775, 1,14, 83, 77, 0, 13,8, 0,34, 2,49, 5, 28, 101, 1,61, Off, Off, On, Off, On, Off, On, Off, Off, Off, Off, Rich
586.265, 762, 1,16, 83, 75, 0, 13,8, 0,34, 2,49, 5, 28, 101, 1,58, Off, Off, On, Off, On, Off, On, Off, Off, Off, Off, Rich
586.312, 775, 1,14, 83, 75, 0, 13,8, 0,34, 2,45, 5, 28, 101, 1,58, Off, Off, On, Off, On, Off, On, Off, Off, Off, Off, Rich
586.359, 775, 1,14, 83, 77, 0, 13,8, 0,34, 2,49, 5, 28, 101, 1,61, Off, Off, On, Off, On, Off, On, Off, Off, Off, Off, Rich
586.406, 762, 1,16, 83, 75, 0, 13,8, 0,34, 2,49, 5, 28, 101, 1,58, Off, Off, On, Off, On, Off, On, Off, Off, Off, Off, Rich
586.468, 762, 1,15, 83, 75, 0, 13,8, 0,34, 2,47, 5, 28, 101, 1,57, Off, Off, On, Off, On, Off, On, Off, Off, Off, Off, Rich
586.515, 775, 1,14, 83, 75, 0, 13,8, 0,34, 2,5, 5, 28, 101, 1,61, Off, Off, On, Off, On, Off, On, Off, Off, Off, Off, Rich
586.578, 762, 1,16, 83, 73, 0, 13,8, 0,34, 2,47, 5, 28, 101, 1,57, Off, Off, On, Off, On, Off, On, Off, Off, Off, Off, Rich
586.625, 775, 1,16, 83, 74, 0, 13,8, 0,34, 2,48, 5, 28, 101, 1,6, Off, Off, On, Off, On, Off, On, Off, Off, Off, Off, Rich
586.671, 762, 1,14, 83, 74, 0, 13,8, 0,34, 2,5, 5, 28, 101, 1,59, Off, Off, On, Off, On, Off, On, Off, Off, Off, Off, Rich
586.734, 762, 1,14, 83, 72, 0, 13,8, 0,34, 2,51, 5, 28, 101, 1,59, Off, Off, On, Off, On, Off, On, Off, Off, Off, Off, Rich
586.781, 775, 1,16, 83, 71, 0, 13,8, 0,34, 2,49, 5, 28, 101, 1,61, Off, Off, On, Off, On, Off, On, Off, Off, Off, Off, Rich
586.859, 762, 1,15, 83, 71, 0, 13,8, 0,34, 2,47, 5, 28, 101, 1,57, Off, Off, On, Off, On, Off, On, Off, Off, Off, Off, Rich
586.906, 762, 1,14, 83, 70, 0, 13,8, 0,34, 2,49, 5, 28, 101, 1,58, Off, Off, On, Off, On, Off, On, Off, Off, Off, Off, Rich
586.953, 775, 1,16, 83, 69, 0, 13,8, 0,34, 2,5, 5, 28, 101, 1,61, Off, Off, On, Off, On, Off, On, Off, Off, Off, Off, Rich
587.015, 762, 1,15, 83, 69, 0, 13,8, 0,34, 2,47, 5, 28, 101, 1,57, Off, Off, On, Off, On, Off, On, Off, Off, Off, Off, Rich
587.062, 762, 1,14, 83, 68, 0, 13,8, 0,34, 2,49, 5, 28, 101, 1,58, Off, Off, On, Off, On, Off, On, Off, Off, Off, Off, Rich
587.125, 775, 1,15, 83, 66, 0, 13,8, 0,34, 2,49, 5, 28, 101, 1,61, Off, Off, On, Off, On, Off, On, Off, Off, Off, Off, Rich
587.171, 775, 1,16, 83, 66, 0, 13,8, 0,34, 2,47, 5, 28, 101, 1,6, Off, Off, On, Off, On, Off, On, Off, Off, Off, Off, Rich
587.218, 775, 1,14, 83, 61, 0, 13,8, 0,34, 2,46, 5, 28, 101, 1,59, Off, Off, On, Off, On, Off, On, Off, Off, Off, Off, Rich
587.281, 775, 1,15, 83, 53, 0, 13,8, 0,34, 2,51, 5, 28, 101, 1,62, Off, Off, On, Off, On, Off, On, Off, Off, Off, Off, Rich
587.328, 775, 1,16, 83, 41, 0, 13,8, 0,34, 2,5, 5, 28, 101, 1,61, Off, Off, On, Off, On, Off, On, Off, Off, Off, Off, Rich
587.375, 775, 1,14, 83, 41, 0, 13,8, 0,34, 2,53, 5, 28, 100, 1,63, Off, Off, On, Off, On, Off, On, Off, Off, Off, Off, Lean
587.437, 775, 1,15, 83, 32, 0, 13,8, 0,34, 2,55, 5, 28, 100, 1,65, Off, Off, On, Off, On, Off, On, Off, Off, Off, Off, Lean
587.484, 762, 1,16, 83, 23, 0, 13,8, 0,34, 2,58, 5, 28, 100, 1,64, Off, Off, On, Off, On, Off, On, Off, Off, Off, Off, Lean
587.531, 775, 1,14, 83, 23, 0, 13,8, 0,34, 2,52, 5, 28, 100, 1,63, Off, Off, On, Off, On, Off, On, Off, Off, Off, Off, Lean
587.593, 788, 1,15, 83, 16, 0, 13,8, 0,34, 2,55, 5, 28, 100, 1,67, Off, Off, On, Off, On, Off, On, Off, Off, Off, Off, Lean
587.640, 762, 1,16, 83, 10, 0, 13,8, 0,34, 2,56, 5, 28, 100, 1,63, Off, Off, On, Off, On, Off, On, Off, Off, Off, Off, Lean
587.703, 788, 1,14, 83, 10, 0, 13,8, 0,34, 2,51, 5, 28, 100, 1,65, Off, Off, On, Off, On, Off, On, Off, Off, Off, Off, Lean
587.750, 788, 1,14, 83, 6, 0, 13,7, 0,34, 2,56, 5, 28, 100, 1,68, Off, Off, On, Off, On, Off, On, Off, Off, Off, Off, Lean
587.796, 775, 1,16, 83, 4, 0, 13,8, 0,34, 2,57, 5, 28, 100, 1,66, Off, Off, On, Off, On, Off, On, Off, Off, Off, Off, Lean
587.859, 762, 1,15, 83, 4, 0, 13,8, 0,34, 2,5, 5, 28, 100, 1,59, Off, Off, On, Off, On, Off, On, Off, Off, Off, Off, Lean
587.921, 775, 1,15, 83, 4, 0, 13,8, 0,34, 2,51, 5, 28, 100, 1,62, Off, Off, On, Off, On, Off, On, Off, Off, Off, Off, Lean
587.968, 788, 1,15, 83, 5, 0, 13,6, 0,34, 2,55, 5, 28, 100, 1,67, Off, Off, On, Off, On, Off, On, Off, Off, Off, Off, Lean
588.015, 775, 1,16, 83, 5, 0, 13,8, 0,34, 2,53, 5, 28, 100, 1,63, Off, Off, On, Off, On, Off, On, Off, Off, Off, Off, Lean
588.078, 788, 1,15, 83, 5, 0, 13,8, 0,34, 2,51, 5, 28, 100, 1,65, Off, Off, On, Off, On, Off, On, Off, Off, Off, Off, Lean
588.125, 788, 1,14, 83, 10, 0, 13,8, 0,34, 2,49, 5, 28, 100, 1,64, Off, Off, On, Off, On, Off, On, Off, Off, Off, Off, Lean
588.187, 775, 1,16, 83, 39, 0, 13,8, 0,34, 2,5, 5, 28, 100, 1,61, Off, Off, On, Off, On, Off, On, Off, Off, Off, Off, Lean
588.250, 788, 1,16, 83, 58, 0, 13,8, 0,34, 2,53, 5, 28, 100, 1,66, Off, Off, On, Off, On, Off, On, Off, Off, Off, Off, Lean
588.312, 812, 1,14, 83, 58, 0, 13,7, 0,34, 2,55, 5, 28, 98, 1,73, Off, Off, On, Off, On, Off, On, Off, Off, Off, Off, Rich
588.359, 788, 1,14, 83, 69, 0, 13,8, 0,34, 2,49, 5, 28, 98, 1,64, Off, Off, On, Off, On, Off, On, Off, Off, Off, Off, Rich
588.406, 788, 1,16, 83, 73, 0, 13,8, 0,34, 2,47, 5, 28, 98, 1,62, Off, Off, On, Off, On, Off, On, Off, Off, Off, Off, Rich
588.468, 775, 1,15, 83, 73, 0, 13,8, 0,34, 2,45, 5, 28, 98, 1,58, Off, Off, On, Off, On, Off, On, Off, Off, Off, Off, Rich
588.531, 788, 1,15, 83, 76, 0, 13,6, 0,34, 2,51, 5, 28, 98, 1,65, Off, Off, On, Off, On, Off, On, Off, Off, Off, Off, Rich
588.578, 788, 1,14, 83, 77, 0, 13,8, 0,34, 2,46, 5, 28, 98, 1,62, Off, Off, On, Off, On, Off, On, Off, Off, Off, Off, Rich
588.625, 775, 1,16, 83, 78, 0, 13,8, 0,34, 2,46, 5, 28, 98, 1,59, Off, Off, On, Off, On, Off, On, Off, Off, Off, Off, Rich
588.687, 788, 1,14, 83, 78, 0, 13,7, 0,34, 2,48, 5, 28, 98, 1,63, Off, Off, On, Off, On, Off, On, Off, Off, Off, Off, Rich
588.734, 788, 1,14, 83, 77, 0, 13,6, 0,34, 2,5, 5, 28, 98, 1,64, Off, Off, On, Off, On, Off, On, Off, Off, Off, Off, Rich
588.781, 775, 1,16, 83, 77, 0, 13,8, 0,34, 2,5, 5, 28, 98, 1,61, Off, Off, On, Off, On, Off, On, Off, Off, Off, Off, Rich
588.843, 788, 1,15, 83, 77, 0, 13,8, 0,34, 2,48, 5, 28, 98, 1,63, Off, Off, On, Off, On, Off, On, Off, Off, Off, Off, Rich
588.890, 788, 1,14, 83, 75, 0, 13,7, 0,34, 2,49, 5, 28, 98, 1,64, Off, Off, On, Off, On, Off, On, Off, Off, Off, Off, Rich
588.953, 775, 1,16, 83, 75, 0, 13,8, 0,34, 2,5, 5, 28, 98, 1,61, Off, Off, On, Off, On, Off, On, Off, Off, Off, Off, Rich
589.015, 762, 1,16, 83, 74, 0, 13,8, 0,34, 2,5, 5, 28, 98, 1,59, Off, Off, On, Off, On, Off, On, Off, Off, Off, Off, Rich
